Archive member included to satisfy reference by file (symbol)

/usr/lib/gcc/arm-none-eabi/4.9.3/../../../arm-none-eabi/lib/armv7-m/libc_nano.a(lib_a-atoi.o)
                              obj/main/NAZE/io/serial_cli.o (symbol from plugin) (atoi)
/usr/lib/gcc/arm-none-eabi/4.9.3/../../../arm-none-eabi/lib/armv7-m/libc_nano.a(lib_a-ctype_.o)
                              obj/main/NAZE/flight/gps_conversion.o (symbol from plugin) (__ctype_ptr__)
/usr/lib/gcc/arm-none-eabi/4.9.3/../../../arm-none-eabi/lib/armv7-m/libc_nano.a(lib_a-strtok.o)
                              obj/main/NAZE/io/serial_cli.o (symbol from plugin) (strtok)
/usr/lib/gcc/arm-none-eabi/4.9.3/../../../arm-none-eabi/lib/armv7-m/libc_nano.a(lib_a-strtok_r.o)
                              /usr/lib/gcc/arm-none-eabi/4.9.3/../../../arm-none-eabi/lib/armv7-m/libc_nano.a(lib_a-strtok.o) (__strtok_r)
/usr/lib/gcc/arm-none-eabi/4.9.3/../../../arm-none-eabi/lib/armv7-m/libc_nano.a(lib_a-strtol.o)
                              /usr/lib/gcc/arm-none-eabi/4.9.3/../../../arm-none-eabi/lib/armv7-m/libc_nano.a(lib_a-atoi.o) (_strtol_r)
/usr/lib/gcc/arm-none-eabi/4.9.3/../../../arm-none-eabi/lib/armv7-m/libc_nano.a(lib_a-impure.o)
                              /usr/lib/gcc/arm-none-eabi/4.9.3/../../../arm-none-eabi/lib/armv7-m/libc_nano.a(lib_a-strtok.o) (_impure_ptr)
/usr/lib/gcc/arm-none-eabi/4.9.3/../../../arm-none-eabi/lib/armv7-m/libc_nano.a(lib_a-malloc.o)
                              /usr/lib/gcc/arm-none-eabi/4.9.3/../../../arm-none-eabi/lib/armv7-m/libc_nano.a(lib_a-strtok.o) (malloc)
/usr/lib/gcc/arm-none-eabi/4.9.3/../../../arm-none-eabi/lib/armv7-m/libc_nano.a(lib_a-nano-freer.o)
                              /usr/lib/gcc/arm-none-eabi/4.9.3/../../../arm-none-eabi/lib/armv7-m/libc_nano.a(lib_a-malloc.o) (_free_r)
/usr/lib/gcc/arm-none-eabi/4.9.3/../../../arm-none-eabi/lib/armv7-m/libc_nano.a(lib_a-nano-mallocr.o)
                              /usr/lib/gcc/arm-none-eabi/4.9.3/../../../arm-none-eabi/lib/armv7-m/libc_nano.a(lib_a-malloc.o) (_malloc_r)
/usr/lib/gcc/arm-none-eabi/4.9.3/../../../arm-none-eabi/lib/armv7-m/libc_nano.a(lib_a-sbrkr.o)
                              /usr/lib/gcc/arm-none-eabi/4.9.3/../../../arm-none-eabi/lib/armv7-m/libc_nano.a(lib_a-nano-mallocr.o) (_sbrk_r)
/usr/lib/gcc/arm-none-eabi/4.9.3/../../../arm-none-eabi/lib/armv7-m/libc_nano.a(lib_a-reent.o)
                              /usr/lib/gcc/arm-none-eabi/4.9.3/../../../arm-none-eabi/lib/armv7-m/libc_nano.a(lib_a-sbrkr.o) (errno)
/usr/lib/gcc/arm-none-eabi/4.9.3/../../../arm-none-eabi/lib/armv7-m/libnosys.a(sbrk.o)
                              /usr/lib/gcc/arm-none-eabi/4.9.3/../../../arm-none-eabi/lib/armv7-m/libc_nano.a(lib_a-sbrkr.o) (_sbrk)
/usr/lib/gcc/arm-none-eabi/4.9.3/../../../arm-none-eabi/lib/armv7-m/libm.a(lib_a-sf_lrint.o)
                              /tmp/ccmT1CRD.ltrans1.ltrans.o (lrintf)
/usr/lib/gcc/arm-none-eabi/4.9.3/../../../arm-none-eabi/lib/armv7-m/libm.a(lib_a-wf_pow.o)
                              /tmp/ccmT1CRD.ltrans21.ltrans.o (powf)
/usr/lib/gcc/arm-none-eabi/4.9.3/../../../arm-none-eabi/lib/armv7-m/libm.a(lib_a-wf_sqrt.o)
                              /tmp/ccmT1CRD.ltrans1.ltrans.o (sqrtf)
/usr/lib/gcc/arm-none-eabi/4.9.3/../../../arm-none-eabi/lib/armv7-m/libm.a(lib_a-ef_pow.o)
                              /usr/lib/gcc/arm-none-eabi/4.9.3/../../../arm-none-eabi/lib/armv7-m/libm.a(lib_a-wf_pow.o) (__ieee754_powf)
/usr/lib/gcc/arm-none-eabi/4.9.3/../../../arm-none-eabi/lib/armv7-m/libm.a(lib_a-ef_sqrt.o)
                              /usr/lib/gcc/arm-none-eabi/4.9.3/../../../arm-none-eabi/lib/armv7-m/libm.a(lib_a-wf_sqrt.o) (__ieee754_sqrtf)
/usr/lib/gcc/arm-none-eabi/4.9.3/../../../arm-none-eabi/lib/armv7-m/libm.a(lib_a-s_lib_ver.o)
                              /usr/lib/gcc/arm-none-eabi/4.9.3/../../../arm-none-eabi/lib/armv7-m/libm.a(lib_a-wf_pow.o) (__fdlib_version)
/usr/lib/gcc/arm-none-eabi/4.9.3/../../../arm-none-eabi/lib/armv7-m/libm.a(lib_a-s_matherr.o)
                              /usr/lib/gcc/arm-none-eabi/4.9.3/../../../arm-none-eabi/lib/armv7-m/libm.a(lib_a-wf_pow.o) (matherr)
/usr/lib/gcc/arm-none-eabi/4.9.3/../../../arm-none-eabi/lib/armv7-m/libm.a(lib_a-s_rint.o)
                              /usr/lib/gcc/arm-none-eabi/4.9.3/../../../arm-none-eabi/lib/armv7-m/libm.a(lib_a-wf_pow.o) (rint)
/usr/lib/gcc/arm-none-eabi/4.9.3/../../../arm-none-eabi/lib/armv7-m/libm.a(lib_a-sf_fabs.o)
                              /usr/lib/gcc/arm-none-eabi/4.9.3/../../../arm-none-eabi/lib/armv7-m/libm.a(lib_a-ef_pow.o) (fabsf)
/usr/lib/gcc/arm-none-eabi/4.9.3/../../../arm-none-eabi/lib/armv7-m/libm.a(lib_a-sf_finite.o)
                              /usr/lib/gcc/arm-none-eabi/4.9.3/../../../arm-none-eabi/lib/armv7-m/libm.a(lib_a-wf_pow.o) (finitef)
/usr/lib/gcc/arm-none-eabi/4.9.3/../../../arm-none-eabi/lib/armv7-m/libm.a(lib_a-sf_fpclassify.o)
[...]
Memory Configuration

Name             Origin             Length             Attributes
FLASH            0x08000000         0x0001f000         xr
RAM              0x20000000         0x00005000         xrw
MEMORY_B1        0x60000000         0x00000000         xr
*default*        0x00000000         0xffffffff

Linker script and memory map

LOAD obj/main/NAZE/startup_stm32f10x_md_gcc.o
LOAD obj/main/NAZE/drivers/accgyro_adxl345.o
LOAD /tmp/ccmT1CRD.ltrans0.ltrans.o
LOAD /tmp/ccmT1CRD.ltrans1.ltrans.o
LOAD /tmp/ccmT1CRD.ltrans2.ltrans.o
LOAD /tmp/ccmT1CRD.ltrans3.ltrans.o
LOAD /tmp/ccmT1CRD.ltrans4.ltrans.o
LOAD /tmp/ccmT1CRD.ltrans5.ltrans.o
LOAD /tmp/ccmT1CRD.ltrans6.ltrans.o
LOAD /tmp/ccmT1CRD.ltrans7.ltrans.o
LOAD /tmp/ccmT1CRD.ltrans8.ltrans.o
LOAD /tmp/ccmT1CRD.ltrans9.ltrans.o
LOAD /tmp/ccmT1CRD.ltrans10.ltrans.o
LOAD /tmp/ccmT1CRD.ltrans11.ltrans.o
LOAD /tmp/ccmT1CRD.ltrans12.ltrans.o
LOAD /tmp/ccmT1CRD.ltrans13.ltrans.o
LOAD /tmp/ccmT1CRD.ltrans14.ltrans.o
LOAD /tmp/ccmT1CRD.ltrans15.ltrans.o
LOAD /tmp/ccmT1CRD.ltrans16.ltrans.o
LOAD /tmp/ccmT1CRD.ltrans17.ltrans.o
LOAD /tmp/ccmT1CRD.ltrans18.ltrans.o
LOAD /tmp/ccmT1CRD.ltrans19.ltrans.o
LOAD /tmp/ccmT1CRD.ltrans20.ltrans.o
LOAD /tmp/ccmT1CRD.ltrans21.ltrans.o
LOAD /tmp/ccmT1CRD.ltrans22.ltrans.o
LOAD /tmp/ccmT1CRD.ltrans23.ltrans.o
LOAD /tmp/ccmT1CRD.ltrans24.ltrans.o
LOAD /tmp/ccmT1CRD.ltrans25.ltrans.o
LOAD /tmp/ccmT1CRD.ltrans26.ltrans.o
LOAD /tmp/ccmT1CRD.ltrans27.ltrans.o
LOAD /tmp/ccmT1CRD.ltrans28.ltrans.o
LOAD /tmp/ccmT1CRD.ltrans29.ltrans.o
LOAD /tmp/ccmT1CRD.ltrans30.ltrans.o
LOAD /tmp/ccmT1CRD.ltrans31.ltrans.o
LOAD obj/main/NAZE/drivers/accgyro_bma280.o
LOAD obj/main/NAZE/drivers/accgyro_mma845x.o
LOAD obj/main/NAZE/drivers/accgyro_mpu.o
LOAD obj/main/NAZE/drivers/accgyro_mpu3050.o
LOAD obj/main/NAZE/drivers/accgyro_mpu6050.o
LOAD obj/main/NAZE/drivers/accgyro_mpu6500.o
LOAD obj/main/NAZE/drivers/accgyro_spi_mpu6500.o
LOAD obj/main/NAZE/drivers/adc.o
LOAD obj/main/NAZE/drivers/adc_stm32f10x.o
LOAD obj/main/NAZE/drivers/barometer_bmp085.o
LOAD obj/main/NAZE/drivers/barometer_ms5611.o
LOAD obj/main/NAZE/drivers/barometer_bmp280.o
LOAD obj/main/NAZE/drivers/bus_spi.o
LOAD obj/main/NAZE/drivers/bus_i2c_stm32f10x.o
LOAD obj/main/NAZE/drivers/compass_hmc5883l.o
LOAD obj/main/NAZE/drivers/display_ug2864hsweg01.o
LOAD obj/main/NAZE/drivers/flash_m25p16.o
LOAD obj/main/NAZE/drivers/gpio_stm32f10x.o
LOAD obj/main/NAZE/drivers/inverter.o
LOAD obj/main/NAZE/drivers/light_led_stm32f10x.o
LOAD obj/main/NAZE/drivers/light_ws2811strip.o
LOAD obj/main/NAZE/drivers/light_ws2811strip_stm32f10x.o
LOAD obj/main/NAZE/drivers/sonar_hcsr04.o
LOAD obj/main/NAZE/drivers/pwm_mapping.o
LOAD obj/main/NAZE/drivers/pwm_output.o
LOAD obj/main/NAZE/drivers/pwm_rx.o
LOAD obj/main/NAZE/drivers/serial_softserial.o
LOAD obj/main/NAZE/drivers/serial_uart.o
LOAD obj/main/NAZE/drivers/serial_uart_stm32f10x.o
LOAD obj/main/NAZE/drivers/sound_beeper_stm32f10x.o
LOAD obj/main/NAZE/drivers/system_stm32f10x.o
LOAD obj/main/NAZE/drivers/timer.o
LOAD obj/main/NAZE/drivers/timer_stm32f10x.o
LOAD obj/main/NAZE/io/flashfs.o
LOAD obj/main/NAZE/hardware_revision.o
LOAD obj/main/NAZE/flight/gtune.o
LOAD obj/main/NAZE/flight/navigation.o
LOAD obj/main/NAZE/flight/gps_conversion.o
LOAD obj/main/NAZE/common/colorconversion.o
LOAD obj/main/NAZE/io/gps.o
LOAD obj/main/NAZE/io/ledstrip.o
LOAD obj/main/NAZE/io/display.o
LOAD obj/main/NAZE/telemetry/telemetry.o
LOAD obj/main/NAZE/telemetry/frsky.o
LOAD obj/main/NAZE/telemetry/hott.o
LOAD obj/main/NAZE/telemetry/smartport.o
LOAD obj/main/NAZE/telemetry/ltm.o
LOAD obj/main/NAZE/sensors/sonar.o
LOAD obj/main/NAZE/sensors/barometer.o
LOAD obj/main/NAZE/blackbox/blackbox.o
LOAD obj/main/NAZE/blackbox/blackbox_io.o
LOAD obj/main/NAZE/pif/source/core/pif.o
LOAD obj/main/NAZE/pif/source/communication/pif_i2c.o
LOAD obj/main/NAZE/pif/source/core/pif_obj_array.o
LOAD obj/main/NAZE/pif/source/core/pif_log.o
LOAD obj/main/NAZE/pif/source/core/pif_ring_buffer.o
LOAD obj/main/NAZE/pif/source/core/pif_task.o
LOAD obj/main/NAZE/pif/source/core/pif_timer.o
LOAD obj/main/NAZE/pif/source/sensor/pif_hc_sr04.o
LOAD obj/main/NAZE/pif/source/sensor/pif_imu_sensor.o
LOAD obj/main/NAZE/pif/source/sensor/pif_mpu6500.o
LOAD obj/main/NAZE/pif/source/sensor/pif_bmp280.o
LOAD obj/main/NAZE/build_config.o
LOAD obj/main/NAZE/debug.o
LOAD obj/main/NAZE/version.o
LOAD obj/main/NAZE/config/config.o
LOAD obj/main/NAZE/config/runtime_config.o
LOAD obj/main/NAZE/common/maths.o
LOAD obj/main/NAZE/common/printf.o
LOAD obj/main/NAZE/common/typeconversion.o
LOAD obj/main/NAZE/common/encoding.o
LOAD obj/main/NAZE/common/filter.o
LOAD obj/main/NAZE/scheduler.o
LOAD obj/main/NAZE/scheduler_tasks.o
LOAD obj/main/NAZE/main.o
LOAD obj/main/NAZE/mw.o
LOAD obj/main/NAZE/flight/altitudehold.o
LOAD obj/main/NAZE/flight/failsafe.o
LOAD obj/main/NAZE/flight/pid.o
LOAD obj/main/NAZE/flight/imu.o
LOAD obj/main/NAZE/flight/mixer.o
LOAD obj/main/NAZE/drivers/bus_i2c.o
LOAD obj/main/NAZE/drivers/bus_i2c_soft.o
LOAD obj/main/NAZE/drivers/sensor.o
LOAD obj/main/NAZE/drivers/serial.o
LOAD obj/main/NAZE/drivers/sound_beeper.o
LOAD obj/main/NAZE/drivers/system.o
LOAD obj/main/NAZE/drivers/dma.o
LOAD obj/main/NAZE/drivers/buf_writer.o
LOAD obj/main/NAZE/drivers/gyro_sync.o
LOAD obj/main/NAZE/io/beeper.o
LOAD obj/main/NAZE/io/rc_controls.o
LOAD obj/main/NAZE/io/rc_curves.o
LOAD obj/main/NAZE/io/serial.o
LOAD obj/main/NAZE/io/serial_1wire.o
LOAD obj/main/NAZE/io/serial_cli.o
LOAD obj/main/NAZE/io/serial_msp.o
LOAD obj/main/NAZE/io/statusindicator.o
LOAD obj/main/NAZE/rx/rx.o
LOAD obj/main/NAZE/rx/pwm.o
LOAD obj/main/NAZE/rx/msp.o
LOAD obj/main/NAZE/rx/sbus.o
LOAD obj/main/NAZE/rx/sumd.o
LOAD obj/main/NAZE/rx/sumh.o
LOAD obj/main/NAZE/rx/spektrum.o
LOAD obj/main/NAZE/rx/xbus.o
LOAD obj/main/NAZE/rx/ibus.o
LOAD obj/main/NAZE/sensors/acceleration.o
LOAD obj/main/NAZE/sensors/battery.o
LOAD obj/main/NAZE/sensors/boardalignment.o
LOAD obj/main/NAZE/sensors/compass.o
LOAD obj/main/NAZE/sensors/gyro.o
LOAD obj/main/NAZE/sensors/initialisation.o
LOAD obj/main/NAZE/sensors/sensors.o
LOAD obj/main/NAZE/core_cm3.o
LOAD obj/main/NAZE/system_stm32f10x.o
LOAD obj/main/NAZE/stm32f10x_dma.o
LOAD obj/main/NAZE/stm32f10x_dbgmcu.o
LOAD obj/main/NAZE/stm32f10x_dac.o
LOAD obj/main/NAZE/stm32f10x_rtc.o
LOAD obj/main/NAZE/stm32f10x_pwr.o
LOAD obj/main/NAZE/stm32f10x_i2c.o
LOAD obj/main/NAZE/stm32f10x_sdio.o
LOAD obj/main/NAZE/stm32f10x_rcc.o
LOAD obj/main/NAZE/stm32f10x_flash.o
LOAD obj/main/NAZE/stm32f10x_usart.o
LOAD obj/main/NAZE/stm32f10x_tim.o
LOAD obj/main/NAZE/stm32f10x_wwdg.o
LOAD obj/main/NAZE/misc.o
LOAD obj/main/NAZE/stm32f10x_iwdg.o
LOAD obj/main/NAZE/stm32f10x_adc.o
LOAD obj/main/NAZE/stm32f10x_spi.o
LOAD obj/main/NAZE/stm32f10x_bkp.o
LOAD obj/main/NAZE/stm32f10x_exti.o
LOAD obj/main/NAZE/stm32f10x_fsmc.o
LOAD obj/main/NAZE/stm32f10x_gpio.o
LOAD /usr/lib/gcc/arm-none-eabi/4.9.3/../../../arm-none-eabi/lib/armv7-m/libm.a
LOAD /usr/lib/gcc/arm-none-eabi/4.9.3/../../../arm-none-eabi/lib/armv7-m/libc_nano.a
LOAD /usr/lib/gcc/arm-none-eabi/4.9.3/../../../arm-none-eabi/lib/armv7-m/libnosys.a
START GROUP
LOAD /usr/lib/gcc/arm-none-eabi/4.9.3/armv7-m/libgcc.a
LOAD /usr/lib/gcc/arm-none-eabi/4.9.3/../../../arm-none-eabi/lib/armv7-m/libg_nano.a
LOAD /usr/lib/gcc/arm-none-eabi/4.9.3/../../../arm-none-eabi/lib/armv7-m/libc_nano.a
END GROUP
START GROUP
LOAD /usr/lib/gcc/arm-none-eabi/4.9.3/armv7-m/libgcc.a
LOAD /usr/lib/gcc/arm-none-eabi/4.9.3/../../../arm-none-eabi/lib/armv7-m/libc_nano.a
END GROUP
                0x20005000                _estack = (ORIGIN (RAM) + LENGTH (RAM))
                0x00000000                _Min_Heap_Size = 0x0
                0x00000400                _Min_Stack_Size = 0x400

.isr_vector     0x08000000      0x10c
                0x08000000                . = ALIGN (0x4)
                [!provide]                PROVIDE (isr_vector_table_base, .)
 *(.isr_vector)
 .isr_vector    0x08000000      0x10c obj/main/NAZE/startup_stm32f10x_md_gcc.o
                0x08000000                g_pfnVectors
                0x0800010c                . = ALIGN (0x4)

.text           0x08000110    0x1e0e8
                0x08000110                . = ALIGN (0x4)
 *(.text)
 .text          0x08000110     0x238c /tmp/ccmT1CRD.ltrans0.ltrans.o
                0x08000110                init
 .text          0x0800249c     0x226c /tmp/ccmT1CRD.ltrans1.ltrans.o
                0x0800249c                taskMainPidLoopChecker
 .text          0x08004708     0x1fcc /tmp/ccmT1CRD.ltrans2.ltrans.o
                0x08004708                taskHandleSerial
 .text          0x080066d4     0x1698 /tmp/ccmT1CRD.ltrans3.ltrans.o
                0x080066d4                taskUpdateRxMain
 .text          0x08007d6c      0xccc /tmp/ccmT1CRD.ltrans4.ltrans.o
                0x08007d6c                taskTelemetry
 .text          0x08008a38      0xaec /tmp/ccmT1CRD.ltrans5.ltrans.o
                0x08008a58                pwmOverflowCallback.lto_priv.485
                0x08008a80                ppmOverflowCallback.lto_priv.487
                0x08008ac0                pwmWriteStandard.lto_priv.482
                0x08008ad0                pwmWriteBrushed.lto_priv.483
                0x08008af4                _actHcSr04Trigger.lto_priv.443
                0x08008b0c                ppmEdgeCallback.lto_priv.486
                0x08008ca8                _evtHcSr04Distance.lto_priv.444
                0x08008d88                applyChangedBits
                0x08008db2                serialICConfig.lto_priv.593
                0x08008ee6                pwmICConfig
                0x08008f20                pwmEdgeCallback.lto_priv.484
                0x08008f78                pwmWriteServo
                0x08008f90                EXTI9_5_IRQHandler
                0x08008f92                EXTI1_IRQHandler
                0x08008f94                EXTI0_IRQHandler
                0x08008f96                gpioExtiLineConfig
                0x08008fc0                gpioInit
                0x08009024                openSoftSerial
                0x080091bc                pwmOutConfig.lto_priv.521
                0x08009470                m25p16_isReady
                0x080094b8                m25p16_waitForReady
                0x080094d8                m25p16_readBytes
 .text          0x08009524      0xea0 /tmp/ccmT1CRD.ltrans6.ltrans.o
                0x08009524                taskSystem
                0x08009604                putcp.lto_priv.201
                0x08009662                _putc.lto_priv.494
                0x08009670                createTask.part.1.lto_priv.423
                0x0800969c                applyBiQuadFilter
                0x08009702                BiQuadNewLpf
                0x080097d4                fastA2F
                0x08009900                ftoa
                0x080099cc                _i2a.lto_priv.205
                0x080099f4                tfp_format
                0x08009bca                applyDeadband
                0x08009be8                acosf
                0x08009c60                atan2f
                0x08009d64                sinf
                0x08009e4c                cosf
                0x08009e60                disableFlightMode
                0x08009e80                enableFlightMode
                0x08009ea0                featureClear
                0x08009eb0                handleOneshotFeatureChangeOnRestart
                0x08009f04                writeEEPROM
                0x0800a050                readEEPROM
                0x0800a3b0                saveConfigAndNotify
 .text          0x0800a3c4      0xdc4 /tmp/ccmT1CRD.ltrans7.ltrans.o
                0x0800a408                cliFlashErase.lto_priv.218
                0x0800a434                cliFlashInfo.lto_priv.219
                0x0800a46c                cliServo.lto_priv.225
                0x0800a5b0                cliRxRange.lto_priv.222
                0x0800a69c                cliServoMix.lto_priv.227
                0x0800a9b4                cliMotorMix.lto_priv.221
                0x0800abb4                cliAdjustmentRange.lto_priv.215
                0x0800ad14                cliSerial.lto_priv.224
                0x0800ae58                cliDump.lto_priv.217
 .text          0x0800b188      0xdc0 /tmp/ccmT1CRD.ltrans8.ltrans.o
                0x0800b1a0                padHalfLineBuffer
                0x0800b1c8                padLineBuffer
                0x0800b1ec                gpsNewFrame
                0x0800b794                gpsSetState.lto_priv.301
                0x0800b7b0                GPS_distance_cm_bearing.isra.3.lto_priv.589
                0x0800b834                gpsNewData.part.2.lto_priv.246
 .text          0x0800bf48      0xaa0 /tmp/ccmT1CRD.ltrans9.ltrans.o
                0x0800c1d4                evtBaroRead
                0x0800c240                blackboxAdvanceIterationTimers.lto_priv.400
                0x0800c27c                blackboxLogEvent
                0x0800c330                blackboxLogIteration.lto_priv.401
                0x0800c88c                sendFieldDefinition.lto_priv.402
 .text          0x0800c9e8      0xa58 /tmp/ccmT1CRD.ltrans10.ltrans.o
                0x0800c9e8                mpu6500AccDetect
                0x0800ca24                mpu6050GyroDetect
                0x0800ca68                mpu6050AccDetect
                0x0800cae8                mpu3050Detect
                0x0800cb34                mpu6500GyroDetect
                0x0800cd1c                mpuGyroRead
                0x0800cdd0                mpuAccRead
                0x0800ce88                mpuWriteRegisterI2C.lto_priv.475
                0x0800cf18                mpuReadRegisterI2C.lto_priv.474
                0x0800cfa0                mma8452Detect
                0x0800d070                bma280Detect
                0x0800d1b0                adxl345Detect
                0x0800d2dc                mpuIntExtiInit
 .text          0x0800d440      0x41c /tmp/ccmT1CRD.ltrans11.ltrans.o
                0x0800d440                mwArm
                0x0800d7d8                mwDisarm
                0x0800d840                HardFault_Handler
 .text          0x0800d85c      0x708 /tmp/ccmT1CRD.ltrans12.ltrans.o
                0x0800d8e6                isSoftSerialTransmitBufferEmpty
                0x0800d8f2                softSerialSetMode
                0x0800d8f6                softSerialWriteByte
                0x0800d914                softSerialTxBytesFree
                0x0800d936                softSerialRxBytesWaiting
                0x0800d954                softSerialReadByte
                0x0800dab0                softSerialSetBaudRate
                0x0800dac0                onSerialRxPinChange
                0x0800db5e                usartIrqCallback
                0x0800dbc2                uartStartTxDMA
                0x0800dc24                uartOpen
 .text          0x0800df64      0xa54 /tmp/ccmT1CRD.ltrans13.ltrans.o
                0x0800df64                dmaNoOpHandler
                0x0800df66                micros
                0x0800df9c                beepInverted.lto_priv.490
                0x0800dfb0                beepNormal.lto_priv.491
                0x0800dfc4                actI2cRead
                0x0800dfd4                actI2cWrite
                0x0800dfe4                processChannelRangeArgs.lto_priv.253
                0x0800e03a                cliAux.lto_priv.216
                0x0800e12c                cliShowParseError.lto_priv.245
                0x0800e138                cliRxFail.lto_priv.223
                0x0800e268                serialRemovePort
                0x0800e298                closeSerialPort
                0x0800e2c0                serialFindPortConfiguration
                0x0800e2e8                doesConfigurationUsePort
                0x0800e2fe                determinePortSharing
                0x0800e312                findNextSerialPortConfig
                0x0800e344                findSerialPortConfig
                0x0800e350                generateThrottleCurve
                0x0800e3e0                generatePitchRollCurve
                0x0800e414                isRangeActive.part.3.lto_priv.336
                0x0800e45c                isModeActivationConditionPresent
                0x0800e47e                calculateThrottleStatus
                0x0800e4b4                blackboxLogInflightAdjustmentEvent
                0x0800e4dc                bufWriterFlush
                0x0800e4f4                cliPrompt.lto_priv.380
                0x0800e510                bufWriterAppend
                0x0800e52c                DMA1_Channel7_IRQHandler
                0x0800e53c                DMA1_Channel6_IRQHandler
                0x0800e54c                DMA1_Channel3_IRQHandler
                0x0800e55c                DMA1_Channel2_IRQHandler
                0x0800e56c                delayMicroseconds
                0x0800e582                delay
                0x0800e596                SysTick_Handler
                0x0800e71c                EXTI15_10_IRQHandler
                0x0800e73c                systemBeep
                0x0800e748                beeperSilence
                0x0800e774                beeper
                0x0800e7b8                beeperConfirmationBeeps
                0x0800e7e8                failureMode
                0x0800e87c                registerExtiCallbackHandler
                0x0800e8a4                serialSetMode
                0x0800e8aa                openSerialPort
                0x0800e948                isSerialTransmitBufferEmpty
                0x0800e94e                waitForSerialPortToFinishTransmitting
                0x0800e964                serialSetBaudRate
                0x0800e96a                serialRead
                0x0800e970                serialRxBytesWaiting
                0x0800e976                serialWrite
                0x0800e97c                serialWriteBufShim
 .text          0x0800e9b8      0xc84 /tmp/ccmT1CRD.ltrans14.ltrans.o
                0x0800e9b8                ibusReadRawRC.lto_priv.463
                0x0800e9c4                xBusReadRawRC.lto_priv.461
                0x0800ea84                spektrumReadRawRC.lto_priv.202
                0x0800eab0                sumhReadRawRC.lto_priv.454
                0x0800eac8                sumdReadRawRC.lto_priv.452
                0x0800eadc                sbusReadRawRC.lto_priv.450
                0x0800eb0c                rxMspReadRawRC.lto_priv.465
                0x0800eb1c                ppmReadRawRC.lto_priv.467
                0x0800eb2c                pwmReadRawRC.lto_priv.466
                0x0800eb3c                nullReadRawRC.lto_priv.204
                0x0800eb40                ibusDataReceive.lto_priv.464
                0x0800eb8c                xBusDataReceive.lto_priv.462
                0x0800ec68                spektrumDataReceive.lto_priv.203
                0x0800ecb8                sumhDataReceive.lto_priv.455
                0x0800ed04                sumdDataReceive.lto_priv.453
                0x0800edb0                sbusDataReceive.lto_priv.451
                0x0800ee08                cliVersion.lto_priv.230
                0x0800ee3c                cliTasks.lto_priv.229
                0x0800eecc                cliStatus.lto_priv.228
                0x0800f040                cliGet.lto_priv.220
                0x0800f09c                cliSet.lto_priv.226
                0x0800f2a8                batteryAdcToVoltage
                0x0800f2d4                getRxfailValue.lto_priv.338
                0x0800f334                resumeRxSignal
                0x0800f35c                suspendRxSignal
                0x0800f388                warningLedRefresh
                0x0800f3d0                packFlightModeFlags.lto_priv.379
                0x0800f500                mspReleasePortIfAllocated
                0x0800f540                read8.lto_priv.374
                0x0800f558                read16.lto_priv.375
                0x0800f56c                read32.lto_priv.376
                0x0800f57e                serialize8.lto_priv.373
                0x0800f5a0                tailSerialReply.lto_priv.371
                0x0800f5c4                headSerialResponse.lto_priv.206
                0x0800f610                headSerialReply.lto_priv.372
                0x0800f616                serialize16.lto_priv.377
                0x0800f628                serialize32.lto_priv.378
 .text          0x0800f63c      0x97c /tmp/ccmT1CRD.ltrans15.ltrans.o
                0x0800f9bc                _setParam.lto_priv.426
                0x0800fac8                _checkParam.lto_priv.424
                0x0800fb18                _resetTable.lto_priv.425
                0x0800fb44                pifLog_Printf
                0x0800fe50                pifObjArray_Remove
                0x0800fe92                pifObjArray_Add
                0x0800febe                pifObjArray_Clear
                0x0800feee                pifI2cDevice_WriteRegByte
 .text          0x0800ffb8      0x988 /tmp/ccmT1CRD.ltrans16.ltrans.o
                0x0801007c                wrap_18000.lto_priv.404
                0x080100a0                GPS_set_next_wp
                0x0801012c                gpsUsePIDs
                0x080101cc                GPS_reset_home_position
                0x08010220                calculate_Gtune
                0x080103dc                flashfsAdvanceTailInBuffer.lto_priv.544
                0x0801040c                flashfsGetDirtyDataBuffers.lto_priv.542
                0x08010444                flashfsGetOffset
                0x08010464                flashfsWriteBuffers.lto_priv.543
                0x080105b8                flashfsFlushSync
                0x080105f0                flashfsFlushAsync
                0x08010634                flashfsTransmitBufferUsed.lto_priv.403
                0x08010654                flashfsEraseCompletely
                0x080106a4                TIM4_IRQHandler
                0x080106b4                TIM3_IRQHandler
                0x080106c4                TIM2_IRQHandler
                0x080106d0                TIM1_UP_IRQHandler
                0x080106e0                TIM1_CC_IRQHandler
                0x080106f0                configTimeBase
                0x08010798                timerConfigure
                0x080107ec                lookupTimerIndex.lto_priv.275
                0x08010828                timerChConfigCallbacks
                0x080108e0                USART3_IRQHandler
                0x080108ec                USART2_IRQHandler
                0x080108f8                USART1_IRQHandler
                0x08010904                DMA1_Channel4_IRQHandler
 .text          0x08010940      0xa08 /tmp/ccmT1CRD.ltrans17.ltrans.o
                0x08010bc8                mpu6500SpiGyroDetect
                0x08010c0c                mpu6500SpiAccDetect
                0x08010c48                bmp280Detect
                0x08010e60                ms5611Detect
                0x08010f74                bmp085Disable
                0x08010fbc                bmp085Detect
                0x080111f8                mpu6500GyroInit
                0x080112d4                mpu6500AccInit
                0x080112ec                mpu6500ReadRegister
                0x08011318                mpu6500WriteRegister
                0x08011338                I2C2_EV_IRQHandler
                0x0801133c                I2C2_ER_IRQHandler
                0x08011340                I2C1_EV_IRQHandler
                0x08011344                I2C1_ER_IRQHandler
 .text          0x08011348      0xd7c /tmp/ccmT1CRD.ltrans18.ltrans.o
                0x08011dc4                writeMotors
                0x08011e68                stopMotors
                0x08011eb0                mixerResetDisarmedMotors
                0x08011ee8                loadCustomServoMixer
                0x08011f38                determineServoMiddleOrForwardFromChannel
                0x08011f6c                imuComputeRotationMatrix.lto_priv.405
                0x080120a0                pidSetController
 .text          0x080120c4      0xa50 /tmp/ccmT1CRD.ltrans19.ltrans.o
                0x080120c4                _doTask.lto_priv.445
                0x0801210c                _doTask.lto_priv.420
                0x08012130                pifMpu6500_ReadAccel
                0x0801219a                pifMpu6500_ReadGyro
                0x08012204                activateControlRateConfig
                0x0801224c                isEEPROMContentValid.lto_priv.522
                0x08012290                resetConf.lto_priv.244
                0x080126f4                pifTaskManager_Remove
                0x08012738                pifTaskManager_Add
                0x080127d8                pifTask_SetTrigger
                0x080127f4                _doTask.lto_priv.602
                0x080129f4                _checkLoopTime.lto_priv.422
                0x08012a74                _processingTask.lto_priv.421
 .text          0x08012b14      0x8d8 /tmp/ccmT1CRD.ltrans20.ltrans.o
                0x08012b3c                initI2cDevice.constprop.26
                0x08012b94                findNextSharedSerialPort.constprop.18
                0x08012bf8                setAdjustment.constprop.16
                0x08012c80                headSerialError.constprop.10
                0x08012c88                GPIO_Init
                0x08012d24                EXTI_Init.part.0.lto_priv.518
                0x08012d84                EXTI_GetITStatus
                0x08012da0                TIM_ICInit
                0x08012fc8                FLASH_WaitForLastOperation
                0x08012fea                RCC_GetClocksFreq
                0x0801307c                DMA_Init
                0x080130b8                DMA_DeInit
                0x080131a8                SystemInit
                0x080131f4                alignSensors
                0x0801336c                calculateBatteryCapacityRemainingPercentage
                0x080133b4                updateBatteryVoltage.lto_priv.343
 .text          0x080133ec      0x908 /tmp/ccmT1CRD.ltrans21.ltrans.o
                0x080133ec                taskUpdateDisplay
                0x08013404                taskCalculateAltitude
                0x08013880                taskUpdateBaro
                0x08013930                taskUpdateCompass
                0x08013a4c                taskProcessGPS
 .text          0x08013cf4      0x6e4 /tmp/ccmT1CRD.ltrans22.ltrans.o
                0x08013d6c                hmc5883lDetect
                0x08014044                i2c_OLED_send_byte.lto_priv.569
                0x0801404e                i2c_OLED_send_char
                0x08014084                i2c_OLED_send_string
                0x08014096                i2c_OLED_send_cmd.lto_priv.520
                0x080140a0                ug2864hsweg01InitI2C.part.0.lto_priv.519
                0x0801417e                i2c_OLED_set_line
                0x08014196                i2c_OLED_set_xy
                0x080141c0                i2cInit
 .text          0x080143d8      0x41c /tmp/ccmT1CRD.ltrans23.ltrans.o
                0x080143f8                i2c_ev_handler.lto_priv.605
                0x08014648                i2c_er_handler.lto_priv.606
                0x080146e0                i2cRead
                0x08014760                i2cWriteBuffer
                0x080147e0                i2cWrite
 .text          0x080147f4      0x780 /tmp/ccmT1CRD.ltrans24.ltrans.o
                0x080147f4                drawHorizonalPercentageBar
                0x08014846                updateDisplay
 .text          0x08014f74      0x6dc /tmp/ccmT1CRD.ltrans25.ltrans.o
                0x08014f78                cliGpsPassthrough.lto_priv.364
                0x08015028                cliWrite.lto_priv.252
                0x08015038                cliPrintf.lto_priv.210
                0x08015060                cliPrintVar.lto_priv.212
                0x0801514c                cliRateProfile.lto_priv.250
                0x08015198                cliProfile.lto_priv.251
                0x080151d4                cliPlaySound.lto_priv.369
                0x08015270                cliMotor.lto_priv.368
                0x08015318                cliPrint.lto_priv.211
                0x0801536c                cliDefaults.lto_priv.361
                0x08015388                cliSave.lto_priv.370
                0x080153a0                cliMixer.lto_priv.367
                0x08015440                cliMap.lto_priv.366
                0x080154e4                cliHelp.lto_priv.365
                0x08015528                cliFeature.lto_priv.363
                0x0801561c                cliExit.lto_priv.362
 .text          0x08015650      0x6dc /tmp/ccmT1CRD.ltrans26.ltrans.o
                0x08015650                NVIC_Init.part.0.constprop.200
                0x0801568c                spiTransfer.constprop.190
                0x080156cc                spiTransferByte.constprop.189
                0x080156ec                _alignSensors.constprop.185
                0x08015824                pifI2cDevice_Read.constprop.174
                0x080158fc                bmp085InitXCLRGpio.constprop.154
                0x08015934                GPS_coord_to_degrees.constprop.119
                0x080159f4                grab_fields.constprop.118
                0x08015a40                tfp_sprintf.constprop.114
                0x08015a70                drawRxChannel.constprop.113
                0x08015abc                pifTask_GetDeltaTime.constprop.91
                0x08015ae4                blackboxWriteSigned16VBArray.constprop.90
                0x08015b04                blackboxWriteSignedVBArray.constprop.89
                0x08015b1e                mspAllocateSerialPorts.constprop.87
                0x08015b98                pifObjArray_Init.part.0.constprop.84
                0x08015bf0                resetSerialConfig.constprop.68
                0x08015c4c                parseRcChannels.constprop.58
                0x08015c88                itoa.constprop.53
                0x08015caa                spektrumInit.constprop.38
 .text          0x08015d2c      0x5bc /tmp/ccmT1CRD.ltrans27.ltrans.o
                0x08015e20                recalculateBarometerTotal.lto_priv.300
                0x08015e94                sonarRead
                0x08015f28                ltm_finalise.lto_priv.290
                0x08015f40                ltm_serialise_8.lto_priv.291
                0x08015f64                ltm_serialise_32.lto_priv.292
                0x08015f86                ltm_serialise_16.lto_priv.294
                0x08015f98                ltm_initialise_packet.lto_priv.293
                0x08015fcc                smartPortSendPackage.lto_priv.289
                0x08016034                workAroundForHottTelemetryOnUsart.isra.0.lto_priv.288
                0x08016060                flushHottRxBuffer.lto_priv.287
                0x0801607c                serialize16.lto_priv.284
                0x08016090                sendTelemetryTail.lto_priv.283
                0x080160a0                sendDataHead.lto_priv.285
                0x080160c0                sendLatLong.lto_priv.286
                0x08016138                telemetryCheckState
 .text          0x080162e8      0x4a0 /tmp/ccmT1CRD.ltrans28.ltrans.o
                0x080162e8                pif_HexToString
                0x08016350                pif_DecToString
                0x080163e2                pif_BinToString
                0x08016430                pif_Delay1ms
                0x08016448                blackboxDeviceReserveBufferSpace
                0x080164a8                isBlackboxDeviceFull
                0x080164d4                blackboxDeviceFlushForce
                0x080164f8                blackboxPrint
                0x080165cc                blackboxPrintf
                0x080165f0                blackboxWrite
                0x08016640                blackboxWriteTag2_3S32
                0x0801675e                blackboxWriteUnsignedVB
                0x0801677c                blackboxWriteSignedVB
 .text          0x08016788      0x338 /tmp/ccmT1CRD.ltrans29.ltrans.o
                0x08016788                taskUpdateBattery
                0x08016990                taskUpdateBeeper
 .text          0x08016ac0      0x1e4 /tmp/ccmT1CRD.ltrans30.ltrans.o
                0x08016ac0                taskUpdateAccelerometer
 *fill*         0x08016ca4        0x4 
 .text          0x08016ca8      0x178 /tmp/ccmT1CRD.ltrans31.ltrans.o
                0x08016ca8                filterIsSetCheck
                0x08016ce8                scaleItermToRcInput
                0x08016dc8                pidResetErrorAngle
                0x08016de4                failsafeActivate.lto_priv.337
 .text          0x08016e20      0x370 /usr/lib/gcc/arm-none-eabi/4.9.3/armv7-m/libgcc.a(_arm_addsubdf3.o)
                0x08016e20                __aeabi_drsub
                0x08016e28                __aeabi_dsub
                0x08016e28                __subdf3
                0x08016e2c                __adddf3
                0x08016e2c                __aeabi_dadd
                0x080170a4                __aeabi_ui2d
                0x080170a4                __floatunsidf
                0x080170c4                __floatsidf
                0x080170c4                __aeabi_i2d
                0x080170e8                __extendsfdf2
                0x080170e8                __aeabi_f2d
                0x08017124                __aeabi_ul2d
                0x08017124                __floatundidf
                0x08017134                __floatdidf
                0x08017134                __aeabi_l2d
 .text          0x08017190      0x424 /usr/lib/gcc/arm-none-eabi/4.9.3/armv7-m/libgcc.a(_arm_muldivdf3.o)
                0x08017190                __aeabi_dmul
                0x08017190                __muldf3
                0x080173e4                __aeabi_ddiv
                0x080173e4                __divdf3
 .text          0x080175b4      0x110 /usr/lib/gcc/arm-none-eabi/4.9.3/armv7-m/libgcc.a(_arm_cmpdf2.o)
                0x080175b4                __gtdf2
                0x080175b4                __gedf2
                0x080175bc                __ltdf2
                0x080175bc                __ledf2
                0x080175c4                __cmpdf2
                0x080175c4                __eqdf2
                0x080175c4                __nedf2
                0x08017640                __aeabi_cdrcmple
                0x08017650                __aeabi_cdcmple
                0x08017650                __aeabi_cdcmpeq
                0x08017660                __aeabi_dcmpeq
                0x08017674                __aeabi_dcmplt
                0x08017688                __aeabi_dcmple
                0x0801769c                __aeabi_dcmpge
                0x080176b0                __aeabi_dcmpgt
 .text          0x080176c4       0x40 /usr/lib/gcc/arm-none-eabi/4.9.3/armv7-m/libgcc.a(_arm_fixunsdfsi.o)
                0x080176c4                __fixunsdfsi
                0x080176c4                __aeabi_d2uiz
 .text          0x08017704       0xa0 /usr/lib/gcc/arm-none-eabi/4.9.3/armv7-m/libgcc.a(_arm_truncdfsf2.o)
                0x08017704                __aeabi_d2f
                0x08017704                __truncdfsf2
 .text          0x080177a4      0x21c /usr/lib/gcc/arm-none-eabi/4.9.3/armv7-m/libgcc.a(_arm_addsubsf3.o)
                0x080177a4                __aeabi_frsub
                0x080177ac                __subsf3
                0x080177ac                __aeabi_fsub
                0x080177b0                __aeabi_fadd
                0x080177b0                __addsf3
                0x08017910                __aeabi_ui2f
                0x08017910                __floatunsisf
                0x08017918                __aeabi_i2f
                0x08017918                __floatsisf
                0x08017934                __floatundisf
                0x08017934                __aeabi_ul2f
                0x08017944                __floatdisf
                0x08017944                __aeabi_l2f
 .text          0x080179c0      0x2a0 /usr/lib/gcc/arm-none-eabi/4.9.3/armv7-m/libgcc.a(_arm_muldivsf3.o)
                0x080179c0                __mulsf3
                0x080179c0                __aeabi_fmul
                0x08017b28                __divsf3
                0x08017b28                __aeabi_fdiv
 .text          0x08017c60       0xec /usr/lib/gcc/arm-none-eabi/4.9.3/armv7-m/libgcc.a(_arm_cmpsf2.o)
                0x08017c60                __gtsf2
                0x08017c60                __gesf2
                0x08017c68                __lesf2
                0x08017c68                __ltsf2
                0x08017c70                __nesf2
                0x08017c70                __eqsf2
                0x08017c70                __cmpsf2
                0x08017cd0                __aeabi_cfrcmple
                0x08017cd8                __aeabi_cfcmple
                0x08017cd8                __aeabi_cfcmpeq
                0x08017ce8                __aeabi_fcmpeq
                0x08017cfc                __aeabi_fcmplt
                0x08017d10                __aeabi_fcmple
                0x08017d24                __aeabi_fcmpge
                0x08017d38                __aeabi_fcmpgt
 .text          0x08017d4c       0x4c /usr/lib/gcc/arm-none-eabi/4.9.3/armv7-m/libgcc.a(_arm_fixsfsi.o)
                0x08017d4c                __fixsfsi
                0x08017d4c                __aeabi_f2iz
 .text          0x08017d98       0x40 /usr/lib/gcc/arm-none-eabi/4.9.3/armv7-m/libgcc.a(_arm_fixunssfsi.o)
                0x08017d98                __aeabi_f2uiz
                0x08017d98                __fixunssfsi
 .text          0x08017dd8       0x38 /usr/lib/gcc/arm-none-eabi/4.9.3/armv7-m/libgcc.a(_aeabi_ldivmod.o)
                0x08017dd8                __aeabi_ldivmod
 .text          0x08017e10       0x60 /usr/lib/gcc/arm-none-eabi/4.9.3/armv7-m/libgcc.a(bpabi.o)
                0x08017e10                __gnu_ldivmod_helper
                0x08017e40                __gnu_uldivmod_helper
 .text          0x08017e70        0x4 /usr/lib/gcc/arm-none-eabi/4.9.3/armv7-m/libgcc.a(_dvmd_tls.o)
                0x08017e70                __aeabi_ldiv0
                0x08017e70                __aeabi_idiv0
 .text          0x08017e74      0x2ac /usr/lib/gcc/arm-none-eabi/4.9.3/armv7-m/libgcc.a(_divdi3.o)
                0x08017e74                __divdi3
 .text          0x08018120      0x270 /usr/lib/gcc/arm-none-eabi/4.9.3/armv7-m/libgcc.a(_udivdi3.o)
                0x08018120                __udivdi3
 *(.text*)
 .text.Reset_Handler
                0x08018390       0x9c obj/main/NAZE/startup_stm32f10x_md_gcc.o
                0x08018390                Reset_Handler
 .text.Default_Handler
                0x0801842c        0x2 obj/main/NAZE/startup_stm32f10x_md_gcc.o
                0x0801842c                EXTI2_IRQHandler
                0x0801842c                DebugMon_Handler
                0x0801842c                PVD_IRQHandler
                0x0801842c                PendSV_Handler
                0x0801842c                NMI_Handler
                0x0801842c                EXTI3_IRQHandler
                0x0801842c                UsageFault_Handler
                0x0801842c                ADC1_2_IRQHandler
                0x0801842c                SPI1_IRQHandler
                0x0801842c                TAMPER_IRQHandler
                0x0801842c                RTC_IRQHandler
                0x0801842c                CAN1_RX1_IRQHandler
                0x0801842c                RCC_IRQHandler
                0x0801842c                TIM1_TRG_COM_IRQHandler
                0x0801842c                DMA1_Channel1_IRQHandler
                0x0801842c                Default_Handler
                0x0801842c                SPI2_IRQHandler
                0x0801842c                MemManage_Handler
                0x0801842c                SVC_Handler
                0x0801842c                DMA1_Channel5_IRQHandler
                0x0801842c                EXTI4_IRQHandler
                0x0801842c                USB_LP_CAN1_RX0_IRQHandler
                0x0801842c                USB_HP_CAN1_TX_IRQHandler
                0x0801842c                WWDG_IRQHandler
                0x0801842c                TIM1_BRK_IRQHandler
                0x0801842c                RTCAlarm_IRQHandler
                0x0801842c                CAN1_SCE_IRQHandler
                0x0801842c                FLASH_IRQHandler
                0x0801842c                BusFault_Handler
                0x0801842c                USBWakeUp_IRQHandler
 *fill*         0x0801842e        0x2 
 .text.startup  0x08018430      0x3e4 /tmp/ccmT1CRD.ltrans11.ltrans.o
                0x08018430                main
 .text.unlikely
                0x08018814       0x50 /tmp/ccmT1CRD.ltrans28.ltrans.o
                0x08018814                blackboxPrintfHeaderLine
 .text.atoi     0x08018864        0x8 /usr/lib/gcc/arm-none-eabi/4.9.3/../../../arm-none-eabi/lib/armv7-m/libc_nano.a(lib_a-atoi.o)
                0x08018864                atoi
 .text.strtok   0x0801886c       0x64 /usr/lib/gcc/arm-none-eabi/4.9.3/../../../arm-none-eabi/lib/armv7-m/libc_nano.a(lib_a-strtok.o)
                0x0801886c                strtok
 .text.__strtok_r
                0x080188d0       0x56 /usr/lib/gcc/arm-none-eabi/4.9.3/../../../arm-none-eabi/lib/armv7-m/libc_nano.a(lib_a-strtok_r.o)
                0x080188d0                __strtok_r
 .text.strtok_r
                0x08018926        0x6 /usr/lib/gcc/arm-none-eabi/4.9.3/../../../arm-none-eabi/lib/armv7-m/libc_nano.a(lib_a-strtok_r.o)
                0x08018926                strtok_r
 .text._strtol_r
                0x0801892c      0x10c /usr/lib/gcc/arm-none-eabi/4.9.3/../../../arm-none-eabi/lib/armv7-m/libc_nano.a(lib_a-strtol.o)
                0x0801892c                _strtol_r
 .text.strtol   0x08018a38       0x1c /usr/lib/gcc/arm-none-eabi/4.9.3/../../../arm-none-eabi/lib/armv7-m/libc_nano.a(lib_a-strtol.o)
                0x08018a38                strtol
 .text.malloc   0x08018a54       0x10 /usr/lib/gcc/arm-none-eabi/4.9.3/../../../arm-none-eabi/lib/armv7-m/libc_nano.a(lib_a-malloc.o)
                0x08018a54                malloc
 .text.free     0x08018a64       0x10 /usr/lib/gcc/arm-none-eabi/4.9.3/../../../arm-none-eabi/lib/armv7-m/libc_nano.a(lib_a-malloc.o)
                0x08018a64                free
 .text._free_r  0x08018a74       0x88 /usr/lib/gcc/arm-none-eabi/4.9.3/../../../arm-none-eabi/lib/armv7-m/libc_nano.a(lib_a-nano-freer.o)
                0x08018a74                _free_r
 .text._malloc_r
                0x08018afc       0xac /usr/lib/gcc/arm-none-eabi/4.9.3/../../../arm-none-eabi/lib/armv7-m/libc_nano.a(lib_a-nano-mallocr.o)
                0x08018afc                _malloc_r
 .text._sbrk_r  0x08018ba8       0x20 /usr/lib/gcc/arm-none-eabi/4.9.3/../../../arm-none-eabi/lib/armv7-m/libc_nano.a(lib_a-sbrkr.o)
                0x08018ba8                _sbrk_r
 .text._sbrk    0x08018bc8       0x1c /usr/lib/gcc/arm-none-eabi/4.9.3/../../../arm-none-eabi/lib/armv7-m/libnosys.a(sbrk.o)
                0x08018bc8                _sbrk
 .text.lrintf   0x08018be4       0x78 /usr/lib/gcc/arm-none-eabi/4.9.3/../../../arm-none-eabi/lib/armv7-m/libm.a(lib_a-sf_lrint.o)
                0x08018be4                lrintf
 .text.powf     0x08018c5c      0x314 /usr/lib/gcc/arm-none-eabi/4.9.3/../../../arm-none-eabi/lib/armv7-m/libm.a(lib_a-wf_pow.o)
                0x08018c5c                powf
 .text.sqrtf    0x08018f70       0x9c /usr/lib/gcc/arm-none-eabi/4.9.3/../../../arm-none-eabi/lib/armv7-m/libm.a(lib_a-wf_sqrt.o)
                0x08018f70                sqrtf
 .text.__ieee754_powf
                0x0801900c      0x6ec /usr/lib/gcc/arm-none-eabi/4.9.3/../../../arm-none-eabi/lib/armv7-m/libm.a(lib_a-ef_pow.o)
                0x0801900c                __ieee754_powf
 .text.__ieee754_sqrtf
                0x080196f8       0xa8 /usr/lib/gcc/arm-none-eabi/4.9.3/../../../arm-none-eabi/lib/armv7-m/libm.a(lib_a-ef_sqrt.o)
                0x080196f8                __ieee754_sqrtf
 .text.matherr  0x080197a0        0x4 /usr/lib/gcc/arm-none-eabi/4.9.3/../../../arm-none-eabi/lib/armv7-m/libm.a(lib_a-s_matherr.o)
                0x080197a0                matherr
 .text.rint     0x080197a4      0x11c /usr/lib/gcc/arm-none-eabi/4.9.3/../../../arm-none-eabi/lib/armv7-m/libm.a(lib_a-s_rint.o)
                0x080197a4                rint
 .text.fabsf    0x080198c0        0x8 /usr/lib/gcc/arm-none-eabi/4.9.3/../../../arm-none-eabi/lib/armv7-m/libm.a(lib_a-sf_fabs.o)
                0x080198c0                fabsf
 .text.finitef  0x080198c8       0x10 /usr/lib/gcc/arm-none-eabi/4.9.3/../../../arm-none-eabi/lib/armv7-m/libm.a(lib_a-sf_finite.o)
                0x080198c8                finitef
 .text.__fpclassifyf
                0x080198d8       0x34 /usr/lib/gcc/arm-none-eabi/4.9.3/../../../arm-none-eabi/lib/armv7-m/libm.a(lib_a-sf_fpclassify.o)
                0x080198d8                __fpclassifyf
 .text.nanf     0x0801990c        0x8 /usr/lib/gcc/arm-none-eabi/4.9.3/../../../arm-none-eabi/lib/armv7-m/libm.a(lib_a-sf_nan.o)
                0x0801990c                nanf
 .text.scalbnf  0x08019914       0xb0 /usr/lib/gcc/arm-none-eabi/4.9.3/../../../arm-none-eabi/lib/armv7-m/libm.a(lib_a-sf_scalbn.o)
                0x08019914                scalbnf
 .text.copysignf
                0x080199c4        0xc /usr/lib/gcc/arm-none-eabi/4.9.3/../../../arm-none-eabi/lib/armv7-m/libm.a(lib_a-sf_copysign.o)
                0x080199c4                copysignf
 .text.calloc   0x080199d0       0x14 /usr/lib/gcc/arm-none-eabi/4.9.3/../../../arm-none-eabi/lib/armv7-m/libc_nano.a(lib_a-calloc.o)
                0x080199d0                calloc
 .text.__errno  0x080199e4        0xc /usr/lib/gcc/arm-none-eabi/4.9.3/../../../arm-none-eabi/lib/armv7-m/libc_nano.a(lib_a-errno.o)
                0x080199e4                __errno
 .text.memcmp   0x080199f0       0x20 /usr/lib/gcc/arm-none-eabi/4.9.3/../../../arm-none-eabi/lib/armv7-m/libc_nano.a(lib_a-memcmp.o)
                0x080199f0                memcmp
 .text.memcpy   0x08019a10       0x16 /usr/lib/gcc/arm-none-eabi/4.9.3/../../../arm-none-eabi/lib/armv7-m/libc_nano.a(lib_a-memcpy.o)
                0x08019a10                memcpy
 .text.memset   0x08019a26       0x10 /usr/lib/gcc/arm-none-eabi/4.9.3/../../../arm-none-eabi/lib/armv7-m/libc_nano.a(lib_a-memset.o)
                0x08019a26                memset
 .text._calloc_r
                0x08019a36       0x1c /usr/lib/gcc/arm-none-eabi/4.9.3/../../../arm-none-eabi/lib/armv7-m/libc_nano.a(lib_a-nano-callocr.o)
                0x08019a36                _calloc_r
 *fill*         0x08019a52        0x2 
 .text.strcasecmp
                0x08019a54       0x3c /usr/lib/gcc/arm-none-eabi/4.9.3/../../../arm-none-eabi/lib/armv7-m/libc_nano.a(lib_a-strcasecmp.o)
                0x08019a54                strcasecmp
 .text.strcat   0x08019a90       0x1e /usr/lib/gcc/arm-none-eabi/4.9.3/../../../arm-none-eabi/lib/armv7-m/libc_nano.a(lib_a-strcat.o)
                0x08019a90                strcat
 .text.strchr   0x08019aae       0x1c /usr/lib/gcc/arm-none-eabi/4.9.3/../../../arm-none-eabi/lib/armv7-m/libc_nano.a(lib_a-strchr.o)
                0x08019aae                strchr
 .text.strcpy   0x08019aca       0x10 /usr/lib/gcc/arm-none-eabi/4.9.3/../../../arm-none-eabi/lib/armv7-m/libc_nano.a(lib_a-strcpy.o)
                0x08019aca                strcpy
 .text.strlen   0x08019ada       0x10 /usr/lib/gcc/arm-none-eabi/4.9.3/../../../arm-none-eabi/lib/armv7-m/libc_nano.a(lib_a-strlen.o)
                0x08019ada                strlen
 *fill*         0x08019aea        0x2 
 .text.strncasecmp
                0x08019aec       0x44 /usr/lib/gcc/arm-none-eabi/4.9.3/../../../arm-none-eabi/lib/armv7-m/libc_nano.a(lib_a-strncasecmp.o)
                0x08019aec                strncasecmp
 .text.strncpy  0x08019b30       0x24 /usr/lib/gcc/arm-none-eabi/4.9.3/../../../arm-none-eabi/lib/armv7-m/libc_nano.a(lib_a-strncpy.o)
                0x08019b30                strncpy
 .text.strstr   0x08019b54       0x30 /usr/lib/gcc/arm-none-eabi/4.9.3/../../../arm-none-eabi/lib/armv7-m/libc_nano.a(lib_a-strstr.o)
                0x08019b54                strstr
 *(.rodata)
 .rodata        0x08019b84      0x1ec /tmp/ccmT1CRD.ltrans0.ltrans.o
 .rodata        0x08019d70      0x2b4 /tmp/ccmT1CRD.ltrans1.ltrans.o
 .rodata        0x0801a024      0x18c /tmp/ccmT1CRD.ltrans2.ltrans.o
 .rodata        0x0801a1b0        0x8 /tmp/ccmT1CRD.ltrans4.ltrans.o
 .rodata        0x0801a1b8       0x28 /tmp/ccmT1CRD.ltrans5.ltrans.o
 .rodata        0x0801a1e0      0x64d /tmp/ccmT1CRD.ltrans7.ltrans.o
                0x0801a1e0                servoMixers
                0x0801a2b0                mixerAtail4.lto_priv.510
                0x0801a2f0                mixerDualcopter.lto_priv.509
                0x0801a310                mixerHex6H.lto_priv.508
                0x0801a370                mixerVtail4.lto_priv.507
                0x0801a3b0                mixerOctoFlatX.lto_priv.506
                0x0801a430                mixerOctoFlatP.lto_priv.505
                0x0801a4b0                mixerOctoX8.lto_priv.504
                0x0801a530                mixerHex6X.lto_priv.503
                0x0801a590                mixerY4.lto_priv.502
                0x0801a5d0                mixerSingleProp.lto_priv.501
                0x0801a5e0                mixerHex6P.lto_priv.500
                0x0801a640                mixerY6.lto_priv.499
                0x0801a6a0                mixerBicopter.lto_priv.498
                0x0801a6c0                mixerQuadX.lto_priv.497
                0x0801a700                mixerQuadP.lto_priv.496
                0x0801a740                mixerTricopter.lto_priv.495
                0x0801a770                servoMixerSingle.lto_priv.517
                0x0801a7a8                servoMixerDual.lto_priv.516
                0x0801a7b6                servoMixerAirplane.lto_priv.515
                0x0801a7d9                servoMixerFlyingWing.lto_priv.514
                0x0801a7fc                servoMixerGimbal.lto_priv.513
                0x0801a80a                servoMixerBI.lto_priv.512
                0x0801a826                servoMixerTri.lto_priv.511
 *fill*         0x0801a82d        0x3 
 .rodata        0x0801a830       0x18 /tmp/ccmT1CRD.ltrans9.ltrans.o
 .rodata        0x0801a848       0x28 /tmp/ccmT1CRD.ltrans12.ltrans.o
 .rodata        0x0801a870       0x16 /tmp/ccmT1CRD.ltrans13.ltrans.o
 *fill*         0x0801a886        0x2 
 .rodata        0x0801a888      0xf44 /tmp/ccmT1CRD.ltrans14.ltrans.o
                0x0801a8b8                valueTable
                0x0801b68c                lookupTables.lto_priv.213
                0x0801b6f4                lookupDeltaMethod.lto_priv.243
                0x0801b6fc                lookupTableGyroLpf.lto_priv.242
                0x0801b714                lookupTableGyroFilter.lto_priv.241
                0x0801b724                lookupTableSerialRX.lto_priv.240
                0x0801b744                lookupTablePidController.lto_priv.239
                0x0801b750                lookupTableGimbalMode.lto_priv.238
                0x0801b758                lookupTableCurrentSensor.lto_priv.237
                0x0801b764                lookupTableBlackboxDevice.lto_priv.236
                0x0801b770                lookupTableGPSSBASMode.lto_priv.235
                0x0801b784                lookupTableGPSProvider.lto_priv.234
                0x0801b78c                lookupTableAlignment.lto_priv.233
                0x0801b7b0                lookupTableUnit.lto_priv.232
                0x0801b7b8                lookupTableOffOn.lto_priv.231
                0x0801b7c0                shortGitRevision
                0x0801b7c4                buildTime
                0x0801b7c8                buildDate
 .rodata        0x0801b7cc        0x4 /tmp/ccmT1CRD.ltrans15.ltrans.o
 .rodata        0x0801b7d0       0x14 /tmp/ccmT1CRD.ltrans20.ltrans.o
 .rodata        0x0801b7e4      0x144 /tmp/ccmT1CRD.ltrans21.ltrans.o
                0x0801b7e4                gpsInitData.lto_priv.447
 .rodata        0x0801b928      0x2fc /tmp/ccmT1CRD.ltrans22.ltrans.o
 .rodata        0x0801bc24       0x22 /tmp/ccmT1CRD.ltrans24.ltrans.o
 *fill*         0x0801bc46        0x2 
 .rodata        0x0801bc48      0x39f /tmp/ccmT1CRD.ltrans25.ltrans.o
                0x0801bc48                beeperTable.lto_priv.258
                0x0801bd08                mixerNames.lto_priv.247
                0x0801bd70                cmdTable
                0x0801bf30                featureNames.lto_priv.248
                0x0801bf8c                beep_armedBeep.lto_priv.273
                0x0801bf91                beep_disarmRepeatBeep.lto_priv.272
                0x0801bf95                beep_readyBeep.lto_priv.271
                0x0801bfa4                beep_2longerBeeps.lto_priv.270
                0x0801bfa9                beep_2shortBeeps.lto_priv.269
                0x0801bfae                beep_shortBeep.lto_priv.268
                0x0801bfb1                beep_lowBatteryBeep.lto_priv.267
                0x0801bfb4                beep_critBatteryBeep.lto_priv.266
                0x0801bfb7                beep_armedGpsFix.lto_priv.265
                0x0801bfc0                beep_armingBeep.lto_priv.264
                0x0801bfc5                beep_disarmBeep.lto_priv.263
                0x0801bfca                beep_txLostBeep.lto_priv.262
                0x0801bfcd                beep_sos.lto_priv.261
                0x0801bfe0                beep_gyroCalibrated.lto_priv.260
 *fill*         0x0801bfe7        0x1 
 .rodata        0x0801bfe8       0x34 /tmp/ccmT1CRD.ltrans26.ltrans.o
                0x0801bfe8                baudRates
                0x0801c008                bmp085Config.lto_priv.603
 *(.rodata*)
 .rodata.gyro_detect
                0x0801c01c       0x50 /tmp/ccmT1CRD.ltrans0.ltrans.o
 .rodata.timerHardware
                0x0801c06c       0xe0 /tmp/ccmT1CRD.ltrans0.ltrans.o
                0x0801c06c                timerHardware
 .rodata.str1.1
                0x0801c14c        0x8 /tmp/ccmT1CRD.ltrans0.ltrans.o
 .rodata.str1.1
                0x0801c154      0x215 /tmp/ccmT1CRD.ltrans1.ltrans.o
                                0x226 (size before relaxing)
 .rodata.str1.1
                0x0801c369      0x154 /tmp/ccmT1CRD.ltrans2.ltrans.o
                                0x174 (size before relaxing)
 *fill*         0x0801c4bd        0x1 
 .rodata.frSkyDataIdTable
                0x0801c4be       0x20 /tmp/ccmT1CRD.ltrans4.ltrans.o
 .rodata.str1.1
                0x0801c4de       0x27 /tmp/ccmT1CRD.ltrans6.ltrans.o
 *fill*         0x0801c505        0x3 
 .rodata.mixers
                0x0801c508       0xd0 /tmp/ccmT1CRD.ltrans7.ltrans.o
                0x0801c508                mixers
 .rodata.str1.1
                0x0801c5d8      0x327 /tmp/ccmT1CRD.ltrans7.ltrans.o
                                0x34e (size before relaxing)
 .rodata.str1.1
                0x0801c8ff       0x3e /tmp/ccmT1CRD.ltrans9.ltrans.o
                                 0x41 (size before relaxing)
 .rodata.str1.1
                0x0801c93d       0x2f /tmp/ccmT1CRD.ltrans10.ltrans.o
 .rodata.str1.1
                0x0801c96c        0x6 /tmp/ccmT1CRD.ltrans11.ltrans.o
 .rodata.str1.1
                0x0801c972       0x49 /tmp/ccmT1CRD.ltrans13.ltrans.o
                                 0x76 (size before relaxing)
 .rodata.str1.1
                0x0801c9bb      0xd4f /tmp/ccmT1CRD.ltrans14.ltrans.o
                                0xdc5 (size before relaxing)
 .rodata.str1.1
                0x0801d70a       0x37 /tmp/ccmT1CRD.ltrans15.ltrans.o
 .rodata.str1.1
                0x0801d741       0x15 /tmp/ccmT1CRD.ltrans17.ltrans.o
                                 0x1d (size before relaxing)
 .rodata.str1.1
                0x0801d756       0x19 /tmp/ccmT1CRD.ltrans19.ltrans.o
 .rodata.str1.1
                0x0801d76f       0xfb /tmp/ccmT1CRD.ltrans21.ltrans.o
                                 0xfc (size before relaxing)
 .rodata.str1.1
                0x0801d86a        0x8 /tmp/ccmT1CRD.ltrans22.ltrans.o
 .rodata.cyclePageIds
                0x0801d872        0x5 /tmp/ccmT1CRD.ltrans24.ltrans.o
 .rodata.str1.1
                0x0801d877      0x135 /tmp/ccmT1CRD.ltrans24.ltrans.o
                                0x160 (size before relaxing)
 .rodata.str1.1
                0x0801d9ac      0x693 /tmp/ccmT1CRD.ltrans25.ltrans.o
                                0x76f (size before relaxing)
 .rodata.serialPortIdentifiers
                0x0801e03f        0x5 /tmp/ccmT1CRD.ltrans26.ltrans.o
                0x0801e03f                serialPortIdentifiers
 .rodata.str1.1
                0x0801e044       0x37 /tmp/ccmT1CRD.ltrans26.ltrans.o
 .rodata.rcChannelLetters
                0x0801e07b       0x15 /tmp/ccmT1CRD.ltrans26.ltrans.o
                0x0801e07b                rcChannelLetters
 .rodata.str1.1
                0x0801e090       0x22 /tmp/ccmT1CRD.ltrans28.ltrans.o
 .rodata._ctype_
                0x0801e0b2      0x101 /usr/lib/gcc/arm-none-eabi/4.9.3/../../../arm-none-eabi/lib/armv7-m/libc_nano.a(lib_a-ctype_.o)
                0x0801e0b2                _ctype_
 .rodata.str1.1
                0x0801e1b3        0x0 /usr/lib/gcc/arm-none-eabi/4.9.3/../../../arm-none-eabi/lib/armv7-m/libc_nano.a(lib_a-impure.o)
                                  0x2 (size before relaxing)
 *fill*         0x0801e1b3        0x1 
 .rodata.TWO23  0x0801e1b4        0x8 /usr/lib/gcc/arm-none-eabi/4.9.3/../../../arm-none-eabi/lib/armv7-m/libm.a(lib_a-sf_lrint.o)
 .rodata.str1.4
                0x0801e1bc        0x5 /usr/lib/gcc/arm-none-eabi/4.9.3/../../../arm-none-eabi/lib/armv7-m/libm.a(lib_a-wf_pow.o)
                                  0x8 (size before relaxing)
 *fill*         0x0801e1c1        0x3 
 .rodata.str1.4
                0x0801e1c4        0x6 /usr/lib/gcc/arm-none-eabi/4.9.3/../../../arm-none-eabi/lib/armv7-m/libm.a(lib_a-wf_sqrt.o)
                                  0x8 (size before relaxing)
 *fill*         0x0801e1ca        0x2 
 .rodata.dp_h   0x0801e1cc        0x8 /usr/lib/gcc/arm-none-eabi/4.9.3/../../../arm-none-eabi/lib/armv7-m/libm.a(lib_a-ef_pow.o)
 .rodata.dp_l   0x0801e1d4        0x8 /usr/lib/gcc/arm-none-eabi/4.9.3/../../../arm-none-eabi/lib/armv7-m/libm.a(lib_a-ef_pow.o)
 .rodata.bp     0x0801e1dc        0x8 /usr/lib/gcc/arm-none-eabi/4.9.3/../../../arm-none-eabi/lib/armv7-m/libm.a(lib_a-ef_pow.o)
 .rodata.str1.4
                0x0801e1e4        0x8 /usr/lib/gcc/arm-none-eabi/4.9.3/../../../arm-none-eabi/lib/armv7-m/libm.a(lib_a-ef_pow.o)
                                  0x4 (size before relaxing)
 *fill*         0x0801e1e4        0x4 
 .rodata.TWO52  0x0801e1e8       0x10 /usr/lib/gcc/arm-none-eabi/4.9.3/../../../arm-none-eabi/lib/armv7-m/libm.a(lib_a-s_rint.o)
 *(.glue_7)
 .glue_7        0x0801e1f8        0x0 linker stubs
 *(.glue_7t)
 .glue_7t       0x0801e1f8        0x0 linker stubs
 *(.eh_frame)
 *(.init)
 *(.fini)
                0x0801e1f8                . = ALIGN (0x4)
                0x0801e1f8                _etext = .

.vfp11_veneer   0x0801e1f8        0x0
 .vfp11_veneer  0x0801e1f8        0x0 linker stubs

.v4_bx          0x0801e1f8        0x0
 .v4_bx         0x0801e1f8        0x0 linker stubs

.iplt           0x0801e1f8        0x0
 .iplt          0x0801e1f8        0x0 obj/main/NAZE/startup_stm32f10x_md_gcc.o

.ARM.extab
 *(.ARM.extab* .gnu.linkonce.armextab.*)

.ARM            0x0801e1f8        0x8
                0x0801e1f8                __exidx_start = .
 *(.ARM.exidx*)
 .ARM.exidx     0x0801e1f8        0x8 /usr/lib/gcc/arm-none-eabi/4.9.3/armv7-m/libgcc.a(_divdi3.o)
 .ARM.exidx     0x0801e200        0x0 /usr/lib/gcc/arm-none-eabi/4.9.3/armv7-m/libgcc.a(_udivdi3.o)
                                  0x8 (size before relaxing)
                0x0801e200                __exidx_end = .

.rel.dyn        0x0801e200        0x0
 .rel.iplt      0x0801e200        0x0 obj/main/NAZE/startup_stm32f10x_md_gcc.o

.preinit_array  0x0801e200        0x0
                [!provide]                PROVIDE (__preinit_array_start, .)
 *(.preinit_array*)
                [!provide]                PROVIDE (__preinit_array_end, .)

.init_array     0x0801e200        0x0
                [!provide]                PROVIDE (__init_array_start, .)
 *(SORT(.init_array.*))
 *(.init_array*)
                [!provide]                PROVIDE (__init_array_end, .)

.fini_array     0x0801e200        0x0
                [!provide]                PROVIDE (__fini_array_start, .)
 *(.fini_array*)
 *(SORT(.fini_array.*))
                [!provide]                PROVIDE (__fini_array_end, .)
                0x0801e200                _sidata = .

.data           0x20000000      0x210 load address 0x0801e200
                0x20000000                . = ALIGN (0x4)
                0x20000000                _sdata = .
 *(.data)
 .data          0x20000000        0x3 /tmp/ccmT1CRD.ltrans3.ltrans.o
                0x20000002                isUsingSticksToArm.lto_priv.349
 .data          0x20000003        0x1 /tmp/ccmT1CRD.ltrans4.ltrans.o
 .data          0x20000004        0x4 /tmp/ccmT1CRD.ltrans6.ltrans.o
 .data          0x20000008       0x10 /tmp/ccmT1CRD.ltrans7.ltrans.o
                0x20000008                geometry.lto_priv.354
 .data          0x20000018        0x4 /tmp/ccmT1CRD.ltrans8.ltrans.o
                0x20000018                GPS_scaleLonDown.lto_priv.579
 .data          0x2000001c        0x1 /tmp/ccmT1CRD.ltrans15.ltrans.o
 .data          0x2000001d        0x1 /tmp/ccmT1CRD.ltrans17.ltrans.o
 *fill*         0x2000001e        0x2 
 .data          0x20000020        0x4 /tmp/ccmT1CRD.ltrans18.ltrans.o
                0x20000020                q0.lto_priv.396
 .data          0x20000024        0x9 /tmp/ccmT1CRD.ltrans20.ltrans.o
                0x20000024                pif_id
                0x20000028                hse_value
                0x2000002c                standardBoardAlignment.lto_priv.476
 *fill*         0x2000002d        0x3 
 .data          0x20000030        0xc /tmp/ccmT1CRD.ltrans22.ltrans.o
 .data          0x2000003c        0x4 /tmp/ccmT1CRD.ltrans25.ltrans.o
 .data          0x20000040        0x4 /tmp/ccmT1CRD.ltrans26.ltrans.o
                0x20000040                rcReadRawFunc.lto_priv.313
 .data          0x20000044        0xc /tmp/ccmT1CRD.ltrans31.ltrans.o
 *(.data*)
 .data.hcsr04_name
                0x20000050        0x4 /tmp/ccmT1CRD.ltrans0.ltrans.o
 .data.GPS_hdop
                0x20000054        0x2 /tmp/ccmT1CRD.ltrans4.ltrans.o
                0x20000054                GPS_hdop
 *fill*         0x20000056        0x2 
 .data.mpu3050_name
                0x20000058        0x4 /tmp/ccmT1CRD.ltrans10.ltrans.o
 .data.bma280_name
                0x2000005c        0x4 /tmp/ccmT1CRD.ltrans10.ltrans.o
 .data.mpu6500_name
                0x20000060        0x4 /tmp/ccmT1CRD.ltrans10.ltrans.o
 .data.mma845x_name
                0x20000064        0x4 /tmp/ccmT1CRD.ltrans10.ltrans.o
 .data.mpu6050_name
                0x20000068        0x4 /tmp/ccmT1CRD.ltrans10.ltrans.o
 .data.adxl345_name
                0x2000006c        0x4 /tmp/ccmT1CRD.ltrans10.ltrans.o
 .data.batteryCellCount
                0x20000070        0x1 /tmp/ccmT1CRD.ltrans14.ltrans.o
                0x20000070                batteryCellCount
 *fill*         0x20000071        0x3 
 .data.SystemCoreClock
                0x20000074        0x4 /tmp/ccmT1CRD.ltrans14.ltrans.o
                0x20000074                SystemCoreClock
 .data.cfTasks  0x20000078      0x118 /tmp/ccmT1CRD.ltrans14.ltrans.o
                0x20000078                cfTasks
 .data.bmp280_name
                0x20000190        0x4 /tmp/ccmT1CRD.ltrans17.ltrans.o
 .data.ms5611_name
                0x20000194        0x4 /tmp/ccmT1CRD.ltrans17.ltrans.o
 .data.mpu6500_spi_name
                0x20000198        0x4 /tmp/ccmT1CRD.ltrans17.ltrans.o
 .data.pid_controller
                0x2000019c        0x4 /tmp/ccmT1CRD.ltrans18.ltrans.o
                0x2000019c                pid_controller
 .data.hmc5883_name
                0x200001a0        0x4 /tmp/ccmT1CRD.ltrans22.ltrans.o
 .data.__ctype_ptr__
                0x200001a4        0x4 /usr/lib/gcc/arm-none-eabi/4.9.3/../../../arm-none-eabi/lib/armv7-m/libc_nano.a(lib_a-ctype_.o)
                0x200001a4                __ctype_ptr__
 .data.impure_data
                0x200001a8       0x60 /usr/lib/gcc/arm-none-eabi/4.9.3/../../../arm-none-eabi/lib/armv7-m/libc_nano.a(lib_a-impure.o)
 .data._impure_ptr
                0x20000208        0x4 /usr/lib/gcc/arm-none-eabi/4.9.3/../../../arm-none-eabi/lib/armv7-m/libc_nano.a(lib_a-impure.o)
                0x20000208                _impure_ptr
 .data.__fdlib_version
                0x2000020c        0x1 /usr/lib/gcc/arm-none-eabi/4.9.3/../../../arm-none-eabi/lib/armv7-m/libm.a(lib_a-s_lib_ver.o)
                0x2000020c                __fdlib_version
                0x20000210                . = ALIGN (0x4)
 *fill*         0x2000020d        0x3 
                0x20000210                _edata = .

.igot.plt       0x20000210        0x0 load address 0x0801e410
 .igot.plt      0x20000210        0x0 obj/main/NAZE/startup_stm32f10x_md_gcc.o
                0x20000210                . = ALIGN (0x4)

.bss            0x20000210     0x31bc load address 0x0801e410
                0x20000210                _sbss = .
                0x20000210                __bss_start__ = _sbss
 *(.bss)
 .bss           0x20000210      0x208 /tmp/ccmT1CRD.ltrans0.ltrans.o
                0x20000218                i2cOverClock.lto_priv.599
                0x2000023c                inputFilteringMode.lto_priv.594
                0x20000240                ppmDev
                0x2000036c                servos.lto_priv.596
                0x2000038d                displayPresent.lto_priv.567
                0x20000394                mpuDetectionResult
                0x20000398                mpuConfiguration
                0x200003a4                mpuIntExtiConfig.lto_priv.608
                0x200003a8                mpuDividerDrops.lto_priv.604
                0x200003b4                gpsPacketLog
                0x200003cc                s_hcsr04.lto_priv.597
                0x200003ec                sonarHardware.lto_priv.598
                0x200003f0                telemetryConfig.lto_priv.433
                0x200003f4                portConfig.lto_priv.436
                0x200003f8                frskyPortSharing.lto_priv.565
                0x200003f9                hottPortSharing.lto_priv.563
                0x200003fc                telemetryConfig.lto_priv.434
                0x20000400                portConfig.lto_priv.438
                0x20000404                smartPortPortSharing.lto_priv.560
                0x2000040c                portConfig.lto_priv.439
                0x20000410                ltmPortSharing.lto_priv.558
                0x20000411                couldBeBusy.lto_priv.588
                0x20000414                tailAddress.lto_priv.541
 .bss           0x20000418      0x3af /tmp/ccmT1CRD.ltrans1.ltrans.o
                0x20000428                gyroLpfCutFreq.lto_priv.532
                0x200004a0                gyroConfig.lto_priv.531
                0x200004fc                imuRuntimeConfig.lto_priv.469
                0x20000524                gyroScale.lto_priv.470
                0x20000534                smallAngleCosZ
                0x20000540                fc_acc
                0x20000544                accDeadband.lto_priv.527
                0x20000548                lookupYawRC
                0x20000560                rxRefreshRate.lto_priv.449
                0x20000578                rcControlsConfig.lto_priv.526
                0x20000580                escAndServoConfig.lto_priv.384
                0x20000584                throttleAngleScale
                0x20000588                mixerConfig.lto_priv.472
                0x2000058c                currentMixer.lto_priv.479
                0x20000650                rxConfig.lto_priv.529
                0x20000654                currentMixerMode.lto_priv.478
                0x20000678                gimbalConfig.lto_priv.528
                0x2000067c                servoFilterState.lto_priv.473
                0x2000079c                motorControlEnable
                0x200007a0                blackboxPort.lto_priv.418
                0x200007a4                blackboxHeaderBudget
                0x200007a8                blackboxMaxHeaderBytesPerIteration.lto_priv.416
                0x200007ac                xmitState.lto_priv.414
                0x200007b4                blackboxConditionCache.lto_priv.411
                0x200007b8                vbatReference.lto_priv.407
                0x200007ba                blackboxSlowFrameIterationTimer.lto_priv.415
                0x200007bc                blackboxPFrameIndex.lto_priv.410
                0x200007c0                blackboxIteration.lto_priv.409
                0x200007c4                blackboxModeActivationConditionPresent.lto_priv.408
                0x200007c5                blackboxPortSharing.lto_priv.417
                0x200007c6                blackboxLoggedAnyFrames.lto_priv.413
 *fill*         0x200007c7        0x1 
 .bss           0x200007c8      0x164 /tmp/ccmT1CRD.ltrans2.ltrans.o
                0x200007c8                printfSerialPort.lto_priv.523
                0x200007e8                servo
                0x200007f8                GPS_ground_course
                0x200007fa                GPS_update
                0x200007fb                GPS_numCh
                0x200007fc                GPS_svinfo_chn
                0x2000080c                GPS_svinfo_svid
                0x2000081c                GPS_svinfo_quality
                0x2000082c                GPS_svinfo_cno
                0x2000083c                debug
                0x20000844                blackboxState.lto_priv.382
                0x200008a8                pwmIOConfiguration.lto_priv.480
 .bss           0x2000092c      0x1c8 /tmp/ccmT1CRD.ltrans3.ltrans.o
                0x2000092c                rxSignalReceived.lto_priv.551
                0x2000092d                rxMspFrameDone.lto_priv.351
                0x2000092e                ppmFrameCount.lto_priv.595
                0x20000957                rcSampleIndex.lto_priv.448
                0x200009a0                rcInvalidPulsPeriod
                0x200009e9                rxFlightChannelsValid.lto_priv.550
                0x20000a04                rxConfig.lto_priv.308
                0x20000a08                deadband3dThrottle.lto_priv.468
                0x20000a0c                disarmAt.lto_priv.406
                0x20000a14                calibratingG.lto_priv.394
                0x20000a16                AccInflightCalibrationMeasurementDone
                0x20000a17                AccInflightCalibrationSavetoEEProm
                0x20000a1a                calibratingA.lto_priv.347
                0x20000a1c                InflightcalibratingA
                0x20000a1e                AccInflightCalibrationActive
                0x20000a20                adjustmentStates
                0x20000a54                escAndServoConfig.lto_priv.348
                0x20000a58                magHold
                0x20000a5a                headFreeModeHold
                0x20000a5c                nav_mode
                0x20000a60                gpsProfile.lto_priv.388
                0x20000a64                GPS_hold
                0x20000a6e                nav_rated.lto_priv.390
                0x20000a72                nav.lto_priv.389
                0x20000aa0                poshold_ratePID.lto_priv.570
                0x20000ac8                navPID.lto_priv.571
                0x20000af0                isRXDataNew.lto_priv.392
                0x20000af1                haveProcessedAnnexCodeOnce.lto_priv.381
                0x20000af2                initialThrottleHold.lto_priv.391
 .bss           0x20000af4       0xe8 /tmp/ccmT1CRD.ltrans4.ltrans.o
                0x20000af4                frskyTelemetryEnabled.lto_priv.566
                0x20000afe                accSmooth
                0x20000b04                vario
                0x20000b0c                telemetryConfig.lto_priv.279
                0x20000b10                amperage
                0x20000b14                GPS_speed
                0x20000b16                GPS_altitude
                0x20000b18                GPS_numSat
                0x20000b1c                GPS_coord
                0x20000b24                hottTelemetryEnabled.lto_priv.564
                0x20000b2c                hottEAMMessage.lto_priv.440
                0x20000b5c                telemetryConfig.lto_priv.280
                0x20000b60                hottGPSMessage.lto_priv.441
                0x20000b8c                GPS_distanceToHome
                0x20000b8e                GPS_directionToHome
                0x20000b98                hottPort.lto_priv.557
                0x20000ba8                portConfig.lto_priv.437
                0x20000bae                smartPortTelemetryEnabled.lto_priv.561
                0x20000bb0                smartPortSerialPort.lto_priv.556
                0x20000bb4                smartPortState
                0x20000bb8                smartPortLastRequestTime.lto_priv.562
                0x20000bbe                ltmEnabled.lto_priv.559
                0x20000bc0                ltmPort.lto_priv.555
                0x20000bcc                EstAlt.lto_priv.297
                0x20000bd0                rssi
                0x20000bd4                GPS_home
 .bss           0x20000bdc      0x6b4 /tmp/ccmT1CRD.ltrans5.ltrans.o
 .bss           0x20001290       0x18 /tmp/ccmT1CRD.ltrans6.ltrans.o
 .bss           0x200012a8        0x8 /tmp/ccmT1CRD.ltrans7.ltrans.o
                0x200012a8                currentProfile
                0x200012ac                servoConf.lto_priv.274
 .bss           0x200012b0      0x242 /tmp/ccmT1CRD.ltrans8.ltrans.o
                0x20001494                GPS_WP.lto_priv.573
                0x2000149c                wp_distance.lto_priv.574
                0x200014a0                target_bearing.lto_priv.575
                0x200014a4                error.lto_priv.580
                0x200014ac                posholdPID_PARAM.lto_priv.581
                0x200014bc                poshold_ratePID_PARAM.lto_priv.582
                0x200014d0                waypoint_speed_gov.lto_priv.578
                0x200014d4                original_target_bearing.lto_priv.577
                0x200014dc                nav_bearing.lto_priv.576
                0x200014e0                navPID_PARAM.lto_priv.583
                0x200014f0                nav_takeoff_bearing.lto_priv.584
 .bss           0x200014f2        0x7 /tmp/ccmT1CRD.ltrans9.ltrans.o
 .bss           0x200014f9        0x4 /tmp/ccmT1CRD.ltrans10.ltrans.o
 *fill*         0x200014fd        0x3 
 .bss           0x20001500      0x234 /tmp/ccmT1CRD.ltrans11.ltrans.o
                0x20001500                gpsHistory.lto_priv.545
                0x20001514                blackboxHistory.lto_priv.547
                0x20001520                blackboxHistoryRing.lto_priv.548
                0x20001694                blackboxIFrameIndex.lto_priv.546
                0x20001698                blackboxLastArmingBeep.lto_priv.549
                0x2000169c                systemState.lto_priv.427
                0x200016a0                s_it_current.lto_priv.533
                0x200016a4                s_table_number.lto_priv.537
                0x200016a8                s_table.lto_priv.538
                0x20001728                s_task_cutin.lto_priv.536
                0x2000172c                s_loop_count.lto_priv.535
                0x20001730                s_pass_count.lto_priv.534
 .bss           0x20001734      0x600 /tmp/ccmT1CRD.ltrans12.ltrans.o
 .bss           0x20001d34       0x74 /tmp/ccmT1CRD.ltrans13.ltrans.o
                0x20001d34                usTicks.lto_priv.493
                0x20001d38                serialPortCount.lto_priv.355
                0x20001d3a                lookupThrottleRC
                0x20001d52                lookupPitchRollRC
                0x20001d60                dmaHandlers.lto_priv.489
                0x20001d70                pif_timer1ms
                0x20001d78                pif_datetime
                0x20001d80                extiHandlerConfigs.lto_priv.492
                0x20001d98                beeperIsOn.lto_priv.341
                0x20001d9c                beeperNextToggleTime.lto_priv.340
                0x20001da0                beeperPos.lto_priv.342
                0x20001da4                currentBeeperEntry.lto_priv.339
 .bss           0x20001da8      0x2e0 /tmp/ccmT1CRD.ltrans14.ltrans.o
                0x20001da8                ibusChannelData.lto_priv.317
                0x20001e09                xBusChannelCount.lto_priv.459
                0x20001e0a                xBusFrameReceived.lto_priv.318
                0x20001e0c                spekChannelData.lto_priv.335
                0x20001e3c                sumhChannels.lto_priv.321
                0x20001e5c                sumdChannels.lto_priv.326
                0x20001e7c                sbusChannelData.lto_priv.329
                0x20001ec4                mspFrame.lto_priv.350
                0x20001ee8                captures.lto_priv.314
                0x20001f05                ibus.lto_priv.316
                0x20001f25                ibusFrameDone.lto_priv.315
                0x20001f30                xBusFramePosition.lto_priv.457
                0x20001f31                xBusDataIncoming.lto_priv.456
                0x20001f32                xBusFrameLength.lto_priv.458
                0x20001f33                xBusProvider.lto_priv.460
                0x20001f39                spekFrame.lto_priv.331
                0x20001f49                rcFrameComplete.lto_priv.330
                0x20001f55                sumhFrame.lto_priv.320
                0x20001f6a                sumhFrameDone.lto_priv.319
                0x20001f71                sumdFrameDone.lto_priv.322
                0x20001f72                crc.lto_priv.323
                0x20001f74                sumdChannelCount.lto_priv.324
                0x20001f75                sumd.lto_priv.325
                0x20001fa1                sbusFrame.lto_priv.328
                0x20001fba                sbusFrameDone.lto_priv.327
                0x20001fbc                sysTickUptime.lto_priv.259
                0x20001fc0                pif_performance
                0x20001fc8                batteryState.lto_priv.282
                0x20001fcc                enabledSensors.lto_priv.281
                0x20001fd0                i2cErrorCount.lto_priv.357
                0x20001fd4                s_tasks.lto_priv.419
                0x20001ff0                g_timer_1ms
                0x20002018                currentControlRateProfileIndex.lto_priv.214
                0x2000201c                rxConfig.lto_priv.309
                0x20002020                suspendRxSignalUntil.lto_priv.312
                0x20002024                skipRxSamples.lto_priv.311
                0x20002028                failsafeState.lto_priv.278
                0x2000204c                warningLedState.lto_priv.257
                0x20002050                warningLedTimer.lto_priv.393
                0x20002054                flightModeFlags
                0x20002058                rcModeActivationMask
                0x2000205c                activeBoxIdCount.lto_priv.352
                0x2000205d                activeBoxIds.lto_priv.353
                0x2000207c                currentPort.lto_priv.344
                0x20002080                writer.lto_priv.345
                0x20002084                mspSerialPort.lto_priv.346
 .bss           0x20002088       0x7c /tmp/ccmT1CRD.ltrans15.ltrans.o
 .bss           0x20002104      0x120 /tmp/ccmT1CRD.ltrans16.ltrans.o
                0x20002128                uartPort3.lto_priv.590
                0x2000217c                uartPort2.lto_priv.591
                0x200021d0                uartPort1.lto_priv.592
 .bss           0x20002224       0x9c /tmp/ccmT1CRD.ltrans17.ltrans.o
                0x200022b0                mpu6500.lto_priv.607
 .bss           0x200022c0      0x2f8 /tmp/ccmT1CRD.ltrans18.ltrans.o
                0x200022c0                rcCommand
                0x200022c8                attitude
                0x200022d0                gyroADC
                0x200022dc                PIDweight
                0x200022e0                errorGyroI.lto_priv.306
                0x200022ec                targetLooptime
                0x200022f0                stateFlags
                0x200022f1                motorLimitReached
                0x20002324                axisPID
                0x2000232c                axisPID_P
                0x20002338                axisPID_I
                0x20002344                axisPID_D
                0x20002350                deltaFilterState.lto_priv.276
                0x200023bc                errorGyroIf.lto_priv.307
                0x200023c8                dT
                0x200023fc                errorAngleI.lto_priv.277
                0x20002404                dynP8
                0x2000241c                dynD8
                0x2000241f                motorCount
                0x20002420                motor
                0x20002438                motors.lto_priv.481
                0x20002468                timerConfig
                0x20002508                flight3DConfig.lto_priv.383
                0x2000250c                escAndServoConfig.lto_priv.385
                0x20002510                servoRuleCount.lto_priv.387
                0x20002511                currentServoMixer.lto_priv.386
                0x20002584                customServoMixers.lto_priv.488
                0x20002588                q1.lto_priv.397
                0x2000258c                q2.lto_priv.398
                0x20002590                q3.lto_priv.399
                0x20002594                rMat.lto_priv.298
 .bss           0x200025b8       0x1c /tmp/ccmT1CRD.ltrans19.ltrans.o
                0x200025bc                s_task_stack_ptr.lto_priv.539
                0x200025c0                s_task_stack.lto_priv.540
 .bss           0x200025d4       0xfa /tmp/ccmT1CRD.ltrans20.ltrans.o
                0x200025d4                g_i2c_port
                0x20002608                serialConfig.lto_priv.255
                0x2000260c                findSharedSerialPortState.lto_priv.302
                0x20002610                serialPortUsageList.lto_priv.249
                0x2000264c                pidProfile.lto_priv.303
                0x20002650                activeFeaturesLatch.lto_priv.208
                0x20002660                boardRotation.lto_priv.477
                0x20002684                batteryConfig
                0x20002688                mAhDrawn
                0x2000268c                adcConfig
                0x2000269c                adcValues
                0x200026a4                vbatLatestADC
                0x200026a8                vbatFilterState.lto_priv.432
                0x200026cc                vbat
 *fill*         0x200026ce        0x2 
 .bss           0x200026d0       0xbc /tmp/ccmT1CRD.ltrans21.ltrans.o
                0x200026d0                pif_timer1us
                0x200026d8                calibratingB.lto_priv.304
                0x200026e0                baroPressureSum.lto_priv.553
                0x200026e4                barometerConfig.lto_priv.295
                0x200026f4                sonarMaxTiltCos.lto_priv.442
                0x200026f8                calculatedAltitude.lto_priv.356
                0x200026fc                sonarCfAltCm
                0x20002704                sonarMaxAltWithTiltCm
                0x20002708                accSumCount
                0x2000270c                accSum
                0x20002718                accVelScale
                0x2000271c                barometerConfig.lto_priv.296
                0x20002728                AltHold
                0x2000272c                pidProfile.lto_priv.524
                0x20002730                errorVelocityI
                0x20002734                altHoldThrottleAdjustment
                0x20002738                velocityControl
                0x2000273c                baroPressure.lto_priv.552
                0x20002740                baroReady.lto_priv.554
                0x20002744                magADC
                0x20002760                magInit.lto_priv.471
                0x20002764                gpsData
                0x20002784                gpsConfig.lto_priv.446
 .bss           0x2000278c        0x9 /tmp/ccmT1CRD.ltrans22.ltrans.o
                0x20002790                I2Cx.lto_priv.600
                0x20002794                I2Cx_index.lto_priv.601
 *fill*         0x20002795        0x3 
 .bss           0x20002798       0x16 /tmp/ccmT1CRD.ltrans23.ltrans.o
 *fill*         0x200027ae        0x2 
 .bss           0x200027b0       0x25 /tmp/ccmT1CRD.ltrans24.ltrans.o
                0x200027bc                GPS_packetCount
                0x200027c4                GPS_svInfoReceivedCount
                0x200027d0                GPS_garbageByteCount
 *fill*         0x200027d5        0x3 
 .bss           0x200027d8       0x86 /tmp/ccmT1CRD.ltrans25.ltrans.o
                0x200027d8                cliPort.lto_priv.358
                0x200027dc                gpsPort.lto_priv.299
                0x200027e0                pageState.lto_priv.305
                0x200027f4                cliWriter.lto_priv.254
                0x200027f8                currentControlRateProfile
                0x200027fc                motor_disarmed
                0x20002814                cliBuffer.lto_priv.360
                0x20002844                bufferIndex.lto_priv.359
                0x20002848                beep_multiBeeps.lto_priv.256
 *fill*         0x2000285e        0x2 
 .bss           0x20002860      0x950 /tmp/ccmT1CRD.ltrans26.ltrans.o
                0x20002860                sensor_link
                0x20002964                pif_cumulative_timer1ms
                0x20002968                string.9105.lto_priv.572
                0x20002977                lineBuffer.lto_priv.568
                0x2000298e                rcData
                0x200029b4                pif_act_timer1us
                0x200029b8                mspPorts.lto_priv.209
                0x20002a50                masterConfig
                0x200031a8                rxRuntimeConfigPtr.lto_priv.333
                0x200031ac                rxRuntimeConfig
                0x200031ad                spek_chan_shift.lto_priv.332
                0x200031ae                spek_chan_mask.lto_priv.334
                0x200031af                spekHiRes.lto_priv.207
 .bss           0x200031b0       0xf9 /tmp/ccmT1CRD.ltrans27.ltrans.o
 .bss           0x200032a9       0x82 /tmp/ccmT1CRD.ltrans28.ltrans.o
                0x200032a9                bufferHead.lto_priv.585
                0x200032aa                bufferTail.lto_priv.586
                0x200032ab                flashWriteBuffer.lto_priv.587
 *fill*         0x2000332b        0x5 
 .bss           0x20003330       0x24 /tmp/ccmT1CRD.ltrans29.ltrans.o
                0x20003334                batteryWarningVoltage
                0x20003336                batteryCriticalVoltage
                0x20003340                amperageLatestADC
                0x20003350                armingBeepTimeMicros.lto_priv.412
 .bss           0x20003354       0x35 /tmp/ccmT1CRD.ltrans30.ltrans.o
                0x20003354                accADC
                0x20003360                accelerationTrims.lto_priv.530
                0x20003388                isAccelUpdatedAtLeastOnce.lto_priv.395
 *fill*         0x20003389        0x3 
 .bss           0x2000338c       0x14 /tmp/ccmT1CRD.ltrans31.ltrans.o
                0x2000339c                failsafeConfig.lto_priv.310
 *(SORT(.bss*))
 .bss.systemBeepPtr
                0x200033a0        0x4 /tmp/ccmT1CRD.ltrans13.ltrans.o
                0x200033a0                systemBeepPtr
 .bss.pif_log_flag
                0x200033a4        0x4 /tmp/ccmT1CRD.ltrans19.ltrans.o
 .bss.accTimeSum
                0x200033a8        0x4 /tmp/ccmT1CRD.ltrans21.ltrans.o
                0x200033a8                accTimeSum
 .bss.setVelocity
                0x200033ac        0x4 /tmp/ccmT1CRD.ltrans21.ltrans.o
                0x200033ac                setVelocity
 .bss.__malloc_sbrk_start
                0x200033b0        0x4 /usr/lib/gcc/arm-none-eabi/4.9.3/../../../arm-none-eabi/lib/armv7-m/libc_nano.a(lib_a-nano-mallocr.o)
                0x200033b0                __malloc_sbrk_start
 .bss.__malloc_free_list
                0x200033b4        0x4 /usr/lib/gcc/arm-none-eabi/4.9.3/../../../arm-none-eabi/lib/armv7-m/libc_nano.a(lib_a-nano-mallocr.o)
                0x200033b4                __malloc_free_list
 .bss.heap_end.4079
                0x200033b8        0x4 /usr/lib/gcc/arm-none-eabi/4.9.3/../../../arm-none-eabi/lib/armv7-m/libnosys.a(sbrk.o)
 .bss.cycleTime
                0x200033bc        0x2 /tmp/ccmT1CRD.ltrans14.ltrans.o
                0x200033bc                cycleTime
 .bss.GPS_angle
                0x200033be        0x4 /tmp/ccmT1CRD.ltrans18.ltrans.o
                0x200033be                GPS_angle
 .bss.hardwareRevision
                0x200033c2        0x1 /tmp/ccmT1CRD.ltrans2.ltrans.o
                0x200033c2                hardwareRevision
 .bss.armingFlags
                0x200033c3        0x1 /tmp/ccmT1CRD.ltrans14.ltrans.o
                0x200033c3                armingFlags
 .bss.CHAR_FORMAT
                0x200033c4        0x1 /tmp/ccmT1CRD.ltrans22.ltrans.o
 .bss.cliMode   0x200033c5        0x1 /tmp/ccmT1CRD.ltrans25.ltrans.o
                0x200033c5                cliMode
 .bss.pif_error
                0x200033c6        0x1 /tmp/ccmT1CRD.ltrans26.ltrans.o
                0x200033c6                pif_error
 *(COMMON)
 *fill*         0x200033c7        0x1 
 COMMON         0x200033c8        0x4 /usr/lib/gcc/arm-none-eabi/4.9.3/../../../arm-none-eabi/lib/armv7-m/libc_nano.a(lib_a-reent.o)
                0x200033c8                errno
                0x200033cc                . = ALIGN (0x4)
                0x200033cc                _ebss = .
                0x200033cc                __bss_end__ = _ebss

._user_heap_stack
                0x200033cc      0x400 load address 0x0801e410
                0x200033cc                . = ALIGN (0x4)
                0x200033cc                PROVIDE (end, .)
                [!provide]                PROVIDE (_end, .)
                0x200033cc                . = (. + _Min_Heap_Size)
                0x200037cc                . = (. + _Min_Stack_Size)
 *fill*         0x200033cc      0x400 
                0x200037cc                . = ALIGN (0x4)

.memory_b1_text
 *(.mb1text)
 *(.mb1text*)
 *(.mb1rodata)
 *(.mb1rodata*)

/DISCARD/
 libc.a(*)
 libm.a(*)
 libgcc.a(*)

.ARM.attributes
                0x00000000       0x2f
 *(.ARM.attributes)
 .ARM.attributes
                0x00000000       0x21 obj/main/NAZE/startup_stm32f10x_md_gcc.o
 .ARM.attributes
                0x00000021       0x31 /tmp/ccmT1CRD.ltrans0.ltrans.o
 .ARM.attributes
                0x00000052       0x31 /tmp/ccmT1CRD.ltrans1.ltrans.o
 .ARM.attributes
                0x00000083       0x31 /tmp/ccmT1CRD.ltrans2.ltrans.o
 .ARM.attributes
                0x000000b4       0x31 /tmp/ccmT1CRD.ltrans3.ltrans.o
 .ARM.attributes
                0x000000e5       0x31 /tmp/ccmT1CRD.ltrans4.ltrans.o
 .ARM.attributes
                0x00000116       0x31 /tmp/ccmT1CRD.ltrans5.ltrans.o
 .ARM.attributes
                0x00000147       0x31 /tmp/ccmT1CRD.ltrans6.ltrans.o
 .ARM.attributes
                0x00000178       0x31 /tmp/ccmT1CRD.ltrans7.ltrans.o
 .ARM.attributes
                0x000001a9       0x31 /tmp/ccmT1CRD.ltrans8.ltrans.o
 .ARM.attributes
                0x000001da       0x31 /tmp/ccmT1CRD.ltrans9.ltrans.o
 .ARM.attributes
                0x0000020b       0x31 /tmp/ccmT1CRD.ltrans10.ltrans.o
 .ARM.attributes
                0x0000023c       0x31 /tmp/ccmT1CRD.ltrans11.ltrans.o
 .ARM.attributes
                0x0000026d       0x31 /tmp/ccmT1CRD.ltrans12.ltrans.o
 .ARM.attributes
                0x0000029e       0x31 /tmp/ccmT1CRD.ltrans13.ltrans.o
 .ARM.attributes
                0x000002cf       0x31 /tmp/ccmT1CRD.ltrans14.ltrans.o
 .ARM.attributes
                0x00000300       0x31 /tmp/ccmT1CRD.ltrans15.ltrans.o
 .ARM.attributes
                0x00000331       0x31 /tmp/ccmT1CRD.ltrans16.ltrans.o
 .ARM.attributes
                0x00000362       0x31 /tmp/ccmT1CRD.ltrans17.ltrans.o
 .ARM.attributes
                0x00000393       0x31 /tmp/ccmT1CRD.ltrans18.ltrans.o
 .ARM.attributes
                0x000003c4       0x31 /tmp/ccmT1CRD.ltrans19.ltrans.o
 .ARM.attributes
                0x000003f5       0x31 /tmp/ccmT1CRD.ltrans20.ltrans.o
 .ARM.attributes
                0x00000426       0x31 /tmp/ccmT1CRD.ltrans21.ltrans.o
 .ARM.attributes
                0x00000457       0x31 /tmp/ccmT1CRD.ltrans22.ltrans.o
 .ARM.attributes