Archive member included to satisfy reference by file (symbol)

/usr/lib/gcc/arm-none-eabi/4.9.3/../../../arm-none-eabi/lib/armv7-m/libc_nano.a(lib_a-atoi.o)
                              obj/main/NAZE/io/serial_cli.o (symbol from plugin) (atoi)
/usr/lib/gcc/arm-none-eabi/4.9.3/../../../arm-none-eabi/lib/armv7-m/libc_nano.a(lib_a-ctype_.o)
                              obj/main/NAZE/io/serial_cli.o (symbol from plugin) (__ctype_ptr__)
/usr/lib/gcc/arm-none-eabi/4.9.3/../../../arm-none-eabi/lib/armv7-m/libc_nano.a(lib_a-strtol.o)
                              /usr/lib/gcc/arm-none-eabi/4.9.3/../../../arm-none-eabi/lib/armv7-m/libc_nano.a(lib_a-atoi.o) (_strtol_r)
/usr/lib/gcc/arm-none-eabi/4.9.3/../../../arm-none-eabi/lib/armv7-m/libc_nano.a(lib_a-impure.o)
                              /usr/lib/gcc/arm-none-eabi/4.9.3/../../../arm-none-eabi/lib/armv7-m/libc_nano.a(lib_a-strtol.o) (_impure_ptr)
/usr/lib/gcc/arm-none-eabi/4.9.3/../../../arm-none-eabi/lib/armv7-m/libm.a(lib_a-sf_lrint.o)
                              /tmp/cc8e04S2.ltrans1.ltrans.o (lrintf)
/usr/lib/gcc/arm-none-eabi/4.9.3/../../../arm-none-eabi/lib/armv7-m/libm.a(lib_a-wf_pow.o)
                              /tmp/cc8e04S2.ltrans15.ltrans.o (powf)
/usr/lib/gcc/arm-none-eabi/4.9.3/../../../arm-none-eabi/lib/armv7-m/libm.a(lib_a-wf_sqrt.o)
                              /tmp/cc8e04S2.ltrans3.ltrans.o (sqrtf)
/usr/lib/gcc/arm-none-eabi/4.9.3/../../../arm-none-eabi/lib/armv7-m/libm.a(lib_a-ef_pow.o)
                              /usr/lib/gcc/arm-none-eabi/4.9.3/../../../arm-none-eabi/lib/armv7-m/libm.a(lib_a-wf_pow.o) (__ieee754_powf)
/usr/lib/gcc/arm-none-eabi/4.9.3/../../../arm-none-eabi/lib/armv7-m/libm.a(lib_a-ef_sqrt.o)
                              /usr/lib/gcc/arm-none-eabi/4.9.3/../../../arm-none-eabi/lib/armv7-m/libm.a(lib_a-wf_sqrt.o) (__ieee754_sqrtf)
/usr/lib/gcc/arm-none-eabi/4.9.3/../../../arm-none-eabi/lib/armv7-m/libm.a(lib_a-s_lib_ver.o)
                              /usr/lib/gcc/arm-none-eabi/4.9.3/../../../arm-none-eabi/lib/armv7-m/libm.a(lib_a-wf_pow.o) (__fdlib_version)
/usr/lib/gcc/arm-none-eabi/4.9.3/../../../arm-none-eabi/lib/armv7-m/libm.a(lib_a-s_matherr.o)
                              /usr/lib/gcc/arm-none-eabi/4.9.3/../../../arm-none-eabi/lib/armv7-m/libm.a(lib_a-wf_pow.o) (matherr)
/usr/lib/gcc/arm-none-eabi/4.9.3/../../../arm-none-eabi/lib/armv7-m/libm.a(lib_a-s_rint.o)
                              /usr/lib/gcc/arm-none-eabi/4.9.3/../../../arm-none-eabi/lib/armv7-m/libm.a(lib_a-wf_pow.o) (rint)
/usr/lib/gcc/arm-none-eabi/4.9.3/../../../arm-none-eabi/lib/armv7-m/libm.a(lib_a-sf_fabs.o)
                              /usr/lib/gcc/arm-none-eabi/4.9.3/../../../arm-none-eabi/lib/armv7-m/libm.a(lib_a-ef_pow.o) (fabsf)
/usr/lib/gcc/arm-none-eabi/4.9.3/../../../arm-none-eabi/lib/armv7-m/libm.a(lib_a-sf_finite.o)
                              /usr/lib/gcc/arm-none-eabi/4.9.3/../../../arm-none-eabi/lib/armv7-m/libm.a(lib_a-wf_pow.o) (finitef)
/usr/lib/gcc/arm-none-eabi/4.9.3/../../../arm-none-eabi/lib/armv7-m/libm.a(lib_a-sf_fpclassify.o)
                              /usr/lib/gcc/arm-none-eabi/4.9.3/../../../arm-none-eabi/lib/armv7-m/libm.a(lib_a-wf_pow.o) (__fpclassifyf)
/usr/lib/gcc/arm-none-eabi/4.9.3/../../../arm-none-eabi/lib/armv7-m/libm.a(lib_a-sf_nan.o)
                              /usr/lib/gcc/arm-none-eabi/4.9.3/../../../arm-none-eabi/lib/armv7-m/libm.a(lib_a-ef_pow.o) (nanf)
/usr/lib/gcc/arm-none-eabi/4.9.3/../../../arm-none-eabi/lib/armv7-m/libm.a(lib_a-sf_scalbn.o)
                              /usr/lib/gcc/arm-none-eabi/4.9.3/../../../arm-none-eabi/lib/armv7-m/libm.a(lib_a-ef_pow.o) (scalbnf)
/usr/lib/gcc/arm-none-eabi/4.9.3/../../../arm-none-eabi/lib/armv7-m/libm.a(lib_a-sf_copysign.o)
                              /usr/lib/gcc/arm-none-eabi/4.9.3/../../../arm-none-eabi/lib/armv7-m/libm.a(lib_a-sf_scalbn.o) (copysignf)
/usr/lib/gcc/arm-none-eabi/4.9.3/../../../arm-none-eabi/lib/armv7-m/libc_nano.a(lib_a-calloc.o)
                              /tmp/cc8e04S2.ltrans0.ltrans.o (calloc)
/usr/lib/gcc/arm-none-eabi/4.9.3/../../../arm-none-eabi/lib/armv7-m/libc_nano.a(lib_a-errno.o)
                              /usr/lib/gcc/arm-none-eabi/4.9.3/../../../arm-none-eabi/lib/armv7-m/libm.a(lib_a-wf_pow.o) (__errno)
/usr/lib/gcc/arm-none-eabi/4.9.3/../../../arm-none-eabi/lib/armv7-m/libc_nano.a(lib_a-malloc.o)
                              /tmp/cc8e04S2.ltrans21.ltrans.o (malloc)
/usr/lib/gcc/arm-none-eabi/4.9.3/../../../arm-none-eabi/lib/armv7-m/libc_nano.a(lib_a-memcpy.o)
                              /tmp/cc8e04S2.ltrans7.ltrans.o (memcpy)
/usr/lib/gcc/arm-none-eabi/4.9.3/../../../arm-none-eabi/lib/armv7-m/libc_nano.a(lib_a-memset.o)
                              /tmp/cc8e04S2.ltrans0.ltrans.o (memset)
/usr/lib/gcc/arm-none-eabi/4.9.3/../../../arm-none-eabi/lib/armv7-m/libc_nano.a(lib_a-nano-callocr.o)
[...]
Memory Configuration

Name             Origin             Length             Attributes
FLASH            0x08000000         0x0001f000         xr
RAM              0x20000000         0x00005000         xrw
MEMORY_B1        0x60000000         0x00000000         xr
*default*        0x00000000         0xffffffff

Linker script and memory map

LOAD obj/main/NAZE/startup_stm32f10x_md_gcc.o
LOAD obj/main/NAZE/drivers/accgyro_mpu.o
LOAD /tmp/cc8e04S2.ltrans0.ltrans.o
LOAD /tmp/cc8e04S2.ltrans1.ltrans.o
LOAD /tmp/cc8e04S2.ltrans2.ltrans.o
LOAD /tmp/cc8e04S2.ltrans3.ltrans.o
LOAD /tmp/cc8e04S2.ltrans4.ltrans.o
LOAD /tmp/cc8e04S2.ltrans5.ltrans.o
LOAD /tmp/cc8e04S2.ltrans6.ltrans.o
LOAD /tmp/cc8e04S2.ltrans7.ltrans.o
LOAD /tmp/cc8e04S2.ltrans8.ltrans.o
LOAD /tmp/cc8e04S2.ltrans9.ltrans.o
LOAD /tmp/cc8e04S2.ltrans10.ltrans.o
LOAD /tmp/cc8e04S2.ltrans11.ltrans.o
LOAD /tmp/cc8e04S2.ltrans12.ltrans.o
LOAD /tmp/cc8e04S2.ltrans13.ltrans.o
LOAD /tmp/cc8e04S2.ltrans14.ltrans.o
LOAD /tmp/cc8e04S2.ltrans15.ltrans.o
LOAD /tmp/cc8e04S2.ltrans16.ltrans.o
LOAD /tmp/cc8e04S2.ltrans17.ltrans.o
LOAD /tmp/cc8e04S2.ltrans18.ltrans.o
LOAD /tmp/cc8e04S2.ltrans19.ltrans.o
LOAD /tmp/cc8e04S2.ltrans20.ltrans.o
LOAD /tmp/cc8e04S2.ltrans21.ltrans.o
LOAD /tmp/cc8e04S2.ltrans22.ltrans.o
LOAD /tmp/cc8e04S2.ltrans23.ltrans.o
LOAD /tmp/cc8e04S2.ltrans24.ltrans.o
LOAD obj/main/NAZE/drivers/accgyro_mpu3050.o
LOAD obj/main/NAZE/drivers/accgyro_mpu6050.o
LOAD obj/main/NAZE/drivers/accgyro_mpu6500.o
LOAD obj/main/NAZE/drivers/adc.o
LOAD obj/main/NAZE/drivers/adc_stm32f10x.o
LOAD obj/main/NAZE/drivers/barometer_bmp280.o
LOAD obj/main/NAZE/drivers/bus_spi.o
LOAD obj/main/NAZE/drivers/bus_i2c_stm32f10x.o
LOAD obj/main/NAZE/drivers/compass_hmc5883l.o
LOAD obj/main/NAZE/drivers/compass_qmc5883l.o
LOAD obj/main/NAZE/drivers/display_ug2864hsweg01.o
LOAD obj/main/NAZE/drivers/flash_m25p16.o
LOAD obj/main/NAZE/drivers/gpio_stm32f10x.o
LOAD obj/main/NAZE/drivers/inverter.o
LOAD obj/main/NAZE/drivers/light_led_stm32f10x.o
LOAD obj/main/NAZE/drivers/light_ws2811strip.o
LOAD obj/main/NAZE/drivers/light_ws2811strip_stm32f10x.o
LOAD obj/main/NAZE/drivers/sonar_hcsr04.o
LOAD obj/main/NAZE/drivers/pwm_mapping.o
LOAD obj/main/NAZE/drivers/pwm_output.o
LOAD obj/main/NAZE/drivers/pwm_rx.o
LOAD obj/main/NAZE/drivers/serial_softserial.o
LOAD obj/main/NAZE/drivers/serial_uart.o
LOAD obj/main/NAZE/drivers/serial_uart_stm32f10x.o
LOAD obj/main/NAZE/drivers/sound_beeper_stm32f10x.o
LOAD obj/main/NAZE/drivers/system_stm32f10x.o
LOAD obj/main/NAZE/drivers/timer.o
LOAD obj/main/NAZE/drivers/timer_stm32f10x.o
LOAD obj/main/NAZE/io/flashfs.o
LOAD obj/main/NAZE/hardware_revision.o
LOAD obj/main/NAZE/flight/gtune.o
LOAD obj/main/NAZE/flight/navigation.o
LOAD obj/main/NAZE/flight/gps_conversion.o
LOAD obj/main/NAZE/common/colorconversion.o
LOAD obj/main/NAZE/io/gps.o
LOAD obj/main/NAZE/io/ledstrip.o
LOAD obj/main/NAZE/io/display.o
LOAD obj/main/NAZE/telemetry/telemetry.o
LOAD obj/main/NAZE/telemetry/frsky.o
LOAD obj/main/NAZE/telemetry/hott.o
LOAD obj/main/NAZE/telemetry/smartport.o
LOAD obj/main/NAZE/telemetry/ltm.o
LOAD obj/main/NAZE/sensors/sonar.o
LOAD obj/main/NAZE/sensors/barometer.o
LOAD obj/main/NAZE/blackbox/blackbox.o
LOAD obj/main/NAZE/blackbox/blackbox_io.o
LOAD obj/main/NAZE/pif/source/core/pif.o
LOAD obj/main/NAZE/pif/source/core/pif_comm.o
LOAD obj/main/NAZE/pif/source/core/pif_i2c.o
LOAD obj/main/NAZE/pif/source/core/pif_list.o
LOAD obj/main/NAZE/pif/source/core/pif_log.o
LOAD obj/main/NAZE/pif/source/core/pif_ring_buffer.o
LOAD obj/main/NAZE/pif/source/core/pif_task.o
LOAD obj/main/NAZE/pif/source/core/pif_timer.o
LOAD obj/main/NAZE/pif/source/protocol/pif_msp.o
LOAD obj/main/NAZE/pif/source/sensor/pif_bmp280.o
LOAD obj/main/NAZE/pif/source/sensor/pif_hc_sr04.o
LOAD obj/main/NAZE/pif/source/sensor/pif_hmc5883.o
LOAD obj/main/NAZE/pif/source/sensor/pif_imu_sensor.o
LOAD obj/main/NAZE/pif/source/sensor/pif_mpu30x0.o
LOAD obj/main/NAZE/pif/source/sensor/pif_mpu60x0.o
LOAD obj/main/NAZE/pif/source/sensor/pif_mpu6500.o
LOAD obj/main/NAZE/pif/source/sensor/pif_qmc5883.o
LOAD obj/main/NAZE/build_config.o
LOAD obj/main/NAZE/debug.o
LOAD obj/main/NAZE/version.o
LOAD obj/main/NAZE/config/config.o
LOAD obj/main/NAZE/config/runtime_config.o
LOAD obj/main/NAZE/common/maths.o
LOAD obj/main/NAZE/common/printf.o
LOAD obj/main/NAZE/common/typeconversion.o
LOAD obj/main/NAZE/common/encoding.o
LOAD obj/main/NAZE/common/filter.o
LOAD obj/main/NAZE/scheduler.o
LOAD obj/main/NAZE/scheduler_tasks.o
LOAD obj/main/NAZE/main.o
LOAD obj/main/NAZE/mw.o
LOAD obj/main/NAZE/flight/altitudehold.o
LOAD obj/main/NAZE/flight/failsafe.o
LOAD obj/main/NAZE/flight/pid.o
LOAD obj/main/NAZE/flight/imu.o
LOAD obj/main/NAZE/flight/mixer.o
LOAD obj/main/NAZE/drivers/bus_i2c.o
LOAD obj/main/NAZE/drivers/bus_i2c_soft.o
LOAD obj/main/NAZE/drivers/sensor.o
LOAD obj/main/NAZE/drivers/serial.o
LOAD obj/main/NAZE/drivers/sound_beeper.o
LOAD obj/main/NAZE/drivers/system.o
LOAD obj/main/NAZE/drivers/dma.o
LOAD obj/main/NAZE/drivers/buf_writer.o
LOAD obj/main/NAZE/drivers/gyro_sync.o
LOAD obj/main/NAZE/io/beeper.o
LOAD obj/main/NAZE/io/rc_controls.o
LOAD obj/main/NAZE/io/rc_curves.o
LOAD obj/main/NAZE/io/serial.o
LOAD obj/main/NAZE/io/serial_cli.o
LOAD obj/main/NAZE/io/serial_msp.o
LOAD obj/main/NAZE/io/statusindicator.o
LOAD obj/main/NAZE/rx/rx.o
LOAD obj/main/NAZE/rx/pwm.o
LOAD obj/main/NAZE/rx/msp.o
LOAD obj/main/NAZE/rx/sbus.o
LOAD obj/main/NAZE/rx/sumd.o
LOAD obj/main/NAZE/rx/sumh.o
LOAD obj/main/NAZE/rx/spektrum.o
LOAD obj/main/NAZE/rx/xbus.o
LOAD obj/main/NAZE/rx/ibus.o
LOAD obj/main/NAZE/sensors/acceleration.o
LOAD obj/main/NAZE/sensors/battery.o
LOAD obj/main/NAZE/sensors/compass.o
LOAD obj/main/NAZE/sensors/gyro.o
LOAD obj/main/NAZE/sensors/initialisation.o
LOAD obj/main/NAZE/sensors/sensors.o
LOAD obj/main/NAZE/core_cm3.o
LOAD obj/main/NAZE/system_stm32f10x.o
LOAD obj/main/NAZE/stm32f10x_dma.o
LOAD obj/main/NAZE/stm32f10x_dbgmcu.o
LOAD obj/main/NAZE/stm32f10x_dac.o
LOAD obj/main/NAZE/stm32f10x_rtc.o
LOAD obj/main/NAZE/stm32f10x_pwr.o
LOAD obj/main/NAZE/stm32f10x_i2c.o
LOAD obj/main/NAZE/stm32f10x_sdio.o
LOAD obj/main/NAZE/stm32f10x_rcc.o
LOAD obj/main/NAZE/stm32f10x_flash.o
LOAD obj/main/NAZE/stm32f10x_usart.o
LOAD obj/main/NAZE/stm32f10x_tim.o
LOAD obj/main/NAZE/stm32f10x_wwdg.o
LOAD obj/main/NAZE/misc.o
LOAD obj/main/NAZE/stm32f10x_iwdg.o
LOAD obj/main/NAZE/stm32f10x_adc.o
LOAD obj/main/NAZE/stm32f10x_spi.o
LOAD obj/main/NAZE/stm32f10x_bkp.o
LOAD obj/main/NAZE/stm32f10x_exti.o
LOAD obj/main/NAZE/stm32f10x_fsmc.o
LOAD obj/main/NAZE/stm32f10x_gpio.o
LOAD /usr/lib/gcc/arm-none-eabi/4.9.3/../../../arm-none-eabi/lib/armv7-m/libm.a
LOAD /usr/lib/gcc/arm-none-eabi/4.9.3/../../../arm-none-eabi/lib/armv7-m/libc_nano.a
LOAD /usr/lib/gcc/arm-none-eabi/4.9.3/../../../arm-none-eabi/lib/armv7-m/libnosys.a
START GROUP
LOAD /usr/lib/gcc/arm-none-eabi/4.9.3/armv7-m/libgcc.a
LOAD /usr/lib/gcc/arm-none-eabi/4.9.3/../../../arm-none-eabi/lib/armv7-m/libg_nano.a
LOAD /usr/lib/gcc/arm-none-eabi/4.9.3/../../../arm-none-eabi/lib/armv7-m/libc_nano.a
END GROUP
START GROUP
LOAD /usr/lib/gcc/arm-none-eabi/4.9.3/armv7-m/libgcc.a
LOAD /usr/lib/gcc/arm-none-eabi/4.9.3/../../../arm-none-eabi/lib/armv7-m/libc_nano.a
END GROUP
                0x20005000                _estack = (ORIGIN (RAM) + LENGTH (RAM))
                0x00000000                _Min_Heap_Size = 0x0
                0x00000400                _Min_Stack_Size = 0x400

.isr_vector     0x08000000      0x10c
                0x08000000                . = ALIGN (0x4)
                [!provide]                PROVIDE (isr_vector_table_base, .)
 *(.isr_vector)
 .isr_vector    0x08000000      0x10c obj/main/NAZE/startup_stm32f10x_md_gcc.o
                0x08000000                g_pfnVectors
                0x0800010c                . = ALIGN (0x4)

.text           0x08000110    0x17428
                0x08000110                . = ALIGN (0x4)
 *(.text)
 .text          0x08000110     0x19b4 /tmp/cc8e04S2.ltrans1.ltrans.o
                0x08000110                evtMspReceive.lto_priv.362
 .text          0x08001ac4     0x11fc /tmp/cc8e04S2.ltrans2.ltrans.o
                0x08001ac4                taskUpdateRxMain
 .text          0x08002cc0     0x1c98 /tmp/cc8e04S2.ltrans3.ltrans.o
                0x08002cc0                taskMainPidLoop
 .text          0x08004958      0xbac /tmp/cc8e04S2.ltrans4.ltrans.o
                0x08004958                mpu6500AccDetect
                0x08004994                mpu6050AccDetect
                0x08004a30                bmp280Detect
                0x08004b2c                mpu6500GyroDetect
                0x08004d10                mpu3050Detect
                0x08004ebc                mpu6050GyroDetect
                0x08005424                i2cHandleHardwareFailure.lto_priv.268
                0x08005444                i2cRead
                0x080054f4                I2C2_EV_IRQHandler
                0x080054f8                I2C2_ER_IRQHandler
                0x080054fc                I2C1_EV_IRQHandler
                0x08005500                I2C1_ER_IRQHandler
 .text          0x08005504      0x394 /tmp/cc8e04S2.ltrans5.ltrans.o
                0x08005504                cliDump.lto_priv.326
 .text          0x08005898      0x884 /tmp/cc8e04S2.ltrans6.ltrans.o
                0x08005898                NVIC_Init.part.0.constprop.200
                0x080058d4                EXTI_Init.part.0.constprop.195
                0x08005928                _alignSensors.constprop.191
                0x08005a60                pifI2cDevice_Read.constprop.185
                0x08005b38                pifI2cDevice_Write.constprop.183
                0x08005c00                pifI2cPort_AddDevice.constprop.181
                0x08005c20                spiTransferByte.constprop.136
                0x08005c40                spiTransfer.constprop.135
                0x08005c80                pifImuSensor_ReadRawMag.part.4.constprop.132
                0x08005cc8                pifHmc5883_SetGain.constprop.129
                0x08005d34                timerConfigure.constprop.103
                0x08005d8c                uartOpen.constprop.95
                0x08006074                pifTask_GetDeltaTime.constprop.88
                0x080060ac                pif_Printf.constprop.85
                0x080060cc                pifRingBuffer_InitHeap.constprop.83
 .text          0x0800611c     0x1050 /tmp/cc8e04S2.ltrans7.ltrans.o
                0x08006144                _putc.lto_priv.388
                0x08006154                createTask.part.1.lto_priv.414
                0x08006184                applyBiQuadFilter
                0x080061ea                BiQuadNewLpf
                0x080062bc                fastA2F
                0x080063e8                itoa
                0x0800640e                ftoa
                0x080064dc                applyDeadband
                0x080064fa                acosf
                0x08006574                atan2f
                0x08006678                sinf
                0x08006760                cosf
                0x08006774                disableFlightMode
                0x08006794                enableFlightMode
                0x080067b4                handleOneshotFeatureChangeOnRestart
                0x08006808                activateControlRateConfig
                0x08006850                isEEPROMContentValid.lto_priv.419
                0x08006894                writeEEPROM
                0x080069e0                readEEPROM
                0x08006d34                saveConfigAndNotify
                0x08006d48                resetConf.lto_priv.208
 .text          0x0800716c      0x854 /tmp/cc8e04S2.ltrans8.ltrans.o
                0x0800716c                MAG_DATA_READY_EXTI_Handler
                0x0800718c                hmc5883lDetect
                0x08007468                i2cInit
                0x0800767c                i2c_ev_handler.lto_priv.470
                0x08007924                i2c_er_handler.lto_priv.471
 .text          0x080079c0      0x94c /tmp/cc8e04S2.ltrans9.ltrans.o
                0x080079c0                actUartStartTransfer.lto_priv.202
                0x080079ec                pwmOverflowCallback.lto_priv.378
                0x08007a14                ppmOverflowCallback.lto_priv.380
                0x08007a54                pwmWriteStandard.lto_priv.375
                0x08007a64                pwmWriteBrushed.lto_priv.376
                0x08007a88                ppmEdgeCallback.lto_priv.379
                0x08007cae                timCCxHandler.lto_priv.440
                0x08007d36                configTimeBase
                0x08007ddc                lookupTimerIndex.lto_priv.269
                0x08007e18                timerChConfigCallbacks
                0x08007ed0                USART3_IRQHandler
                0x08007ed8                USART2_IRQHandler
                0x08007ee0                USART1_IRQHandler
                0x08007ee8                DMA1_Channel4_IRQHandler
                0x08007f54                uartReconfigure.lto_priv.204
                0x0800807c                actCommSetBaudRate.lto_priv.201
                0x080080a4                pwmICConfig
                0x0800829c                pwmEdgeCallback.lto_priv.377
                0x080082f4                pwmWriteServo
 .text          0x0800830c      0x7b8 /tmp/cc8e04S2.ltrans10.ltrans.o
                0x0800830c                cliFlashErase.lto_priv.329
                0x0800833c                cliFlashInfo.lto_priv.330
                0x08008378                cliServo.lto_priv.238
                0x08008490                cliServoMix.lto_priv.339
                0x080087b0                cliRxRange.lto_priv.239
                0x08008888                cliMotorMix.lto_priv.334
                0x08008a80                dumpValues.lto_priv.237
 .text          0x08008ac4      0xa10 /tmp/cc8e04S2.ltrans11.ltrans.o
                0x08008ac4                _doTask.lto_priv.354
                0x08008b0c                _doTask.lto_priv.353
                0x08008b30                pifQmc5883_ReadMag
                0x08008b8c                pifMpu6500_ReadAccel
                0x08008bf6                pifMpu6500_ReadGyro
                0x08008c60                pifMpu60x0_ReadAccel
                0x08008cca                pifMpu60x0_ReadGyro
                0x08008d34                pifMpu30x0_ReadGyro
                0x08008d98                pifHmc5883_ReadMag
                0x08008e26                _doTask.lto_priv.464
                0x08009024                _evtParsing.lto_priv.365
                0x080091c0                _evtTimerRxTimeout.lto_priv.364
                0x080091f4                _evtSending.lto_priv.366
                0x08009288                _changeGain.isra.0.lto_priv.203
                0x080092dc                pifMsp_AddAnswer
                0x08009350                pifMsp_AddAnswer32
                0x080093cc                pifMsp_AddAnswer16
                0x0800943c                pifMsp_AddAnswer8
                0x080094a4                pifMsp_ReadData32
                0x080094c2                pifMsp_ReadData16
 .text          0x080094d4      0xc68 /tmp/cc8e04S2.ltrans12.ltrans.o
                0x080094d4                micros
                0x0800950c                beepInverted.lto_priv.384
                0x08009520                beepNormal.lto_priv.385
                0x08009534                actI2cRead
                0x08009544                actI2cWrite
                0x08009c48                delayMicroseconds
                0x08009c5e                delay
                0x08009c72                SysTick_Handler
                0x08009dd8                EXTI15_10_IRQHandler
                0x08009df8                registerExtiCallbackHandler
                0x08009e2c                systemBeep
                0x08009e38                writeMotors
                0x08009ee0                stopMotors
                0x08009f28                mixerResetDisarmedMotors
                0x08009f60                loadCustomServoMixer
                0x08009fb0                determineServoMiddleOrForwardFromChannel
                0x08009fe4                imuComputeRotationMatrix.lto_priv.317
                0x0800a118                pidSetController
 .text          0x0800a13c      0x85c /tmp/cc8e04S2.ltrans13.ltrans.o
                0x0800a13c                _actHcSr04Trigger.lto_priv.350
                0x0800a154                _evtHcSr04Distance.lto_priv.351
                0x0800a310                qmc5883lDetect
                0x0800a370                EXTI9_5_IRQHandler
                0x0800a372                EXTI1_IRQHandler
                0x0800a374                EXTI0_IRQHandler
                0x0800a376                gpioExtiLineConfig
                0x0800a3a0                gpioInit
                0x0800a404                pwmOutConfig.lto_priv.418
                0x0800a6b0                hmc5883lInit
                0x0800a8e4                m25p16_isReady
                0x0800a92c                m25p16_waitForReady
                0x0800a94c                m25p16_readBytes
 .text          0x0800a998      0x8ec /tmp/cc8e04S2.ltrans14.ltrans.o
                0x0800a998                _doTask.lto_priv.352
                0x0800ab04                pifI2cPort_RemoveDevice
                0x0800ab0e                pif_DecToString
                0x0800aba0                pif_PrintFormat
                0x0800ada8                pif_Delay1ms
                0x0800adc0                recalculateBarometerTotal.lto_priv.278
                0x0800ae34                evtBaroRead
                0x0800ae9c                calculate_Gtune
                0x0800b05c                flashfsFlushSync
                0x0800b1c0                flashfsGetOffset
                0x0800b1e8                flashfsEraseCompletely
                0x0800b234                TIM4_IRQHandler
                0x0800b244                TIM3_IRQHandler
                0x0800b254                TIM2_IRQHandler
                0x0800b264                TIM1_UP_IRQHandler
                0x0800b274                TIM1_CC_IRQHandler
 *fill*         0x0800b284        0x4 
 .text          0x0800b288      0xc9c /tmp/cc8e04S2.ltrans15.ltrans.o
                0x0800b288                taskCalculateAltitude
                0x0800b780                taskUpdateBaro
                0x0800b830                taskUpdateCompass
                0x0800b998                filterIsSetCheck
                0x0800b9dc                scaleItermToRcInput
                0x0800bac0                pidLuxFloat.lto_priv.267
                0x0800bec4                pidResetErrorAngle
                0x0800bee4                failsafeActivate.lto_priv.294
 .text          0x0800bf24      0x694 /tmp/cc8e04S2.ltrans16.ltrans.o
                0x0800bf24                _evtSending.lto_priv.322
                0x0800bf62                _doTask.lto_priv.323
                0x0800c06c                _evtParsing.lto_priv.321
                0x0800c26c                pifLog_CmdSetStatus
                0x0800c344                pifLog_CmdPrintVersion
                0x0800c368                _printLog.lto_priv.215
                0x0800c3a0                pifLog_CmdHelp
                0x0800c3e4                pifLog_CmdPrintTask
                0x0800c4b4                pifFixList_Init.part.1.lto_priv.205
                0x0800c510                pifFixList_Remove
                0x0800c540                pifFixList_AddFirst
                0x0800c56e                pifI2cDevice_WriteRegByte
                0x0800c582                pifI2cDevice_ReadRegBit8
                0x0800c5ae                pifI2cDevice_ReadRegBytes
                0x0800c5b2                pifI2cDevice_ReadRegByte
 .text          0x0800c5b8      0x474 /tmp/cc8e04S2.ltrans17.ltrans.o
                0x0800c5b8                cliRateProfile.lto_priv.235
                0x0800c604                cliProfile.lto_priv.236
                0x0800c644                cliPlaySound.lto_priv.336
                0x0800c6ec                cliMotor.lto_priv.335
                0x0800c764                cliMixer.lto_priv.333
                0x0800c80c                cliMap.lto_priv.332
                0x0800c8c0                cliPrintVar.lto_priv.216
                0x0800c9b0                cliReboot.lto_priv.232
                0x0800c9f0                cliDefaults.lto_priv.325
                0x0800ca10                cliSave.lto_priv.337
 .text          0x0800ca2c      0x628 /tmp/cc8e04S2.ltrans18.ltrans.o
                0x0800ca2c                cliVersion.lto_priv.244
                0x0800ca68                cliTasks.lto_priv.341
                0x0800cb1c                cliStatus.lto_priv.340
                0x0800ccbc                cliGet.lto_priv.331
                0x0800cd24                cliSet.lto_priv.338
                0x0800cf24                packFlightModeFlags.lto_priv.209
 .text          0x0800d054      0x910 /tmp/cc8e04S2.ltrans19.ltrans.o
                0x0800d0e8                pifTask_SetTrigger
                0x0800d114                _processingTask.lto_priv.412
                0x0800d1b8                _setParam.lto_priv.417
                0x0800d2c0                _checkParam.lto_priv.415
                0x0800d324                pifTaskManager_Add
                0x0800d3bc                _resetTable.lto_priv.416
                0x0800d3e8                pifTaskManager_Remove
                0x0800d42c                pifRingBuffer_GetRemainSize
                0x0800d442                pifRingBuffer_GetFillSize
                0x0800d454                pifRingBuffer_Remove
                0x0800d4f4                pifRingBuffer_PutString
                0x0800d554                pifRingBuffer_PutData
                0x0800d5ac                pifRingBuffer_PutByte
                0x0800d5e8                pifRingBuffer_Clear
                0x0800d600                pifLog_Printf
                0x0800d730                _checkLoopTime.lto_priv.413
                0x0800d7b4                pifTaskManager_Yield
 .text          0x0800d964      0x860 /tmp/cc8e04S2.ltrans20.ltrans.o
                0x0800d964                evtMspOtherPacket
                0x0800d9a0                dmaNoOpHandler
                0x0800da04                cliShowArgumentRangeError.lto_priv.230
                0x0800da20                cliAux.lto_priv.241
                0x0800dae8                cliShowParseError.lto_priv.231
                0x0800daf4                cliAdjustmentRange.lto_priv.240
                0x0800dc0c                cliRxFail.lto_priv.242
                0x0800dd40                serialRemovePort
                0x0800dd70                serialFindPortConfiguration
                0x0800dda8                cliSerial.lto_priv.243
                0x0800defc                doesConfigurationUsePort
                0x0800df12                generateThrottleCurve
                0x0800dfa4                generatePitchRollCurve
                0x0800dfd8                isRangeActive.part.2.lto_priv.293
                0x0800e020                calculateThrottleStatus
                0x0800e054                beeperSilence
                0x0800e07c                beeper
                0x0800e0c0                beeperConfirmationBeeps
                0x0800e0f0                DMA1_Channel7_IRQHandler
                0x0800e100                DMA1_Channel6_IRQHandler
                0x0800e110                DMA1_Channel3_IRQHandler
                0x0800e120                DMA1_Channel2_IRQHandler
                0x0800e130                failureMode
 .text          0x0800e1c4      0x670 /tmp/cc8e04S2.ltrans21.ltrans.o
                0x0800e1ec                rxMspReadRawRC.lto_priv.358
                0x0800e1f8                ppmReadRawRC.lto_priv.360
                0x0800e208                pwmReadRawRC.lto_priv.359
                0x0800e218                nullReadRawRC.lto_priv.292
                0x0800e21c                pifRingBuffer_CreateHeap.constprop.82
                0x0800e254                resetSerialConfig.constprop.54
                0x0800e2bc                isModeActivationConditionPresent.constprop.47
                0x0800e2da                parseRcChannels.constprop.43
                0x0800e314                findNextSerialPortConfig.constprop.27
                0x0800e348                initI2cDevice.constprop.19
                0x0800e3ac                setAdjustment.isra.0.constprop.12
                0x0800e410                GPIO_Init
                0x0800e4ac                FLASH_WaitForLastOperation
                0x0800e4ce                RCC_GetClocksFreq
                0x0800e560                DMA_Init
                0x0800e59c                DMA_DeInit
                0x0800e68c                SystemInit
                0x0800e6d8                batteryAdcToVoltage
                0x0800e704                updateBatteryVoltage.lto_priv.301
                0x0800e73c                getRxfailValue.lto_priv.295
                0x0800e798                resumeRxSignal
                0x0800e7c0                suspendRxSignal
                0x0800e7ec                warningLedRefresh
 .text          0x0800e834      0x130 /tmp/cc8e04S2.ltrans22.ltrans.o
                0x0800e834                cliFeature.lto_priv.328
                0x0800e940                cliExit.lto_priv.327
 .text          0x0800e964      0x530 /tmp/cc8e04S2.ltrans23.ltrans.o
                0x0800e964                taskUpdateBattery
                0x0800eb6c                taskUpdateBeeper
                0x0800ec44                taskUpdateAccelerometer
 .text          0x0800ee94      0x1d4 /tmp/cc8e04S2.ltrans24.ltrans.o
                0x0800ee94                taskSystem
                0x0800efc0                mwArm
                0x0800f034                mwDisarm
                0x0800f050                HardFault_Handler
 .text          0x0800f068      0x370 /usr/lib/gcc/arm-none-eabi/4.9.3/armv7-m/libgcc.a(_arm_addsubdf3.o)
                0x0800f068                __aeabi_drsub
                0x0800f070                __aeabi_dsub
                0x0800f070                __subdf3
                0x0800f074                __adddf3
                0x0800f074                __aeabi_dadd
                0x0800f2ec                __aeabi_ui2d
                0x0800f2ec                __floatunsidf
                0x0800f30c                __floatsidf
                0x0800f30c                __aeabi_i2d
                0x0800f330                __extendsfdf2
                0x0800f330                __aeabi_f2d
                0x0800f36c                __aeabi_ul2d
                0x0800f36c                __floatundidf
                0x0800f37c                __floatdidf
                0x0800f37c                __aeabi_l2d
 .text          0x0800f3d8      0x424 /usr/lib/gcc/arm-none-eabi/4.9.3/armv7-m/libgcc.a(_arm_muldivdf3.o)
                0x0800f3d8                __aeabi_dmul
                0x0800f3d8                __muldf3
                0x0800f62c                __aeabi_ddiv
                0x0800f62c                __divdf3
 .text          0x0800f7fc      0x110 /usr/lib/gcc/arm-none-eabi/4.9.3/armv7-m/libgcc.a(_arm_cmpdf2.o)
                0x0800f7fc                __gtdf2
                0x0800f7fc                __gedf2
                0x0800f804                __ltdf2
                0x0800f804                __ledf2
                0x0800f80c                __cmpdf2
                0x0800f80c                __eqdf2
                0x0800f80c                __nedf2
                0x0800f888                __aeabi_cdrcmple
                0x0800f898                __aeabi_cdcmple
                0x0800f898                __aeabi_cdcmpeq
                0x0800f8a8                __aeabi_dcmpeq
                0x0800f8bc                __aeabi_dcmplt
                0x0800f8d0                __aeabi_dcmple
                0x0800f8e4                __aeabi_dcmpge
                0x0800f8f8                __aeabi_dcmpgt
 .text          0x0800f90c       0x40 /usr/lib/gcc/arm-none-eabi/4.9.3/armv7-m/libgcc.a(_arm_fixunsdfsi.o)
                0x0800f90c                __fixunsdfsi
                0x0800f90c                __aeabi_d2uiz
 .text          0x0800f94c       0xa0 /usr/lib/gcc/arm-none-eabi/4.9.3/armv7-m/libgcc.a(_arm_truncdfsf2.o)
                0x0800f94c                __aeabi_d2f
                0x0800f94c                __truncdfsf2
 .text          0x0800f9ec      0x21c /usr/lib/gcc/arm-none-eabi/4.9.3/armv7-m/libgcc.a(_arm_addsubsf3.o)
                0x0800f9ec                __aeabi_frsub
                0x0800f9f4                __subsf3
                0x0800f9f4                __aeabi_fsub
                0x0800f9f8                __aeabi_fadd
                0x0800f9f8                __addsf3
                0x0800fb58                __aeabi_ui2f
                0x0800fb58                __floatunsisf
                0x0800fb60                __aeabi_i2f
                0x0800fb60                __floatsisf
                0x0800fb7c                __floatundisf
                0x0800fb7c                __aeabi_ul2f
                0x0800fb8c                __floatdisf
                0x0800fb8c                __aeabi_l2f
 .text          0x0800fc08      0x2a0 /usr/lib/gcc/arm-none-eabi/4.9.3/armv7-m/libgcc.a(_arm_muldivsf3.o)
                0x0800fc08                __mulsf3
                0x0800fc08                __aeabi_fmul
                0x0800fd70                __divsf3
                0x0800fd70                __aeabi_fdiv
 .text          0x0800fea8       0xec /usr/lib/gcc/arm-none-eabi/4.9.3/armv7-m/libgcc.a(_arm_cmpsf2.o)
                0x0800fea8                __gtsf2
                0x0800fea8                __gesf2
                0x0800feb0                __lesf2
                0x0800feb0                __ltsf2
                0x0800feb8                __nesf2
                0x0800feb8                __eqsf2
                0x0800feb8                __cmpsf2
                0x0800ff18                __aeabi_cfrcmple
                0x0800ff20                __aeabi_cfcmple
                0x0800ff20                __aeabi_cfcmpeq
                0x0800ff30                __aeabi_fcmpeq
                0x0800ff44                __aeabi_fcmplt
                0x0800ff58                __aeabi_fcmple
                0x0800ff6c                __aeabi_fcmpge
                0x0800ff80                __aeabi_fcmpgt
 .text          0x0800ff94       0x4c /usr/lib/gcc/arm-none-eabi/4.9.3/armv7-m/libgcc.a(_arm_fixsfsi.o)
                0x0800ff94                __fixsfsi
                0x0800ff94                __aeabi_f2iz
 .text          0x0800ffe0       0x40 /usr/lib/gcc/arm-none-eabi/4.9.3/armv7-m/libgcc.a(_arm_fixunssfsi.o)
                0x0800ffe0                __aeabi_f2uiz
                0x0800ffe0                __fixunssfsi
 .text          0x08010020       0x38 /usr/lib/gcc/arm-none-eabi/4.9.3/armv7-m/libgcc.a(_aeabi_ldivmod.o)
                0x08010020                __aeabi_ldivmod
 .text          0x08010058       0x60 /usr/lib/gcc/arm-none-eabi/4.9.3/armv7-m/libgcc.a(bpabi.o)
                0x08010058                __gnu_ldivmod_helper
                0x08010088                __gnu_uldivmod_helper
 .text          0x080100b8        0x4 /usr/lib/gcc/arm-none-eabi/4.9.3/armv7-m/libgcc.a(_dvmd_tls.o)
                0x080100b8                __aeabi_ldiv0
                0x080100b8                __aeabi_idiv0
 .text          0x080100bc      0x2ac /usr/lib/gcc/arm-none-eabi/4.9.3/armv7-m/libgcc.a(_divdi3.o)
                0x080100bc                __divdi3
 .text          0x08010368      0x270 /usr/lib/gcc/arm-none-eabi/4.9.3/armv7-m/libgcc.a(_udivdi3.o)
                0x08010368                __udivdi3
 *(.text*)
 .text.Reset_Handler
                0x080105d8       0x9c obj/main/NAZE/startup_stm32f10x_md_gcc.o
                0x080105d8                Reset_Handler
 .text.Default_Handler
                0x08010674        0x2 obj/main/NAZE/startup_stm32f10x_md_gcc.o
                0x08010674                EXTI2_IRQHandler
                0x08010674                DebugMon_Handler
                0x08010674                PVD_IRQHandler
                0x08010674                PendSV_Handler
                0x08010674                NMI_Handler
                0x08010674                EXTI3_IRQHandler
                0x08010674                UsageFault_Handler
                0x08010674                ADC1_2_IRQHandler
                0x08010674                SPI1_IRQHandler
                0x08010674                TAMPER_IRQHandler
                0x08010674                RTC_IRQHandler
                0x08010674                CAN1_RX1_IRQHandler
                0x08010674                RCC_IRQHandler
                0x08010674                TIM1_TRG_COM_IRQHandler
                0x08010674                DMA1_Channel1_IRQHandler
                0x08010674                Default_Handler
                0x08010674                SPI2_IRQHandler
                0x08010674                MemManage_Handler
                0x08010674                SVC_Handler
                0x08010674                DMA1_Channel5_IRQHandler
                0x08010674                EXTI4_IRQHandler
                0x08010674                USB_LP_CAN1_RX0_IRQHandler
                0x08010674                USB_HP_CAN1_TX_IRQHandler
                0x08010674                WWDG_IRQHandler
                0x08010674                TIM1_BRK_IRQHandler
                0x08010674                RTCAlarm_IRQHandler
                0x08010674                CAN1_SCE_IRQHandler
                0x08010674                FLASH_IRQHandler
                0x08010674                BusFault_Handler
                0x08010674                USBWakeUp_IRQHandler
 *fill*         0x08010676        0x2 
 .text.startup  0x08010678     0x234c /tmp/cc8e04S2.ltrans0.ltrans.o
                0x08010678                main
 .text.atoi     0x080129c4        0x8 /usr/lib/gcc/arm-none-eabi/4.9.3/../../../arm-none-eabi/lib/armv7-m/libc_nano.a(lib_a-atoi.o)
                0x080129c4                atoi
 .text._strtol_r
                0x080129cc      0x10c /usr/lib/gcc/arm-none-eabi/4.9.3/../../../arm-none-eabi/lib/armv7-m/libc_nano.a(lib_a-strtol.o)
                0x080129cc                _strtol_r
 .text.strtol   0x08012ad8       0x1c /usr/lib/gcc/arm-none-eabi/4.9.3/../../../arm-none-eabi/lib/armv7-m/libc_nano.a(lib_a-strtol.o)
                0x08012ad8                strtol
 .text.lrintf   0x08012af4       0x78 /usr/lib/gcc/arm-none-eabi/4.9.3/../../../arm-none-eabi/lib/armv7-m/libm.a(lib_a-sf_lrint.o)
                0x08012af4                lrintf
 .text.powf     0x08012b6c      0x314 /usr/lib/gcc/arm-none-eabi/4.9.3/../../../arm-none-eabi/lib/armv7-m/libm.a(lib_a-wf_pow.o)
                0x08012b6c                powf
 .text.sqrtf    0x08012e80       0x9c /usr/lib/gcc/arm-none-eabi/4.9.3/../../../arm-none-eabi/lib/armv7-m/libm.a(lib_a-wf_sqrt.o)
                0x08012e80                sqrtf
 .text.__ieee754_powf
                0x08012f1c      0x6ec /usr/lib/gcc/arm-none-eabi/4.9.3/../../../arm-none-eabi/lib/armv7-m/libm.a(lib_a-ef_pow.o)
                0x08012f1c                __ieee754_powf
 .text.__ieee754_sqrtf
                0x08013608       0xa8 /usr/lib/gcc/arm-none-eabi/4.9.3/../../../arm-none-eabi/lib/armv7-m/libm.a(lib_a-ef_sqrt.o)
                0x08013608                __ieee754_sqrtf
 .text.matherr  0x080136b0        0x4 /usr/lib/gcc/arm-none-eabi/4.9.3/../../../arm-none-eabi/lib/armv7-m/libm.a(lib_a-s_matherr.o)
                0x080136b0                matherr
 .text.rint     0x080136b4      0x11c /usr/lib/gcc/arm-none-eabi/4.9.3/../../../arm-none-eabi/lib/armv7-m/libm.a(lib_a-s_rint.o)
                0x080136b4                rint
 .text.fabsf    0x080137d0        0x8 /usr/lib/gcc/arm-none-eabi/4.9.3/../../../arm-none-eabi/lib/armv7-m/libm.a(lib_a-sf_fabs.o)
                0x080137d0                fabsf
 .text.finitef  0x080137d8       0x10 /usr/lib/gcc/arm-none-eabi/4.9.3/../../../arm-none-eabi/lib/armv7-m/libm.a(lib_a-sf_finite.o)
                0x080137d8                finitef
 .text.__fpclassifyf
                0x080137e8       0x34 /usr/lib/gcc/arm-none-eabi/4.9.3/../../../arm-none-eabi/lib/armv7-m/libm.a(lib_a-sf_fpclassify.o)
                0x080137e8                __fpclassifyf
 .text.nanf     0x0801381c        0x8 /usr/lib/gcc/arm-none-eabi/4.9.3/../../../arm-none-eabi/lib/armv7-m/libm.a(lib_a-sf_nan.o)
                0x0801381c                nanf
 .text.scalbnf  0x08013824       0xb0 /usr/lib/gcc/arm-none-eabi/4.9.3/../../../arm-none-eabi/lib/armv7-m/libm.a(lib_a-sf_scalbn.o)
                0x08013824                scalbnf
 .text.copysignf
                0x080138d4        0xc /usr/lib/gcc/arm-none-eabi/4.9.3/../../../arm-none-eabi/lib/armv7-m/libm.a(lib_a-sf_copysign.o)
                0x080138d4                copysignf
 .text.calloc   0x080138e0       0x14 /usr/lib/gcc/arm-none-eabi/4.9.3/../../../arm-none-eabi/lib/armv7-m/libc_nano.a(lib_a-calloc.o)
                0x080138e0                calloc
 .text.__errno  0x080138f4        0xc /usr/lib/gcc/arm-none-eabi/4.9.3/../../../arm-none-eabi/lib/armv7-m/libc_nano.a(lib_a-errno.o)
                0x080138f4                __errno
 .text.malloc   0x08013900       0x10 /usr/lib/gcc/arm-none-eabi/4.9.3/../../../arm-none-eabi/lib/armv7-m/libc_nano.a(lib_a-malloc.o)
                0x08013900                malloc
 .text.free     0x08013910       0x10 /usr/lib/gcc/arm-none-eabi/4.9.3/../../../arm-none-eabi/lib/armv7-m/libc_nano.a(lib_a-malloc.o)
                0x08013910                free
 .text.memcpy   0x08013920       0x16 /usr/lib/gcc/arm-none-eabi/4.9.3/../../../arm-none-eabi/lib/armv7-m/libc_nano.a(lib_a-memcpy.o)
                0x08013920                memcpy
 .text.memset   0x08013936       0x10 /usr/lib/gcc/arm-none-eabi/4.9.3/../../../arm-none-eabi/lib/armv7-m/libc_nano.a(lib_a-memset.o)
                0x08013936                memset
 .text._calloc_r
                0x08013946       0x1c /usr/lib/gcc/arm-none-eabi/4.9.3/../../../arm-none-eabi/lib/armv7-m/libc_nano.a(lib_a-nano-callocr.o)
                0x08013946                _calloc_r
 *fill*         0x08013962        0x2 
 .text._free_r  0x08013964       0x88 /usr/lib/gcc/arm-none-eabi/4.9.3/../../../arm-none-eabi/lib/armv7-m/libc_nano.a(lib_a-nano-freer.o)
                0x08013964                _free_r
 .text._malloc_r
                0x080139ec       0xac /usr/lib/gcc/arm-none-eabi/4.9.3/../../../arm-none-eabi/lib/armv7-m/libc_nano.a(lib_a-nano-mallocr.o)
                0x080139ec                _malloc_r
 .text._sbrk_r  0x08013a98       0x20 /usr/lib/gcc/arm-none-eabi/4.9.3/../../../arm-none-eabi/lib/armv7-m/libc_nano.a(lib_a-sbrkr.o)
                0x08013a98                _sbrk_r
 .text.strcasecmp
                0x08013ab8       0x3c /usr/lib/gcc/arm-none-eabi/4.9.3/../../../arm-none-eabi/lib/armv7-m/libc_nano.a(lib_a-strcasecmp.o)
                0x08013ab8                strcasecmp
 .text.strcat   0x08013af4       0x1e /usr/lib/gcc/arm-none-eabi/4.9.3/../../../arm-none-eabi/lib/armv7-m/libc_nano.a(lib_a-strcat.o)
                0x08013af4                strcat
 .text.strchr   0x08013b12       0x1c /usr/lib/gcc/arm-none-eabi/4.9.3/../../../arm-none-eabi/lib/armv7-m/libc_nano.a(lib_a-strchr.o)
                0x08013b12                strchr
 .text.strcpy   0x08013b2e       0x10 /usr/lib/gcc/arm-none-eabi/4.9.3/../../../arm-none-eabi/lib/armv7-m/libc_nano.a(lib_a-strcpy.o)
                0x08013b2e                strcpy
 .text.strlen   0x08013b3e       0x10 /usr/lib/gcc/arm-none-eabi/4.9.3/../../../arm-none-eabi/lib/armv7-m/libc_nano.a(lib_a-strlen.o)
                0x08013b3e                strlen
 *fill*         0x08013b4e        0x2 
 .text.strncasecmp
                0x08013b50       0x44 /usr/lib/gcc/arm-none-eabi/4.9.3/../../../arm-none-eabi/lib/armv7-m/libc_nano.a(lib_a-strncasecmp.o)
                0x08013b50                strncasecmp
 .text.strncpy  0x08013b94       0x24 /usr/lib/gcc/arm-none-eabi/4.9.3/../../../arm-none-eabi/lib/armv7-m/libc_nano.a(lib_a-strncpy.o)
                0x08013b94                strncpy
 .text.strstr   0x08013bb8       0x30 /usr/lib/gcc/arm-none-eabi/4.9.3/../../../arm-none-eabi/lib/armv7-m/libc_nano.a(lib_a-strstr.o)
                0x08013bb8                strstr
 .text._sbrk    0x08013be8       0x1c /usr/lib/gcc/arm-none-eabi/4.9.3/../../../arm-none-eabi/lib/armv7-m/libnosys.a(sbrk.o)
                0x08013be8                _sbrk
 *(.rodata)
 .rodata        0x08013c04      0x188 /tmp/cc8e04S2.ltrans0.ltrans.o
 .rodata        0x08013d8c      0x198 /tmp/cc8e04S2.ltrans1.ltrans.o
                0x08013f18                shortGitRevision
                0x08013f1c                buildTime
                0x08013f20                buildDate
 .rodata        0x08013f24       0x58 /tmp/cc8e04S2.ltrans8.ltrans.o
 .rodata        0x08013f7c        0xc /tmp/cc8e04S2.ltrans9.ltrans.o
 .rodata        0x08013f88      0x64d /tmp/cc8e04S2.ltrans10.ltrans.o
                0x08013f88                servoMixers
                0x08014058                mixerAtail4.lto_priv.404
                0x08014098                mixerDualcopter.lto_priv.403
                0x080140b8                mixerHex6H.lto_priv.402
                0x08014118                mixerVtail4.lto_priv.401
                0x08014158                mixerOctoFlatX.lto_priv.400
                0x080141d8                mixerOctoFlatP.lto_priv.399
                0x08014258                mixerOctoX8.lto_priv.398
                0x080142d8                mixerHex6X.lto_priv.397
                0x08014338                mixerY4.lto_priv.396
                0x08014378                mixerSingleProp.lto_priv.395
                0x08014388                mixerHex6P.lto_priv.394
                0x080143e8                mixerY6.lto_priv.393
                0x08014448                mixerBicopter.lto_priv.392
                0x08014468                mixerQuadX.lto_priv.391
                0x080144a8                mixerQuadP.lto_priv.390
                0x080144e8                mixerTricopter.lto_priv.389
                0x08014518                servoMixerSingle.lto_priv.411
                0x08014550                servoMixerDual.lto_priv.410
                0x0801455e                servoMixerAirplane.lto_priv.409
                0x08014581                servoMixerFlyingWing.lto_priv.408
                0x080145a4                servoMixerGimbal.lto_priv.407
                0x080145b2                servoMixerBI.lto_priv.406
                0x080145ce                servoMixerTri.lto_priv.405
 *fill*         0x080145d5        0x3 
 .rodata        0x080145d8        0xc /tmp/cc8e04S2.ltrans11.ltrans.o
 .rodata        0x080145e4        0xc /tmp/cc8e04S2.ltrans12.ltrans.o
 .rodata        0x080145f0       0x58 /tmp/cc8e04S2.ltrans16.ltrans.o
 .rodata        0x08014648      0x183 /tmp/cc8e04S2.ltrans17.ltrans.o
                0x08014648                beeperTable.lto_priv.251
                0x08014708                mixerNames.lto_priv.233
                0x08014770                beep_armedBeep.lto_priv.265
                0x08014775                beep_disarmRepeatBeep.lto_priv.264
                0x08014779                beep_readyBeep.lto_priv.263
                0x08014788                beep_2longerBeeps.lto_priv.262
                0x0801478d                beep_2shortBeeps.lto_priv.261
                0x08014792                beep_shortBeep.lto_priv.260
                0x08014795                beep_lowBatteryBeep.lto_priv.259
                0x08014798                beep_critBatteryBeep.lto_priv.258
                0x0801479b                beep_armedGpsFix.lto_priv.257
                0x080147a4                beep_armingBeep.lto_priv.256
                0x080147a9                beep_disarmBeep.lto_priv.255
                0x080147ae                beep_txLostBeep.lto_priv.254
                0x080147b1                beep_sos.lto_priv.253
                0x080147c4                beep_gyroCalibrated.lto_priv.252
 *fill*         0x080147cb        0x1 
 .rodata        0x080147cc      0xcb8 /tmp/cc8e04S2.ltrans18.ltrans.o
                0x080147fc                valueTable
                0x0801538c                lookupTables.lto_priv.217
                0x080153dc                lookupDeltaMethod.lto_priv.229
                0x080153e4                lookupTableGyroLpf.lto_priv.228
                0x080153fc                lookupTableGyroFilter.lto_priv.227
                0x0801540c                lookupTableSerialRX.lto_priv.226
                0x0801542c                lookupTablePidController.lto_priv.225
                0x08015438                lookupTableGimbalMode.lto_priv.224
                0x08015440                lookupTableCurrentSensor.lto_priv.223
                0x0801544c                lookupTableAlignment.lto_priv.222
                0x08015470                lookupTableUnit.lto_priv.221
                0x08015478                lookupTableOffOn.lto_priv.220
                0x08015480                type_ch
 .rodata        0x08015484       0x2c /tmp/cc8e04S2.ltrans20.ltrans.o
                0x08015490                baudRates
 .rodata        0x080154b0       0x14 /tmp/cc8e04S2.ltrans21.ltrans.o
 .rodata        0x080154c4       0x5c /tmp/cc8e04S2.ltrans22.ltrans.o
                0x080154c4                featureNames.lto_priv.234
 .rodata        0x08015520      0x1f0 /tmp/cc8e04S2.ltrans24.ltrans.o
 *(.rodata*)
 .rodata.gyro_detect
                0x08015710       0x40 /tmp/cc8e04S2.ltrans0.ltrans.o
 .rodata.timerHardware
                0x08015750       0xe0 /tmp/cc8e04S2.ltrans0.ltrans.o
 .rodata.str1.1
                0x08015830       0x2b /tmp/cc8e04S2.ltrans0.ltrans.o
 .rodata.str1.1
                0x0801585b      0x129 /tmp/cc8e04S2.ltrans1.ltrans.o
                                0x13a (size before relaxing)
 .rodata.str1.1
                0x08015984       0x54 /tmp/cc8e04S2.ltrans4.ltrans.o
 .rodata.str1.1
                0x080159d8      0x180 /tmp/cc8e04S2.ltrans5.ltrans.o
                                0x19f (size before relaxing)
 .rodata.str1.1
                0x08015b58       0x8f /tmp/cc8e04S2.ltrans6.ltrans.o
 .rodata.str1.1
                0x08015be7       0x30 /tmp/cc8e04S2.ltrans7.ltrans.o
 .rodata.str1.1
                0x08015c17       0x4c /tmp/cc8e04S2.ltrans8.ltrans.o
 *fill*         0x08015c63        0x1 
 .rodata.mixers
                0x08015c64       0xd0 /tmp/cc8e04S2.ltrans10.ltrans.o
                0x08015c64                mixers
 .rodata.str1.1
                0x08015d34      0x15a /tmp/cc8e04S2.ltrans10.ltrans.o
                                0x173 (size before relaxing)
 .rodata.str1.1
                0x08015e8e       0x75 /tmp/cc8e04S2.ltrans11.ltrans.o
                                 0x86 (size before relaxing)
 .rodata.str1.1
                0x08015f03        0x8 /tmp/cc8e04S2.ltrans13.ltrans.o
 .rodata.str1.1
                0x08015f0b       0x22 /tmp/cc8e04S2.ltrans14.ltrans.o
 .rodata.str1.1
                0x08015f2d      0x1d0 /tmp/cc8e04S2.ltrans16.ltrans.o
                                0x208 (size before relaxing)
 .rodata.str1.1
                0x080160fd      0x214 /tmp/cc8e04S2.ltrans17.ltrans.o
                                0x270 (size before relaxing)
 .rodata.str1.1
                0x08016311      0xb25 /tmp/cc8e04S2.ltrans18.ltrans.o
                                0xb94 (size before relaxing)
 .rodata.str1.1
                0x08016e36       0x10 /tmp/cc8e04S2.ltrans19.ltrans.o
 .rodata.str1.1
                0x08016e46       0xa2 /tmp/cc8e04S2.ltrans20.ltrans.o
                                 0xb0 (size before relaxing)
 .rodata.rcChannelLetters
                0x08016ee8       0x15 /tmp/cc8e04S2.ltrans21.ltrans.o
                0x08016ee8                rcChannelLetters
 .rodata.str1.1
                0x08016efd      0x132 /tmp/cc8e04S2.ltrans22.ltrans.o
                                0x15d (size before relaxing)
 .rodata.str1.1
                0x0801702f      0x3c1 /tmp/cc8e04S2.ltrans24.ltrans.o
                                0x403 (size before relaxing)
 .rodata._ctype_
                0x080173f0      0x101 /usr/lib/gcc/arm-none-eabi/4.9.3/../../../arm-none-eabi/lib/armv7-m/libc_nano.a(lib_a-ctype_.o)
                0x080173f0                _ctype_
 .rodata.str1.1
                0x080174f1        0x0 /usr/lib/gcc/arm-none-eabi/4.9.3/../../../arm-none-eabi/lib/armv7-m/libc_nano.a(lib_a-impure.o)
                                  0x2 (size before relaxing)
 *fill*         0x080174f1        0x3 
 .rodata.TWO23  0x080174f4        0x8 /usr/lib/gcc/arm-none-eabi/4.9.3/../../../arm-none-eabi/lib/armv7-m/libm.a(lib_a-sf_lrint.o)
 .rodata.str1.4
                0x080174fc        0x5 /usr/lib/gcc/arm-none-eabi/4.9.3/../../../arm-none-eabi/lib/armv7-m/libm.a(lib_a-wf_pow.o)
                                  0x8 (size before relaxing)
 *fill*         0x08017501        0x3 
 .rodata.str1.4
                0x08017504        0x6 /usr/lib/gcc/arm-none-eabi/4.9.3/../../../arm-none-eabi/lib/armv7-m/libm.a(lib_a-wf_sqrt.o)
                                  0x8 (size before relaxing)
 *fill*         0x0801750a        0x2 
 .rodata.dp_h   0x0801750c        0x8 /usr/lib/gcc/arm-none-eabi/4.9.3/../../../arm-none-eabi/lib/armv7-m/libm.a(lib_a-ef_pow.o)
 .rodata.dp_l   0x08017514        0x8 /usr/lib/gcc/arm-none-eabi/4.9.3/../../../arm-none-eabi/lib/armv7-m/libm.a(lib_a-ef_pow.o)
 .rodata.bp     0x0801751c        0x8 /usr/lib/gcc/arm-none-eabi/4.9.3/../../../arm-none-eabi/lib/armv7-m/libm.a(lib_a-ef_pow.o)
 .rodata.str1.4
                0x08017524        0x8 /usr/lib/gcc/arm-none-eabi/4.9.3/../../../arm-none-eabi/lib/armv7-m/libm.a(lib_a-ef_pow.o)
                                  0x4 (size before relaxing)
 *fill*         0x08017524        0x4 
 .rodata.TWO52  0x08017528       0x10 /usr/lib/gcc/arm-none-eabi/4.9.3/../../../arm-none-eabi/lib/armv7-m/libm.a(lib_a-s_rint.o)
 *(.glue_7)
 .glue_7        0x08017538        0x0 linker stubs
 *(.glue_7t)
 .glue_7t       0x08017538        0x0 linker stubs
 *(.eh_frame)
 *(.init)
 *(.fini)
                0x08017538                . = ALIGN (0x4)
                0x08017538                _etext = .

.vfp11_veneer   0x08017538        0x0
 .vfp11_veneer  0x08017538        0x0 linker stubs

.v4_bx          0x08017538        0x0
 .v4_bx         0x08017538        0x0 linker stubs

.iplt           0x08017538        0x0
 .iplt          0x08017538        0x0 obj/main/NAZE/startup_stm32f10x_md_gcc.o

.ARM.extab
 *(.ARM.extab* .gnu.linkonce.armextab.*)

.ARM            0x08017538        0x8
                0x08017538                __exidx_start = .
 *(.ARM.exidx*)
 .ARM.exidx     0x08017538        0x8 /usr/lib/gcc/arm-none-eabi/4.9.3/armv7-m/libgcc.a(_divdi3.o)
 .ARM.exidx     0x08017540        0x0 /usr/lib/gcc/arm-none-eabi/4.9.3/armv7-m/libgcc.a(_udivdi3.o)
                                  0x8 (size before relaxing)
                0x08017540                __exidx_end = .

.rel.dyn        0x08017540        0x0
 .rel.iplt      0x08017540        0x0 obj/main/NAZE/startup_stm32f10x_md_gcc.o

.preinit_array  0x08017540        0x0
                [!provide]                PROVIDE (__preinit_array_start, .)
 *(.preinit_array*)
                [!provide]                PROVIDE (__preinit_array_end, .)

.init_array     0x08017540        0x0
                [!provide]                PROVIDE (__init_array_start, .)
 *(SORT(.init_array.*))
 *(.init_array*)
                [!provide]                PROVIDE (__init_array_end, .)

.fini_array     0x08017540        0x0
                [!provide]                PROVIDE (__fini_array_start, .)
 *(.fini_array*)
 *(SORT(.fini_array.*))
                [!provide]                PROVIDE (__fini_array_end, .)
                0x08017540                _sidata = .

.data           0x20000000      0x1a8 load address 0x08017540
                0x20000000                . = ALIGN (0x4)
                0x20000000                _sdata = .
 *(.data)
 .data          0x20000000       0x11 /tmp/cc8e04S2.ltrans1.ltrans.o
                0x20000000                geometry.lto_priv.245
                0x20000010                isUsingSticksToArm.lto_priv.280
 *fill*         0x20000011        0x3 
 .data          0x20000014        0x8 /tmp/cc8e04S2.ltrans2.ltrans.o
                0x20000018                rcReadRawFunc.lto_priv.356
 .data          0x2000001c        0x2 /tmp/cc8e04S2.ltrans6.ltrans.o
                0x2000001c                pif_id
 .data          0x2000001e        0x1 /tmp/cc8e04S2.ltrans11.ltrans.o
 *fill*         0x2000001f        0x1 
 .data          0x20000020        0x4 /tmp/cc8e04S2.ltrans12.ltrans.o
                0x20000020                q0.lto_priv.313
 .data          0x20000024        0xc /tmp/cc8e04S2.ltrans13.ltrans.o
 .data          0x20000030        0xc /tmp/cc8e04S2.ltrans15.ltrans.o
 .data          0x2000003c        0x4 /tmp/cc8e04S2.ltrans17.ltrans.o
 .data          0x20000040        0x1 /tmp/cc8e04S2.ltrans18.ltrans.o
                0x20000040                s_minute.lto_priv.218
 *fill*         0x20000041        0x3 
 .data          0x20000044        0x4 /tmp/cc8e04S2.ltrans21.ltrans.o
                0x20000044                hse_value
 .data          0x20000048        0x4 /tmp/cc8e04S2.ltrans24.ltrans.o
 *(.data*)
 .data.hcsr04_name
                0x2000004c        0x4 /tmp/cc8e04S2.ltrans0.ltrans.o
 .data.bmp280_name
                0x20000050        0x4 /tmp/cc8e04S2.ltrans4.ltrans.o
 .data.mpu3050_name
                0x20000054        0x4 /tmp/cc8e04S2.ltrans4.ltrans.o
 .data.mpu6500_name
                0x20000058        0x4 /tmp/cc8e04S2.ltrans4.ltrans.o
 .data.mpu6050_name
                0x2000005c        0x4 /tmp/cc8e04S2.ltrans4.ltrans.o
 .data.hmc5883_name
                0x20000060        0x4 /tmp/cc8e04S2.ltrans8.ltrans.o
 .data.pid_controller
                0x20000064        0x4 /tmp/cc8e04S2.ltrans12.ltrans.o
                0x20000064                pid_controller
 .data.qmc5883_name
                0x20000068        0x4 /tmp/cc8e04S2.ltrans13.ltrans.o
 .data.batteryCellCount
                0x2000006c        0x1 /tmp/cc8e04S2.ltrans18.ltrans.o
                0x2000006c                batteryCellCount
 *fill*         0x2000006d        0x3 
 .data.SystemCoreClock
                0x20000070        0x4 /tmp/cc8e04S2.ltrans18.ltrans.o
                0x20000070                SystemCoreClock
 .data.cfTasks  0x20000074       0xc8 /tmp/cc8e04S2.ltrans18.ltrans.o
                0x20000074                cfTasks
 .data.__ctype_ptr__
                0x2000013c        0x4 /usr/lib/gcc/arm-none-eabi/4.9.3/../../../arm-none-eabi/lib/armv7-m/libc_nano.a(lib_a-ctype_.o)
                0x2000013c                __ctype_ptr__
 .data.impure_data
                0x20000140       0x60 /usr/lib/gcc/arm-none-eabi/4.9.3/../../../arm-none-eabi/lib/armv7-m/libc_nano.a(lib_a-impure.o)
 .data._impure_ptr
                0x200001a0        0x4 /usr/lib/gcc/arm-none-eabi/4.9.3/../../../arm-none-eabi/lib/armv7-m/libc_nano.a(lib_a-impure.o)
                0x200001a0                _impure_ptr
 .data.__fdlib_version
                0x200001a4        0x1 /usr/lib/gcc/arm-none-eabi/4.9.3/../../../arm-none-eabi/lib/armv7-m/libm.a(lib_a-s_lib_ver.o)
                0x200001a4                __fdlib_version
                0x200001a8                . = ALIGN (0x4)
 *fill*         0x200001a5        0x3 
                0x200001a8                _edata = .

.igot.plt       0x200001a8        0x0 load address 0x080176e8
 .igot.plt      0x200001a8        0x0 obj/main/NAZE/startup_stm32f10x_md_gcc.o
                0x200001a8                . = ALIGN (0x4)

.bss            0x200001a8     0x1d84 load address 0x080176e8
                0x200001a8                _sbss = .
                0x200001a8                __bss_start__ = _sbss
 *(.bss)
 .bss           0x200001a8      0x378 /tmp/cc8e04S2.ltrans0.ltrans.o
                0x200001a8                s_it_current.lto_priv.429
                0x200001ac                s_table_number.lto_priv.433
                0x200001b0                s_table.lto_priv.434
                0x20000238                i2cOverClock.lto_priv.453
                0x2000025c                inputFilteringMode.lto_priv.444
                0x200002d8                ppmDev
                0x20000404                servos.lto_priv.446
                0x20000428                mpuIntExtiConfig.lto_priv.469
                0x2000042c                mpuDetectionResult
                0x2000042e                mpuDividerDrops.lto_priv.465
                0x200004e8                s_hcsr04.lto_priv.447
                0x20000508                sonarHardware.lto_priv.448
                0x2000050c                couldBeBusy.lto_priv.439
                0x20000510                tailAddress.lto_priv.438
                0x20000514                s_task_cutin.lto_priv.431
                0x20000518                s_loop_count.lto_priv.430
                0x2000051c                s_pass_count.lto_priv.432
 .bss           0x20000520       0xf0 /tmp/cc8e04S2.ltrans1.ltrans.o
                0x20000520                i2cErrorCount.lto_priv.212
                0x20000524                enabledSensors.lto_priv.213
                0x20000528                pif_performance
                0x20000530                accSmooth
                0x20000538                gyroADC
                0x20000544                magADC
                0x20000550                servo
                0x20000560                currentProfile
                0x20000564                motor
                0x2000057c                rxRuntimeConfig
                0x2000057e                attitude
                0x20000584                EstAlt.lto_priv.275
                0x20000588                vario
                0x2000058c                calculatedAltitude.lto_priv.276
                0x20000590                mAhDrawn
                0x20000594                rssi
                0x20000598                amperage
                0x2000059c                currentControlRateProfile
                0x200005a0                activeBoxIds.lto_priv.210
                0x200005bc                activeBoxIdCount.lto_priv.211
                0x200005be                debug
                0x200005c8                serialPortUsageList.lto_priv.246
                0x200005ec                magHold
                0x200005ee                rxMspFrameDone.lto_priv.291
                0x200005f0                escAndServoConfig.lto_priv.279
                0x200005f4                motor_disarmed
                0x2000060c                calibratingA.lto_priv.282
                0x2000060e                stateFlags
 .bss           0x20000610      0x12c /tmp/cc8e04S2.ltrans2.ltrans.o
                0x20000611                ppmFrameCount.lto_priv.445
                0x20000639                rcSampleIndex.lto_priv.355
                0x20000684                rcInvalidPulsPeriod
                0x200006e8                rxConfig.lto_priv.285
                0x200006ec                deadband3dThrottle.lto_priv.361
                0x200006f0                disarmAt.lto_priv.324
                0x200006f8                calibratingG.lto_priv.311
                0x200006fa                AccInflightCalibrationMeasurementDone
                0x200006fb                AccInflightCalibrationSavetoEEProm
                0x200006fe                InflightcalibratingA
                0x20000700                AccInflightCalibrationActive
                0x20000704                adjustmentStates
                0x20000736                headFreeModeHold
                0x20000738                isRXDataNew.lto_priv.309
                0x20000739                haveProcessedAnnexCodeOnce.lto_priv.302
                0x2000073a                initialThrottleHold.lto_priv.308
 .bss           0x2000073c      0x385 /tmp/cc8e04S2.ltrans3.ltrans.o
                0x2000074c                gyroLpfCutFreq.lto_priv.428
                0x200007c4                gyroConfig.lto_priv.427
                0x20000820                imuRuntimeConfig.lto_priv.367
                0x20000848                gyroScale.lto_priv.368
                0x20000858                smallAngleCosZ
                0x20000864                fc_acc
                0x20000868                accDeadband.lto_priv.423
                0x2000086c                lookupYawRC
                0x20000884                rxRefreshRate.lto_priv.357
                0x2000089c                rcControlsConfig.lto_priv.422
                0x200008a4                escAndServoConfig.lto_priv.304
                0x200008a8                throttleAngleScale
                0x200008ac                mixerConfig.lto_priv.370
                0x200008b0                currentMixer.lto_priv.373
                0x20000974                rxConfig.lto_priv.425
                0x20000978                currentMixerMode.lto_priv.372
                0x2000099c                gimbalConfig.lto_priv.424
                0x200009a0                servoFilterState.lto_priv.371
                0x20000ac0                motorControlEnable
 *fill*         0x20000ac1        0x3 
 .bss           0x20000ac4       0xa2 /tmp/cc8e04S2.ltrans4.ltrans.o
 *fill*         0x20000b66        0x2 
 .bss           0x20000b68        0x4 /tmp/cc8e04S2.ltrans5.ltrans.o
                0x20000b68                servoConf.lto_priv.266
 .bss           0x20000b6c      0x280 /tmp/cc8e04S2.ltrans6.ltrans.o
                0x20000b6c                sensor_link
                0x20000c70                pif_cumulative_timer1ms
                0x20000c74                g_i2c_port
                0x20000ca4                hmc5883.lto_priv.449
                0x20000cbc                uartPort1.lto_priv.443
                0x20000d20                uartPort2.lto_priv.442
                0x20000d84                uartPort3.lto_priv.441
                0x20000de8                pif_act_timer1us
 .bss           0x20000dec       0x1c /tmp/cc8e04S2.ltrans7.ltrans.o
 .bss           0x20000e08        0x4 /tmp/cc8e04S2.ltrans8.ltrans.o
                0x20000e08                I2Cx_index.lto_priv.463
 .bss           0x20000e0c      0x14c /tmp/cc8e04S2.ltrans9.ltrans.o
 .bss           0x20000f58      0x29c /tmp/cc8e04S2.ltrans12.ltrans.o
                0x20000f58                usTicks.lto_priv.387
                0x20000f5c                addr.lto_priv.457
                0x20000f5d                reg.lto_priv.455
                0x20000f5e                writing.lto_priv.459
                0x20000f5f                reading.lto_priv.454
                0x20000f60                write_p.lto_priv.460
                0x20000f64                read_p.lto_priv.458
                0x20000f68                bytes.lto_priv.456
                0x20000f69                busy.lto_priv.461
                0x20000f6a                error.lto_priv.462
                0x20000f6c                I2Cx.lto_priv.452
                0x20000f70                rcCommand
                0x20000f78                PIDweight
                0x20000f7c                targetLooptime
                0x20000f80                errorGyroI.lto_priv.283
                0x20000f8c                motorLimitReached
                0x20000fc0                axisPID
                0x20000fc8                deltaFilterState.lto_priv.270
                0x20001034                errorAngleI.lto_priv.271
                0x2000103c                dynP8
                0x20001054                dynD8
                0x20001057                motorCount
                0x2000105c                extiHandlerConfigs.lto_priv.386
                0x20001074                motors.lto_priv.374
                0x200010a4                timerConfig
                0x20001144                flight3DConfig.lto_priv.303
                0x20001148                escAndServoConfig.lto_priv.305
                0x2000114c                servoRuleCount.lto_priv.307
                0x2000114d                currentServoMixer.lto_priv.306
                0x200011c0                customServoMixers.lto_priv.381
                0x200011c4                q1.lto_priv.314
                0x200011c8                q2.lto_priv.315
                0x200011cc                q3.lto_priv.316
                0x200011d0                rMat.lto_priv.277
 .bss           0x200011f4       0xe4 /tmp/cc8e04S2.ltrans13.ltrans.o
                0x20001204                device.5645.lto_priv.451
                0x200012d4                hmc5883Config.lto_priv.450
 .bss           0x200012d8      0x17c /tmp/cc8e04S2.ltrans14.ltrans.o
 .bss           0x20001454       0xf0 /tmp/cc8e04S2.ltrans15.ltrans.o
                0x20001454                pif_timer1us
                0x2000145c                calibratingB.lto_priv.281
                0x20001464                baroPressureSum.lto_priv.436
                0x20001468                barometerConfig.lto_priv.273
                0x20001494                sonarMaxTiltCos.lto_priv.349
                0x20001498                sonarCfAltCm
                0x200014a0                sonarMaxAltWithTiltCm
                0x200014a4                accSumCount
                0x200014a8                accSum
                0x200014b4                accVelScale
                0x200014b8                barometerConfig.lto_priv.274
                0x200014c4                AltHold
                0x200014c8                pidProfile.lto_priv.420
                0x200014cc                errorVelocityI
                0x200014d0                altHoldThrottleAdjustment
                0x200014d4                velocityControl
                0x200014d8                baroPressure.lto_priv.435
                0x200014dc                baroReady.lto_priv.437
                0x200014f0                magInit.lto_priv.369
                0x200014f8                errorGyroIf.lto_priv.284
                0x20001504                dT
                0x20001540                failsafeConfig.lto_priv.287
 .bss           0x20001544        0x1 /tmp/cc8e04S2.ltrans16.ltrans.o
 *fill*         0x20001545        0x3 
 .bss           0x20001548       0x7a /tmp/cc8e04S2.ltrans17.ltrans.o
                0x20001548                s_log.lto_priv.320
                0x200015ac                beep_multiBeeps.lto_priv.249
 *fill*         0x200015c2        0x2 
 .bss           0x200015c4       0x52 /tmp/cc8e04S2.ltrans18.ltrans.o
                0x200015c4                batteryState.lto_priv.296
                0x200015c8                s_tasks.lto_priv.342
                0x200015e0                g_timer_1ms
                0x20001604                currentControlRateProfileIndex.lto_priv.219
                0x20001606                flightModeFlags
                0x20001608                rcModeActivationMask
                0x2000160c                pif_timer1ms
                0x2000160e                pif_datetime
 *fill*         0x20001616        0x2 
 .bss           0x20001618       0x31 /tmp/cc8e04S2.ltrans19.ltrans.o
 *fill*         0x20001649        0x3 
 .bss           0x2000164c       0x50 /tmp/cc8e04S2.ltrans20.ltrans.o
                0x2000164c                p_msp.lto_priv.318
                0x20001650                p_serial.lto_priv.319
                0x20001654                serialPortCount.lto_priv.382
                0x20001656                lookupThrottleRC
                0x2000166e                lookupPitchRollRC
                0x2000167c                beeperIsOn.lto_priv.299
                0x20001680                beeperNextToggleTime.lto_priv.298
                0x20001684                beeperPos.lto_priv.300
                0x20001688                currentBeeperEntry.lto_priv.297
                0x2000168c                dmaHandlers.lto_priv.383
 .bss           0x2000169c      0x800 /tmp/cc8e04S2.ltrans21.ltrans.o
                0x2000169c                mspFrame.lto_priv.207
                0x200016c0                captures.lto_priv.290
                0x200016d8                masterConfig
                0x20001de4                serialConfig.lto_priv.247
                0x20001de8                findSerialPortConfigState.lto_priv.363
                0x20001dec                pidProfile.lto_priv.206
                0x20001df0                batteryConfig
                0x20001df4                adcConfig
                0x20001e04                adcValues
                0x20001e0c                vbatLatestADC
                0x20001e10                vbatFilterState.lto_priv.348
                0x20001e34                vbat
                0x20001e38                rxConfig.lto_priv.286
                0x20001e3c                activeFeaturesLatch.lto_priv.248
                0x20001e40                rcData
                0x20001e64                suspendRxSignalUntil.lto_priv.289
                0x20001e68                skipRxSamples.lto_priv.288
                0x20001e6c                sysTickUptime.lto_priv.214
                0x20001e70                failsafeState.lto_priv.272
                0x20001e94                warningLedState.lto_priv.250
                0x20001e98                warningLedTimer.lto_priv.310
 *fill*         0x20001e9c        0x4 
 .bss           0x20001ea0       0x59 /tmp/cc8e04S2.ltrans23.ltrans.o
                0x20001ea4                batteryWarningVoltage
                0x20001ea6                batteryCriticalVoltage
                0x20001ec4                accADC
                0x20001ed0                accelerationTrims.lto_priv.426
                0x20001ef8                isAccelUpdatedAtLeastOnce.lto_priv.312
 *fill*         0x20001ef9        0x3 
 .bss           0x20001efc        0x5 /tmp/cc8e04S2.ltrans24.ltrans.o
                0x20001f00                systemState.lto_priv.343
 *(SORT(.bss*))
 *fill*         0x20001f01        0x3 
 .bss.systemBeepPtr
                0x20001f04        0x4 /tmp/cc8e04S2.ltrans12.ltrans.o
                0x20001f04                systemBeepPtr
 .bss.accTimeSum
                0x20001f08        0x4 /tmp/cc8e04S2.ltrans15.ltrans.o
                0x20001f08                accTimeSum
 .bss.setVelocity
                0x20001f0c        0x4 /tmp/cc8e04S2.ltrans15.ltrans.o
                0x20001f0c                setVelocity
 .bss.pif_log_flag
                0x20001f10        0x4 /tmp/cc8e04S2.ltrans19.ltrans.o
                0x20001f10                pif_log_flag
 .bss.__malloc_sbrk_start
                0x20001f14        0x4 /usr/lib/gcc/arm-none-eabi/4.9.3/../../../arm-none-eabi/lib/armv7-m/libc_nano.a(lib_a-nano-mallocr.o)
                0x20001f14                __malloc_sbrk_start
 .bss.__malloc_free_list
                0x20001f18        0x4 /usr/lib/gcc/arm-none-eabi/4.9.3/../../../arm-none-eabi/lib/armv7-m/libc_nano.a(lib_a-nano-mallocr.o)
                0x20001f18                __malloc_free_list
 .bss.heap_end.4079
                0x20001f1c        0x4 /usr/lib/gcc/arm-none-eabi/4.9.3/../../../arm-none-eabi/lib/armv7-m/libnosys.a(sbrk.o)
 .bss.cycleTime
                0x20001f20        0x2 /tmp/cc8e04S2.ltrans1.ltrans.o
                0x20001f20                cycleTime
 .bss.armingFlags
                0x20001f22        0x1 /tmp/cc8e04S2.ltrans1.ltrans.o
                0x20001f22                armingFlags
 .bss.hardwareRevision
                0x20001f23        0x1 /tmp/cc8e04S2.ltrans1.ltrans.o
                0x20001f23                hardwareRevision
 .bss.pif_error
                0x20001f24        0x1 /tmp/cc8e04S2.ltrans6.ltrans.o
                0x20001f24                pif_error
 .bss.cliMode   0x20001f25        0x1 /tmp/cc8e04S2.ltrans22.ltrans.o
                0x20001f25                cliMode
 *(COMMON)
 *fill*         0x20001f26        0x2 
 COMMON         0x20001f28        0x4 /usr/lib/gcc/arm-none-eabi/4.9.3/../../../arm-none-eabi/lib/armv7-m/libc_nano.a(lib_a-reent.o)
                0x20001f28                errno
                0x20001f2c                . = ALIGN (0x4)
                0x20001f2c                _ebss = .
                0x20001f2c                __bss_end__ = _ebss

._user_heap_stack
                0x20001f2c      0x400 load address 0x080176e8
                0x20001f2c                . = ALIGN (0x4)
                0x20001f2c                PROVIDE (end, .)
                [!provide]                PROVIDE (_end, .)
                0x20001f2c                . = (. + _Min_Heap_Size)
                0x2000232c                . = (. + _Min_Stack_Size)
 *fill*         0x20001f2c      0x400 
                0x2000232c                . = ALIGN (0x4)

.memory_b1_text
 *(.mb1text)
 *(.mb1text*)
 *(.mb1rodata)
 *(.mb1rodata*)

/DISCARD/
 libc.a(*)
 libm.a(*)
 libgcc.a(*)

.ARM.attributes
                0x00000000       0x2f
 *(.ARM.attributes)
 .ARM.attributes
                0x00000000       0x21 obj/main/NAZE/startup_stm32f10x_md_gcc.o
 .ARM.attributes
                0x00000021       0x31 /tmp/cc8e04S2.ltrans0.ltrans.o
 .ARM.attributes
                0x00000052       0x31 /tmp/cc8e04S2.ltrans1.ltrans.o
 .ARM.attributes
                0x00000083       0x31 /tmp/cc8e04S2.ltrans2.ltrans.o
 .ARM.attributes
                0x000000b4       0x31 /tmp/cc8e04S2.ltrans3.ltrans.o
 .ARM.attributes
                0x000000e5       0x31 /tmp/cc8e04S2.ltrans4.ltrans.o
 .ARM.attributes
                0x00000116       0x31 /tmp/cc8e04S2.ltrans5.ltrans.o
 .ARM.attributes
                0x00000147       0x31 /tmp/cc8e04S2.ltrans6.ltrans.o
 .ARM.attributes
                0x00000178       0x31 /tmp/cc8e04S2.ltrans7.ltrans.o
 .ARM.attributes
                0x000001a9       0x31 /tmp/cc8e04S2.ltrans8.ltrans.o
 .ARM.attributes
                0x000001da       0x31 /tmp/cc8e04S2.ltrans9.ltrans.o
 .ARM.attributes
                0x0000020b       0x31 /tmp/cc8e04S2.ltrans10.ltrans.o
 .ARM.attributes
                0x0000023c       0x31 /tmp/cc8e04S2.ltrans11.ltrans.o
 .ARM.attributes
                0x0000026d       0x31 /tmp/cc8e04S2.ltrans12.ltrans.o
 .ARM.attributes
                0x0000029e       0x31 /tmp/cc8e04S2.ltrans13.ltrans.o
 .ARM.attributes
                0x000002cf       0x31 /tmp/cc8e04S2.ltrans14.ltrans.o
 .ARM.attributes
                0x00000300       0x31 /tmp/cc8e04S2.ltrans15.ltrans.o
 .ARM.attributes
                0x00000331       0x31 /tmp/cc8e04S2.ltrans16.ltrans.o
 .ARM.attributes
                0x00000362       0x31 /tmp/cc8e04S2.ltrans17.ltrans.o
 .ARM.attributes
                0x00000393       0x31 /tmp/cc8e04S2.ltrans18.ltrans.o
 .ARM.attributes
                0x000003c4       0x31 /tmp/cc8e04S2.ltrans19.ltrans.o
 .ARM.attributes
                0x000003f5       0x31 /tmp/cc8e04S2.ltrans20.ltrans.o
 .ARM.attributes
                0x00000426       0x31 /tmp/cc8e04S2.ltrans21.ltrans.o
 .ARM.attributes
                0x00000457       0x31 /tmp/cc8e04S2.ltrans22.ltrans.o
 .ARM.attributes
                0x00000488       0x31 /tmp/cc8e04S2.ltrans23.ltrans.o
 .ARM.attributes
                0x000004b9       0x31 /tmp/cc8e04S2.ltrans24.ltrans.o
 .ARM.attributes
                0x000004ea       0x2d /usr/lib/gcc/arm-none-eabi/4.9.3/../../../arm-none-eabi/lib/armv7-m/libc_nano.a(lib_a-atoi.o)
 .ARM.attributes
                0x00000517       0x2d /usr/lib/gcc/arm-none-eabi/4.9.3/../../../arm-none-eabi/lib/armv7-m/libc_nano.a(lib_a-ctype_.o)
 .ARM.attributes
                0x00000544       0x2d /usr/lib/gcc/arm-none-eabi/4.9.3/../../../arm-none-eabi/lib/armv7-m/libc_nano.a(lib_a-strtol.o)
 .ARM.attributes
                0x00000571       0x2d /usr/lib/gcc/arm-none-eabi/4.9.3/../../../arm-none-eabi/lib/armv7-m/libc_nano.a(lib_a-impure.o)
 .ARM.attributes
                0x0000059e       0x2d /usr/lib/gcc/arm-none-eabi/4.9.3/../../../arm-none-eabi/lib/armv7-m/libm.a(lib_a-sf_lrint.o)
 .ARM.attributes
                0x000005cb       0x2d /usr/lib/gcc/arm-none-eabi/4.9.3/../../../arm-none-eabi/lib/armv7-m/libm.a(lib_a-wf_pow.o)
 .ARM.attributes
                0x000005f8       0x2d /usr/lib/gcc/arm-none-eabi/4.9.3/../../../arm-none-eabi/lib/armv7-m/libm.a(lib_a-wf_sqrt.o)
 .ARM.attributes
                0x00000625       0x2d /usr/lib/gcc/arm-none-eabi/4.9.3/../../../arm-none-eabi/lib/armv7-m/libm.a(lib_a-ef_pow.o)
 .ARM.attributes
                0x00000652       0x2d /usr/lib/gcc/arm-none-eabi/4.9.3/../../../arm-none-eabi/lib/armv7-m/libm.a(lib_a-ef_sqrt.o)
 .ARM.attributes
                0x0000067f       0x2d /usr/lib/gcc/arm-none-eabi/4.9.3/../../../arm-none-eabi/lib/armv7-m/libm.a(lib_a-s_lib_ver.o)
 .ARM.attributes
                0x000006ac       0x2d /usr/lib/gcc/arm-none-eabi/4.9.3/../../../arm-none-eabi/lib/armv7-m/libm.a(lib_a-s_matherr.o)
 .ARM.attributes
                0x000006d9       0x2d /usr/lib/gcc/arm-none-eabi/4.9.3/../../../arm-none-eabi/lib/armv7-m/libm.a(lib_a-s_rint.o)
 .ARM.attributes
                0x00000706       0x2d /usr/lib/gcc/arm-none-eabi/4.9.3/../../../arm-none-eabi/lib/armv7-m/libm.a(lib_a-sf_fabs.o)
 .ARM.attributes
                0x00000733       0x2d /usr/lib/gcc/arm-none-eabi/4.9.3/../../../arm-none-eabi/lib/armv7-m/libm.a(lib_a-sf_finite.o)
 .ARM.attributes
                0x00000760       0x2d /usr/lib/gcc/arm-none-eabi/4.9.3/../../../arm-none-eabi/lib/armv7-m/libm.a(lib_a-sf_fpclassify.o)
 .ARM.attributes
                0x0000078d       0x2d /usr/lib/gcc/arm-none-eabi/4.9.3/../../../arm-none-eabi/lib/armv7-m/libm.a(lib_a-sf_nan.o)
 .ARM.attributes
                0x000007ba       0x2d /usr/lib/gcc/arm-none-eabi/4.9.3/../../../arm-none-eabi/lib/armv7-m/libm.a(lib_a-sf_scalbn.o)
 .ARM.attributes
                0x000007e7       0x2d /usr/lib/gcc/arm-none-eabi/4.9.3/../../../arm-none-eabi/lib/armv7-m/libm.a(lib_a-sf_copysign.o)
 .ARM.attributes
                0x00000814       0x2d /usr/lib/gcc/arm-none-eabi/4.9.3/../../../arm-none-eabi/lib/armv7-m/libc_nano.a(lib_a-calloc.o)
 .ARM.attributes
                0x00000841       0x2d /usr/lib/gcc/arm-none-eabi/4.9.3/../../../arm-none-eabi/lib/armv7-m/libc_nano.a(lib_a-errno.o)
 .ARM.attributes
                0x0000086e       0x2d /usr/lib/gcc/arm-none-eabi/4.9.3/../../../arm-none-eabi/lib/armv7-m/libc_nano.a(lib_a-malloc.o)
 .ARM.attributes
                0x0000089b       0x2d /usr/lib/gcc/arm-none-eabi/4.9.3/../../../arm-none-eabi/lib/armv7-m/libc_nano.a(lib_a-memcpy.o)
 .ARM.attributes
                0x000008c8       0x2d /usr/lib/gcc/arm-none-eabi/4.9.3/../../../arm-none-eabi/lib/armv7-m/libc_nano.a(lib_a-memset.o)
 .ARM.attributes
                0x000008f5       0x2d /usr/lib/gcc/arm-none-eabi/4.9.3/../../../arm-none-eabi/lib/armv7-m/libc_nano.a(lib_a-nano-callocr.o)
 .ARM.attributes
                0x00000922       0x2d /usr/lib/gcc/arm-none-eabi/4.9.3/../../../arm-none-eabi/lib/armv7-m/libc_nano.a(lib_a-nano-freer.o)
 .ARM.attributes
                0x0000094f       0x2d /usr/lib/gcc/arm-none-eabi/4.9.3/../../../arm-none-eabi/lib/armv7-m/libc_nano.a(lib_a-nano-mallocr.o)
 .ARM.attributes
                0x0000097c       0x2d /usr/lib/gcc/arm-none-eabi/4.9.3/../../../arm-none-eabi/lib/armv7-m/libc_nano.a(lib_a-sbrkr.o)
 .ARM.attributes
                0x000009a9       0x2d /usr/lib/gcc/arm-none-eabi/4.9.3/../../../arm-none-eabi/lib/armv7-m/libc_nano.a(lib_a-strcasecmp.o)
 .ARM.attributes
                0x000009d6       0x2d /usr/lib/gcc/arm-none-eabi/4.9.3/../../../arm-none-eabi/lib/armv7-m/libc_nano.a(lib_a-strcat.o)
 .ARM.attributes
                0x00000a03       0x2d /usr/lib/gcc/arm-none-eabi/4.9.3/../../../arm-none-eabi/lib/armv7-m/libc_nano.a(lib_a-strchr.o)
 .ARM.attributes
                0x00000a30       0x2d /usr/lib/gcc/arm-none-eabi/4.9.3/../../../arm-none-eabi/lib/armv7-m/libc_nano.a(lib_a-strcpy.o)
 .ARM.attributes
                0x00000a5d       0x2d /usr/lib/gcc/arm-none-eabi/4.9.3/../../../arm-none-eabi/lib/armv7-m/libc_nano.a(lib_a-strlen.o)
 .ARM.attributes
                0x00000a8a       0x2d /usr/lib/gcc/arm-none-eabi/4.9.3/../../../arm-none-eabi/lib/armv7-m/libc_nano.a(lib_a-strncasecmp.o)
 .ARM.attributes
                0x00000ab7       0x2d /usr/lib/gcc/arm-none-eabi/4.9.3/../../../arm-none-eabi/lib/armv7-m/libc_nano.a(lib_a-strncpy.o)
 .ARM.attributes
                0x00000ae4       0x2d /usr/lib/gcc/arm-none-eabi/4.9.3/../../../arm-none-eabi/lib/armv7-m/libc_nano.a(lib_a-strstr.o)
 .ARM.attributes
                0x00000b11       0x2d /usr/lib/gcc/arm-none-eabi/4.9.3/../../../arm-none-eabi/lib/armv7-m/libc_nano.a(lib_a-reent.o)
 .ARM.attributes
                0x00000b3e       0x2d /usr/lib/gcc/arm-none-eabi/4.9.3/../../../arm-none-eabi/lib/armv7-m/libnosys.a(sbrk.o)
 .ARM.attributes
                0x00000b6b       0x1d /usr/lib/gcc/arm-none-eabi/4.9.3/armv7-m/libgcc.a(_arm_addsubdf3.o)
 .ARM.attributes
                0x00000b88       0x1d /usr/lib/gcc/arm-none-eabi/4.9.3/armv7-m/libgcc.a(_arm_muldivdf3.o)
 .ARM.attributes
                0x00000ba5       0x1d /usr/lib/gcc/arm-none-eabi/4.9.3/armv7-m/libgcc.a(_arm_cmpdf2.o)
 .ARM.attributes
                0x00000bc2       0x1d /usr/lib/gcc/arm-none-eabi/4.9.3/armv7-m/libgcc.a(_arm_fixunsdfsi.o)
 .ARM.attributes
                0x00000bdf       0x1d /usr/lib/gcc/arm-none-eabi/4.9.3/armv7-m/libgcc.a(_arm_truncdfsf2.o)
 .ARM.attributes
                0x00000bfc       0x1d /usr/lib/gcc/arm-none-eabi/4.9.3/armv7-m/libgcc.a(_arm_addsubsf3.o)
 .ARM.attributes
                0x00000c19       0x1d /usr/lib/gcc/arm-none-eabi/4.9.3/armv7-m/libgcc.a(_arm_muldivsf3.o)
 .ARM.attributes
                0x00000c36       0x1d /usr/lib/gcc/arm-none-eabi/4.9.3/armv7-m/libgcc.a(_arm_cmpsf2.o)
 .ARM.attributes
                0x00000c53       0x1d /usr/lib/gcc/arm-none-eabi/4.9.3/armv7-m/libgcc.a(_arm_fixsfsi.o)
 .ARM.attributes
                0x00000c70       0x1d /usr/lib/gcc/arm-none-eabi/4.9.3/armv7-m/libgcc.a(_arm_fixunssfsi.o)
 .ARM.attributes
                0x00000c8d       0x1d /usr/lib/gcc/arm-none-eabi/4.9.3/armv7-m/libgcc.a(_aeabi_ldivmod.o)
 .ARM.attributes
                0x00000caa       0x2d /usr/lib/gcc/arm-none-eabi/4.9.3/armv7-m/libgcc.a(bpabi.o)
 .ARM.attributes
                0x00000cd7       0x1d /usr/lib/gcc/arm-none-eabi/4.9.3/armv7-m/libgcc.a(_dvmd_tls.o)
 .ARM.attributes
                0x00000cf4       0x2d /usr/lib/gcc/arm-none-eabi/4.9.3/armv7-m/libgcc.a(_divdi3.o)
 .ARM.attributes
                0x00000d21       0x2d /usr/lib/gcc/arm-none-eabi/4.9.3/armv7-m/libgcc.a(_udivdi3.o)
OUTPUT(obj/main/cleanflight_NAZE.elf elf32-littlearm)

.debug_info     0x00000000    0x45ba6
 .debug_info    0x00000000     0x83b7 /tmp/cc8e04S2.ltrans0.ltrans.o
 .debug_info    0x000083b7     0x4f55 /tmp/cc8e04S2.ltrans1.ltrans.o
 .debug_info    0x0000d30c     0x2e1e /tmp/cc8e04S2.ltrans2.ltrans.o
 .debug_info    0x0001012a     0x2839 /tmp/cc8e04S2.ltrans3.ltrans.o
 .debug_info    0x00012963     0x3c39 /tmp/cc8e04S2.ltrans4.ltrans.o
 .debug_info    0x0001659c     0x1170 /tmp/cc8e04S2.ltrans5.ltrans.o
 .debug_info    0x0001770c     0x3343 /tmp/cc8e04S2.ltrans6.ltrans.o
 .debug_info    0x0001aa4f     0x3376 /tmp/cc8e04S2.ltrans7.ltrans.o
 .debug_info    0x0001ddc5     0x208e /tmp/cc8e04S2.ltrans8.ltrans.o
 .debug_info    0x0001fe53     0x2687 /tmp/cc8e04S2.ltrans9.ltrans.o
 .debug_info    0x000224da     0x183f /tmp/cc8e04S2.ltrans10.ltrans.o
 .debug_info    0x00023d19     0x279a /tmp/cc8e04S2.ltrans11.ltrans.o
 .debug_info    0x000264b3     0x2827 /tmp/cc8e04S2.ltrans12.ltrans.o
 .debug_info    0x00028cda     0x2a86 /tmp/cc8e04S2.ltrans13.ltrans.o
 .debug_info    0x0002b760     0x21de /tmp/cc8e04S2.ltrans14.ltrans.o
 .debug_info    0x0002d93e     0x19fa /tmp/cc8e04S2.ltrans15.ltrans.o
 .debug_info    0x0002f338     0x1aa0 /tmp/cc8e04S2.ltrans16.ltrans.o
 .debug_info    0x00030dd8     0x1aa3 /tmp/cc8e04S2.ltrans17.ltrans.o
 .debug_info    0x0003287b     0x164d /tmp/cc8e04S2.ltrans18.ltrans.o
 .debug_info    0x00033ec8     0x137e /tmp/cc8e04S2.ltrans19.ltrans.o
 .debug_info    0x00035246     0x26f3 /tmp/cc8e04S2.ltrans20.ltrans.o
 .debug_info    0x00037939     0x2ac1 /tmp/cc8e04S2.ltrans21.ltrans.o
 .debug_info    0x0003a3fa      0x5f7 /tmp/cc8e04S2.ltrans22.ltrans.o
 .debug_info    0x0003a9f1      0xe75 /tmp/cc8e04S2.ltrans23.ltrans.o
 .debug_info    0x0003b866     0x117b /tmp/cc8e04S2.ltrans24.ltrans.o
 .debug_info    0x0003c9e1      0x7ed /usr/lib/gcc/arm-none-eabi/4.9.3/../../../arm-none-eabi/lib/armv7-m/libc_nano.a(lib_a-atoi.o)
 .debug_info    0x0003d1ce       0x6f /usr/lib/gcc/arm-none-eabi/4.9.3/../../../arm-none-eabi/lib/armv7-m/libc_nano.a(lib_a-ctype_.o)
 .debug_info    0x0003d23d      0x853 /usr/lib/gcc/arm-none-eabi/4.9.3/../../../arm-none-eabi/lib/armv7-m/libc_nano.a(lib_a-strtol.o)
 .debug_info    0x0003da90      0x7d3 /usr/lib/gcc/arm-none-eabi/4.9.3/../../../arm-none-eabi/lib/armv7-m/libc_nano.a(lib_a-impure.o)
 .debug_info    0x0003e263      0x14a /usr/lib/gcc/arm-none-eabi/4.9.3/../../../arm-none-eabi/lib/armv7-m/libm.a(lib_a-sf_lrint.o)
 .debug_info    0x0003e3ad      0x342 /usr/lib/gcc/arm-none-eabi/4.9.3/../../../arm-none-eabi/lib/armv7-m/libm.a(lib_a-wf_pow.o)
 .debug_info    0x0003e6ef      0x20d /usr/lib/gcc/arm-none-eabi/4.9.3/../../../arm-none-eabi/lib/armv7-m/libm.a(lib_a-wf_sqrt.o)
 .debug_info    0x0003e8fc      0x6dc /usr/lib/gcc/arm-none-eabi/4.9.3/../../../arm-none-eabi/lib/armv7-m/libm.a(lib_a-ef_pow.o)
 .debug_info    0x0003efd8      0x1cc /usr/lib/gcc/arm-none-eabi/4.9.3/../../../arm-none-eabi/lib/armv7-m/libm.a(lib_a-ef_sqrt.o)
 .debug_info    0x0003f1a4       0xbe /usr/lib/gcc/arm-none-eabi/4.9.3/../../../arm-none-eabi/lib/armv7-m/libm.a(lib_a-s_lib_ver.o)
 .debug_info    0x0003f262      0x129 /usr/lib/gcc/arm-none-eabi/4.9.3/../../../arm-none-eabi/lib/armv7-m/libm.a(lib_a-s_matherr.o)
 .debug_info    0x0003f38b      0x20a /usr/lib/gcc/arm-none-eabi/4.9.3/../../../arm-none-eabi/lib/armv7-m/libm.a(lib_a-s_rint.o)
 .debug_info    0x0003f595       0xcc /usr/lib/gcc/arm-none-eabi/4.9.3/../../../arm-none-eabi/lib/armv7-m/libm.a(lib_a-sf_fabs.o)
 .debug_info    0x0003f661       0xcc /usr/lib/gcc/arm-none-eabi/4.9.3/../../../arm-none-eabi/lib/armv7-m/libm.a(lib_a-sf_finite.o)
 .debug_info    0x0003f72d       0xca /usr/lib/gcc/arm-none-eabi/4.9.3/../../../arm-none-eabi/lib/armv7-m/libm.a(lib_a-sf_fpclassify.o)
 .debug_info    0x0003f7f7       0xce /usr/lib/gcc/arm-none-eabi/4.9.3/../../../arm-none-eabi/lib/armv7-m/libm.a(lib_a-sf_nan.o)
 .debug_info    0x0003f8c5      0x21c /usr/lib/gcc/arm-none-eabi/4.9.3/../../../arm-none-eabi/lib/armv7-m/libm.a(lib_a-sf_scalbn.o)
 .debug_info    0x0003fae1      0x12e /usr/lib/gcc/arm-none-eabi/4.9.3/../../../arm-none-eabi/lib/armv7-m/libm.a(lib_a-sf_copysign.o)
 .debug_info    0x0003fc0f      0x78e /usr/lib/gcc/arm-none-eabi/4.9.3/../../../arm-none-eabi/lib/armv7-m/libc_nano.a(lib_a-calloc.o)
 .debug_info    0x0004039d      0x735 /usr/lib/gcc/arm-none-eabi/4.9.3/../../../arm-none-eabi/lib/armv7-m/libc_nano.a(lib_a-errno.o)
 .debug_info    0x00040ad2      0x7c1 /usr/lib/gcc/arm-none-eabi/4.9.3/../../../arm-none-eabi/lib/armv7-m/libc_nano.a(lib_a-malloc.o)
 .debug_info    0x00041293      0x104 /usr/lib/gcc/arm-none-eabi/4.9.3/../../../arm-none-eabi/lib/armv7-m/libc_nano.a(lib_a-memcpy.o)
 .debug_info    0x00041397       0xd3 /usr/lib/gcc/arm-none-eabi/4.9.3/../../../arm-none-eabi/lib/armv7-m/libc_nano.a(lib_a-memset.o)
 .debug_info    0x0004146a      0x7e8 /usr/lib/gcc/arm-none-eabi/4.9.3/../../../arm-none-eabi/lib/armv7-m/libc_nano.a(lib_a-nano-callocr.o)
 .debug_info    0x00041c52      0x81a /usr/lib/gcc/arm-none-eabi/4.9.3/../../../arm-none-eabi/lib/armv7-m/libc_nano.a(lib_a-nano-freer.o)
 .debug_info    0x0004246c      0x8fb /usr/lib/gcc/arm-none-eabi/4.9.3/../../../arm-none-eabi/lib/armv7-m/libc_nano.a(lib_a-nano-mallocr.o)
 .debug_info    0x00042d67      0x7a0 /usr/lib/gcc/arm-none-eabi/4.9.3/../../../arm-none-eabi/lib/armv7-m/libc_nano.a(lib_a-sbrkr.o)
 .debug_info    0x00043507      0x14f /usr/lib/gcc/arm-none-eabi/4.9.3/../../../arm-none-eabi/lib/armv7-m/libc_nano.a(lib_a-strcasecmp.o)
 .debug_info    0x00043656       0xc8 /usr/lib/gcc/arm-none-eabi/4.9.3/../../../arm-none-eabi/lib/armv7-m/libc_nano.a(lib_a-strcat.o)
 .debug_info    0x0004371e       0xe3 /usr/lib/gcc/arm-none-eabi/4.9.3/../../../arm-none-eabi/lib/armv7-m/libc_nano.a(lib_a-strchr.o)
 .debug_info    0x00043801       0xbd /usr/lib/gcc/arm-none-eabi/4.9.3/../../../arm-none-eabi/lib/armv7-m/libc_nano.a(lib_a-strcpy.o)
 .debug_info    0x000438be       0xcd /usr/lib/gcc/arm-none-eabi/4.9.3/../../../arm-none-eabi/lib/armv7-m/libc_nano.a(lib_a-strlen.o)
 .debug_info    0x0004398b      0x169 /usr/lib/gcc/arm-none-eabi/4.9.3/../../../arm-none-eabi/lib/armv7-m/libc_nano.a(lib_a-strncasecmp.o)
 .debug_info    0x00043af4       0xf5 /usr/lib/gcc/arm-none-eabi/4.9.3/../../../arm-none-eabi/lib/armv7-m/libc_nano.a(lib_a-strncpy.o)
 .debug_info    0x00043be9       0xdb /usr/lib/gcc/arm-none-eabi/4.9.3/../../../arm-none-eabi/lib/armv7-m/libc_nano.a(lib_a-strstr.o)
 .debug_info    0x00043cc4      0x8fb /usr/lib/gcc/arm-none-eabi/4.9.3/../../../arm-none-eabi/lib/armv7-m/libc_nano.a(lib_a-reent.o)
 .debug_info    0x000445bf       0x99 /usr/lib/gcc/arm-none-eabi/4.9.3/../../../arm-none-eabi/lib/armv7-m/libnosys.a(sbrk.o)
 .debug_info    0x00044658       0xba /usr/lib/gcc/arm-none-eabi/4.9.3/armv7-m/libgcc.a(_arm_addsubdf3.o)
 .debug_info    0x00044712       0xba /usr/lib/gcc/arm-none-eabi/4.9.3/armv7-m/libgcc.a(_arm_muldivdf3.o)
 .debug_info    0x000447cc       0xba /usr/lib/gcc/arm-none-eabi/4.9.3/armv7-m/libgcc.a(_arm_cmpdf2.o)
 .debug_info    0x00044886       0xba /usr/lib/gcc/arm-none-eabi/4.9.3/armv7-m/libgcc.a(_arm_fixunsdfsi.o)
 .debug_info    0x00044940       0xba /usr/lib/gcc/arm-none-eabi/4.9.3/armv7-m/libgcc.a(_arm_truncdfsf2.o)
 .debug_info    0x000449fa       0xba /usr/lib/gcc/arm-none-eabi/4.9.3/armv7-m/libgcc.a(_arm_addsubsf3.o)
 .debug_info    0x00044ab4       0xba /usr/lib/gcc/arm-none-eabi/4.9.3/armv7-m/libgcc.a(_arm_muldivsf3.o)
 .debug_info    0x00044b6e       0xba /usr/lib/gcc/arm-none-eabi/4.9.3/armv7-m/libgcc.a(_arm_cmpsf2.o)
 .debug_info    0x00044c28       0xba /usr/lib/gcc/arm-none-eabi/4.9.3/armv7-m/libgcc.a(_arm_fixsfsi.o)
 .debug_info    0x00044ce2       0xba /usr/lib/gcc/arm-none-eabi/4.9.3/armv7-m/libgcc.a(_arm_fixunssfsi.o)
 .debug_info    0x00044d9c       0xb5 /usr/lib/gcc/arm-none-eabi/4.9.3/armv7-m/libgcc.a(_aeabi_ldivmod.o)
 .debug_info    0x00044e51      0x164 /usr/lib/gcc/arm-none-eabi/4.9.3/armv7-m/libgcc.a(bpabi.o)
 .debug_info    0x00044fb5       0xb9 /usr/lib/gcc/arm-none-eabi/4.9.3/armv7-m/libgcc.a(_dvmd_tls.o)
 .debug_info    0x0004506e      0x5bc /usr/lib/gcc/arm-none-eabi/4.9.3/armv7-m/libgcc.a(_divdi3.o)
 .debug_info    0x0004562a      0x57c /usr/lib/gcc/arm-none-eabi/4.9.3/armv7-m/libgcc.a(_udivdi3.o)

.debug_abbrev   0x00000000     0xa5ec
 .debug_abbrev  0x00000000      0x68a /tmp/cc8e04S2.ltrans0.ltrans.o
 .debug_abbrev  0x0000068a      0x4af /tmp/cc8e04S2.ltrans1.ltrans.o
 .debug_abbrev  0x00000b39      0x4df /tmp/cc8e04S2.ltrans2.ltrans.o
 .debug_abbrev  0x00001018      0x468 /tmp/cc8e04S2.ltrans3.ltrans.o
 .debug_abbrev  0x00001480      0x5e4 /tmp/cc8e04S2.ltrans4.ltrans.o
 .debug_abbrev  0x00001a64      0x278 /tmp/cc8e04S2.ltrans5.ltrans.o
 .debug_abbrev  0x00001cdc      0x47f /tmp/cc8e04S2.ltrans6.ltrans.o
 .debug_abbrev  0x0000215b      0x679 /tmp/cc8e04S2.ltrans7.ltrans.o
 .debug_abbrev  0x000027d4      0x59c /tmp/cc8e04S2.ltrans8.ltrans.o
 .debug_abbrev  0x00002d70      0x547 /tmp/cc8e04S2.ltrans9.ltrans.o
 .debug_abbrev  0x000032b7      0x458 /tmp/cc8e04S2.ltrans10.ltrans.o
 .debug_abbrev  0x0000370f      0x55c /tmp/cc8e04S2.ltrans11.ltrans.o
 .debug_abbrev  0x00003c6b      0x687 /tmp/cc8e04S2.ltrans12.ltrans.o
 .debug_abbrev  0x000042f2      0x629 /tmp/cc8e04S2.ltrans13.ltrans.o
 .debug_abbrev  0x0000491b      0x69e /tmp/cc8e04S2.ltrans14.ltrans.o
 .debug_abbrev  0x00004fb9      0x4c7 /tmp/cc8e04S2.ltrans15.ltrans.o
 .debug_abbrev  0x00005480      0x5a9 /tmp/cc8e04S2.ltrans16.ltrans.o
 .debug_abbrev  0x00005a29      0x443 /tmp/cc8e04S2.ltrans17.ltrans.o
 .debug_abbrev  0x00005e6c      0x424 /tmp/cc8e04S2.ltrans18.ltrans.o
 .debug_abbrev  0x00006290      0x576 /tmp/cc8e04S2.ltrans19.ltrans.o
 .debug_abbrev  0x00006806      0x561 /tmp/cc8e04S2.ltrans20.ltrans.o
 .debug_abbrev  0x00006d67      0x609 /tmp/cc8e04S2.ltrans21.ltrans.o
 .debug_abbrev  0x00007370      0x23d /tmp/cc8e04S2.ltrans22.ltrans.o
 .debug_abbrev  0x000075ad      0x44d /tmp/cc8e04S2.ltrans23.ltrans.o
 .debug_abbrev  0x000079fa      0x3cd /tmp/cc8e04S2.ltrans24.ltrans.o
 .debug_abbrev  0x00007dc7      0x176 /usr/lib/gcc/arm-none-eabi/4.9.3/../../../arm-none-eabi/lib/armv7-m/libc_nano.a(lib_a-atoi.o)
 .debug_abbrev  0x00007f3d       0x4e /usr/lib/gcc/arm-none-eabi/4.9.3/../../../arm-none-eabi/lib/armv7-m/libc_nano.a(lib_a-ctype_.o)
 .debug_abbrev  0x00007f8b      0x1ac /usr/lib/gcc/arm-none-eabi/4.9.3/../../../arm-none-eabi/lib/armv7-m/libc_nano.a(lib_a-strtol.o)
 .debug_abbrev  0x00008137      0x136 /usr/lib/gcc/arm-none-eabi/4.9.3/../../../arm-none-eabi/lib/armv7-m/libc_nano.a(lib_a-impure.o)
 .debug_abbrev  0x0000826d       0xbe /usr/lib/gcc/arm-none-eabi/4.9.3/../../../arm-none-eabi/lib/armv7-m/libm.a(lib_a-sf_lrint.o)
 .debug_abbrev  0x0000832b      0x14d /usr/lib/gcc/arm-none-eabi/4.9.3/../../../arm-none-eabi/lib/armv7-m/libm.a(lib_a-wf_pow.o)
 .debug_abbrev  0x00008478      0x13a /usr/lib/gcc/arm-none-eabi/4.9.3/../../../arm-none-eabi/lib/armv7-m/libm.a(lib_a-wf_sqrt.o)
 .debug_abbrev  0x000085b2      0x1cd /usr/lib/gcc/arm-none-eabi/4.9.3/../../../arm-none-eabi/lib/armv7-m/libm.a(lib_a-ef_pow.o)
 .debug_abbrev  0x0000877f       0xe0 /usr/lib/gcc/arm-none-eabi/4.9.3/../../../arm-none-eabi/lib/armv7-m/libm.a(lib_a-ef_sqrt.o)
 .debug_abbrev  0x0000885f       0x4f /usr/lib/gcc/arm-none-eabi/4.9.3/../../../arm-none-eabi/lib/armv7-m/libm.a(lib_a-s_lib_ver.o)