Archive member included to satisfy reference by file (symbol)

/usr/lib/gcc/arm-none-eabi/4.9.3/../../../arm-none-eabi/lib/armv7-m/libc_nano.a(lib_a-atoi.o)
                              obj/main/NAZE/io/serial_cli.o (symbol from plugin) (atoi)
/usr/lib/gcc/arm-none-eabi/4.9.3/../../../arm-none-eabi/lib/armv7-m/libc_nano.a(lib_a-ctype_.o)
                              obj/main/NAZE/io/serial_cli.o (symbol from plugin) (__ctype_ptr__)
/usr/lib/gcc/arm-none-eabi/4.9.3/../../../arm-none-eabi/lib/armv7-m/libc_nano.a(lib_a-strtol.o)
                              /usr/lib/gcc/arm-none-eabi/4.9.3/../../../arm-none-eabi/lib/armv7-m/libc_nano.a(lib_a-atoi.o) (_strtol_r)
/usr/lib/gcc/arm-none-eabi/4.9.3/../../../arm-none-eabi/lib/armv7-m/libc_nano.a(lib_a-impure.o)
                              /usr/lib/gcc/arm-none-eabi/4.9.3/../../../arm-none-eabi/lib/armv7-m/libc_nano.a(lib_a-strtol.o) (_impure_ptr)
/usr/lib/gcc/arm-none-eabi/4.9.3/../../../arm-none-eabi/lib/armv7-m/libm.a(lib_a-sf_lrint.o)
                              /tmp/ccG4Qfoz.ltrans1.ltrans.o (lrintf)
/usr/lib/gcc/arm-none-eabi/4.9.3/../../../arm-none-eabi/lib/armv7-m/libm.a(lib_a-wf_pow.o)
                              /tmp/ccG4Qfoz.ltrans14.ltrans.o (powf)
/usr/lib/gcc/arm-none-eabi/4.9.3/../../../arm-none-eabi/lib/armv7-m/libm.a(lib_a-wf_sqrt.o)
                              /tmp/ccG4Qfoz.ltrans3.ltrans.o (sqrtf)
/usr/lib/gcc/arm-none-eabi/4.9.3/../../../arm-none-eabi/lib/armv7-m/libm.a(lib_a-ef_pow.o)
                              /usr/lib/gcc/arm-none-eabi/4.9.3/../../../arm-none-eabi/lib/armv7-m/libm.a(lib_a-wf_pow.o) (__ieee754_powf)
/usr/lib/gcc/arm-none-eabi/4.9.3/../../../arm-none-eabi/lib/armv7-m/libm.a(lib_a-ef_sqrt.o)
                              /usr/lib/gcc/arm-none-eabi/4.9.3/../../../arm-none-eabi/lib/armv7-m/libm.a(lib_a-wf_sqrt.o) (__ieee754_sqrtf)
/usr/lib/gcc/arm-none-eabi/4.9.3/../../../arm-none-eabi/lib/armv7-m/libm.a(lib_a-s_lib_ver.o)
                              /usr/lib/gcc/arm-none-eabi/4.9.3/../../../arm-none-eabi/lib/armv7-m/libm.a(lib_a-wf_pow.o) (__fdlib_version)
/usr/lib/gcc/arm-none-eabi/4.9.3/../../../arm-none-eabi/lib/armv7-m/libm.a(lib_a-s_matherr.o)
                              /usr/lib/gcc/arm-none-eabi/4.9.3/../../../arm-none-eabi/lib/armv7-m/libm.a(lib_a-wf_pow.o) (matherr)
/usr/lib/gcc/arm-none-eabi/4.9.3/../../../arm-none-eabi/lib/armv7-m/libm.a(lib_a-s_rint.o)
                              /usr/lib/gcc/arm-none-eabi/4.9.3/../../../arm-none-eabi/lib/armv7-m/libm.a(lib_a-wf_pow.o) (rint)
/usr/lib/gcc/arm-none-eabi/4.9.3/../../../arm-none-eabi/lib/armv7-m/libm.a(lib_a-sf_fabs.o)
                              /usr/lib/gcc/arm-none-eabi/4.9.3/../../../arm-none-eabi/lib/armv7-m/libm.a(lib_a-ef_pow.o) (fabsf)
/usr/lib/gcc/arm-none-eabi/4.9.3/../../../arm-none-eabi/lib/armv7-m/libm.a(lib_a-sf_finite.o)
                              /usr/lib/gcc/arm-none-eabi/4.9.3/../../../arm-none-eabi/lib/armv7-m/libm.a(lib_a-wf_pow.o) (finitef)
/usr/lib/gcc/arm-none-eabi/4.9.3/../../../arm-none-eabi/lib/armv7-m/libm.a(lib_a-sf_fpclassify.o)
                              /usr/lib/gcc/arm-none-eabi/4.9.3/../../../arm-none-eabi/lib/armv7-m/libm.a(lib_a-wf_pow.o) (__fpclassifyf)
/usr/lib/gcc/arm-none-eabi/4.9.3/../../../arm-none-eabi/lib/armv7-m/libm.a(lib_a-sf_nan.o)
                              /usr/lib/gcc/arm-none-eabi/4.9.3/../../../arm-none-eabi/lib/armv7-m/libm.a(lib_a-ef_pow.o) (nanf)
/usr/lib/gcc/arm-none-eabi/4.9.3/../../../arm-none-eabi/lib/armv7-m/libm.a(lib_a-sf_scalbn.o)
                              /usr/lib/gcc/arm-none-eabi/4.9.3/../../../arm-none-eabi/lib/armv7-m/libm.a(lib_a-ef_pow.o) (scalbnf)
/usr/lib/gcc/arm-none-eabi/4.9.3/../../../arm-none-eabi/lib/armv7-m/libm.a(lib_a-sf_copysign.o)
                              /usr/lib/gcc/arm-none-eabi/4.9.3/../../../arm-none-eabi/lib/armv7-m/libm.a(lib_a-sf_scalbn.o) (copysignf)
/usr/lib/gcc/arm-none-eabi/4.9.3/../../../arm-none-eabi/lib/armv7-m/libc_nano.a(lib_a-calloc.o)
                              /tmp/ccG4Qfoz.ltrans0.ltrans.o (calloc)
/usr/lib/gcc/arm-none-eabi/4.9.3/../../../arm-none-eabi/lib/armv7-m/libc_nano.a(lib_a-errno.o)
                              /usr/lib/gcc/arm-none-eabi/4.9.3/../../../arm-none-eabi/lib/armv7-m/libm.a(lib_a-wf_pow.o) (__errno)
/usr/lib/gcc/arm-none-eabi/4.9.3/../../../arm-none-eabi/lib/armv7-m/libc_nano.a(lib_a-malloc.o)
                              /tmp/ccG4Qfoz.ltrans22.ltrans.o (malloc)
/usr/lib/gcc/arm-none-eabi/4.9.3/../../../arm-none-eabi/lib/armv7-m/libc_nano.a(lib_a-memcpy.o)
                              /tmp/ccG4Qfoz.ltrans5.ltrans.o (memcpy)
/usr/lib/gcc/arm-none-eabi/4.9.3/../../../arm-none-eabi/lib/armv7-m/libc_nano.a(lib_a-memset.o)
                              /tmp/ccG4Qfoz.ltrans0.ltrans.o (memset)
/usr/lib/gcc/arm-none-eabi/4.9.3/../../../arm-none-eabi/lib/armv7-m/libc_nano.a(lib_a-nano-callocr.o)
[...]
Memory Configuration

Name             Origin             Length             Attributes
FLASH            0x08000000         0x0001f000         xr
RAM              0x20000000         0x00005000         xrw
MEMORY_B1        0x60000000         0x00000000         xr
*default*        0x00000000         0xffffffff

Linker script and memory map

LOAD obj/main/NAZE/startup_stm32f10x_md_gcc.o
LOAD obj/main/NAZE/drivers/accgyro_mpu.o
LOAD /tmp/ccG4Qfoz.ltrans0.ltrans.o
LOAD /tmp/ccG4Qfoz.ltrans1.ltrans.o
LOAD /tmp/ccG4Qfoz.ltrans2.ltrans.o
LOAD /tmp/ccG4Qfoz.ltrans3.ltrans.o
LOAD /tmp/ccG4Qfoz.ltrans4.ltrans.o
LOAD /tmp/ccG4Qfoz.ltrans5.ltrans.o
LOAD /tmp/ccG4Qfoz.ltrans6.ltrans.o
LOAD /tmp/ccG4Qfoz.ltrans7.ltrans.o
LOAD /tmp/ccG4Qfoz.ltrans8.ltrans.o
LOAD /tmp/ccG4Qfoz.ltrans9.ltrans.o
LOAD /tmp/ccG4Qfoz.ltrans10.ltrans.o
LOAD /tmp/ccG4Qfoz.ltrans11.ltrans.o
LOAD /tmp/ccG4Qfoz.ltrans12.ltrans.o
LOAD /tmp/ccG4Qfoz.ltrans13.ltrans.o
LOAD /tmp/ccG4Qfoz.ltrans14.ltrans.o
LOAD /tmp/ccG4Qfoz.ltrans15.ltrans.o
LOAD /tmp/ccG4Qfoz.ltrans16.ltrans.o
LOAD /tmp/ccG4Qfoz.ltrans17.ltrans.o
LOAD /tmp/ccG4Qfoz.ltrans18.ltrans.o
LOAD /tmp/ccG4Qfoz.ltrans19.ltrans.o
LOAD /tmp/ccG4Qfoz.ltrans20.ltrans.o
LOAD /tmp/ccG4Qfoz.ltrans21.ltrans.o
LOAD /tmp/ccG4Qfoz.ltrans22.ltrans.o
LOAD /tmp/ccG4Qfoz.ltrans23.ltrans.o
LOAD /tmp/ccG4Qfoz.ltrans24.ltrans.o
LOAD /tmp/ccG4Qfoz.ltrans25.ltrans.o
LOAD obj/main/NAZE/drivers/accgyro_mpu3050.o
LOAD obj/main/NAZE/drivers/accgyro_mpu6050.o
LOAD obj/main/NAZE/drivers/accgyro_mpu6500.o
LOAD obj/main/NAZE/drivers/adc.o
LOAD obj/main/NAZE/drivers/adc_stm32f10x.o
LOAD obj/main/NAZE/drivers/barometer_bmp280.o
LOAD obj/main/NAZE/drivers/bus_spi.o
LOAD obj/main/NAZE/drivers/bus_i2c_stm32f10x.o
LOAD obj/main/NAZE/drivers/compass_hmc5883l.o
LOAD obj/main/NAZE/drivers/compass_qmc5883l.o
LOAD obj/main/NAZE/drivers/display_ug2864hsweg01.o
LOAD obj/main/NAZE/drivers/flash_m25p16.o
LOAD obj/main/NAZE/drivers/gpio_stm32f10x.o
LOAD obj/main/NAZE/drivers/inverter.o
LOAD obj/main/NAZE/drivers/light_led_stm32f10x.o
LOAD obj/main/NAZE/drivers/light_ws2811strip.o
LOAD obj/main/NAZE/drivers/light_ws2811strip_stm32f10x.o
LOAD obj/main/NAZE/drivers/sonar_hcsr04.o
LOAD obj/main/NAZE/drivers/pwm_mapping.o
LOAD obj/main/NAZE/drivers/pwm_output.o
LOAD obj/main/NAZE/drivers/pwm_rx.o
LOAD obj/main/NAZE/drivers/serial_softserial.o
LOAD obj/main/NAZE/drivers/serial_uart.o
LOAD obj/main/NAZE/drivers/serial_uart_stm32f10x.o
LOAD obj/main/NAZE/drivers/sound_beeper_stm32f10x.o
LOAD obj/main/NAZE/drivers/system_stm32f10x.o
LOAD obj/main/NAZE/drivers/timer.o
LOAD obj/main/NAZE/drivers/timer_stm32f10x.o
LOAD obj/main/NAZE/io/flashfs.o
LOAD obj/main/NAZE/hardware_revision.o
LOAD obj/main/NAZE/flight/gtune.o
LOAD obj/main/NAZE/flight/navigation.o
LOAD obj/main/NAZE/flight/gps_conversion.o
LOAD obj/main/NAZE/common/colorconversion.o
LOAD obj/main/NAZE/io/gps.o
LOAD obj/main/NAZE/io/ledstrip.o
LOAD obj/main/NAZE/io/display.o
LOAD obj/main/NAZE/telemetry/telemetry.o
LOAD obj/main/NAZE/telemetry/frsky.o
LOAD obj/main/NAZE/telemetry/hott.o
LOAD obj/main/NAZE/telemetry/smartport.o
LOAD obj/main/NAZE/telemetry/ltm.o
LOAD obj/main/NAZE/sensors/sonar.o
LOAD obj/main/NAZE/sensors/barometer.o
LOAD obj/main/NAZE/blackbox/blackbox.o
LOAD obj/main/NAZE/blackbox/blackbox_io.o
LOAD obj/main/NAZE/pif/source/core/pif.o
LOAD obj/main/NAZE/pif/source/communication/pif_uart.o
LOAD obj/main/NAZE/pif/source/communication/pif_i2c.o
LOAD obj/main/NAZE/pif/source/core/pif_log.o
LOAD obj/main/NAZE/pif/source/core/pif_obj_array.o
LOAD obj/main/NAZE/pif/source/core/pif_ring_buffer.o
LOAD obj/main/NAZE/pif/source/core/pif_task.o
LOAD obj/main/NAZE/pif/source/core/pif_timer.o
LOAD obj/main/NAZE/pif/source/protocol/pif_msp.o
LOAD obj/main/NAZE/pif/source/sensor/pif_bmp280.o
LOAD obj/main/NAZE/pif/source/sensor/pif_hc_sr04.o
LOAD obj/main/NAZE/pif/source/sensor/pif_hmc5883.o
LOAD obj/main/NAZE/pif/source/sensor/pif_imu_sensor.o
LOAD obj/main/NAZE/pif/source/sensor/pif_mpu30x0.o
LOAD obj/main/NAZE/pif/source/sensor/pif_mpu60x0.o
LOAD obj/main/NAZE/pif/source/sensor/pif_mpu6500.o
LOAD obj/main/NAZE/pif/source/sensor/pif_qmc5883.o
LOAD obj/main/NAZE/build_config.o
LOAD obj/main/NAZE/debug.o
LOAD obj/main/NAZE/version.o
LOAD obj/main/NAZE/config/config.o
LOAD obj/main/NAZE/config/runtime_config.o
LOAD obj/main/NAZE/common/maths.o
LOAD obj/main/NAZE/common/printf.o
LOAD obj/main/NAZE/common/typeconversion.o
LOAD obj/main/NAZE/common/encoding.o
LOAD obj/main/NAZE/common/filter.o
LOAD obj/main/NAZE/scheduler.o
LOAD obj/main/NAZE/scheduler_tasks.o
LOAD obj/main/NAZE/main.o
LOAD obj/main/NAZE/mw.o
LOAD obj/main/NAZE/flight/altitudehold.o
LOAD obj/main/NAZE/flight/failsafe.o
LOAD obj/main/NAZE/flight/pid.o
LOAD obj/main/NAZE/flight/imu.o
LOAD obj/main/NAZE/flight/mixer.o
LOAD obj/main/NAZE/drivers/bus_i2c.o
LOAD obj/main/NAZE/drivers/bus_i2c_soft.o
LOAD obj/main/NAZE/drivers/sensor.o
LOAD obj/main/NAZE/drivers/serial.o
LOAD obj/main/NAZE/drivers/sound_beeper.o
LOAD obj/main/NAZE/drivers/system.o
LOAD obj/main/NAZE/drivers/dma.o
LOAD obj/main/NAZE/drivers/gyro_sync.o
LOAD obj/main/NAZE/io/beeper.o
LOAD obj/main/NAZE/io/rc_controls.o
LOAD obj/main/NAZE/io/rc_curves.o
LOAD obj/main/NAZE/io/serial.o
LOAD obj/main/NAZE/io/serial_cli.o
LOAD obj/main/NAZE/io/serial_msp.o
LOAD obj/main/NAZE/io/statusindicator.o
LOAD obj/main/NAZE/rx/rx.o
LOAD obj/main/NAZE/rx/pwm.o
LOAD obj/main/NAZE/rx/msp.o
LOAD obj/main/NAZE/rx/sbus.o
LOAD obj/main/NAZE/rx/sumd.o
LOAD obj/main/NAZE/rx/sumh.o
LOAD obj/main/NAZE/rx/spektrum.o
LOAD obj/main/NAZE/rx/xbus.o
LOAD obj/main/NAZE/rx/ibus.o
LOAD obj/main/NAZE/sensors/acceleration.o
LOAD obj/main/NAZE/sensors/battery.o
LOAD obj/main/NAZE/sensors/compass.o
LOAD obj/main/NAZE/sensors/gyro.o
LOAD obj/main/NAZE/sensors/initialisation.o
LOAD obj/main/NAZE/sensors/sensors.o
LOAD obj/main/NAZE/core_cm3.o
LOAD obj/main/NAZE/system_stm32f10x.o
LOAD obj/main/NAZE/stm32f10x_dma.o
LOAD obj/main/NAZE/stm32f10x_dbgmcu.o
LOAD obj/main/NAZE/stm32f10x_dac.o
LOAD obj/main/NAZE/stm32f10x_rtc.o
LOAD obj/main/NAZE/stm32f10x_pwr.o
LOAD obj/main/NAZE/stm32f10x_i2c.o
LOAD obj/main/NAZE/stm32f10x_sdio.o
LOAD obj/main/NAZE/stm32f10x_rcc.o
LOAD obj/main/NAZE/stm32f10x_flash.o
LOAD obj/main/NAZE/stm32f10x_usart.o
LOAD obj/main/NAZE/stm32f10x_tim.o
LOAD obj/main/NAZE/stm32f10x_wwdg.o
LOAD obj/main/NAZE/misc.o
LOAD obj/main/NAZE/stm32f10x_iwdg.o
LOAD obj/main/NAZE/stm32f10x_adc.o
LOAD obj/main/NAZE/stm32f10x_spi.o
LOAD obj/main/NAZE/stm32f10x_bkp.o
LOAD obj/main/NAZE/stm32f10x_exti.o
LOAD obj/main/NAZE/stm32f10x_fsmc.o
LOAD obj/main/NAZE/stm32f10x_gpio.o
LOAD /usr/lib/gcc/arm-none-eabi/4.9.3/../../../arm-none-eabi/lib/armv7-m/libm.a
LOAD /usr/lib/gcc/arm-none-eabi/4.9.3/../../../arm-none-eabi/lib/armv7-m/libc_nano.a
LOAD /usr/lib/gcc/arm-none-eabi/4.9.3/../../../arm-none-eabi/lib/armv7-m/libnosys.a
START GROUP
LOAD /usr/lib/gcc/arm-none-eabi/4.9.3/armv7-m/libgcc.a
LOAD /usr/lib/gcc/arm-none-eabi/4.9.3/../../../arm-none-eabi/lib/armv7-m/libg_nano.a
LOAD /usr/lib/gcc/arm-none-eabi/4.9.3/../../../arm-none-eabi/lib/armv7-m/libc_nano.a
END GROUP
START GROUP
LOAD /usr/lib/gcc/arm-none-eabi/4.9.3/armv7-m/libgcc.a
LOAD /usr/lib/gcc/arm-none-eabi/4.9.3/../../../arm-none-eabi/lib/armv7-m/libc_nano.a
END GROUP
                0x20005000                _estack = (ORIGIN (RAM) + LENGTH (RAM))
                0x00000000                _Min_Heap_Size = 0x0
                0x00000400                _Min_Stack_Size = 0x400

.isr_vector     0x08000000      0x10c
                0x08000000                . = ALIGN (0x4)
                [!provide]                PROVIDE (isr_vector_table_base, .)
 *(.isr_vector)
 .isr_vector    0x08000000      0x10c obj/main/NAZE/startup_stm32f10x_md_gcc.o
                0x08000000                g_pfnVectors
                0x0800010c                . = ALIGN (0x4)

.text           0x08000110    0x16fe8
                0x08000110                . = ALIGN (0x4)
 *(.text)
 .text          0x08000110     0x18dc /tmp/ccG4Qfoz.ltrans1.ltrans.o
                0x08000110                evtMspReceive.lto_priv.368
 .text          0x080019ec     0x11fc /tmp/ccG4Qfoz.ltrans2.ltrans.o
                0x080019ec                taskUpdateRxMain
 .text          0x08002be8     0x1c98 /tmp/ccG4Qfoz.ltrans3.ltrans.o
                0x08002be8                taskMainPidLoop
 .text          0x08004880      0x394 /tmp/ccG4Qfoz.ltrans4.ltrans.o
                0x08004880                cliDump.lto_priv.332
 .text          0x08004c14     0x1050 /tmp/ccG4Qfoz.ltrans5.ltrans.o
                0x08004c3c                _putc.lto_priv.394
                0x08004c4c                createTask.part.1.lto_priv.420
                0x08004c7c                applyBiQuadFilter
                0x08004ce2                BiQuadNewLpf
                0x08004db4                fastA2F
                0x08004ee0                itoa
                0x08004f06                ftoa
                0x08004fd4                applyDeadband
                0x08004ff2                acosf
                0x0800506c                atan2f
                0x08005170                sinf
                0x08005258                cosf
                0x0800526c                disableFlightMode
                0x0800528c                enableFlightMode
                0x080052ac                handleOneshotFeatureChangeOnRestart
                0x08005300                activateControlRateConfig
                0x08005348                isEEPROMContentValid.lto_priv.425
                0x0800538c                writeEEPROM
                0x080054d8                readEEPROM
                0x0800582c                saveConfigAndNotify
                0x08005840                resetConf.lto_priv.214
 .text          0x08005c64      0x82c /tmp/ccG4Qfoz.ltrans6.ltrans.o
                0x08005c64                NVIC_Init.part.0.constprop.206
                0x08005ca0                EXTI_Init.part.0.constprop.201
                0x08005cf4                _alignSensors.constprop.197
                0x08005e2c                pifI2cDevice_Read.constprop.192
                0x08005ecc                pifI2cDevice_Write.constprop.190
                0x08005f60                pifI2cPort_AddDevice.constprop.188
                0x08005f80                spiTransferByte.constprop.141
                0x08005fa0                spiTransfer.constprop.140
                0x08005fe0                pifImuSensor_ReadRawMag.part.4.constprop.137
                0x08006028                pifHmc5883_SetGain.constprop.134
                0x08006094                timerConfigure.constprop.108
                0x080060ec                uartOpen.constprop.100
                0x080063f4                pifTask_GetDeltaTime.constprop.93
                0x0800641c                pif_Printf.constprop.90
                0x08006440                pifRingBuffer_InitHeap.constprop.88
 .text          0x08006490      0x960 /tmp/ccG4Qfoz.ltrans7.ltrans.o
                0x08006490                actUartStartTransfer.lto_priv.208
                0x080064bc                pwmOverflowCallback.lto_priv.384
                0x080064e4                ppmOverflowCallback.lto_priv.386
                0x08006524                pwmWriteStandard.lto_priv.381
                0x08006534                pwmWriteBrushed.lto_priv.382
                0x08006558                ppmEdgeCallback.lto_priv.385
                0x0800678c                timCCxHandler.lto_priv.447
                0x08006814                configTimeBase
                0x080068bc                lookupTimerIndex.lto_priv.274
                0x080068f8                timerChConfigCallbacks
                0x080069b0                USART3_IRQHandler
                0x080069b8                USART2_IRQHandler
                0x080069c0                USART1_IRQHandler
                0x080069c8                DMA1_Channel4_IRQHandler
                0x08006a34                uartReconfigure.lto_priv.210
                0x08006b60                actCommSetBaudRate.lto_priv.207
                0x08006b88                pwmICConfig
                0x08006d80                pwmEdgeCallback.lto_priv.383
                0x08006dd8                pwmWriteServo
 .text          0x08006df0      0x7ec /tmp/ccG4Qfoz.ltrans8.ltrans.o
                0x08007098                mpu6500AccDetect
                0x08007170                mpu6500GyroDetect
                0x080071e4                bmp280Detect
                0x08007504                i2cHandleHardwareFailure.lto_priv.273
                0x08007524                i2cRead
                0x080075d4                I2C2_EV_IRQHandler
                0x080075d6                I2C2_ER_IRQHandler
                0x080075d8                I2C1_EV_IRQHandler
                0x080075da                I2C1_ER_IRQHandler
 .text          0x080075dc      0x7b8 /tmp/ccG4Qfoz.ltrans9.ltrans.o
                0x080075dc                cliFlashErase.lto_priv.335
                0x0800760c                cliFlashInfo.lto_priv.336
                0x08007648                cliServo.lto_priv.243
                0x08007760                cliServoMix.lto_priv.345
                0x08007a80                cliRxRange.lto_priv.244
                0x08007b58                cliMotorMix.lto_priv.340
                0x08007d50                dumpValues.lto_priv.242
 .text          0x08007d94      0xc68 /tmp/ccG4Qfoz.ltrans10.ltrans.o
                0x08007d94                micros
                0x08007dcc                beepInverted.lto_priv.390
                0x08007de0                beepNormal.lto_priv.391
                0x08007df4                actI2cRead
                0x08007e04                actI2cWrite
                0x08008508                delayMicroseconds
                0x0800851e                delay
                0x08008532                SysTick_Handler
                0x08008698                EXTI15_10_IRQHandler
                0x080086b8                registerExtiCallbackHandler
                0x080086ec                systemBeep
                0x080086f8                writeMotors
                0x080087a0                stopMotors
                0x080087e8                mixerResetDisarmedMotors
                0x08008820                loadCustomServoMixer
                0x08008870                determineServoMiddleOrForwardFromChannel
                0x080088a4                imuComputeRotationMatrix.lto_priv.322
                0x080089d8                pidSetController
 .text          0x080089fc      0x940 /tmp/ccG4Qfoz.ltrans11.ltrans.o
                0x080089fc                _doTask.lto_priv.360
                0x08008a44                _evtTimerRxTimeout.lto_priv.370
                0x08008a58                _doTask.lto_priv.359
                0x08008a7c                pifQmc5883_ReadMag
                0x08008ad8                pifMpu6500_ReadAccel
                0x08008b42                pifMpu6500_ReadGyro
                0x08008bac                pifMpu60x0_ReadAccel
                0x08008c16                pifMpu60x0_ReadGyro
                0x08008c80                pifMpu30x0_ReadGyro
                0x08008ce4                pifHmc5883_ReadMag
                0x08008d72                _evtParsing.lto_priv.371
                0x08008ed8                _doTask.lto_priv.470
                0x080090d4                _evtSending.lto_priv.372
                0x08009162                _changeGain.isra.0.lto_priv.209
                0x080091b4                pifMsp_AddAnswer
                0x0800920c                pifMsp_AddAnswer32
                0x0800926c                pifMsp_AddAnswer16
                0x080092c0                pifMsp_AddAnswer8
                0x0800930c                pifMsp_ReadData32
                0x0800932a                pifMsp_ReadData16
 .text          0x0800933c      0x8ac /tmp/ccG4Qfoz.ltrans12.ltrans.o
                0x0800933c                _actReceiveData.lto_priv.441
                0x08009500                pif_PrintFormat
                0x0800970c                pif_Delay1ms
                0x08009724                recalculateBarometerTotal.lto_priv.283
                0x08009798                evtBaroRead
                0x08009800                calculate_Gtune
                0x080099c0                flashfsFlushSync
                0x08009b24                flashfsGetOffset
                0x08009b4c                flashfsEraseCompletely
                0x08009b98                TIM4_IRQHandler
                0x08009ba8                TIM3_IRQHandler
                0x08009bb8                TIM2_IRQHandler
                0x08009bc8                TIM1_UP_IRQHandler
                0x08009bd8                TIM1_CC_IRQHandler
 .text          0x08009be8      0x6d0 /tmp/ccG4Qfoz.ltrans13.ltrans.o
                0x08009be8                _evtSending.lto_priv.328
                0x08009c22                _doTask.lto_priv.329
                0x08009d28                _evtParsing.lto_priv.327
                0x08009f28                pifLog_CmdSetStatus
                0x0800a000                pifLog_CmdPrintVersion
                0x0800a024                pifLog_CmdPrintTask
                0x0800a100                pifLog_CmdHelp
                0x0800a144                _doTask.lto_priv.358
                0x0800a262                pifI2cDevice_WriteRegByte
                0x0800a276                pifI2cDevice_ReadRegBit8
                0x0800a2a2                pifI2cDevice_ReadRegBytes
                0x0800a2a6                pifI2cDevice_ReadRegByte
                0x0800a2ac                pifI2cPort_RemoveDevice
 .text          0x0800a2b8      0xc9c /tmp/ccG4Qfoz.ltrans14.ltrans.o
                0x0800a2b8                taskCalculateAltitude
                0x0800a7b0                taskUpdateBaro
                0x0800a860                taskUpdateCompass
                0x0800a9c8                filterIsSetCheck
                0x0800aa0c                scaleItermToRcInput
                0x0800aaf0                pidLuxFloat.lto_priv.272
                0x0800aef4                pidResetErrorAngle
                0x0800af14                failsafeActivate.lto_priv.299
 .text          0x0800af54      0x47c /tmp/ccG4Qfoz.ltrans15.ltrans.o
                0x0800af54                cliRateProfile.lto_priv.240
                0x0800afa0                cliProfile.lto_priv.241
                0x0800afe0                cliPlaySound.lto_priv.342
                0x0800b088                cliMotor.lto_priv.341
                0x0800b100                cliMixer.lto_priv.339
                0x0800b1a8                cliMap.lto_priv.338
                0x0800b25c                cliPrintVar.lto_priv.222
                0x0800b34c                cliReboot.lto_priv.237
                0x0800b394                cliDefaults.lto_priv.331
                0x0800b3b4                cliSave.lto_priv.343
 .text          0x0800b3d0      0x864 /tmp/ccG4Qfoz.ltrans16.ltrans.o
                0x0800b464                pifTask_SetTrigger
                0x0800b480                _checkLoopTime.lto_priv.419
                0x0800b4dc                _processingTask.lto_priv.418
                0x0800b57c                pifTaskManager_Yield
                0x0800b718                _setParam.lto_priv.423
                0x0800b824                _checkParam.lto_priv.421
                0x0800b874                _resetTable.lto_priv.422
                0x0800b8a0                pifRingBuffer_GetRemainSize
                0x0800b8b6                pifRingBuffer_GetFillSize
                0x0800b8c8                pifRingBuffer_Remove
                0x0800b968                pifRingBuffer_PutString
                0x0800b9c8                pifRingBuffer_PutData
                0x0800ba20                pifRingBuffer_PutByte
                0x0800ba5c                pifRingBuffer_Clear
                0x0800ba74                pifObjArray_Remove
                0x0800bab6                pifTaskManager_Remove
                0x0800bafc                pifObjArray_Add
                0x0800bb28                pifTaskManager_Add
                0x0800bbc8                pifObjArray_Clear
                0x0800bbf8                _printLog.lto_priv.211
 .text          0x0800bc34      0x628 /tmp/ccG4Qfoz.ltrans17.ltrans.o
                0x0800bc34                cliVersion.lto_priv.249
                0x0800bc70                cliTasks.lto_priv.347
                0x0800bd24                cliStatus.lto_priv.346
                0x0800bec4                cliGet.lto_priv.337
                0x0800bf2c                cliSet.lto_priv.344
                0x0800c12c                packFlightModeFlags.lto_priv.215
 *fill*         0x0800c25c        0x4 
 .text          0x0800c260      0x680 /tmp/ccG4Qfoz.ltrans18.ltrans.o
                0x0800c260                mpu6050AccDetect
                0x0800c2a8                mpu6050GyroDetect
                0x0800c31c                mpu3050Detect
                0x0800c568                mpuGyroRead
                0x0800c5b8                mpuAccRead
                0x0800c63c                mpuIntExtiInit
 .text          0x0800c8e0      0x628 /tmp/ccG4Qfoz.ltrans19.ltrans.o
                0x0800c8e0                _actHcSr04Trigger.lto_priv.356
                0x0800c8f8                _evtHcSr04Distance.lto_priv.357
                0x0800cab4                qmc5883lDetect
                0x0800cb14                EXTI9_5_IRQHandler
                0x0800cb16                EXTI1_IRQHandler
                0x0800cb18                EXTI0_IRQHandler
                0x0800cb1a                gpioExtiLineConfig
                0x0800cb44                gpioInit
                0x0800cba8                pwmOutConfig.lto_priv.424
                0x0800ce54                m25p16_isReady
                0x0800ce9c                m25p16_waitForReady
                0x0800cebc                m25p16_readBytes
 .text          0x0800cf08      0x860 /tmp/ccG4Qfoz.ltrans20.ltrans.o
                0x0800cf08                evtMspOtherPacket
                0x0800cf44                dmaNoOpHandler
                0x0800cfa8                cliShowArgumentRangeError.lto_priv.235
                0x0800cfc4                cliAux.lto_priv.246
                0x0800d08c                cliShowParseError.lto_priv.236
                0x0800d098                cliAdjustmentRange.lto_priv.245
                0x0800d1b0                cliRxFail.lto_priv.247
                0x0800d2e4                serialRemovePort
                0x0800d314                serialFindPortConfiguration
                0x0800d34c                cliSerial.lto_priv.248
                0x0800d4a0                doesConfigurationUsePort
                0x0800d4b6                generateThrottleCurve
                0x0800d548                generatePitchRollCurve
                0x0800d57c                isRangeActive.part.2.lto_priv.298
                0x0800d5c4                calculateThrottleStatus
                0x0800d5f8                beeperSilence
                0x0800d620                beeper
                0x0800d664                beeperConfirmationBeeps
                0x0800d694                DMA1_Channel7_IRQHandler
                0x0800d6a4                DMA1_Channel6_IRQHandler
                0x0800d6b4                DMA1_Channel3_IRQHandler
                0x0800d6c4                DMA1_Channel2_IRQHandler
                0x0800d6d4                failureMode
 .text          0x0800d768      0x6ec /tmp/ccG4Qfoz.ltrans21.ltrans.o
                0x0800db9c                hmc5883lDetect
                0x0800dc40                i2cInit
 .text          0x0800de54      0x710 /tmp/ccG4Qfoz.ltrans22.ltrans.o
                0x0800de7c                rxMspReadRawRC.lto_priv.364
                0x0800de88                ppmReadRawRC.lto_priv.366
                0x0800de98                pwmReadRawRC.lto_priv.365
                0x0800dea8                nullReadRawRC.lto_priv.297
                0x0800deac                pifRingBuffer_CreateHeap.constprop.87
                0x0800dee4                pifUart_SendTxData.constprop.85
                0x0800df0e                pifObjArray_Init.part.0.constprop.82
                0x0800df66                pifLog_Printf.constprop.76
                0x0800df90                resetSerialConfig.constprop.54
                0x0800dff8                isModeActivationConditionPresent.constprop.47
                0x0800e016                parseRcChannels.constprop.43
                0x0800e050                findNextSerialPortConfig.constprop.27
                0x0800e084                initI2cDevice.constprop.19
                0x0800e0dc                setAdjustment.isra.0.constprop.12
                0x0800e140                GPIO_Init
                0x0800e1dc                FLASH_WaitForLastOperation
                0x0800e1fe                RCC_GetClocksFreq
                0x0800e290                DMA_Init
                0x0800e2cc                DMA_DeInit
                0x0800e3bc                SystemInit
                0x0800e408                batteryAdcToVoltage
                0x0800e434                updateBatteryVoltage.lto_priv.306
                0x0800e46c                getRxfailValue.lto_priv.300
                0x0800e4c8                resumeRxSignal
                0x0800e4f0                suspendRxSignal
                0x0800e51c                warningLedRefresh
 .text          0x0800e564      0x130 /tmp/ccG4Qfoz.ltrans23.ltrans.o
                0x0800e564                cliFeature.lto_priv.334
                0x0800e670                cliExit.lto_priv.333
 .text          0x0800e694      0x530 /tmp/ccG4Qfoz.ltrans24.ltrans.o
                0x0800e694                taskUpdateBattery
                0x0800e89c                taskUpdateBeeper
                0x0800e974                taskUpdateAccelerometer
 .text          0x0800ebc4      0x220 /tmp/ccG4Qfoz.ltrans25.ltrans.o
                0x0800ebc4                taskSystem
                0x0800ed3c                mwArm
                0x0800edb0                mwDisarm
                0x0800edcc                HardFault_Handler
 .text          0x0800ede4      0x370 /usr/lib/gcc/arm-none-eabi/4.9.3/armv7-m/libgcc.a(_arm_addsubdf3.o)
                0x0800ede4                __aeabi_drsub
                0x0800edec                __aeabi_dsub
                0x0800edec                __subdf3
                0x0800edf0                __adddf3
                0x0800edf0                __aeabi_dadd
                0x0800f068                __aeabi_ui2d
                0x0800f068                __floatunsidf
                0x0800f088                __floatsidf
                0x0800f088                __aeabi_i2d
                0x0800f0ac                __extendsfdf2
                0x0800f0ac                __aeabi_f2d
                0x0800f0e8                __aeabi_ul2d
                0x0800f0e8                __floatundidf
                0x0800f0f8                __floatdidf
                0x0800f0f8                __aeabi_l2d
 .text          0x0800f154      0x424 /usr/lib/gcc/arm-none-eabi/4.9.3/armv7-m/libgcc.a(_arm_muldivdf3.o)
                0x0800f154                __aeabi_dmul
                0x0800f154                __muldf3
                0x0800f3a8                __aeabi_ddiv
                0x0800f3a8                __divdf3
 .text          0x0800f578      0x110 /usr/lib/gcc/arm-none-eabi/4.9.3/armv7-m/libgcc.a(_arm_cmpdf2.o)
                0x0800f578                __gtdf2
                0x0800f578                __gedf2
                0x0800f580                __ltdf2
                0x0800f580                __ledf2
                0x0800f588                __cmpdf2
                0x0800f588                __eqdf2
                0x0800f588                __nedf2
                0x0800f604                __aeabi_cdrcmple
                0x0800f614                __aeabi_cdcmple
                0x0800f614                __aeabi_cdcmpeq
                0x0800f624                __aeabi_dcmpeq
                0x0800f638                __aeabi_dcmplt
                0x0800f64c                __aeabi_dcmple
                0x0800f660                __aeabi_dcmpge
                0x0800f674                __aeabi_dcmpgt
 .text          0x0800f688       0x40 /usr/lib/gcc/arm-none-eabi/4.9.3/armv7-m/libgcc.a(_arm_fixunsdfsi.o)
                0x0800f688                __fixunsdfsi
                0x0800f688                __aeabi_d2uiz
 .text          0x0800f6c8       0xa0 /usr/lib/gcc/arm-none-eabi/4.9.3/armv7-m/libgcc.a(_arm_truncdfsf2.o)
                0x0800f6c8                __aeabi_d2f
                0x0800f6c8                __truncdfsf2
 .text          0x0800f768      0x21c /usr/lib/gcc/arm-none-eabi/4.9.3/armv7-m/libgcc.a(_arm_addsubsf3.o)
                0x0800f768                __aeabi_frsub
                0x0800f770                __subsf3
                0x0800f770                __aeabi_fsub
                0x0800f774                __aeabi_fadd
                0x0800f774                __addsf3
                0x0800f8d4                __aeabi_ui2f
                0x0800f8d4                __floatunsisf
                0x0800f8dc                __aeabi_i2f
                0x0800f8dc                __floatsisf
                0x0800f8f8                __floatundisf
                0x0800f8f8                __aeabi_ul2f
                0x0800f908                __floatdisf
                0x0800f908                __aeabi_l2f
 .text          0x0800f984      0x2a0 /usr/lib/gcc/arm-none-eabi/4.9.3/armv7-m/libgcc.a(_arm_muldivsf3.o)
                0x0800f984                __mulsf3
                0x0800f984                __aeabi_fmul
                0x0800faec                __divsf3
                0x0800faec                __aeabi_fdiv
 .text          0x0800fc24       0xec /usr/lib/gcc/arm-none-eabi/4.9.3/armv7-m/libgcc.a(_arm_cmpsf2.o)
                0x0800fc24                __gtsf2
                0x0800fc24                __gesf2
                0x0800fc2c                __lesf2
                0x0800fc2c                __ltsf2
                0x0800fc34                __nesf2
                0x0800fc34                __eqsf2
                0x0800fc34                __cmpsf2
                0x0800fc94                __aeabi_cfrcmple
                0x0800fc9c                __aeabi_cfcmple
                0x0800fc9c                __aeabi_cfcmpeq
                0x0800fcac                __aeabi_fcmpeq
                0x0800fcc0                __aeabi_fcmplt
                0x0800fcd4                __aeabi_fcmple
                0x0800fce8                __aeabi_fcmpge
                0x0800fcfc                __aeabi_fcmpgt
 .text          0x0800fd10       0x4c /usr/lib/gcc/arm-none-eabi/4.9.3/armv7-m/libgcc.a(_arm_fixsfsi.o)
                0x0800fd10                __fixsfsi
                0x0800fd10                __aeabi_f2iz
 .text          0x0800fd5c       0x40 /usr/lib/gcc/arm-none-eabi/4.9.3/armv7-m/libgcc.a(_arm_fixunssfsi.o)
                0x0800fd5c                __aeabi_f2uiz
                0x0800fd5c                __fixunssfsi
 .text          0x0800fd9c       0x38 /usr/lib/gcc/arm-none-eabi/4.9.3/armv7-m/libgcc.a(_aeabi_ldivmod.o)
                0x0800fd9c                __aeabi_ldivmod
 .text          0x0800fdd4       0x60 /usr/lib/gcc/arm-none-eabi/4.9.3/armv7-m/libgcc.a(bpabi.o)
                0x0800fdd4                __gnu_ldivmod_helper
                0x0800fe04                __gnu_uldivmod_helper
 .text          0x0800fe34        0x4 /usr/lib/gcc/arm-none-eabi/4.9.3/armv7-m/libgcc.a(_dvmd_tls.o)
                0x0800fe34                __aeabi_ldiv0
                0x0800fe34                __aeabi_idiv0
 .text          0x0800fe38      0x2ac /usr/lib/gcc/arm-none-eabi/4.9.3/armv7-m/libgcc.a(_divdi3.o)
                0x0800fe38                __divdi3
 .text          0x080100e4      0x270 /usr/lib/gcc/arm-none-eabi/4.9.3/armv7-m/libgcc.a(_udivdi3.o)
                0x080100e4                __udivdi3
 *(.text*)
 .text.Reset_Handler
                0x08010354       0x9c obj/main/NAZE/startup_stm32f10x_md_gcc.o
                0x08010354                Reset_Handler
 .text.Default_Handler
                0x080103f0        0x2 obj/main/NAZE/startup_stm32f10x_md_gcc.o
                0x080103f0                EXTI2_IRQHandler
                0x080103f0                DebugMon_Handler
                0x080103f0                PVD_IRQHandler
                0x080103f0                PendSV_Handler
                0x080103f0                NMI_Handler
                0x080103f0                EXTI3_IRQHandler
                0x080103f0                UsageFault_Handler
                0x080103f0                ADC1_2_IRQHandler
                0x080103f0                SPI1_IRQHandler
                0x080103f0                TAMPER_IRQHandler
                0x080103f0                RTC_IRQHandler
                0x080103f0                CAN1_RX1_IRQHandler
                0x080103f0                RCC_IRQHandler
                0x080103f0                TIM1_TRG_COM_IRQHandler
                0x080103f0                DMA1_Channel1_IRQHandler
                0x080103f0                Default_Handler
                0x080103f0                SPI2_IRQHandler
                0x080103f0                MemManage_Handler
                0x080103f0                SVC_Handler
                0x080103f0                DMA1_Channel5_IRQHandler
                0x080103f0                EXTI4_IRQHandler
                0x080103f0                USB_LP_CAN1_RX0_IRQHandler
                0x080103f0                USB_HP_CAN1_TX_IRQHandler
                0x080103f0                WWDG_IRQHandler
                0x080103f0                TIM1_BRK_IRQHandler
                0x080103f0                RTCAlarm_IRQHandler
                0x080103f0                CAN1_SCE_IRQHandler
                0x080103f0                FLASH_IRQHandler
                0x080103f0                BusFault_Handler
                0x080103f0                USBWakeUp_IRQHandler
 *fill*         0x080103f2        0x2 
 .text.startup  0x080103f4     0x2324 /tmp/ccG4Qfoz.ltrans0.ltrans.o
                0x080103f4                main
 .text.atoi     0x08012718        0x8 /usr/lib/gcc/arm-none-eabi/4.9.3/../../../arm-none-eabi/lib/armv7-m/libc_nano.a(lib_a-atoi.o)
                0x08012718                atoi
 .text._strtol_r
                0x08012720      0x10c /usr/lib/gcc/arm-none-eabi/4.9.3/../../../arm-none-eabi/lib/armv7-m/libc_nano.a(lib_a-strtol.o)
                0x08012720                _strtol_r
 .text.strtol   0x0801282c       0x1c /usr/lib/gcc/arm-none-eabi/4.9.3/../../../arm-none-eabi/lib/armv7-m/libc_nano.a(lib_a-strtol.o)
                0x0801282c                strtol
 .text.lrintf   0x08012848       0x78 /usr/lib/gcc/arm-none-eabi/4.9.3/../../../arm-none-eabi/lib/armv7-m/libm.a(lib_a-sf_lrint.o)
                0x08012848                lrintf
 .text.powf     0x080128c0      0x314 /usr/lib/gcc/arm-none-eabi/4.9.3/../../../arm-none-eabi/lib/armv7-m/libm.a(lib_a-wf_pow.o)
                0x080128c0                powf
 .text.sqrtf    0x08012bd4       0x9c /usr/lib/gcc/arm-none-eabi/4.9.3/../../../arm-none-eabi/lib/armv7-m/libm.a(lib_a-wf_sqrt.o)
                0x08012bd4                sqrtf
 .text.__ieee754_powf
                0x08012c70      0x6ec /usr/lib/gcc/arm-none-eabi/4.9.3/../../../arm-none-eabi/lib/armv7-m/libm.a(lib_a-ef_pow.o)
                0x08012c70                __ieee754_powf
 .text.__ieee754_sqrtf
                0x0801335c       0xa8 /usr/lib/gcc/arm-none-eabi/4.9.3/../../../arm-none-eabi/lib/armv7-m/libm.a(lib_a-ef_sqrt.o)
                0x0801335c                __ieee754_sqrtf
 .text.matherr  0x08013404        0x4 /usr/lib/gcc/arm-none-eabi/4.9.3/../../../arm-none-eabi/lib/armv7-m/libm.a(lib_a-s_matherr.o)
                0x08013404                matherr
 .text.rint     0x08013408      0x11c /usr/lib/gcc/arm-none-eabi/4.9.3/../../../arm-none-eabi/lib/armv7-m/libm.a(lib_a-s_rint.o)
                0x08013408                rint
 .text.fabsf    0x08013524        0x8 /usr/lib/gcc/arm-none-eabi/4.9.3/../../../arm-none-eabi/lib/armv7-m/libm.a(lib_a-sf_fabs.o)
                0x08013524                fabsf
 .text.finitef  0x0801352c       0x10 /usr/lib/gcc/arm-none-eabi/4.9.3/../../../arm-none-eabi/lib/armv7-m/libm.a(lib_a-sf_finite.o)
                0x0801352c                finitef
 .text.__fpclassifyf
                0x0801353c       0x34 /usr/lib/gcc/arm-none-eabi/4.9.3/../../../arm-none-eabi/lib/armv7-m/libm.a(lib_a-sf_fpclassify.o)
                0x0801353c                __fpclassifyf
 .text.nanf     0x08013570        0x8 /usr/lib/gcc/arm-none-eabi/4.9.3/../../../arm-none-eabi/lib/armv7-m/libm.a(lib_a-sf_nan.o)
                0x08013570                nanf
 .text.scalbnf  0x08013578       0xb0 /usr/lib/gcc/arm-none-eabi/4.9.3/../../../arm-none-eabi/lib/armv7-m/libm.a(lib_a-sf_scalbn.o)
                0x08013578                scalbnf
 .text.copysignf
                0x08013628        0xc /usr/lib/gcc/arm-none-eabi/4.9.3/../../../arm-none-eabi/lib/armv7-m/libm.a(lib_a-sf_copysign.o)
                0x08013628                copysignf
 .text.calloc   0x08013634       0x14 /usr/lib/gcc/arm-none-eabi/4.9.3/../../../arm-none-eabi/lib/armv7-m/libc_nano.a(lib_a-calloc.o)
                0x08013634                calloc
 .text.__errno  0x08013648        0xc /usr/lib/gcc/arm-none-eabi/4.9.3/../../../arm-none-eabi/lib/armv7-m/libc_nano.a(lib_a-errno.o)
                0x08013648                __errno
 .text.malloc   0x08013654       0x10 /usr/lib/gcc/arm-none-eabi/4.9.3/../../../arm-none-eabi/lib/armv7-m/libc_nano.a(lib_a-malloc.o)
                0x08013654                malloc
 .text.free     0x08013664       0x10 /usr/lib/gcc/arm-none-eabi/4.9.3/../../../arm-none-eabi/lib/armv7-m/libc_nano.a(lib_a-malloc.o)
                0x08013664                free
 .text.memcpy   0x08013674       0x16 /usr/lib/gcc/arm-none-eabi/4.9.3/../../../arm-none-eabi/lib/armv7-m/libc_nano.a(lib_a-memcpy.o)
                0x08013674                memcpy
 .text.memset   0x0801368a       0x10 /usr/lib/gcc/arm-none-eabi/4.9.3/../../../arm-none-eabi/lib/armv7-m/libc_nano.a(lib_a-memset.o)
                0x0801368a                memset
 .text._calloc_r
                0x0801369a       0x1c /usr/lib/gcc/arm-none-eabi/4.9.3/../../../arm-none-eabi/lib/armv7-m/libc_nano.a(lib_a-nano-callocr.o)
                0x0801369a                _calloc_r
 *fill*         0x080136b6        0x2 
 .text._free_r  0x080136b8       0x88 /usr/lib/gcc/arm-none-eabi/4.9.3/../../../arm-none-eabi/lib/armv7-m/libc_nano.a(lib_a-nano-freer.o)
                0x080136b8                _free_r
 .text._malloc_r
                0x08013740       0xac /usr/lib/gcc/arm-none-eabi/4.9.3/../../../arm-none-eabi/lib/armv7-m/libc_nano.a(lib_a-nano-mallocr.o)
                0x08013740                _malloc_r
 .text._sbrk_r  0x080137ec       0x20 /usr/lib/gcc/arm-none-eabi/4.9.3/../../../arm-none-eabi/lib/armv7-m/libc_nano.a(lib_a-sbrkr.o)
                0x080137ec                _sbrk_r
 .text.strcasecmp
                0x0801380c       0x3c /usr/lib/gcc/arm-none-eabi/4.9.3/../../../arm-none-eabi/lib/armv7-m/libc_nano.a(lib_a-strcasecmp.o)
                0x0801380c                strcasecmp
 .text.strcat   0x08013848       0x1e /usr/lib/gcc/arm-none-eabi/4.9.3/../../../arm-none-eabi/lib/armv7-m/libc_nano.a(lib_a-strcat.o)
                0x08013848                strcat
 .text.strchr   0x08013866       0x1c /usr/lib/gcc/arm-none-eabi/4.9.3/../../../arm-none-eabi/lib/armv7-m/libc_nano.a(lib_a-strchr.o)
                0x08013866                strchr
 .text.strcpy   0x08013882       0x10 /usr/lib/gcc/arm-none-eabi/4.9.3/../../../arm-none-eabi/lib/armv7-m/libc_nano.a(lib_a-strcpy.o)
                0x08013882                strcpy
 .text.strlen   0x08013892       0x10 /usr/lib/gcc/arm-none-eabi/4.9.3/../../../arm-none-eabi/lib/armv7-m/libc_nano.a(lib_a-strlen.o)
                0x08013892                strlen
 *fill*         0x080138a2        0x2 
 .text.strncasecmp
                0x080138a4       0x44 /usr/lib/gcc/arm-none-eabi/4.9.3/../../../arm-none-eabi/lib/armv7-m/libc_nano.a(lib_a-strncasecmp.o)
                0x080138a4                strncasecmp
 .text.strncpy  0x080138e8       0x24 /usr/lib/gcc/arm-none-eabi/4.9.3/../../../arm-none-eabi/lib/armv7-m/libc_nano.a(lib_a-strncpy.o)
                0x080138e8                strncpy
 .text.strstr   0x0801390c       0x30 /usr/lib/gcc/arm-none-eabi/4.9.3/../../../arm-none-eabi/lib/armv7-m/libc_nano.a(lib_a-strstr.o)
                0x0801390c                strstr
 .text._sbrk    0x0801393c       0x1c /usr/lib/gcc/arm-none-eabi/4.9.3/../../../arm-none-eabi/lib/armv7-m/libnosys.a(sbrk.o)
                0x0801393c                _sbrk
 *(.rodata)
 .rodata        0x08013958      0x188 /tmp/ccG4Qfoz.ltrans0.ltrans.o
 .rodata        0x08013ae0      0x198 /tmp/ccG4Qfoz.ltrans1.ltrans.o
                0x08013c6c                shortGitRevision
                0x08013c70                buildTime
                0x08013c74                buildDate
 .rodata        0x08013c78        0xc /tmp/ccG4Qfoz.ltrans7.ltrans.o
 .rodata        0x08013c84      0x64d /tmp/ccG4Qfoz.ltrans9.ltrans.o
                0x08013c84                servoMixers
                0x08013d54                mixerAtail4.lto_priv.410
                0x08013d94                mixerDualcopter.lto_priv.409
                0x08013db4                mixerHex6H.lto_priv.408
                0x08013e14                mixerVtail4.lto_priv.407
                0x08013e54                mixerOctoFlatX.lto_priv.406
                0x08013ed4                mixerOctoFlatP.lto_priv.405
                0x08013f54                mixerOctoX8.lto_priv.404
                0x08013fd4                mixerHex6X.lto_priv.403
                0x08014034                mixerY4.lto_priv.402
                0x08014074                mixerSingleProp.lto_priv.401
                0x08014084                mixerHex6P.lto_priv.400
                0x080140e4                mixerY6.lto_priv.399
                0x08014144                mixerBicopter.lto_priv.398
                0x08014164                mixerQuadX.lto_priv.397
                0x080141a4                mixerQuadP.lto_priv.396
                0x080141e4                mixerTricopter.lto_priv.395
                0x08014214                servoMixerSingle.lto_priv.417
                0x0801424c                servoMixerDual.lto_priv.416
                0x0801425a                servoMixerAirplane.lto_priv.415
                0x0801427d                servoMixerFlyingWing.lto_priv.414
                0x080142a0                servoMixerGimbal.lto_priv.413
                0x080142ae                servoMixerBI.lto_priv.412
                0x080142ca                servoMixerTri.lto_priv.411
 .rodata        0x080142d1        0xc /tmp/ccG4Qfoz.ltrans10.ltrans.o
 *fill*         0x080142dd        0x3 
 .rodata        0x080142e0       0x58 /tmp/ccG4Qfoz.ltrans13.ltrans.o
 .rodata        0x08014338      0x183 /tmp/ccG4Qfoz.ltrans15.ltrans.o
                0x08014338                beeperTable.lto_priv.256
                0x080143f8                mixerNames.lto_priv.238
                0x08014460                beep_armedBeep.lto_priv.270
                0x08014465                beep_disarmRepeatBeep.lto_priv.269
                0x08014469                beep_readyBeep.lto_priv.268
                0x08014478                beep_2longerBeeps.lto_priv.267
                0x0801447d                beep_2shortBeeps.lto_priv.266
                0x08014482                beep_shortBeep.lto_priv.265
                0x08014485                beep_lowBatteryBeep.lto_priv.264
                0x08014488                beep_critBatteryBeep.lto_priv.263
                0x0801448b                beep_armedGpsFix.lto_priv.262
                0x08014494                beep_armingBeep.lto_priv.261
                0x08014499                beep_disarmBeep.lto_priv.260
                0x0801449e                beep_txLostBeep.lto_priv.259
                0x080144a1                beep_sos.lto_priv.258
                0x080144b4                beep_gyroCalibrated.lto_priv.257
 *fill*         0x080144bb        0x1 
 .rodata        0x080144bc      0xcb4 /tmp/ccG4Qfoz.ltrans17.ltrans.o
                0x080144ec                valueTable
                0x0801507c                lookupTables.lto_priv.223
                0x080150cc                lookupDeltaMethod.lto_priv.234
                0x080150d4                lookupTableGyroLpf.lto_priv.233
                0x080150ec                lookupTableGyroFilter.lto_priv.232
                0x080150fc                lookupTableSerialRX.lto_priv.231
                0x0801511c                lookupTablePidController.lto_priv.230
                0x08015128                lookupTableGimbalMode.lto_priv.229
                0x08015130                lookupTableCurrentSensor.lto_priv.228
                0x0801513c                lookupTableAlignment.lto_priv.227
                0x08015160                lookupTableUnit.lto_priv.226
                0x08015168                lookupTableOffOn.lto_priv.225
 .rodata        0x08015170       0x2c /tmp/ccG4Qfoz.ltrans20.ltrans.o
                0x0801517c                baudRates
 .rodata        0x0801519c       0x58 /tmp/ccG4Qfoz.ltrans21.ltrans.o
 .rodata        0x080151f4       0x18 /tmp/ccG4Qfoz.ltrans22.ltrans.o
                0x08015208                type_ch
 .rodata        0x0801520c       0x5c /tmp/ccG4Qfoz.ltrans23.ltrans.o
                0x0801520c                featureNames.lto_priv.239
 .rodata        0x08015268      0x1f0 /tmp/ccG4Qfoz.ltrans25.ltrans.o
 *(.rodata*)
 .rodata.gyro_detect
                0x08015458       0x40 /tmp/ccG4Qfoz.ltrans0.ltrans.o
 .rodata.timerHardware
                0x08015498       0xe0 /tmp/ccG4Qfoz.ltrans0.ltrans.o
 .rodata.str1.1
                0x08015578       0x1a /tmp/ccG4Qfoz.ltrans0.ltrans.o
 .rodata.str1.1
                0x08015592      0x113 /tmp/ccG4Qfoz.ltrans1.ltrans.o
 .rodata.str1.1
                0x080156a5      0x180 /tmp/ccG4Qfoz.ltrans4.ltrans.o
                                0x19f (size before relaxing)
 .rodata.str1.1
                0x08015825       0x30 /tmp/ccG4Qfoz.ltrans5.ltrans.o
 .rodata.str1.1
                0x08015855       0x21 /tmp/ccG4Qfoz.ltrans6.ltrans.o
 .rodata.str1.1
                0x08015876        0xf /tmp/ccG4Qfoz.ltrans8.ltrans.o
 *fill*         0x08015885        0x3 
 .rodata.mixers
                0x08015888       0xd0 /tmp/ccG4Qfoz.ltrans9.ltrans.o
                0x08015888                mixers
 .rodata.str1.1
                0x08015958      0x15a /tmp/ccG4Qfoz.ltrans9.ltrans.o
                                0x173 (size before relaxing)
 .rodata.str1.1
                0x08015ab2       0x22 /tmp/ccG4Qfoz.ltrans12.ltrans.o
 .rodata.str1.1
                0x08015ad4      0x1dd /tmp/ccG4Qfoz.ltrans13.ltrans.o
                                0x215 (size before relaxing)
 .rodata.str1.1
                0x08015cb1      0x214 /tmp/ccG4Qfoz.ltrans15.ltrans.o
                                0x270 (size before relaxing)
 .rodata.str1.1
                0x08015ec5      0xb25 /tmp/ccG4Qfoz.ltrans17.ltrans.o
                                0xb94 (size before relaxing)
 .rodata.str1.1
                0x080169ea       0x10 /tmp/ccG4Qfoz.ltrans18.ltrans.o
 .rodata.str1.1
                0x080169fa        0x8 /tmp/ccG4Qfoz.ltrans19.ltrans.o
 .rodata.str1.1
                0x08016a02       0xa2 /tmp/ccG4Qfoz.ltrans20.ltrans.o
                                 0xb0 (size before relaxing)
 .rodata.str1.1
                0x08016aa4        0x8 /tmp/ccG4Qfoz.ltrans21.ltrans.o
 .rodata.rcChannelLetters
                0x08016aac       0x15 /tmp/ccG4Qfoz.ltrans22.ltrans.o
                0x08016aac                rcChannelLetters
 .rodata.str1.1
                0x08016ac1      0x132 /tmp/ccG4Qfoz.ltrans23.ltrans.o
                                0x15d (size before relaxing)
 .rodata.str1.1
                0x08016bf3      0x3c1 /tmp/ccG4Qfoz.ltrans25.ltrans.o
                                0x403 (size before relaxing)
 .rodata._ctype_
                0x08016fb4      0x101 /usr/lib/gcc/arm-none-eabi/4.9.3/../../../arm-none-eabi/lib/armv7-m/libc_nano.a(lib_a-ctype_.o)
                0x08016fb4                _ctype_
 .rodata.str1.1
                0x080170b5        0x0 /usr/lib/gcc/arm-none-eabi/4.9.3/../../../arm-none-eabi/lib/armv7-m/libc_nano.a(lib_a-impure.o)
                                  0x2 (size before relaxing)
 *fill*         0x080170b5        0x3 
 .rodata.TWO23  0x080170b8        0x8 /usr/lib/gcc/arm-none-eabi/4.9.3/../../../arm-none-eabi/lib/armv7-m/libm.a(lib_a-sf_lrint.o)
 .rodata.str1.4
                0x080170c0        0x5 /usr/lib/gcc/arm-none-eabi/4.9.3/../../../arm-none-eabi/lib/armv7-m/libm.a(lib_a-wf_pow.o)
                                  0x8 (size before relaxing)
 *fill*         0x080170c5        0x3 
 .rodata.str1.4
                0x080170c8        0x6 /usr/lib/gcc/arm-none-eabi/4.9.3/../../../arm-none-eabi/lib/armv7-m/libm.a(lib_a-wf_sqrt.o)
                                  0x8 (size before relaxing)
 *fill*         0x080170ce        0x2 
 .rodata.dp_h   0x080170d0        0x8 /usr/lib/gcc/arm-none-eabi/4.9.3/../../../arm-none-eabi/lib/armv7-m/libm.a(lib_a-ef_pow.o)
 .rodata.dp_l   0x080170d8        0x8 /usr/lib/gcc/arm-none-eabi/4.9.3/../../../arm-none-eabi/lib/armv7-m/libm.a(lib_a-ef_pow.o)
 .rodata.bp     0x080170e0        0x8 /usr/lib/gcc/arm-none-eabi/4.9.3/../../../arm-none-eabi/lib/armv7-m/libm.a(lib_a-ef_pow.o)
 .rodata.str1.4
                0x080170e8        0x8 /usr/lib/gcc/arm-none-eabi/4.9.3/../../../arm-none-eabi/lib/armv7-m/libm.a(lib_a-ef_pow.o)
                                  0x4 (size before relaxing)
 .rodata.TWO52  0x080170e8       0x10 /usr/lib/gcc/arm-none-eabi/4.9.3/../../../arm-none-eabi/lib/armv7-m/libm.a(lib_a-s_rint.o)
 *(.glue_7)
 .glue_7        0x080170f8        0x0 linker stubs
 *(.glue_7t)
 .glue_7t       0x080170f8        0x0 linker stubs
 *(.eh_frame)
 *(.init)
 *(.fini)
                0x080170f8                . = ALIGN (0x4)
                0x080170f8                _etext = .

.vfp11_veneer   0x080170f8        0x0
 .vfp11_veneer  0x080170f8        0x0 linker stubs

.v4_bx          0x080170f8        0x0
 .v4_bx         0x080170f8        0x0 linker stubs

.iplt           0x080170f8        0x0
 .iplt          0x080170f8        0x0 obj/main/NAZE/startup_stm32f10x_md_gcc.o

.ARM.extab
 *(.ARM.extab* .gnu.linkonce.armextab.*)

.ARM            0x080170f8        0x8
                0x080170f8                __exidx_start = .
 *(.ARM.exidx*)
 .ARM.exidx     0x080170f8        0x8 /usr/lib/gcc/arm-none-eabi/4.9.3/armv7-m/libgcc.a(_divdi3.o)
 .ARM.exidx     0x08017100        0x0 /usr/lib/gcc/arm-none-eabi/4.9.3/armv7-m/libgcc.a(_udivdi3.o)
                                  0x8 (size before relaxing)
                0x08017100                __exidx_end = .

.rel.dyn        0x08017100        0x0
 .rel.iplt      0x08017100        0x0 obj/main/NAZE/startup_stm32f10x_md_gcc.o

.preinit_array  0x08017100        0x0
                [!provide]                PROVIDE (__preinit_array_start, .)
 *(.preinit_array*)
                [!provide]                PROVIDE (__preinit_array_end, .)

.init_array     0x08017100        0x0
                [!provide]                PROVIDE (__init_array_start, .)
 *(SORT(.init_array.*))
 *(.init_array*)
                [!provide]                PROVIDE (__init_array_end, .)

.fini_array     0x08017100        0x0
                [!provide]                PROVIDE (__fini_array_start, .)
 *(.fini_array*)
 *(SORT(.fini_array.*))
                [!provide]                PROVIDE (__fini_array_end, .)
                0x08017100                _sidata = .

.data           0x20000000      0x1ac load address 0x08017100
                0x20000000                . = ALIGN (0x4)
                0x20000000                _sdata = .
 *(.data)
 .data          0x20000000       0x11 /tmp/ccG4Qfoz.ltrans1.ltrans.o
                0x20000000                geometry.lto_priv.250
                0x20000010                isUsingSticksToArm.lto_priv.285
 *fill*         0x20000011        0x3 
 .data          0x20000014        0x8 /tmp/ccG4Qfoz.ltrans2.ltrans.o
                0x20000018                rcReadRawFunc.lto_priv.362
 .data          0x2000001c        0x2 /tmp/ccG4Qfoz.ltrans6.ltrans.o
                0x2000001c                pif_id
 *fill*         0x2000001e        0x2 
 .data          0x20000020        0x4 /tmp/ccG4Qfoz.ltrans10.ltrans.o
                0x20000020                q0.lto_priv.318
 .data          0x20000024        0x1 /tmp/ccG4Qfoz.ltrans11.ltrans.o
 *fill*         0x20000025        0x3 
 .data          0x20000028        0xc /tmp/ccG4Qfoz.ltrans14.ltrans.o
 .data          0x20000034        0x4 /tmp/ccG4Qfoz.ltrans15.ltrans.o
 .data          0x20000038        0xc /tmp/ccG4Qfoz.ltrans21.ltrans.o
 .data          0x20000044        0x5 /tmp/ccG4Qfoz.ltrans22.ltrans.o
                0x20000044                hse_value
                0x20000048                s_minute.lto_priv.218
 *fill*         0x20000049        0x3 
 .data          0x2000004c        0x4 /tmp/ccG4Qfoz.ltrans25.ltrans.o
 *(.data*)
 .data.hcsr04_name
                0x20000050        0x4 /tmp/ccG4Qfoz.ltrans0.ltrans.o
 .data.bmp280_name
                0x20000054        0x4 /tmp/ccG4Qfoz.ltrans8.ltrans.o
 .data.mpu6500_name
                0x20000058        0x4 /tmp/ccG4Qfoz.ltrans8.ltrans.o
 .data.pid_controller
                0x2000005c        0x4 /tmp/ccG4Qfoz.ltrans10.ltrans.o
                0x2000005c                pid_controller
 .data.batteryCellCount
                0x20000060        0x1 /tmp/ccG4Qfoz.ltrans17.ltrans.o
                0x20000060                batteryCellCount
 *fill*         0x20000061        0x3 
 .data.SystemCoreClock
                0x20000064        0x4 /tmp/ccG4Qfoz.ltrans17.ltrans.o
                0x20000064                SystemCoreClock
 .data.cfTasks  0x20000068       0xc8 /tmp/ccG4Qfoz.ltrans17.ltrans.o
                0x20000068                cfTasks
 .data.mpu3050_name
                0x20000130        0x4 /tmp/ccG4Qfoz.ltrans18.ltrans.o
 .data.mpu6050_name
                0x20000134        0x4 /tmp/ccG4Qfoz.ltrans18.ltrans.o
 .data.qmc5883_name
                0x20000138        0x4 /tmp/ccG4Qfoz.ltrans19.ltrans.o
 .data.hmc5883_name
                0x2000013c        0x4 /tmp/ccG4Qfoz.ltrans21.ltrans.o
 .data.__ctype_ptr__
                0x20000140        0x4 /usr/lib/gcc/arm-none-eabi/4.9.3/../../../arm-none-eabi/lib/armv7-m/libc_nano.a(lib_a-ctype_.o)
                0x20000140                __ctype_ptr__
 .data.impure_data
                0x20000144       0x60 /usr/lib/gcc/arm-none-eabi/4.9.3/../../../arm-none-eabi/lib/armv7-m/libc_nano.a(lib_a-impure.o)
 .data._impure_ptr
                0x200001a4        0x4 /usr/lib/gcc/arm-none-eabi/4.9.3/../../../arm-none-eabi/lib/armv7-m/libc_nano.a(lib_a-impure.o)
                0x200001a4                _impure_ptr
 .data.__fdlib_version
                0x200001a8        0x1 /usr/lib/gcc/arm-none-eabi/4.9.3/../../../arm-none-eabi/lib/armv7-m/libm.a(lib_a-s_lib_ver.o)
                0x200001a8                __fdlib_version
                0x200001ac                . = ALIGN (0x4)
 *fill*         0x200001a9        0x3 
                0x200001ac                _edata = .

.igot.plt       0x200001ac        0x0 load address 0x080172ac
 .igot.plt      0x200001ac        0x0 obj/main/NAZE/startup_stm32f10x_md_gcc.o
                0x200001ac                . = ALIGN (0x4)

.bss            0x200001b0     0x1dec load address 0x080172ac
                0x200001b0                _sbss = .
                0x200001b0                __bss_start__ = _sbss
 *(.bss)
 .bss           0x200001b0      0x378 /tmp/ccG4Qfoz.ltrans0.ltrans.o
                0x200001b0                s_it_current.lto_priv.435
                0x200001b4                s_table_number.lto_priv.439
                0x200001b8                s_table.lto_priv.440
                0x20000240                i2cOverClock.lto_priv.459
                0x20000264                inputFilteringMode.lto_priv.451
                0x200002e0                ppmDev
                0x2000040c                servos.lto_priv.453
                0x20000430                mpuIntExtiConfig.lto_priv.474
                0x20000434                mpuDetectionResult
                0x20000436                mpuDividerDrops.lto_priv.471
                0x200004f0                s_hcsr04.lto_priv.454
                0x20000510                sonarHardware.lto_priv.455
                0x20000514                couldBeBusy.lto_priv.446
                0x20000518                tailAddress.lto_priv.445
                0x2000051c                s_task_cutin.lto_priv.437
                0x20000520                s_loop_count.lto_priv.436
                0x20000524                s_pass_count.lto_priv.438
 .bss           0x20000528       0xf0 /tmp/ccG4Qfoz.ltrans1.ltrans.o
                0x20000528                i2cErrorCount.lto_priv.219
                0x2000052c                enabledSensors.lto_priv.220
                0x20000530                pif_performance
                0x20000538                accSmooth
                0x20000540                gyroADC
                0x2000054c                magADC
                0x20000558                servo
                0x20000568                currentProfile
                0x2000056c                motor
                0x20000584                rxRuntimeConfig
                0x20000586                attitude
                0x2000058c                EstAlt.lto_priv.280
                0x20000590                vario
                0x20000594                calculatedAltitude.lto_priv.281
                0x20000598                mAhDrawn
                0x2000059c                rssi
                0x200005a0                amperage
                0x200005a4                currentControlRateProfile
                0x200005a8                activeBoxIds.lto_priv.216
                0x200005c4                activeBoxIdCount.lto_priv.217
                0x200005c6                debug
                0x200005d0                serialPortUsageList.lto_priv.251
                0x200005f4                magHold
                0x200005f6                rxMspFrameDone.lto_priv.296
                0x200005f8                escAndServoConfig.lto_priv.284
                0x200005fc                motor_disarmed
                0x20000614                calibratingA.lto_priv.287
                0x20000616                stateFlags
                0x20000617                isRebootScheduled.lto_priv.323
 .bss           0x20000618      0x12c /tmp/ccG4Qfoz.ltrans2.ltrans.o
                0x20000619                ppmFrameCount.lto_priv.452
                0x20000641                rcSampleIndex.lto_priv.361
                0x2000068c                rcInvalidPulsPeriod
                0x200006f0                rxConfig.lto_priv.290
                0x200006f4                deadband3dThrottle.lto_priv.367
                0x200006f8                disarmAt.lto_priv.330
                0x20000700                calibratingG.lto_priv.316
                0x20000702                AccInflightCalibrationMeasurementDone
                0x20000703                AccInflightCalibrationSavetoEEProm
                0x20000706                InflightcalibratingA
                0x20000708                AccInflightCalibrationActive
                0x2000070c                adjustmentStates
                0x2000073e                headFreeModeHold
                0x20000740                isRXDataNew.lto_priv.314
                0x20000741                haveProcessedAnnexCodeOnce.lto_priv.307
                0x20000742                initialThrottleHold.lto_priv.313
 .bss           0x20000744      0x385 /tmp/ccG4Qfoz.ltrans3.ltrans.o
                0x20000754                gyroLpfCutFreq.lto_priv.434
                0x200007cc                gyroConfig.lto_priv.433
                0x20000828                imuRuntimeConfig.lto_priv.373
                0x20000850                gyroScale.lto_priv.374
                0x20000860                smallAngleCosZ
                0x2000086c                fc_acc
                0x20000870                accDeadband.lto_priv.429
                0x20000874                lookupYawRC
                0x2000088c                rxRefreshRate.lto_priv.363
                0x200008a4                rcControlsConfig.lto_priv.428
                0x200008ac                escAndServoConfig.lto_priv.309
                0x200008b0                throttleAngleScale
                0x200008b4                mixerConfig.lto_priv.376
                0x200008b8                currentMixer.lto_priv.379
                0x2000097c                rxConfig.lto_priv.431
                0x20000980                currentMixerMode.lto_priv.378
                0x200009a4                gimbalConfig.lto_priv.430
                0x200009a8                servoFilterState.lto_priv.377
                0x20000ac8                motorControlEnable
 *fill*         0x20000ac9        0x3 
 .bss           0x20000acc        0x4 /tmp/ccG4Qfoz.ltrans4.ltrans.o
                0x20000acc                servoConf.lto_priv.271
 .bss           0x20000ad0       0x1c /tmp/ccG4Qfoz.ltrans5.ltrans.o
 .bss           0x20000aec      0x2f0 /tmp/ccG4Qfoz.ltrans6.ltrans.o
                0x20000aec                sensor_link
                0x20000bf0                pif_cumulative_timer1ms
                0x20000bf4                g_i2c_port
                0x20000c28                hmc5883.lto_priv.456
                0x20000c40                uartPort1.lto_priv.450
                0x20000cc8                uartPort2.lto_priv.449
                0x20000d50                uartPort3.lto_priv.448
                0x20000dd8                pif_act_timer1us
 .bss           0x20000ddc      0x14c /tmp/ccG4Qfoz.ltrans7.ltrans.o
 .bss           0x20000f28       0x54 /tmp/ccG4Qfoz.ltrans8.ltrans.o
 .bss           0x20000f7c      0x29c /tmp/ccG4Qfoz.ltrans10.ltrans.o
                0x20000f7c                usTicks.lto_priv.393
                0x20000f80                addr.lto_priv.463
                0x20000f81                reg.lto_priv.461
                0x20000f82                writing.lto_priv.465
                0x20000f83                reading.lto_priv.460
                0x20000f84                write_p.lto_priv.466
                0x20000f88                read_p.lto_priv.464
                0x20000f8c                bytes.lto_priv.462
                0x20000f8d                busy.lto_priv.467
                0x20000f8e                error.lto_priv.468
                0x20000f90                I2Cx.lto_priv.458
                0x20000f94                rcCommand
                0x20000f9c                PIDweight
                0x20000fa0                targetLooptime
                0x20000fa4                errorGyroI.lto_priv.288
                0x20000fb0                motorLimitReached
                0x20000fe4                axisPID
                0x20000fec                deltaFilterState.lto_priv.275
                0x20001058                errorAngleI.lto_priv.276
                0x20001060                dynP8
                0x20001078                dynD8
                0x2000107b                motorCount
                0x20001080                extiHandlerConfigs.lto_priv.392
                0x20001098                motors.lto_priv.380
                0x200010c8                timerConfig
                0x20001168                flight3DConfig.lto_priv.308
                0x2000116c                escAndServoConfig.lto_priv.310
                0x20001170                servoRuleCount.lto_priv.312
                0x20001171                currentServoMixer.lto_priv.311
                0x200011e4                customServoMixers.lto_priv.387
                0x200011e8                q1.lto_priv.319
                0x200011ec                q2.lto_priv.320
                0x200011f0                q3.lto_priv.321
                0x200011f4                rMat.lto_priv.282
 .bss           0x20001218      0x17c /tmp/ccG4Qfoz.ltrans12.ltrans.o
 .bss           0x20001394        0x1 /tmp/ccG4Qfoz.ltrans13.ltrans.o
 *fill*         0x20001395        0x3 
 .bss           0x20001398       0xf0 /tmp/ccG4Qfoz.ltrans14.ltrans.o
                0x20001398                pif_timer1us
                0x200013a0                calibratingB.lto_priv.286
                0x200013a8                baroPressureSum.lto_priv.443
                0x200013ac                barometerConfig.lto_priv.278
                0x200013d8                sonarMaxTiltCos.lto_priv.355
                0x200013dc                sonarCfAltCm
                0x200013e4                sonarMaxAltWithTiltCm
                0x200013e8                accSumCount
                0x200013ec                accSum
                0x200013f8                accVelScale
                0x200013fc                barometerConfig.lto_priv.279
                0x20001408                AltHold
                0x2000140c                pidProfile.lto_priv.426
                0x20001410                errorVelocityI
                0x20001414                altHoldThrottleAdjustment
                0x20001418                velocityControl
                0x2000141c                baroPressure.lto_priv.442
                0x20001420                baroReady.lto_priv.444
                0x20001434                magInit.lto_priv.375
                0x2000143c                errorGyroIf.lto_priv.289
                0x20001448                dT
                0x20001484                failsafeConfig.lto_priv.292
 .bss           0x20001488       0x7a /tmp/ccG4Qfoz.ltrans15.ltrans.o
                0x20001488                s_log.lto_priv.326
                0x200014ec                beep_multiBeeps.lto_priv.254
 *fill*         0x20001502        0x2 
 .bss           0x20001504       0x20 /tmp/ccG4Qfoz.ltrans16.ltrans.o
 .bss           0x20001524       0x50 /tmp/ccG4Qfoz.ltrans17.ltrans.o
                0x20001524                batteryState.lto_priv.301
                0x20001528                s_tasks.lto_priv.348
                0x20001544                g_timer_1ms
                0x2000156c                currentControlRateProfileIndex.lto_priv.224
                0x2000156e                flightModeFlags
                0x20001570                rcModeActivationMask
 .bss           0x20001574       0x51 /tmp/ccG4Qfoz.ltrans18.ltrans.o
 *fill*         0x200015c5        0x3 
 .bss           0x200015c8       0xe0 /tmp/ccG4Qfoz.ltrans19.ltrans.o
                0x200015d8                device.5271.lto_priv.457
 .bss           0x200016a8       0x50 /tmp/ccG4Qfoz.ltrans20.ltrans.o
                0x200016a8                p_msp.lto_priv.324
                0x200016ac                p_serial.lto_priv.325
                0x200016b0                serialPortCount.lto_priv.388
                0x200016b2                lookupThrottleRC
                0x200016ca                lookupPitchRollRC
                0x200016d8                beeperIsOn.lto_priv.304
                0x200016dc                beeperNextToggleTime.lto_priv.303
                0x200016e0                beeperPos.lto_priv.305
                0x200016e4                currentBeeperEntry.lto_priv.302
                0x200016e8                dmaHandlers.lto_priv.389
 .bss           0x200016f8        0x5 /tmp/ccG4Qfoz.ltrans21.ltrans.o
                0x200016fc                I2Cx_index.lto_priv.469
 *fill*         0x200016fd        0x3 
 .bss           0x20001700      0x80a /tmp/ccG4Qfoz.ltrans22.ltrans.o
                0x20001700                mspFrame.lto_priv.213
                0x20001724                captures.lto_priv.295
                0x2000173c                masterConfig
                0x20001e48                serialConfig.lto_priv.252
                0x20001e4c                findSerialPortConfigState.lto_priv.369
                0x20001e50                pidProfile.lto_priv.212
                0x20001e54                batteryConfig
                0x20001e58                adcConfig
                0x20001e68                adcValues
                0x20001e70                vbatLatestADC
                0x20001e74                vbatFilterState.lto_priv.354
                0x20001e98                vbat
                0x20001e9c                rxConfig.lto_priv.291
                0x20001ea0                activeFeaturesLatch.lto_priv.253
                0x20001ea4                rcData
                0x20001ec8                suspendRxSignalUntil.lto_priv.294
                0x20001ecc                skipRxSamples.lto_priv.293
                0x20001ed0                sysTickUptime.lto_priv.221
                0x20001ed4                failsafeState.lto_priv.277
                0x20001ef8                warningLedState.lto_priv.255
                0x20001efc                warningLedTimer.lto_priv.315
                0x20001f00                pif_timer1ms
                0x20001f02                pif_datetime
 *fill*         0x20001f0a        0x6 
 .bss           0x20001f10       0x59 /tmp/ccG4Qfoz.ltrans24.ltrans.o
                0x20001f14                batteryWarningVoltage
                0x20001f16                batteryCriticalVoltage
                0x20001f34                accADC
                0x20001f40                accelerationTrims.lto_priv.432
                0x20001f68                isAccelUpdatedAtLeastOnce.lto_priv.317
 *fill*         0x20001f69        0x3 
 .bss           0x20001f6c        0x5 /tmp/ccG4Qfoz.ltrans25.ltrans.o
                0x20001f70                systemState.lto_priv.349
 *(SORT(.bss*))
 *fill*         0x20001f71        0x3 
 .bss.systemBeepPtr
                0x20001f74        0x4 /tmp/ccG4Qfoz.ltrans10.ltrans.o
                0x20001f74                systemBeepPtr
 .bss.pif_log_flag
                0x20001f78        0x4 /tmp/ccG4Qfoz.ltrans13.ltrans.o
 .bss.accTimeSum
                0x20001f7c        0x4 /tmp/ccG4Qfoz.ltrans14.ltrans.o
                0x20001f7c                accTimeSum
 .bss.setVelocity
                0x20001f80        0x4 /tmp/ccG4Qfoz.ltrans14.ltrans.o
                0x20001f80                setVelocity
 .bss.__malloc_sbrk_start
                0x20001f84        0x4 /usr/lib/gcc/arm-none-eabi/4.9.3/../../../arm-none-eabi/lib/armv7-m/libc_nano.a(lib_a-nano-mallocr.o)
                0x20001f84                __malloc_sbrk_start
 .bss.__malloc_free_list
                0x20001f88        0x4 /usr/lib/gcc/arm-none-eabi/4.9.3/../../../arm-none-eabi/lib/armv7-m/libc_nano.a(lib_a-nano-mallocr.o)
                0x20001f88                __malloc_free_list
 .bss.heap_end.4079
                0x20001f8c        0x4 /usr/lib/gcc/arm-none-eabi/4.9.3/../../../arm-none-eabi/lib/armv7-m/libnosys.a(sbrk.o)
 .bss.cycleTime
                0x20001f90        0x2 /tmp/ccG4Qfoz.ltrans1.ltrans.o
                0x20001f90                cycleTime
 .bss.armingFlags
                0x20001f92        0x1 /tmp/ccG4Qfoz.ltrans1.ltrans.o
                0x20001f92                armingFlags
 .bss.hardwareRevision
                0x20001f93        0x1 /tmp/ccG4Qfoz.ltrans1.ltrans.o
                0x20001f93                hardwareRevision
 .bss.pif_error
                0x20001f94        0x1 /tmp/ccG4Qfoz.ltrans6.ltrans.o
                0x20001f94                pif_error
 .bss.cliMode   0x20001f95        0x1 /tmp/ccG4Qfoz.ltrans23.ltrans.o
                0x20001f95                cliMode
 *(COMMON)
 *fill*         0x20001f96        0x2 
 COMMON         0x20001f98        0x4 /usr/lib/gcc/arm-none-eabi/4.9.3/../../../arm-none-eabi/lib/armv7-m/libc_nano.a(lib_a-reent.o)
                0x20001f98                errno
                0x20001f9c                . = ALIGN (0x4)
                0x20001f9c                _ebss = .
                0x20001f9c                __bss_end__ = _ebss

._user_heap_stack
                0x20001f9c      0x400 load address 0x080172ac
                0x20001f9c                . = ALIGN (0x4)
                0x20001f9c                PROVIDE (end, .)
                [!provide]                PROVIDE (_end, .)
                0x20001f9c                . = (. + _Min_Heap_Size)
                0x2000239c                . = (. + _Min_Stack_Size)
 *fill*         0x20001f9c      0x400 
                0x2000239c                . = ALIGN (0x4)

.memory_b1_text
 *(.mb1text)
 *(.mb1text*)
 *(.mb1rodata)
 *(.mb1rodata*)

/DISCARD/
 libc.a(*)
 libm.a(*)
 libgcc.a(*)

.ARM.attributes
                0x00000000       0x2f
 *(.ARM.attributes)
 .ARM.attributes
                0x00000000       0x21 obj/main/NAZE/startup_stm32f10x_md_gcc.o
 .ARM.attributes
                0x00000021       0x31 /tmp/ccG4Qfoz.ltrans0.ltrans.o
 .ARM.attributes
                0x00000052       0x31 /tmp/ccG4Qfoz.ltrans1.ltrans.o
 .ARM.attributes
                0x00000083       0x31 /tmp/ccG4Qfoz.ltrans2.ltrans.o
 .ARM.attributes
                0x000000b4       0x31 /tmp/ccG4Qfoz.ltrans3.ltrans.o
 .ARM.attributes
                0x000000e5       0x31 /tmp/ccG4Qfoz.ltrans4.ltrans.o
 .ARM.attributes
                0x00000116       0x31 /tmp/ccG4Qfoz.ltrans5.ltrans.o
 .ARM.attributes
                0x00000147       0x31 /tmp/ccG4Qfoz.ltrans6.ltrans.o
 .ARM.attributes
                0x00000178       0x31 /tmp/ccG4Qfoz.ltrans7.ltrans.o
 .ARM.attributes
                0x000001a9       0x31 /tmp/ccG4Qfoz.ltrans8.ltrans.o
 .ARM.attributes
                0x000001da       0x31 /tmp/ccG4Qfoz.ltrans9.ltrans.o
 .ARM.attributes
                0x0000020b       0x31 /tmp/ccG4Qfoz.ltrans10.ltrans.o
 .ARM.attributes
                0x0000023c       0x31 /tmp/ccG4Qfoz.ltrans11.ltrans.o
 .ARM.attributes
                0x0000026d       0x31 /tmp/ccG4Qfoz.ltrans12.ltrans.o
 .ARM.attributes
                0x0000029e       0x31 /tmp/ccG4Qfoz.ltrans13.ltrans.o
 .ARM.attributes
                0x000002cf       0x31 /tmp/ccG4Qfoz.ltrans14.ltrans.o
 .ARM.attributes
                0x00000300       0x31 /tmp/ccG4Qfoz.ltrans15.ltrans.o
 .ARM.attributes
                0x00000331       0x31 /tmp/ccG4Qfoz.ltrans16.ltrans.o
 .ARM.attributes
                0x00000362       0x31 /tmp/ccG4Qfoz.ltrans17.ltrans.o
 .ARM.attributes
                0x00000393       0x31 /tmp/ccG4Qfoz.ltrans18.ltrans.o
 .ARM.attributes
                0x000003c4       0x31 /tmp/ccG4Qfoz.ltrans19.ltrans.o
 .ARM.attributes
                0x000003f5       0x31 /tmp/ccG4Qfoz.ltrans20.ltrans.o
 .ARM.attributes
                0x00000426       0x31 /tmp/ccG4Qfoz.ltrans21.ltrans.o
 .ARM.attributes
                0x00000457       0x31 /tmp/ccG4Qfoz.ltrans22.ltrans.o
 .ARM.attributes
                0x00000488       0x31 /tmp/ccG4Qfoz.ltrans23.ltrans.o
 .ARM.attributes
                0x000004b9       0x31 /tmp/ccG4Qfoz.ltrans24.ltrans.o
 .ARM.attributes
                0x000004ea       0x31 /tmp/ccG4Qfoz.ltrans25.ltrans.o
 .ARM.attributes
                0x0000051b       0x2d /usr/lib/gcc/arm-none-eabi/4.9.3/../../../arm-none-eabi/lib/armv7-m/libc_nano.a(lib_a-atoi.o)
 .ARM.attributes
                0x00000548       0x2d /usr/lib/gcc/arm-none-eabi/4.9.3/../../../arm-none-eabi/lib/armv7-m/libc_nano.a(lib_a-ctype_.o)
 .ARM.attributes
                0x00000575       0x2d /usr/lib/gcc/arm-none-eabi/4.9.3/../../../arm-none-eabi/lib/armv7-m/libc_nano.a(lib_a-strtol.o)
 .ARM.attributes
                0x000005a2       0x2d /usr/lib/gcc/arm-none-eabi/4.9.3/../../../arm-none-eabi/lib/armv7-m/libc_nano.a(lib_a-impure.o)
 .ARM.attributes
                0x000005cf       0x2d /usr/lib/gcc/arm-none-eabi/4.9.3/../../../arm-none-eabi/lib/armv7-m/libm.a(lib_a-sf_lrint.o)
 .ARM.attributes
                0x000005fc       0x2d /usr/lib/gcc/arm-none-eabi/4.9.3/../../../arm-none-eabi/lib/armv7-m/libm.a(lib_a-wf_pow.o)
 .ARM.attributes
                0x00000629       0x2d /usr/lib/gcc/arm-none-eabi/4.9.3/../../../arm-none-eabi/lib/armv7-m/libm.a(lib_a-wf_sqrt.o)
 .ARM.attributes
                0x00000656       0x2d /usr/lib/gcc/arm-none-eabi/4.9.3/../../../arm-none-eabi/lib/armv7-m/libm.a(lib_a-ef_pow.o)
 .ARM.attributes
                0x00000683       0x2d /usr/lib/gcc/arm-none-eabi/4.9.3/../../../arm-none-eabi/lib/armv7-m/libm.a(lib_a-ef_sqrt.o)
 .ARM.attributes
                0x000006b0       0x2d /usr/lib/gcc/arm-none-eabi/4.9.3/../../../arm-none-eabi/lib/armv7-m/libm.a(lib_a-s_lib_ver.o)
 .ARM.attributes
                0x000006dd       0x2d /usr/lib/gcc/arm-none-eabi/4.9.3/../../../arm-none-eabi/lib/armv7-m/libm.a(lib_a-s_matherr.o)
 .ARM.attributes
                0x0000070a       0x2d /usr/lib/gcc/arm-none-eabi/4.9.3/../../../arm-none-eabi/lib/armv7-m/libm.a(lib_a-s_rint.o)
 .ARM.attributes
                0x00000737       0x2d /usr/lib/gcc/arm-none-eabi/4.9.3/../../../arm-none-eabi/lib/armv7-m/libm.a(lib_a-sf_fabs.o)
 .ARM.attributes
                0x00000764       0x2d /usr/lib/gcc/arm-none-eabi/4.9.3/../../../arm-none-eabi/lib/armv7-m/libm.a(lib_a-sf_finite.o)
 .ARM.attributes
                0x00000791       0x2d /usr/lib/gcc/arm-none-eabi/4.9.3/../../../arm-none-eabi/lib/armv7-m/libm.a(lib_a-sf_fpclassify.o)
 .ARM.attributes
                0x000007be       0x2d /usr/lib/gcc/arm-none-eabi/4.9.3/../../../arm-none-eabi/lib/armv7-m/libm.a(lib_a-sf_nan.o)
 .ARM.attributes
                0x000007eb       0x2d /usr/lib/gcc/arm-none-eabi/4.9.3/../../../arm-none-eabi/lib/armv7-m/libm.a(lib_a-sf_scalbn.o)
 .ARM.attributes
                0x00000818       0x2d /usr/lib/gcc/arm-none-eabi/4.9.3/../../../arm-none-eabi/lib/armv7-m/libm.a(lib_a-sf_copysign.o)
 .ARM.attributes
                0x00000845       0x2d /usr/lib/gcc/arm-none-eabi/4.9.3/../../../arm-none-eabi/lib/armv7-m/libc_nano.a(lib_a-calloc.o)
 .ARM.attributes
                0x00000872       0x2d /usr/lib/gcc/arm-none-eabi/4.9.3/../../../arm-none-eabi/lib/armv7-m/libc_nano.a(lib_a-errno.o)
 .ARM.attributes
                0x0000089f       0x2d /usr/lib/gcc/arm-none-eabi/4.9.3/../../../arm-none-eabi/lib/armv7-m/libc_nano.a(lib_a-malloc.o)
 .ARM.attributes
                0x000008cc       0x2d /usr/lib/gcc/arm-none-eabi/4.9.3/../../../arm-none-eabi/lib/armv7-m/libc_nano.a(lib_a-memcpy.o)
 .ARM.attributes
                0x000008f9       0x2d /usr/lib/gcc/arm-none-eabi/4.9.3/../../../arm-none-eabi/lib/armv7-m/libc_nano.a(lib_a-memset.o)
 .ARM.attributes
                0x00000926       0x2d /usr/lib/gcc/arm-none-eabi/4.9.3/../../../arm-none-eabi/lib/armv7-m/libc_nano.a(lib_a-nano-callocr.o)
 .ARM.attributes
                0x00000953       0x2d /usr/lib/gcc/arm-none-eabi/4.9.3/../../../arm-none-eabi/lib/armv7-m/libc_nano.a(lib_a-nano-freer.o)
 .ARM.attributes
                0x00000980       0x2d /usr/lib/gcc/arm-none-eabi/4.9.3/../../../arm-none-eabi/lib/armv7-m/libc_nano.a(lib_a-nano-mallocr.o)
 .ARM.attributes
                0x000009ad       0x2d /usr/lib/gcc/arm-none-eabi/4.9.3/../../../arm-none-eabi/lib/armv7-m/libc_nano.a(lib_a-sbrkr.o)
 .ARM.attributes
                0x000009da       0x2d /usr/lib/gcc/arm-none-eabi/4.9.3/../../../arm-none-eabi/lib/armv7-m/libc_nano.a(lib_a-strcasecmp.o)
 .ARM.attributes
                0x00000a07       0x2d /usr/lib/gcc/arm-none-eabi/4.9.3/../../../arm-none-eabi/lib/armv7-m/libc_nano.a(lib_a-strcat.o)
 .ARM.attributes
                0x00000a34       0x2d /usr/lib/gcc/arm-none-eabi/4.9.3/../../../arm-none-eabi/lib/armv7-m/libc_nano.a(lib_a-strchr.o)
 .ARM.attributes
                0x00000a61       0x2d /usr/lib/gcc/arm-none-eabi/4.9.3/../../../arm-none-eabi/lib/armv7-m/libc_nano.a(lib_a-strcpy.o)
 .ARM.attributes
                0x00000a8e       0x2d /usr/lib/gcc/arm-none-eabi/4.9.3/../../../arm-none-eabi/lib/armv7-m/libc_nano.a(lib_a-strlen.o)
 .ARM.attributes
                0x00000abb       0x2d /usr/lib/gcc/arm-none-eabi/4.9.3/../../../arm-none-eabi/lib/armv7-m/libc_nano.a(lib_a-strncasecmp.o)
 .ARM.attributes
                0x00000ae8       0x2d /usr/lib/gcc/arm-none-eabi/4.9.3/../../../arm-none-eabi/lib/armv7-m/libc_nano.a(lib_a-strncpy.o)
 .ARM.attributes
                0x00000b15       0x2d /usr/lib/gcc/arm-none-eabi/4.9.3/../../../arm-none-eabi/lib/armv7-m/libc_nano.a(lib_a-strstr.o)
 .ARM.attributes
                0x00000b42       0x2d /usr/lib/gcc/arm-none-eabi/4.9.3/../../../arm-none-eabi/lib/armv7-m/libc_nano.a(lib_a-reent.o)
 .ARM.attributes
                0x00000b6f       0x2d /usr/lib/gcc/arm-none-eabi/4.9.3/../../../arm-none-eabi/lib/armv7-m/libnosys.a(sbrk.o)
 .ARM.attributes
                0x00000b9c       0x1d /usr/lib/gcc/arm-none-eabi/4.9.3/armv7-m/libgcc.a(_arm_addsubdf3.o)
 .ARM.attributes
                0x00000bb9       0x1d /usr/lib/gcc/arm-none-eabi/4.9.3/armv7-m/libgcc.a(_arm_muldivdf3.o)
 .ARM.attributes
                0x00000bd6       0x1d /usr/lib/gcc/arm-none-eabi/4.9.3/armv7-m/libgcc.a(_arm_cmpdf2.o)
 .ARM.attributes
                0x00000bf3       0x1d /usr/lib/gcc/arm-none-eabi/4.9.3/armv7-m/libgcc.a(_arm_fixunsdfsi.o)
 .ARM.attributes
                0x00000c10       0x1d /usr/lib/gcc/arm-none-eabi/4.9.3/armv7-m/libgcc.a(_arm_truncdfsf2.o)
 .ARM.attributes
                0x00000c2d       0x1d /usr/lib/gcc/arm-none-eabi/4.9.3/armv7-m/libgcc.a(_arm_addsubsf3.o)
 .ARM.attributes
                0x00000c4a       0x1d /usr/lib/gcc/arm-none-eabi/4.9.3/armv7-m/libgcc.a(_arm_muldivsf3.o)
 .ARM.attributes
                0x00000c67       0x1d /usr/lib/gcc/arm-none-eabi/4.9.3/armv7-m/libgcc.a(_arm_cmpsf2.o)
 .ARM.attributes
                0x00000c84       0x1d /usr/lib/gcc/arm-none-eabi/4.9.3/armv7-m/libgcc.a(_arm_fixsfsi.o)
 .ARM.attributes
                0x00000ca1       0x1d /usr/lib/gcc/arm-none-eabi/4.9.3/armv7-m/libgcc.a(_arm_fixunssfsi.o)
 .ARM.attributes
                0x00000cbe       0x1d /usr/lib/gcc/arm-none-eabi/4.9.3/armv7-m/libgcc.a(_aeabi_ldivmod.o)
 .ARM.attributes
                0x00000cdb       0x2d /usr/lib/gcc/arm-none-eabi/4.9.3/armv7-m/libgcc.a(bpabi.o)
 .ARM.attributes
                0x00000d08       0x1d /usr/lib/gcc/arm-none-eabi/4.9.3/armv7-m/libgcc.a(_dvmd_tls.o)
 .ARM.attributes
                0x00000d25       0x2d /usr/lib/gcc/arm-none-eabi/4.9.3/armv7-m/libgcc.a(_divdi3.o)
 .ARM.attributes
                0x00000d52       0x2d /usr/lib/gcc/arm-none-eabi/4.9.3/armv7-m/libgcc.a(_udivdi3.o)
OUTPUT(obj/main/cleanflight_NAZE.elf elf32-littlearm)

.debug_info     0x00000000    0x46d5d
 .debug_info    0x00000000     0x8537 /tmp/ccG4Qfoz.ltrans0.ltrans.o
 .debug_info    0x00008537     0x4cc0 /tmp/ccG4Qfoz.ltrans1.ltrans.o
 .debug_info    0x0000d1f7     0x2e2a /tmp/ccG4Qfoz.ltrans2.ltrans.o
 .debug_info    0x00010021     0x2845 /tmp/ccG4Qfoz.ltrans3.ltrans.o
 .debug_info    0x00012866     0x1174 /tmp/ccG4Qfoz.ltrans4.ltrans.o
 .debug_info    0x000139da     0x34c4 /tmp/ccG4Qfoz.ltrans5.ltrans.o
 .debug_info    0x00016e9e     0x33f9 /tmp/ccG4Qfoz.ltrans6.ltrans.o
 .debug_info    0x0001a297     0x27ac /tmp/ccG4Qfoz.ltrans7.ltrans.o
 .debug_info    0x0001ca43     0x210f /tmp/ccG4Qfoz.ltrans8.ltrans.o
 .debug_info    0x0001eb52     0x1843 /tmp/ccG4Qfoz.ltrans9.ltrans.o
 .debug_info    0x00020395     0x2897 /tmp/ccG4Qfoz.ltrans10.ltrans.o
 .debug_info    0x00022c2c     0x2661 /tmp/ccG4Qfoz.ltrans11.ltrans.o
 .debug_info    0x0002528d     0x1f9a /tmp/ccG4Qfoz.ltrans12.ltrans.o
 .debug_info    0x00027227     0x1d0f /tmp/ccG4Qfoz.ltrans13.ltrans.o
 .debug_info    0x00028f36     0x1a06 /tmp/ccG4Qfoz.ltrans14.ltrans.o
 .debug_info    0x0002a93c     0x1bfb /tmp/ccG4Qfoz.ltrans15.ltrans.o
 .debug_info    0x0002c537     0x128c /tmp/ccG4Qfoz.ltrans16.ltrans.o
 .debug_info    0x0002d7c3     0x15bf /tmp/ccG4Qfoz.ltrans17.ltrans.o
 .debug_info    0x0002ed82     0x26f2 /tmp/ccG4Qfoz.ltrans18.ltrans.o
 .debug_info    0x00031474     0x214b /tmp/ccG4Qfoz.ltrans19.ltrans.o
 .debug_info    0x000335bf     0x2862 /tmp/ccG4Qfoz.ltrans20.ltrans.o
 .debug_info    0x00035e21     0x2112 /tmp/ccG4Qfoz.ltrans21.ltrans.o
 .debug_info    0x00037f33     0x3414 /tmp/ccG4Qfoz.ltrans22.ltrans.o
 .debug_info    0x0003b347      0x5fb /tmp/ccG4Qfoz.ltrans23.ltrans.o
 .debug_info    0x0003b942      0xe81 /tmp/ccG4Qfoz.ltrans24.ltrans.o
 .debug_info    0x0003c7c3     0x13d5 /tmp/ccG4Qfoz.ltrans25.ltrans.o
 .debug_info    0x0003db98      0x7ed /usr/lib/gcc/arm-none-eabi/4.9.3/../../../arm-none-eabi/lib/armv7-m/libc_nano.a(lib_a-atoi.o)
 .debug_info    0x0003e385       0x6f /usr/lib/gcc/arm-none-eabi/4.9.3/../../../arm-none-eabi/lib/armv7-m/libc_nano.a(lib_a-ctype_.o)
 .debug_info    0x0003e3f4      0x853 /usr/lib/gcc/arm-none-eabi/4.9.3/../../../arm-none-eabi/lib/armv7-m/libc_nano.a(lib_a-strtol.o)
 .debug_info    0x0003ec47      0x7d3 /usr/lib/gcc/arm-none-eabi/4.9.3/../../../arm-none-eabi/lib/armv7-m/libc_nano.a(lib_a-impure.o)
 .debug_info    0x0003f41a      0x14a /usr/lib/gcc/arm-none-eabi/4.9.3/../../../arm-none-eabi/lib/armv7-m/libm.a(lib_a-sf_lrint.o)
 .debug_info    0x0003f564      0x342 /usr/lib/gcc/arm-none-eabi/4.9.3/../../../arm-none-eabi/lib/armv7-m/libm.a(lib_a-wf_pow.o)
 .debug_info    0x0003f8a6      0x20d /usr/lib/gcc/arm-none-eabi/4.9.3/../../../arm-none-eabi/lib/armv7-m/libm.a(lib_a-wf_sqrt.o)
 .debug_info    0x0003fab3      0x6dc /usr/lib/gcc/arm-none-eabi/4.9.3/../../../arm-none-eabi/lib/armv7-m/libm.a(lib_a-ef_pow.o)
 .debug_info    0x0004018f      0x1cc /usr/lib/gcc/arm-none-eabi/4.9.3/../../../arm-none-eabi/lib/armv7-m/libm.a(lib_a-ef_sqrt.o)
 .debug_info    0x0004035b       0xbe /usr/lib/gcc/arm-none-eabi/4.9.3/../../../arm-none-eabi/lib/armv7-m/libm.a(lib_a-s_lib_ver.o)
 .debug_info    0x00040419      0x129 /usr/lib/gcc/arm-none-eabi/4.9.3/../../../arm-none-eabi/lib/armv7-m/libm.a(lib_a-s_matherr.o)
 .debug_info    0x00040542      0x20a /usr/lib/gcc/arm-none-eabi/4.9.3/../../../arm-none-eabi/lib/armv7-m/libm.a(lib_a-s_rint.o)
 .debug_info    0x0004074c       0xcc /usr/lib/gcc/arm-none-eabi/4.9.3/../../../arm-none-eabi/lib/armv7-m/libm.a(lib_a-sf_fabs.o)
 .debug_info    0x00040818       0xcc /usr/lib/gcc/arm-none-eabi/4.9.3/../../../arm-none-eabi/lib/armv7-m/libm.a(lib_a-sf_finite.o)
 .debug_info    0x000408e4       0xca /usr/lib/gcc/arm-none-eabi/4.9.3/../../../arm-none-eabi/lib/armv7-m/libm.a(lib_a-sf_fpclassify.o)
 .debug_info    0x000409ae       0xce /usr/lib/gcc/arm-none-eabi/4.9.3/../../../arm-none-eabi/lib/armv7-m/libm.a(lib_a-sf_nan.o)
 .debug_info    0x00040a7c      0x21c /usr/lib/gcc/arm-none-eabi/4.9.3/../../../arm-none-eabi/lib/armv7-m/libm.a(lib_a-sf_scalbn.o)
 .debug_info    0x00040c98      0x12e /usr/lib/gcc/arm-none-eabi/4.9.3/../../../arm-none-eabi/lib/armv7-m/libm.a(lib_a-sf_copysign.o)
 .debug_info    0x00040dc6      0x78e /usr/lib/gcc/arm-none-eabi/4.9.3/../../../arm-none-eabi/lib/armv7-m/libc_nano.a(lib_a-calloc.o)
 .debug_info    0x00041554      0x735 /usr/lib/gcc/arm-none-eabi/4.9.3/../../../arm-none-eabi/lib/armv7-m/libc_nano.a(lib_a-errno.o)
 .debug_info    0x00041c89      0x7c1 /usr/lib/gcc/arm-none-eabi/4.9.3/../../../arm-none-eabi/lib/armv7-m/libc_nano.a(lib_a-malloc.o)
 .debug_info    0x0004244a      0x104 /usr/lib/gcc/arm-none-eabi/4.9.3/../../../arm-none-eabi/lib/armv7-m/libc_nano.a(lib_a-memcpy.o)
 .debug_info    0x0004254e       0xd3 /usr/lib/gcc/arm-none-eabi/4.9.3/../../../arm-none-eabi/lib/armv7-m/libc_nano.a(lib_a-memset.o)
 .debug_info    0x00042621      0x7e8 /usr/lib/gcc/arm-none-eabi/4.9.3/../../../arm-none-eabi/lib/armv7-m/libc_nano.a(lib_a-nano-callocr.o)
 .debug_info    0x00042e09      0x81a /usr/lib/gcc/arm-none-eabi/4.9.3/../../../arm-none-eabi/lib/armv7-m/libc_nano.a(lib_a-nano-freer.o)
 .debug_info    0x00043623      0x8fb /usr/lib/gcc/arm-none-eabi/4.9.3/../../../arm-none-eabi/lib/armv7-m/libc_nano.a(lib_a-nano-mallocr.o)
 .debug_info    0x00043f1e      0x7a0 /usr/lib/gcc/arm-none-eabi/4.9.3/../../../arm-none-eabi/lib/armv7-m/libc_nano.a(lib_a-sbrkr.o)
 .debug_info    0x000446be      0x14f /usr/lib/gcc/arm-none-eabi/4.9.3/../../../arm-none-eabi/lib/armv7-m/libc_nano.a(lib_a-strcasecmp.o)
 .debug_info    0x0004480d       0xc8 /usr/lib/gcc/arm-none-eabi/4.9.3/../../../arm-none-eabi/lib/armv7-m/libc_nano.a(lib_a-strcat.o)
 .debug_info    0x000448d5       0xe3 /usr/lib/gcc/arm-none-eabi/4.9.3/../../../arm-none-eabi/lib/armv7-m/libc_nano.a(lib_a-strchr.o)
 .debug_info    0x000449b8       0xbd /usr/lib/gcc/arm-none-eabi/4.9.3/../../../arm-none-eabi/lib/armv7-m/libc_nano.a(lib_a-strcpy.o)
 .debug_info    0x00044a75       0xcd /usr/lib/gcc/arm-none-eabi/4.9.3/../../../arm-none-eabi/lib/armv7-m/libc_nano.a(lib_a-strlen.o)
 .debug_info    0x00044b42      0x169 /usr/lib/gcc/arm-none-eabi/4.9.3/../../../arm-none-eabi/lib/armv7-m/libc_nano.a(lib_a-strncasecmp.o)
 .debug_info    0x00044cab       0xf5 /usr/lib/gcc/arm-none-eabi/4.9.3/../../../arm-none-eabi/lib/armv7-m/libc_nano.a(lib_a-strncpy.o)
 .debug_info    0x00044da0       0xdb /usr/lib/gcc/arm-none-eabi/4.9.3/../../../arm-none-eabi/lib/armv7-m/libc_nano.a(lib_a-strstr.o)
 .debug_info    0x00044e7b      0x8fb /usr/lib/gcc/arm-none-eabi/4.9.3/../../../arm-none-eabi/lib/armv7-m/libc_nano.a(lib_a-reent.o)
 .debug_info    0x00045776       0x99 /usr/lib/gcc/arm-none-eabi/4.9.3/../../../arm-none-eabi/lib/armv7-m/libnosys.a(sbrk.o)
 .debug_info    0x0004580f       0xba /usr/lib/gcc/arm-none-eabi/4.9.3/armv7-m/libgcc.a(_arm_addsubdf3.o)
 .debug_info    0x000458c9       0xba /usr/lib/gcc/arm-none-eabi/4.9.3/armv7-m/libgcc.a(_arm_muldivdf3.o)
 .debug_info    0x00045983       0xba /usr/lib/gcc/arm-none-eabi/4.9.3/armv7-m/libgcc.a(_arm_cmpdf2.o)
 .debug_info    0x00045a3d       0xba /usr/lib/gcc/arm-none-eabi/4.9.3/armv7-m/libgcc.a(_arm_fixunsdfsi.o)
 .debug_info    0x00045af7       0xba /usr/lib/gcc/arm-none-eabi/4.9.3/armv7-m/libgcc.a(_arm_truncdfsf2.o)
 .debug_info    0x00045bb1       0xba /usr/lib/gcc/arm-none-eabi/4.9.3/armv7-m/libgcc.a(_arm_addsubsf3.o)
 .debug_info    0x00045c6b       0xba /usr/lib/gcc/arm-none-eabi/4.9.3/armv7-m/libgcc.a(_arm_muldivsf3.o)
 .debug_info    0x00045d25       0xba /usr/lib/gcc/arm-none-eabi/4.9.3/armv7-m/libgcc.a(_arm_cmpsf2.o)
 .debug_info    0x00045ddf       0xba /usr/lib/gcc/arm-none-eabi/4.9.3/armv7-m/libgcc.a(_arm_fixsfsi.o)
 .debug_info    0x00045e99       0xba /usr/lib/gcc/arm-none-eabi/4.9.3/armv7-m/libgcc.a(_arm_fixunssfsi.o)
 .debug_info    0x00045f53       0xb5 /usr/lib/gcc/arm-none-eabi/4.9.3/armv7-m/libgcc.a(_aeabi_ldivmod.o)
 .debug_info    0x00046008      0x164 /usr/lib/gcc/arm-none-eabi/4.9.3/armv7-m/libgcc.a(bpabi.o)
 .debug_info    0x0004616c       0xb9 /usr/lib/gcc/arm-none-eabi/4.9.3/armv7-m/libgcc.a(_dvmd_tls.o)
 .debug_info    0x00046225      0x5bc /usr/lib/gcc/arm-none-eabi/4.9.3/armv7-m/libgcc.a(_divdi3.o)
 .debug_info    0x000467e1      0x57c /usr/lib/gcc/arm-none-eabi/4.9.3/armv7-m/libgcc.a(_udivdi3.o)

.debug_abbrev   0x00000000     0xa7a6
 .debug_abbrev  0x00000000      0x677 /tmp/ccG4Qfoz.ltrans0.ltrans.o
 .debug_abbrev  0x00000677      0x490 /tmp/ccG4Qfoz.ltrans1.ltrans.o
 .debug_abbrev  0x00000b07      0x4df /tmp/ccG4Qfoz.ltrans2.ltrans.o
 .debug_abbrev  0x00000fe6      0x468 /tmp/ccG4Qfoz.ltrans3.ltrans.o
 .debug_abbrev  0x0000144e      0x265 /tmp/ccG4Qfoz.ltrans4.ltrans.o
 .debug_abbrev  0x000016b3      0x679 /tmp/ccG4Qfoz.ltrans5.ltrans.o
 .debug_abbrev  0x00001d2c      0x46e /tmp/ccG4Qfoz.ltrans6.ltrans.o
 .debug_abbrev  0x0000219a      0x547 /tmp/ccG4Qfoz.ltrans7.ltrans.o
 .debug_abbrev  0x000026e1      0x511 /tmp/ccG4Qfoz.ltrans8.ltrans.o
 .debug_abbrev  0x00002bf2      0x445 /tmp/ccG4Qfoz.ltrans9.ltrans.o
 .debug_abbrev  0x00003037      0x652 /tmp/ccG4Qfoz.ltrans10.ltrans.o
 .debug_abbrev  0x00003689      0x53b /tmp/ccG4Qfoz.ltrans11.ltrans.o
 .debug_abbrev  0x00003bc4      0x655 /tmp/ccG4Qfoz.ltrans12.ltrans.o
 .debug_abbrev  0x00004219      0x53d /tmp/ccG4Qfoz.ltrans13.ltrans.o
 .debug_abbrev  0x00004756      0x4c7 /tmp/ccG4Qfoz.ltrans14.ltrans.o
 .debug_abbrev  0x00004c1d      0x43b /tmp/ccG4Qfoz.ltrans15.ltrans.o
 .debug_abbrev  0x00005058      0x4ba /tmp/ccG4Qfoz.ltrans16.ltrans.o
 .debug_abbrev  0x00005512      0x413 /tmp/ccG4Qfoz.ltrans17.ltrans.o
 .debug_abbrev  0x00005925      0x555 /tmp/ccG4Qfoz.ltrans18.ltrans.o
 .debug_abbrev  0x00005e7a      0x5ca /tmp/ccG4Qfoz.ltrans19.ltrans.o
 .debug_abbrev  0x00006444      0x54e /tmp/ccG4Qfoz.ltrans20.ltrans.o
 .debug_abbrev  0x00006992      0x51e /tmp/ccG4Qfoz.ltrans21.ltrans.o
 .debug_abbrev  0x00006eb0      0x653 /tmp/ccG4Qfoz.ltrans22.ltrans.o
 .debug_abbrev  0x00007503      0x22a /tmp/ccG4Qfoz.ltrans23.ltrans.o
 .debug_abbrev  0x0000772d      0x44d /tmp/ccG4Qfoz.ltrans24.ltrans.o
 .debug_abbrev  0x00007b7a      0x407 /tmp/ccG4Qfoz.ltrans25.ltrans.o
 .debug_abbrev  0x00007f81      0x176 /usr/lib/gcc/arm-none-eabi/4.9.3/../../../arm-none-eabi/lib/armv7-m/libc_nano.a(lib_a-atoi.o)
 .debug_abbrev  0x000080f7       0x4e /usr/lib/gcc/arm-none-eabi/4.9.3/../../../arm-none-eabi/lib/armv7-m/libc_nano.a(lib_a-ctype_.o)
 .debug_abbrev  0x00008145      0x1ac /usr/lib/gcc/arm-none-eabi/4.9.3/../../../arm-none-eabi/lib/armv7-m/libc_nano.a(lib_a-strtol.o)
 .debug_abbrev  0x000082f1      0x136 /usr/lib/gcc/arm-none-eabi/4.9.3/../../../arm-none-eabi/lib/armv7-m/libc_nano.a(lib_a-impure.o)
 .debug_abbrev  0x00008427       0xbe /usr/lib/gcc/arm-none-eabi/4.9.3/../../../arm-none-eabi/lib/armv7-m/libm.a(lib_a-sf_lrint.o)
 .debug_abbrev  0x000084e5      0x14d /usr/lib/gcc/arm-none-eabi/4.9.3/../../../arm-none-eabi/lib/armv7-m/libm.a(lib_a-wf_pow.o)
 .debug_abbrev  0x00008632      0x13a /usr/lib/gcc/arm-none-eabi/4.9.3/../../../arm-none-eabi/lib/armv7-m/libm.a(lib_a-wf_sqrt.o)
 .debug_abbrev  0x0000876c      0x1cd /usr/lib/gcc/arm-none-eabi/4.9.3/../../../arm-none-eabi/lib/armv7-m/libm.a(lib_a-ef_pow.o)
 .debug_abbrev  0x00008939       0xe0 /usr/lib/gcc/arm-none-eabi/4.9.3/../../../arm-none-eabi/lib/armv7-m/libm.a(lib_a-ef_sqrt.o)
 .debug_abbrev  0x00008a19       0x4f /usr/lib/gcc/arm-none-eabi/4.9.3/../../../arm-none-eabi/lib/armv7-m/libm.a(lib_a-s_lib_ver.o)