Archive member included to satisfy reference by file (symbol)

/usr/lib/gcc/arm-none-eabi/4.9.3/../../../arm-none-eabi/lib/armv7-m/libc_nano.a(lib_a-atoi.o)
                              obj/main/NAZE/../controller/io/ledstrip.o (symbol from plugin) (atoi)
/usr/lib/gcc/arm-none-eabi/4.9.3/../../../arm-none-eabi/lib/armv7-m/libc_nano.a(lib_a-ctype_.o)
                              obj/main/NAZE/../controller/flight/gps_conversion.o (symbol from plugin) (__ctype_ptr__)
/usr/lib/gcc/arm-none-eabi/4.9.3/../../../arm-none-eabi/lib/armv7-m/libc_nano.a(lib_a-strtok.o)
                              obj/main/NAZE/../controller/io/serial_cli.o (symbol from plugin) (strtok)
/usr/lib/gcc/arm-none-eabi/4.9.3/../../../arm-none-eabi/lib/armv7-m/libc_nano.a(lib_a-strtok_r.o)
                              /usr/lib/gcc/arm-none-eabi/4.9.3/../../../arm-none-eabi/lib/armv7-m/libc_nano.a(lib_a-strtok.o) (__strtok_r)
/usr/lib/gcc/arm-none-eabi/4.9.3/../../../arm-none-eabi/lib/armv7-m/libc_nano.a(lib_a-strtol.o)
                              /usr/lib/gcc/arm-none-eabi/4.9.3/../../../arm-none-eabi/lib/armv7-m/libc_nano.a(lib_a-atoi.o) (_strtol_r)
/usr/lib/gcc/arm-none-eabi/4.9.3/../../../arm-none-eabi/lib/armv7-m/libc_nano.a(lib_a-impure.o)
                              /usr/lib/gcc/arm-none-eabi/4.9.3/../../../arm-none-eabi/lib/armv7-m/libc_nano.a(lib_a-strtok.o) (_impure_ptr)
/usr/lib/gcc/arm-none-eabi/4.9.3/../../../arm-none-eabi/lib/armv7-m/libc_nano.a(lib_a-malloc.o)
                              /usr/lib/gcc/arm-none-eabi/4.9.3/../../../arm-none-eabi/lib/armv7-m/libc_nano.a(lib_a-strtok.o) (malloc)
/usr/lib/gcc/arm-none-eabi/4.9.3/../../../arm-none-eabi/lib/armv7-m/libc_nano.a(lib_a-nano-freer.o)
                              /usr/lib/gcc/arm-none-eabi/4.9.3/../../../arm-none-eabi/lib/armv7-m/libc_nano.a(lib_a-malloc.o) (_free_r)
/usr/lib/gcc/arm-none-eabi/4.9.3/../../../arm-none-eabi/lib/armv7-m/libc_nano.a(lib_a-nano-mallocr.o)
                              /usr/lib/gcc/arm-none-eabi/4.9.3/../../../arm-none-eabi/lib/armv7-m/libc_nano.a(lib_a-malloc.o) (_malloc_r)
/usr/lib/gcc/arm-none-eabi/4.9.3/../../../arm-none-eabi/lib/armv7-m/libc_nano.a(lib_a-sbrkr.o)
                              /usr/lib/gcc/arm-none-eabi/4.9.3/../../../arm-none-eabi/lib/armv7-m/libc_nano.a(lib_a-nano-mallocr.o) (_sbrk_r)
/usr/lib/gcc/arm-none-eabi/4.9.3/../../../arm-none-eabi/lib/armv7-m/libc_nano.a(lib_a-reent.o)
                              /usr/lib/gcc/arm-none-eabi/4.9.3/../../../arm-none-eabi/lib/armv7-m/libc_nano.a(lib_a-sbrkr.o) (errno)
/usr/lib/gcc/arm-none-eabi/4.9.3/../../../arm-none-eabi/lib/armv7-m/libnosys.a(sbrk.o)
                              /usr/lib/gcc/arm-none-eabi/4.9.3/../../../arm-none-eabi/lib/armv7-m/libc_nano.a(lib_a-sbrkr.o) (_sbrk)
/usr/lib/gcc/arm-none-eabi/4.9.3/../../../arm-none-eabi/lib/armv7-m/libm.a(lib_a-sf_lrint.o)
                              /tmp/ccTsUuSb.ltrans1.ltrans.o (lrintf)
/usr/lib/gcc/arm-none-eabi/4.9.3/../../../arm-none-eabi/lib/armv7-m/libm.a(lib_a-wf_pow.o)
                              /tmp/ccTsUuSb.ltrans19.ltrans.o (powf)
/usr/lib/gcc/arm-none-eabi/4.9.3/../../../arm-none-eabi/lib/armv7-m/libm.a(lib_a-wf_sqrt.o)
                              /tmp/ccTsUuSb.ltrans1.ltrans.o (sqrtf)
/usr/lib/gcc/arm-none-eabi/4.9.3/../../../arm-none-eabi/lib/armv7-m/libm.a(lib_a-ef_pow.o)
                              /usr/lib/gcc/arm-none-eabi/4.9.3/../../../arm-none-eabi/lib/armv7-m/libm.a(lib_a-wf_pow.o) (__ieee754_powf)
/usr/lib/gcc/arm-none-eabi/4.9.3/../../../arm-none-eabi/lib/armv7-m/libm.a(lib_a-ef_sqrt.o)
                              /usr/lib/gcc/arm-none-eabi/4.9.3/../../../arm-none-eabi/lib/armv7-m/libm.a(lib_a-wf_sqrt.o) (__ieee754_sqrtf)
/usr/lib/gcc/arm-none-eabi/4.9.3/../../../arm-none-eabi/lib/armv7-m/libm.a(lib_a-s_lib_ver.o)
                              /usr/lib/gcc/arm-none-eabi/4.9.3/../../../arm-none-eabi/lib/armv7-m/libm.a(lib_a-wf_pow.o) (__fdlib_version)
/usr/lib/gcc/arm-none-eabi/4.9.3/../../../arm-none-eabi/lib/armv7-m/libm.a(lib_a-s_matherr.o)
                              /usr/lib/gcc/arm-none-eabi/4.9.3/../../../arm-none-eabi/lib/armv7-m/libm.a(lib_a-wf_pow.o) (matherr)
/usr/lib/gcc/arm-none-eabi/4.9.3/../../../arm-none-eabi/lib/armv7-m/libm.a(lib_a-s_rint.o)
                              /usr/lib/gcc/arm-none-eabi/4.9.3/../../../arm-none-eabi/lib/armv7-m/libm.a(lib_a-wf_pow.o) (rint)
/usr/lib/gcc/arm-none-eabi/4.9.3/../../../arm-none-eabi/lib/armv7-m/libm.a(lib_a-sf_fabs.o)
                              /usr/lib/gcc/arm-none-eabi/4.9.3/../../../arm-none-eabi/lib/armv7-m/libm.a(lib_a-ef_pow.o) (fabsf)
/usr/lib/gcc/arm-none-eabi/4.9.3/../../../arm-none-eabi/lib/armv7-m/libm.a(lib_a-sf_finite.o)
                              /usr/lib/gcc/arm-none-eabi/4.9.3/../../../arm-none-eabi/lib/armv7-m/libm.a(lib_a-wf_pow.o) (finitef)
/usr/lib/gcc/arm-none-eabi/4.9.3/../../../arm-none-eabi/lib/armv7-m/libm.a(lib_a-sf_fpclassify.o)
[...]
Memory Configuration

Name             Origin             Length             Attributes
FLASH            0x08000000         0x0001f000         xr
RAM              0x20000000         0x00005000         xrw
MEMORY_B1        0x60000000         0x00000000         xr
*default*        0x00000000         0xffffffff

Linker script and memory map

LOAD obj/main/NAZE/startup_stm32f10x_md_gcc.o
LOAD obj/main/NAZE/drivers/accgyro_adxl345.o
LOAD /tmp/ccTsUuSb.ltrans0.ltrans.o
LOAD /tmp/ccTsUuSb.ltrans1.ltrans.o
LOAD /tmp/ccTsUuSb.ltrans2.ltrans.o
LOAD /tmp/ccTsUuSb.ltrans3.ltrans.o
LOAD /tmp/ccTsUuSb.ltrans4.ltrans.o
LOAD /tmp/ccTsUuSb.ltrans5.ltrans.o
LOAD /tmp/ccTsUuSb.ltrans6.ltrans.o
LOAD /tmp/ccTsUuSb.ltrans7.ltrans.o
LOAD /tmp/ccTsUuSb.ltrans8.ltrans.o
LOAD /tmp/ccTsUuSb.ltrans9.ltrans.o
LOAD /tmp/ccTsUuSb.ltrans10.ltrans.o
LOAD /tmp/ccTsUuSb.ltrans11.ltrans.o
LOAD /tmp/ccTsUuSb.ltrans12.ltrans.o
LOAD /tmp/ccTsUuSb.ltrans13.ltrans.o
LOAD /tmp/ccTsUuSb.ltrans14.ltrans.o
LOAD /tmp/ccTsUuSb.ltrans15.ltrans.o
LOAD /tmp/ccTsUuSb.ltrans16.ltrans.o
LOAD /tmp/ccTsUuSb.ltrans17.ltrans.o
LOAD /tmp/ccTsUuSb.ltrans18.ltrans.o
LOAD /tmp/ccTsUuSb.ltrans19.ltrans.o
LOAD /tmp/ccTsUuSb.ltrans20.ltrans.o
LOAD /tmp/ccTsUuSb.ltrans21.ltrans.o
LOAD /tmp/ccTsUuSb.ltrans22.ltrans.o
LOAD /tmp/ccTsUuSb.ltrans23.ltrans.o
LOAD /tmp/ccTsUuSb.ltrans24.ltrans.o
LOAD /tmp/ccTsUuSb.ltrans25.ltrans.o
LOAD /tmp/ccTsUuSb.ltrans26.ltrans.o
LOAD /tmp/ccTsUuSb.ltrans27.ltrans.o
LOAD /tmp/ccTsUuSb.ltrans28.ltrans.o
LOAD /tmp/ccTsUuSb.ltrans29.ltrans.o
LOAD /tmp/ccTsUuSb.ltrans30.ltrans.o
LOAD obj/main/NAZE/drivers/accgyro_bma280.o
LOAD obj/main/NAZE/drivers/accgyro_l3g4200d.o
LOAD obj/main/NAZE/drivers/accgyro_mma845x.o
LOAD obj/main/NAZE/drivers/accgyro_mpu.o
LOAD obj/main/NAZE/drivers/accgyro_mpu3050.o
LOAD obj/main/NAZE/drivers/accgyro_mpu6050.o
LOAD obj/main/NAZE/drivers/accgyro_mpu6500.o
LOAD obj/main/NAZE/drivers/accgyro_spi_mpu6500.o
LOAD obj/main/NAZE/drivers/adc.o
LOAD obj/main/NAZE/drivers/adc_stm32f10x.o
LOAD obj/main/NAZE/drivers/barometer_bmp085.o
LOAD obj/main/NAZE/drivers/barometer_ms5611.o
LOAD obj/main/NAZE/drivers/barometer_bmp280.o
LOAD obj/main/NAZE/drivers/bus_spi.o
LOAD obj/main/NAZE/drivers/bus_i2c_stm32f10x.o
LOAD obj/main/NAZE/drivers/compass_hmc5883l.o
LOAD obj/main/NAZE/drivers/display_ug2864hsweg01.o
LOAD obj/main/NAZE/drivers/flash_m25p16.o
LOAD obj/main/NAZE/drivers/gpio_stm32f10x.o
LOAD obj/main/NAZE/drivers/inverter.o
LOAD obj/main/NAZE/drivers/light_led_stm32f10x.o
LOAD obj/main/NAZE/drivers/light_ws2811strip.o
LOAD obj/main/NAZE/drivers/light_ws2811strip_stm32f10x.o
LOAD obj/main/NAZE/drivers/sonar_hcsr04.o
LOAD obj/main/NAZE/drivers/pwm_mapping.o
LOAD obj/main/NAZE/drivers/pwm_output.o
LOAD obj/main/NAZE/drivers/pwm_rx.o
LOAD obj/main/NAZE/drivers/serial_softserial.o
LOAD obj/main/NAZE/drivers/serial_uart.o
LOAD obj/main/NAZE/drivers/serial_uart_stm32f10x.o
LOAD obj/main/NAZE/drivers/sound_beeper_stm32f10x.o
LOAD obj/main/NAZE/drivers/system_stm32f10x.o
LOAD obj/main/NAZE/drivers/timer.o
LOAD obj/main/NAZE/drivers/timer_stm32f10x.o
LOAD obj/main/NAZE/../controller/io/flashfs.o
LOAD obj/main/NAZE/hardware_revision.o
LOAD obj/main/NAZE/../controller/flight/gtune.o
LOAD obj/main/NAZE/../controller/flight/navigation.o
LOAD obj/main/NAZE/../controller/flight/gps_conversion.o
LOAD obj/main/NAZE/../controller/common/colorconversion.o
LOAD obj/main/NAZE/../controller/io/gps.o
LOAD obj/main/NAZE/../controller/io/ledstrip.o
LOAD obj/main/NAZE/../controller/io/display.o
LOAD obj/main/NAZE/../controller/telemetry/telemetry.o
LOAD obj/main/NAZE/../controller/telemetry/frsky.o
LOAD obj/main/NAZE/../controller/telemetry/hott.o
LOAD obj/main/NAZE/../controller/telemetry/smartport.o
LOAD obj/main/NAZE/../controller/telemetry/ltm.o
LOAD obj/main/NAZE/../controller/sensors/sonar.o
LOAD obj/main/NAZE/../controller/sensors/barometer.o
LOAD obj/main/NAZE/../controller/blackbox/blackbox.o
LOAD obj/main/NAZE/../controller/blackbox/blackbox_io.o
LOAD obj/main/NAZE/build_config.o
LOAD obj/main/NAZE/debug.o
LOAD obj/main/NAZE/../controller/version.o
LOAD obj/main/NAZE/../controller/config/config.o
LOAD obj/main/NAZE/../controller/config/runtime_config.o
LOAD obj/main/NAZE/../controller/common/maths.o
LOAD obj/main/NAZE/../controller/common/printf.o
LOAD obj/main/NAZE/../controller/common/typeconversion.o
LOAD obj/main/NAZE/../controller/common/encoding.o
LOAD obj/main/NAZE/../controller/common/filter.o
LOAD obj/main/NAZE/../controller/scheduler.o
LOAD obj/main/NAZE/../controller/scheduler_tasks.o
LOAD obj/main/NAZE/main.o
LOAD obj/main/NAZE/../controller/mw.o
LOAD obj/main/NAZE/../controller/flight/altitudehold.o
LOAD obj/main/NAZE/../controller/flight/failsafe.o
LOAD obj/main/NAZE/../controller/flight/pid.o
LOAD obj/main/NAZE/../controller/flight/imu.o
LOAD obj/main/NAZE/../controller/flight/mixer.o
LOAD obj/main/NAZE/drivers/bus_i2c_soft.o
LOAD obj/main/NAZE/drivers/serial.o
LOAD obj/main/NAZE/drivers/sound_beeper.o
LOAD obj/main/NAZE/drivers/system.o
LOAD obj/main/NAZE/drivers/dma.o
LOAD obj/main/NAZE/drivers/buf_writer.o
LOAD obj/main/NAZE/drivers/gyro_sync.o
LOAD obj/main/NAZE/../controller/io/beeper.o
LOAD obj/main/NAZE/../controller/io/rc_controls.o
LOAD obj/main/NAZE/../controller/io/rc_curves.o
LOAD obj/main/NAZE/../controller/io/serial.o
LOAD obj/main/NAZE/../controller/io/serial_1wire.o
LOAD obj/main/NAZE/../controller/io/serial_cli.o
LOAD obj/main/NAZE/../controller/io/serial_msp.o
LOAD obj/main/NAZE/../controller/io/statusindicator.o
LOAD obj/main/NAZE/../controller/rx/rx.o
LOAD obj/main/NAZE/../controller/rx/pwm.o
LOAD obj/main/NAZE/../controller/rx/msp.o
LOAD obj/main/NAZE/../controller/rx/sbus.o
LOAD obj/main/NAZE/../controller/rx/sumd.o
LOAD obj/main/NAZE/../controller/rx/sumh.o
LOAD obj/main/NAZE/../controller/rx/spektrum.o
LOAD obj/main/NAZE/../controller/rx/xbus.o
LOAD obj/main/NAZE/../controller/rx/ibus.o
LOAD obj/main/NAZE/../controller/sensors/acceleration.o
LOAD obj/main/NAZE/../controller/sensors/battery.o
LOAD obj/main/NAZE/../controller/sensors/boardalignment.o
LOAD obj/main/NAZE/../controller/sensors/compass.o
LOAD obj/main/NAZE/../controller/sensors/gyro.o
LOAD obj/main/NAZE/../controller/sensors/initialisation.o
LOAD obj/main/NAZE/../controller/pif_linker.o
LOAD obj/main/NAZE/core_cm3.o
LOAD obj/main/NAZE/system_stm32f10x.o
LOAD obj/main/NAZE/stm32f10x_dma.o
LOAD obj/main/NAZE/stm32f10x_dbgmcu.o
LOAD obj/main/NAZE/stm32f10x_dac.o
LOAD obj/main/NAZE/stm32f10x_rtc.o
LOAD obj/main/NAZE/stm32f10x_pwr.o
LOAD obj/main/NAZE/stm32f10x_i2c.o
LOAD obj/main/NAZE/stm32f10x_sdio.o
LOAD obj/main/NAZE/stm32f10x_rcc.o
LOAD obj/main/NAZE/stm32f10x_flash.o
LOAD obj/main/NAZE/stm32f10x_usart.o
LOAD obj/main/NAZE/stm32f10x_tim.o
LOAD obj/main/NAZE/stm32f10x_wwdg.o
LOAD obj/main/NAZE/misc.o
LOAD obj/main/NAZE/stm32f10x_iwdg.o
LOAD obj/main/NAZE/stm32f10x_adc.o
LOAD obj/main/NAZE/stm32f10x_spi.o
LOAD obj/main/NAZE/stm32f10x_bkp.o
LOAD obj/main/NAZE/stm32f10x_exti.o
LOAD obj/main/NAZE/stm32f10x_fsmc.o
LOAD obj/main/NAZE/stm32f10x_gpio.o
LOAD obj/main/NAZE/../../pif/source/core/pif.o
LOAD obj/main/NAZE/../../pif/source/core/pif_obj_array.o
LOAD obj/main/NAZE/../../pif/source/core/pif_task.o
LOAD obj/main/NAZE/../../pif/source/core/pif_timer.o
LOAD /usr/lib/gcc/arm-none-eabi/4.9.3/../../../arm-none-eabi/lib/armv7-m/libm.a
LOAD /usr/lib/gcc/arm-none-eabi/4.9.3/../../../arm-none-eabi/lib/armv7-m/libc_nano.a
LOAD /usr/lib/gcc/arm-none-eabi/4.9.3/../../../arm-none-eabi/lib/armv7-m/libnosys.a
START GROUP
LOAD /usr/lib/gcc/arm-none-eabi/4.9.3/armv7-m/libgcc.a
LOAD /usr/lib/gcc/arm-none-eabi/4.9.3/../../../arm-none-eabi/lib/armv7-m/libg_nano.a
LOAD /usr/lib/gcc/arm-none-eabi/4.9.3/../../../arm-none-eabi/lib/armv7-m/libc_nano.a
END GROUP
START GROUP
LOAD /usr/lib/gcc/arm-none-eabi/4.9.3/armv7-m/libgcc.a
LOAD /usr/lib/gcc/arm-none-eabi/4.9.3/../../../arm-none-eabi/lib/armv7-m/libc_nano.a
END GROUP
                0x20005000                _estack = (ORIGIN (RAM) + LENGTH (RAM))
                0x00000000                _Min_Heap_Size = 0x0
                0x00000400                _Min_Stack_Size = 0x400

.isr_vector     0x08000000      0x10c
                0x08000000                . = ALIGN (0x4)
                [!provide]                PROVIDE (isr_vector_table_base, .)
 *(.isr_vector)
 .isr_vector    0x08000000      0x10c obj/main/NAZE/startup_stm32f10x_md_gcc.o
                0x08000000                g_pfnVectors
                0x0800010c                . = ALIGN (0x4)

.text           0x08000110    0x1d938
                0x08000110                . = ALIGN (0x4)
 *(.text)
 .text          0x08000110     0x1f48 /tmp/ccTsUuSb.ltrans0.ltrans.o
                0x08000110                init
 .text          0x08002058     0x22f0 /tmp/ccTsUuSb.ltrans1.ltrans.o
                0x08002058                taskMainPidLoopChecker
 .text          0x08004348     0x20e8 /tmp/ccTsUuSb.ltrans2.ltrans.o
                0x08004348                taskHandleSerial
 .text          0x08006430     0x1320 /tmp/ccTsUuSb.ltrans3.ltrans.o
                0x08006430                taskUpdateRxMain
 .text          0x08007750     0x102c /tmp/ccTsUuSb.ltrans4.ltrans.o
                0x080079a0                bmp280_calculate.lto_priv.214
                0x08007b60                bmp280_get_ut.lto_priv.210
                0x08007b62                bmp280_start_ut.lto_priv.211
                0x08007b64                ms5611_calculate.lto_priv.224
                0x08007d20                bmp085_calculate.lto_priv.219
                0x08007dfc                mpu3050ReadTemp.lto_priv.207
                0x08007e34                mpuIsDataReady
                0x08007e4c                mpuGyroRead
                0x08007e94                mpuAccRead
                0x08007f94                BMP085_EOC_EXTI_Handler
                0x08007fe8                mpu6500ReadRegister
                0x08008014                mpu6500WriteRegister
                0x08008034                mpu3050Init.lto_priv.206
                0x08008134                mpu6500GyroInit
                0x080081b0                mpu6500AccInit
                0x080081c4                mpu6050GyroInit.lto_priv.208
                0x08008228                mpu6050AccInit.lto_priv.229
                0x08008254                i2cRead
                0x080082d8                bmp280_get_up.lto_priv.213
                0x0800834c                ms5611_get_up.lto_priv.223
                0x0800835c                ms5611_get_ut.lto_priv.221
                0x0800836c                bmp085_get_up.lto_priv.218
                0x080083bc                bmp085_get_ut.lto_priv.216
                0x080083f4                mpuReadRegisterI2C.lto_priv.204
                0x08008408                mma8452Read.lto_priv.228
                0x08008462                bma280Read.lto_priv.226
                0x080084a8                adxl345Read.lto_priv.231
                0x08008578                i2cWrite
                0x08008604                bmp280_start_up.lto_priv.212
                0x0800860c                ms5611_start_up.lto_priv.222
                0x08008614                ms5611_start_ut.lto_priv.220
                0x0800861c                bmp085_start_up.lto_priv.217
                0x08008640                bmp085_start_ut.lto_priv.215
                0x08008654                mpuWriteRegisterI2C.lto_priv.205
                0x0800865e                mma8452Init.lto_priv.227
                0x080086f0                bma280Init.lto_priv.225
                0x08008714                adxl345Init.lto_priv.230
                0x0800876c                I2C2_EV_IRQHandler
                0x08008770                I2C2_ER_IRQHandler
                0x08008774                I2C1_EV_IRQHandler
                0x08008778                I2C1_ER_IRQHandler
 .text          0x0800877c      0xcbc /tmp/ccTsUuSb.ltrans5.ltrans.o
                0x0800877c                taskTelemetry
 .text          0x08009438      0xeec /tmp/ccTsUuSb.ltrans6.ltrans.o
                0x08009438                taskSystem
                0x0800959e                _putc.lto_priv.511
                0x080095ac                applyBiQuadFilter
                0x08009612                BiQuadNewLpf
                0x080096e4                fastA2F
                0x08009810                ftoa
                0x080098dc                _i2a.lto_priv.203
                0x08009904                tfp_format
                0x08009ada                tfp_sprintf
                0x08009b04                applyDeadband
                0x08009b22                acosf
                0x08009b9c                atan2f
                0x08009ca0                sinf
                0x08009d88                cosf
                0x08009d9c                disableFlightMode
                0x08009dbc                enableFlightMode
                0x08009ddc                featureClear
                0x08009dec                handleOneshotFeatureChangeOnRestart
                0x08009e40                writeEEPROM
                0x08009f8c                readEEPROM
                0x0800a310                saveConfigAndNotify
 .text          0x0800a324      0xb78 /tmp/ccTsUuSb.ltrans7.ltrans.o
                0x0800a344                pwmOverflowCallback.lto_priv.504
                0x0800a36c                ppmEdgeCallback.lto_priv.505
                0x0800a4f8                ppmOverflowCallback.lto_priv.506
                0x0800a538                pwmWriteStandard.lto_priv.501
                0x0800a548                pwmWriteBrushed.lto_priv.502
                0x0800a56c                ws2811DMAHandler
                0x0800a5e0                applyChangedBits
                0x0800a60a                serialICConfig.lto_priv.599
                0x0800a73e                pwmICConfig
                0x0800a778                pwmEdgeCallback.lto_priv.503
                0x0800a7d0                pwmWriteServo
                0x0800a7e8                EXTI9_5_IRQHandler
                0x0800a7ea                EXTI1_IRQHandler
                0x0800a7ec                EXTI0_IRQHandler
                0x0800a7ee                ws2811UpdateStrip
                0x0800a9c0                gpioExtiLineConfig
                0x0800a9ea                gpioInit
                0x0800aa4e                openSoftSerial
                0x0800abe8                pwmOutConfig.lto_priv.537
 .text          0x0800ae9c      0x638 /tmp/ccTsUuSb.ltrans8.ltrans.o
                0x0800ae9c                taskLedStrip
 .text          0x0800b4d4      0xcdc /tmp/ccTsUuSb.ltrans9.ltrans.o
                0x0800b52a                cliShowArgumentRangeError.lto_priv.260
                0x0800b544                cliAux.lto_priv.244
                0x0800b630                cliShowParseError.lto_priv.261
                0x0800b63c                cliServo.lto_priv.252
                0x0800b780                cliColor.lto_priv.245
                0x0800b860                cliLed.lto_priv.247
                0x0800ba78                cliRxRange.lto_priv.249
                0x0800bb54                cliMotorMix.lto_priv.248
                0x0800bd4c                cliAdjustmentRange.lto_priv.243
                0x0800bea8                cliSerial.lto_priv.251
                0x0800bfec                cliRxFail.lto_priv.250
                0x0800c124                cliPrompt.lto_priv.403
                0x0800c140                waitForSerialPortToFinishTransmitting
                0x0800c156                serialRemovePort
                0x0800c188                closeSerialPort
 .text          0x0800c1b0      0xa14 /tmp/ccTsUuSb.ltrans10.ltrans.o
                0x0800c1b0                sensorsAutodetect.constprop.44
                0x0800cb08                pifObjArray_Init.part.0.constprop.34
                0x0800cb60                findNextSharedSerialPort.constprop.19
 .text          0x0800cbc4      0xa84 /tmp/ccTsUuSb.ltrans11.ltrans.o
                0x0800cd0c                blackboxWrite
                0x0800cea4                blackboxAdvanceIterationTimers.lto_priv.422
                0x0800cee0                blackboxLogEvent
                0x0800cf90                blackboxLogIteration.lto_priv.423
                0x0800d4ec                sendFieldDefinition.lto_priv.424
 .text          0x0800d648      0xd7c /tmp/ccTsUuSb.ltrans12.ltrans.o
                0x0800d660                gpsNewFrame
                0x0800dc08                gpsSetState.lto_priv.315
                0x0800dc24                GPS_distance_cm_bearing.isra.3.lto_priv.595
                0x0800dca8                gpsNewData.part.2.lto_priv.262
 .text          0x0800e3c4      0xcd0 /tmp/ccTsUuSb.ltrans13.ltrans.o
                0x0800e400                cliDefaults.lto_priv.378
                0x0800e41c                cliSave.lto_priv.392
                0x0800e434                cliRateProfile.lto_priv.391
                0x0800e480                cliHelp.lto_priv.385
                0x0800e4c4                cliProfile.lto_priv.390
                0x0800e504                cliPlaySound.lto_priv.389
                0x0800e5b0                cliMotor.lto_priv.388
                0x0800e650                cliMixer.lto_priv.387
                0x0800e6f4                cliMap.lto_priv.386
                0x0800e798                cliGpsPassthrough.lto_priv.384
                0x0800e850                cliFeature.lto_priv.381
                0x0800e948                cliExit.lto_priv.380
                0x0800e9c8                cliDump.lto_priv.379
                0x0800ed18                cliFlashErase.lto_priv.382
                0x0800ed44                cliFlashInfo.lto_priv.383
                0x0800ed7c                cliServoMix.lto_priv.393
 .text          0x0800f094      0xae8 /tmp/ccTsUuSb.ltrans14.ltrans.o
                0x0800f094                _doTask.lto_priv.441
                0x0800f0b8                _processingRatio.lto_priv.443
                0x0800f0e8                _processingPeriodMs.lto_priv.445
                0x0800f104                _processingPeriodUs.lto_priv.446
                0x0800f12c                _processingAlways.lto_priv.444
                0x0800f178                ibusReadRawRC.lto_priv.484
                0x0800f188                xBusReadRawRC.lto_priv.482
                0x0800f1a0                ibusDataReceive.lto_priv.485
                0x0800f1ec                xBusDataReceive.lto_priv.483
                0x0800f2c8                setAdjustment.constprop.17
                0x0800f354                headSerialError.constprop.11
                0x0800f35c                pifObjArray_Remove
                0x0800f39e                pifObjArray_Clear
                0x0800f3ce                GPIO_Init
                0x0800f46a                EXTI_Init.part.0.lto_priv.232
                0x0800f4c8                EXTI_GetITStatus
                0x0800f4e4                TIM_ICInit
                0x0800f70c                FLASH_WaitForLastOperation
                0x0800f72e                RCC_GetClocksFreq
                0x0800f7c0                DMA_StructInit
                0x0800f7da                DMA_Init
                0x0800f816                DMA_DeInit
                0x0800f908                SystemInit
                0x0800f954                alignSensors
                0x0800fad0                calculateBatteryCapacityRemainingPercentage
                0x0800fb18                batteryAdcToVoltage
                0x0800fb44                updateBatteryVoltage.lto_priv.361
 .text          0x0800fb7c      0x718 /tmp/ccTsUuSb.ltrans15.ltrans.o
                0x0800fc06                isSoftSerialTransmitBufferEmpty
                0x0800fc12                softSerialSetMode
                0x0800fc16                softSerialWriteByte
                0x0800fc34                softSerialTxBytesFree
                0x0800fc56                softSerialRxBytesWaiting
                0x0800fc74                softSerialReadByte
                0x0800fdd0                softSerialSetBaudRate
                0x0800fde0                onSerialRxPinChange
                0x0800fe7e                usartIrqCallback
                0x0800fee2                uartStartTxDMA
                0x0800ff44                uartOpen
 .text          0x08010294      0xa38 /tmp/ccTsUuSb.ltrans16.ltrans.o
                0x08010294                dmaNoOpHandler
                0x08010296                micros
                0x080102cc                beepInverted.lto_priv.508
                0x080102e0                beepNormal.lto_priv.509
                0x080102f4                serialFindPortConfiguration
                0x0801031c                doesConfigurationUsePort
                0x08010332                determinePortSharing
                0x08010346                findNextSerialPortConfig
                0x08010378                findSerialPortConfig
                0x08010384                generateThrottleCurve
                0x08010414                generatePitchRollCurve
                0x08010448                isRangeActive.part.3.lto_priv.328
                0x08010490                isModeActivationConditionPresent
                0x080104b2                calculateThrottleStatus
                0x080104e8                blackboxLogInflightAdjustmentEvent
                0x08010510                bufWriterFlush
                0x08010528                bufWriterAppend
                0x08010544                DMA1_Channel7_IRQHandler
                0x08010554                DMA1_Channel6_IRQHandler
                0x08010564                DMA1_Channel3_IRQHandler
                0x08010574                DMA1_Channel2_IRQHandler
                0x08010584                delayMicroseconds
                0x0801059a                delay
                0x080105ae                SysTick_Handler
                0x08010730                EXTI15_10_IRQHandler
                0x08010750                systemBeep
                0x0801075c                beeperSilence
                0x0801078c                beeper
                0x080107d8                beeperConfirmationBeeps
                0x08010808                failureMode
                0x0801089c                registerExtiCallbackHandler
                0x080108cc                serialSetMode
                0x080108d2                openSerialPort
                0x08010970                isSerialTransmitBufferEmpty
                0x08010976                serialSetBaudRate
                0x0801097c                serialRead
                0x08010982                serialRxBytesWaiting
                0x08010988                serialWrite
                0x0801098e                serialWriteBufShim
                0x080109ca                writeMotors
                0x08010a70                stopMotors
                0x08010ab8                mixerResetDisarmedMotors
                0x08010af0                loadCustomServoMixer
                0x08010b40                determineServoMiddleOrForwardFromChannel
                0x08010b74                imuComputeRotationMatrix.lto_priv.427
                0x08010ca8                pidSetController
 .text          0x08010ccc      0x988 /tmp/ccTsUuSb.ltrans17.ltrans.o
                0x08010d90                wrap_18000.lto_priv.426
                0x08010db4                GPS_set_next_wp
                0x08010e40                gpsUsePIDs
                0x08010ee0                GPS_reset_home_position
                0x08010f34                calculate_Gtune
                0x080110f0                flashfsAdvanceTailInBuffer.lto_priv.555
                0x08011120                flashfsGetDirtyDataBuffers.lto_priv.553
                0x08011158                flashfsGetOffset
                0x08011178                flashfsWriteBuffers.lto_priv.554
                0x080112cc                flashfsFlushSync
                0x08011304                flashfsFlushAsync
                0x08011348                flashfsTransmitBufferUsed.lto_priv.425
                0x08011368                flashfsEraseCompletely
                0x080113b8                TIM4_IRQHandler
                0x080113c8                TIM3_IRQHandler
                0x080113d8                TIM2_IRQHandler
                0x080113e4                TIM1_UP_IRQHandler
                0x080113f4                TIM1_CC_IRQHandler
                0x08011404                configTimeBase
                0x080114ac                timerConfigure
                0x08011500                lookupTimerIndex.lto_priv.291
                0x0801153c                timerChConfigCallbacks
                0x080115f4                USART3_IRQHandler
                0x08011600                USART2_IRQHandler
                0x0801160c                USART1_IRQHandler
                0x08011618                DMA1_Channel4_IRQHandler
 .text          0x08011654      0xb78 /tmp/ccTsUuSb.ltrans18.ltrans.o
                0x08011654                spektrumReadRawRC.lto_priv.200
                0x0801167c                sumhReadRawRC.lto_priv.475
                0x08011690                sumdReadRawRC.lto_priv.473
                0x080116a4                sbusReadRawRC.lto_priv.471
                0x080116d4                rxMspReadRawRC.lto_priv.486
                0x080116e4                ppmReadRawRC.lto_priv.488
                0x080116f4                pwmReadRawRC.lto_priv.487
                0x08011704                nullReadRawRC.lto_priv.202
                0x08011708                spektrumDataReceive.lto_priv.201
                0x08011758                sumhDataReceive.lto_priv.476
                0x080117a4                sumdDataReceive.lto_priv.474
                0x08011850                sbusDataReceive.lto_priv.472
                0x080118ac                xBusUnpackModeBFrame.lto_priv.234
                0x08011944                getRxfailValue.lto_priv.330
                0x080119a4                resumeRxSignal
                0x080119cc                suspendRxSignal
                0x080119f8                warningLedRefresh
                0x08011a40                packFlightModeFlags.lto_priv.402
                0x08011b70                mspReleasePortIfAllocated
                0x08011bb0                read8.lto_priv.397
                0x08011bc8                read16.lto_priv.398
                0x08011bdc                read32.lto_priv.399
                0x08011bee                serialize8.lto_priv.396
                0x08011c10                tailSerialReply.lto_priv.394
                0x08011c34                headSerialResponse.lto_priv.233
                0x08011c80                headSerialReply.lto_priv.395
                0x08011c86                serialize16.lto_priv.400
                0x08011c98                serialize32.lto_priv.401
                0x08011caa                cliWrite.lto_priv.263
                0x08011cbc                cliPrintf.lto_priv.259
                0x08011ce8                cliVersion.lto_priv.256
                0x08011d1c                cliTasks.lto_priv.255
                0x08011d64                cliPrintVar.lto_priv.264
                0x08011e50                cliPrint.lto_priv.257
                0x08011e6c                cliStatus.lto_priv.254
                0x08011f70                cliGet.lto_priv.246
                0x08011fc8                cliSet.lto_priv.253
 .text          0x080121cc      0xa10 /tmp/ccTsUuSb.ltrans19.ltrans.o
                0x080121cc                taskUpdateBaro
                0x080122b8                taskUpdateDisplay
                0x080122cc                taskCalculateAltitude
                0x08012798                taskUpdateSonar
                0x080127dc                taskUpdateCompass
                0x08012934                taskProcessGPS
 .text          0x08012bdc      0x974 /tmp/ccTsUuSb.ltrans20.ltrans.o
                0x08012c28                drawHorizonalPercentageBar
                0x08012c7a                updateDisplay
                0x080133b0                applyDirectionalModeColor
                0x08013490                reevalulateLedConfig
 .text          0x08013550      0x6f4 /tmp/ccTsUuSb.ltrans22.ltrans.o
                0x08013550                hmc5883lRead
                0x080135e8                hmc5883lInit
                0x080137fc                m25p16_isReady
                0x08013844                m25p16_waitForReady
                0x08013864                m25p16_readBytes
                0x080138b0                i2c_OLED_send_byte.lto_priv.577
                0x080138ba                i2c_OLED_send_char
                0x080138f0                i2c_OLED_send_string
                0x08013902                i2c_OLED_send_cmd.lto_priv.536
                0x0801390c                ug2864hsweg01InitI2C.part.0.lto_priv.535
                0x080139ea                i2c_OLED_set_line
                0x08013a02                i2c_OLED_set_xy
                0x08013a2c                i2cInit
 .text          0x08013c44      0x884 /tmp/ccTsUuSb.ltrans23.ltrans.o
                0x08013c4a                activateControlRateConfig
                0x08013c90                isEEPROMContentValid.lto_priv.538
                0x08013cd4                resetConf.lto_priv.258
                0x08014188                blackboxDeviceReserveBufferSpace
                0x080141e8                isBlackboxDeviceFull
                0x08014214                blackboxDeviceFlushForce
                0x08014238                blackboxWriteTag2_3S32
                0x08014358                blackboxWriteUnsignedVB
                0x08014378                blackboxWriteSignedVB
                0x08014380                blackboxPrint
                0x08014454                blackboxPrintfHeaderLine
                0x080144a4                blackboxPrintf
 .text          0x080144c8      0xa58 /tmp/ccTsUuSb.ltrans24.ltrans.o
                0x080144c8                pidMultiWiiRewrite.lto_priv.274
                0x0801478c                pidMultiWii23.lto_priv.276
                0x08014b0c                pidLuxFloat.lto_priv.275
 .text          0x08014f20      0x774 /tmp/ccTsUuSb.ltrans25.ltrans.o
                0x08014f20                taskUpdateRxCheck
                0x0801535c                taskUpdateBattery
                0x08015560                taskUpdateBeeper
 .text          0x08015694      0x53c /tmp/ccTsUuSb.ltrans26.ltrans.o
                0x08015788                sonarRead
                0x08015810                ltm_finalise.lto_priv.305
                0x08015828                ltm_serialise_8.lto_priv.306
                0x0801584c                ltm_serialise_32.lto_priv.307
                0x0801586e                ltm_serialise_16.lto_priv.309
                0x08015880                ltm_initialise_packet.lto_priv.308
                0x080158b4                smartPortSendPackage.lto_priv.304
                0x0801591c                workAroundForHottTelemetryOnUsart.isra.0.lto_priv.303
                0x08015948                flushHottRxBuffer.lto_priv.302
                0x08015964                serialize16.lto_priv.299
                0x08015978                sendTelemetryTail.lto_priv.298
                0x08015988                sendDataHead.lto_priv.300
                0x080159a8                sendLatLong.lto_priv.301
                0x08015a20                telemetryCheckState
 .text          0x08015bd0      0x41c /tmp/ccTsUuSb.ltrans27.ltrans.o
                0x08015bd0                mwArm
                0x08015f68                mwDisarm
                0x08015fd0                HardFault_Handler
 .text          0x08015fec      0x414 /tmp/ccTsUuSb.ltrans28.ltrans.o
                0x08015fec                NVIC_Init.part.0.constprop.199
                0x08016028                spiTransfer.constprop.185
                0x08016068                spiTransferByte.constprop.184
                0x08016088                bmp085InitXCLRGpio.constprop.154
                0x080160c0                GPS_coord_to_degrees.constprop.118
                0x08016180                grab_fields.constprop.117
                0x080161c4                drawRxChannel.constprop.113
                0x08016210                blackboxWriteSigned16VBArray.constprop.86
                0x08016230                blackboxWriteSignedVBArray.constprop.85
                0x0801624a                mspAllocateSerialPorts.constprop.83
                0x080162c4                resetSerialConfig.constprop.79
                0x08016320                parseRcChannels.constprop.69
                0x0801635c                itoa.constprop.64
                0x0801637e                spektrumInit.constprop.52
 .text          0x08016400      0x1fc /tmp/ccTsUuSb.ltrans29.ltrans.o
                0x08016400                taskUpdateAccelerometer
 *fill*         0x080165fc        0x4 
 .text          0x08016600      0x16c /tmp/ccTsUuSb.ltrans30.ltrans.o
                0x08016600                filterIsSetCheck
                0x08016640                scaleItermToRcInput
                0x08016714                pidResetErrorAngle
                0x08016730                failsafeActivate.lto_priv.329
 .text          0x0801676c      0x370 /usr/lib/gcc/arm-none-eabi/4.9.3/armv7-m/libgcc.a(_arm_addsubdf3.o)
                0x0801676c                __aeabi_drsub
                0x08016774                __aeabi_dsub
                0x08016774                __subdf3
                0x08016778                __adddf3
                0x08016778                __aeabi_dadd
                0x080169f0                __aeabi_ui2d
                0x080169f0                __floatunsidf
                0x08016a10                __floatsidf
                0x08016a10                __aeabi_i2d
                0x08016a34                __extendsfdf2
                0x08016a34                __aeabi_f2d
                0x08016a70                __aeabi_ul2d
                0x08016a70                __floatundidf
                0x08016a80                __floatdidf
                0x08016a80                __aeabi_l2d
 .text          0x08016adc      0x424 /usr/lib/gcc/arm-none-eabi/4.9.3/armv7-m/libgcc.a(_arm_muldivdf3.o)
                0x08016adc                __aeabi_dmul
                0x08016adc                __muldf3
                0x08016d30                __aeabi_ddiv
                0x08016d30                __divdf3
 .text          0x08016f00      0x110 /usr/lib/gcc/arm-none-eabi/4.9.3/armv7-m/libgcc.a(_arm_cmpdf2.o)
                0x08016f00                __gtdf2
                0x08016f00                __gedf2
                0x08016f08                __ltdf2
                0x08016f08                __ledf2
                0x08016f10                __cmpdf2
                0x08016f10                __eqdf2
                0x08016f10                __nedf2
                0x08016f8c                __aeabi_cdrcmple
                0x08016f9c                __aeabi_cdcmple
                0x08016f9c                __aeabi_cdcmpeq
                0x08016fac                __aeabi_dcmpeq
                0x08016fc0                __aeabi_dcmplt
                0x08016fd4                __aeabi_dcmple
                0x08016fe8                __aeabi_dcmpge
                0x08016ffc                __aeabi_dcmpgt
 .text          0x08017010       0xa0 /usr/lib/gcc/arm-none-eabi/4.9.3/armv7-m/libgcc.a(_arm_truncdfsf2.o)
                0x08017010                __aeabi_d2f
                0x08017010                __truncdfsf2
 .text          0x080170b0      0x21c /usr/lib/gcc/arm-none-eabi/4.9.3/armv7-m/libgcc.a(_arm_addsubsf3.o)
                0x080170b0                __aeabi_frsub
                0x080170b8                __subsf3
                0x080170b8                __aeabi_fsub
                0x080170bc                __aeabi_fadd
                0x080170bc                __addsf3
                0x0801721c                __aeabi_ui2f
                0x0801721c                __floatunsisf
                0x08017224                __aeabi_i2f
                0x08017224                __floatsisf
                0x08017240                __floatundisf
                0x08017240                __aeabi_ul2f
                0x08017250                __floatdisf
                0x08017250                __aeabi_l2f
 .text          0x080172cc      0x2a0 /usr/lib/gcc/arm-none-eabi/4.9.3/armv7-m/libgcc.a(_arm_muldivsf3.o)
                0x080172cc                __mulsf3
                0x080172cc                __aeabi_fmul
                0x08017434                __divsf3
                0x08017434                __aeabi_fdiv
 .text          0x0801756c       0xec /usr/lib/gcc/arm-none-eabi/4.9.3/armv7-m/libgcc.a(_arm_cmpsf2.o)
                0x0801756c                __gtsf2
                0x0801756c                __gesf2
                0x08017574                __lesf2
                0x08017574                __ltsf2
                0x0801757c                __nesf2
                0x0801757c                __eqsf2
                0x0801757c                __cmpsf2
                0x080175dc                __aeabi_cfrcmple
                0x080175e4                __aeabi_cfcmple
                0x080175e4                __aeabi_cfcmpeq
                0x080175f4                __aeabi_fcmpeq
                0x08017608                __aeabi_fcmplt
                0x0801761c                __aeabi_fcmple
                0x08017630                __aeabi_fcmpge
                0x08017644                __aeabi_fcmpgt
 .text          0x08017658       0x4c /usr/lib/gcc/arm-none-eabi/4.9.3/armv7-m/libgcc.a(_arm_fixsfsi.o)
                0x08017658                __fixsfsi
                0x08017658                __aeabi_f2iz
 .text          0x080176a4       0x40 /usr/lib/gcc/arm-none-eabi/4.9.3/armv7-m/libgcc.a(_arm_fixunssfsi.o)
                0x080176a4                __aeabi_f2uiz
                0x080176a4                __fixunssfsi
 .text          0x080176e4       0x38 /usr/lib/gcc/arm-none-eabi/4.9.3/armv7-m/libgcc.a(_aeabi_ldivmod.o)
                0x080176e4                __aeabi_ldivmod
 .text          0x0801771c       0x60 /usr/lib/gcc/arm-none-eabi/4.9.3/armv7-m/libgcc.a(bpabi.o)
                0x0801771c                __gnu_ldivmod_helper
                0x0801774c                __gnu_uldivmod_helper
 .text          0x0801777c        0x4 /usr/lib/gcc/arm-none-eabi/4.9.3/armv7-m/libgcc.a(_dvmd_tls.o)
                0x0801777c                __aeabi_ldiv0
                0x0801777c                __aeabi_idiv0
 .text          0x08017780      0x2ac /usr/lib/gcc/arm-none-eabi/4.9.3/armv7-m/libgcc.a(_divdi3.o)
                0x08017780                __divdi3
 .text          0x08017a2c      0x270 /usr/lib/gcc/arm-none-eabi/4.9.3/armv7-m/libgcc.a(_udivdi3.o)
                0x08017a2c                __udivdi3
 *(.text*)
 .text.Reset_Handler
                0x08017c9c       0x9c obj/main/NAZE/startup_stm32f10x_md_gcc.o
                0x08017c9c                Reset_Handler
 .text.Default_Handler
                0x08017d38        0x2 obj/main/NAZE/startup_stm32f10x_md_gcc.o
                0x08017d38                EXTI2_IRQHandler
                0x08017d38                DebugMon_Handler
                0x08017d38                PVD_IRQHandler
                0x08017d38                PendSV_Handler
                0x08017d38                NMI_Handler
                0x08017d38                EXTI3_IRQHandler
                0x08017d38                UsageFault_Handler
                0x08017d38                ADC1_2_IRQHandler
                0x08017d38                SPI1_IRQHandler
                0x08017d38                TAMPER_IRQHandler
                0x08017d38                RTC_IRQHandler
                0x08017d38                CAN1_RX1_IRQHandler
                0x08017d38                RCC_IRQHandler
                0x08017d38                TIM1_TRG_COM_IRQHandler
                0x08017d38                DMA1_Channel1_IRQHandler
                0x08017d38                Default_Handler
                0x08017d38                SPI2_IRQHandler
                0x08017d38                MemManage_Handler
                0x08017d38                SVC_Handler
                0x08017d38                DMA1_Channel5_IRQHandler
                0x08017d38                EXTI4_IRQHandler
                0x08017d38                USB_LP_CAN1_RX0_IRQHandler
                0x08017d38                USB_HP_CAN1_TX_IRQHandler
                0x08017d38                WWDG_IRQHandler
                0x08017d38                TIM1_BRK_IRQHandler
                0x08017d38                RTCAlarm_IRQHandler
                0x08017d38                CAN1_SCE_IRQHandler
                0x08017d38                FLASH_IRQHandler
                0x08017d38                BusFault_Handler
                0x08017d38                USBWakeUp_IRQHandler
 *fill*         0x08017d3a        0x2 
 .text.startup  0x08017d3c      0x380 /tmp/ccTsUuSb.ltrans21.ltrans.o
                0x08017d3c                main
 .text.atoi     0x080180bc        0x8 /usr/lib/gcc/arm-none-eabi/4.9.3/../../../arm-none-eabi/lib/armv7-m/libc_nano.a(lib_a-atoi.o)
                0x080180bc                atoi
 .text.strtok   0x080180c4       0x64 /usr/lib/gcc/arm-none-eabi/4.9.3/../../../arm-none-eabi/lib/armv7-m/libc_nano.a(lib_a-strtok.o)
                0x080180c4                strtok
 .text.__strtok_r
                0x08018128       0x56 /usr/lib/gcc/arm-none-eabi/4.9.3/../../../arm-none-eabi/lib/armv7-m/libc_nano.a(lib_a-strtok_r.o)
                0x08018128                __strtok_r
 .text.strtok_r
                0x0801817e        0x6 /usr/lib/gcc/arm-none-eabi/4.9.3/../../../arm-none-eabi/lib/armv7-m/libc_nano.a(lib_a-strtok_r.o)
                0x0801817e                strtok_r
 .text._strtol_r
                0x08018184      0x10c /usr/lib/gcc/arm-none-eabi/4.9.3/../../../arm-none-eabi/lib/armv7-m/libc_nano.a(lib_a-strtol.o)
                0x08018184                _strtol_r
 .text.strtol   0x08018290       0x1c /usr/lib/gcc/arm-none-eabi/4.9.3/../../../arm-none-eabi/lib/armv7-m/libc_nano.a(lib_a-strtol.o)
                0x08018290                strtol
 .text.malloc   0x080182ac       0x10 /usr/lib/gcc/arm-none-eabi/4.9.3/../../../arm-none-eabi/lib/armv7-m/libc_nano.a(lib_a-malloc.o)
                0x080182ac                malloc
 .text.free     0x080182bc       0x10 /usr/lib/gcc/arm-none-eabi/4.9.3/../../../arm-none-eabi/lib/armv7-m/libc_nano.a(lib_a-malloc.o)
                0x080182bc                free
 .text._free_r  0x080182cc       0x88 /usr/lib/gcc/arm-none-eabi/4.9.3/../../../arm-none-eabi/lib/armv7-m/libc_nano.a(lib_a-nano-freer.o)
                0x080182cc                _free_r
 .text._malloc_r
                0x08018354       0xac /usr/lib/gcc/arm-none-eabi/4.9.3/../../../arm-none-eabi/lib/armv7-m/libc_nano.a(lib_a-nano-mallocr.o)
                0x08018354                _malloc_r
 .text._sbrk_r  0x08018400       0x20 /usr/lib/gcc/arm-none-eabi/4.9.3/../../../arm-none-eabi/lib/armv7-m/libc_nano.a(lib_a-sbrkr.o)
                0x08018400                _sbrk_r
 .text._sbrk    0x08018420       0x1c /usr/lib/gcc/arm-none-eabi/4.9.3/../../../arm-none-eabi/lib/armv7-m/libnosys.a(sbrk.o)
                0x08018420                _sbrk
 .text.lrintf   0x0801843c       0x78 /usr/lib/gcc/arm-none-eabi/4.9.3/../../../arm-none-eabi/lib/armv7-m/libm.a(lib_a-sf_lrint.o)
                0x0801843c                lrintf
 .text.powf     0x080184b4      0x314 /usr/lib/gcc/arm-none-eabi/4.9.3/../../../arm-none-eabi/lib/armv7-m/libm.a(lib_a-wf_pow.o)
                0x080184b4                powf
 .text.sqrtf    0x080187c8       0x9c /usr/lib/gcc/arm-none-eabi/4.9.3/../../../arm-none-eabi/lib/armv7-m/libm.a(lib_a-wf_sqrt.o)
                0x080187c8                sqrtf
 .text.__ieee754_powf
                0x08018864      0x6ec /usr/lib/gcc/arm-none-eabi/4.9.3/../../../arm-none-eabi/lib/armv7-m/libm.a(lib_a-ef_pow.o)
                0x08018864                __ieee754_powf
 .text.__ieee754_sqrtf
                0x08018f50       0xa8 /usr/lib/gcc/arm-none-eabi/4.9.3/../../../arm-none-eabi/lib/armv7-m/libm.a(lib_a-ef_sqrt.o)
                0x08018f50                __ieee754_sqrtf
 .text.matherr  0x08018ff8        0x4 /usr/lib/gcc/arm-none-eabi/4.9.3/../../../arm-none-eabi/lib/armv7-m/libm.a(lib_a-s_matherr.o)
                0x08018ff8                matherr
 .text.rint     0x08018ffc      0x11c /usr/lib/gcc/arm-none-eabi/4.9.3/../../../arm-none-eabi/lib/armv7-m/libm.a(lib_a-s_rint.o)
                0x08018ffc                rint
 .text.fabsf    0x08019118        0x8 /usr/lib/gcc/arm-none-eabi/4.9.3/../../../arm-none-eabi/lib/armv7-m/libm.a(lib_a-sf_fabs.o)
                0x08019118                fabsf
 .text.finitef  0x08019120       0x10 /usr/lib/gcc/arm-none-eabi/4.9.3/../../../arm-none-eabi/lib/armv7-m/libm.a(lib_a-sf_finite.o)
                0x08019120                finitef
 .text.__fpclassifyf
                0x08019130       0x34 /usr/lib/gcc/arm-none-eabi/4.9.3/../../../arm-none-eabi/lib/armv7-m/libm.a(lib_a-sf_fpclassify.o)
                0x08019130                __fpclassifyf
 .text.nanf     0x08019164        0x8 /usr/lib/gcc/arm-none-eabi/4.9.3/../../../arm-none-eabi/lib/armv7-m/libm.a(lib_a-sf_nan.o)
                0x08019164                nanf
 .text.scalbnf  0x0801916c       0xb0 /usr/lib/gcc/arm-none-eabi/4.9.3/../../../arm-none-eabi/lib/armv7-m/libm.a(lib_a-sf_scalbn.o)
                0x0801916c                scalbnf
 .text.copysignf
                0x0801921c        0xc /usr/lib/gcc/arm-none-eabi/4.9.3/../../../arm-none-eabi/lib/armv7-m/libm.a(lib_a-sf_copysign.o)
                0x0801921c                copysignf
 .text.calloc   0x08019228       0x14 /usr/lib/gcc/arm-none-eabi/4.9.3/../../../arm-none-eabi/lib/armv7-m/libc_nano.a(lib_a-calloc.o)
                0x08019228                calloc
 .text.__errno  0x0801923c        0xc /usr/lib/gcc/arm-none-eabi/4.9.3/../../../arm-none-eabi/lib/armv7-m/libc_nano.a(lib_a-errno.o)
                0x0801923c                __errno
 .text.memcmp   0x08019248       0x20 /usr/lib/gcc/arm-none-eabi/4.9.3/../../../arm-none-eabi/lib/armv7-m/libc_nano.a(lib_a-memcmp.o)
                0x08019248                memcmp
 .text.memcpy   0x08019268       0x16 /usr/lib/gcc/arm-none-eabi/4.9.3/../../../arm-none-eabi/lib/armv7-m/libc_nano.a(lib_a-memcpy.o)
                0x08019268                memcpy
 .text.memset   0x0801927e       0x10 /usr/lib/gcc/arm-none-eabi/4.9.3/../../../arm-none-eabi/lib/armv7-m/libc_nano.a(lib_a-memset.o)
                0x0801927e                memset
 .text._calloc_r
                0x0801928e       0x1c /usr/lib/gcc/arm-none-eabi/4.9.3/../../../arm-none-eabi/lib/armv7-m/libc_nano.a(lib_a-nano-callocr.o)
                0x0801928e                _calloc_r
 *fill*         0x080192aa        0x2 
 .text.strcasecmp
                0x080192ac       0x3c /usr/lib/gcc/arm-none-eabi/4.9.3/../../../arm-none-eabi/lib/armv7-m/libc_nano.a(lib_a-strcasecmp.o)
                0x080192ac                strcasecmp
 .text.strcat   0x080192e8       0x1e /usr/lib/gcc/arm-none-eabi/4.9.3/../../../arm-none-eabi/lib/armv7-m/libc_nano.a(lib_a-strcat.o)
                0x080192e8                strcat
 .text.strchr   0x08019306       0x1c /usr/lib/gcc/arm-none-eabi/4.9.3/../../../arm-none-eabi/lib/armv7-m/libc_nano.a(lib_a-strchr.o)
                0x08019306                strchr
 .text.strlen   0x08019322       0x10 /usr/lib/gcc/arm-none-eabi/4.9.3/../../../arm-none-eabi/lib/armv7-m/libc_nano.a(lib_a-strlen.o)
                0x08019322                strlen
 *fill*         0x08019332        0x2 
 .text.strncasecmp
                0x08019334       0x44 /usr/lib/gcc/arm-none-eabi/4.9.3/../../../arm-none-eabi/lib/armv7-m/libc_nano.a(lib_a-strncasecmp.o)
                0x08019334                strncasecmp
 .text.strncpy  0x08019378       0x24 /usr/lib/gcc/arm-none-eabi/4.9.3/../../../arm-none-eabi/lib/armv7-m/libc_nano.a(lib_a-strncpy.o)
                0x08019378                strncpy
 .text.strstr   0x0801939c       0x30 /usr/lib/gcc/arm-none-eabi/4.9.3/../../../arm-none-eabi/lib/armv7-m/libc_nano.a(lib_a-strstr.o)
                0x0801939c                strstr
 *(.rodata)
 .rodata        0x080193cc       0xdc /tmp/ccTsUuSb.ltrans0.ltrans.o
                0x08019434                hsv_white
 .rodata        0x080194a8      0x2b4 /tmp/ccTsUuSb.ltrans1.ltrans.o
 .rodata        0x0801975c      0x18c /tmp/ccTsUuSb.ltrans2.ltrans.o
 .rodata        0x080198e8        0x8 /tmp/ccTsUuSb.ltrans5.ltrans.o
 .rodata        0x080198f0       0x28 /tmp/ccTsUuSb.ltrans7.ltrans.o
 .rodata        0x08019918       0x38 /tmp/ccTsUuSb.ltrans8.ltrans.o
                0x08019918                hsv_green
                0x0801991c                hsv_red
                0x08019920                hsv_yellow
                0x08019924                hsv_blue
                0x0801994c                hsv_orange
 .rodata        0x08019950      0x4f0 /tmp/ccTsUuSb.ltrans9.ltrans.o
                0x08019980                mixerAtail4.lto_priv.527
                0x080199c0                mixerDualcopter.lto_priv.526
                0x080199e0                mixerHex6H.lto_priv.525
                0x08019a40                mixerVtail4.lto_priv.524
                0x08019a80                mixerOctoFlatX.lto_priv.523
                0x08019b00                mixerOctoFlatP.lto_priv.522
                0x08019b80                mixerOctoX8.lto_priv.521
                0x08019c00                mixerHex6X.lto_priv.520
                0x08019c60                mixerY4.lto_priv.519
                0x08019ca0                mixerSingleProp.lto_priv.518
                0x08019cb0                mixerHex6P.lto_priv.517
                0x08019d10                mixerY6.lto_priv.516
                0x08019d70                mixerBicopter.lto_priv.515
                0x08019d90                mixerQuadX.lto_priv.514
                0x08019dd0                mixerQuadP.lto_priv.513
                0x08019e10                mixerTricopter.lto_priv.512
 .rodata        0x08019e40       0x60 /tmp/ccTsUuSb.ltrans10.ltrans.o
 .rodata        0x08019ea0       0x18 /tmp/ccTsUuSb.ltrans11.ltrans.o
 .rodata        0x08019eb8      0x54c /tmp/ccTsUuSb.ltrans13.ltrans.o
                0x08019eb8                cmdTable
                0x0801a098                beeperTable.lto_priv.270
                0x0801a158                mixerNames.lto_priv.265
                0x0801a21c                servoMixers
                0x0801a2ec                servoMixerSingle.lto_priv.534
                0x0801a324                servoMixerDual.lto_priv.533
                0x0801a332                servoMixerAirplane.lto_priv.532
                0x0801a355                servoMixerFlyingWing.lto_priv.531
                0x0801a378                servoMixerGimbal.lto_priv.530
                0x0801a386                servoMixerBI.lto_priv.529
                0x0801a3a2                servoMixerTri.lto_priv.528
                0x0801a3a9                beep_armedBeep.lto_priv.290
                0x0801a3ae                beep_disarmRepeatBeep.lto_priv.289
                0x0801a3b2                beep_readyBeep.lto_priv.288
                0x0801a3c1                beep_2longerBeeps.lto_priv.287
                0x0801a3c6                beep_2shortBeeps.lto_priv.286
                0x0801a3cb                beep_shortBeep.lto_priv.285
                0x0801a3ce                beep_lowBatteryBeep.lto_priv.284
                0x0801a3d1                beep_critBatteryBeep.lto_priv.283
                0x0801a3d4                beep_armedGpsFix.lto_priv.282
                0x0801a3dd                beep_armingBeep.lto_priv.281
                0x0801a3e2                beep_disarmBeep.lto_priv.280
                0x0801a3e7                beep_txLostBeep.lto_priv.279
                0x0801a3ea                beep_sos.lto_priv.278
                0x0801a3fd                beep_gyroCalibrated.lto_priv.277
 .rodata        0x0801a404       0x14 /tmp/ccTsUuSb.ltrans14.ltrans.o
 .rodata        0x0801a418       0x28 /tmp/ccTsUuSb.ltrans15.ltrans.o
 .rodata        0x0801a440        0xc /tmp/ccTsUuSb.ltrans16.ltrans.o
 .rodata        0x0801a44c      0xff4 /tmp/ccTsUuSb.ltrans18.ltrans.o
                0x0801a594                valueTable
                0x0801b434                shortGitRevision
                0x0801b438                buildTime
                0x0801b43c                buildDate
 .rodata        0x0801b440      0x144 /tmp/ccTsUuSb.ltrans19.ltrans.o
                0x0801b440                gpsInitData.lto_priv.468
 .rodata        0x0801b584       0x22 /tmp/ccTsUuSb.ltrans20.ltrans.o
 *fill*         0x0801b5a6        0x2 
 .rodata        0x0801b5a8      0x2cc /tmp/ccTsUuSb.ltrans22.ltrans.o
 .rodata        0x0801b874       0xc4 /tmp/ccTsUuSb.ltrans23.ltrans.o
 .rodata        0x0801b938       0x34 /tmp/ccTsUuSb.ltrans28.ltrans.o
                0x0801b938                baudRates
                0x0801b958                defaultBMP085Config.7280.lto_priv.209
 *(.rodata*)
 .rodata.timerHardware
                0x0801b96c       0xe0 /tmp/ccTsUuSb.ltrans0.ltrans.o
                0x0801b96c                timerHardware
 .rodata.str1.1
                0x0801ba4c      0x215 /tmp/ccTsUuSb.ltrans1.ltrans.o
                                0x226 (size before relaxing)
 .rodata.str1.1
                0x0801bc61      0x154 /tmp/ccTsUuSb.ltrans2.ltrans.o
                                0x174 (size before relaxing)
 *fill*         0x0801bdb5        0x1 
 .rodata.frSkyDataIdTable
                0x0801bdb6       0x20 /tmp/ccTsUuSb.ltrans5.ltrans.o
 .rodata.str1.1
                0x0801bdd6       0x27 /tmp/ccTsUuSb.ltrans6.ltrans.o
 *fill*         0x0801bdfd        0x1 
 .rodata.hsv_black
                0x0801bdfe        0x4 /tmp/ccTsUuSb.ltrans8.ltrans.o
                0x0801bdfe                hsv_black
 *fill*         0x0801be02        0x2 
 .rodata.mixers
                0x0801be04       0xd0 /tmp/ccTsUuSb.ltrans9.ltrans.o
                0x0801be04                mixers
 .rodata.str1.1
                0x0801bed4      0x15a /tmp/ccTsUuSb.ltrans9.ltrans.o
                                0x168 (size before relaxing)
 .rodata.str1.1
                0x0801c02e       0x3e /tmp/ccTsUuSb.ltrans11.ltrans.o
                                 0x41 (size before relaxing)
 .rodata.str1.1
                0x0801c06c      0x933 /tmp/ccTsUuSb.ltrans13.ltrans.o
                                0x9eb (size before relaxing)
 .rodata.str1.1
                0x0801c99f      0xd0b /tmp/ccTsUuSb.ltrans18.ltrans.o
                                0xda8 (size before relaxing)
 .rodata.str1.1
                0x0801d6aa       0xfb /tmp/ccTsUuSb.ltrans19.ltrans.o
                                 0xfc (size before relaxing)
 .rodata.cyclePageIds
                0x0801d7a5        0x5 /tmp/ccTsUuSb.ltrans20.ltrans.o
 .rodata.str1.1
                0x0801d7aa      0x12f /tmp/ccTsUuSb.ltrans20.ltrans.o
                                0x160 (size before relaxing)
 .rodata.str1.1
                0x0801d8d9        0x6 /tmp/ccTsUuSb.ltrans21.ltrans.o
 .rodata.str1.1
                0x0801d8df        0x9 /tmp/ccTsUuSb.ltrans23.ltrans.o
 .rodata.serialPortIdentifiers
                0x0801d8e8        0x5 /tmp/ccTsUuSb.ltrans28.ltrans.o
                0x0801d8e8                serialPortIdentifiers
 .rodata.rcChannelLetters
                0x0801d8ed       0x15 /tmp/ccTsUuSb.ltrans28.ltrans.o
                0x0801d8ed                rcChannelLetters
 .rodata._ctype_
                0x0801d902      0x101 /usr/lib/gcc/arm-none-eabi/4.9.3/../../../arm-none-eabi/lib/armv7-m/libc_nano.a(lib_a-ctype_.o)
                0x0801d902                _ctype_
 .rodata.str1.1
                0x0801da03        0x0 /usr/lib/gcc/arm-none-eabi/4.9.3/../../../arm-none-eabi/lib/armv7-m/libc_nano.a(lib_a-impure.o)
                                  0x2 (size before relaxing)
 *fill*         0x0801da03        0x1 
 .rodata.TWO23  0x0801da04        0x8 /usr/lib/gcc/arm-none-eabi/4.9.3/../../../arm-none-eabi/lib/armv7-m/libm.a(lib_a-sf_lrint.o)
 .rodata.str1.4
                0x0801da0c        0x5 /usr/lib/gcc/arm-none-eabi/4.9.3/../../../arm-none-eabi/lib/armv7-m/libm.a(lib_a-wf_pow.o)
                                  0x8 (size before relaxing)
 *fill*         0x0801da11        0x3 
 .rodata.str1.4
                0x0801da14        0x6 /usr/lib/gcc/arm-none-eabi/4.9.3/../../../arm-none-eabi/lib/armv7-m/libm.a(lib_a-wf_sqrt.o)
                                  0x8 (size before relaxing)
 *fill*         0x0801da1a        0x2 
 .rodata.dp_h   0x0801da1c        0x8 /usr/lib/gcc/arm-none-eabi/4.9.3/../../../arm-none-eabi/lib/armv7-m/libm.a(lib_a-ef_pow.o)
 .rodata.dp_l   0x0801da24        0x8 /usr/lib/gcc/arm-none-eabi/4.9.3/../../../arm-none-eabi/lib/armv7-m/libm.a(lib_a-ef_pow.o)
 .rodata.bp     0x0801da2c        0x8 /usr/lib/gcc/arm-none-eabi/4.9.3/../../../arm-none-eabi/lib/armv7-m/libm.a(lib_a-ef_pow.o)
 .rodata.str1.4
                0x0801da34        0x8 /usr/lib/gcc/arm-none-eabi/4.9.3/../../../arm-none-eabi/lib/armv7-m/libm.a(lib_a-ef_pow.o)
                                  0x4 (size before relaxing)
 *fill*         0x0801da34        0x4 
 .rodata.TWO52  0x0801da38       0x10 /usr/lib/gcc/arm-none-eabi/4.9.3/../../../arm-none-eabi/lib/armv7-m/libm.a(lib_a-s_rint.o)
 *(.glue_7)
 .glue_7        0x0801da48        0x0 linker stubs
 *(.glue_7t)
 .glue_7t       0x0801da48        0x0 linker stubs
 *(.eh_frame)
 *(.init)
 *(.fini)
                0x0801da48                . = ALIGN (0x4)
                0x0801da48                _etext = .

.vfp11_veneer   0x0801da48        0x0
 .vfp11_veneer  0x0801da48        0x0 linker stubs

.v4_bx          0x0801da48        0x0
 .v4_bx         0x0801da48        0x0 linker stubs

.iplt           0x0801da48        0x0
 .iplt          0x0801da48        0x0 obj/main/NAZE/startup_stm32f10x_md_gcc.o

.ARM.extab
 *(.ARM.extab* .gnu.linkonce.armextab.*)

.ARM            0x0801da48        0x8
                0x0801da48                __exidx_start = .
 *(.ARM.exidx*)
 .ARM.exidx     0x0801da48        0x8 /usr/lib/gcc/arm-none-eabi/4.9.3/armv7-m/libgcc.a(_divdi3.o)
 .ARM.exidx     0x0801da50        0x0 /usr/lib/gcc/arm-none-eabi/4.9.3/armv7-m/libgcc.a(_udivdi3.o)
                                  0x8 (size before relaxing)
                0x0801da50                __exidx_end = .

.rel.dyn        0x0801da50        0x0
 .rel.iplt      0x0801da50        0x0 obj/main/NAZE/startup_stm32f10x_md_gcc.o

.preinit_array  0x0801da50        0x0
                [!provide]                PROVIDE (__preinit_array_start, .)
 *(.preinit_array*)
                [!provide]                PROVIDE (__preinit_array_end, .)

.init_array     0x0801da50        0x0
                [!provide]                PROVIDE (__init_array_start, .)
 *(SORT(.init_array.*))
 *(.init_array*)
                [!provide]                PROVIDE (__init_array_end, .)

.fini_array     0x0801da50        0x0
                [!provide]                PROVIDE (__fini_array_start, .)
 *(.fini_array*)
 *(SORT(.fini_array.*))
                [!provide]                PROVIDE (__fini_array_end, .)
                0x0801da50                _sidata = .

.data           0x20000000      0x3e8 load address 0x0801da50
                0x20000000                . = ALIGN (0x4)
                0x20000000                _sdata = .
 *(.data)
 .data          0x20000000        0x3 /tmp/ccTsUuSb.ltrans3.ltrans.o
                0x20000000                rxIsInFailsafeMode.lto_priv.332
                0x20000001                rxIsInFailsafeModeNotDataDriven.lto_priv.334
                0x20000002                isUsingSticksToArm.lto_priv.366
 *fill*         0x20000003        0x1 
 .data          0x20000004        0x3 /tmp/ccTsUuSb.ltrans5.ltrans.o
                0x20000004                acc_1G
 .data          0x20000007        0x3 /tmp/ccTsUuSb.ltrans8.ltrans.o
 .data          0x2000000a        0x1 /tmp/ccTsUuSb.ltrans10.ltrans.o
                0x2000000a                isEOCConnected.lto_priv.611
 *fill*         0x2000000b        0x1 
 .data          0x2000000c        0x4 /tmp/ccTsUuSb.ltrans12.ltrans.o
                0x2000000c                GPS_scaleLonDown.lto_priv.587
 .data          0x20000010       0x14 /tmp/ccTsUuSb.ltrans13.ltrans.o
                0x20000014                geometry.lto_priv.371
 .data          0x20000024        0x5 /tmp/ccTsUuSb.ltrans14.ltrans.o
                0x20000024                hse_value
                0x20000028                standardBoardAlignment.lto_priv.495
 *fill*         0x20000029        0x3 
 .data          0x2000002c        0x4 /tmp/ccTsUuSb.ltrans16.ltrans.o
                0x2000002c                q0.lto_priv.418
 .data          0x20000030        0x8 /tmp/ccTsUuSb.ltrans21.ltrans.o
                0x20000034                realtimeGuardInterval.lto_priv.541
 .data          0x20000038        0xc /tmp/ccTsUuSb.ltrans22.ltrans.o
 .data          0x20000044        0x4 /tmp/ccTsUuSb.ltrans26.ltrans.o
                0x20000044                measurement.lto_priv.603
 .data          0x20000048        0x4 /tmp/ccTsUuSb.ltrans28.ltrans.o
                0x20000048                rcReadRawFunc.lto_priv.327
 .data          0x2000004c        0xc /tmp/ccTsUuSb.ltrans30.ltrans.o
 *(.data*)
 .data.GPS_hdop
                0x20000058        0x2 /tmp/ccTsUuSb.ltrans5.ltrans.o
                0x20000058                GPS_hdop
 .data.detectedSensors
                0x2000005a        0x4 /tmp/ccTsUuSb.ltrans10.ltrans.o
                0x2000005a                detectedSensors
 *fill*         0x2000005e        0x2 
 .data.pid_controller
                0x20000060        0x4 /tmp/ccTsUuSb.ltrans16.ltrans.o
                0x20000060                pid_controller
 .data.batteryCellCount
                0x20000064        0x1 /tmp/ccTsUuSb.ltrans18.ltrans.o
                0x20000064                batteryCellCount
 *fill*         0x20000065        0x3 
 .data.SystemCoreClock
                0x20000068        0x4 /tmp/ccTsUuSb.ltrans18.ltrans.o
                0x20000068                SystemCoreClock
 .data.cfTasks  0x2000006c      0x30c /tmp/ccTsUuSb.ltrans18.ltrans.o
                0x2000006c                cfTasks
 .data.currentTaskId
                0x20000378        0x1 /tmp/ccTsUuSb.ltrans19.ltrans.o
                0x20000378                currentTaskId
 *fill*         0x20000379        0x3 
 .data.__ctype_ptr__
                0x2000037c        0x4 /usr/lib/gcc/arm-none-eabi/4.9.3/../../../arm-none-eabi/lib/armv7-m/libc_nano.a(lib_a-ctype_.o)
                0x2000037c                __ctype_ptr__
 .data.impure_data
                0x20000380       0x60 /usr/lib/gcc/arm-none-eabi/4.9.3/../../../arm-none-eabi/lib/armv7-m/libc_nano.a(lib_a-impure.o)
 .data._impure_ptr
                0x200003e0        0x4 /usr/lib/gcc/arm-none-eabi/4.9.3/../../../arm-none-eabi/lib/armv7-m/libc_nano.a(lib_a-impure.o)
                0x200003e0                _impure_ptr
 .data.__fdlib_version
                0x200003e4        0x1 /usr/lib/gcc/arm-none-eabi/4.9.3/../../../arm-none-eabi/lib/armv7-m/libm.a(lib_a-s_lib_ver.o)
                0x200003e4                __fdlib_version
                0x200003e8                . = ALIGN (0x4)
 *fill*         0x200003e5        0x3 
                0x200003e8                _edata = .

.igot.plt       0x200003e8        0x0 load address 0x0801de38
 .igot.plt      0x200003e8        0x0 obj/main/NAZE/startup_stm32f10x_md_gcc.o
                0x200003e8                . = ALIGN (0x4)

.bss            0x200003e8     0x34b0 load address 0x0801de38
                0x200003e8                _sbss = .
                0x200003e8                __bss_start__ = _sbss
 *(.bss)
 .bss           0x200003e8      0x4f8 /tmp/ccTsUuSb.ltrans0.ltrans.o
                0x200003f0                i2cOverClock.lto_priv.605
                0x20000414                inputFilteringMode.lto_priv.600
                0x20000418                ppmDev
                0x20000544                servos.lto_priv.602
                0x20000565                displayPresent.lto_priv.576
                0x20000574                gpsPacketLog
                0x2000058e                ledStripDMABuffer
                0x200008b8                telemetryConfig.lto_priv.453
                0x200008bc                portConfig.lto_priv.456
                0x200008c0                frskyPortSharing.lto_priv.574
                0x200008c1                hottPortSharing.lto_priv.572
                0x200008c4                telemetryConfig.lto_priv.454
                0x200008c8                portConfig.lto_priv.458
                0x200008cc                smartPortPortSharing.lto_priv.569
                0x200008d4                portConfig.lto_priv.459
                0x200008d8                ltmPortSharing.lto_priv.567
                0x200008d9                couldBeBusy.lto_priv.594
                0x200008dc                tailAddress.lto_priv.552
 .bss           0x200008e0      0x3af /tmp/ccTsUuSb.ltrans1.ltrans.o
                0x200008f8                gyroLpfCutFreq.lto_priv.551
                0x2000096c                gyroConfig.lto_priv.550
                0x200009c8                imuRuntimeConfig.lto_priv.490
                0x200009f0                gyroScale.lto_priv.491
                0x20000a00                smallAngleCosZ
                0x20000a0c                fc_acc
                0x20000a10                accDeadband.lto_priv.546
                0x20000a14                lookupYawRC
                0x20000a28                rxRefreshRate.lto_priv.470
                0x20000a40                rcControlsConfig.lto_priv.545
                0x20000a48                escAndServoConfig.lto_priv.407
                0x20000a4c                throttleAngleScale
                0x20000a50                mixerConfig.lto_priv.493
                0x20000a54                currentMixer.lto_priv.498
                0x20000b18                rxConfig.lto_priv.548
                0x20000b1c                currentMixerMode.lto_priv.497
                0x20000b40                gimbalConfig.lto_priv.547
                0x20000b44                servoFilterState.lto_priv.494
                0x20000c64                motorControlEnable
                0x20000c68                blackboxPort.lto_priv.440
                0x20000c6c                blackboxHeaderBudget
                0x20000c70                blackboxMaxHeaderBytesPerIteration.lto_priv.438
                0x20000c74                xmitState.lto_priv.436
                0x20000c7c                blackboxConditionCache.lto_priv.433
                0x20000c80                vbatReference.lto_priv.429
                0x20000c82                blackboxSlowFrameIterationTimer.lto_priv.437
                0x20000c84                blackboxPFrameIndex.lto_priv.432
                0x20000c88                blackboxIteration.lto_priv.431
                0x20000c8c                blackboxModeActivationConditionPresent.lto_priv.430
                0x20000c8d                blackboxPortSharing.lto_priv.439
                0x20000c8e                blackboxLoggedAnyFrames.lto_priv.435
 *fill*         0x20000c8f        0x1 
 .bss           0x20000c90      0x164 /tmp/ccTsUuSb.ltrans2.ltrans.o
                0x20000c90                printfSerialPort.lto_priv.542
                0x20000cb0                servo
                0x20000cc0                GPS_ground_course
                0x20000cc2                GPS_update
                0x20000cc3                GPS_numCh
                0x20000cc4                GPS_svinfo_chn
                0x20000cd4                GPS_svinfo_svid
                0x20000ce4                GPS_svinfo_quality
                0x20000cf4                GPS_svinfo_cno
                0x20000d04                debug
                0x20000d0c                blackboxState.lto_priv.405
                0x20000d70                pwmIOConfiguration.lto_priv.499
 .bss           0x20000df4      0x1c4 /tmp/ccTsUuSb.ltrans3.ltrans.o
                0x20000df4                rxUpdateAt.lto_priv.331
                0x20000e1c                rxSignalReceivedNotDataDriven.lto_priv.333
                0x20000e1e                rcSampleIndex.lto_priv.469
                0x20000e68                rcInvalidPulsPeriod
                0x20000eb1                rxFlightChannelsValid.lto_priv.563
                0x20000ecc                rxConfig.lto_priv.322
                0x20000ed0                deadband3dThrottle.lto_priv.489
                0x20000ed4                disarmAt.lto_priv.428
                0x20000edb                AccInflightCalibrationMeasurementDone
                0x20000edc                AccInflightCalibrationSavetoEEProm
                0x20000ede                calibratingA
                0x20000ee0                InflightcalibratingA
                0x20000ee2                AccInflightCalibrationActive
                0x20000ee4                adjustmentStates
                0x20000f18                escAndServoConfig.lto_priv.365
                0x20000f1c                magHold
                0x20000f1e                headFreeModeHold
                0x20000f20                nav_mode
                0x20000f24                gpsProfile.lto_priv.411
                0x20000f28                GPS_hold
                0x20000f32                nav_rated.lto_priv.413
                0x20000f36                nav.lto_priv.412
                0x20000f64                poshold_ratePID.lto_priv.578
                0x20000f8c                navPID.lto_priv.579
                0x20000fb4                isRXDataNew.lto_priv.415
                0x20000fb5                haveProcessedAnnexCodeOnce.lto_priv.404
                0x20000fb6                initialThrottleHold.lto_priv.414
 .bss           0x20000fb8       0x35 /tmp/ccTsUuSb.ltrans4.ltrans.o
 *fill*         0x20000fed        0x3 
 .bss           0x20000ff0       0xf0 /tmp/ccTsUuSb.ltrans5.ltrans.o
                0x20000ff0                frskyTelemetryEnabled.lto_priv.575
                0x20000ffa                accSmooth
                0x20001000                vario
                0x20001004                BaroAlt
                0x20001008                baroTemperature
                0x20001010                telemetryConfig.lto_priv.296
                0x20001014                amperage
                0x20001018                GPS_speed
                0x2000101a                GPS_altitude
                0x2000101c                GPS_numSat
                0x20001020                GPS_coord
                0x20001028                hottTelemetryEnabled.lto_priv.573
                0x20001030                hottEAMMessage.lto_priv.460
                0x20001060                telemetryConfig.lto_priv.297
                0x20001064                hottGPSMessage.lto_priv.461
                0x20001090                GPS_distanceToHome
                0x20001092                GPS_directionToHome
                0x2000109c                hottPort.lto_priv.566
                0x200010ac                portConfig.lto_priv.457
                0x200010b2                smartPortTelemetryEnabled.lto_priv.570
                0x200010b4                smartPortSerialPort.lto_priv.565
                0x200010b8                smartPortState
                0x200010bc                smartPortLastRequestTime.lto_priv.571
                0x200010c2                ltmEnabled.lto_priv.568
                0x200010c4                ltmPort.lto_priv.564
                0x200010d0                EstAlt.lto_priv.312
                0x200010d4                rssi
                0x200010d8                GPS_home
 .bss           0x200010e0       0x18 /tmp/ccTsUuSb.ltrans6.ltrans.o
 .bss           0x200010f8      0x6c4 /tmp/ccTsUuSb.ltrans7.ltrans.o
 .bss           0x200017bc       0xa0 /tmp/ccTsUuSb.ltrans8.ltrans.o
                0x200017bc                ledStripInitialised.lto_priv.462
                0x200017be                ledColorBuffer.lto_priv.463
                0x2000184c                ledCount
                0x20001850                rxSignalReceived.lto_priv.317
                0x20001858                highestYValueForNorth
                0x20001859                lowestXValueForEast
                0x2000185a                lowestYValueForSouth
                0x2000185b                highestXValueForWest
 .bss           0x2000185c        0x9 /tmp/ccTsUuSb.ltrans9.ltrans.o
                0x2000185c                colors
                0x20001860                ledConfigs
                0x20001864                serialPortCount.lto_priv.372
 *fill*         0x20001865        0x3 
 .bss           0x20001868      0x120 /tmp/ccTsUuSb.ltrans10.ltrans.o
                0x20001868                acc
                0x20001874                gyro
                0x20001888                mpuDetectionResult
                0x2000188c                mpuConfiguration
                0x20001898                mpuIntExtiConfig.lto_priv.612
                0x2000189d                gyroAlign
                0x2000189e                useFifo.lto_priv.613
                0x200018a0                ms5611_c.lto_priv.609
                0x200018b4                bmp085.lto_priv.610
                0x200018d8                baro
                0x200018f0                extiHandlerConfigs.lto_priv.272
                0x2000190c                bmp280_cal.lto_priv.608
                0x20001928                enabledSensors.lto_priv.240
                0x2000192c                mpuDividerDrops
                0x20001930                targetLooptime
                0x20001934                hmc5883Config.lto_priv.604
                0x20001938                mag
                0x20001940                magneticDeclination
                0x20001944                serialConfig.lto_priv.267
                0x20001948                findSharedSerialPortState.lto_priv.316
                0x2000194c                serialPortUsageList.lto_priv.266
 .bss           0x20001988        0x7 /tmp/ccTsUuSb.ltrans11.ltrans.o
 *fill*         0x2000198f        0x1 
 .bss           0x20001990      0x242 /tmp/ccTsUuSb.ltrans12.ltrans.o
                0x20001b74                GPS_WP.lto_priv.581
                0x20001b7c                wp_distance.lto_priv.582
                0x20001b80                target_bearing.lto_priv.583
                0x20001b84                error.lto_priv.588
                0x20001b8c                posholdPID_PARAM.lto_priv.589
                0x20001b9c                poshold_ratePID_PARAM.lto_priv.590
                0x20001bb0                waypoint_speed_gov.lto_priv.586
                0x20001bb4                original_target_bearing.lto_priv.585
                0x20001bbc                nav_bearing.lto_priv.584
                0x20001bc0                navPID_PARAM.lto_priv.591
                0x20001bd0                nav_takeoff_bearing.lto_priv.592
 *fill*         0x20001bd2        0x2 
 .bss           0x20001bd4       0x8a /tmp/ccTsUuSb.ltrans13.ltrans.o
                0x20001bd4                cliPort.lto_priv.375
                0x20001bd8                currentControlRateProfile
                0x20001bdc                motor_disarmed
                0x20001bf4                gpsPort.lto_priv.314
                0x20001bf8                pageState.lto_priv.319
                0x20001c0c                cliBuffer.lto_priv.377
                0x20001c3c                bufferIndex.lto_priv.376
                0x20001c40                servoConf.lto_priv.273
                0x20001c44                currentProfile
                0x20001c48                beep_multiBeeps.lto_priv.268
 *fill*         0x20001c5e        0x2 
 .bss           0x20001c60      0x1a2 /tmp/ccTsUuSb.ltrans14.ltrans.o
                0x20001c60                pif_cumulative_timer1ms
                0x20001c64                s_table.lto_priv.442
                0x20001ce4                pif_act_timer1us
                0x20001ce8                ibusChannelData.lto_priv.338
                0x20001d10                xBusChannelData.lto_priv.236
                0x20001d2d                ibus.lto_priv.337
                0x20001d4d                ibusFrameDone.lto_priv.336
                0x20001d58                xBusFramePosition.lto_priv.478
                0x20001d59                xBusDataIncoming.lto_priv.477
                0x20001d5a                xBusFrame.lto_priv.235
                0x20001d7b                xBusFrameLength.lto_priv.479
                0x20001d7c                xBusProvider.lto_priv.481
                0x20001d80                pidProfile.lto_priv.318
                0x20001d84                activeFeaturesLatch.lto_priv.238
                0x20001d94                boardRotation.lto_priv.496
                0x20001db8                batteryConfig
                0x20001dbc                mAhDrawn
                0x20001dc0                adcConfig
                0x20001dd0                adcValues
                0x20001dd8                vbatLatestADC
                0x20001ddc                vbatFilterState.lto_priv.452
                0x20001e00                vbat
 .bss           0x20001e02      0x600 /tmp/ccTsUuSb.ltrans15.ltrans.o
 *fill*         0x20002402        0x2 
 .bss           0x20002404      0x228 /tmp/ccTsUuSb.ltrans16.ltrans.o
                0x20002404                usTicks.lto_priv.510
                0x2000240a                lookupThrottleRC
                0x20002422                lookupPitchRollRC
                0x20002430                dmaHandlers.lto_priv.464
                0x20002448                pif_datetime
                0x20002458                g_timer_1ms
                0x20002480                beeperIsOn.lto_priv.359
                0x20002484                beeperNextToggleTime.lto_priv.358
                0x20002488                beeperPos.lto_priv.360
                0x2000248c                currentBeeperEntry.lto_priv.357
                0x20002490                motor
                0x200024a8                motors.lto_priv.500
                0x200024d8                motorCount
                0x200024dc                timerConfig
                0x2000257c                flight3DConfig.lto_priv.406
                0x20002580                escAndServoConfig.lto_priv.408
                0x20002584                servoRuleCount.lto_priv.410
                0x20002585                currentServoMixer.lto_priv.409
                0x200025f8                customServoMixers.lto_priv.507
                0x200025fc                q1.lto_priv.419
                0x20002600                q2.lto_priv.420
                0x20002604                q3.lto_priv.421
                0x20002608                rMat.lto_priv.313
 .bss           0x2000262c      0x120 /tmp/ccTsUuSb.ltrans17.ltrans.o
                0x20002650                uartPort3.lto_priv.596
                0x200026a4                uartPort2.lto_priv.597
                0x200026f8                uartPort1.lto_priv.598
 .bss           0x2000274c      0x1fc /tmp/ccTsUuSb.ltrans18.ltrans.o
                0x2000274c                spekChannelData.lto_priv.356
                0x2000277c                sumhChannels.lto_priv.342
                0x2000279c                sumdChannels.lto_priv.347
                0x200027bc                sbusChannelData.lto_priv.350
                0x20002804                mspFrame.lto_priv.367
                0x20002828                captures.lto_priv.335
                0x20002845                spekFrame.lto_priv.352
                0x20002855                rcFrameComplete.lto_priv.351
                0x20002861                sumhFrame.lto_priv.341
                0x20002876                sumhFrameDone.lto_priv.340
                0x2000287d                sumdFrameDone.lto_priv.343
                0x2000287e                crc.lto_priv.344
                0x20002880                sumdChannelCount.lto_priv.345
                0x20002881                sumd.lto_priv.346
                0x200028ad                sbusFrame.lto_priv.349
                0x200028c6                sbusFrameDone.lto_priv.348
                0x200028c7                xBusChannelCount.lto_priv.480
                0x200028c8                xBusFrameReceived.lto_priv.339
                0x200028cc                rxConfig.lto_priv.323
                0x200028d0                suspendRxSignalUntil.lto_priv.326
                0x200028d4                skipRxSamples.lto_priv.325
                0x200028d8                sysTickUptime.lto_priv.271
                0x200028dc                failsafeState.lto_priv.294
                0x20002900                warningLedState.lto_priv.269
                0x20002904                warningLedTimer.lto_priv.416
                0x20002908                flightModeFlags
                0x2000290c                rcModeActivationMask
                0x20002910                activeBoxIdCount.lto_priv.369
                0x20002911                activeBoxIds.lto_priv.370
                0x20002930                currentPort.lto_priv.362
                0x20002934                writer.lto_priv.363
                0x20002938                mspSerialPort.lto_priv.364
                0x2000293c                cliWriter.lto_priv.241
                0x20002940                currentControlRateProfileIndex.lto_priv.242
                0x20002942                averageSystemLoadPercent
                0x20002944                batteryState.lto_priv.295
                0x20002946                i2cErrorCount.lto_priv.374
 .bss           0x20002948      0x1a4 /tmp/ccTsUuSb.ltrans19.ltrans.o
                0x20002958                barometerConfig.lto_priv.310
                0x20002a34                currentTime
                0x20002a4c                sonarMaxTiltCos
                0x20002a50                calculatedAltitude.lto_priv.373
                0x20002a54                sonarCfAltCm
                0x20002a5c                sonarMaxAltWithTiltCm
                0x20002a60                accSumCount
                0x20002a64                accSum
                0x20002a70                accVelScale
                0x20002a74                barometerConfig.lto_priv.311
                0x20002a80                AltHold
                0x20002a84                pidProfile.lto_priv.543
                0x20002a88                errorVelocityI
                0x20002a8c                altHoldThrottleAdjustment
                0x20002a90                velocityControl
                0x20002a94                lastMeasurementAt.lto_priv.466
                0x20002a98                sonarHardware.lto_priv.465
                0x20002aa4                magADC
                0x20002ac0                magInit.lto_priv.492
                0x20002ac4                gpsData
                0x20002ae4                gpsConfig.lto_priv.467
 .bss           0x20002aec       0x40 /tmp/ccTsUuSb.ltrans20.ltrans.o
                0x20002b10                GPS_packetCount
                0x20002b18                GPS_svInfoReceivedCount
                0x20002b24                GPS_garbageByteCount
 .bss           0x20002b2c       0x2c /tmp/ccTsUuSb.ltrans21.ltrans.o
                0x20002b50                totalWaitingTasksSamples.lto_priv.539
                0x20002b54                totalWaitingTasks.lto_priv.540
 .bss           0x20002b58        0x5 /tmp/ccTsUuSb.ltrans22.ltrans.o
                0x20002b58                I2Cx.lto_priv.606
                0x20002b5c                I2Cx_index.lto_priv.607
 .bss           0x20002b5d       0x82 /tmp/ccTsUuSb.ltrans23.ltrans.o
                0x20002b5d                bufferHead.lto_priv.556
                0x20002b5e                bufferTail.lto_priv.593
                0x20002b5f                flashWriteBuffer.lto_priv.557
 *fill*         0x20002bdf        0x1 
 .bss           0x20002be0      0x15c /tmp/ccTsUuSb.ltrans24.ltrans.o
                0x20002be0                rcCommand
                0x20002be8                attitude
                0x20002bf0                gyroADC
                0x20002bfc                PIDweight
                0x20002c00                errorGyroI.lto_priv.320
                0x20002c0c                stateFlags
                0x20002c0d                motorLimitReached
                0x20002c40                axisPID
                0x20002c48                axisPID_P
                0x20002c54                axisPID_I
                0x20002c60                axisPID_D
                0x20002c6c                deltaFilterState.lto_priv.292
                0x20002cd8                errorAngleI.lto_priv.293
                0x20002ce0                dynP8
                0x20002cf8                dynD8
                0x20002cfc                errorGyroIf.lto_priv.321
                0x20002d08                dT
 *fill*         0x20002d3c        0x4 
 .bss           0x20002d40       0x2c /tmp/ccTsUuSb.ltrans25.ltrans.o
                0x20002d45                rxMspFrameDone.lto_priv.368
                0x20002d46                ppmFrameCount.lto_priv.601
                0x20002d4c                batteryWarningVoltage
                0x20002d4e                batteryCriticalVoltage
                0x20002d58                amperageLatestADC
                0x20002d68                armingBeepTimeMicros.lto_priv.434
 .bss           0x20002d6c       0x21 /tmp/ccTsUuSb.ltrans26.ltrans.o
 *fill*         0x20002d8d        0x3 
 .bss           0x20002d90      0x19d /tmp/ccTsUuSb.ltrans27.ltrans.o
                0x20002d90                gpsHistory.lto_priv.558
                0x20002da4                blackboxHistory.lto_priv.560
                0x20002db0                blackboxHistoryRing.lto_priv.561
                0x20002f24                blackboxIFrameIndex.lto_priv.559
                0x20002f28                blackboxLastArmingBeep.lto_priv.562
                0x20002f2c                systemState.lto_priv.447
 *fill*         0x20002f2d        0x3 
 .bss           0x20002f30      0x8ec /tmp/ccTsUuSb.ltrans28.ltrans.o
                0x20002f30                string.8825.lto_priv.580
                0x20002f40                rcData
                0x20002f64                mspPorts.lto_priv.239
                0x20002ffc                masterConfig
                0x20003814                rxRuntimeConfigPtr.lto_priv.354
                0x20003818                rxRuntimeConfig
                0x20003819                spek_chan_shift.lto_priv.353
                0x2000381a                spek_chan_mask.lto_priv.355
                0x2000381b                spekHiRes.lto_priv.237
 .bss           0x2000381c       0x35 /tmp/ccTsUuSb.ltrans29.ltrans.o
                0x2000381c                accADC
                0x20003828                accelerationTrims.lto_priv.549
                0x20003850                isAccelUpdatedAtLeastOnce.lto_priv.417
 *fill*         0x20003851        0x3 
 .bss           0x20003854       0x14 /tmp/ccTsUuSb.ltrans30.ltrans.o
                0x20003864                failsafeConfig.lto_priv.324
 *(SORT(.bss*))
 .bss.systemBeepPtr
                0x20003868        0x4 /tmp/ccTsUuSb.ltrans16.ltrans.o
                0x20003868                systemBeepPtr
 .bss.accTimeSum
                0x2000386c        0x4 /tmp/ccTsUuSb.ltrans19.ltrans.o
                0x2000386c                accTimeSum
 .bss.setVelocity
                0x20003870        0x4 /tmp/ccTsUuSb.ltrans19.ltrans.o
                0x20003870                setVelocity
 .bss.__malloc_sbrk_start
                0x20003874        0x4 /usr/lib/gcc/arm-none-eabi/4.9.3/../../../arm-none-eabi/lib/armv7-m/libc_nano.a(lib_a-nano-mallocr.o)
                0x20003874                __malloc_sbrk_start
 .bss.__malloc_free_list
                0x20003878        0x4 /usr/lib/gcc/arm-none-eabi/4.9.3/../../../arm-none-eabi/lib/armv7-m/libc_nano.a(lib_a-nano-mallocr.o)
                0x20003878                __malloc_free_list
 .bss.heap_end.4079
                0x2000387c        0x4 /usr/lib/gcc/arm-none-eabi/4.9.3/../../../arm-none-eabi/lib/armv7-m/libnosys.a(sbrk.o)
 .bss.calibratingG
                0x20003880        0x2 /tmp/ccTsUuSb.ltrans3.ltrans.o
                0x20003880                calibratingG
 .bss.cycleTime
                0x20003882        0x2 /tmp/ccTsUuSb.ltrans18.ltrans.o
                0x20003882                cycleTime
 .bss.calibratingB
                0x20003884        0x2 /tmp/ccTsUuSb.ltrans19.ltrans.o
                0x20003884                calibratingB
 .bss.GPS_angle
                0x20003886        0x4 /tmp/ccTsUuSb.ltrans24.ltrans.o
                0x20003886                GPS_angle
 .bss.ws2811LedDataTransferInProgress
                0x2000388a        0x1 /tmp/ccTsUuSb.ltrans8.ltrans.o
                0x2000388a                ws2811LedDataTransferInProgress
 .bss.accAlign  0x2000388b        0x1 /tmp/ccTsUuSb.ltrans10.ltrans.o
                0x2000388b                accAlign
 .bss.hardwareRevision
                0x2000388c        0x1 /tmp/ccTsUuSb.ltrans10.ltrans.o
                0x2000388c                hardwareRevision
 .bss.magAlign  0x2000388d        0x1 /tmp/ccTsUuSb.ltrans10.ltrans.o
                0x2000388d                magAlign
 .bss.cliMode   0x2000388e        0x1 /tmp/ccTsUuSb.ltrans13.ltrans.o
                0x2000388e                cliMode
 .bss.armingFlags
                0x2000388f        0x1 /tmp/ccTsUuSb.ltrans18.ltrans.o
                0x2000388f                armingFlags
 .bss.CHAR_FORMAT
                0x20003890        0x1 /tmp/ccTsUuSb.ltrans22.ltrans.o
 *(COMMON)
 *fill*         0x20003891        0x3 
 COMMON         0x20003894        0x4 /usr/lib/gcc/arm-none-eabi/4.9.3/../../../arm-none-eabi/lib/armv7-m/libc_nano.a(lib_a-reent.o)
                0x20003894                errno
                0x20003898                . = ALIGN (0x4)
                0x20003898                _ebss = .
                0x20003898                __bss_end__ = _ebss

._user_heap_stack
                0x20003898      0x400 load address 0x0801de38
                0x20003898                . = ALIGN (0x4)
                0x20003898                PROVIDE (end, .)
                [!provide]                PROVIDE (_end, .)
                0x20003898                . = (. + _Min_Heap_Size)
                0x20003c98                . = (. + _Min_Stack_Size)
 *fill*         0x20003898      0x400 
                0x20003c98                . = ALIGN (0x4)

.memory_b1_text
 *(.mb1text)
 *(.mb1text*)
 *(.mb1rodata)
 *(.mb1rodata*)

/DISCARD/
 libc.a(*)
 libm.a(*)
 libgcc.a(*)

.ARM.attributes
                0x00000000       0x2f
 *(.ARM.attributes)
 .ARM.attributes
                0x00000000       0x21 obj/main/NAZE/startup_stm32f10x_md_gcc.o
 .ARM.attributes
                0x00000021       0x31 /tmp/ccTsUuSb.ltrans0.ltrans.o
 .ARM.attributes
                0x00000052       0x31 /tmp/ccTsUuSb.ltrans1.ltrans.o
 .ARM.attributes
                0x00000083       0x31 /tmp/ccTsUuSb.ltrans2.ltrans.o
 .ARM.attributes
                0x000000b4       0x31 /tmp/ccTsUuSb.ltrans3.ltrans.o
 .ARM.attributes
                0x000000e5       0x31 /tmp/ccTsUuSb.ltrans4.ltrans.o
 .ARM.attributes
                0x00000116       0x31 /tmp/ccTsUuSb.ltrans5.ltrans.o
 .ARM.attributes
                0x00000147       0x31 /tmp/ccTsUuSb.ltrans6.ltrans.o
 .ARM.attributes
                0x00000178       0x31 /tmp/ccTsUuSb.ltrans7.ltrans.o
 .ARM.attributes
                0x000001a9       0x31 /tmp/ccTsUuSb.ltrans8.ltrans.o
 .ARM.attributes
                0x000001da       0x31 /tmp/ccTsUuSb.ltrans9.ltrans.o
 .ARM.attributes
                0x0000020b       0x31 /tmp/ccTsUuSb.ltrans10.ltrans.o
 .ARM.attributes
                0x0000023c       0x31 /tmp/ccTsUuSb.ltrans11.ltrans.o
 .ARM.attributes
                0x0000026d       0x31 /tmp/ccTsUuSb.ltrans12.ltrans.o
 .ARM.attributes
                0x0000029e       0x31 /tmp/ccTsUuSb.ltrans13.ltrans.o
 .ARM.attributes
                0x000002cf       0x31 /tmp/ccTsUuSb.ltrans14.ltrans.o
 .ARM.attributes
                0x00000300       0x31 /tmp/ccTsUuSb.ltrans15.ltrans.o
 .ARM.attributes
                0x00000331       0x31 /tmp/ccTsUuSb.ltrans16.ltrans.o
 .ARM.attributes
                0x00000362       0x31 /tmp/ccTsUuSb.ltrans17.ltrans.o
 .ARM.attributes
                0x00000393       0x31 /tmp/ccTsUuSb.ltrans18.ltrans.o
 .ARM.attributes
                0x000003c4       0x31 /tmp/ccTsUuSb.ltrans19.ltrans.o
 .ARM.attributes
                0x000003f5       0x31 /tmp/ccTsUuSb.ltrans20.ltrans.o
 .ARM.attributes
                0x00000426       0x31 /tmp/ccTsUuSb.ltrans21.ltrans.o
 .ARM.attributes
                0x00000457       0x31 /tmp/ccTsUuSb.ltrans22.ltrans.o
 .ARM.attributes
                0x00000488       0x31 /tmp/ccTsUuSb.ltrans23.ltrans.o
 .ARM.attributes
                0x000004b9       0x31 /tmp/ccTsUuSb.ltrans24.ltrans.o
 .ARM.attributes
                0x000004ea       0x31 /tmp/ccTsUuSb.ltrans25.ltrans.o
 .ARM.attributes
                0x0000051b       0x31 /tmp/ccTsUuSb.ltrans26.ltrans.o
 .ARM.attributes
                0x0000054c       0x31 /tmp/ccTsUuSb.ltrans27.ltrans.o
 .ARM.attributes
                0x0000057d       0x31 /tmp/ccTsUuSb.ltrans28.ltrans.o
 .ARM.attributes
                0x000005ae       0x31 /tmp/ccTsUuSb.ltrans29.ltrans.o
 .ARM.attributes
                0x000005df       0x31 /tmp/ccTsUuSb.ltrans30.ltrans.o
 .ARM.attributes
                0x00000610       0x2d /usr/lib/gcc/arm-none-eabi/4.9.3/../../../arm-none-eabi/lib/armv7-m/libc_nano.a(lib_a-atoi.o)
 .ARM.attributes