Archive member included to satisfy reference by file (symbol)

/usr/lib/gcc/arm-none-eabi/4.9.3/../../../arm-none-eabi/lib/armv7-m/libc_nano.a(lib_a-atoi.o)
                              obj/main/NAZE/../controller/io/ledstrip.o (symbol from plugin) (atoi)
/usr/lib/gcc/arm-none-eabi/4.9.3/../../../arm-none-eabi/lib/armv7-m/libc_nano.a(lib_a-ctype_.o)
                              obj/main/NAZE/../controller/flight/gps_conversion.o (symbol from plugin) (__ctype_ptr__)
/usr/lib/gcc/arm-none-eabi/4.9.3/../../../arm-none-eabi/lib/armv7-m/libc_nano.a(lib_a-strtok.o)
                              obj/main/NAZE/../controller/io/serial_cli.o (symbol from plugin) (strtok)
/usr/lib/gcc/arm-none-eabi/4.9.3/../../../arm-none-eabi/lib/armv7-m/libc_nano.a(lib_a-strtok_r.o)
                              /usr/lib/gcc/arm-none-eabi/4.9.3/../../../arm-none-eabi/lib/armv7-m/libc_nano.a(lib_a-strtok.o) (__strtok_r)
/usr/lib/gcc/arm-none-eabi/4.9.3/../../../arm-none-eabi/lib/armv7-m/libc_nano.a(lib_a-strtol.o)
                              /usr/lib/gcc/arm-none-eabi/4.9.3/../../../arm-none-eabi/lib/armv7-m/libc_nano.a(lib_a-atoi.o) (_strtol_r)
/usr/lib/gcc/arm-none-eabi/4.9.3/../../../arm-none-eabi/lib/armv7-m/libc_nano.a(lib_a-impure.o)
                              /usr/lib/gcc/arm-none-eabi/4.9.3/../../../arm-none-eabi/lib/armv7-m/libc_nano.a(lib_a-strtok.o) (_impure_ptr)
/usr/lib/gcc/arm-none-eabi/4.9.3/../../../arm-none-eabi/lib/armv7-m/libc_nano.a(lib_a-malloc.o)
                              /usr/lib/gcc/arm-none-eabi/4.9.3/../../../arm-none-eabi/lib/armv7-m/libc_nano.a(lib_a-strtok.o) (malloc)
/usr/lib/gcc/arm-none-eabi/4.9.3/../../../arm-none-eabi/lib/armv7-m/libc_nano.a(lib_a-nano-freer.o)
                              /usr/lib/gcc/arm-none-eabi/4.9.3/../../../arm-none-eabi/lib/armv7-m/libc_nano.a(lib_a-malloc.o) (_free_r)
/usr/lib/gcc/arm-none-eabi/4.9.3/../../../arm-none-eabi/lib/armv7-m/libc_nano.a(lib_a-nano-mallocr.o)
                              /usr/lib/gcc/arm-none-eabi/4.9.3/../../../arm-none-eabi/lib/armv7-m/libc_nano.a(lib_a-malloc.o) (_malloc_r)
/usr/lib/gcc/arm-none-eabi/4.9.3/../../../arm-none-eabi/lib/armv7-m/libc_nano.a(lib_a-sbrkr.o)
                              /usr/lib/gcc/arm-none-eabi/4.9.3/../../../arm-none-eabi/lib/armv7-m/libc_nano.a(lib_a-nano-mallocr.o) (_sbrk_r)
/usr/lib/gcc/arm-none-eabi/4.9.3/../../../arm-none-eabi/lib/armv7-m/libc_nano.a(lib_a-reent.o)
                              /usr/lib/gcc/arm-none-eabi/4.9.3/../../../arm-none-eabi/lib/armv7-m/libc_nano.a(lib_a-sbrkr.o) (errno)
/usr/lib/gcc/arm-none-eabi/4.9.3/../../../arm-none-eabi/lib/armv7-m/libnosys.a(sbrk.o)
                              /usr/lib/gcc/arm-none-eabi/4.9.3/../../../arm-none-eabi/lib/armv7-m/libc_nano.a(lib_a-sbrkr.o) (_sbrk)
/usr/lib/gcc/arm-none-eabi/4.9.3/../../../arm-none-eabi/lib/armv7-m/libm.a(lib_a-sf_lrint.o)
                              /tmp/cclQ5C5v.ltrans1.ltrans.o (lrintf)
/usr/lib/gcc/arm-none-eabi/4.9.3/../../../arm-none-eabi/lib/armv7-m/libm.a(lib_a-wf_pow.o)
                              /tmp/cclQ5C5v.ltrans22.ltrans.o (powf)
/usr/lib/gcc/arm-none-eabi/4.9.3/../../../arm-none-eabi/lib/armv7-m/libm.a(lib_a-wf_sqrt.o)
                              /tmp/cclQ5C5v.ltrans1.ltrans.o (sqrtf)
/usr/lib/gcc/arm-none-eabi/4.9.3/../../../arm-none-eabi/lib/armv7-m/libm.a(lib_a-ef_pow.o)
                              /usr/lib/gcc/arm-none-eabi/4.9.3/../../../arm-none-eabi/lib/armv7-m/libm.a(lib_a-wf_pow.o) (__ieee754_powf)
/usr/lib/gcc/arm-none-eabi/4.9.3/../../../arm-none-eabi/lib/armv7-m/libm.a(lib_a-ef_sqrt.o)
                              /usr/lib/gcc/arm-none-eabi/4.9.3/../../../arm-none-eabi/lib/armv7-m/libm.a(lib_a-wf_sqrt.o) (__ieee754_sqrtf)
/usr/lib/gcc/arm-none-eabi/4.9.3/../../../arm-none-eabi/lib/armv7-m/libm.a(lib_a-s_lib_ver.o)
                              /usr/lib/gcc/arm-none-eabi/4.9.3/../../../arm-none-eabi/lib/armv7-m/libm.a(lib_a-wf_pow.o) (__fdlib_version)
/usr/lib/gcc/arm-none-eabi/4.9.3/../../../arm-none-eabi/lib/armv7-m/libm.a(lib_a-s_matherr.o)
                              /usr/lib/gcc/arm-none-eabi/4.9.3/../../../arm-none-eabi/lib/armv7-m/libm.a(lib_a-wf_pow.o) (matherr)
/usr/lib/gcc/arm-none-eabi/4.9.3/../../../arm-none-eabi/lib/armv7-m/libm.a(lib_a-s_rint.o)
                              /usr/lib/gcc/arm-none-eabi/4.9.3/../../../arm-none-eabi/lib/armv7-m/libm.a(lib_a-wf_pow.o) (rint)
/usr/lib/gcc/arm-none-eabi/4.9.3/../../../arm-none-eabi/lib/armv7-m/libm.a(lib_a-sf_fabs.o)
                              /usr/lib/gcc/arm-none-eabi/4.9.3/../../../arm-none-eabi/lib/armv7-m/libm.a(lib_a-ef_pow.o) (fabsf)
/usr/lib/gcc/arm-none-eabi/4.9.3/../../../arm-none-eabi/lib/armv7-m/libm.a(lib_a-sf_finite.o)
                              /usr/lib/gcc/arm-none-eabi/4.9.3/../../../arm-none-eabi/lib/armv7-m/libm.a(lib_a-wf_pow.o) (finitef)
/usr/lib/gcc/arm-none-eabi/4.9.3/../../../arm-none-eabi/lib/armv7-m/libm.a(lib_a-sf_fpclassify.o)
[...]
Memory Configuration

Name             Origin             Length             Attributes
FLASH            0x08000000         0x0001f000         xr
RAM              0x20000000         0x00005000         xrw
MEMORY_B1        0x60000000         0x00000000         xr
*default*        0x00000000         0xffffffff

Linker script and memory map

LOAD obj/main/NAZE/startup_stm32f10x_md_gcc.o
LOAD obj/main/NAZE/drivers/accgyro_adxl345.o
LOAD /tmp/cclQ5C5v.ltrans0.ltrans.o
LOAD /tmp/cclQ5C5v.ltrans1.ltrans.o
LOAD /tmp/cclQ5C5v.ltrans2.ltrans.o
LOAD /tmp/cclQ5C5v.ltrans3.ltrans.o
LOAD /tmp/cclQ5C5v.ltrans4.ltrans.o
LOAD /tmp/cclQ5C5v.ltrans5.ltrans.o
LOAD /tmp/cclQ5C5v.ltrans6.ltrans.o
LOAD /tmp/cclQ5C5v.ltrans7.ltrans.o
LOAD /tmp/cclQ5C5v.ltrans8.ltrans.o
LOAD /tmp/cclQ5C5v.ltrans9.ltrans.o
LOAD /tmp/cclQ5C5v.ltrans10.ltrans.o
LOAD /tmp/cclQ5C5v.ltrans11.ltrans.o
LOAD /tmp/cclQ5C5v.ltrans12.ltrans.o
LOAD /tmp/cclQ5C5v.ltrans13.ltrans.o
LOAD /tmp/cclQ5C5v.ltrans14.ltrans.o
LOAD /tmp/cclQ5C5v.ltrans15.ltrans.o
LOAD /tmp/cclQ5C5v.ltrans16.ltrans.o
LOAD /tmp/cclQ5C5v.ltrans17.ltrans.o
LOAD /tmp/cclQ5C5v.ltrans18.ltrans.o
LOAD /tmp/cclQ5C5v.ltrans19.ltrans.o
LOAD /tmp/cclQ5C5v.ltrans20.ltrans.o
LOAD /tmp/cclQ5C5v.ltrans21.ltrans.o
LOAD /tmp/cclQ5C5v.ltrans22.ltrans.o
LOAD /tmp/cclQ5C5v.ltrans23.ltrans.o
LOAD /tmp/cclQ5C5v.ltrans24.ltrans.o
LOAD /tmp/cclQ5C5v.ltrans25.ltrans.o
LOAD /tmp/cclQ5C5v.ltrans26.ltrans.o
LOAD /tmp/cclQ5C5v.ltrans27.ltrans.o
LOAD /tmp/cclQ5C5v.ltrans28.ltrans.o
LOAD obj/main/NAZE/drivers/accgyro_bma280.o
LOAD obj/main/NAZE/drivers/accgyro_l3g4200d.o
LOAD obj/main/NAZE/drivers/accgyro_mma845x.o
LOAD obj/main/NAZE/drivers/accgyro_mpu.o
LOAD obj/main/NAZE/drivers/accgyro_mpu3050.o
LOAD obj/main/NAZE/drivers/accgyro_mpu6050.o
LOAD obj/main/NAZE/drivers/accgyro_mpu6500.o
LOAD obj/main/NAZE/drivers/accgyro_spi_mpu6500.o
LOAD obj/main/NAZE/drivers/adc.o
LOAD obj/main/NAZE/drivers/adc_stm32f10x.o
LOAD obj/main/NAZE/drivers/barometer_bmp085.o
LOAD obj/main/NAZE/drivers/barometer_ms5611.o
LOAD obj/main/NAZE/drivers/barometer_bmp280.o
LOAD obj/main/NAZE/drivers/bus_spi.o
LOAD obj/main/NAZE/drivers/bus_i2c_stm32f10x.o
LOAD obj/main/NAZE/drivers/compass_hmc5883l.o
LOAD obj/main/NAZE/drivers/compass_qmc5883l.o
LOAD obj/main/NAZE/drivers/display_ug2864hsweg01.o
LOAD obj/main/NAZE/drivers/flash_m25p16.o
LOAD obj/main/NAZE/drivers/gpio_stm32f10x.o
LOAD obj/main/NAZE/drivers/inverter.o
LOAD obj/main/NAZE/drivers/light_led_stm32f10x.o
LOAD obj/main/NAZE/drivers/light_ws2811strip.o
LOAD obj/main/NAZE/drivers/light_ws2811strip_stm32f10x.o
LOAD obj/main/NAZE/drivers/sonar_hcsr04.o
LOAD obj/main/NAZE/drivers/pwm_mapping.o
LOAD obj/main/NAZE/drivers/pwm_output.o
LOAD obj/main/NAZE/drivers/pwm_rx.o
LOAD obj/main/NAZE/drivers/serial_softserial.o
LOAD obj/main/NAZE/drivers/serial_uart.o
LOAD obj/main/NAZE/drivers/serial_uart_stm32f10x.o
LOAD obj/main/NAZE/drivers/sound_beeper_stm32f10x.o
LOAD obj/main/NAZE/drivers/system_stm32f10x.o
LOAD obj/main/NAZE/drivers/timer.o
LOAD obj/main/NAZE/drivers/timer_stm32f10x.o
LOAD obj/main/NAZE/../controller/io/flashfs.o
LOAD obj/main/NAZE/hardware_revision.o
LOAD obj/main/NAZE/../controller/flight/gtune.o
LOAD obj/main/NAZE/../controller/flight/navigation.o
LOAD obj/main/NAZE/../controller/flight/gps_conversion.o
LOAD obj/main/NAZE/../controller/common/colorconversion.o
LOAD obj/main/NAZE/../controller/io/gps.o
LOAD obj/main/NAZE/../controller/io/ledstrip.o
LOAD obj/main/NAZE/../controller/io/display.o
LOAD obj/main/NAZE/../controller/telemetry/telemetry.o
LOAD obj/main/NAZE/../controller/telemetry/frsky.o
LOAD obj/main/NAZE/../controller/telemetry/hott.o
LOAD obj/main/NAZE/../controller/telemetry/smartport.o
LOAD obj/main/NAZE/../controller/telemetry/ltm.o
LOAD obj/main/NAZE/../controller/sensors/sonar.o
LOAD obj/main/NAZE/../controller/sensors/barometer.o
LOAD obj/main/NAZE/../controller/blackbox/blackbox.o
LOAD obj/main/NAZE/../controller/blackbox/blackbox_io.o
LOAD obj/main/NAZE/build_config.o
LOAD obj/main/NAZE/debug.o
LOAD obj/main/NAZE/../controller/version.o
LOAD obj/main/NAZE/../controller/config/config.o
LOAD obj/main/NAZE/../controller/config/runtime_config.o
LOAD obj/main/NAZE/../controller/common/maths.o
LOAD obj/main/NAZE/../controller/common/printf.o
LOAD obj/main/NAZE/../controller/common/typeconversion.o
LOAD obj/main/NAZE/../controller/common/encoding.o
LOAD obj/main/NAZE/../controller/common/filter.o
LOAD obj/main/NAZE/../controller/scheduler.o
LOAD obj/main/NAZE/../controller/scheduler_tasks.o
LOAD obj/main/NAZE/main.o
LOAD obj/main/NAZE/../controller/mw.o
LOAD obj/main/NAZE/../controller/flight/altitudehold.o
LOAD obj/main/NAZE/../controller/flight/failsafe.o
LOAD obj/main/NAZE/../controller/flight/pid.o
LOAD obj/main/NAZE/../controller/flight/imu.o
LOAD obj/main/NAZE/../controller/flight/mixer.o
LOAD obj/main/NAZE/drivers/bus_i2c_soft.o
LOAD obj/main/NAZE/drivers/serial.o
LOAD obj/main/NAZE/drivers/sound_beeper.o
LOAD obj/main/NAZE/drivers/system.o
LOAD obj/main/NAZE/drivers/dma.o
LOAD obj/main/NAZE/drivers/buf_writer.o
LOAD obj/main/NAZE/drivers/gyro_sync.o
LOAD obj/main/NAZE/../controller/io/beeper.o
LOAD obj/main/NAZE/../controller/io/rc_controls.o
LOAD obj/main/NAZE/../controller/io/rc_curves.o
LOAD obj/main/NAZE/../controller/io/serial.o
LOAD obj/main/NAZE/../controller/io/serial_1wire.o
LOAD obj/main/NAZE/../controller/io/serial_cli.o
LOAD obj/main/NAZE/../controller/io/serial_msp.o
LOAD obj/main/NAZE/../controller/io/statusindicator.o
LOAD obj/main/NAZE/../controller/rx/rx.o
LOAD obj/main/NAZE/../controller/rx/pwm.o
LOAD obj/main/NAZE/../controller/rx/msp.o
LOAD obj/main/NAZE/../controller/rx/sbus.o
LOAD obj/main/NAZE/../controller/rx/sumd.o
LOAD obj/main/NAZE/../controller/rx/sumh.o
LOAD obj/main/NAZE/../controller/rx/spektrum.o
LOAD obj/main/NAZE/../controller/rx/xbus.o
LOAD obj/main/NAZE/../controller/rx/ibus.o
LOAD obj/main/NAZE/../controller/sensors/acceleration.o
LOAD obj/main/NAZE/../controller/sensors/battery.o
LOAD obj/main/NAZE/../controller/sensors/boardalignment.o
LOAD obj/main/NAZE/../controller/sensors/compass.o
LOAD obj/main/NAZE/../controller/sensors/gyro.o
LOAD obj/main/NAZE/../controller/sensors/initialisation.o
LOAD obj/main/NAZE/../controller/pif_linker.o
LOAD obj/main/NAZE/core_cm3.o
LOAD obj/main/NAZE/system_stm32f10x.o
LOAD obj/main/NAZE/stm32f10x_dma.o
LOAD obj/main/NAZE/stm32f10x_dbgmcu.o
LOAD obj/main/NAZE/stm32f10x_dac.o
LOAD obj/main/NAZE/stm32f10x_rtc.o
LOAD obj/main/NAZE/stm32f10x_pwr.o
LOAD obj/main/NAZE/stm32f10x_i2c.o
LOAD obj/main/NAZE/stm32f10x_sdio.o
LOAD obj/main/NAZE/stm32f10x_rcc.o
LOAD obj/main/NAZE/stm32f10x_flash.o
LOAD obj/main/NAZE/stm32f10x_usart.o
LOAD obj/main/NAZE/stm32f10x_tim.o
LOAD obj/main/NAZE/stm32f10x_wwdg.o
LOAD obj/main/NAZE/misc.o
LOAD obj/main/NAZE/stm32f10x_iwdg.o
LOAD obj/main/NAZE/stm32f10x_adc.o
LOAD obj/main/NAZE/stm32f10x_spi.o
LOAD obj/main/NAZE/stm32f10x_bkp.o
LOAD obj/main/NAZE/stm32f10x_exti.o
LOAD obj/main/NAZE/stm32f10x_fsmc.o
LOAD obj/main/NAZE/stm32f10x_gpio.o
LOAD obj/main/NAZE/../../pif/source/communication/pif_i2c.o
LOAD obj/main/NAZE/../../pif/source/core/pif.o
LOAD obj/main/NAZE/../../pif/source/core/pif_obj_array.o
LOAD obj/main/NAZE/../../pif/source/core/pif_task.o
LOAD obj/main/NAZE/../../pif/source/core/pif_timer.o
LOAD obj/main/NAZE/../../pif/source/rc/pif_rc.o
LOAD obj/main/NAZE/../../pif/source/rc/pif_rc_ppm.o
LOAD obj/main/NAZE/../../pif/source/sensor/pif_imu_sensor.o
LOAD obj/main/NAZE/../../pif/source/sensor/pif_bmp280.o
LOAD obj/main/NAZE/../../pif/source/sensor/pif_hc_sr04.o
LOAD obj/main/NAZE/../../pif/source/sensor/pif_mpu6500.o
LOAD obj/main/NAZE/../../pif/source/sensor/pif_qmc5883.o
LOAD /usr/lib/gcc/arm-none-eabi/4.9.3/../../../arm-none-eabi/lib/armv7-m/libm.a
LOAD /usr/lib/gcc/arm-none-eabi/4.9.3/../../../arm-none-eabi/lib/armv7-m/libc_nano.a
LOAD /usr/lib/gcc/arm-none-eabi/4.9.3/../../../arm-none-eabi/lib/armv7-m/libnosys.a
START GROUP
LOAD /usr/lib/gcc/arm-none-eabi/4.9.3/armv7-m/libgcc.a
LOAD /usr/lib/gcc/arm-none-eabi/4.9.3/../../../arm-none-eabi/lib/armv7-m/libg_nano.a
LOAD /usr/lib/gcc/arm-none-eabi/4.9.3/../../../arm-none-eabi/lib/armv7-m/libc_nano.a
END GROUP
START GROUP
LOAD /usr/lib/gcc/arm-none-eabi/4.9.3/armv7-m/libgcc.a
LOAD /usr/lib/gcc/arm-none-eabi/4.9.3/../../../arm-none-eabi/lib/armv7-m/libc_nano.a
END GROUP
                0x20005000                _estack = (ORIGIN (RAM) + LENGTH (RAM))
                0x00000000                _Min_Heap_Size = 0x0
                0x00000400                _Min_Stack_Size = 0x400

.isr_vector     0x08000000      0x10c
                0x08000000                . = ALIGN (0x4)
                [!provide]                PROVIDE (isr_vector_table_base, .)
 *(.isr_vector)
 .isr_vector    0x08000000      0x10c obj/main/NAZE/startup_stm32f10x_md_gcc.o
                0x08000000                g_pfnVectors
                0x0800010c                . = ALIGN (0x4)

.text           0x08000110    0x1d5a0
                0x08000110                . = ALIGN (0x4)
 *(.text)
 .text          0x08000110     0x251c /tmp/cclQ5C5v.ltrans0.ltrans.o
                0x08000110                init
 .text          0x0800262c     0x22d0 /tmp/cclQ5C5v.ltrans1.ltrans.o
                0x0800262c                taskMainPidLoopChecker
 .text          0x080048fc     0x20f0 /tmp/cclQ5C5v.ltrans2.ltrans.o
                0x080048fc                taskHandleSerial
 .text          0x080069ec     0x172c /tmp/cclQ5C5v.ltrans3.ltrans.o
                0x080069ec                taskUpdateRxMain
 .text          0x08008118      0x8d0 /tmp/cclQ5C5v.ltrans4.ltrans.o
                0x08008368                mpuIsDataReady
                0x08008460                pifMpuGyroRead
                0x080084c8                pifMpuAccRead
                0x08008608                mpu6500GyroInit
                0x080087ec                mpu6500AccInit
                0x08008800                i2cRead
                0x08008880                mpuReadRegisterI2C.lto_priv.483
                0x08008894                i2cWriteBuffer
                0x08008914                mpuWriteRegisterI2C.lto_priv.484
                0x0800892e                I2C2_EV_IRQHandler
                0x08008932                I2C2_ER_IRQHandler
                0x08008934                I2C1_EV_IRQHandler
                0x08008938                I2C1_ER_IRQHandler
                0x0800893a                initSpi2
 .text          0x080089e8      0xcc0 /tmp/cclQ5C5v.ltrans5.ltrans.o
                0x080089e8                taskTelemetry
 .text          0x080096a8      0xed0 /tmp/cclQ5C5v.ltrans6.ltrans.o
                0x080097a2                _putc.lto_priv.503
                0x080097b0                setTaskEnabled
                0x08009800                applyBiQuadFilter
                0x08009866                BiQuadNewLpf
                0x08009938                fastA2F
                0x08009a64                ftoa
                0x08009b30                _i2a.lto_priv.224
                0x08009b58                tfp_format
                0x08009d2e                tfp_sprintf
                0x08009d58                applyDeadband
                0x08009d76                acosf
                0x08009df0                atan2f
                0x08009ef4                sinf
                0x08009fdc                cosf
                0x08009ff0                disableFlightMode
                0x0800a010                enableFlightMode
                0x0800a030                featureClear
                0x0800a040                handleOneshotFeatureChangeOnRestart
                0x0800a094                writeEEPROM
                0x0800a1e0                readEEPROM
                0x0800a564                saveConfigAndNotify
 .text          0x0800a578      0xcc8 /tmp/cclQ5C5v.ltrans7.ltrans.o
                0x0800a5ce                cliShowArgumentRangeError.lto_priv.255
                0x0800a5e8                cliAux.lto_priv.238
                0x0800a6d4                cliShowParseError.lto_priv.256
                0x0800a6e0                cliColor.lto_priv.239
                0x0800a7c0                cliLed.lto_priv.242
                0x0800a9d8                cliRxRange.lto_priv.246
                0x0800aab4                cliMotorMix.lto_priv.243
                0x0800acac                cliAdjustmentRange.lto_priv.237
                0x0800ae08                cliRxFail.lto_priv.247
                0x0800af40                cliPrompt.lto_priv.391
                0x0800af5c                waitForSerialPortToFinishTransmitting
                0x0800af72                serialRemovePort
                0x0800afa4                closeSerialPort
                0x0800afcc                openSerialPort
                0x0800b06c                serialFindPortConfiguration
                0x0800b094                cliSerial.lto_priv.249
                0x0800b1d8                doesConfigurationUsePort
                0x0800b1ee                determinePortSharing
                0x0800b202                findNextSerialPortConfig
                0x0800b234                findSerialPortConfig
 .text          0x0800b240      0xd7c /tmp/cclQ5C5v.ltrans8.ltrans.o
                0x0800b268                ibusReadRawRC.lto_priv.472
                0x0800b274                xBusReadRawRC.lto_priv.470
                0x0800b334                spektrumReadRawRC.lto_priv.220
                0x0800b360                sumhReadRawRC.lto_priv.463
                0x0800b378                sumdReadRawRC.lto_priv.461
                0x0800b38c                sbusReadRawRC.lto_priv.459
                0x0800b3bc                rxMspReadRawRC.lto_priv.474
                0x0800b3cc                ppmReadRawRC.lto_priv.476
                0x0800b3dc                pwmReadRawRC.lto_priv.475
                0x0800b3ec                nullReadRawRC.lto_priv.222
                0x0800b3f0                ibusDataReceive.lto_priv.473
                0x0800b43c                xBusDataReceive.lto_priv.471
                0x0800b518                spektrumDataReceive.lto_priv.221
                0x0800b568                sumhDataReceive.lto_priv.464
                0x0800b5b4                sumdDataReceive.lto_priv.462
                0x0800b660                sbusDataReceive.lto_priv.460
                0x0800b6b8                TIM_ICInit
                0x0800b8e0                FLASH_WaitForLastOperation
                0x0800b902                RCC_GetClocksFreq
                0x0800b994                DMA_StructInit
                0x0800b9ae                DMA_Init
                0x0800b9ea                DMA_DeInit
                0x0800badc                SystemInit
                0x0800bb28                alignSensors
                0x0800bca4                calculateBatteryCapacityRemainingPercentage
                0x0800bcec                batteryAdcToVoltage
                0x0800bd18                updateBatteryVoltage.lto_priv.353
                0x0800bd50                getRxfailValue.lto_priv.348
                0x0800bdb0                resumeRxSignal
                0x0800bdd8                suspendRxSignal
                0x0800be04                warningLedRefresh
                0x0800be4c                packFlightModeFlags.lto_priv.390
                0x0800bf7c                mspReleasePortIfAllocated
 .text          0x0800bfbc      0x634 /tmp/cclQ5C5v.ltrans9.ltrans.o
                0x0800bfbc                taskLedStrip
 .text          0x0800c5f0      0xa84 /tmp/cclQ5C5v.ltrans10.ltrans.o
                0x0800c738                blackboxWrite
                0x0800c8d0                blackboxAdvanceIterationTimers.lto_priv.410
                0x0800c90c                blackboxLogEvent
                0x0800c9bc                blackboxLogIteration.lto_priv.411
                0x0800cf18                sendFieldDefinition.lto_priv.412
 .text          0x0800d074      0xd7c /tmp/cclQ5C5v.ltrans11.ltrans.o
                0x0800d08c                gpsNewFrame
                0x0800d634                gpsSetState.lto_priv.311
                0x0800d650                GPS_distance_cm_bearing.isra.3.lto_priv.587
                0x0800d6d4                gpsNewData.part.2.lto_priv.258
 .text          0x0800ddf0      0xd0c /tmp/cclQ5C5v.ltrans12.ltrans.o
                0x0800ddf0                cliPlaySound.lto_priv.379
                0x0800de90                cliMotor.lto_priv.378
                0x0800df2c                cliServo.lto_priv.380
                0x0800e070                cliHelp.lto_priv.375
                0x0800e0b4                cliMixer.lto_priv.377
                0x0800e158                cliMap.lto_priv.376
                0x0800e1fc                cliGpsPassthrough.lto_priv.374
                0x0800e2b8                cliFeature.lto_priv.371
                0x0800e3b0                cliExit.lto_priv.370
                0x0800e430                cliDump.lto_priv.369
                0x0800e780                cliFlashErase.lto_priv.372
                0x0800e7ac                cliFlashInfo.lto_priv.373
                0x0800e7e4                cliServoMix.lto_priv.381
 .text          0x0800eafc      0xa30 /tmp/cclQ5C5v.ltrans13.ltrans.o
                0x0800eafc                _doTask.lto_priv.226
                0x0800ebc0                pifQmc5883_ReadMag
                0x0800ec1e                pifMpu6500_ReadAccel
                0x0800ec88                pifMpu6500_ReadGyro
                0x0800ecf2                _processingTask.part.1.lto_priv.434
                0x0800ee24                pifTask_SetTrigger
                0x0800ee40                pifTask_ChangePeriod
                0x0800ee68                pifObjArray_Remove
                0x0800eeaa                pifTaskManager_Remove
                0x0800ef18                pifObjArray_Add
                0x0800ef44                pifTaskManager_Add
                0x0800f148                pifObjArray_Clear
                0x0800f178                pif_Delay1us
                0x0800f198                _doTask.lto_priv.228
                0x0800f1cc                pifI2cDevice_WriteRegByte
                0x0800f264                _doTask.lto_priv.227
                0x0800f464                pifI2cDevice_ReadRegBit8
                0x0800f490                GPIO_Init
 .text          0x0800f52c      0xbbc /tmp/cclQ5C5v.ltrans14.ltrans.o
                0x0800f52c                dmaNoOpHandler
                0x0800f52e                micros
                0x0800f564                beepInverted.lto_priv.499
                0x0800f578                beepNormal.lto_priv.500
                0x0800f850                generateThrottleCurve
                0x0800f8e0                generatePitchRollCurve
                0x0800f914                isRangeActive.part.3.lto_priv.346
                0x0800f95c                isModeActivationConditionPresent
                0x0800f97e                calculateThrottleStatus
                0x0800f9b4                blackboxLogInflightAdjustmentEvent
                0x0800f9dc                bufWriterFlush
                0x0800f9f4                bufWriterAppend
                0x0800fa10                DMA1_Channel7_IRQHandler
                0x0800fa24                DMA1_Channel6_IRQHandler
                0x0800fa38                DMA1_Channel3_IRQHandler
                0x0800fa4c                DMA1_Channel2_IRQHandler
                0x0800fa60                delayMicroseconds
                0x0800fa76                delay
                0x0800fa8a                SysTick_Handler
                0x0800fc1c                EXTI15_10_IRQHandler
                0x0800fc3c                systemBeep
                0x0800fc48                beeperSilence
                0x0800fc78                beeper
                0x0800fcc4                beeperConfirmationBeeps
                0x0800fcf4                failureMode
                0x0800fd88                serialSetMode
                0x0800fd8e                isSerialTransmitBufferEmpty
                0x0800fd94                serialSetBaudRate
                0x0800fd9a                serialRead
                0x0800fda0                serialRxBytesWaiting
                0x0800fda6                serialWrite
                0x0800fdac                serialWriteBufShim
                0x0800fde8                writeMotors
                0x0800fe8c                stopMotors
                0x0800fed4                mixerResetDisarmedMotors
                0x0800ff0c                loadCustomServoMixer
                0x0800ff5c                determineServoMiddleOrForwardFromChannel
                0x0800ff90                imuComputeRotationMatrix.lto_priv.415
                0x080100c4                pidSetController
 .text          0x080100e8      0x880 /tmp/cclQ5C5v.ltrans15.ltrans.o
                0x080100e8                ws2811DMAHandler
                0x08010110                actI2cWrite.lto_priv.219
                0x08010120                qmc5883lRead
                0x0801018c                qmc5883lInit
                0x08010238                actI2cRead.lto_priv.218
                0x08010248                ECHO_EXTI_IRQHandler.lto_priv.598
                0x080102b8                ws2811UpdateStrip
                0x08010474                gpioExtiLineConfig
                0x0801049e                gpioInit
                0x08010502                m25p16_isReady
                0x0801054c                m25p16_waitForReady
                0x0801056c                m25p16_readBytes
                0x080105b8                i2c_OLED_send_byte.lto_priv.569
                0x080105d0                i2c_OLED_send_char
                0x08010604                i2c_OLED_send_string
                0x08010616                i2c_OLED_send_cmd.lto_priv.529
                0x0801062e                ug2864hsweg01InitI2C.part.0.lto_priv.528
                0x0801070c                i2c_OLED_set_line
                0x08010724                i2c_OLED_set_xy
                0x0801074e                i2cInit.lto_priv.223
 .text          0x08010968      0x718 /tmp/cclQ5C5v.ltrans16.ltrans.o
                0x080109f2                isSoftSerialTransmitBufferEmpty
                0x080109fe                softSerialSetMode
                0x08010a02                softSerialWriteByte
                0x08010a20                softSerialTxBytesFree
                0x08010a42                softSerialRxBytesWaiting
                0x08010a60                softSerialReadByte
                0x08010bbc                softSerialSetBaudRate
                0x08010bcc                onSerialRxPinChange
                0x08010c6a                usartIrqCallback
                0x08010cce                uartStartTxDMA
                0x08010d30                uartOpen
 .text          0x08011080      0x988 /tmp/cclQ5C5v.ltrans17.ltrans.o
                0x08011144                wrap_18000.lto_priv.414
                0x08011168                GPS_set_next_wp
                0x080111f4                gpsUsePIDs
                0x08011294                GPS_reset_home_position
                0x080112e8                calculate_Gtune
                0x080114a4                flashfsAdvanceTailInBuffer.lto_priv.545
                0x080114d4                flashfsGetDirtyDataBuffers.lto_priv.543
                0x0801150c                flashfsGetOffset
                0x0801152c                flashfsWriteBuffers.lto_priv.544
                0x08011680                flashfsFlushSync
                0x080116b8                flashfsFlushAsync
                0x080116fc                flashfsTransmitBufferUsed.lto_priv.413
                0x0801171c                flashfsEraseCompletely
                0x0801176c                TIM4_IRQHandler
                0x0801177c                TIM3_IRQHandler
                0x0801178c                TIM2_IRQHandler
                0x08011798                TIM1_UP_IRQHandler
                0x080117a8                TIM1_CC_IRQHandler
                0x080117b8                configTimeBase
                0x08011860                timerConfigure
                0x080118b4                lookupTimerIndex.lto_priv.285
                0x080118f0                timerChConfigCallbacks
                0x080119a8                USART3_IRQHandler
                0x080119b4                USART2_IRQHandler
                0x080119c0                USART1_IRQHandler
                0x080119cc                DMA1_Channel4_IRQHandler
 .text          0x08011a08      0x41c /tmp/cclQ5C5v.ltrans18.ltrans.o
                0x08011a08                mwArm
                0x08011da0                mwDisarm
                0x08011e08                HardFault_Handler
 .text          0x08011e24      0x974 /tmp/cclQ5C5v.ltrans19.ltrans.o
                0x08011e70                drawHorizonalPercentageBar
                0x08011ec2                updateDisplay
                0x080125f8                applyDirectionalModeColor
                0x080126d8                reevalulateLedConfig
 .text          0x08012798      0x800 /tmp/cclQ5C5v.ltrans20.ltrans.o
                0x080127b8                pwmOverflowCallback.lto_priv.494
                0x080127e0                ppmEdgeCallback.lto_priv.495
                0x080128e0                ppmOverflowCallback.lto_priv.496
                0x080128e2                _evtRcPpmReceive.lto_priv.497
                0x0801290c                pwmWriteStandard.lto_priv.491
                0x0801291c                pwmWriteBrushed.lto_priv.492
                0x08012940                _evtHcSr04Distance.lto_priv.454
                0x0801294c                _actHcSr04Trigger.lto_priv.453
                0x08012964                applyChangedBits
                0x0801298e                serialICConfig.lto_priv.591
                0x08012ac2                openSoftSerial
                0x08012c2c                pwmICConfig
                0x08012c68                pwmEdgeCallback.lto_priv.493
                0x08012cc0                pwmWriteServo
                0x08012cd8                pwmOutConfig.lto_priv.530
                0x08012f8c                EXTI9_5_IRQHandler
                0x08012f90                EXTI1_IRQHandler
                0x08012f94                EXTI0_IRQHandler
 .text          0x08012f98      0x7e0 /tmp/cclQ5C5v.ltrans21.ltrans.o
                0x08012f98                NVIC_Init.part.0.constprop.217
                0x08012fd4                EXTI_Init.part.0.constprop.212
                0x08013028                _alignSensors.constprop.207
                0x08013160                pifI2cPort_AddDevice.constprop.199
                0x08013180                pifI2cDevice_Read.constprop.198
                0x08013220                spiTransferByte.constprop.161
                0x08013240                spiTransfer.constprop.160
                0x08013280                pifObjArray_Init.part.0.constprop.157
                0x080132d8                initI2cDevice.constprop.153
                0x08013338                GPS_coord_to_degrees.constprop.113
                0x080133f8                grab_fields.constprop.112
                0x08013444                drawRxChannel.constprop.108
                0x08013490                blackboxWriteSigned16VBArray.constprop.81
                0x080134b0                blackboxWriteSignedVBArray.constprop.80
                0x080134ca                mspAllocateSerialPorts.constprop.78
                0x08013544                resetSerialConfig.constprop.74
                0x080135a0                parseRcChannels.constprop.64
                0x080135dc                itoa.constprop.59
                0x080135fe                spektrumInit.constprop.46
                0x08013680                findNextSharedSerialPort.constprop.20
                0x080136e4                setAdjustment.constprop.18
                0x08013770                headSerialError.constprop.12
 .text          0x08013778      0x890 /tmp/cclQ5C5v.ltrans22.ltrans.o
                0x08013778                taskUpdateDisplay
                0x08013790                taskCalculateAltitude
                0x08013c14                taskUpdateCompass
                0x08013d60                taskProcessGPS
 .text          0x08014008      0x884 /tmp/cclQ5C5v.ltrans23.ltrans.o
                0x0801400e                activateControlRateConfig
                0x08014054                isEEPROMContentValid.lto_priv.531
                0x08014098                resetConf.lto_priv.234
                0x0801454c                blackboxDeviceReserveBufferSpace
                0x080145ac                isBlackboxDeviceFull
                0x080145d8                blackboxDeviceFlushForce
                0x080145fc                blackboxWriteTag2_3S32
                0x0801471c                blackboxWriteUnsignedVB
                0x0801473c                blackboxWriteSignedVB
                0x08014744                blackboxPrint
                0x08014818                blackboxPrintfHeaderLine
                0x08014868                blackboxPrintf
 .text          0x0801488c      0x710 /tmp/cclQ5C5v.ltrans24.ltrans.o
                0x08014890                read8.lto_priv.385
                0x080148a4                read16.lto_priv.386
                0x080148b8                read32.lto_priv.387
                0x080148ca                serialize8.lto_priv.384
                0x080148e8                tailSerialReply.lto_priv.382
                0x08014908                headSerialResponse.lto_priv.225
                0x08014950                headSerialReply.lto_priv.383
                0x08014956                serialize16.lto_priv.388
                0x08014968                serialize32.lto_priv.389
                0x0801497a                cliWrite.lto_priv.260
                0x08014988                cliPrintf.lto_priv.254
                0x080149b0                cliVersion.lto_priv.253
                0x080149e4                cliTasks.lto_priv.252
                0x08014a34                cliPrintVar.lto_priv.261
                0x08014b20                cliRateProfile.lto_priv.245
                0x08014b64                cliProfile.lto_priv.244
                0x08014ba0                cliPrint.lto_priv.257
                0x08014bbc                cliStatus.lto_priv.251
                0x08014cd4                cliGet.lto_priv.241
                0x08014d2c                cliSet.lto_priv.250
                0x08014f30                cliReboot.lto_priv.259
                0x08014f68                cliDefaults.lto_priv.240
                0x08014f84                cliSave.lto_priv.248
 .text          0x08014f9c      0x61c /tmp/cclQ5C5v.ltrans25.ltrans.o
                0x08014f9c                evtBaroRead.lto_priv.504
                0x0801515c                sonarRead
                0x080151ec                ltm_finalise.lto_priv.301
                0x08015204                ltm_serialise_8.lto_priv.302
                0x08015228                ltm_serialise_32.lto_priv.303
                0x0801524a                ltm_serialise_16.lto_priv.305
                0x0801525c                ltm_initialise_packet.lto_priv.304
                0x08015290                smartPortSendPackage.lto_priv.300
                0x080152f8                workAroundForHottTelemetryOnUsart.isra.0.lto_priv.299
                0x08015324                flushHottRxBuffer.lto_priv.298
                0x08015340                serialize16.lto_priv.295
                0x08015354                sendTelemetryTail.lto_priv.294
                0x08015364                sendDataHead.lto_priv.296
                0x08015388                sendLatLong.lto_priv.297
                0x08015400                telemetryCheckState
 .text          0x080155b8      0x940 /tmp/cclQ5C5v.ltrans26.ltrans.o
                0x080155b8                filterIsSetCheck
                0x080155f8                scaleItermToRcInput
                0x080156cc                pidMultiWii23.lto_priv.270
                0x08015a74                pidLuxFloat.lto_priv.269
                0x08015ea0                pidResetErrorAngle
                0x08015eb8                failsafeActivate.lto_priv.347
 .text          0x08015ef8      0x338 /tmp/cclQ5C5v.ltrans27.ltrans.o
                0x08015ef8                taskUpdateBattery
                0x08016100                taskUpdateBeeper
 .text          0x08016230      0x200 /tmp/cclQ5C5v.ltrans28.ltrans.o
                0x08016230                taskUpdateAccelerometer
 .text          0x08016430      0x370 /usr/lib/gcc/arm-none-eabi/4.9.3/armv7-m/libgcc.a(_arm_addsubdf3.o)
                0x08016430                __aeabi_drsub
                0x08016438                __aeabi_dsub
                0x08016438                __subdf3
                0x0801643c                __adddf3
                0x0801643c                __aeabi_dadd
                0x080166b4                __aeabi_ui2d
                0x080166b4                __floatunsidf
                0x080166d4                __floatsidf
                0x080166d4                __aeabi_i2d
                0x080166f8                __extendsfdf2
                0x080166f8                __aeabi_f2d
                0x08016734                __aeabi_ul2d
                0x08016734                __floatundidf
                0x08016744                __floatdidf
                0x08016744                __aeabi_l2d
 .text          0x080167a0      0x424 /usr/lib/gcc/arm-none-eabi/4.9.3/armv7-m/libgcc.a(_arm_muldivdf3.o)
                0x080167a0                __aeabi_dmul
                0x080167a0                __muldf3
                0x080169f4                __aeabi_ddiv
                0x080169f4                __divdf3
 .text          0x08016bc4      0x110 /usr/lib/gcc/arm-none-eabi/4.9.3/armv7-m/libgcc.a(_arm_cmpdf2.o)
                0x08016bc4                __gtdf2
                0x08016bc4                __gedf2
                0x08016bcc                __ltdf2
                0x08016bcc                __ledf2
                0x08016bd4                __cmpdf2
                0x08016bd4                __eqdf2
                0x08016bd4                __nedf2
                0x08016c50                __aeabi_cdrcmple
                0x08016c60                __aeabi_cdcmple
                0x08016c60                __aeabi_cdcmpeq
                0x08016c70                __aeabi_dcmpeq
                0x08016c84                __aeabi_dcmplt
                0x08016c98                __aeabi_dcmple
                0x08016cac                __aeabi_dcmpge
                0x08016cc0                __aeabi_dcmpgt
 .text          0x08016cd4       0xa0 /usr/lib/gcc/arm-none-eabi/4.9.3/armv7-m/libgcc.a(_arm_truncdfsf2.o)
                0x08016cd4                __aeabi_d2f
                0x08016cd4                __truncdfsf2
 .text          0x08016d74      0x21c /usr/lib/gcc/arm-none-eabi/4.9.3/armv7-m/libgcc.a(_arm_addsubsf3.o)
                0x08016d74                __aeabi_frsub
                0x08016d7c                __subsf3
                0x08016d7c                __aeabi_fsub
                0x08016d80                __aeabi_fadd
                0x08016d80                __addsf3
                0x08016ee0                __aeabi_ui2f
                0x08016ee0                __floatunsisf
                0x08016ee8                __aeabi_i2f
                0x08016ee8                __floatsisf
                0x08016f04                __floatundisf
                0x08016f04                __aeabi_ul2f
                0x08016f14                __floatdisf
                0x08016f14                __aeabi_l2f
 .text          0x08016f90      0x2a0 /usr/lib/gcc/arm-none-eabi/4.9.3/armv7-m/libgcc.a(_arm_muldivsf3.o)
                0x08016f90                __mulsf3
                0x08016f90                __aeabi_fmul
                0x080170f8                __divsf3
                0x080170f8                __aeabi_fdiv
 .text          0x08017230       0xec /usr/lib/gcc/arm-none-eabi/4.9.3/armv7-m/libgcc.a(_arm_cmpsf2.o)
                0x08017230                __gtsf2
                0x08017230                __gesf2
                0x08017238                __lesf2
                0x08017238                __ltsf2
                0x08017240                __nesf2
                0x08017240                __eqsf2
                0x08017240                __cmpsf2
                0x080172a0                __aeabi_cfrcmple
                0x080172a8                __aeabi_cfcmple
                0x080172a8                __aeabi_cfcmpeq
                0x080172b8                __aeabi_fcmpeq
                0x080172cc                __aeabi_fcmplt
                0x080172e0                __aeabi_fcmple
                0x080172f4                __aeabi_fcmpge
                0x08017308                __aeabi_fcmpgt
 .text          0x0801731c       0x4c /usr/lib/gcc/arm-none-eabi/4.9.3/armv7-m/libgcc.a(_arm_fixsfsi.o)
                0x0801731c                __fixsfsi
                0x0801731c                __aeabi_f2iz
 .text          0x08017368       0x40 /usr/lib/gcc/arm-none-eabi/4.9.3/armv7-m/libgcc.a(_arm_fixunssfsi.o)
                0x08017368                __aeabi_f2uiz
                0x08017368                __fixunssfsi
 .text          0x080173a8       0x38 /usr/lib/gcc/arm-none-eabi/4.9.3/armv7-m/libgcc.a(_aeabi_ldivmod.o)
                0x080173a8                __aeabi_ldivmod
 .text          0x080173e0       0x60 /usr/lib/gcc/arm-none-eabi/4.9.3/armv7-m/libgcc.a(bpabi.o)
                0x080173e0                __gnu_ldivmod_helper
                0x08017410                __gnu_uldivmod_helper
 .text          0x08017440        0x4 /usr/lib/gcc/arm-none-eabi/4.9.3/armv7-m/libgcc.a(_dvmd_tls.o)
                0x08017440                __aeabi_ldiv0
                0x08017440                __aeabi_idiv0
 .text          0x08017444      0x2ac /usr/lib/gcc/arm-none-eabi/4.9.3/armv7-m/libgcc.a(_divdi3.o)
                0x08017444                __divdi3
 .text          0x080176f0      0x270 /usr/lib/gcc/arm-none-eabi/4.9.3/armv7-m/libgcc.a(_udivdi3.o)
                0x080176f0                __udivdi3
 *(.text*)
 .text.Reset_Handler
                0x08017960       0x9c obj/main/NAZE/startup_stm32f10x_md_gcc.o
                0x08017960                Reset_Handler
 .text.Default_Handler
                0x080179fc        0x2 obj/main/NAZE/startup_stm32f10x_md_gcc.o
                0x080179fc                EXTI2_IRQHandler
                0x080179fc                DebugMon_Handler
                0x080179fc                PVD_IRQHandler
                0x080179fc                PendSV_Handler
                0x080179fc                NMI_Handler
                0x080179fc                EXTI3_IRQHandler
                0x080179fc                UsageFault_Handler
                0x080179fc                ADC1_2_IRQHandler
                0x080179fc                SPI1_IRQHandler
                0x080179fc                TAMPER_IRQHandler
                0x080179fc                RTC_IRQHandler
                0x080179fc                CAN1_RX1_IRQHandler
                0x080179fc                RCC_IRQHandler
                0x080179fc                TIM1_TRG_COM_IRQHandler
                0x080179fc                DMA1_Channel1_IRQHandler
                0x080179fc                Default_Handler
                0x080179fc                SPI2_IRQHandler
                0x080179fc                MemManage_Handler
                0x080179fc                SVC_Handler
                0x080179fc                DMA1_Channel5_IRQHandler
                0x080179fc                EXTI4_IRQHandler
                0x080179fc                USB_LP_CAN1_RX0_IRQHandler
                0x080179fc                USB_HP_CAN1_TX_IRQHandler
                0x080179fc                WWDG_IRQHandler
                0x080179fc                TIM1_BRK_IRQHandler
                0x080179fc                RTCAlarm_IRQHandler
                0x080179fc                CAN1_SCE_IRQHandler
                0x080179fc                FLASH_IRQHandler
                0x080179fc                BusFault_Handler
                0x080179fc                USBWakeUp_IRQHandler
 *fill*         0x080179fe        0x2 
 .text.startup  0x08017a00      0x320 /tmp/cclQ5C5v.ltrans18.ltrans.o
                0x08017a00                main
 .text.unlikely
                0x08017d20       0x28 /tmp/cclQ5C5v.ltrans21.ltrans.o
                0x08017d20                rescheduleTask.part.0.constprop.58
 .text.atoi     0x08017d48        0x8 /usr/lib/gcc/arm-none-eabi/4.9.3/../../../arm-none-eabi/lib/armv7-m/libc_nano.a(lib_a-atoi.o)
                0x08017d48                atoi
 .text.strtok   0x08017d50       0x64 /usr/lib/gcc/arm-none-eabi/4.9.3/../../../arm-none-eabi/lib/armv7-m/libc_nano.a(lib_a-strtok.o)
                0x08017d50                strtok
 .text.__strtok_r
                0x08017db4       0x56 /usr/lib/gcc/arm-none-eabi/4.9.3/../../../arm-none-eabi/lib/armv7-m/libc_nano.a(lib_a-strtok_r.o)
                0x08017db4                __strtok_r
 .text.strtok_r
                0x08017e0a        0x6 /usr/lib/gcc/arm-none-eabi/4.9.3/../../../arm-none-eabi/lib/armv7-m/libc_nano.a(lib_a-strtok_r.o)
                0x08017e0a                strtok_r
 .text._strtol_r
                0x08017e10      0x10c /usr/lib/gcc/arm-none-eabi/4.9.3/../../../arm-none-eabi/lib/armv7-m/libc_nano.a(lib_a-strtol.o)
                0x08017e10                _strtol_r
 .text.strtol   0x08017f1c       0x1c /usr/lib/gcc/arm-none-eabi/4.9.3/../../../arm-none-eabi/lib/armv7-m/libc_nano.a(lib_a-strtol.o)
                0x08017f1c                strtol
 .text.malloc   0x08017f38       0x10 /usr/lib/gcc/arm-none-eabi/4.9.3/../../../arm-none-eabi/lib/armv7-m/libc_nano.a(lib_a-malloc.o)
                0x08017f38                malloc
 .text.free     0x08017f48       0x10 /usr/lib/gcc/arm-none-eabi/4.9.3/../../../arm-none-eabi/lib/armv7-m/libc_nano.a(lib_a-malloc.o)
                0x08017f48                free
 .text._free_r  0x08017f58       0x88 /usr/lib/gcc/arm-none-eabi/4.9.3/../../../arm-none-eabi/lib/armv7-m/libc_nano.a(lib_a-nano-freer.o)
                0x08017f58                _free_r
 .text._malloc_r
                0x08017fe0       0xac /usr/lib/gcc/arm-none-eabi/4.9.3/../../../arm-none-eabi/lib/armv7-m/libc_nano.a(lib_a-nano-mallocr.o)
                0x08017fe0                _malloc_r
 .text._sbrk_r  0x0801808c       0x20 /usr/lib/gcc/arm-none-eabi/4.9.3/../../../arm-none-eabi/lib/armv7-m/libc_nano.a(lib_a-sbrkr.o)
                0x0801808c                _sbrk_r
 .text._sbrk    0x080180ac       0x1c /usr/lib/gcc/arm-none-eabi/4.9.3/../../../arm-none-eabi/lib/armv7-m/libnosys.a(sbrk.o)
                0x080180ac                _sbrk
 .text.lrintf   0x080180c8       0x78 /usr/lib/gcc/arm-none-eabi/4.9.3/../../../arm-none-eabi/lib/armv7-m/libm.a(lib_a-sf_lrint.o)
                0x080180c8                lrintf
 .text.powf     0x08018140      0x314 /usr/lib/gcc/arm-none-eabi/4.9.3/../../../arm-none-eabi/lib/armv7-m/libm.a(lib_a-wf_pow.o)
                0x08018140                powf
 .text.sqrtf    0x08018454       0x9c /usr/lib/gcc/arm-none-eabi/4.9.3/../../../arm-none-eabi/lib/armv7-m/libm.a(lib_a-wf_sqrt.o)
                0x08018454                sqrtf
 .text.__ieee754_powf
                0x080184f0      0x6ec /usr/lib/gcc/arm-none-eabi/4.9.3/../../../arm-none-eabi/lib/armv7-m/libm.a(lib_a-ef_pow.o)
                0x080184f0                __ieee754_powf
 .text.__ieee754_sqrtf
                0x08018bdc       0xa8 /usr/lib/gcc/arm-none-eabi/4.9.3/../../../arm-none-eabi/lib/armv7-m/libm.a(lib_a-ef_sqrt.o)
                0x08018bdc                __ieee754_sqrtf
 .text.matherr  0x08018c84        0x4 /usr/lib/gcc/arm-none-eabi/4.9.3/../../../arm-none-eabi/lib/armv7-m/libm.a(lib_a-s_matherr.o)
                0x08018c84                matherr
 .text.rint     0x08018c88      0x11c /usr/lib/gcc/arm-none-eabi/4.9.3/../../../arm-none-eabi/lib/armv7-m/libm.a(lib_a-s_rint.o)
                0x08018c88                rint
 .text.fabsf    0x08018da4        0x8 /usr/lib/gcc/arm-none-eabi/4.9.3/../../../arm-none-eabi/lib/armv7-m/libm.a(lib_a-sf_fabs.o)
                0x08018da4                fabsf
 .text.finitef  0x08018dac       0x10 /usr/lib/gcc/arm-none-eabi/4.9.3/../../../arm-none-eabi/lib/armv7-m/libm.a(lib_a-sf_finite.o)
                0x08018dac                finitef
 .text.__fpclassifyf
                0x08018dbc       0x34 /usr/lib/gcc/arm-none-eabi/4.9.3/../../../arm-none-eabi/lib/armv7-m/libm.a(lib_a-sf_fpclassify.o)
                0x08018dbc                __fpclassifyf
 .text.nanf     0x08018df0        0x8 /usr/lib/gcc/arm-none-eabi/4.9.3/../../../arm-none-eabi/lib/armv7-m/libm.a(lib_a-sf_nan.o)
                0x08018df0                nanf
 .text.scalbnf  0x08018df8       0xb0 /usr/lib/gcc/arm-none-eabi/4.9.3/../../../arm-none-eabi/lib/armv7-m/libm.a(lib_a-sf_scalbn.o)
                0x08018df8                scalbnf
 .text.copysignf
                0x08018ea8        0xc /usr/lib/gcc/arm-none-eabi/4.9.3/../../../arm-none-eabi/lib/armv7-m/libm.a(lib_a-sf_copysign.o)
                0x08018ea8                copysignf
 .text.calloc   0x08018eb4       0x14 /usr/lib/gcc/arm-none-eabi/4.9.3/../../../arm-none-eabi/lib/armv7-m/libc_nano.a(lib_a-calloc.o)
                0x08018eb4                calloc
 .text.__errno  0x08018ec8        0xc /usr/lib/gcc/arm-none-eabi/4.9.3/../../../arm-none-eabi/lib/armv7-m/libc_nano.a(lib_a-errno.o)
                0x08018ec8                __errno
 .text.memcmp   0x08018ed4       0x20 /usr/lib/gcc/arm-none-eabi/4.9.3/../../../arm-none-eabi/lib/armv7-m/libc_nano.a(lib_a-memcmp.o)
                0x08018ed4                memcmp
 .text.memcpy   0x08018ef4       0x16 /usr/lib/gcc/arm-none-eabi/4.9.3/../../../arm-none-eabi/lib/armv7-m/libc_nano.a(lib_a-memcpy.o)
                0x08018ef4                memcpy
 .text.memset   0x08018f0a       0x10 /usr/lib/gcc/arm-none-eabi/4.9.3/../../../arm-none-eabi/lib/armv7-m/libc_nano.a(lib_a-memset.o)
                0x08018f0a                memset
 .text._calloc_r
                0x08018f1a       0x1c /usr/lib/gcc/arm-none-eabi/4.9.3/../../../arm-none-eabi/lib/armv7-m/libc_nano.a(lib_a-nano-callocr.o)
                0x08018f1a                _calloc_r
 *fill*         0x08018f36        0x2 
 .text.strcasecmp
                0x08018f38       0x3c /usr/lib/gcc/arm-none-eabi/4.9.3/../../../arm-none-eabi/lib/armv7-m/libc_nano.a(lib_a-strcasecmp.o)
                0x08018f38                strcasecmp
 .text.strcat   0x08018f74       0x1e /usr/lib/gcc/arm-none-eabi/4.9.3/../../../arm-none-eabi/lib/armv7-m/libc_nano.a(lib_a-strcat.o)
                0x08018f74                strcat
 .text.strchr   0x08018f92       0x1c /usr/lib/gcc/arm-none-eabi/4.9.3/../../../arm-none-eabi/lib/armv7-m/libc_nano.a(lib_a-strchr.o)
                0x08018f92                strchr
 .text.strlen   0x08018fae       0x10 /usr/lib/gcc/arm-none-eabi/4.9.3/../../../arm-none-eabi/lib/armv7-m/libc_nano.a(lib_a-strlen.o)
                0x08018fae                strlen
 *fill*         0x08018fbe        0x2 
 .text.strncasecmp
                0x08018fc0       0x44 /usr/lib/gcc/arm-none-eabi/4.9.3/../../../arm-none-eabi/lib/armv7-m/libc_nano.a(lib_a-strncasecmp.o)
                0x08018fc0                strncasecmp
 .text.strncpy  0x08019004       0x24 /usr/lib/gcc/arm-none-eabi/4.9.3/../../../arm-none-eabi/lib/armv7-m/libc_nano.a(lib_a-strncpy.o)
                0x08019004                strncpy
 .text.strstr   0x08019028       0x30 /usr/lib/gcc/arm-none-eabi/4.9.3/../../../arm-none-eabi/lib/armv7-m/libc_nano.a(lib_a-strstr.o)
                0x08019028                strstr
 *(.rodata)
 .rodata        0x08019058      0x10c /tmp/cclQ5C5v.ltrans0.ltrans.o
                0x080190f0                hsv_white
 .rodata        0x08019164      0x2b4 /tmp/cclQ5C5v.ltrans1.ltrans.o
 .rodata        0x08019418      0x18c /tmp/cclQ5C5v.ltrans2.ltrans.o
 .rodata        0x080195a4        0x8 /tmp/cclQ5C5v.ltrans5.ltrans.o
 .rodata        0x080195ac      0x4f0 /tmp/cclQ5C5v.ltrans7.ltrans.o
                0x080195dc                mixerAtail4.lto_priv.520
                0x0801961c                mixerDualcopter.lto_priv.519
                0x0801963c                mixerHex6H.lto_priv.518
                0x0801969c                mixerVtail4.lto_priv.517
                0x080196dc                mixerOctoFlatX.lto_priv.516
                0x0801975c                mixerOctoFlatP.lto_priv.515
                0x080197dc                mixerOctoX8.lto_priv.514
                0x0801985c                mixerHex6X.lto_priv.513
                0x080198bc                mixerY4.lto_priv.512
                0x080198fc                mixerSingleProp.lto_priv.511
                0x0801990c                mixerHex6P.lto_priv.510
                0x0801996c                mixerY6.lto_priv.509
                0x080199cc                mixerBicopter.lto_priv.508
                0x080199ec                mixerQuadX.lto_priv.507
                0x08019a2c                mixerQuadP.lto_priv.506
                0x08019a6c                mixerTricopter.lto_priv.505
 .rodata        0x08019a9c       0x14 /tmp/cclQ5C5v.ltrans8.ltrans.o
 .rodata        0x08019ab0       0x38 /tmp/cclQ5C5v.ltrans9.ltrans.o
                0x08019ab0                hsv_green
                0x08019ab4                hsv_red
                0x08019ab8                hsv_yellow
                0x08019abc                hsv_blue
                0x08019ae4                hsv_orange
 .rodata        0x08019ae8       0x18 /tmp/cclQ5C5v.ltrans10.ltrans.o
 .rodata        0x08019b00      0x54c /tmp/cclQ5C5v.ltrans12.ltrans.o
                0x08019b00                beeperTable.lto_priv.267
                0x08019bc0                cmdTable
                0x08019da0                mixerNames.lto_priv.262
                0x08019e64                servoMixers
                0x08019f34                servoMixerSingle.lto_priv.527
                0x08019f6c                servoMixerDual.lto_priv.526
                0x08019f7a                servoMixerAirplane.lto_priv.525
                0x08019f9d                servoMixerFlyingWing.lto_priv.524
                0x08019fc0                servoMixerGimbal.lto_priv.523
                0x08019fce                servoMixerBI.lto_priv.522
                0x08019fea                servoMixerTri.lto_priv.521
                0x08019ff1                beep_armedBeep.lto_priv.284
                0x08019ff6                beep_disarmRepeatBeep.lto_priv.283
                0x08019ffa                beep_readyBeep.lto_priv.282
                0x0801a009                beep_2longerBeeps.lto_priv.281
                0x0801a00e                beep_2shortBeeps.lto_priv.280
                0x0801a013                beep_shortBeep.lto_priv.279
                0x0801a016                beep_lowBatteryBeep.lto_priv.278
                0x0801a019                beep_critBatteryBeep.lto_priv.277
                0x0801a01c                beep_armedGpsFix.lto_priv.276
                0x0801a025                beep_armingBeep.lto_priv.275
                0x0801a02a                beep_disarmBeep.lto_priv.274
                0x0801a02f                beep_txLostBeep.lto_priv.273
                0x0801a032                beep_sos.lto_priv.272
                0x0801a045                beep_gyroCalibrated.lto_priv.271
 .rodata        0x0801a04c        0xc /tmp/cclQ5C5v.ltrans14.ltrans.o
 .rodata        0x0801a058      0x2cc /tmp/cclQ5C5v.ltrans15.ltrans.o
 .rodata        0x0801a324       0x28 /tmp/cclQ5C5v.ltrans16.ltrans.o
 .rodata        0x0801a34c       0x22 /tmp/cclQ5C5v.ltrans19.ltrans.o
 *fill*         0x0801a36e        0x2 
 .rodata        0x0801a370       0x28 /tmp/cclQ5C5v.ltrans20.ltrans.o
 .rodata        0x0801a398       0x20 /tmp/cclQ5C5v.ltrans21.ltrans.o
                0x0801a398                baudRates
 .rodata        0x0801a3b8      0x144 /tmp/cclQ5C5v.ltrans22.ltrans.o
                0x0801a3b8                gpsInitData.lto_priv.456
 .rodata        0x0801a4fc       0xc4 /tmp/cclQ5C5v.ltrans23.ltrans.o
 .rodata        0x0801a5c0      0xff4 /tmp/cclQ5C5v.ltrans24.ltrans.o
                0x0801a708                valueTable
                0x0801b5a8                shortGitRevision
                0x0801b5ac                buildTime
                0x0801b5b0                buildDate
 *(.rodata*)
 .rodata.timerHardware
                0x0801b5b4       0xe0 /tmp/cclQ5C5v.ltrans0.ltrans.o
                0x0801b5b4                timerHardware
 .rodata.str1.1
                0x0801b694        0xf /tmp/cclQ5C5v.ltrans0.ltrans.o
 .rodata.str1.1
                0x0801b6a3      0x215 /tmp/cclQ5C5v.ltrans1.ltrans.o
                                0x226 (size before relaxing)
 .rodata.str1.1
                0x0801b8b8      0x154 /tmp/cclQ5C5v.ltrans2.ltrans.o
                                0x174 (size before relaxing)
 .rodata.frSkyDataIdTable
                0x0801ba0c       0x20 /tmp/cclQ5C5v.ltrans5.ltrans.o
 .rodata.str1.1
                0x0801ba2c       0x27 /tmp/cclQ5C5v.ltrans6.ltrans.o
 *fill*         0x0801ba53        0x1 
 .rodata.mixers
                0x0801ba54       0xd0 /tmp/cclQ5C5v.ltrans7.ltrans.o
                0x0801ba54                mixers
 .rodata.str1.1
                0x0801bb24      0x13a /tmp/cclQ5C5v.ltrans7.ltrans.o
                                0x148 (size before relaxing)
 .rodata.hsv_black
                0x0801bc5e        0x4 /tmp/cclQ5C5v.ltrans9.ltrans.o
                0x0801bc5e                hsv_black
 .rodata.str1.1
                0x0801bc62       0x3e /tmp/cclQ5C5v.ltrans10.ltrans.o
                                 0x41 (size before relaxing)
 .rodata.str1.1
                0x0801bca0      0x919 /tmp/cclQ5C5v.ltrans12.ltrans.o
                                0x9c4 (size before relaxing)
 .rodata.str1.1
                0x0801c5b9        0x6 /tmp/cclQ5C5v.ltrans18.ltrans.o
 .rodata.cyclePageIds
                0x0801c5bf        0x5 /tmp/cclQ5C5v.ltrans19.ltrans.o
 .rodata.str1.1
                0x0801c5c4      0x14a /tmp/cclQ5C5v.ltrans19.ltrans.o
                                0x160 (size before relaxing)
 .rodata.serialPortIdentifiers
                0x0801c70e        0x5 /tmp/cclQ5C5v.ltrans21.ltrans.o
                0x0801c70e                serialPortIdentifiers
 .rodata.rcChannelLetters
                0x0801c713       0x15 /tmp/cclQ5C5v.ltrans21.ltrans.o
                0x0801c713                rcChannelLetters
 .rodata.str1.1
                0x0801c728       0x30 /tmp/cclQ5C5v.ltrans21.ltrans.o
                                 0x58 (size before relaxing)
 .rodata.str1.1
                0x0801c758       0xfb /tmp/cclQ5C5v.ltrans22.ltrans.o
                                 0xfc (size before relaxing)
 .rodata.str1.1
                0x0801c853        0x9 /tmp/cclQ5C5v.ltrans23.ltrans.o
 .rodata.str1.1
                0x0801c85c      0xd11 /tmp/cclQ5C5v.ltrans24.ltrans.o
                                0xdc0 (size before relaxing)
 .rodata._ctype_
                0x0801d56d      0x101 /usr/lib/gcc/arm-none-eabi/4.9.3/../../../arm-none-eabi/lib/armv7-m/libc_nano.a(lib_a-ctype_.o)
                0x0801d56d                _ctype_
 .rodata.str1.1
                0x0801d66e        0x0 /usr/lib/gcc/arm-none-eabi/4.9.3/../../../arm-none-eabi/lib/armv7-m/libc_nano.a(lib_a-impure.o)
                                  0x2 (size before relaxing)
 *fill*         0x0801d66e        0x2 
 .rodata.TWO23  0x0801d670        0x8 /usr/lib/gcc/arm-none-eabi/4.9.3/../../../arm-none-eabi/lib/armv7-m/libm.a(lib_a-sf_lrint.o)
 .rodata.str1.4
                0x0801d678        0x5 /usr/lib/gcc/arm-none-eabi/4.9.3/../../../arm-none-eabi/lib/armv7-m/libm.a(lib_a-wf_pow.o)
                                  0x8 (size before relaxing)
 *fill*         0x0801d67d        0x3 
 .rodata.str1.4
                0x0801d680        0x6 /usr/lib/gcc/arm-none-eabi/4.9.3/../../../arm-none-eabi/lib/armv7-m/libm.a(lib_a-wf_sqrt.o)
                                  0x8 (size before relaxing)
 *fill*         0x0801d686        0x2 
 .rodata.dp_h   0x0801d688        0x8 /usr/lib/gcc/arm-none-eabi/4.9.3/../../../arm-none-eabi/lib/armv7-m/libm.a(lib_a-ef_pow.o)
 .rodata.dp_l   0x0801d690        0x8 /usr/lib/gcc/arm-none-eabi/4.9.3/../../../arm-none-eabi/lib/armv7-m/libm.a(lib_a-ef_pow.o)
 .rodata.bp     0x0801d698        0x8 /usr/lib/gcc/arm-none-eabi/4.9.3/../../../arm-none-eabi/lib/armv7-m/libm.a(lib_a-ef_pow.o)
 .rodata.str1.4
                0x0801d6a0        0x8 /usr/lib/gcc/arm-none-eabi/4.9.3/../../../arm-none-eabi/lib/armv7-m/libm.a(lib_a-ef_pow.o)
                                  0x4 (size before relaxing)
 .rodata.TWO52  0x0801d6a0       0x10 /usr/lib/gcc/arm-none-eabi/4.9.3/../../../arm-none-eabi/lib/armv7-m/libm.a(lib_a-s_rint.o)
 *(.glue_7)
 .glue_7        0x0801d6b0        0x0 linker stubs
 *(.glue_7t)
 .glue_7t       0x0801d6b0        0x0 linker stubs
 *(.eh_frame)
 *(.init)
 *(.fini)
                0x0801d6b0                . = ALIGN (0x4)
                0x0801d6b0                _etext = .

.vfp11_veneer   0x0801d6b0        0x0
 .vfp11_veneer  0x0801d6b0        0x0 linker stubs

.v4_bx          0x0801d6b0        0x0
 .v4_bx         0x0801d6b0        0x0 linker stubs

.iplt           0x0801d6b0        0x0
 .iplt          0x0801d6b0        0x0 obj/main/NAZE/startup_stm32f10x_md_gcc.o

.ARM.extab
 *(.ARM.extab* .gnu.linkonce.armextab.*)

.ARM            0x0801d6b0        0x8
                0x0801d6b0                __exidx_start = .
 *(.ARM.exidx*)
 .ARM.exidx     0x0801d6b0        0x8 /usr/lib/gcc/arm-none-eabi/4.9.3/armv7-m/libgcc.a(_divdi3.o)
 .ARM.exidx     0x0801d6b8        0x0 /usr/lib/gcc/arm-none-eabi/4.9.3/armv7-m/libgcc.a(_udivdi3.o)
                                  0x8 (size before relaxing)
                0x0801d6b8                __exidx_end = .

.rel.dyn        0x0801d6b8        0x0
 .rel.iplt      0x0801d6b8        0x0 obj/main/NAZE/startup_stm32f10x_md_gcc.o

.preinit_array  0x0801d6b8        0x0
                [!provide]                PROVIDE (__preinit_array_start, .)
 *(.preinit_array*)
                [!provide]                PROVIDE (__preinit_array_end, .)

.init_array     0x0801d6b8        0x0
                [!provide]                PROVIDE (__init_array_start, .)
 *(SORT(.init_array.*))
 *(.init_array*)
                [!provide]                PROVIDE (__init_array_end, .)

.fini_array     0x0801d6b8        0x0
                [!provide]                PROVIDE (__fini_array_start, .)
 *(.fini_array*)
 *(SORT(.fini_array.*))
                [!provide]                PROVIDE (__fini_array_end, .)
                0x0801d6b8                _sidata = .

.data           0x20000000      0x1d0 load address 0x0801d6b8
                0x20000000                . = ALIGN (0x4)
                0x20000000                _sdata = .
 *(.data)
 .data          0x20000000        0x3 /tmp/cclQ5C5v.ltrans3.ltrans.o
                0x20000002                isUsingSticksToArm.lto_priv.358
 *fill*         0x20000003        0x1 
 .data          0x20000004        0x3 /tmp/cclQ5C5v.ltrans5.ltrans.o
                0x20000004                acc_1G
 *fill*         0x20000007        0x1 
 .data          0x20000008        0x5 /tmp/cclQ5C5v.ltrans8.ltrans.o
                0x20000008                hse_value
                0x2000000c                standardBoardAlignment.lto_priv.485
 .data          0x2000000d        0x3 /tmp/cclQ5C5v.ltrans9.ltrans.o
 .data          0x20000010        0x4 /tmp/cclQ5C5v.ltrans11.ltrans.o
                0x20000010                GPS_scaleLonDown.lto_priv.579
 .data          0x20000014       0x14 /tmp/cclQ5C5v.ltrans12.ltrans.o
                0x20000018                geometry.lto_priv.363
 .data          0x20000028        0x4 /tmp/cclQ5C5v.ltrans14.ltrans.o
                0x20000028                q0.lto_priv.406
 .data          0x2000002c        0x8 /tmp/cclQ5C5v.ltrans21.ltrans.o
                0x2000002c                pif_id
                0x20000030                rcReadRawFunc.lto_priv.323
 .data          0x20000034        0x4 /tmp/cclQ5C5v.ltrans25.ltrans.o
                0x20000034                measurement.lto_priv.596
 .data          0x20000038        0xc /tmp/cclQ5C5v.ltrans26.ltrans.o
 *(.data*)
 .data.baro     0x20000044       0x1c /tmp/cclQ5C5v.ltrans0.ltrans.o
 .data.GPS_hdop
                0x20000060        0x2 /tmp/cclQ5C5v.ltrans5.ltrans.o
                0x20000060                GPS_hdop
 *fill*         0x20000062        0x2 
 .data.pid_controller
                0x20000064        0x4 /tmp/cclQ5C5v.ltrans14.ltrans.o
                0x20000064                pid_controller
 .data.cfTasks  0x20000068       0xf0 /tmp/cclQ5C5v.ltrans21.ltrans.o
                0x20000068                cfTasks
 .data.detectedSensors
                0x20000158        0x4 /tmp/cclQ5C5v.ltrans24.ltrans.o
                0x20000158                detectedSensors
 .data.batteryCellCount
                0x2000015c        0x1 /tmp/cclQ5C5v.ltrans24.ltrans.o
                0x2000015c                batteryCellCount
 *fill*         0x2000015d        0x3 
 .data.SystemCoreClock
                0x20000160        0x4 /tmp/cclQ5C5v.ltrans24.ltrans.o
                0x20000160                SystemCoreClock
 .data.__ctype_ptr__
                0x20000164        0x4 /usr/lib/gcc/arm-none-eabi/4.9.3/../../../arm-none-eabi/lib/armv7-m/libc_nano.a(lib_a-ctype_.o)
                0x20000164                __ctype_ptr__
 .data.impure_data
                0x20000168       0x60 /usr/lib/gcc/arm-none-eabi/4.9.3/../../../arm-none-eabi/lib/armv7-m/libc_nano.a(lib_a-impure.o)
 .data._impure_ptr
                0x200001c8        0x4 /usr/lib/gcc/arm-none-eabi/4.9.3/../../../arm-none-eabi/lib/armv7-m/libc_nano.a(lib_a-impure.o)
                0x200001c8                _impure_ptr
 .data.__fdlib_version
                0x200001cc        0x1 /usr/lib/gcc/arm-none-eabi/4.9.3/../../../arm-none-eabi/lib/armv7-m/libm.a(lib_a-s_lib_ver.o)
                0x200001cc                __fdlib_version
                0x200001d0                . = ALIGN (0x4)
 *fill*         0x200001cd        0x3 
                0x200001d0                _edata = .

.igot.plt       0x200001d0        0x0 load address 0x0801d888
 .igot.plt      0x200001d0        0x0 obj/main/NAZE/startup_stm32f10x_md_gcc.o
                0x200001d0                . = ALIGN (0x4)

.bss            0x200001d0     0x3430 load address 0x0801d888
                0x200001d0                _sbss = .
                0x200001d0                __bss_start__ = _sbss
 *(.bss)
 .bss           0x200001d0      0x594 /tmp/cclQ5C5v.ltrans0.ltrans.o
                0x200001d8                i2cOverClock.lto_priv.600
                0x200001fc                inputFilteringMode.lto_priv.592
                0x20000200                s_rc_ppm.lto_priv.593
                0x20000334                servos.lto_priv.595
                0x20000355                displayPresent.lto_priv.568
                0x20000360                mpuConfiguration
                0x2000036c                mpuIntExtiConfig.lto_priv.603
                0x200003c0                mpuDividerDrops
                0x200003cc                gpsPacketLog
                0x200003e4                sonarHardware.lto_priv.597
                0x200003e8                s_hcsr04.lto_priv.599
                0x20000410                ledStripDMABuffer
                0x2000073c                telemetryConfig.lto_priv.441
                0x20000740                portConfig.lto_priv.444
                0x20000744                frskyPortSharing.lto_priv.566
                0x20000745                hottPortSharing.lto_priv.564
                0x20000748                telemetryConfig.lto_priv.442
                0x2000074c                portConfig.lto_priv.446
                0x20000750                smartPortPortSharing.lto_priv.561
                0x20000758                portConfig.lto_priv.447
                0x2000075c                ltmPortSharing.lto_priv.559
                0x2000075d                couldBeBusy.lto_priv.586
                0x20000760                tailAddress.lto_priv.542
 .bss           0x20000764      0x3b7 /tmp/cclQ5C5v.ltrans1.ltrans.o
                0x2000077c                gyroAlign
                0x20000780                gyroLpfCutFreq.lto_priv.541
                0x200007f4                gyroConfig.lto_priv.540
                0x20000850                imuRuntimeConfig.lto_priv.478
                0x20000878                gyroScale.lto_priv.479
                0x20000888                magneticDeclination
                0x2000088c                smallAngleCosZ
                0x20000898                fc_acc
                0x2000089c                accDeadband.lto_priv.536
                0x200008a0                lookupYawRC
                0x200008b4                rxRefreshRate.lto_priv.458
                0x200008cc                rcControlsConfig.lto_priv.535
                0x200008d4                escAndServoConfig.lto_priv.395
                0x200008d8                throttleAngleScale
                0x200008dc                mixerConfig.lto_priv.481
                0x200008e0                currentMixer.lto_priv.488
                0x200009a4                rxConfig.lto_priv.538
                0x200009a8                currentMixerMode.lto_priv.487
                0x200009cc                gimbalConfig.lto_priv.537
                0x200009d0                servoFilterState.lto_priv.482
                0x20000af0                motorControlEnable
                0x20000af4                blackboxPort.lto_priv.428
                0x20000af8                blackboxHeaderBudget
                0x20000afc                blackboxMaxHeaderBytesPerIteration.lto_priv.426
                0x20000b00                xmitState.lto_priv.424
                0x20000b08                blackboxConditionCache.lto_priv.421
                0x20000b0c                vbatReference.lto_priv.417
                0x20000b0e                blackboxSlowFrameIterationTimer.lto_priv.425
                0x20000b10                blackboxPFrameIndex.lto_priv.420
                0x20000b14                blackboxIteration.lto_priv.419
                0x20000b18                blackboxModeActivationConditionPresent.lto_priv.418
                0x20000b19                blackboxPortSharing.lto_priv.427
                0x20000b1a                blackboxLoggedAnyFrames.lto_priv.423
 *fill*         0x20000b1b        0x1 
 .bss           0x20000b1c      0x164 /tmp/cclQ5C5v.ltrans2.ltrans.o
                0x20000b1c                printfSerialPort.lto_priv.532
                0x20000b3c                servo
                0x20000b4c                GPS_ground_course
                0x20000b4e                GPS_update
                0x20000b4f                GPS_numCh
                0x20000b50                GPS_svinfo_chn
                0x20000b60                GPS_svinfo_svid
                0x20000b70                GPS_svinfo_quality
                0x20000b80                GPS_svinfo_cno
                0x20000b90                debug
                0x20000b98                blackboxState.lto_priv.393
                0x20000bfc                pwmIOConfiguration.lto_priv.489
 .bss           0x20000c80      0x1cc /tmp/cclQ5C5v.ltrans3.ltrans.o
                0x20000c86                rxMspFrameDone.lto_priv.360
                0x20000c87                ppmComplete.lto_priv.594
                0x20000cb1                rcSampleIndex.lto_priv.457
                0x20000cfc                rcInvalidPulsPeriod
                0x20000d45                rxFlightChannelsValid.lto_priv.553
                0x20000d60                rxConfig.lto_priv.318
                0x20000d64                deadband3dThrottle.lto_priv.477
                0x20000d68                disarmAt.lto_priv.416
                0x20000d6f                AccInflightCalibrationMeasurementDone
                0x20000d70                AccInflightCalibrationSavetoEEProm
                0x20000d72                calibratingA
                0x20000d74                InflightcalibratingA
                0x20000d76                AccInflightCalibrationActive
                0x20000d78                adjustmentStates
                0x20000dac                escAndServoConfig.lto_priv.357
                0x20000db0                magHold
                0x20000db2                headFreeModeHold
                0x20000db4                nav_mode
                0x20000db8                gpsProfile.lto_priv.399
                0x20000dbc                GPS_hold
                0x20000dc6                nav_rated.lto_priv.401
                0x20000dca                nav.lto_priv.400
                0x20000df8                poshold_ratePID.lto_priv.570
                0x20000e20                navPID.lto_priv.571
                0x20000e48                isRXDataNew.lto_priv.403
                0x20000e49                haveProcessedAnnexCodeOnce.lto_priv.392
                0x20000e4a                initialThrottleHold.lto_priv.402
 .bss           0x20000e4c       0x28 /tmp/cclQ5C5v.ltrans4.ltrans.o
 .bss           0x20000e74       0xf0 /tmp/cclQ5C5v.ltrans5.ltrans.o
                0x20000e74                frskyTelemetryEnabled.lto_priv.567
                0x20000e7e                accSmooth
                0x20000e84                vario
                0x20000e88                BaroAlt
                0x20000e8c                baroTemperature
                0x20000e94                telemetryConfig.lto_priv.291
                0x20000e98                amperage
                0x20000e9c                GPS_speed
                0x20000e9e                GPS_altitude
                0x20000ea0                GPS_numSat
                0x20000ea4                GPS_coord
                0x20000eac                hottTelemetryEnabled.lto_priv.565
                0x20000eb4                hottEAMMessage.lto_priv.448
                0x20000ee4                telemetryConfig.lto_priv.292
                0x20000ee8                hottGPSMessage.lto_priv.449
                0x20000f14                GPS_distanceToHome
                0x20000f16                GPS_directionToHome
                0x20000f20                hottPort.lto_priv.558
                0x20000f30                portConfig.lto_priv.445
                0x20000f36                smartPortTelemetryEnabled.lto_priv.562
                0x20000f38                smartPortSerialPort.lto_priv.557
                0x20000f3c                smartPortState
                0x20000f40                smartPortLastRequestTime.lto_priv.563
                0x20000f46                ltmEnabled.lto_priv.560
                0x20000f48                ltmPort.lto_priv.556
                0x20000f54                EstAlt.lto_priv.308
                0x20000f58                rssi
                0x20000f5c                GPS_home
 .bss           0x20000f64       0x18 /tmp/cclQ5C5v.ltrans6.ltrans.o
 .bss           0x20000f7c        0xa /tmp/cclQ5C5v.ltrans7.ltrans.o
                0x20000f7c                colors
                0x20000f80                ledConfigs
                0x20000f84                serialPortCount.lto_priv.364
 *fill*         0x20000f86        0x2 
 .bss           0x20000f88      0x2f1 /tmp/cclQ5C5v.ltrans8.ltrans.o
                0x20000f88                ibusChannelData.lto_priv.327
                0x20000fe9                xBusChannelCount.lto_priv.468
                0x20000fea                xBusFrameReceived.lto_priv.328
                0x20000fec                spekChannelData.lto_priv.345
                0x2000101c                sumhChannels.lto_priv.331
                0x2000103c                sumdChannels.lto_priv.336
                0x2000105c                sbusChannelData.lto_priv.339
                0x200010a4                mspFrame.lto_priv.359
                0x200010c8                captures.lto_priv.324
                0x200010e5                ibus.lto_priv.326
                0x20001105                ibusFrameDone.lto_priv.325
                0x20001110                xBusFramePosition.lto_priv.466
                0x20001111                xBusDataIncoming.lto_priv.465
                0x20001112                xBusFrameLength.lto_priv.467
                0x20001113                xBusProvider.lto_priv.469
                0x20001119                spekFrame.lto_priv.341
                0x20001129                rcFrameComplete.lto_priv.340
                0x20001135                sumhFrame.lto_priv.330
                0x2000114a                sumhFrameDone.lto_priv.329
                0x20001151                sumdFrameDone.lto_priv.332
                0x20001152                crc.lto_priv.333
                0x20001154                sumdChannelCount.lto_priv.334
                0x20001155                sumd.lto_priv.335
                0x20001181                sbusFrame.lto_priv.338
                0x2000119a                sbusFrameDone.lto_priv.337
                0x200011a8                boardRotation.lto_priv.486
                0x200011cc                batteryConfig
                0x200011d0                mAhDrawn
                0x200011d4                adcConfig
                0x200011e4                adcValues
                0x200011ec                vbatLatestADC
                0x200011f0                vbatFilterState.lto_priv.440
                0x20001214                vbat
                0x20001218                rxConfig.lto_priv.319
                0x2000121c                suspendRxSignalUntil.lto_priv.322
                0x20001220                skipRxSamples.lto_priv.321
                0x20001224                sysTickUptime.lto_priv.233
                0x20001228                failsafeState.lto_priv.289
                0x2000124c                warningLedState.lto_priv.266
                0x20001250                warningLedTimer.lto_priv.404
                0x20001254                flightModeFlags
                0x20001258                rcModeActivationMask
                0x2000125c                activeBoxIdCount.lto_priv.361
                0x2000125d                activeBoxIds.lto_priv.362
 *fill*         0x20001279        0x3 
 .bss           0x2000127c       0xa0 /tmp/cclQ5C5v.ltrans9.ltrans.o
                0x2000127c                ledStripInitialised.lto_priv.450
                0x2000127e                ledColorBuffer.lto_priv.451
                0x2000130c                ledCount
                0x20001310                rxSignalReceived.lto_priv.313
                0x20001318                highestYValueForNorth
                0x20001319                lowestXValueForEast
                0x2000131a                lowestYValueForSouth
                0x2000131b                highestXValueForWest
 .bss           0x2000131c        0x7 /tmp/cclQ5C5v.ltrans10.ltrans.o
 *fill*         0x20001323        0x1 
 .bss           0x20001324      0x242 /tmp/cclQ5C5v.ltrans11.ltrans.o
                0x20001508                GPS_WP.lto_priv.573
                0x20001510                wp_distance.lto_priv.574
                0x20001514                target_bearing.lto_priv.575
                0x20001518                error.lto_priv.580
                0x20001520                posholdPID_PARAM.lto_priv.581
                0x20001530                poshold_ratePID_PARAM.lto_priv.582
                0x20001544                waypoint_speed_gov.lto_priv.578
                0x20001548                original_target_bearing.lto_priv.577
                0x20001550                nav_bearing.lto_priv.576
                0x20001554                navPID_PARAM.lto_priv.583
                0x20001564                nav_takeoff_bearing.lto_priv.584
 *fill*         0x20001566        0x2 
 .bss           0x20001568       0x82 /tmp/cclQ5C5v.ltrans12.ltrans.o
                0x20001568                motor_disarmed
                0x20001580                currentProfile
                0x20001584                gpsPort.lto_priv.310
                0x20001588                pageState.lto_priv.316
                0x2000159c                cliBuffer.lto_priv.368
                0x200015cc                bufferIndex.lto_priv.367
                0x200015d0                servoConf.lto_priv.268
                0x200015d4                beep_multiBeeps.lto_priv.265
 *fill*         0x200015ea        0x2 
 .bss           0x200015ec       0xcc /tmp/cclQ5C5v.ltrans13.ltrans.o
                0x200015ec                pif_act_timer1us
                0x200015f0                s_table.lto_priv.433
                0x20001674                s_task_stack_ptr.lto_priv.431
                0x2000168c                s_it_current.lto_priv.429
                0x20001690                s_table_number.lto_priv.432
                0x20001694                s_tasks.lto_priv.232
                0x200016b0                s_task_cutin.lto_priv.430
 .bss           0x200016b8      0x30c /tmp/cclQ5C5v.ltrans14.ltrans.o
                0x200016b8                usTicks.lto_priv.502
                0x200016bc                rcCommand
                0x200016c4                attitude
                0x200016cc                gyroADC
                0x200016d8                PIDweight
                0x200016dc                errorGyroI.lto_priv.286
                0x200016e8                targetLooptime
                0x200016ec                stateFlags
                0x200016ed                motorLimitReached
                0x200016f0                errorGyroILimit.lto_priv.287
                0x20001720                axisPID
                0x20001728                axisPID_P
                0x20001734                axisPID_I
                0x20001740                axisPID_D
                0x2000174c                deltaFilterState.lto_priv.288
                0x200017b8                lookupThrottleRC
                0x200017d0                lookupPitchRollRC
                0x200017e0                dmaHandlers.lto_priv.452
                0x200017f8                pif_datetime
                0x20001800                extiHandlerConfigs.lto_priv.501
                0x20001818                beeperIsOn.lto_priv.351
                0x2000181c                beeperNextToggleTime.lto_priv.350
                0x20001820                beeperPos.lto_priv.352
                0x20001824                currentBeeperEntry.lto_priv.349
                0x20001828                motor
                0x20001840                motors.lto_priv.490
                0x20001870                motorCount
                0x20001874                timerConfig
                0x20001914                flight3DConfig.lto_priv.394
                0x20001918                escAndServoConfig.lto_priv.396
                0x2000191c                servoRuleCount.lto_priv.398
                0x2000191d                currentServoMixer.lto_priv.397
                0x20001990                customServoMixers.lto_priv.498
                0x20001994                q1.lto_priv.407
                0x20001998                q2.lto_priv.408
                0x2000199c                q3.lto_priv.409
                0x200019a0                rMat.lto_priv.309
 .bss           0x200019c4       0x21 /tmp/cclQ5C5v.ltrans15.ltrans.o
                0x200019e0                I2Cx.lto_priv.601
                0x200019e4                I2Cx_index.lto_priv.602
 .bss           0x200019e5      0x600 /tmp/cclQ5C5v.ltrans16.ltrans.o
 *fill*         0x20001fe5        0x3 
 .bss           0x20001fe8      0x120 /tmp/cclQ5C5v.ltrans17.ltrans.o
                0x2000200c                uartPort3.lto_priv.588
                0x20002060                uartPort2.lto_priv.589
                0x200020b4                uartPort1.lto_priv.590
 .bss           0x20002108      0x1ac /tmp/cclQ5C5v.ltrans18.ltrans.o
                0x20002108                gpsHistory.lto_priv.548
                0x2000211c                blackboxHistory.lto_priv.550
                0x20002128                blackboxHistoryRing.lto_priv.551
                0x2000229c                blackboxIFrameIndex.lto_priv.549
                0x200022a0                blackboxLastArmingBeep.lto_priv.552
                0x200022a4                systemState.lto_priv.435
 .bss           0x200022b4       0x40 /tmp/cclQ5C5v.ltrans19.ltrans.o
                0x200022d8                GPS_packetCount
                0x200022e0                GPS_svInfoReceivedCount
                0x200022ec                GPS_garbageByteCount
 .bss           0x200022f4      0x564 /tmp/cclQ5C5v.ltrans20.ltrans.o
 .bss           0x20002858      0x9e4 /tmp/cclQ5C5v.ltrans21.ltrans.o
                0x20002858                g_imu_sensor
                0x200028cc                g_i2c_port
                0x20002900                pif_cumulative_timer1ms
                0x20002904                string.9033.lto_priv.572
                0x20002914                rcData
                0x20002938                mspPorts.lto_priv.231
                0x200029d0                masterConfig
                0x200031e8                rxRuntimeConfigPtr.lto_priv.343
                0x200031ec                rxRuntimeConfig
                0x200031ed                spek_chan_shift.lto_priv.342
                0x200031ee                spek_chan_mask.lto_priv.344
                0x200031ef                spekHiRes.lto_priv.229
                0x200031f0                serialConfig.lto_priv.264
                0x200031f4                findSharedSerialPortState.lto_priv.312
                0x200031f8                serialPortUsageList.lto_priv.263
                0x20003234                pidProfile.lto_priv.314
                0x20003238                activeFeaturesLatch.lto_priv.230
 .bss           0x2000323c       0xc8 /tmp/cclQ5C5v.ltrans22.ltrans.o
                0x2000323c                baroReady.lto_priv.555
                0x20003240                pif_timer1us
                0x20003248                calibratingB
                0x20003250                baroPressureSum.lto_priv.554
                0x20003254                barometerConfig.lto_priv.306
                0x20003264                sonarMaxTiltCos
                0x20003268                calculatedAltitude.lto_priv.365
                0x2000326c                sonarCfAltCm
                0x20003274                sonarMaxAltWithTiltCm
                0x20003278                accSumCount
                0x2000327c                accSum
                0x20003288                accVelScale
                0x2000328c                barometerConfig.lto_priv.307
                0x20003298                AltHold
                0x2000329c                pidProfile.lto_priv.533
                0x200032a0                errorVelocityI
                0x200032a4                altHoldThrottleAdjustment
                0x200032a8                velocityControl
                0x200032ac                mag
                0x200032bc                magADC
                0x200032d8                magInit.lto_priv.480
                0x200032dc                gpsData
                0x200032fc                gpsConfig.lto_priv.455
 .bss           0x20003304       0x82 /tmp/cclQ5C5v.ltrans23.ltrans.o
                0x20003304                bufferHead.lto_priv.546
                0x20003305                bufferTail.lto_priv.585
                0x20003306                flashWriteBuffer.lto_priv.547
 *fill*         0x20003386        0x2 
 .bss           0x20003388       0x64 /tmp/cclQ5C5v.ltrans24.ltrans.o
                0x20003388                currentPort.lto_priv.354
                0x2000338c                writer.lto_priv.355
                0x20003390                mspSerialPort.lto_priv.356
                0x20003394                cliWriter.lto_priv.236
                0x20003398                currentControlRateProfileIndex.lto_priv.315
                0x2000339c                currentControlRateProfile
                0x200033a0                pif_performance
                0x200033a8                batteryState.lto_priv.290
                0x200033ac                enabledSensors.lto_priv.293
                0x200033b0                acc
                0x200033bc                i2cErrorCount.lto_priv.366
                0x200033c0                g_timer_1ms
                0x200033e8                cliPort.lto_priv.235
 .bss           0x200033ec       0xfd /tmp/cclQ5C5v.ltrans25.ltrans.o
 *fill*         0x200034e9        0x3 
 .bss           0x200034ec       0x8c /tmp/cclQ5C5v.ltrans26.ltrans.o
                0x200034fc                dynP8
                0x20003514                dynD8
                0x20003518                errorGyroIf.lto_priv.317
                0x20003524                gyro
                0x20003538                dT
                0x20003574                failsafeConfig.lto_priv.320
 .bss           0x20003578       0x24 /tmp/cclQ5C5v.ltrans27.ltrans.o
                0x2000357c                batteryWarningVoltage
                0x2000357e                batteryCriticalVoltage
                0x20003588                amperageLatestADC
                0x20003598                armingBeepTimeMicros.lto_priv.422
 .bss           0x2000359c       0x35 /tmp/cclQ5C5v.ltrans28.ltrans.o
                0x2000359c                accADC
                0x200035a8                accelerationTrims.lto_priv.539
                0x200035d0                isAccelUpdatedAtLeastOnce.lto_priv.405
 *(SORT(.bss*))
 *fill*         0x200035d1        0x3 
 .bss.systemBeepPtr
                0x200035d4        0x4 /tmp/cclQ5C5v.ltrans14.ltrans.o
                0x200035d4                systemBeepPtr
 .bss.accTimeSum
                0x200035d8        0x4 /tmp/cclQ5C5v.ltrans22.ltrans.o
                0x200035d8                accTimeSum
 .bss.setVelocity
                0x200035dc        0x4 /tmp/cclQ5C5v.ltrans22.ltrans.o
                0x200035dc                setVelocity
 .bss.__malloc_sbrk_start
                0x200035e0        0x4 /usr/lib/gcc/arm-none-eabi/4.9.3/../../../arm-none-eabi/lib/armv7-m/libc_nano.a(lib_a-nano-mallocr.o)
                0x200035e0                __malloc_sbrk_start
 .bss.__malloc_free_list
                0x200035e4        0x4 /usr/lib/gcc/arm-none-eabi/4.9.3/../../../arm-none-eabi/lib/armv7-m/libc_nano.a(lib_a-nano-mallocr.o)
                0x200035e4                __malloc_free_list
 .bss.heap_end.4079
                0x200035e8        0x4 /usr/lib/gcc/arm-none-eabi/4.9.3/../../../arm-none-eabi/lib/armv7-m/libnosys.a(sbrk.o)
 .bss.calibratingG
                0x200035ec        0x2 /tmp/cclQ5C5v.ltrans3.ltrans.o
                0x200035ec                calibratingG
 .bss.GPS_angle
                0x200035ee        0x4 /tmp/cclQ5C5v.ltrans14.ltrans.o
                0x200035ee                GPS_angle
 .bss.cycleTime
                0x200035f2        0x2 /tmp/cclQ5C5v.ltrans24.ltrans.o
                0x200035f2                cycleTime
 .bss.hardwareRevision
                0x200035f4        0x1 /tmp/cclQ5C5v.ltrans2.ltrans.o
                0x200035f4                hardwareRevision
 .bss.armingFlags
                0x200035f5        0x1 /tmp/cclQ5C5v.ltrans8.ltrans.o
                0x200035f5                armingFlags
 .bss.ws2811LedDataTransferInProgress
                0x200035f6        0x1 /tmp/cclQ5C5v.ltrans9.ltrans.o
                0x200035f6                ws2811LedDataTransferInProgress
 .bss.cliMode   0x200035f7        0x1 /tmp/cclQ5C5v.ltrans12.ltrans.o
                0x200035f7                cliMode
 .bss.CHAR_FORMAT
                0x200035f8        0x1 /tmp/cclQ5C5v.ltrans15.ltrans.o
 .bss.pif_error
                0x200035f9        0x1 /tmp/cclQ5C5v.ltrans21.ltrans.o
                0x200035f9                pif_error
 .bss.magAlign  0x200035fa        0x1 /tmp/cclQ5C5v.ltrans22.ltrans.o
                0x200035fa                magAlign
 .bss.accAlign  0x200035fb        0x1 /tmp/cclQ5C5v.ltrans28.ltrans.o
                0x200035fb                accAlign
 *(COMMON)
 COMMON         0x200035fc        0x4 /usr/lib/gcc/arm-none-eabi/4.9.3/../../../arm-none-eabi/lib/armv7-m/libc_nano.a(lib_a-reent.o)
                0x200035fc                errno
                0x20003600                . = ALIGN (0x4)
                0x20003600                _ebss = .
                0x20003600                __bss_end__ = _ebss

._user_heap_stack
                0x20003600      0x400 load address 0x0801d888
                0x20003600                . = ALIGN (0x4)
                0x20003600                PROVIDE (end, .)
                [!provide]                PROVIDE (_end, .)
                0x20003600                . = (. + _Min_Heap_Size)
                0x20003a00                . = (. + _Min_Stack_Size)
 *fill*         0x20003600      0x400 
                0x20003a00                . = ALIGN (0x4)

.memory_b1_text
 *(.mb1text)
 *(.mb1text*)
 *(.mb1rodata)
 *(.mb1rodata*)

/DISCARD/
 libc.a(*)
 libm.a(*)
 libgcc.a(*)

.ARM.attributes
                0x00000000       0x2f
 *(.ARM.attributes)
 .ARM.attributes
                0x00000000       0x21 obj/main/NAZE/startup_stm32f10x_md_gcc.o
 .ARM.attributes
                0x00000021       0x31 /tmp/cclQ5C5v.ltrans0.ltrans.o
 .ARM.attributes
                0x00000052       0x31 /tmp/cclQ5C5v.ltrans1.ltrans.o
 .ARM.attributes
                0x00000083       0x31 /tmp/cclQ5C5v.ltrans2.ltrans.o
 .ARM.attributes
                0x000000b4       0x31 /tmp/cclQ5C5v.ltrans3.ltrans.o
 .ARM.attributes
                0x000000e5       0x31 /tmp/cclQ5C5v.ltrans4.ltrans.o
 .ARM.attributes
                0x00000116       0x31 /tmp/cclQ5C5v.ltrans5.ltrans.o
 .ARM.attributes
                0x00000147       0x31 /tmp/cclQ5C5v.ltrans6.ltrans.o
 .ARM.attributes
                0x00000178       0x31 /tmp/cclQ5C5v.ltrans7.ltrans.o
 .ARM.attributes
                0x000001a9       0x31 /tmp/cclQ5C5v.ltrans8.ltrans.o
 .ARM.attributes
                0x000001da       0x31 /tmp/cclQ5C5v.ltrans9.ltrans.o
 .ARM.attributes
                0x0000020b       0x31 /tmp/cclQ5C5v.ltrans10.ltrans.o
 .ARM.attributes
                0x0000023c       0x31 /tmp/cclQ5C5v.ltrans11.ltrans.o
 .ARM.attributes
                0x0000026d       0x31 /tmp/cclQ5C5v.ltrans12.ltrans.o
 .ARM.attributes
                0x0000029e       0x31 /tmp/cclQ5C5v.ltrans13.ltrans.o
 .ARM.attributes
                0x000002cf       0x31 /tmp/cclQ5C5v.ltrans14.ltrans.o
 .ARM.attributes
                0x00000300       0x31 /tmp/cclQ5C5v.ltrans15.ltrans.o
 .ARM.attributes
                0x00000331       0x31 /tmp/cclQ5C5v.ltrans16.ltrans.o
 .ARM.attributes
                0x00000362       0x31 /tmp/cclQ5C5v.ltrans17.ltrans.o
 .ARM.attributes
                0x00000393       0x31 /tmp/cclQ5C5v.ltrans18.ltrans.o
 .ARM.attributes
                0x000003c4       0x31 /tmp/cclQ5C5v.ltrans19.ltrans.o
 .ARM.attributes
                0x000003f5       0x31 /tmp/cclQ5C5v.ltrans20.ltrans.o
 .ARM.attributes
                0x00000426       0x31 /tmp/cclQ5C5v.ltrans21.ltrans.o
 .ARM.attributes
                0x00000457       0x31 /tmp/cclQ5C5v.ltrans22.ltrans.o
 .ARM.attributes
                0x00000488       0x31 /tmp/cclQ5C5v.ltrans23.ltrans.o
 .ARM.attributes
                0x000004b9       0x31 /tmp/cclQ5C5v.ltrans24.ltrans.o
 .ARM.attributes
                0x000004ea       0x31 /tmp/cclQ5C5v.ltrans25.ltrans.o
 .ARM.attributes
                0x0000051b       0x31 /tmp/cclQ5C5v.ltrans26.ltrans.o
 .ARM.attributes
                0x0000054c       0x31 /tmp/cclQ5C5v.ltrans27.ltrans.o
 .ARM.attributes
                0x0000057d       0x31 /tmp/cclQ5C5v.ltrans28.ltrans.o
 .ARM.attributes
                0x000005ae       0x2d /usr/lib/gcc/arm-none-eabi/4.9.3/../../../arm-none-eabi/lib/armv7-m/libc_nano.a(lib_a-atoi.o)
 .ARM.attributes
                0x000005db       0x2d /usr/lib/gcc/arm-none-eabi/4.9.3/../../../arm-none-eabi/lib/armv7-m/libc_nano.a(lib_a-ctype_.o)
 .ARM.attributes
                0x00000608       0x2d /usr/lib/gcc/arm-none-eabi/4.9.3/../../../arm-none-eabi/lib/armv7-m/libc_nano.a(lib_a-strtok.o)
 .ARM.attributes
                0x00000635       0x2d /usr/lib/gcc/arm-none-eabi/4.9.3/../../../arm-none-eabi/lib/armv7-m/libc_nano.a(lib_a-strtok_r.o)
 .ARM.attributes
                0x00000662       0x2d /usr/lib/gcc/arm-none-eabi/4.9.3/../../../arm-none-eabi/lib/armv7-m/libc_nano.a(lib_a-strtol.o)
 .ARM.attributes
                0x0000068f       0x2d /usr/lib/gcc/arm-none-eabi/4.9.3/../../../arm-none-eabi/lib/armv7-m/libc_nano.a(lib_a-impure.o)
 .ARM.attributes
                0x000006bc       0x2d /usr/lib/gcc/arm-none-eabi/4.9.3/../../../arm-none-eabi/lib/armv7-m/libc_nano.a(lib_a-malloc.o)
 .ARM.attributes
                0x000006e9       0x2d /usr/lib/gcc/arm-none-eabi/4.9.3/../../../arm-none-eabi/lib/armv7-m/libc_nano.a(lib_a-nano-freer.o)
 .ARM.attributes
                0x00000716       0x2d /usr/lib/gcc/arm-none-eabi/4.9.3/../../../arm-none-eabi/lib/armv7-m/libc_nano.a(lib_a-nano-mallocr.o)
 .ARM.attributes
                0x00000743       0x2d /usr/lib/gcc/arm-none-eabi/4.9.3/../../../arm-none-eabi/lib/armv7-m/libc_nano.a(lib_a-sbrkr.o)
 .ARM.attributes
                0x00000770       0x2d /usr/lib/gcc/arm-none-eabi/4.9.3/../../../arm-none-eabi/lib/armv7-m/libc_nano.a(lib_a-reent.o)
 .ARM.attributes
                0x0000079d       0x2d /usr/lib/gcc/arm-none-eabi/4.9.3/../../../arm-none-eabi/lib/armv7-m/libnosys.a(sbrk.o)
 .ARM.attributes
                0x000007ca       0x2d /usr/lib/gcc/arm-none-eabi/4.9.3/../../../arm-none-eabi/lib/armv7-m/libm.a(lib_a-sf_lrint.o)
 .ARM.attributes
                0x000007f7       0x2d /usr/lib/gcc/arm-none-eabi/4.9.3/../../../arm-none-eabi/lib/armv7-m/libm.a(lib_a-wf_pow.o)