Archive member included to satisfy reference by file (symbol)

/usr/lib/gcc/arm-none-eabi/4.9.3/../../../arm-none-eabi/lib/armv7-m/libc_nano.a(lib_a-atoi.o)
                              obj/main/NAZE/io/serial_cli.o (symbol from plugin) (atoi)
/usr/lib/gcc/arm-none-eabi/4.9.3/../../../arm-none-eabi/lib/armv7-m/libc_nano.a(lib_a-ctype_.o)
                              obj/main/NAZE/flight/gps_conversion.o (symbol from plugin) (__ctype_ptr__)
/usr/lib/gcc/arm-none-eabi/4.9.3/../../../arm-none-eabi/lib/armv7-m/libc_nano.a(lib_a-strtok.o)
                              obj/main/NAZE/io/serial_cli.o (symbol from plugin) (strtok)
/usr/lib/gcc/arm-none-eabi/4.9.3/../../../arm-none-eabi/lib/armv7-m/libc_nano.a(lib_a-strtok_r.o)
                              /usr/lib/gcc/arm-none-eabi/4.9.3/../../../arm-none-eabi/lib/armv7-m/libc_nano.a(lib_a-strtok.o) (__strtok_r)
/usr/lib/gcc/arm-none-eabi/4.9.3/../../../arm-none-eabi/lib/armv7-m/libc_nano.a(lib_a-strtol.o)
                              /usr/lib/gcc/arm-none-eabi/4.9.3/../../../arm-none-eabi/lib/armv7-m/libc_nano.a(lib_a-atoi.o) (_strtol_r)
/usr/lib/gcc/arm-none-eabi/4.9.3/../../../arm-none-eabi/lib/armv7-m/libc_nano.a(lib_a-impure.o)
                              /usr/lib/gcc/arm-none-eabi/4.9.3/../../../arm-none-eabi/lib/armv7-m/libc_nano.a(lib_a-strtok.o) (_impure_ptr)
/usr/lib/gcc/arm-none-eabi/4.9.3/../../../arm-none-eabi/lib/armv7-m/libc_nano.a(lib_a-malloc.o)
                              /usr/lib/gcc/arm-none-eabi/4.9.3/../../../arm-none-eabi/lib/armv7-m/libc_nano.a(lib_a-strtok.o) (malloc)
/usr/lib/gcc/arm-none-eabi/4.9.3/../../../arm-none-eabi/lib/armv7-m/libc_nano.a(lib_a-nano-freer.o)
                              /usr/lib/gcc/arm-none-eabi/4.9.3/../../../arm-none-eabi/lib/armv7-m/libc_nano.a(lib_a-malloc.o) (_free_r)
/usr/lib/gcc/arm-none-eabi/4.9.3/../../../arm-none-eabi/lib/armv7-m/libc_nano.a(lib_a-nano-mallocr.o)
                              /usr/lib/gcc/arm-none-eabi/4.9.3/../../../arm-none-eabi/lib/armv7-m/libc_nano.a(lib_a-malloc.o) (_malloc_r)
/usr/lib/gcc/arm-none-eabi/4.9.3/../../../arm-none-eabi/lib/armv7-m/libc_nano.a(lib_a-sbrkr.o)
                              /usr/lib/gcc/arm-none-eabi/4.9.3/../../../arm-none-eabi/lib/armv7-m/libc_nano.a(lib_a-nano-mallocr.o) (_sbrk_r)
/usr/lib/gcc/arm-none-eabi/4.9.3/../../../arm-none-eabi/lib/armv7-m/libc_nano.a(lib_a-reent.o)
                              /usr/lib/gcc/arm-none-eabi/4.9.3/../../../arm-none-eabi/lib/armv7-m/libc_nano.a(lib_a-sbrkr.o) (errno)
/usr/lib/gcc/arm-none-eabi/4.9.3/../../../arm-none-eabi/lib/armv7-m/libnosys.a(sbrk.o)
                              /usr/lib/gcc/arm-none-eabi/4.9.3/../../../arm-none-eabi/lib/armv7-m/libc_nano.a(lib_a-sbrkr.o) (_sbrk)
/usr/lib/gcc/arm-none-eabi/4.9.3/../../../arm-none-eabi/lib/armv7-m/libm.a(lib_a-sf_lrint.o)
                              /tmp/ccLodPW3.ltrans1.ltrans.o (lrintf)
/usr/lib/gcc/arm-none-eabi/4.9.3/../../../arm-none-eabi/lib/armv7-m/libm.a(lib_a-wf_pow.o)
                              /tmp/ccLodPW3.ltrans22.ltrans.o (powf)
/usr/lib/gcc/arm-none-eabi/4.9.3/../../../arm-none-eabi/lib/armv7-m/libm.a(lib_a-wf_sqrt.o)
                              /tmp/ccLodPW3.ltrans1.ltrans.o (sqrtf)
/usr/lib/gcc/arm-none-eabi/4.9.3/../../../arm-none-eabi/lib/armv7-m/libm.a(lib_a-ef_pow.o)
                              /usr/lib/gcc/arm-none-eabi/4.9.3/../../../arm-none-eabi/lib/armv7-m/libm.a(lib_a-wf_pow.o) (__ieee754_powf)
/usr/lib/gcc/arm-none-eabi/4.9.3/../../../arm-none-eabi/lib/armv7-m/libm.a(lib_a-ef_sqrt.o)
                              /usr/lib/gcc/arm-none-eabi/4.9.3/../../../arm-none-eabi/lib/armv7-m/libm.a(lib_a-wf_sqrt.o) (__ieee754_sqrtf)
/usr/lib/gcc/arm-none-eabi/4.9.3/../../../arm-none-eabi/lib/armv7-m/libm.a(lib_a-s_lib_ver.o)
                              /usr/lib/gcc/arm-none-eabi/4.9.3/../../../arm-none-eabi/lib/armv7-m/libm.a(lib_a-wf_pow.o) (__fdlib_version)
/usr/lib/gcc/arm-none-eabi/4.9.3/../../../arm-none-eabi/lib/armv7-m/libm.a(lib_a-s_matherr.o)
                              /usr/lib/gcc/arm-none-eabi/4.9.3/../../../arm-none-eabi/lib/armv7-m/libm.a(lib_a-wf_pow.o) (matherr)
/usr/lib/gcc/arm-none-eabi/4.9.3/../../../arm-none-eabi/lib/armv7-m/libm.a(lib_a-s_rint.o)
                              /usr/lib/gcc/arm-none-eabi/4.9.3/../../../arm-none-eabi/lib/armv7-m/libm.a(lib_a-wf_pow.o) (rint)
/usr/lib/gcc/arm-none-eabi/4.9.3/../../../arm-none-eabi/lib/armv7-m/libm.a(lib_a-sf_fabs.o)
                              /usr/lib/gcc/arm-none-eabi/4.9.3/../../../arm-none-eabi/lib/armv7-m/libm.a(lib_a-ef_pow.o) (fabsf)
/usr/lib/gcc/arm-none-eabi/4.9.3/../../../arm-none-eabi/lib/armv7-m/libm.a(lib_a-sf_finite.o)
                              /usr/lib/gcc/arm-none-eabi/4.9.3/../../../arm-none-eabi/lib/armv7-m/libm.a(lib_a-wf_pow.o) (finitef)
/usr/lib/gcc/arm-none-eabi/4.9.3/../../../arm-none-eabi/lib/armv7-m/libm.a(lib_a-sf_fpclassify.o)
[...]
Memory Configuration

Name             Origin             Length             Attributes
FLASH            0x08000000         0x0001f000         xr
RAM              0x20000000         0x00005000         xrw
MEMORY_B1        0x60000000         0x00000000         xr
*default*        0x00000000         0xffffffff

Linker script and memory map

LOAD obj/main/NAZE/startup_stm32f10x_md_gcc.o
LOAD obj/main/NAZE/drivers/accgyro_adxl345.o
LOAD /tmp/ccLodPW3.ltrans0.ltrans.o
LOAD /tmp/ccLodPW3.ltrans1.ltrans.o
LOAD /tmp/ccLodPW3.ltrans2.ltrans.o
LOAD /tmp/ccLodPW3.ltrans3.ltrans.o
LOAD /tmp/ccLodPW3.ltrans4.ltrans.o
LOAD /tmp/ccLodPW3.ltrans5.ltrans.o
LOAD /tmp/ccLodPW3.ltrans6.ltrans.o
LOAD /tmp/ccLodPW3.ltrans7.ltrans.o
LOAD /tmp/ccLodPW3.ltrans8.ltrans.o
LOAD /tmp/ccLodPW3.ltrans9.ltrans.o
LOAD /tmp/ccLodPW3.ltrans10.ltrans.o
LOAD /tmp/ccLodPW3.ltrans11.ltrans.o
LOAD /tmp/ccLodPW3.ltrans12.ltrans.o
LOAD /tmp/ccLodPW3.ltrans13.ltrans.o
LOAD /tmp/ccLodPW3.ltrans14.ltrans.o
LOAD /tmp/ccLodPW3.ltrans15.ltrans.o
LOAD /tmp/ccLodPW3.ltrans16.ltrans.o
LOAD /tmp/ccLodPW3.ltrans17.ltrans.o
LOAD /tmp/ccLodPW3.ltrans18.ltrans.o
LOAD /tmp/ccLodPW3.ltrans19.ltrans.o
LOAD /tmp/ccLodPW3.ltrans20.ltrans.o
LOAD /tmp/ccLodPW3.ltrans21.ltrans.o
LOAD /tmp/ccLodPW3.ltrans22.ltrans.o
LOAD /tmp/ccLodPW3.ltrans23.ltrans.o
LOAD /tmp/ccLodPW3.ltrans24.ltrans.o
LOAD /tmp/ccLodPW3.ltrans25.ltrans.o
LOAD /tmp/ccLodPW3.ltrans26.ltrans.o
LOAD /tmp/ccLodPW3.ltrans27.ltrans.o
LOAD /tmp/ccLodPW3.ltrans28.ltrans.o
LOAD /tmp/ccLodPW3.ltrans29.ltrans.o
LOAD obj/main/NAZE/drivers/accgyro_bma280.o
LOAD obj/main/NAZE/drivers/accgyro_mma845x.o
LOAD obj/main/NAZE/drivers/accgyro_mpu.o
LOAD obj/main/NAZE/drivers/accgyro_mpu3050.o
LOAD obj/main/NAZE/drivers/accgyro_mpu6050.o
LOAD obj/main/NAZE/drivers/accgyro_mpu6500.o
LOAD obj/main/NAZE/drivers/accgyro_spi_mpu6500.o
LOAD obj/main/NAZE/drivers/adc.o
LOAD obj/main/NAZE/drivers/adc_stm32f10x.o
LOAD obj/main/NAZE/drivers/barometer_bmp085.o
LOAD obj/main/NAZE/drivers/barometer_ms5611.o
LOAD obj/main/NAZE/drivers/barometer_bmp280.o
LOAD obj/main/NAZE/drivers/bus_spi.o
LOAD obj/main/NAZE/drivers/bus_i2c_stm32f10x.o
LOAD obj/main/NAZE/drivers/compass_hmc5883l.o
LOAD obj/main/NAZE/drivers/display_ug2864hsweg01.o
LOAD obj/main/NAZE/drivers/flash_m25p16.o
LOAD obj/main/NAZE/drivers/gpio_stm32f10x.o
LOAD obj/main/NAZE/drivers/inverter.o
LOAD obj/main/NAZE/drivers/light_led_stm32f10x.o
LOAD obj/main/NAZE/drivers/light_ws2811strip.o
LOAD obj/main/NAZE/drivers/light_ws2811strip_stm32f10x.o
LOAD obj/main/NAZE/drivers/sonar_hcsr04.o
LOAD obj/main/NAZE/drivers/pwm_mapping.o
LOAD obj/main/NAZE/drivers/pwm_output.o
LOAD obj/main/NAZE/drivers/pwm_rx.o
LOAD obj/main/NAZE/drivers/serial_softserial.o
LOAD obj/main/NAZE/drivers/serial_uart.o
LOAD obj/main/NAZE/drivers/serial_uart_stm32f10x.o
LOAD obj/main/NAZE/drivers/sound_beeper_stm32f10x.o
LOAD obj/main/NAZE/drivers/system_stm32f10x.o
LOAD obj/main/NAZE/drivers/timer.o
LOAD obj/main/NAZE/drivers/timer_stm32f10x.o
LOAD obj/main/NAZE/io/flashfs.o
LOAD obj/main/NAZE/hardware_revision.o
LOAD obj/main/NAZE/flight/gtune.o
LOAD obj/main/NAZE/flight/navigation.o
LOAD obj/main/NAZE/flight/gps_conversion.o
LOAD obj/main/NAZE/common/colorconversion.o
LOAD obj/main/NAZE/io/gps.o
LOAD obj/main/NAZE/io/ledstrip.o
LOAD obj/main/NAZE/io/display.o
LOAD obj/main/NAZE/telemetry/telemetry.o
LOAD obj/main/NAZE/telemetry/frsky.o
LOAD obj/main/NAZE/telemetry/hott.o
LOAD obj/main/NAZE/telemetry/smartport.o
LOAD obj/main/NAZE/telemetry/ltm.o
LOAD obj/main/NAZE/sensors/sonar.o
LOAD obj/main/NAZE/sensors/barometer.o
LOAD obj/main/NAZE/blackbox/blackbox.o
LOAD obj/main/NAZE/blackbox/blackbox_io.o
LOAD obj/main/NAZE/pif/source/core/pif.o
LOAD obj/main/NAZE/pif/source/core/pif_comm.o
LOAD obj/main/NAZE/pif/source/core/pif_i2c.o
LOAD obj/main/NAZE/pif/source/core/pif_list.o
LOAD obj/main/NAZE/pif/source/core/pif_log.o
LOAD obj/main/NAZE/pif/source/core/pif_ring_buffer.o
LOAD obj/main/NAZE/pif/source/core/pif_task.o
LOAD obj/main/NAZE/pif/source/core/pif_timer.o
LOAD obj/main/NAZE/pif/source/sensor/pif_hc_sr04.o
LOAD obj/main/NAZE/pif/source/sensor/pif_imu_sensor.o
LOAD obj/main/NAZE/pif/source/sensor/pif_mpu6500.o
LOAD obj/main/NAZE/pif/source/sensor/pif_bmp280.o
LOAD obj/main/NAZE/build_config.o
LOAD obj/main/NAZE/debug.o
LOAD obj/main/NAZE/version.o
LOAD obj/main/NAZE/config/config.o
LOAD obj/main/NAZE/config/runtime_config.o
LOAD obj/main/NAZE/common/maths.o
LOAD obj/main/NAZE/common/printf.o
LOAD obj/main/NAZE/common/typeconversion.o
LOAD obj/main/NAZE/common/encoding.o
LOAD obj/main/NAZE/common/filter.o
LOAD obj/main/NAZE/scheduler.o
LOAD obj/main/NAZE/scheduler_tasks.o
LOAD obj/main/NAZE/main.o
LOAD obj/main/NAZE/mw.o
LOAD obj/main/NAZE/flight/altitudehold.o
LOAD obj/main/NAZE/flight/failsafe.o
LOAD obj/main/NAZE/flight/pid.o
LOAD obj/main/NAZE/flight/imu.o
LOAD obj/main/NAZE/flight/mixer.o
LOAD obj/main/NAZE/drivers/bus_i2c.o
LOAD obj/main/NAZE/drivers/bus_i2c_soft.o
LOAD obj/main/NAZE/drivers/sensor.o
LOAD obj/main/NAZE/drivers/serial.o
LOAD obj/main/NAZE/drivers/sound_beeper.o
LOAD obj/main/NAZE/drivers/system.o
LOAD obj/main/NAZE/drivers/dma.o
LOAD obj/main/NAZE/drivers/buf_writer.o
LOAD obj/main/NAZE/drivers/gyro_sync.o
LOAD obj/main/NAZE/io/beeper.o
LOAD obj/main/NAZE/io/rc_controls.o
LOAD obj/main/NAZE/io/rc_curves.o
LOAD obj/main/NAZE/io/serial.o
LOAD obj/main/NAZE/io/serial_1wire.o
LOAD obj/main/NAZE/io/serial_cli.o
LOAD obj/main/NAZE/io/serial_msp.o
LOAD obj/main/NAZE/io/statusindicator.o
LOAD obj/main/NAZE/rx/rx.o
LOAD obj/main/NAZE/rx/pwm.o
LOAD obj/main/NAZE/rx/msp.o
LOAD obj/main/NAZE/rx/sbus.o
LOAD obj/main/NAZE/rx/sumd.o
LOAD obj/main/NAZE/rx/sumh.o
LOAD obj/main/NAZE/rx/spektrum.o
LOAD obj/main/NAZE/rx/xbus.o
LOAD obj/main/NAZE/rx/ibus.o
LOAD obj/main/NAZE/sensors/acceleration.o
LOAD obj/main/NAZE/sensors/battery.o
LOAD obj/main/NAZE/sensors/boardalignment.o
LOAD obj/main/NAZE/sensors/compass.o
LOAD obj/main/NAZE/sensors/gyro.o
LOAD obj/main/NAZE/sensors/initialisation.o
LOAD obj/main/NAZE/sensors/sensors.o
LOAD obj/main/NAZE/core_cm3.o
LOAD obj/main/NAZE/system_stm32f10x.o
LOAD obj/main/NAZE/stm32f10x_dma.o
LOAD obj/main/NAZE/stm32f10x_dbgmcu.o
LOAD obj/main/NAZE/stm32f10x_dac.o
LOAD obj/main/NAZE/stm32f10x_rtc.o
LOAD obj/main/NAZE/stm32f10x_pwr.o
LOAD obj/main/NAZE/stm32f10x_i2c.o
LOAD obj/main/NAZE/stm32f10x_sdio.o
LOAD obj/main/NAZE/stm32f10x_rcc.o
LOAD obj/main/NAZE/stm32f10x_flash.o
LOAD obj/main/NAZE/stm32f10x_usart.o
LOAD obj/main/NAZE/stm32f10x_tim.o
LOAD obj/main/NAZE/stm32f10x_wwdg.o
LOAD obj/main/NAZE/misc.o
LOAD obj/main/NAZE/stm32f10x_iwdg.o
LOAD obj/main/NAZE/stm32f10x_adc.o
LOAD obj/main/NAZE/stm32f10x_spi.o
LOAD obj/main/NAZE/stm32f10x_bkp.o
LOAD obj/main/NAZE/stm32f10x_exti.o
LOAD obj/main/NAZE/stm32f10x_fsmc.o
LOAD obj/main/NAZE/stm32f10x_gpio.o
LOAD /usr/lib/gcc/arm-none-eabi/4.9.3/../../../arm-none-eabi/lib/armv7-m/libm.a
LOAD /usr/lib/gcc/arm-none-eabi/4.9.3/../../../arm-none-eabi/lib/armv7-m/libc_nano.a
LOAD /usr/lib/gcc/arm-none-eabi/4.9.3/../../../arm-none-eabi/lib/armv7-m/libnosys.a
START GROUP
LOAD /usr/lib/gcc/arm-none-eabi/4.9.3/armv7-m/libgcc.a
LOAD /usr/lib/gcc/arm-none-eabi/4.9.3/../../../arm-none-eabi/lib/armv7-m/libg_nano.a
LOAD /usr/lib/gcc/arm-none-eabi/4.9.3/../../../arm-none-eabi/lib/armv7-m/libc_nano.a
END GROUP
START GROUP
LOAD /usr/lib/gcc/arm-none-eabi/4.9.3/armv7-m/libgcc.a
LOAD /usr/lib/gcc/arm-none-eabi/4.9.3/../../../arm-none-eabi/lib/armv7-m/libc_nano.a
END GROUP
                0x20005000                _estack = (ORIGIN (RAM) + LENGTH (RAM))
                0x00000000                _Min_Heap_Size = 0x0
                0x00000400                _Min_Stack_Size = 0x400

.isr_vector     0x08000000      0x10c
                0x08000000                . = ALIGN (0x4)
                [!provide]                PROVIDE (isr_vector_table_base, .)
 *(.isr_vector)
 .isr_vector    0x08000000      0x10c obj/main/NAZE/startup_stm32f10x_md_gcc.o
                0x08000000                g_pfnVectors
                0x0800010c                . = ALIGN (0x4)

.text           0x08000110    0x1df90
                0x08000110                . = ALIGN (0x4)
 *(.text)
 .text          0x08000110     0x2384 /tmp/ccLodPW3.ltrans0.ltrans.o
                0x08000110                init
 .text          0x08002494     0x226c /tmp/ccLodPW3.ltrans1.ltrans.o
                0x08002494                taskMainPidLoopChecker
 .text          0x08004700     0x1fcc /tmp/ccLodPW3.ltrans2.ltrans.o
                0x08004700                taskHandleSerial
 .text          0x080066cc     0x1698 /tmp/ccLodPW3.ltrans3.ltrans.o
                0x080066cc                taskUpdateRxMain
 .text          0x08007d64      0xccc /tmp/ccLodPW3.ltrans4.ltrans.o
                0x08007d64                taskTelemetry
 .text          0x08008a30      0xd3c /tmp/ccLodPW3.ltrans5.ltrans.o
                0x08008a30                _doTask.lto_priv.431
                0x08008a78                _doTask.lto_priv.406
                0x08008b30                _doTask.lto_priv.587
                0x08008d24                pifMpu6500_ReadAccel
                0x08008d8e                pifMpu6500_ReadGyro
                0x08008df8                activateControlRateConfig
                0x08008e40                isEEPROMContentValid.lto_priv.508
                0x08008e84                resetConf.lto_priv.227
                0x080092e8                _checkLoopTime.lto_priv.407
                0x0800937c                _processingTask.lto_priv.408
                0x08009424                _setParam.lto_priv.412
                0x08009524                _checkParam.lto_priv.410
                0x08009578                pifTaskManager_Add
                0x08009610                _resetTable.lto_priv.411
                0x0800963c                pifTaskManager_Remove
                0x08009680                pifRingBuffer_PutString
 .text          0x0800976c      0xa3c /tmp/ccLodPW3.ltrans6.ltrans.o
                0x08009a06                pifLog_Printf
                0x08009d14                pifFixList_Init.part.1.lto_priv.205
                0x08009d70                pifFixList_Remove
                0x08009da0                pifFixList_AddFirst
                0x08009dce                pifI2cDevice_WriteRegByte
                0x08009e98                pif_Delay1ms
                0x08009eb0                blackboxDeviceReserveBufferSpace
                0x08009f10                isBlackboxDeviceFull
                0x08009f3c                blackboxDeviceFlushForce
                0x08009f60                blackboxWriteTag2_3S32
                0x0800a080                blackboxWriteUnsignedVB
                0x0800a0a0                blackboxWriteSignedVB
                0x0800a0a8                blackboxPrint
                0x0800a184                blackboxPrintf
 .text          0x0800a1a8      0xb70 /tmp/ccLodPW3.ltrans7.ltrans.o
                0x0800a1a8                dmaNoOpHandler
                0x0800a1aa                micros
                0x0800a1e0                beepInverted.lto_priv.476
                0x0800a1f4                beepNormal.lto_priv.477
                0x0800a208                serialWriteBufShim
                0x0800a244                processChannelRangeArgs.lto_priv.238
                0x0800a29a                cliAux.lto_priv.213
                0x0800a38c                cliShowParseError.lto_priv.228
                0x0800a398                cliRxFail.lto_priv.221
                0x0800a4c8                serialRemovePort
                0x0800a4f8                closeSerialPort
                0x0800a520                serialFindPortConfiguration
                0x0800a548                cliSerial.lto_priv.222
                0x0800a68c                doesConfigurationUsePort
                0x0800a6a2                determinePortSharing
                0x0800a6b6                findNextSerialPortConfig
                0x0800a6e8                findSerialPortConfig
                0x0800a6f4                generateThrottleCurve
                0x0800a784                generatePitchRollCurve
                0x0800a7b8                isRangeActive.part.3.lto_priv.321
                0x0800a800                isModeActivationConditionPresent
                0x0800a822                calculateThrottleStatus
                0x0800a858                blackboxLogInflightAdjustmentEvent
                0x0800a880                bufWriterFlush
                0x0800a898                cliPrompt.lto_priv.366
                0x0800a8b4                bufWriterAppend
                0x0800a8d0                DMA1_Channel7_IRQHandler
                0x0800a8e0                DMA1_Channel6_IRQHandler
                0x0800a8f0                DMA1_Channel3_IRQHandler
                0x0800a900                DMA1_Channel2_IRQHandler
                0x0800a910                delayMicroseconds
                0x0800a926                delay
                0x0800a93a                SysTick_Handler
                0x0800aabc                EXTI15_10_IRQHandler
                0x0800aadc                systemBeep
                0x0800aae8                beeperSilence
                0x0800ab14                beeper
                0x0800ab58                beeperConfirmationBeeps
                0x0800ab88                failureMode
                0x0800ac1c                registerExtiCallbackHandler
                0x0800ac44                serialSetMode
                0x0800ac4a                openSerialPort
                0x0800ace8                isSerialTransmitBufferEmpty
                0x0800acee                waitForSerialPortToFinishTransmitting
                0x0800ad04                serialSetBaudRate
                0x0800ad0a                serialRead
                0x0800ad10                serialRxBytesWaiting
 .text          0x0800ad18      0xae8 /tmp/ccLodPW3.ltrans8.ltrans.o
                0x0800ad38                pwmOverflowCallback.lto_priv.471
                0x0800ad60                ppmEdgeCallback.lto_priv.472
                0x0800aefc                ppmOverflowCallback.lto_priv.473
                0x0800af3c                pwmWriteStandard.lto_priv.468
                0x0800af4c                pwmWriteBrushed.lto_priv.469
                0x0800af70                _evtHcSr04Distance.lto_priv.430
                0x0800afe0                _actHcSr04Trigger.lto_priv.429
                0x0800b064                applyChangedBits
                0x0800b08e                serialICConfig.lto_priv.578
                0x0800b1c2                pwmICConfig
                0x0800b1fc                pwmEdgeCallback.lto_priv.470
                0x0800b254                pwmWriteServo
                0x0800b26c                EXTI9_5_IRQHandler
                0x0800b26e                EXTI1_IRQHandler
                0x0800b270                EXTI0_IRQHandler
                0x0800b272                gpioExtiLineConfig
                0x0800b29c                gpioInit
                0x0800b300                openSoftSerial
                0x0800b498                pwmOutConfig.lto_priv.507
                0x0800b74c                m25p16_isReady
                0x0800b794                m25p16_waitForReady
                0x0800b7b4                m25p16_readBytes
 .text          0x0800b800      0xb50 /tmp/ccLodPW3.ltrans9.ltrans.o
                0x0800b800                NVIC_Init.part.0.constprop.199
                0x0800b83c                spiTransfer.constprop.189
                0x0800b87c                spiTransferByte.constprop.188
                0x0800b89c                _alignSensors4.constprop.184
                0x0800b9bc                pifI2cDevice_Read.constprop.174
                0x0800ba94                bmp085InitXCLRGpio.constprop.155
                0x0800bacc                GPS_coord_to_degrees.constprop.119
                0x0800bb8c                grab_fields.constprop.118
                0x0800bbd8                tfp_sprintf.constprop.114
                0x0800bc08                drawRxChannel.constprop.113
                0x0800bc54                pifTask_GetDeltaTime.constprop.91
                0x0800bc8c                blackboxWriteSigned16VBArray.constprop.90
                0x0800bcac                blackboxWriteSignedVBArray.constprop.89
                0x0800bcc6                mspAllocateSerialPorts.constprop.87
                0x0800bd40                resetSerialConfig.constprop.68
                0x0800bd9c                parseRcChannels.constprop.58
                0x0800bdd8                itoa.constprop.53
                0x0800bdfa                spektrumInit.constprop.38
                0x0800be7c                initI2cDevice.constprop.26
                0x0800bef4                findNextSharedSerialPort.constprop.18
                0x0800bf58                setAdjustment.constprop.16
                0x0800bfe4                headSerialError.constprop.10
                0x0800bfec                GPIO_Init
                0x0800c088                EXTI_Init.part.0.lto_priv.504
                0x0800c0e8                EXTI_GetITStatus
                0x0800c104                TIM_ICInit
                0x0800c32c                FLASH_WaitForLastOperation
 .text          0x0800c350      0xea0 /tmp/ccLodPW3.ltrans10.ltrans.o
                0x0800c350                taskSystem
                0x0800c430                putcp.lto_priv.200
                0x0800c48e                _putc.lto_priv.480
                0x0800c49c                createTask.part.1.lto_priv.409
                0x0800c4c8                applyBiQuadFilter
                0x0800c52e                BiQuadNewLpf
                0x0800c600                fastA2F
                0x0800c72c                ftoa
                0x0800c7f8                _i2a.lto_priv.204
                0x0800c820                tfp_format
                0x0800c9f6                applyDeadband
                0x0800ca14                acosf
                0x0800ca8c                atan2f
                0x0800cb90                sinf
                0x0800cc78                cosf
                0x0800cc8c                disableFlightMode
                0x0800ccac                enableFlightMode
                0x0800cccc                featureClear
                0x0800ccdc                handleOneshotFeatureChangeOnRestart
                0x0800cd30                writeEEPROM
                0x0800ce7c                readEEPROM
                0x0800d1dc                saveConfigAndNotify
 .text          0x0800d1f0      0xaec /tmp/ccLodPW3.ltrans11.ltrans.o
                0x0800d338                evtBaroRead
                0x0800d3a0                blackboxWrite
                0x0800d538                blackboxAdvanceIterationTimers.lto_priv.386
                0x0800d574                blackboxLogEvent
                0x0800d624                blackboxLogIteration.lto_priv.387
                0x0800db80                sendFieldDefinition.lto_priv.388
 .text          0x0800dcdc      0xdc0 /tmp/ccLodPW3.ltrans12.ltrans.o
                0x0800dcf4                padHalfLineBuffer
                0x0800dd1c                padLineBuffer
                0x0800dd40                gpsNewFrame
                0x0800e2e8                gpsSetState.lto_priv.285
                0x0800e304                GPS_distance_cm_bearing.isra.3.lto_priv.574
                0x0800e388                gpsNewData.part.2.lto_priv.229
 .text          0x0800ea9c      0xdb0 /tmp/ccLodPW3.ltrans13.ltrans.o
                0x0800ea9c                cliFeature.lto_priv.216
                0x0800eb94                cliExit.lto_priv.215
                0x0800ec10                cliFlashErase.lto_priv.217
                0x0800ec3c                cliFlashInfo.lto_priv.218
                0x0800ec74                cliServo.lto_priv.223
                0x0800edb8                cliRxRange.lto_priv.220
                0x0800eea4                cliServoMix.lto_priv.224
                0x0800f1bc                cliMotorMix.lto_priv.219
                0x0800f3bc                cliAdjustmentRange.lto_priv.212
                0x0800f51c                cliDump.lto_priv.214
 .text          0x0800f84c      0xcd8 /tmp/ccLodPW3.ltrans14.ltrans.o
                0x0800f84c                ibusReadRawRC.lto_priv.449
                0x0800f858                xBusReadRawRC.lto_priv.447
                0x0800f918                spektrumReadRawRC.lto_priv.201
                0x0800f944                sumhReadRawRC.lto_priv.440
                0x0800f95c                sumdReadRawRC.lto_priv.438
                0x0800f970                sbusReadRawRC.lto_priv.436
                0x0800f9a0                rxMspReadRawRC.lto_priv.451
                0x0800f9b0                ppmReadRawRC.lto_priv.453
                0x0800f9c0                pwmReadRawRC.lto_priv.452
                0x0800f9d0                nullReadRawRC.lto_priv.203
                0x0800f9d4                ibusDataReceive.lto_priv.450
                0x0800fa20                xBusDataReceive.lto_priv.448
                0x0800fafc                spektrumDataReceive.lto_priv.202
                0x0800fb4c                sumhDataReceive.lto_priv.441
                0x0800fb98                sumdDataReceive.lto_priv.439
                0x0800fc44                sbusDataReceive.lto_priv.437
                0x0800fc9c                cliVersion.lto_priv.226
                0x0800fcd0                cliTasks.lto_priv.225
                0x0800fd60                FLASH_GetBank1Status
                0x0800fd88                RCC_GetClocksFreq
                0x0800fe1c                DMA_Init
                0x0800fe58                DMA_DeInit
                0x0800ff48                SystemInit
                0x0800ff94                alignSensors
                0x08010110                calculateBatteryCapacityRemainingPercentage
                0x08010158                batteryAdcToVoltage
                0x08010184                updateBatteryVoltage.lto_priv.328
                0x080101bc                getRxfailValue.lto_priv.323
                0x0801021c                resumeRxSignal
                0x08010244                suspendRxSignal
                0x08010270                warningLedRefresh
                0x080102b8                packFlightModeFlags.lto_priv.365
                0x080103e8                mspReleasePortIfAllocated
                0x08010428                read8.lto_priv.360
                0x08010440                read16.lto_priv.361
                0x08010454                read32.lto_priv.362
                0x08010466                serialize8.lto_priv.359
                0x08010488                tailSerialReply.lto_priv.357
                0x080104ac                headSerialResponse.lto_priv.206
                0x080104f8                headSerialReply.lto_priv.358
                0x080104fe                serialize16.lto_priv.363
                0x08010510                serialize32.lto_priv.364
 *fill*         0x08010524        0x4 
 .text          0x08010528      0xa5c /tmp/ccLodPW3.ltrans15.ltrans.o
                0x08010528                mpu6500AccDetect
                0x08010564                mpu6050GyroDetect
                0x080105ac                mpu6050AccDetect
                0x0801062c                mpu3050Detect
                0x08010678                mpu6500GyroDetect
                0x080108c8                mpuGyroRead
                0x08010948                mpuAccRead
                0x080109cc                mpuWriteRegisterI2C.lto_priv.461
                0x08010a5c                mpuReadRegisterI2C.lto_priv.460
                0x08010ae4                mma8452Detect
                0x08010bb4                bma280Detect
                0x08010cf4                adxl345Detect
                0x08010e20                mpuIntExtiInit
 .text          0x08010f84      0x708 /tmp/ccLodPW3.ltrans16.ltrans.o
                0x0801100e                isSoftSerialTransmitBufferEmpty
                0x0801101a                softSerialSetMode
                0x0801101e                softSerialWriteByte
                0x0801103c                softSerialTxBytesFree
                0x0801105e                softSerialRxBytesWaiting
                0x0801107c                softSerialReadByte
                0x080111d8                softSerialSetBaudRate
                0x080111e8                onSerialRxPinChange
                0x08011286                usartIrqCallback
                0x080112ea                uartStartTxDMA
                0x0801134c                uartOpen
 .text          0x0801168c      0x41c /tmp/ccLodPW3.ltrans17.ltrans.o
                0x0801168c                mwArm
                0x08011a24                mwDisarm
                0x08011a8c                HardFault_Handler
 .text          0x08011aa8      0x988 /tmp/ccLodPW3.ltrans18.ltrans.o
                0x08011b6c                wrap_18000.lto_priv.390
                0x08011b90                GPS_set_next_wp
                0x08011c1c                gpsUsePIDs
                0x08011cbc                GPS_reset_home_position
                0x08011d10                calculate_Gtune
                0x08011ecc                flashfsAdvanceTailInBuffer.lto_priv.529
                0x08011efc                flashfsGetDirtyDataBuffers.lto_priv.527
                0x08011f34                flashfsGetOffset
                0x08011f54                flashfsWriteBuffers.lto_priv.528
                0x080120a8                flashfsFlushSync
                0x080120e0                flashfsFlushAsync
                0x08012124                flashfsTransmitBufferUsed.lto_priv.389
                0x08012144                flashfsEraseCompletely
                0x08012194                TIM4_IRQHandler
                0x080121a4                TIM3_IRQHandler
                0x080121b4                TIM2_IRQHandler
                0x080121c0                TIM1_UP_IRQHandler
                0x080121d0                TIM1_CC_IRQHandler
                0x080121e0                configTimeBase
                0x08012288                timerConfigure
                0x080122dc                lookupTimerIndex.lto_priv.259
                0x08012318                timerChConfigCallbacks
                0x080123d0                USART3_IRQHandler
                0x080123dc                USART2_IRQHandler
                0x080123e8                USART1_IRQHandler
                0x080123f4                DMA1_Channel4_IRQHandler
 .text          0x08012430      0xa30 /tmp/ccLodPW3.ltrans19.ltrans.o
                0x080126b8                mpu6500SpiGyroDetect
                0x08012700                mpu6500SpiAccDetect
                0x0801273c                bmp280Detect
                0x0801296c                ms5611Detect
                0x08012a80                bmp085Disable
                0x08012ac8                bmp085Detect
                0x08012d04                mpu6500GyroInit
                0x08012dec                mpu6500AccInit
                0x08012e04                mpu6500ReadRegister
                0x08012e30                mpu6500WriteRegister
                0x08012e50                I2C2_EV_IRQHandler
                0x08012e54                I2C2_ER_IRQHandler
                0x08012e58                I2C1_EV_IRQHandler
                0x08012e5c                I2C1_ER_IRQHandler
 .text          0x08012e60      0xda4 /tmp/ccLodPW3.ltrans20.ltrans.o
                0x08012e60                actI2cRead
                0x08012e70                actI2cWrite
                0x080138fc                serialWrite
                0x08013902                writeMotors
                0x080139a8                stopMotors
                0x080139f0                mixerResetDisarmedMotors
                0x08013a28                loadCustomServoMixer
                0x08013a78                determineServoMiddleOrForwardFromChannel
                0x08013aac                imuComputeRotationMatrix.lto_priv.391
                0x08013be0                pidSetController
 .text          0x08013c04      0x988 /tmp/ccLodPW3.ltrans21.ltrans.o
                0x08013c08                cliGpsPassthrough.lto_priv.348
                0x08013cb8                cliWrite.lto_priv.236
                0x08013cc8                cliPrintf.lto_priv.210
                0x08013cf0                cliPrintVar.lto_priv.237
                0x08013ddc                cliRateProfile.lto_priv.234
                0x08013e24                cliProfile.lto_priv.235
                0x08013e60                cliPlaySound.lto_priv.353
                0x08013f00                cliMotor.lto_priv.352
                0x08013fa8                cliPrint.lto_priv.232
                0x08013fc4                cliStatus.lto_priv.356
                0x0801413c                cliGet.lto_priv.347
                0x08014194                cliSet.lto_priv.355
                0x08014398                cliMixer.lto_priv.351
                0x08014438                cliMap.lto_priv.350
                0x080144dc                cliHelp.lto_priv.349
                0x08014520                cliReboot.lto_priv.233
                0x08014558                cliDefaults.lto_priv.346
                0x08014574                cliSave.lto_priv.354
 .text          0x0801458c      0x90c /tmp/ccLodPW3.ltrans22.ltrans.o
                0x0801458c                taskUpdateDisplay
                0x080145a4                taskCalculateAltitude
                0x08014a20                taskUpdateBaro
                0x08014ad4                taskUpdateCompass
                0x08014bf0                taskProcessGPS
 .text          0x08014e98      0x6e4 /tmp/ccLodPW3.ltrans23.ltrans.o
                0x08014f10                hmc5883lDetect
                0x080151e8                i2c_OLED_send_byte.lto_priv.556
                0x080151f2                i2c_OLED_send_char
                0x08015228                i2c_OLED_send_string
                0x0801523a                i2c_OLED_send_cmd.lto_priv.506
                0x08015244                ug2864hsweg01InitI2C.part.0.lto_priv.505
                0x08015322                i2c_OLED_set_line
                0x0801533a                i2c_OLED_set_xy
                0x08015364                i2cInit
 .text          0x0801557c      0x41c /tmp/ccLodPW3.ltrans24.ltrans.o
                0x0801559c                i2c_ev_handler.lto_priv.590
                0x080157ec                i2c_er_handler.lto_priv.591
                0x08015884                i2cRead
                0x08015904                i2cWriteBuffer
                0x08015984                i2cWrite
 .text          0x08015998      0x780 /tmp/ccLodPW3.ltrans25.ltrans.o
                0x08015998                drawHorizonalPercentageBar
                0x080159ea                updateDisplay
 .text          0x08016118      0x5bc /tmp/ccLodPW3.ltrans26.ltrans.o
                0x0801620c                recalculateBarometerTotal.lto_priv.284
                0x08016280                sonarRead
                0x08016314                ltm_finalise.lto_priv.274
                0x0801632c                ltm_serialise_8.lto_priv.275
                0x08016350                ltm_serialise_32.lto_priv.276
                0x08016372                ltm_serialise_16.lto_priv.278
                0x08016384                ltm_initialise_packet.lto_priv.277
                0x080163b8                smartPortSendPackage.lto_priv.273
                0x08016420                workAroundForHottTelemetryOnUsart.isra.0.lto_priv.272
                0x0801644c                flushHottRxBuffer.lto_priv.271
                0x08016468                serialize16.lto_priv.268
                0x0801647c                sendTelemetryTail.lto_priv.267
                0x0801648c                sendDataHead.lto_priv.269
                0x080164ac                sendLatLong.lto_priv.270
                0x08016524                telemetryCheckState
 .text          0x080166d4      0x338 /tmp/ccLodPW3.ltrans27.ltrans.o
                0x080166d4                taskUpdateBattery
                0x080168dc                taskUpdateBeeper
 .text          0x08016a0c      0x1e4 /tmp/ccLodPW3.ltrans28.ltrans.o
                0x08016a0c                taskUpdateAccelerometer
 .text          0x08016bf0      0x178 /tmp/ccLodPW3.ltrans29.ltrans.o
                0x08016bf0                filterIsSetCheck
                0x08016c30                scaleItermToRcInput
                0x08016d10                pidResetErrorAngle
                0x08016d2c                failsafeActivate.lto_priv.322
 .text          0x08016d68      0x370 /usr/lib/gcc/arm-none-eabi/4.9.3/armv7-m/libgcc.a(_arm_addsubdf3.o)
                0x08016d68                __aeabi_drsub
                0x08016d70                __aeabi_dsub
                0x08016d70                __subdf3
                0x08016d74                __adddf3
                0x08016d74                __aeabi_dadd
                0x08016fec                __aeabi_ui2d
                0x08016fec                __floatunsidf
                0x0801700c                __floatsidf
                0x0801700c                __aeabi_i2d
                0x08017030                __extendsfdf2
                0x08017030                __aeabi_f2d
                0x0801706c                __aeabi_ul2d
                0x0801706c                __floatundidf
                0x0801707c                __floatdidf
                0x0801707c                __aeabi_l2d
 .text          0x080170d8      0x424 /usr/lib/gcc/arm-none-eabi/4.9.3/armv7-m/libgcc.a(_arm_muldivdf3.o)
                0x080170d8                __aeabi_dmul
                0x080170d8                __muldf3
                0x0801732c                __aeabi_ddiv
                0x0801732c                __divdf3
 .text          0x080174fc      0x110 /usr/lib/gcc/arm-none-eabi/4.9.3/armv7-m/libgcc.a(_arm_cmpdf2.o)
                0x080174fc                __gtdf2
                0x080174fc                __gedf2
                0x08017504                __ltdf2
                0x08017504                __ledf2
                0x0801750c                __cmpdf2
                0x0801750c                __eqdf2
                0x0801750c                __nedf2
                0x08017588                __aeabi_cdrcmple
                0x08017598                __aeabi_cdcmple
                0x08017598                __aeabi_cdcmpeq
                0x080175a8                __aeabi_dcmpeq
                0x080175bc                __aeabi_dcmplt
                0x080175d0                __aeabi_dcmple
                0x080175e4                __aeabi_dcmpge
                0x080175f8                __aeabi_dcmpgt
 .text          0x0801760c       0x40 /usr/lib/gcc/arm-none-eabi/4.9.3/armv7-m/libgcc.a(_arm_fixunsdfsi.o)
                0x0801760c                __fixunsdfsi
                0x0801760c                __aeabi_d2uiz
 .text          0x0801764c       0xa0 /usr/lib/gcc/arm-none-eabi/4.9.3/armv7-m/libgcc.a(_arm_truncdfsf2.o)
                0x0801764c                __aeabi_d2f
                0x0801764c                __truncdfsf2
 .text          0x080176ec      0x21c /usr/lib/gcc/arm-none-eabi/4.9.3/armv7-m/libgcc.a(_arm_addsubsf3.o)
                0x080176ec                __aeabi_frsub
                0x080176f4                __subsf3
                0x080176f4                __aeabi_fsub
                0x080176f8                __aeabi_fadd
                0x080176f8                __addsf3
                0x08017858                __aeabi_ui2f
                0x08017858                __floatunsisf
                0x08017860                __aeabi_i2f
                0x08017860                __floatsisf
                0x0801787c                __floatundisf
                0x0801787c                __aeabi_ul2f
                0x0801788c                __floatdisf
                0x0801788c                __aeabi_l2f
 .text          0x08017908      0x2a0 /usr/lib/gcc/arm-none-eabi/4.9.3/armv7-m/libgcc.a(_arm_muldivsf3.o)
                0x08017908                __mulsf3
                0x08017908                __aeabi_fmul
                0x08017a70                __divsf3
                0x08017a70                __aeabi_fdiv
 .text          0x08017ba8       0xec /usr/lib/gcc/arm-none-eabi/4.9.3/armv7-m/libgcc.a(_arm_cmpsf2.o)
                0x08017ba8                __gtsf2
                0x08017ba8                __gesf2
                0x08017bb0                __lesf2
                0x08017bb0                __ltsf2
                0x08017bb8                __nesf2
                0x08017bb8                __eqsf2
                0x08017bb8                __cmpsf2
                0x08017c18                __aeabi_cfrcmple
                0x08017c20                __aeabi_cfcmple
                0x08017c20                __aeabi_cfcmpeq
                0x08017c30                __aeabi_fcmpeq
                0x08017c44                __aeabi_fcmplt
                0x08017c58                __aeabi_fcmple
                0x08017c6c                __aeabi_fcmpge
                0x08017c80                __aeabi_fcmpgt
 .text          0x08017c94       0x4c /usr/lib/gcc/arm-none-eabi/4.9.3/armv7-m/libgcc.a(_arm_fixsfsi.o)
                0x08017c94                __fixsfsi
                0x08017c94                __aeabi_f2iz
 .text          0x08017ce0       0x40 /usr/lib/gcc/arm-none-eabi/4.9.3/armv7-m/libgcc.a(_arm_fixunssfsi.o)
                0x08017ce0                __aeabi_f2uiz
                0x08017ce0                __fixunssfsi
 .text          0x08017d20       0x38 /usr/lib/gcc/arm-none-eabi/4.9.3/armv7-m/libgcc.a(_aeabi_ldivmod.o)
                0x08017d20                __aeabi_ldivmod
 .text          0x08017d58       0x60 /usr/lib/gcc/arm-none-eabi/4.9.3/armv7-m/libgcc.a(bpabi.o)
                0x08017d58                __gnu_ldivmod_helper
                0x08017d88                __gnu_uldivmod_helper
 .text          0x08017db8        0x4 /usr/lib/gcc/arm-none-eabi/4.9.3/armv7-m/libgcc.a(_dvmd_tls.o)
                0x08017db8                __aeabi_ldiv0
                0x08017db8                __aeabi_idiv0
 .text          0x08017dbc      0x2ac /usr/lib/gcc/arm-none-eabi/4.9.3/armv7-m/libgcc.a(_divdi3.o)
                0x08017dbc                __divdi3
 .text          0x08018068      0x270 /usr/lib/gcc/arm-none-eabi/4.9.3/armv7-m/libgcc.a(_udivdi3.o)
                0x08018068                __udivdi3
 *(.text*)
 .text.Reset_Handler
                0x080182d8       0x9c obj/main/NAZE/startup_stm32f10x_md_gcc.o
                0x080182d8                Reset_Handler
 .text.Default_Handler
                0x08018374        0x2 obj/main/NAZE/startup_stm32f10x_md_gcc.o
                0x08018374                EXTI2_IRQHandler
                0x08018374                DebugMon_Handler
                0x08018374                PVD_IRQHandler
                0x08018374                PendSV_Handler
                0x08018374                NMI_Handler
                0x08018374                EXTI3_IRQHandler
                0x08018374                UsageFault_Handler
                0x08018374                ADC1_2_IRQHandler
                0x08018374                SPI1_IRQHandler
                0x08018374                TAMPER_IRQHandler
                0x08018374                RTC_IRQHandler
                0x08018374                CAN1_RX1_IRQHandler
                0x08018374                RCC_IRQHandler
                0x08018374                TIM1_TRG_COM_IRQHandler
                0x08018374                DMA1_Channel1_IRQHandler
                0x08018374                Default_Handler
                0x08018374                SPI2_IRQHandler
                0x08018374                MemManage_Handler
                0x08018374                SVC_Handler
                0x08018374                DMA1_Channel5_IRQHandler
                0x08018374                EXTI4_IRQHandler
                0x08018374                USB_LP_CAN1_RX0_IRQHandler
                0x08018374                USB_HP_CAN1_TX_IRQHandler
                0x08018374                WWDG_IRQHandler
                0x08018374                TIM1_BRK_IRQHandler
                0x08018374                RTCAlarm_IRQHandler
                0x08018374                CAN1_SCE_IRQHandler
                0x08018374                FLASH_IRQHandler
                0x08018374                BusFault_Handler
                0x08018374                USBWakeUp_IRQHandler
 *fill*         0x08018376        0x2 
 .text.unlikely
                0x08018378       0x50 /tmp/ccLodPW3.ltrans6.ltrans.o
                0x08018378                blackboxPrintfHeaderLine
 .text.startup  0x080183c8      0x330 /tmp/ccLodPW3.ltrans17.ltrans.o
                0x080183c8                main
 .text.atoi     0x080186f8        0x8 /usr/lib/gcc/arm-none-eabi/4.9.3/../../../arm-none-eabi/lib/armv7-m/libc_nano.a(lib_a-atoi.o)
                0x080186f8                atoi
 .text.strtok   0x08018700       0x64 /usr/lib/gcc/arm-none-eabi/4.9.3/../../../arm-none-eabi/lib/armv7-m/libc_nano.a(lib_a-strtok.o)
                0x08018700                strtok
 .text.__strtok_r
                0x08018764       0x56 /usr/lib/gcc/arm-none-eabi/4.9.3/../../../arm-none-eabi/lib/armv7-m/libc_nano.a(lib_a-strtok_r.o)
                0x08018764                __strtok_r
 .text.strtok_r
                0x080187ba        0x6 /usr/lib/gcc/arm-none-eabi/4.9.3/../../../arm-none-eabi/lib/armv7-m/libc_nano.a(lib_a-strtok_r.o)
                0x080187ba                strtok_r
 .text._strtol_r
                0x080187c0      0x10c /usr/lib/gcc/arm-none-eabi/4.9.3/../../../arm-none-eabi/lib/armv7-m/libc_nano.a(lib_a-strtol.o)
                0x080187c0                _strtol_r
 .text.strtol   0x080188cc       0x1c /usr/lib/gcc/arm-none-eabi/4.9.3/../../../arm-none-eabi/lib/armv7-m/libc_nano.a(lib_a-strtol.o)
                0x080188cc                strtol
 .text.malloc   0x080188e8       0x10 /usr/lib/gcc/arm-none-eabi/4.9.3/../../../arm-none-eabi/lib/armv7-m/libc_nano.a(lib_a-malloc.o)
                0x080188e8                malloc
 .text.free     0x080188f8       0x10 /usr/lib/gcc/arm-none-eabi/4.9.3/../../../arm-none-eabi/lib/armv7-m/libc_nano.a(lib_a-malloc.o)
                0x080188f8                free
 .text._free_r  0x08018908       0x88 /usr/lib/gcc/arm-none-eabi/4.9.3/../../../arm-none-eabi/lib/armv7-m/libc_nano.a(lib_a-nano-freer.o)
                0x08018908                _free_r
 .text._malloc_r
                0x08018990       0xac /usr/lib/gcc/arm-none-eabi/4.9.3/../../../arm-none-eabi/lib/armv7-m/libc_nano.a(lib_a-nano-mallocr.o)
                0x08018990                _malloc_r
 .text._sbrk_r  0x08018a3c       0x20 /usr/lib/gcc/arm-none-eabi/4.9.3/../../../arm-none-eabi/lib/armv7-m/libc_nano.a(lib_a-sbrkr.o)
                0x08018a3c                _sbrk_r
 .text._sbrk    0x08018a5c       0x1c /usr/lib/gcc/arm-none-eabi/4.9.3/../../../arm-none-eabi/lib/armv7-m/libnosys.a(sbrk.o)
                0x08018a5c                _sbrk
 .text.lrintf   0x08018a78       0x78 /usr/lib/gcc/arm-none-eabi/4.9.3/../../../arm-none-eabi/lib/armv7-m/libm.a(lib_a-sf_lrint.o)
                0x08018a78                lrintf
 .text.powf     0x08018af0      0x314 /usr/lib/gcc/arm-none-eabi/4.9.3/../../../arm-none-eabi/lib/armv7-m/libm.a(lib_a-wf_pow.o)
                0x08018af0                powf
 .text.sqrtf    0x08018e04       0x9c /usr/lib/gcc/arm-none-eabi/4.9.3/../../../arm-none-eabi/lib/armv7-m/libm.a(lib_a-wf_sqrt.o)
                0x08018e04                sqrtf
 .text.__ieee754_powf
                0x08018ea0      0x6ec /usr/lib/gcc/arm-none-eabi/4.9.3/../../../arm-none-eabi/lib/armv7-m/libm.a(lib_a-ef_pow.o)
                0x08018ea0                __ieee754_powf
 .text.__ieee754_sqrtf
                0x0801958c       0xa8 /usr/lib/gcc/arm-none-eabi/4.9.3/../../../arm-none-eabi/lib/armv7-m/libm.a(lib_a-ef_sqrt.o)
                0x0801958c                __ieee754_sqrtf
 .text.matherr  0x08019634        0x4 /usr/lib/gcc/arm-none-eabi/4.9.3/../../../arm-none-eabi/lib/armv7-m/libm.a(lib_a-s_matherr.o)
                0x08019634                matherr
 .text.rint     0x08019638      0x11c /usr/lib/gcc/arm-none-eabi/4.9.3/../../../arm-none-eabi/lib/armv7-m/libm.a(lib_a-s_rint.o)
                0x08019638                rint
 .text.fabsf    0x08019754        0x8 /usr/lib/gcc/arm-none-eabi/4.9.3/../../../arm-none-eabi/lib/armv7-m/libm.a(lib_a-sf_fabs.o)
                0x08019754                fabsf
 .text.finitef  0x0801975c       0x10 /usr/lib/gcc/arm-none-eabi/4.9.3/../../../arm-none-eabi/lib/armv7-m/libm.a(lib_a-sf_finite.o)
                0x0801975c                finitef
 .text.__fpclassifyf
                0x0801976c       0x34 /usr/lib/gcc/arm-none-eabi/4.9.3/../../../arm-none-eabi/lib/armv7-m/libm.a(lib_a-sf_fpclassify.o)
                0x0801976c                __fpclassifyf
 .text.nanf     0x080197a0        0x8 /usr/lib/gcc/arm-none-eabi/4.9.3/../../../arm-none-eabi/lib/armv7-m/libm.a(lib_a-sf_nan.o)
                0x080197a0                nanf
 .text.scalbnf  0x080197a8       0xb0 /usr/lib/gcc/arm-none-eabi/4.9.3/../../../arm-none-eabi/lib/armv7-m/libm.a(lib_a-sf_scalbn.o)
                0x080197a8                scalbnf
 .text.copysignf
                0x08019858        0xc /usr/lib/gcc/arm-none-eabi/4.9.3/../../../arm-none-eabi/lib/armv7-m/libm.a(lib_a-sf_copysign.o)
                0x08019858                copysignf
 .text.calloc   0x08019864       0x14 /usr/lib/gcc/arm-none-eabi/4.9.3/../../../arm-none-eabi/lib/armv7-m/libc_nano.a(lib_a-calloc.o)
                0x08019864                calloc
 .text.__errno  0x08019878        0xc /usr/lib/gcc/arm-none-eabi/4.9.3/../../../arm-none-eabi/lib/armv7-m/libc_nano.a(lib_a-errno.o)
                0x08019878                __errno
 .text.memcmp   0x08019884       0x20 /usr/lib/gcc/arm-none-eabi/4.9.3/../../../arm-none-eabi/lib/armv7-m/libc_nano.a(lib_a-memcmp.o)
                0x08019884                memcmp
 .text.memcpy   0x080198a4       0x16 /usr/lib/gcc/arm-none-eabi/4.9.3/../../../arm-none-eabi/lib/armv7-m/libc_nano.a(lib_a-memcpy.o)
                0x080198a4                memcpy
 .text.memset   0x080198ba       0x10 /usr/lib/gcc/arm-none-eabi/4.9.3/../../../arm-none-eabi/lib/armv7-m/libc_nano.a(lib_a-memset.o)
                0x080198ba                memset
 .text._calloc_r
                0x080198ca       0x1c /usr/lib/gcc/arm-none-eabi/4.9.3/../../../arm-none-eabi/lib/armv7-m/libc_nano.a(lib_a-nano-callocr.o)
                0x080198ca                _calloc_r
 *fill*         0x080198e6        0x2 
 .text.strcasecmp
                0x080198e8       0x3c /usr/lib/gcc/arm-none-eabi/4.9.3/../../../arm-none-eabi/lib/armv7-m/libc_nano.a(lib_a-strcasecmp.o)
                0x080198e8                strcasecmp
 .text.strcat   0x08019924       0x1e /usr/lib/gcc/arm-none-eabi/4.9.3/../../../arm-none-eabi/lib/armv7-m/libc_nano.a(lib_a-strcat.o)
                0x08019924                strcat
 .text.strchr   0x08019942       0x1c /usr/lib/gcc/arm-none-eabi/4.9.3/../../../arm-none-eabi/lib/armv7-m/libc_nano.a(lib_a-strchr.o)
                0x08019942                strchr
 .text.strcpy   0x0801995e       0x10 /usr/lib/gcc/arm-none-eabi/4.9.3/../../../arm-none-eabi/lib/armv7-m/libc_nano.a(lib_a-strcpy.o)
                0x0801995e                strcpy
 .text.strlen   0x0801996e       0x10 /usr/lib/gcc/arm-none-eabi/4.9.3/../../../arm-none-eabi/lib/armv7-m/libc_nano.a(lib_a-strlen.o)
                0x0801996e                strlen
 *fill*         0x0801997e        0x2 
 .text.strncasecmp
                0x08019980       0x44 /usr/lib/gcc/arm-none-eabi/4.9.3/../../../arm-none-eabi/lib/armv7-m/libc_nano.a(lib_a-strncasecmp.o)
                0x08019980                strncasecmp
 .text.strncpy  0x080199c4       0x24 /usr/lib/gcc/arm-none-eabi/4.9.3/../../../arm-none-eabi/lib/armv7-m/libc_nano.a(lib_a-strncpy.o)
                0x080199c4                strncpy
 .text.strstr   0x080199e8       0x30 /usr/lib/gcc/arm-none-eabi/4.9.3/../../../arm-none-eabi/lib/armv7-m/libc_nano.a(lib_a-strstr.o)
                0x080199e8                strstr
 *(.rodata)
 .rodata        0x08019a18      0x1ec /tmp/ccLodPW3.ltrans0.ltrans.o
 .rodata        0x08019c04      0x2b4 /tmp/ccLodPW3.ltrans1.ltrans.o
 .rodata        0x08019eb8      0x18c /tmp/ccLodPW3.ltrans2.ltrans.o
 .rodata        0x0801a044        0x8 /tmp/ccLodPW3.ltrans4.ltrans.o
 .rodata        0x0801a04c        0x4 /tmp/ccLodPW3.ltrans6.ltrans.o
 .rodata        0x0801a050       0x16 /tmp/ccLodPW3.ltrans7.ltrans.o
 *fill*         0x0801a066        0x2 
 .rodata        0x0801a068       0x28 /tmp/ccLodPW3.ltrans8.ltrans.o
 .rodata        0x0801a090       0x34 /tmp/ccLodPW3.ltrans9.ltrans.o
                0x0801a090                baudRates
                0x0801a0b0                bmp085Config.lto_priv.588
 .rodata        0x0801a0c4       0x18 /tmp/ccLodPW3.ltrans11.ltrans.o
 .rodata        0x0801a0dc      0x6a9 /tmp/ccLodPW3.ltrans13.ltrans.o
                0x0801a138                servoMixers
                0x0801a208                mixerAtail4.lto_priv.496
                0x0801a248                mixerDualcopter.lto_priv.495
                0x0801a268                mixerHex6H.lto_priv.494
                0x0801a2c8                mixerVtail4.lto_priv.493
                0x0801a308                mixerOctoFlatX.lto_priv.492
                0x0801a388                mixerOctoFlatP.lto_priv.491
                0x0801a408                mixerOctoX8.lto_priv.490
                0x0801a488                mixerHex6X.lto_priv.489
                0x0801a4e8                mixerY4.lto_priv.488
                0x0801a528                mixerSingleProp.lto_priv.487
                0x0801a538                mixerHex6P.lto_priv.486
                0x0801a598                mixerY6.lto_priv.485
                0x0801a5f8                mixerBicopter.lto_priv.484
                0x0801a618                mixerQuadX.lto_priv.483
                0x0801a658                mixerQuadP.lto_priv.482
                0x0801a698                mixerTricopter.lto_priv.481
                0x0801a6c8                servoMixerSingle.lto_priv.503
                0x0801a700                servoMixerDual.lto_priv.502
                0x0801a70e                servoMixerAirplane.lto_priv.501
                0x0801a731                servoMixerFlyingWing.lto_priv.500
                0x0801a754                servoMixerGimbal.lto_priv.499
                0x0801a762                servoMixerBI.lto_priv.498
                0x0801a77e                servoMixerTri.lto_priv.497
 *fill*         0x0801a785        0x3 
 .rodata        0x0801a788       0x20 /tmp/ccLodPW3.ltrans14.ltrans.o
                0x0801a79c                shortGitRevision
                0x0801a7a0                buildTime
                0x0801a7a4                buildDate
 .rodata        0x0801a7a8       0x28 /tmp/ccLodPW3.ltrans16.ltrans.o
 .rodata        0x0801a7d0     0x127c /tmp/ccLodPW3.ltrans21.ltrans.o
                0x0801a838                beeperTable.lto_priv.243
                0x0801a928                valueTable
                0x0801b6fc                mixerNames.lto_priv.231
                0x0801b764                cmdTable
                0x0801b924                beep_armedBeep.lto_priv.257
                0x0801b929                beep_disarmRepeatBeep.lto_priv.256
                0x0801b92d                beep_readyBeep.lto_priv.255
                0x0801b93c                beep_2longerBeeps.lto_priv.254
                0x0801b941                beep_2shortBeeps.lto_priv.253
                0x0801b946                beep_shortBeep.lto_priv.252
                0x0801b949                beep_lowBatteryBeep.lto_priv.251
                0x0801b94c                beep_critBatteryBeep.lto_priv.250
                0x0801b94f                beep_armedGpsFix.lto_priv.249
                0x0801b958                beep_armingBeep.lto_priv.248
                0x0801b95d                beep_disarmBeep.lto_priv.247
                0x0801b962                beep_txLostBeep.lto_priv.246
                0x0801b965                beep_sos.lto_priv.245
                0x0801b978                beep_gyroCalibrated.lto_priv.244
 .rodata        0x0801ba4c      0x144 /tmp/ccLodPW3.ltrans22.ltrans.o
                0x0801ba4c                gpsInitData.lto_priv.433
 .rodata        0x0801bb90      0x2fc /tmp/ccLodPW3.ltrans23.ltrans.o
 .rodata        0x0801be8c       0x22 /tmp/ccLodPW3.ltrans25.ltrans.o
 *(.rodata*)
 *fill*         0x0801beae        0x2 
 .rodata.gyro_detect
                0x0801beb0       0x50 /tmp/ccLodPW3.ltrans0.ltrans.o
 .rodata.timerHardware
                0x0801bf00       0xe0 /tmp/ccLodPW3.ltrans0.ltrans.o
                0x0801bf00                timerHardware
 .rodata.str1.1
                0x0801bfe0        0x8 /tmp/ccLodPW3.ltrans0.ltrans.o
 .rodata.str1.1
                0x0801bfe8      0x20d /tmp/ccLodPW3.ltrans1.ltrans.o
                                0x21f (size before relaxing)
 .rodata.str1.1
                0x0801c1f5      0x154 /tmp/ccLodPW3.ltrans2.ltrans.o
                                0x16d (size before relaxing)
 *fill*         0x0801c349        0x1 
 .rodata.frSkyDataIdTable
                0x0801c34a       0x20 /tmp/ccLodPW3.ltrans4.ltrans.o
 .rodata.str1.1
                0x0801c36a       0x28 /tmp/ccLodPW3.ltrans5.ltrans.o
 .rodata.str1.1
                0x0801c392       0x59 /tmp/ccLodPW3.ltrans6.ltrans.o
 .rodata.str1.1
                0x0801c3eb       0x8d /tmp/ccLodPW3.ltrans7.ltrans.o
                                 0x95 (size before relaxing)
 .rodata.serialPortIdentifiers
                0x0801c478        0x5 /tmp/ccLodPW3.ltrans9.ltrans.o
                0x0801c478                serialPortIdentifiers
 .rodata.str1.1
                0x0801c47d       0x37 /tmp/ccLodPW3.ltrans9.ltrans.o
 .rodata.rcChannelLetters
                0x0801c4b4       0x15 /tmp/ccLodPW3.ltrans9.ltrans.o
                0x0801c4b4                rcChannelLetters
 .rodata.str1.1
                0x0801c4c9       0x27 /tmp/ccLodPW3.ltrans10.ltrans.o
 .rodata.str1.1
                0x0801c4f0       0x3e /tmp/ccLodPW3.ltrans11.ltrans.o
                                 0x41 (size before relaxing)
 *fill*         0x0801c52e        0x2 
 .rodata.mixers
                0x0801c530       0xd0 /tmp/ccLodPW3.ltrans13.ltrans.o
                0x0801c530                mixers
 .rodata.str1.1
                0x0801c600      0x41a /tmp/ccLodPW3.ltrans13.ltrans.o
                                0x46c (size before relaxing)
 .rodata.str1.1
                0x0801ca1a      0x125 /tmp/ccLodPW3.ltrans14.ltrans.o
                                0x15e (size before relaxing)
 .rodata.str1.1
                0x0801cb3f       0x44 /tmp/ccLodPW3.ltrans15.ltrans.o
 .rodata.str1.1
                0x0801cb83       0x15 /tmp/ccLodPW3.ltrans19.ltrans.o
                                 0x1d (size before relaxing)
 .rodata.str1.1
                0x0801cb98     0x118c /tmp/ccLodPW3.ltrans21.ltrans.o
                               0x129f (size before relaxing)
 .rodata.str1.1
                0x0801dd24       0xfb /tmp/ccLodPW3.ltrans22.ltrans.o
                                 0xfc (size before relaxing)
 .rodata.str1.1
                0x0801de1f        0x8 /tmp/ccLodPW3.ltrans23.ltrans.o
 .rodata.cyclePageIds
                0x0801de27        0x5 /tmp/ccLodPW3.ltrans25.ltrans.o
 .rodata.str1.1
                0x0801de2c      0x12f /tmp/ccLodPW3.ltrans25.ltrans.o
                                0x159 (size before relaxing)
 .rodata._ctype_
                0x0801df5b      0x101 /usr/lib/gcc/arm-none-eabi/4.9.3/../../../arm-none-eabi/lib/armv7-m/libc_nano.a(lib_a-ctype_.o)
                0x0801df5b                _ctype_
 .rodata.str1.1
                0x0801e05c        0x0 /usr/lib/gcc/arm-none-eabi/4.9.3/../../../arm-none-eabi/lib/armv7-m/libc_nano.a(lib_a-impure.o)
                                  0x2 (size before relaxing)
 .rodata.TWO23  0x0801e05c        0x8 /usr/lib/gcc/arm-none-eabi/4.9.3/../../../arm-none-eabi/lib/armv7-m/libm.a(lib_a-sf_lrint.o)
 .rodata.str1.4
                0x0801e064        0x5 /usr/lib/gcc/arm-none-eabi/4.9.3/../../../arm-none-eabi/lib/armv7-m/libm.a(lib_a-wf_pow.o)
                                  0x8 (size before relaxing)
 *fill*         0x0801e069        0x3 
 .rodata.str1.4
                0x0801e06c        0x6 /usr/lib/gcc/arm-none-eabi/4.9.3/../../../arm-none-eabi/lib/armv7-m/libm.a(lib_a-wf_sqrt.o)
                                  0x8 (size before relaxing)
 *fill*         0x0801e072        0x2 
 .rodata.dp_h   0x0801e074        0x8 /usr/lib/gcc/arm-none-eabi/4.9.3/../../../arm-none-eabi/lib/armv7-m/libm.a(lib_a-ef_pow.o)
 .rodata.dp_l   0x0801e07c        0x8 /usr/lib/gcc/arm-none-eabi/4.9.3/../../../arm-none-eabi/lib/armv7-m/libm.a(lib_a-ef_pow.o)
 .rodata.bp     0x0801e084        0x8 /usr/lib/gcc/arm-none-eabi/4.9.3/../../../arm-none-eabi/lib/armv7-m/libm.a(lib_a-ef_pow.o)
 .rodata.str1.4
                0x0801e08c        0x8 /usr/lib/gcc/arm-none-eabi/4.9.3/../../../arm-none-eabi/lib/armv7-m/libm.a(lib_a-ef_pow.o)
                                  0x4 (size before relaxing)
 *fill*         0x0801e08c        0x4 
 .rodata.TWO52  0x0801e090       0x10 /usr/lib/gcc/arm-none-eabi/4.9.3/../../../arm-none-eabi/lib/armv7-m/libm.a(lib_a-s_rint.o)
 *(.glue_7)
 .glue_7        0x0801e0a0        0x0 linker stubs
 *(.glue_7t)
 .glue_7t       0x0801e0a0        0x0 linker stubs
 *(.eh_frame)
 *(.init)
 *(.fini)
                0x0801e0a0                . = ALIGN (0x4)
                0x0801e0a0                _etext = .

.vfp11_veneer   0x0801e0a0        0x0
 .vfp11_veneer  0x0801e0a0        0x0 linker stubs

.v4_bx          0x0801e0a0        0x0
 .v4_bx         0x0801e0a0        0x0 linker stubs

.iplt           0x0801e0a0        0x0
 .iplt          0x0801e0a0        0x0 obj/main/NAZE/startup_stm32f10x_md_gcc.o

.ARM.extab
 *(.ARM.extab* .gnu.linkonce.armextab.*)

.ARM            0x0801e0a0        0x8
                0x0801e0a0                __exidx_start = .
 *(.ARM.exidx*)
 .ARM.exidx     0x0801e0a0        0x8 /usr/lib/gcc/arm-none-eabi/4.9.3/armv7-m/libgcc.a(_divdi3.o)
 .ARM.exidx     0x0801e0a8        0x0 /usr/lib/gcc/arm-none-eabi/4.9.3/armv7-m/libgcc.a(_udivdi3.o)
                                  0x8 (size before relaxing)
                0x0801e0a8                __exidx_end = .

.rel.dyn        0x0801e0a8        0x0
 .rel.iplt      0x0801e0a8        0x0 obj/main/NAZE/startup_stm32f10x_md_gcc.o

.preinit_array  0x0801e0a8        0x0
                [!provide]                PROVIDE (__preinit_array_start, .)
 *(.preinit_array*)
                [!provide]                PROVIDE (__preinit_array_end, .)

.init_array     0x0801e0a8        0x0
                [!provide]                PROVIDE (__init_array_start, .)
 *(SORT(.init_array.*))
 *(.init_array*)
                [!provide]                PROVIDE (__init_array_end, .)

.fini_array     0x0801e0a8        0x0
                [!provide]                PROVIDE (__fini_array_start, .)
 *(.fini_array*)
 *(SORT(.fini_array.*))
                [!provide]                PROVIDE (__fini_array_end, .)
                0x0801e0a8                _sidata = .

.data           0x20000000      0x210 load address 0x0801e0a8
                0x20000000                . = ALIGN (0x4)
                0x20000000                _sdata = .
 *(.data)
 .data          0x20000000        0x3 /tmp/ccLodPW3.ltrans3.ltrans.o
                0x20000002                isUsingSticksToArm.lto_priv.334
 .data          0x20000003        0x1 /tmp/ccLodPW3.ltrans4.ltrans.o
 .data          0x20000004        0x1 /tmp/ccLodPW3.ltrans6.ltrans.o
 *fill*         0x20000005        0x3 
 .data          0x20000008        0x6 /tmp/ccLodPW3.ltrans9.ltrans.o
                0x20000008                rcReadRawFunc.lto_priv.298
                0x2000000c                pif_id
 *fill*         0x2000000e        0x2 
 .data          0x20000010        0x4 /tmp/ccLodPW3.ltrans10.ltrans.o
 .data          0x20000014        0x4 /tmp/ccLodPW3.ltrans12.ltrans.o
                0x20000014                GPS_scaleLonDown.lto_priv.566
 .data          0x20000018       0x10 /tmp/ccLodPW3.ltrans13.ltrans.o
                0x20000018                geometry.lto_priv.339
 .data          0x20000028        0x5 /tmp/ccLodPW3.ltrans14.ltrans.o
                0x20000028                hse_value
                0x2000002c                standardBoardAlignment.lto_priv.462
 .data          0x2000002d        0x1 /tmp/ccLodPW3.ltrans19.ltrans.o
 *fill*         0x2000002e        0x2 
 .data          0x20000030        0x4 /tmp/ccLodPW3.ltrans20.ltrans.o
                0x20000030                q0.lto_priv.382
 .data          0x20000034        0x4 /tmp/ccLodPW3.ltrans21.ltrans.o
 .data          0x20000038        0xc /tmp/ccLodPW3.ltrans23.ltrans.o
 .data          0x20000044        0xc /tmp/ccLodPW3.ltrans29.ltrans.o
 *(.data*)
 .data.hcsr04_name
                0x20000050        0x4 /tmp/ccLodPW3.ltrans0.ltrans.o
 .data.GPS_hdop
                0x20000054        0x2 /tmp/ccLodPW3.ltrans4.ltrans.o
                0x20000054                GPS_hdop
 *fill*         0x20000056        0x2 
 .data.cfTasks  0x20000058      0x118 /tmp/ccLodPW3.ltrans14.ltrans.o
                0x20000058                cfTasks
 .data.mpu3050_name
                0x20000170        0x4 /tmp/ccLodPW3.ltrans15.ltrans.o
 .data.bma280_name
                0x20000174        0x4 /tmp/ccLodPW3.ltrans15.ltrans.o
 .data.mpu6500_name
                0x20000178        0x4 /tmp/ccLodPW3.ltrans15.ltrans.o
 .data.mma845x_name
                0x2000017c        0x4 /tmp/ccLodPW3.ltrans15.ltrans.o
 .data.mpu6050_name
                0x20000180        0x4 /tmp/ccLodPW3.ltrans15.ltrans.o
 .data.adxl345_name
                0x20000184        0x4 /tmp/ccLodPW3.ltrans15.ltrans.o
 .data.bmp280_name
                0x20000188        0x4 /tmp/ccLodPW3.ltrans19.ltrans.o
 .data.ms5611_name
                0x2000018c        0x4 /tmp/ccLodPW3.ltrans19.ltrans.o
 .data.mpu6500_spi_name
                0x20000190        0x4 /tmp/ccLodPW3.ltrans19.ltrans.o
 .data.pid_controller
                0x20000194        0x4 /tmp/ccLodPW3.ltrans20.ltrans.o
                0x20000194                pid_controller
 .data.batteryCellCount
                0x20000198        0x1 /tmp/ccLodPW3.ltrans21.ltrans.o
                0x20000198                batteryCellCount
 *fill*         0x20000199        0x3 
 .data.SystemCoreClock
                0x2000019c        0x4 /tmp/ccLodPW3.ltrans21.ltrans.o
                0x2000019c                SystemCoreClock
 .data.hmc5883_name
                0x200001a0        0x4 /tmp/ccLodPW3.ltrans23.ltrans.o
 .data.__ctype_ptr__
                0x200001a4        0x4 /usr/lib/gcc/arm-none-eabi/4.9.3/../../../arm-none-eabi/lib/armv7-m/libc_nano.a(lib_a-ctype_.o)
                0x200001a4                __ctype_ptr__
 .data.impure_data
                0x200001a8       0x60 /usr/lib/gcc/arm-none-eabi/4.9.3/../../../arm-none-eabi/lib/armv7-m/libc_nano.a(lib_a-impure.o)
 .data._impure_ptr
                0x20000208        0x4 /usr/lib/gcc/arm-none-eabi/4.9.3/../../../arm-none-eabi/lib/armv7-m/libc_nano.a(lib_a-impure.o)
                0x20000208                _impure_ptr
 .data.__fdlib_version
                0x2000020c        0x1 /usr/lib/gcc/arm-none-eabi/4.9.3/../../../arm-none-eabi/lib/armv7-m/libm.a(lib_a-s_lib_ver.o)
                0x2000020c                __fdlib_version
                0x20000210                . = ALIGN (0x4)
 *fill*         0x2000020d        0x3 
                0x20000210                _edata = .

.igot.plt       0x20000210        0x0 load address 0x0801e2b8
 .igot.plt      0x20000210        0x0 obj/main/NAZE/startup_stm32f10x_md_gcc.o
                0x20000210                . = ALIGN (0x4)

.bss            0x20000210     0x3184 load address 0x0801e2b8
                0x20000210                _sbss = .
                0x20000210                __bss_start__ = _sbss
 *(.bss)
 .bss           0x20000210      0x208 /tmp/ccLodPW3.ltrans0.ltrans.o
                0x20000218                i2cOverClock.lto_priv.584
                0x2000023c                inputFilteringMode.lto_priv.579
                0x20000240                ppmDev
                0x2000036c                servos.lto_priv.581
                0x2000038d                displayPresent.lto_priv.554
                0x20000394                mpuDetectionResult
                0x20000398                mpuConfiguration
                0x200003a4                mpuIntExtiConfig.lto_priv.593
                0x200003a8                mpuDividerDrops.lto_priv.589
                0x200003b4                gpsPacketLog
                0x200003cc                s_hcsr04.lto_priv.582
                0x200003ec                sonarHardware.lto_priv.583
                0x200003f0                telemetryConfig.lto_priv.419
                0x200003f4                portConfig.lto_priv.422
                0x200003f8                frskyPortSharing.lto_priv.552
                0x200003f9                hottPortSharing.lto_priv.550
                0x200003fc                telemetryConfig.lto_priv.420
                0x20000400                portConfig.lto_priv.424
                0x20000404                smartPortPortSharing.lto_priv.547
                0x2000040c                portConfig.lto_priv.425
                0x20000410                ltmPortSharing.lto_priv.545
                0x20000411                couldBeBusy.lto_priv.573
                0x20000414                tailAddress.lto_priv.526
 .bss           0x20000418      0x3af /tmp/ccLodPW3.ltrans1.ltrans.o
                0x20000428                gyroLpfCutFreq.lto_priv.518
                0x200004a0                gyroConfig.lto_priv.517
                0x200004fc                imuRuntimeConfig.lto_priv.455
                0x20000524                gyroScale.lto_priv.456
                0x20000534                smallAngleCosZ
                0x20000540                fc_acc
                0x20000544                accDeadband.lto_priv.513
                0x20000548                lookupYawRC
                0x20000560                rxRefreshRate.lto_priv.435
                0x20000578                rcControlsConfig.lto_priv.512
                0x20000580                escAndServoConfig.lto_priv.370
                0x20000584                throttleAngleScale
                0x20000588                mixerConfig.lto_priv.458
                0x2000058c                currentMixer.lto_priv.465
                0x20000650                rxConfig.lto_priv.515
                0x20000654                currentMixerMode.lto_priv.464
                0x20000678                gimbalConfig.lto_priv.514
                0x2000067c                servoFilterState.lto_priv.459
                0x2000079c                motorControlEnable
                0x200007a0                blackboxPort.lto_priv.404
                0x200007a4                blackboxHeaderBudget
                0x200007a8                blackboxMaxHeaderBytesPerIteration.lto_priv.402
                0x200007ac                xmitState.lto_priv.400
                0x200007b4                blackboxConditionCache.lto_priv.397
                0x200007b8                vbatReference.lto_priv.393
                0x200007ba                blackboxSlowFrameIterationTimer.lto_priv.401
                0x200007bc                blackboxPFrameIndex.lto_priv.396
                0x200007c0                blackboxIteration.lto_priv.395
                0x200007c4                blackboxModeActivationConditionPresent.lto_priv.394
                0x200007c5                blackboxPortSharing.lto_priv.403
                0x200007c6                blackboxLoggedAnyFrames.lto_priv.399
 *fill*         0x200007c7        0x1 
 .bss           0x200007c8      0x164 /tmp/ccLodPW3.ltrans2.ltrans.o
                0x200007c8                printfSerialPort.lto_priv.509
                0x200007e8                servo
                0x200007f8                GPS_ground_course
                0x200007fa                GPS_update
                0x200007fb                GPS_numCh
                0x200007fc                GPS_svinfo_chn
                0x2000080c                GPS_svinfo_svid
                0x2000081c                GPS_svinfo_quality
                0x2000082c                GPS_svinfo_cno
                0x2000083c                debug
                0x20000844                blackboxState.lto_priv.368
                0x200008a8                pwmIOConfiguration.lto_priv.466
 .bss           0x2000092c      0x1c8 /tmp/ccLodPW3.ltrans3.ltrans.o
                0x2000092c                rxSignalReceived.lto_priv.538
                0x2000092d                rxMspFrameDone.lto_priv.336
                0x2000092e                ppmFrameCount.lto_priv.580
                0x20000957                rcSampleIndex.lto_priv.434
                0x200009a0                rcInvalidPulsPeriod
                0x200009e9                rxFlightChannelsValid.lto_priv.537
                0x20000a04                rxConfig.lto_priv.293
                0x20000a08                deadband3dThrottle.lto_priv.454
                0x20000a0c                disarmAt.lto_priv.392
                0x20000a14                calibratingG.lto_priv.380
                0x20000a16                AccInflightCalibrationMeasurementDone
                0x20000a17                AccInflightCalibrationSavetoEEProm
                0x20000a1a                calibratingA.lto_priv.332
                0x20000a1c                InflightcalibratingA
                0x20000a1e                AccInflightCalibrationActive
                0x20000a20                adjustmentStates
                0x20000a54                escAndServoConfig.lto_priv.333
                0x20000a58                magHold
                0x20000a5a                headFreeModeHold
                0x20000a5c                nav_mode
                0x20000a60                gpsProfile.lto_priv.374
                0x20000a64                GPS_hold
                0x20000a6e                nav_rated.lto_priv.376
                0x20000a72                nav.lto_priv.375
                0x20000aa0                poshold_ratePID.lto_priv.557
                0x20000ac8                navPID.lto_priv.558
                0x20000af0                isRXDataNew.lto_priv.378
                0x20000af1                haveProcessedAnnexCodeOnce.lto_priv.367
                0x20000af2                initialThrottleHold.lto_priv.377
 .bss           0x20000af4       0xe8 /tmp/ccLodPW3.ltrans4.ltrans.o
                0x20000af4                frskyTelemetryEnabled.lto_priv.553
                0x20000afe                accSmooth
                0x20000b04                vario
                0x20000b0c                telemetryConfig.lto_priv.263
                0x20000b10                amperage
                0x20000b14                GPS_speed
                0x20000b16                GPS_altitude
                0x20000b18                GPS_numSat
                0x20000b1c                GPS_coord
                0x20000b24                hottTelemetryEnabled.lto_priv.551
                0x20000b2c                hottEAMMessage.lto_priv.426
                0x20000b5c                telemetryConfig.lto_priv.264
                0x20000b60                hottGPSMessage.lto_priv.427
                0x20000b8c                GPS_distanceToHome
                0x20000b8e                GPS_directionToHome
                0x20000b98                hottPort.lto_priv.544
                0x20000ba8                portConfig.lto_priv.423
                0x20000bae                smartPortTelemetryEnabled.lto_priv.548
                0x20000bb0                smartPortSerialPort.lto_priv.543
                0x20000bb4                smartPortState
                0x20000bb8                smartPortLastRequestTime.lto_priv.549
                0x20000bbe                ltmEnabled.lto_priv.546
                0x20000bc0                ltmPort.lto_priv.542
                0x20000bcc                EstAlt.lto_priv.281
                0x20000bd0                rssi
                0x20000bd4                GPS_home
 .bss           0x20000bdc       0x20 /tmp/ccLodPW3.ltrans5.ltrans.o
                0x20000be0                s_task_stack_ptr.lto_priv.524
                0x20000be4                s_task_stack.lto_priv.525
 .bss           0x20000bfc       0xbe /tmp/ccLodPW3.ltrans6.ltrans.o
                0x20000c38                bufferHead.lto_priv.530
                0x20000c39                bufferTail.lto_priv.572
                0x20000c3a                flashWriteBuffer.lto_priv.531
 *fill*         0x20000cba        0x2 
 .bss           0x20000cbc       0x74 /tmp/ccLodPW3.ltrans7.ltrans.o
                0x20000cbc                usTicks.lto_priv.479
                0x20000cc0                serialPortCount.lto_priv.340
                0x20000cc2                lookupThrottleRC
                0x20000cda                lookupPitchRollRC
                0x20000ce8                dmaHandlers.lto_priv.475
                0x20000cf8                pif_timer1ms
                0x20000d00                pif_datetime
                0x20000d08                extiHandlerConfigs.lto_priv.478
                0x20000d20                beeperIsOn.lto_priv.326
                0x20000d24                beeperNextToggleTime.lto_priv.325
                0x20000d28                beeperPos.lto_priv.327
                0x20000d2c                currentBeeperEntry.lto_priv.324
 .bss           0x20000d30      0x6b4 /tmp/ccLodPW3.ltrans8.ltrans.o
 *fill*         0x200013e4        0x4 
 .bss           0x200013e8      0x9d8 /tmp/ccLodPW3.ltrans9.ltrans.o
                0x200013e8                sensor_link
                0x200014f8                pif_cumulative_timer1ms
                0x200014fc                string.9180.lto_priv.559
                0x2000150b                lineBuffer.lto_priv.555
                0x20001522                rcData
                0x20001548                pif_act_timer1us
                0x2000154c                mspPorts.lto_priv.209
                0x200015e4                masterConfig
                0x20001d3c                rxRuntimeConfigPtr.lto_priv.318
                0x20001d40                rxRuntimeConfig
                0x20001d41                spek_chan_shift.lto_priv.317
                0x20001d42                spek_chan_mask.lto_priv.319
                0x20001d43                spekHiRes.lto_priv.207
                0x20001d44                g_i2c_port
                0x20001d74                serialConfig.lto_priv.240
                0x20001d78                findSharedSerialPortState.lto_priv.286
                0x20001d7c                serialPortUsageList.lto_priv.239
                0x20001db8                pidProfile.lto_priv.287
                0x20001dbc                activeFeaturesLatch.lto_priv.208
 .bss           0x20001dc0       0x18 /tmp/ccLodPW3.ltrans10.ltrans.o
 .bss           0x20001dd8        0x7 /tmp/ccLodPW3.ltrans11.ltrans.o
 *fill*         0x20001ddf        0x1 
 .bss           0x20001de0      0x242 /tmp/ccLodPW3.ltrans12.ltrans.o
                0x20001fc4                GPS_WP.lto_priv.560
                0x20001fcc                wp_distance.lto_priv.561
                0x20001fd0                target_bearing.lto_priv.562
                0x20001fd4                error.lto_priv.567
                0x20001fdc                posholdPID_PARAM.lto_priv.568
                0x20001fec                poshold_ratePID_PARAM.lto_priv.569
                0x20002000                waypoint_speed_gov.lto_priv.565
                0x20002004                original_target_bearing.lto_priv.564
                0x2000200c                nav_bearing.lto_priv.563
                0x20002010                navPID_PARAM.lto_priv.570
                0x20002020                nav_takeoff_bearing.lto_priv.571
 *fill*         0x20002022        0x2 
 .bss           0x20002024       0x3c /tmp/ccLodPW3.ltrans13.ltrans.o
                0x20002024                cliBuffer.lto_priv.345
                0x20002054                bufferIndex.lto_priv.344
                0x20002058                currentProfile
                0x2000205c                servoConf.lto_priv.258
 .bss           0x20002060      0x300 /tmp/ccLodPW3.ltrans14.ltrans.o
                0x20002060                ibusChannelData.lto_priv.302
                0x200020c1                xBusChannelCount.lto_priv.445
                0x200020c2                xBusFrameReceived.lto_priv.303
                0x200020c4                spekChannelData.lto_priv.320
                0x200020f4                sumhChannels.lto_priv.306
                0x20002114                sumdChannels.lto_priv.311
                0x20002134                sbusChannelData.lto_priv.314
                0x2000217c                mspFrame.lto_priv.335
                0x200021a0                captures.lto_priv.299
                0x200021bd                ibus.lto_priv.301
                0x200021dd                ibusFrameDone.lto_priv.300
                0x200021e8                xBusFramePosition.lto_priv.443
                0x200021e9                xBusDataIncoming.lto_priv.442
                0x200021ea                xBusFrameLength.lto_priv.444
                0x200021eb                xBusProvider.lto_priv.446
                0x200021f1                spekFrame.lto_priv.316
                0x20002201                rcFrameComplete.lto_priv.315
                0x2000220d                sumhFrame.lto_priv.305
                0x20002222                sumhFrameDone.lto_priv.304
                0x20002229                sumdFrameDone.lto_priv.307
                0x2000222a                crc.lto_priv.308
                0x2000222c                sumdChannelCount.lto_priv.309
                0x2000222d                sumd.lto_priv.310
                0x20002259                sbusFrame.lto_priv.313
                0x20002272                sbusFrameDone.lto_priv.312
                0x20002280                boardRotation.lto_priv.463
                0x200022a4                batteryConfig
                0x200022a8                mAhDrawn
                0x200022ac                adcConfig
                0x200022bc                adcValues
                0x200022c4                vbatLatestADC
                0x200022c8                vbatFilterState.lto_priv.418
                0x200022ec                vbat
                0x200022f0                rxConfig.lto_priv.294
                0x200022f4                suspendRxSignalUntil.lto_priv.297
                0x200022f8                skipRxSamples.lto_priv.296
                0x200022fc                sysTickUptime.lto_priv.211
                0x20002300                failsafeState.lto_priv.262
                0x20002324                warningLedState.lto_priv.242
                0x20002328                warningLedTimer.lto_priv.379
                0x2000232c                flightModeFlags
                0x20002330                rcModeActivationMask
                0x20002334                activeBoxIdCount.lto_priv.337
                0x20002335                activeBoxIds.lto_priv.338
                0x20002354                currentPort.lto_priv.329
                0x20002358                writer.lto_priv.330
                0x2000235c                mspSerialPort.lto_priv.331
 .bss           0x20002360        0x4 /tmp/ccLodPW3.ltrans15.ltrans.o
 .bss           0x20002364      0x600 /tmp/ccLodPW3.ltrans16.ltrans.o
 .bss           0x20002964      0x230 /tmp/ccLodPW3.ltrans17.ltrans.o
                0x20002964                gpsHistory.lto_priv.532
                0x20002978                blackboxHistory.lto_priv.534
                0x20002984                blackboxHistoryRing.lto_priv.535
                0x20002af8                blackboxIFrameIndex.lto_priv.533
                0x20002afc                blackboxLastArmingBeep.lto_priv.536
                0x20002b00                systemState.lto_priv.413
                0x20002b04                s_it_current.lto_priv.519
                0x20002b08                s_table_number.lto_priv.522
                0x20002b0c                s_table.lto_priv.523
                0x20002b8c                s_loop_count.lto_priv.521
                0x20002b90                s_pass_count.lto_priv.520
 .bss           0x20002b94      0x120 /tmp/ccLodPW3.ltrans18.ltrans.o
                0x20002bb8                uartPort3.lto_priv.575
                0x20002c0c                uartPort2.lto_priv.576
                0x20002c60                uartPort1.lto_priv.577
 .bss           0x20002cb4       0x9c /tmp/ccLodPW3.ltrans19.ltrans.o
                0x20002d40                mpu6500.lto_priv.592
 .bss           0x20002d50      0x2f8 /tmp/ccLodPW3.ltrans20.ltrans.o
                0x20002d50                rcCommand
                0x20002d58                attitude
                0x20002d60                gyroADC
                0x20002d6c                PIDweight
                0x20002d70                errorGyroI.lto_priv.291
                0x20002d7c                targetLooptime
                0x20002d80                stateFlags
                0x20002d81                motorLimitReached
                0x20002db4                axisPID
                0x20002dbc                axisPID_P
                0x20002dc8                axisPID_I
                0x20002dd4                axisPID_D
                0x20002de0                deltaFilterState.lto_priv.260
                0x20002e4c                errorGyroIf.lto_priv.292
                0x20002e58                dT
                0x20002e8c                errorAngleI.lto_priv.261
                0x20002e94                dynP8
                0x20002eac                dynD8
                0x20002eaf                motorCount
                0x20002eb0                motor
                0x20002ec8                motors.lto_priv.467
                0x20002ef8                timerConfig
                0x20002f98                flight3DConfig.lto_priv.369
                0x20002f9c                escAndServoConfig.lto_priv.371
                0x20002fa0                servoRuleCount.lto_priv.373
                0x20002fa1                currentServoMixer.lto_priv.372
                0x20003014                customServoMixers.lto_priv.474
                0x20003018                q1.lto_priv.383
                0x2000301c                q2.lto_priv.384
                0x20003020                q3.lto_priv.385
                0x20003024                rMat.lto_priv.282
 .bss           0x20003048       0xa6 /tmp/ccLodPW3.ltrans21.ltrans.o
                0x20003048                cliPort.lto_priv.343
                0x2000304c                gpsPort.lto_priv.283
                0x20003050                pageState.lto_priv.290
                0x20003064                cliWriter.lto_priv.230
                0x20003068                currentControlRateProfileIndex.lto_priv.288
                0x2000306c                currentControlRateProfile
                0x20003070                motor_disarmed
                0x20003088                pif_performance
                0x20003090                batteryState.lto_priv.266
                0x20003094                enabledSensors.lto_priv.265
                0x20003098                i2cErrorCount.lto_priv.342
                0x2000309c                s_tasks.lto_priv.405
                0x200030b4                g_timer_1ms
                0x200030d8                beep_multiBeeps.lto_priv.241
 *fill*         0x200030ee        0x2 
 .bss           0x200030f0       0xbc /tmp/ccLodPW3.ltrans22.ltrans.o
                0x200030f0                pif_timer1us
                0x200030f8                calibratingB.lto_priv.289
                0x20003100                baroPressureSum.lto_priv.540
                0x20003104                barometerConfig.lto_priv.279
                0x20003114                sonarMaxTiltCos.lto_priv.428
                0x20003118                calculatedAltitude.lto_priv.341
                0x2000311c                sonarCfAltCm
                0x20003124                sonarMaxAltWithTiltCm
                0x20003128                accSumCount
                0x2000312c                accSum
                0x20003138                accVelScale
                0x2000313c                barometerConfig.lto_priv.280
                0x20003148                AltHold
                0x2000314c                pidProfile.lto_priv.510
                0x20003150                errorVelocityI
                0x20003154                altHoldThrottleAdjustment
                0x20003158                velocityControl
                0x2000315c                baroPressure.lto_priv.539
                0x20003160                baroReady.lto_priv.541
                0x20003164                magADC
                0x20003180                magInit.lto_priv.457
                0x20003184                gpsData
                0x200031a4                gpsConfig.lto_priv.432
 .bss           0x200031ac        0x9 /tmp/ccLodPW3.ltrans23.ltrans.o
                0x200031b0                I2Cx.lto_priv.585
                0x200031b4                I2Cx_index.lto_priv.586
 *fill*         0x200031b5        0x3 
 .bss           0x200031b8       0x16 /tmp/ccLodPW3.ltrans24.ltrans.o
 *fill*         0x200031ce        0x2 
 .bss           0x200031d0       0x25 /tmp/ccLodPW3.ltrans25.ltrans.o
                0x200031dc                GPS_packetCount
                0x200031e4                GPS_svInfoReceivedCount
                0x200031f0                GPS_garbageByteCount
 *fill*         0x200031f5        0x3 
 .bss           0x200031f8       0xf9 /tmp/ccLodPW3.ltrans26.ltrans.o
 *fill*         0x200032f1        0x7 
 .bss           0x200032f8       0x24 /tmp/ccLodPW3.ltrans27.ltrans.o
                0x200032fc                batteryWarningVoltage
                0x200032fe                batteryCriticalVoltage
                0x20003308                amperageLatestADC
                0x20003318                armingBeepTimeMicros.lto_priv.398
 .bss           0x2000331c       0x35 /tmp/ccLodPW3.ltrans28.ltrans.o
                0x2000331c                accADC
                0x20003328                accelerationTrims.lto_priv.516
                0x20003350                isAccelUpdatedAtLeastOnce.lto_priv.381
 *fill*         0x20003351        0x3 
 .bss           0x20003354       0x14 /tmp/ccLodPW3.ltrans29.ltrans.o
                0x20003364                failsafeConfig.lto_priv.295
 *(SORT(.bss*))
 .bss.pif_log_flag
                0x20003368        0x4 /tmp/ccLodPW3.ltrans5.ltrans.o
 .bss.systemBeepPtr
                0x2000336c        0x4 /tmp/ccLodPW3.ltrans7.ltrans.o
                0x2000336c                systemBeepPtr
 .bss.accTimeSum
                0x20003370        0x4 /tmp/ccLodPW3.ltrans22.ltrans.o
                0x20003370                accTimeSum
 .bss.setVelocity
                0x20003374        0x4 /tmp/ccLodPW3.ltrans22.ltrans.o
                0x20003374                setVelocity
 .bss.__malloc_sbrk_start
                0x20003378        0x4 /usr/lib/gcc/arm-none-eabi/4.9.3/../../../arm-none-eabi/lib/armv7-m/libc_nano.a(lib_a-nano-mallocr.o)
                0x20003378                __malloc_sbrk_start
 .bss.__malloc_free_list
                0x2000337c        0x4 /usr/lib/gcc/arm-none-eabi/4.9.3/../../../arm-none-eabi/lib/armv7-m/libc_nano.a(lib_a-nano-mallocr.o)
                0x2000337c                __malloc_free_list
 .bss.heap_end.4079
                0x20003380        0x4 /usr/lib/gcc/arm-none-eabi/4.9.3/../../../arm-none-eabi/lib/armv7-m/libnosys.a(sbrk.o)
 .bss.GPS_angle
                0x20003384        0x4 /tmp/ccLodPW3.ltrans20.ltrans.o
                0x20003384                GPS_angle
 .bss.cycleTime
                0x20003388        0x2 /tmp/ccLodPW3.ltrans21.ltrans.o
                0x20003388                cycleTime
 .bss.hardwareRevision
                0x2000338a        0x1 /tmp/ccLodPW3.ltrans2.ltrans.o
                0x2000338a                hardwareRevision
 .bss.pif_error
                0x2000338b        0x1 /tmp/ccLodPW3.ltrans9.ltrans.o
                0x2000338b                pif_error
 .bss.cliMode   0x2000338c        0x1 /tmp/ccLodPW3.ltrans13.ltrans.o
                0x2000338c                cliMode
 .bss.armingFlags
                0x2000338d        0x1 /tmp/ccLodPW3.ltrans14.ltrans.o
                0x2000338d                armingFlags
 .bss.CHAR_FORMAT
                0x2000338e        0x1 /tmp/ccLodPW3.ltrans23.ltrans.o
 *(COMMON)
 *fill*         0x2000338f        0x1 
 COMMON         0x20003390        0x4 /usr/lib/gcc/arm-none-eabi/4.9.3/../../../arm-none-eabi/lib/armv7-m/libc_nano.a(lib_a-reent.o)
                0x20003390                errno
                0x20003394                . = ALIGN (0x4)
                0x20003394                _ebss = .
                0x20003394                __bss_end__ = _ebss

._user_heap_stack
                0x20003394      0x400 load address 0x0801e2b8
                0x20003394                . = ALIGN (0x4)
                0x20003394                PROVIDE (end, .)
                [!provide]                PROVIDE (_end, .)
                0x20003394                . = (. + _Min_Heap_Size)
                0x20003794                . = (. + _Min_Stack_Size)
 *fill*         0x20003394      0x400 
                0x20003794                . = ALIGN (0x4)

.memory_b1_text
 *(.mb1text)
 *(.mb1text*)
 *(.mb1rodata)
 *(.mb1rodata*)

/DISCARD/
 libc.a(*)
 libm.a(*)
 libgcc.a(*)

.ARM.attributes
                0x00000000       0x2f
 *(.ARM.attributes)
 .ARM.attributes
                0x00000000       0x21 obj/main/NAZE/startup_stm32f10x_md_gcc.o
 .ARM.attributes
                0x00000021       0x31 /tmp/ccLodPW3.ltrans0.ltrans.o
 .ARM.attributes
                0x00000052       0x31 /tmp/ccLodPW3.ltrans1.ltrans.o
 .ARM.attributes
                0x00000083       0x31 /tmp/ccLodPW3.ltrans2.ltrans.o
 .ARM.attributes
                0x000000b4       0x31 /tmp/ccLodPW3.ltrans3.ltrans.o
 .ARM.attributes
                0x000000e5       0x31 /tmp/ccLodPW3.ltrans4.ltrans.o
 .ARM.attributes
                0x00000116       0x31 /tmp/ccLodPW3.ltrans5.ltrans.o
 .ARM.attributes
                0x00000147       0x31 /tmp/ccLodPW3.ltrans6.ltrans.o
 .ARM.attributes
                0x00000178       0x31 /tmp/ccLodPW3.ltrans7.ltrans.o
 .ARM.attributes
                0x000001a9       0x31 /tmp/ccLodPW3.ltrans8.ltrans.o
 .ARM.attributes
                0x000001da       0x31 /tmp/ccLodPW3.ltrans9.ltrans.o
 .ARM.attributes
                0x0000020b       0x31 /tmp/ccLodPW3.ltrans10.ltrans.o
 .ARM.attributes
                0x0000023c       0x31 /tmp/ccLodPW3.ltrans11.ltrans.o
 .ARM.attributes
                0x0000026d       0x31 /tmp/ccLodPW3.ltrans12.ltrans.o
 .ARM.attributes
                0x0000029e       0x31 /tmp/ccLodPW3.ltrans13.ltrans.o
 .ARM.attributes
                0x000002cf       0x31 /tmp/ccLodPW3.ltrans14.ltrans.o
 .ARM.attributes
                0x00000300       0x31 /tmp/ccLodPW3.ltrans15.ltrans.o
 .ARM.attributes
                0x00000331       0x31 /tmp/ccLodPW3.ltrans16.ltrans.o
 .ARM.attributes
                0x00000362       0x31 /tmp/ccLodPW3.ltrans17.ltrans.o
 .ARM.attributes
                0x00000393       0x31 /tmp/ccLodPW3.ltrans18.ltrans.o
 .ARM.attributes
                0x000003c4       0x31 /tmp/ccLodPW3.ltrans19.ltrans.o
 .ARM.attributes
                0x000003f5       0x31 /tmp/ccLodPW3.ltrans20.ltrans.o
 .ARM.attributes
                0x00000426       0x31 /tmp/ccLodPW3.ltrans21.ltrans.o
 .ARM.attributes
                0x00000457       0x31 /tmp/ccLodPW3.ltrans22.ltrans.o
 .ARM.attributes
                0x00000488       0x31 /tmp/ccLodPW3.ltrans23.ltrans.o
 .ARM.attributes
                0x000004b9       0x31 /tmp/ccLodPW3.ltrans24.ltrans.o
 .ARM.attributes
                0x000004ea       0x31 /tmp/ccLodPW3.ltrans25.ltrans.o
 .ARM.attributes
                0x0000051b       0x31 /tmp/ccLodPW3.ltrans26.ltrans.o
 .ARM.attributes
                0x0000054c       0x31 /tmp/ccLodPW3.ltrans27.ltrans.o
 .ARM.attributes
                0x0000057d       0x31 /tmp/ccLodPW3.ltrans28.ltrans.o
 .ARM.attributes
                0x000005ae       0x31 /tmp/ccLodPW3.ltrans29.ltrans.o
 .ARM.attributes
                0x000005df       0x2d /usr/lib/gcc/arm-none-eabi/4.9.3/../../../arm-none-eabi/lib/armv7-m/libc_nano.a(lib_a-atoi.o)
 .ARM.attributes
                0x0000060c       0x2d /usr/lib/gcc/arm-none-eabi/4.9.3/../../../arm-none-eabi/lib/armv7-m/libc_nano.a(lib_a-ctype_.o)
 .ARM.attributes
                0x00000639       0x2d /usr/lib/gcc/arm-none-eabi/4.9.3/../../../arm-none-eabi/lib/armv7-m/libc_nano.a(lib_a-strtok.o)
 .ARM.attributes
                0x00000666       0x2d /usr/lib/gcc/arm-none-eabi/4.9.3/../../../arm-none-eabi/lib/armv7-m/libc_nano.a(lib_a-strtok_r.o)
 .ARM.attributes
                0x00000693       0x2d /usr/lib/gcc/arm-none-eabi/4.9.3/../../../arm-none-eabi/lib/armv7-m/libc_nano.a(lib_a-strtol.o)
 .ARM.attributes
                0x000006c0       0x2d /usr/lib/gcc/arm-none-eabi/4.9.3/../../../arm-none-eabi/lib/armv7-m/libc_nano.a(lib_a-impure.o)
 .ARM.attributes
                0x000006ed       0x2d /usr/lib/gcc/arm-none-eabi/4.9.3/../../../arm-none-eabi/lib/armv7-m/libc_nano.a(lib_a-malloc.o)
 .ARM.attributes
                0x0000071a       0x2d /usr/lib/gcc/arm-none-eabi/4.9.3/../../../arm-none-eabi/lib/armv7-m/libc_nano.a(lib_a-nano-freer.o)
 .ARM.attributes