Archive member included to satisfy reference by file (symbol)

/usr/lib/gcc/arm-none-eabi/4.9.3/../../../arm-none-eabi/lib/armv7-m/libc_nano.a(lib_a-atoi.o)
                              obj/main/NAZE/../controller/io/ledstrip.o (symbol from plugin) (atoi)
/usr/lib/gcc/arm-none-eabi/4.9.3/../../../arm-none-eabi/lib/armv7-m/libc_nano.a(lib_a-ctype_.o)
                              obj/main/NAZE/../controller/flight/gps_conversion.o (symbol from plugin) (__ctype_ptr__)
/usr/lib/gcc/arm-none-eabi/4.9.3/../../../arm-none-eabi/lib/armv7-m/libc_nano.a(lib_a-strtok.o)
                              obj/main/NAZE/../controller/io/serial_cli.o (symbol from plugin) (strtok)
/usr/lib/gcc/arm-none-eabi/4.9.3/../../../arm-none-eabi/lib/armv7-m/libc_nano.a(lib_a-strtok_r.o)
                              /usr/lib/gcc/arm-none-eabi/4.9.3/../../../arm-none-eabi/lib/armv7-m/libc_nano.a(lib_a-strtok.o) (__strtok_r)
/usr/lib/gcc/arm-none-eabi/4.9.3/../../../arm-none-eabi/lib/armv7-m/libc_nano.a(lib_a-strtol.o)
                              /usr/lib/gcc/arm-none-eabi/4.9.3/../../../arm-none-eabi/lib/armv7-m/libc_nano.a(lib_a-atoi.o) (_strtol_r)
/usr/lib/gcc/arm-none-eabi/4.9.3/../../../arm-none-eabi/lib/armv7-m/libc_nano.a(lib_a-impure.o)
                              /usr/lib/gcc/arm-none-eabi/4.9.3/../../../arm-none-eabi/lib/armv7-m/libc_nano.a(lib_a-strtok.o) (_impure_ptr)
/usr/lib/gcc/arm-none-eabi/4.9.3/../../../arm-none-eabi/lib/armv7-m/libc_nano.a(lib_a-malloc.o)
                              /usr/lib/gcc/arm-none-eabi/4.9.3/../../../arm-none-eabi/lib/armv7-m/libc_nano.a(lib_a-strtok.o) (malloc)
/usr/lib/gcc/arm-none-eabi/4.9.3/../../../arm-none-eabi/lib/armv7-m/libc_nano.a(lib_a-nano-freer.o)
                              /usr/lib/gcc/arm-none-eabi/4.9.3/../../../arm-none-eabi/lib/armv7-m/libc_nano.a(lib_a-malloc.o) (_free_r)
/usr/lib/gcc/arm-none-eabi/4.9.3/../../../arm-none-eabi/lib/armv7-m/libc_nano.a(lib_a-nano-mallocr.o)
                              /usr/lib/gcc/arm-none-eabi/4.9.3/../../../arm-none-eabi/lib/armv7-m/libc_nano.a(lib_a-malloc.o) (_malloc_r)
/usr/lib/gcc/arm-none-eabi/4.9.3/../../../arm-none-eabi/lib/armv7-m/libc_nano.a(lib_a-sbrkr.o)
                              /usr/lib/gcc/arm-none-eabi/4.9.3/../../../arm-none-eabi/lib/armv7-m/libc_nano.a(lib_a-nano-mallocr.o) (_sbrk_r)
/usr/lib/gcc/arm-none-eabi/4.9.3/../../../arm-none-eabi/lib/armv7-m/libc_nano.a(lib_a-reent.o)
                              /usr/lib/gcc/arm-none-eabi/4.9.3/../../../arm-none-eabi/lib/armv7-m/libc_nano.a(lib_a-sbrkr.o) (errno)
/usr/lib/gcc/arm-none-eabi/4.9.3/../../../arm-none-eabi/lib/armv7-m/libnosys.a(sbrk.o)
                              /usr/lib/gcc/arm-none-eabi/4.9.3/../../../arm-none-eabi/lib/armv7-m/libc_nano.a(lib_a-sbrkr.o) (_sbrk)
/usr/lib/gcc/arm-none-eabi/4.9.3/../../../arm-none-eabi/lib/armv7-m/libm.a(lib_a-sf_lrint.o)
                              /tmp/ccJ266pH.ltrans1.ltrans.o (lrintf)
/usr/lib/gcc/arm-none-eabi/4.9.3/../../../arm-none-eabi/lib/armv7-m/libm.a(lib_a-wf_pow.o)
                              /tmp/ccJ266pH.ltrans18.ltrans.o (powf)
/usr/lib/gcc/arm-none-eabi/4.9.3/../../../arm-none-eabi/lib/armv7-m/libm.a(lib_a-wf_sqrt.o)
                              /tmp/ccJ266pH.ltrans1.ltrans.o (sqrtf)
/usr/lib/gcc/arm-none-eabi/4.9.3/../../../arm-none-eabi/lib/armv7-m/libm.a(lib_a-ef_pow.o)
                              /usr/lib/gcc/arm-none-eabi/4.9.3/../../../arm-none-eabi/lib/armv7-m/libm.a(lib_a-wf_pow.o) (__ieee754_powf)
/usr/lib/gcc/arm-none-eabi/4.9.3/../../../arm-none-eabi/lib/armv7-m/libm.a(lib_a-ef_sqrt.o)
                              /usr/lib/gcc/arm-none-eabi/4.9.3/../../../arm-none-eabi/lib/armv7-m/libm.a(lib_a-wf_sqrt.o) (__ieee754_sqrtf)
/usr/lib/gcc/arm-none-eabi/4.9.3/../../../arm-none-eabi/lib/armv7-m/libm.a(lib_a-s_lib_ver.o)
                              /usr/lib/gcc/arm-none-eabi/4.9.3/../../../arm-none-eabi/lib/armv7-m/libm.a(lib_a-wf_pow.o) (__fdlib_version)
/usr/lib/gcc/arm-none-eabi/4.9.3/../../../arm-none-eabi/lib/armv7-m/libm.a(lib_a-s_matherr.o)
                              /usr/lib/gcc/arm-none-eabi/4.9.3/../../../arm-none-eabi/lib/armv7-m/libm.a(lib_a-wf_pow.o) (matherr)
/usr/lib/gcc/arm-none-eabi/4.9.3/../../../arm-none-eabi/lib/armv7-m/libm.a(lib_a-s_rint.o)
                              /usr/lib/gcc/arm-none-eabi/4.9.3/../../../arm-none-eabi/lib/armv7-m/libm.a(lib_a-wf_pow.o) (rint)
/usr/lib/gcc/arm-none-eabi/4.9.3/../../../arm-none-eabi/lib/armv7-m/libm.a(lib_a-sf_fabs.o)
                              /usr/lib/gcc/arm-none-eabi/4.9.3/../../../arm-none-eabi/lib/armv7-m/libm.a(lib_a-ef_pow.o) (fabsf)
/usr/lib/gcc/arm-none-eabi/4.9.3/../../../arm-none-eabi/lib/armv7-m/libm.a(lib_a-sf_finite.o)
                              /usr/lib/gcc/arm-none-eabi/4.9.3/../../../arm-none-eabi/lib/armv7-m/libm.a(lib_a-wf_pow.o) (finitef)
/usr/lib/gcc/arm-none-eabi/4.9.3/../../../arm-none-eabi/lib/armv7-m/libm.a(lib_a-sf_fpclassify.o)
[...]
Memory Configuration

Name             Origin             Length             Attributes
FLASH            0x08000000         0x0001f000         xr
RAM              0x20000000         0x00005000         xrw
MEMORY_B1        0x60000000         0x00000000         xr
*default*        0x00000000         0xffffffff

Linker script and memory map

LOAD obj/main/NAZE/startup_stm32f10x_md_gcc.o
LOAD obj/main/NAZE/drivers/accgyro_adxl345.o
LOAD /tmp/ccJ266pH.ltrans0.ltrans.o
LOAD /tmp/ccJ266pH.ltrans1.ltrans.o
LOAD /tmp/ccJ266pH.ltrans2.ltrans.o
LOAD /tmp/ccJ266pH.ltrans3.ltrans.o
LOAD /tmp/ccJ266pH.ltrans4.ltrans.o
LOAD /tmp/ccJ266pH.ltrans5.ltrans.o
LOAD /tmp/ccJ266pH.ltrans6.ltrans.o
LOAD /tmp/ccJ266pH.ltrans7.ltrans.o
LOAD /tmp/ccJ266pH.ltrans8.ltrans.o
LOAD /tmp/ccJ266pH.ltrans9.ltrans.o
LOAD /tmp/ccJ266pH.ltrans10.ltrans.o
LOAD /tmp/ccJ266pH.ltrans11.ltrans.o
LOAD /tmp/ccJ266pH.ltrans12.ltrans.o
LOAD /tmp/ccJ266pH.ltrans13.ltrans.o
LOAD /tmp/ccJ266pH.ltrans14.ltrans.o
LOAD /tmp/ccJ266pH.ltrans15.ltrans.o
LOAD /tmp/ccJ266pH.ltrans16.ltrans.o
LOAD /tmp/ccJ266pH.ltrans17.ltrans.o
LOAD /tmp/ccJ266pH.ltrans18.ltrans.o
LOAD /tmp/ccJ266pH.ltrans19.ltrans.o
LOAD /tmp/ccJ266pH.ltrans20.ltrans.o
LOAD /tmp/ccJ266pH.ltrans21.ltrans.o
LOAD /tmp/ccJ266pH.ltrans22.ltrans.o
LOAD /tmp/ccJ266pH.ltrans23.ltrans.o
LOAD /tmp/ccJ266pH.ltrans24.ltrans.o
LOAD /tmp/ccJ266pH.ltrans25.ltrans.o
LOAD /tmp/ccJ266pH.ltrans26.ltrans.o
LOAD /tmp/ccJ266pH.ltrans27.ltrans.o
LOAD /tmp/ccJ266pH.ltrans28.ltrans.o
LOAD /tmp/ccJ266pH.ltrans29.ltrans.o
LOAD obj/main/NAZE/drivers/accgyro_bma280.o
LOAD obj/main/NAZE/drivers/accgyro_l3g4200d.o
LOAD obj/main/NAZE/drivers/accgyro_mma845x.o
LOAD obj/main/NAZE/drivers/accgyro_mpu.o
LOAD obj/main/NAZE/drivers/accgyro_mpu3050.o
LOAD obj/main/NAZE/drivers/accgyro_mpu6050.o
LOAD obj/main/NAZE/drivers/accgyro_mpu6500.o
LOAD obj/main/NAZE/drivers/accgyro_spi_mpu6500.o
LOAD obj/main/NAZE/drivers/adc.o
LOAD obj/main/NAZE/drivers/adc_stm32f10x.o
LOAD obj/main/NAZE/drivers/barometer_bmp085.o
LOAD obj/main/NAZE/drivers/barometer_ms5611.o
LOAD obj/main/NAZE/drivers/barometer_bmp280.o
LOAD obj/main/NAZE/drivers/bus_spi.o
LOAD obj/main/NAZE/drivers/bus_i2c_stm32f10x.o
LOAD obj/main/NAZE/drivers/compass_hmc5883l.o
LOAD obj/main/NAZE/drivers/display_ug2864hsweg01.o
LOAD obj/main/NAZE/drivers/flash_m25p16.o
LOAD obj/main/NAZE/drivers/gpio_stm32f10x.o
LOAD obj/main/NAZE/drivers/inverter.o
LOAD obj/main/NAZE/drivers/light_led_stm32f10x.o
LOAD obj/main/NAZE/drivers/light_ws2811strip.o
LOAD obj/main/NAZE/drivers/light_ws2811strip_stm32f10x.o
LOAD obj/main/NAZE/drivers/sonar_hcsr04.o
LOAD obj/main/NAZE/drivers/pwm_mapping.o
LOAD obj/main/NAZE/drivers/pwm_output.o
LOAD obj/main/NAZE/drivers/pwm_rx.o
LOAD obj/main/NAZE/drivers/serial_softserial.o
LOAD obj/main/NAZE/drivers/serial_uart.o
LOAD obj/main/NAZE/drivers/serial_uart_stm32f10x.o
LOAD obj/main/NAZE/drivers/sound_beeper_stm32f10x.o
LOAD obj/main/NAZE/drivers/system_stm32f10x.o
LOAD obj/main/NAZE/drivers/timer.o
LOAD obj/main/NAZE/drivers/timer_stm32f10x.o
LOAD obj/main/NAZE/../controller/io/flashfs.o
LOAD obj/main/NAZE/hardware_revision.o
LOAD obj/main/NAZE/../controller/flight/gtune.o
LOAD obj/main/NAZE/../controller/flight/navigation.o
LOAD obj/main/NAZE/../controller/flight/gps_conversion.o
LOAD obj/main/NAZE/../controller/common/colorconversion.o
LOAD obj/main/NAZE/../controller/io/gps.o
LOAD obj/main/NAZE/../controller/io/ledstrip.o
LOAD obj/main/NAZE/../controller/io/display.o
LOAD obj/main/NAZE/../controller/telemetry/telemetry.o
LOAD obj/main/NAZE/../controller/telemetry/frsky.o
LOAD obj/main/NAZE/../controller/telemetry/hott.o
LOAD obj/main/NAZE/../controller/telemetry/smartport.o
LOAD obj/main/NAZE/../controller/telemetry/ltm.o
LOAD obj/main/NAZE/../controller/sensors/sonar.o
LOAD obj/main/NAZE/../controller/sensors/barometer.o
LOAD obj/main/NAZE/../controller/blackbox/blackbox.o
LOAD obj/main/NAZE/../controller/blackbox/blackbox_io.o
LOAD obj/main/NAZE/build_config.o
LOAD obj/main/NAZE/debug.o
LOAD obj/main/NAZE/../controller/version.o
LOAD obj/main/NAZE/../controller/config/config.o
LOAD obj/main/NAZE/../controller/config/runtime_config.o
LOAD obj/main/NAZE/../controller/common/maths.o
LOAD obj/main/NAZE/../controller/common/printf.o
LOAD obj/main/NAZE/../controller/common/typeconversion.o
LOAD obj/main/NAZE/../controller/common/encoding.o
LOAD obj/main/NAZE/../controller/common/filter.o
LOAD obj/main/NAZE/../controller/scheduler.o
LOAD obj/main/NAZE/../controller/scheduler_tasks.o
LOAD obj/main/NAZE/main.o
LOAD obj/main/NAZE/../controller/mw.o
LOAD obj/main/NAZE/../controller/flight/altitudehold.o
LOAD obj/main/NAZE/../controller/flight/failsafe.o
LOAD obj/main/NAZE/../controller/flight/pid.o
LOAD obj/main/NAZE/../controller/flight/imu.o
LOAD obj/main/NAZE/../controller/flight/mixer.o
LOAD obj/main/NAZE/drivers/bus_i2c_soft.o
LOAD obj/main/NAZE/drivers/serial.o
LOAD obj/main/NAZE/drivers/sound_beeper.o
LOAD obj/main/NAZE/drivers/system.o
LOAD obj/main/NAZE/drivers/dma.o
LOAD obj/main/NAZE/drivers/buf_writer.o
LOAD obj/main/NAZE/drivers/gyro_sync.o
LOAD obj/main/NAZE/../controller/io/beeper.o
LOAD obj/main/NAZE/../controller/io/rc_controls.o
LOAD obj/main/NAZE/../controller/io/rc_curves.o
LOAD obj/main/NAZE/../controller/io/serial.o
LOAD obj/main/NAZE/../controller/io/serial_1wire.o
LOAD obj/main/NAZE/../controller/io/serial_cli.o
LOAD obj/main/NAZE/../controller/io/serial_msp.o
LOAD obj/main/NAZE/../controller/io/statusindicator.o
LOAD obj/main/NAZE/../controller/rx/rx.o
LOAD obj/main/NAZE/../controller/rx/pwm.o
LOAD obj/main/NAZE/../controller/rx/msp.o
LOAD obj/main/NAZE/../controller/rx/sbus.o
LOAD obj/main/NAZE/../controller/rx/sumd.o
LOAD obj/main/NAZE/../controller/rx/sumh.o
LOAD obj/main/NAZE/../controller/rx/spektrum.o
LOAD obj/main/NAZE/../controller/rx/xbus.o
LOAD obj/main/NAZE/../controller/rx/ibus.o
LOAD obj/main/NAZE/../controller/sensors/acceleration.o
LOAD obj/main/NAZE/../controller/sensors/battery.o
LOAD obj/main/NAZE/../controller/sensors/boardalignment.o
LOAD obj/main/NAZE/../controller/sensors/compass.o
LOAD obj/main/NAZE/../controller/sensors/gyro.o
LOAD obj/main/NAZE/../controller/sensors/initialisation.o
LOAD obj/main/NAZE/../controller/pif_linker.o
LOAD obj/main/NAZE/core_cm3.o
LOAD obj/main/NAZE/system_stm32f10x.o
LOAD obj/main/NAZE/stm32f10x_dma.o
LOAD obj/main/NAZE/stm32f10x_dbgmcu.o
LOAD obj/main/NAZE/stm32f10x_dac.o
LOAD obj/main/NAZE/stm32f10x_rtc.o
LOAD obj/main/NAZE/stm32f10x_pwr.o
LOAD obj/main/NAZE/stm32f10x_i2c.o
LOAD obj/main/NAZE/stm32f10x_sdio.o
LOAD obj/main/NAZE/stm32f10x_rcc.o
LOAD obj/main/NAZE/stm32f10x_flash.o
LOAD obj/main/NAZE/stm32f10x_usart.o
LOAD obj/main/NAZE/stm32f10x_tim.o
LOAD obj/main/NAZE/stm32f10x_wwdg.o
LOAD obj/main/NAZE/misc.o
LOAD obj/main/NAZE/stm32f10x_iwdg.o
LOAD obj/main/NAZE/stm32f10x_adc.o
LOAD obj/main/NAZE/stm32f10x_spi.o
LOAD obj/main/NAZE/stm32f10x_bkp.o
LOAD obj/main/NAZE/stm32f10x_exti.o
LOAD obj/main/NAZE/stm32f10x_fsmc.o
LOAD obj/main/NAZE/stm32f10x_gpio.o
LOAD obj/main/NAZE/../../pif/source/core/pif.o
LOAD obj/main/NAZE/../../pif/source/core/pif_obj_array.o
LOAD obj/main/NAZE/../../pif/source/core/pif_task.o
LOAD obj/main/NAZE/../../pif/source/core/pif_timer.o
LOAD /usr/lib/gcc/arm-none-eabi/4.9.3/../../../arm-none-eabi/lib/armv7-m/libm.a
LOAD /usr/lib/gcc/arm-none-eabi/4.9.3/../../../arm-none-eabi/lib/armv7-m/libc_nano.a
LOAD /usr/lib/gcc/arm-none-eabi/4.9.3/../../../arm-none-eabi/lib/armv7-m/libnosys.a
START GROUP
LOAD /usr/lib/gcc/arm-none-eabi/4.9.3/armv7-m/libgcc.a
LOAD /usr/lib/gcc/arm-none-eabi/4.9.3/../../../arm-none-eabi/lib/armv7-m/libg_nano.a
LOAD /usr/lib/gcc/arm-none-eabi/4.9.3/../../../arm-none-eabi/lib/armv7-m/libc_nano.a
END GROUP
START GROUP
LOAD /usr/lib/gcc/arm-none-eabi/4.9.3/armv7-m/libgcc.a
LOAD /usr/lib/gcc/arm-none-eabi/4.9.3/../../../arm-none-eabi/lib/armv7-m/libc_nano.a
END GROUP
                0x20005000                _estack = (ORIGIN (RAM) + LENGTH (RAM))
                0x00000000                _Min_Heap_Size = 0x0
                0x00000400                _Min_Stack_Size = 0x400

.isr_vector     0x08000000      0x10c
                0x08000000                . = ALIGN (0x4)
                [!provide]                PROVIDE (isr_vector_table_base, .)
 *(.isr_vector)
 .isr_vector    0x08000000      0x10c obj/main/NAZE/startup_stm32f10x_md_gcc.o
                0x08000000                g_pfnVectors
                0x0800010c                . = ALIGN (0x4)

.text           0x08000110    0x1dce0
                0x08000110                . = ALIGN (0x4)
 *(.text)
 .text          0x08000110     0x22c8 /tmp/ccJ266pH.ltrans1.ltrans.o
                0x08000110                taskMainPidLoopChecker
 .text          0x080023d8     0x20f0 /tmp/ccJ266pH.ltrans2.ltrans.o
                0x080023d8                taskHandleSerial
 .text          0x080044c8     0x1730 /tmp/ccJ266pH.ltrans3.ltrans.o
                0x080044c8                taskUpdateRxMain
 .text          0x08005bf8     0x102c /tmp/ccJ266pH.ltrans4.ltrans.o
                0x08005e48                bmp280_calculate.lto_priv.211
                0x08006008                bmp280_get_ut.lto_priv.207
                0x0800600a                bmp280_start_ut.lto_priv.208
                0x0800600c                ms5611_calculate.lto_priv.221
                0x080061c8                bmp085_calculate.lto_priv.216
                0x080062a4                mpu3050ReadTemp.lto_priv.204
                0x080062dc                mpuIsDataReady
                0x080062f4                mpuGyroRead
                0x0800633c                mpuAccRead
                0x0800643c                BMP085_EOC_EXTI_Handler
                0x08006490                mpu6500ReadRegister
                0x080064bc                mpu6500WriteRegister
                0x080064dc                mpu3050Init.lto_priv.203
                0x080065dc                mpu6500GyroInit
                0x08006658                mpu6500AccInit
                0x0800666c                mpu6050GyroInit.lto_priv.205
                0x080066d0                mpu6050AccInit.lto_priv.226
                0x080066fc                i2cRead
                0x08006780                bmp280_get_up.lto_priv.210
                0x080067f4                ms5611_get_up.lto_priv.220
                0x08006804                ms5611_get_ut.lto_priv.218
                0x08006814                bmp085_get_up.lto_priv.215
                0x08006864                bmp085_get_ut.lto_priv.213
                0x0800689c                mpuReadRegisterI2C.lto_priv.201
                0x080068b0                mma8452Read.lto_priv.225
                0x0800690a                bma280Read.lto_priv.223
                0x08006950                adxl345Read.lto_priv.228
                0x08006a20                i2cWrite
                0x08006aac                bmp280_start_up.lto_priv.209
                0x08006ab4                ms5611_start_up.lto_priv.219
                0x08006abc                ms5611_start_ut.lto_priv.217
                0x08006ac4                bmp085_start_up.lto_priv.214
                0x08006ae8                bmp085_start_ut.lto_priv.212
                0x08006afc                mpuWriteRegisterI2C.lto_priv.202
                0x08006b06                mma8452Init.lto_priv.224
                0x08006b98                bma280Init.lto_priv.222
                0x08006bbc                adxl345Init.lto_priv.227
                0x08006c14                I2C2_EV_IRQHandler
                0x08006c18                I2C2_ER_IRQHandler
                0x08006c1c                I2C1_EV_IRQHandler
                0x08006c20                I2C1_ER_IRQHandler
 .text          0x08006c24      0xcc0 /tmp/ccJ266pH.ltrans5.ltrans.o
                0x08006c24                taskTelemetry
 .text          0x080078e4      0xb78 /tmp/ccJ266pH.ltrans6.ltrans.o
                0x08007904                pwmOverflowCallback.lto_priv.491
                0x0800792c                ppmEdgeCallback.lto_priv.492
                0x08007ab8                ppmOverflowCallback.lto_priv.493
                0x08007af8                pwmWriteStandard.lto_priv.488
                0x08007b08                pwmWriteBrushed.lto_priv.489
                0x08007b2c                ws2811DMAHandler
                0x08007ba0                applyChangedBits
                0x08007bca                serialICConfig.lto_priv.587
                0x08007cfe                pwmICConfig
                0x08007d38                pwmEdgeCallback.lto_priv.490
                0x08007d90                pwmWriteServo
                0x08007da8                EXTI9_5_IRQHandler
                0x08007daa                EXTI1_IRQHandler
                0x08007dac                EXTI0_IRQHandler
                0x08007dae                ws2811UpdateStrip
                0x08007f80                gpioExtiLineConfig
                0x08007faa                gpioInit
                0x0800800e                openSoftSerial
                0x080081a8                pwmOutConfig.lto_priv.528
 .text          0x0800845c      0x634 /tmp/ccJ266pH.ltrans7.ltrans.o
                0x0800845c                taskLedStrip
 .text          0x08008a90      0xa14 /tmp/ccJ266pH.ltrans8.ltrans.o
                0x08008a90                sensorsAutodetect.constprop.38
                0x080093e8                pifObjArray_Init.part.0.constprop.28
                0x08009440                findNextSharedSerialPort.constprop.20
 .text          0x080094a4      0xcb4 /tmp/ccJ266pH.ltrans9.ltrans.o
                0x080094a4                ibusReadRawRC.lto_priv.471
                0x080094b0                xBusReadRawRC.lto_priv.469
                0x08009570                spektrumReadRawRC.lto_priv.197
                0x0800959c                sumhReadRawRC.lto_priv.462
                0x080095b4                sumdReadRawRC.lto_priv.460
                0x080095c8                sbusReadRawRC.lto_priv.458
                0x080095f8                rxMspReadRawRC.lto_priv.473
                0x08009608                ppmReadRawRC.lto_priv.475
                0x08009618                pwmReadRawRC.lto_priv.474
                0x08009628                nullReadRawRC.lto_priv.199
                0x0800962c                ibusDataReceive.lto_priv.472
                0x08009678                xBusDataReceive.lto_priv.470
                0x08009754                spektrumDataReceive.lto_priv.198
                0x080097a4                sumhDataReceive.lto_priv.463
                0x080097f0                sumdDataReceive.lto_priv.461
                0x0800989c                sbusDataReceive.lto_priv.459
                0x080098f4                cliVersion.lto_priv.254
                0x08009928                cliTasks.lto_priv.253
                0x08009978                FLASH_GetBank1Status
                0x080099a0                RCC_GetClocksFreq
                0x08009a34                DMA_StructInit
                0x08009a4e                DMA_Init
                0x08009a8a                DMA_DeInit
                0x08009b7c                SystemInit
                0x08009bc8                alignSensors
                0x08009d44                calculateBatteryCapacityRemainingPercentage
                0x08009d8c                batteryAdcToVoltage
                0x08009db8                updateBatteryVoltage.lto_priv.356
                0x08009df0                getRxfailValue.lto_priv.351
                0x08009e50                resumeRxSignal
                0x08009e78                suspendRxSignal
                0x08009ea4                warningLedRefresh
                0x08009eec                packFlightModeFlags.lto_priv.392
                0x0800a01c                mspReleasePortIfAllocated
                0x0800a05c                read8.lto_priv.387
                0x0800a074                read16.lto_priv.388
                0x0800a088                read32.lto_priv.389
                0x0800a09a                serialize8.lto_priv.386
                0x0800a0bc                tailSerialReply.lto_priv.384
                0x0800a0e0                headSerialResponse.lto_priv.230
                0x0800a12c                headSerialReply.lto_priv.385
                0x0800a132                serialize16.lto_priv.390
                0x0800a144                serialize32.lto_priv.391
 .text          0x0800a158      0xa84 /tmp/ccJ266pH.ltrans10.ltrans.o
                0x0800a2a0                blackboxWrite
                0x0800a438                blackboxAdvanceIterationTimers.lto_priv.412
                0x0800a474                blackboxLogEvent
                0x0800a524                blackboxLogIteration.lto_priv.413
                0x0800aa80                sendFieldDefinition.lto_priv.414
 .text          0x0800abdc      0xc20 /tmp/ccJ266pH.ltrans11.ltrans.o
                0x0800abdc                dmaNoOpHandler
                0x0800ac34                cliShowArgumentRangeError.lto_priv.256
                0x0800ac50                cliAux.lto_priv.239
                0x0800ad3c                cliShowParseError.lto_priv.257
                0x0800ad48                cliMotorMix.lto_priv.247
                0x0800af40                cliAdjustmentRange.lto_priv.238
                0x0800b09c                cliRxFail.lto_priv.249
                0x0800b1cc                waitForSerialPortToFinishTransmitting
                0x0800b1e2                serialRemovePort
                0x0800b214                closeSerialPort
                0x0800b23c                openSerialPort
                0x0800b2dc                serialFindPortConfiguration
                0x0800b304                cliSerial.lto_priv.250
                0x0800b448                doesConfigurationUsePort
                0x0800b45e                determinePortSharing
                0x0800b472                findNextSerialPortConfig
                0x0800b4a4                findSerialPortConfig
                0x0800b4b0                generateThrottleCurve
                0x0800b540                generatePitchRollCurve
                0x0800b574                isRangeActive.part.3.lto_priv.349
                0x0800b5bc                isModeActivationConditionPresent
                0x0800b5de                calculateThrottleStatus
                0x0800b614                blackboxLogInflightAdjustmentEvent
                0x0800b63c                beeperSilence
                0x0800b664                beeper
                0x0800b6a8                beeperConfirmationBeeps
                0x0800b6d8                bufWriterFlush
                0x0800b6f0                cliPrompt.lto_priv.393
                0x0800b70c                bufWriterAppend
                0x0800b728                DMA1_Channel7_IRQHandler
                0x0800b738                DMA1_Channel6_IRQHandler
                0x0800b748                DMA1_Channel3_IRQHandler
                0x0800b758                DMA1_Channel2_IRQHandler
                0x0800b768                failureMode
 .text          0x0800b7fc      0xd7c /tmp/ccJ266pH.ltrans12.ltrans.o
                0x0800b814                gpsNewFrame
                0x0800bdbc                gpsSetState.lto_priv.313
                0x0800bdd8                GPS_distance_cm_bearing.isra.3.lto_priv.583
                0x0800be5c                gpsNewData.part.2.lto_priv.258
 .text          0x0800c578      0xd68 /tmp/ccJ266pH.ltrans13.ltrans.o
                0x0800c578                cliFeature.lto_priv.243
                0x0800c670                cliExit.lto_priv.242
                0x0800c6ec                cliFlashErase.lto_priv.244
                0x0800c718                cliFlashInfo.lto_priv.245
                0x0800c750                cliServo.lto_priv.251
                0x0800c894                cliServoMix.lto_priv.252
                0x0800cbac                cliRxRange.lto_priv.248
                0x0800cc8c                cliColor.lto_priv.240
                0x0800cd70                cliLed.lto_priv.246
                0x0800cf90                cliDump.lto_priv.241
 .text          0x0800d2e0      0xc1c /tmp/ccJ266pH.ltrans14.ltrans.o
                0x0800d2e0                micros
                0x0800d318                beepInverted.lto_priv.495
                0x0800d32c                beepNormal.lto_priv.496
                0x0800d984                delayMicroseconds
                0x0800d99a                delay
                0x0800d9ae                SysTick_Handler
                0x0800db40                EXTI15_10_IRQHandler
                0x0800db60                registerExtiCallbackHandler
                0x0800db90                systemBeep
                0x0800db9c                serialSetMode
                0x0800dba2                isSerialTransmitBufferEmpty
                0x0800dba8                serialSetBaudRate
                0x0800dbae                serialRead
                0x0800dbb4                serialRxBytesWaiting
                0x0800dbba                serialWrite
                0x0800dbc0                serialWriteBufShim
                0x0800dbfc                writeMotors
                0x0800dca0                stopMotors
                0x0800dce8                mixerResetDisarmedMotors
                0x0800dd20                loadCustomServoMixer
                0x0800dd70                determineServoMiddleOrForwardFromChannel
                0x0800dda4                imuComputeRotationMatrix.lto_priv.417
                0x0800ded8                pidSetController
 .text          0x0800defc      0x718 /tmp/ccJ266pH.ltrans15.ltrans.o
                0x0800df86                isSoftSerialTransmitBufferEmpty
                0x0800df92                softSerialSetMode
                0x0800df96                softSerialWriteByte
                0x0800dfb4                softSerialTxBytesFree
                0x0800dfd6                softSerialRxBytesWaiting
                0x0800dff4                softSerialReadByte
                0x0800e150                softSerialSetBaudRate
                0x0800e160                onSerialRxPinChange
                0x0800e1fe                usartIrqCallback
                0x0800e262                uartStartTxDMA
                0x0800e2c4                uartOpen
 .text          0x0800e614      0xc0c /tmp/ccJ266pH.ltrans16.ltrans.o
                0x0800e61a                activateControlRateConfig
                0x0800e660                isEEPROMContentValid.lto_priv.529
                0x0800e6a4                readEEPROM
                0x0800ea28                resetConf.lto_priv.255
                0x0800eedc                blackboxDeviceReserveBufferSpace
                0x0800ef3c                isBlackboxDeviceFull
                0x0800ef68                blackboxDeviceFlushForce
                0x0800ef8c                blackboxWriteTag2_3S32
                0x0800f0ac                blackboxWriteUnsignedVB
                0x0800f0cc                blackboxWriteSignedVB
                0x0800f0d4                blackboxPrint
                0x0800f1ac                blackboxPrintfHeaderLine
                0x0800f1fc                blackboxPrintf
 .text          0x0800f220      0x988 /tmp/ccJ266pH.ltrans17.ltrans.o
                0x0800f2e4                wrap_18000.lto_priv.416
                0x0800f308                GPS_set_next_wp
                0x0800f394                gpsUsePIDs
                0x0800f434                GPS_reset_home_position
                0x0800f488                calculate_Gtune
                0x0800f644                flashfsAdvanceTailInBuffer.lto_priv.543
                0x0800f674                flashfsGetDirtyDataBuffers.lto_priv.541
                0x0800f6ac                flashfsGetOffset
                0x0800f6cc                flashfsWriteBuffers.lto_priv.542
                0x0800f820                flashfsFlushSync
                0x0800f858                flashfsFlushAsync
                0x0800f89c                flashfsTransmitBufferUsed.lto_priv.415
                0x0800f8bc                flashfsEraseCompletely
                0x0800f90c                TIM4_IRQHandler
                0x0800f91c                TIM3_IRQHandler
                0x0800f92c                TIM2_IRQHandler
                0x0800f938                TIM1_UP_IRQHandler
                0x0800f948                TIM1_CC_IRQHandler
                0x0800f958                configTimeBase
                0x0800fa00                timerConfigure
                0x0800fa54                lookupTimerIndex.lto_priv.289
                0x0800fa90                timerChConfigCallbacks
                0x0800fb48                USART3_IRQHandler
                0x0800fb54                USART2_IRQHandler
                0x0800fb60                USART1_IRQHandler
                0x0800fb6c                DMA1_Channel4_IRQHandler
 .text          0x0800fba8      0xa00 /tmp/ccJ266pH.ltrans18.ltrans.o
                0x0800fba8                taskUpdateBaro
                0x0800fc80                taskUpdateDisplay
                0x0800fc98                taskCalculateAltitude
                0x08010164                taskUpdateSonar
                0x080101a8                taskUpdateCompass
                0x08010300                taskProcessGPS
 .text          0x080105a8      0x8d8 /tmp/ccJ266pH.ltrans19.ltrans.o
                0x080105a8                _doTask.lto_priv.499
                0x08010664                setAdjustment.constprop.18
                0x080106f0                headSerialError.constprop.12
                0x080106f8                _processingTask.part.1.lto_priv.525
                0x08010824                pifObjArray_Remove
                0x08010866                pifTaskManager_Remove
                0x080108d4                pifTaskManager_Add
                0x08010aec                pifObjArray_Clear
                0x08010b1c                GPIO_Init
                0x08010bb8                EXTI_Init.part.0.lto_priv.229
                0x08010c18                EXTI_GetITStatus
                0x08010c34                TIM_ICInit
                0x08010e5c                FLASH_WaitForLastOperation
 .text          0x08010e80      0x974 /tmp/ccJ266pH.ltrans20.ltrans.o
                0x08010ecc                drawHorizonalPercentageBar
                0x08010f1e                updateDisplay
                0x08011654                applyDirectionalModeColor
                0x08011734                reevalulateLedConfig
 .text          0x080117f4      0xb54 /tmp/ccJ266pH.ltrans21.ltrans.o
                0x080118ee                _putc.lto_priv.498
                0x080118fc                setTaskEnabled
                0x08011954                applyBiQuadFilter
                0x080119ba                BiQuadNewLpf
                0x08011a8c                fastA2F
                0x08011bb8                ftoa
                0x08011c84                _i2a.lto_priv.200
                0x08011cac                tfp_format
                0x08011e82                tfp_sprintf
                0x08011eac                applyDeadband
                0x08011eca                acosf
                0x08011f44                atan2f
                0x08012048                sinf
                0x08012130                cosf
                0x08012144                disableFlightMode
                0x08012164                enableFlightMode
                0x08012184                featureClear
                0x08012194                handleOneshotFeatureChangeOnRestart
                0x080121e8                writeEEPROM
                0x08012334                saveConfigAndNotify
 .text          0x08012348      0x930 /tmp/ccJ266pH.ltrans22.ltrans.o
                0x0801234c                cliGpsPassthrough.lto_priv.375
                0x080123fc                cliWrite.lto_priv.265
                0x0801240c                cliPrintf.lto_priv.234
                0x08012434                cliPrintVar.lto_priv.266
                0x08012520                cliRateProfile.lto_priv.263
                0x08012568                cliProfile.lto_priv.264
                0x080125a4                cliPlaySound.lto_priv.380
                0x08012644                cliMotor.lto_priv.379
                0x080126e4                cliPrint.lto_priv.261
                0x08012700                cliStatus.lto_priv.383
                0x08012828                cliGet.lto_priv.374
                0x08012880                cliSet.lto_priv.382
                0x08012a84                cliMixer.lto_priv.378
                0x08012b24                cliMap.lto_priv.377
                0x08012bc8                cliHelp.lto_priv.376
                0x08012c0c                cliReboot.lto_priv.262
                0x08012c44                cliDefaults.lto_priv.373
                0x08012c60                cliSave.lto_priv.381
 .text          0x08012c78      0x6f4 /tmp/ccJ266pH.ltrans23.ltrans.o
                0x08012c78                hmc5883lRead
                0x08012d10                hmc5883lInit
                0x08012f24                m25p16_isReady
                0x08012f6c                m25p16_waitForReady
                0x08012f8c                m25p16_readBytes
                0x08012fd8                i2c_OLED_send_byte.lto_priv.565
                0x08012fe2                i2c_OLED_send_char
                0x08013018                i2c_OLED_send_string
                0x0801302a                i2c_OLED_send_cmd.lto_priv.527
                0x08013034                ug2864hsweg01InitI2C.part.0.lto_priv.526
                0x08013112                i2c_OLED_set_line
                0x0801312a                i2c_OLED_set_xy
                0x08013154                i2cInit
 .text          0x0801336c      0x53c /tmp/ccJ266pH.ltrans24.ltrans.o
                0x08013460                sonarRead
                0x080134e8                ltm_finalise.lto_priv.303
                0x08013500                ltm_serialise_8.lto_priv.304
                0x08013524                ltm_serialise_32.lto_priv.305
                0x08013546                ltm_serialise_16.lto_priv.307
                0x08013558                ltm_initialise_packet.lto_priv.306
                0x0801358c                smartPortSendPackage.lto_priv.302
                0x080135f4                workAroundForHottTelemetryOnUsart.isra.0.lto_priv.301
                0x08013620                flushHottRxBuffer.lto_priv.300
                0x0801363c                serialize16.lto_priv.297
                0x08013650                sendTelemetryTail.lto_priv.296
                0x08013660                sendDataHead.lto_priv.298
                0x08013680                sendLatLong.lto_priv.299
                0x080136f8                telemetryCheckState
 .text          0x080138a8      0x41c /tmp/ccJ266pH.ltrans25.ltrans.o
                0x080138a8                mwArm
                0x08013c40                mwDisarm
                0x08013ca8                HardFault_Handler
 .text          0x08013cc4      0x414 /tmp/ccJ266pH.ltrans26.ltrans.o
                0x08013cc4                NVIC_Init.part.0.constprop.196
                0x08013d00                spiTransfer.constprop.182
                0x08013d40                spiTransferByte.constprop.181
                0x08013d60                bmp085InitXCLRGpio.constprop.151
                0x08013d98                GPS_coord_to_degrees.constprop.115
                0x08013e58                grab_fields.constprop.114
                0x08013e9c                drawRxChannel.constprop.110
                0x08013ee8                blackboxWriteSigned16VBArray.constprop.83
                0x08013f08                blackboxWriteSignedVBArray.constprop.82
                0x08013f22                mspAllocateSerialPorts.constprop.80
                0x08013f9c                resetSerialConfig.constprop.76
                0x08013ff8                parseRcChannels.constprop.66
                0x08014034                itoa.constprop.61
                0x08014056                spektrumInit.constprop.46
 .text          0x080140d8      0x338 /tmp/ccJ266pH.ltrans27.ltrans.o
                0x080140d8                taskUpdateBattery
                0x080142e0                taskUpdateBeeper
 .text          0x08014410      0x598 /tmp/ccJ266pH.ltrans28.ltrans.o
                0x08014410                filterIsSetCheck
                0x08014450                scaleItermToRcInput
                0x08014524                pidLuxFloat.lto_priv.288
                0x08014950                pidResetErrorAngle
                0x0801496c                failsafeActivate.lto_priv.350
 .text          0x080149a8      0x200 /tmp/ccJ266pH.ltrans29.ltrans.o
                0x080149a8                taskUpdateAccelerometer
 .text          0x08014ba8      0x370 /usr/lib/gcc/arm-none-eabi/4.9.3/armv7-m/libgcc.a(_arm_addsubdf3.o)
                0x08014ba8                __aeabi_drsub
                0x08014bb0                __aeabi_dsub
                0x08014bb0                __subdf3
                0x08014bb4                __adddf3
                0x08014bb4                __aeabi_dadd
                0x08014e2c                __aeabi_ui2d
                0x08014e2c                __floatunsidf
                0x08014e4c                __floatsidf
                0x08014e4c                __aeabi_i2d
                0x08014e70                __extendsfdf2
                0x08014e70                __aeabi_f2d
                0x08014eac                __aeabi_ul2d
                0x08014eac                __floatundidf
                0x08014ebc                __floatdidf
                0x08014ebc                __aeabi_l2d
 .text          0x08014f18      0x424 /usr/lib/gcc/arm-none-eabi/4.9.3/armv7-m/libgcc.a(_arm_muldivdf3.o)
                0x08014f18                __aeabi_dmul
                0x08014f18                __muldf3
                0x0801516c                __aeabi_ddiv
                0x0801516c                __divdf3
 .text          0x0801533c      0x110 /usr/lib/gcc/arm-none-eabi/4.9.3/armv7-m/libgcc.a(_arm_cmpdf2.o)
                0x0801533c                __gtdf2
                0x0801533c                __gedf2
                0x08015344                __ltdf2
                0x08015344                __ledf2
                0x0801534c                __cmpdf2
                0x0801534c                __eqdf2
                0x0801534c                __nedf2
                0x080153c8                __aeabi_cdrcmple
                0x080153d8                __aeabi_cdcmple
                0x080153d8                __aeabi_cdcmpeq
                0x080153e8                __aeabi_dcmpeq
                0x080153fc                __aeabi_dcmplt
                0x08015410                __aeabi_dcmple
                0x08015424                __aeabi_dcmpge
                0x08015438                __aeabi_dcmpgt
 .text          0x0801544c       0xa0 /usr/lib/gcc/arm-none-eabi/4.9.3/armv7-m/libgcc.a(_arm_truncdfsf2.o)
                0x0801544c                __aeabi_d2f
                0x0801544c                __truncdfsf2
 .text          0x080154ec      0x21c /usr/lib/gcc/arm-none-eabi/4.9.3/armv7-m/libgcc.a(_arm_addsubsf3.o)
                0x080154ec                __aeabi_frsub
                0x080154f4                __subsf3
                0x080154f4                __aeabi_fsub
                0x080154f8                __aeabi_fadd
                0x080154f8                __addsf3
                0x08015658                __aeabi_ui2f
                0x08015658                __floatunsisf
                0x08015660                __aeabi_i2f
                0x08015660                __floatsisf
                0x0801567c                __floatundisf
                0x0801567c                __aeabi_ul2f
                0x0801568c                __floatdisf
                0x0801568c                __aeabi_l2f
 .text          0x08015708      0x2a0 /usr/lib/gcc/arm-none-eabi/4.9.3/armv7-m/libgcc.a(_arm_muldivsf3.o)
                0x08015708                __mulsf3
                0x08015708                __aeabi_fmul
                0x08015870                __divsf3
                0x08015870                __aeabi_fdiv
 .text          0x080159a8       0xec /usr/lib/gcc/arm-none-eabi/4.9.3/armv7-m/libgcc.a(_arm_cmpsf2.o)
                0x080159a8                __gtsf2
                0x080159a8                __gesf2
                0x080159b0                __lesf2
                0x080159b0                __ltsf2
                0x080159b8                __nesf2
                0x080159b8                __eqsf2
                0x080159b8                __cmpsf2
                0x08015a18                __aeabi_cfrcmple
                0x08015a20                __aeabi_cfcmple
                0x08015a20                __aeabi_cfcmpeq
                0x08015a30                __aeabi_fcmpeq
                0x08015a44                __aeabi_fcmplt
                0x08015a58                __aeabi_fcmple
                0x08015a6c                __aeabi_fcmpge
                0x08015a80                __aeabi_fcmpgt
 .text          0x08015a94       0x4c /usr/lib/gcc/arm-none-eabi/4.9.3/armv7-m/libgcc.a(_arm_fixsfsi.o)
                0x08015a94                __fixsfsi
                0x08015a94                __aeabi_f2iz
 .text          0x08015ae0       0x40 /usr/lib/gcc/arm-none-eabi/4.9.3/armv7-m/libgcc.a(_arm_fixunssfsi.o)
                0x08015ae0                __aeabi_f2uiz
                0x08015ae0                __fixunssfsi
 .text          0x08015b20       0x38 /usr/lib/gcc/arm-none-eabi/4.9.3/armv7-m/libgcc.a(_aeabi_ldivmod.o)
                0x08015b20                __aeabi_ldivmod
 .text          0x08015b58       0x60 /usr/lib/gcc/arm-none-eabi/4.9.3/armv7-m/libgcc.a(bpabi.o)
                0x08015b58                __gnu_ldivmod_helper
                0x08015b88                __gnu_uldivmod_helper
 .text          0x08015bb8        0x4 /usr/lib/gcc/arm-none-eabi/4.9.3/armv7-m/libgcc.a(_dvmd_tls.o)
                0x08015bb8                __aeabi_ldiv0
                0x08015bb8                __aeabi_idiv0
 .text          0x08015bbc      0x2ac /usr/lib/gcc/arm-none-eabi/4.9.3/armv7-m/libgcc.a(_divdi3.o)
                0x08015bbc                __divdi3
 .text          0x08015e68      0x270 /usr/lib/gcc/arm-none-eabi/4.9.3/armv7-m/libgcc.a(_udivdi3.o)
                0x08015e68                __udivdi3
 *(.text*)
 .text.Reset_Handler
                0x080160d8       0x9c obj/main/NAZE/startup_stm32f10x_md_gcc.o
                0x080160d8                Reset_Handler
 .text.Default_Handler
                0x08016174        0x2 obj/main/NAZE/startup_stm32f10x_md_gcc.o
                0x08016174                EXTI2_IRQHandler
                0x08016174                DebugMon_Handler
                0x08016174                PVD_IRQHandler
                0x08016174                PendSV_Handler
                0x08016174                NMI_Handler
                0x08016174                EXTI3_IRQHandler
                0x08016174                UsageFault_Handler
                0x08016174                ADC1_2_IRQHandler
                0x08016174                SPI1_IRQHandler
                0x08016174                TAMPER_IRQHandler
                0x08016174                RTC_IRQHandler
                0x08016174                CAN1_RX1_IRQHandler
                0x08016174                RCC_IRQHandler
                0x08016174                TIM1_TRG_COM_IRQHandler
                0x08016174                DMA1_Channel1_IRQHandler
                0x08016174                Default_Handler
                0x08016174                SPI2_IRQHandler
                0x08016174                MemManage_Handler
                0x08016174                SVC_Handler
                0x08016174                DMA1_Channel5_IRQHandler
                0x08016174                EXTI4_IRQHandler
                0x08016174                USB_LP_CAN1_RX0_IRQHandler
                0x08016174                USB_HP_CAN1_TX_IRQHandler
                0x08016174                WWDG_IRQHandler
                0x08016174                TIM1_BRK_IRQHandler
                0x08016174                RTCAlarm_IRQHandler
                0x08016174                CAN1_SCE_IRQHandler
                0x08016174                FLASH_IRQHandler
                0x08016174                BusFault_Handler
                0x08016174                USBWakeUp_IRQHandler
 *fill*         0x08016176        0x2 
 .text.startup  0x08016178     0x2288 /tmp/ccJ266pH.ltrans0.ltrans.o
                0x08016178                main
 .text.unlikely
                0x08018400       0x28 /tmp/ccJ266pH.ltrans19.ltrans.o
                0x08018400                pifTask_ChangePeriod
 .text.unlikely
                0x08018428       0x28 /tmp/ccJ266pH.ltrans26.ltrans.o
                0x08018428                rescheduleTask.part.0.constprop.60
 .text.atoi     0x08018450        0x8 /usr/lib/gcc/arm-none-eabi/4.9.3/../../../arm-none-eabi/lib/armv7-m/libc_nano.a(lib_a-atoi.o)
                0x08018450                atoi
 .text.strtok   0x08018458       0x64 /usr/lib/gcc/arm-none-eabi/4.9.3/../../../arm-none-eabi/lib/armv7-m/libc_nano.a(lib_a-strtok.o)
                0x08018458                strtok
 .text.__strtok_r
                0x080184bc       0x56 /usr/lib/gcc/arm-none-eabi/4.9.3/../../../arm-none-eabi/lib/armv7-m/libc_nano.a(lib_a-strtok_r.o)
                0x080184bc                __strtok_r
 .text.strtok_r
                0x08018512        0x6 /usr/lib/gcc/arm-none-eabi/4.9.3/../../../arm-none-eabi/lib/armv7-m/libc_nano.a(lib_a-strtok_r.o)
                0x08018512                strtok_r
 .text._strtol_r
                0x08018518      0x10c /usr/lib/gcc/arm-none-eabi/4.9.3/../../../arm-none-eabi/lib/armv7-m/libc_nano.a(lib_a-strtol.o)
                0x08018518                _strtol_r
 .text.strtol   0x08018624       0x1c /usr/lib/gcc/arm-none-eabi/4.9.3/../../../arm-none-eabi/lib/armv7-m/libc_nano.a(lib_a-strtol.o)
                0x08018624                strtol
 .text.malloc   0x08018640       0x10 /usr/lib/gcc/arm-none-eabi/4.9.3/../../../arm-none-eabi/lib/armv7-m/libc_nano.a(lib_a-malloc.o)
                0x08018640                malloc
 .text.free     0x08018650       0x10 /usr/lib/gcc/arm-none-eabi/4.9.3/../../../arm-none-eabi/lib/armv7-m/libc_nano.a(lib_a-malloc.o)
                0x08018650                free
 .text._free_r  0x08018660       0x88 /usr/lib/gcc/arm-none-eabi/4.9.3/../../../arm-none-eabi/lib/armv7-m/libc_nano.a(lib_a-nano-freer.o)
                0x08018660                _free_r
 .text._malloc_r
                0x080186e8       0xac /usr/lib/gcc/arm-none-eabi/4.9.3/../../../arm-none-eabi/lib/armv7-m/libc_nano.a(lib_a-nano-mallocr.o)
                0x080186e8                _malloc_r
 .text._sbrk_r  0x08018794       0x20 /usr/lib/gcc/arm-none-eabi/4.9.3/../../../arm-none-eabi/lib/armv7-m/libc_nano.a(lib_a-sbrkr.o)
                0x08018794                _sbrk_r
 .text._sbrk    0x080187b4       0x1c /usr/lib/gcc/arm-none-eabi/4.9.3/../../../arm-none-eabi/lib/armv7-m/libnosys.a(sbrk.o)
                0x080187b4                _sbrk
 .text.lrintf   0x080187d0       0x78 /usr/lib/gcc/arm-none-eabi/4.9.3/../../../arm-none-eabi/lib/armv7-m/libm.a(lib_a-sf_lrint.o)
                0x080187d0                lrintf
 .text.powf     0x08018848      0x314 /usr/lib/gcc/arm-none-eabi/4.9.3/../../../arm-none-eabi/lib/armv7-m/libm.a(lib_a-wf_pow.o)
                0x08018848                powf
 .text.sqrtf    0x08018b5c       0x9c /usr/lib/gcc/arm-none-eabi/4.9.3/../../../arm-none-eabi/lib/armv7-m/libm.a(lib_a-wf_sqrt.o)
                0x08018b5c                sqrtf
 .text.__ieee754_powf
                0x08018bf8      0x6ec /usr/lib/gcc/arm-none-eabi/4.9.3/../../../arm-none-eabi/lib/armv7-m/libm.a(lib_a-ef_pow.o)
                0x08018bf8                __ieee754_powf
 .text.__ieee754_sqrtf
                0x080192e4       0xa8 /usr/lib/gcc/arm-none-eabi/4.9.3/../../../arm-none-eabi/lib/armv7-m/libm.a(lib_a-ef_sqrt.o)
                0x080192e4                __ieee754_sqrtf
 .text.matherr  0x0801938c        0x4 /usr/lib/gcc/arm-none-eabi/4.9.3/../../../arm-none-eabi/lib/armv7-m/libm.a(lib_a-s_matherr.o)
                0x0801938c                matherr
 .text.rint     0x08019390      0x11c /usr/lib/gcc/arm-none-eabi/4.9.3/../../../arm-none-eabi/lib/armv7-m/libm.a(lib_a-s_rint.o)
                0x08019390                rint
 .text.fabsf    0x080194ac        0x8 /usr/lib/gcc/arm-none-eabi/4.9.3/../../../arm-none-eabi/lib/armv7-m/libm.a(lib_a-sf_fabs.o)
                0x080194ac                fabsf
 .text.finitef  0x080194b4       0x10 /usr/lib/gcc/arm-none-eabi/4.9.3/../../../arm-none-eabi/lib/armv7-m/libm.a(lib_a-sf_finite.o)
                0x080194b4                finitef
 .text.__fpclassifyf
                0x080194c4       0x34 /usr/lib/gcc/arm-none-eabi/4.9.3/../../../arm-none-eabi/lib/armv7-m/libm.a(lib_a-sf_fpclassify.o)
                0x080194c4                __fpclassifyf
 .text.nanf     0x080194f8        0x8 /usr/lib/gcc/arm-none-eabi/4.9.3/../../../arm-none-eabi/lib/armv7-m/libm.a(lib_a-sf_nan.o)
                0x080194f8                nanf
 .text.scalbnf  0x08019500       0xb0 /usr/lib/gcc/arm-none-eabi/4.9.3/../../../arm-none-eabi/lib/armv7-m/libm.a(lib_a-sf_scalbn.o)
                0x08019500                scalbnf
 .text.copysignf
                0x080195b0        0xc /usr/lib/gcc/arm-none-eabi/4.9.3/../../../arm-none-eabi/lib/armv7-m/libm.a(lib_a-sf_copysign.o)
                0x080195b0                copysignf
 .text.calloc   0x080195bc       0x14 /usr/lib/gcc/arm-none-eabi/4.9.3/../../../arm-none-eabi/lib/armv7-m/libc_nano.a(lib_a-calloc.o)
                0x080195bc                calloc
 .text.__errno  0x080195d0        0xc /usr/lib/gcc/arm-none-eabi/4.9.3/../../../arm-none-eabi/lib/armv7-m/libc_nano.a(lib_a-errno.o)
                0x080195d0                __errno
 .text.memcmp   0x080195dc       0x20 /usr/lib/gcc/arm-none-eabi/4.9.3/../../../arm-none-eabi/lib/armv7-m/libc_nano.a(lib_a-memcmp.o)
                0x080195dc                memcmp
 .text.memcpy   0x080195fc       0x16 /usr/lib/gcc/arm-none-eabi/4.9.3/../../../arm-none-eabi/lib/armv7-m/libc_nano.a(lib_a-memcpy.o)
                0x080195fc                memcpy
 .text.memset   0x08019612       0x10 /usr/lib/gcc/arm-none-eabi/4.9.3/../../../arm-none-eabi/lib/armv7-m/libc_nano.a(lib_a-memset.o)
                0x08019612                memset
 .text._calloc_r
                0x08019622       0x1c /usr/lib/gcc/arm-none-eabi/4.9.3/../../../arm-none-eabi/lib/armv7-m/libc_nano.a(lib_a-nano-callocr.o)
                0x08019622                _calloc_r
 *fill*         0x0801963e        0x2 
 .text.strcasecmp
                0x08019640       0x3c /usr/lib/gcc/arm-none-eabi/4.9.3/../../../arm-none-eabi/lib/armv7-m/libc_nano.a(lib_a-strcasecmp.o)
                0x08019640                strcasecmp
 .text.strcat   0x0801967c       0x1e /usr/lib/gcc/arm-none-eabi/4.9.3/../../../arm-none-eabi/lib/armv7-m/libc_nano.a(lib_a-strcat.o)
                0x0801967c                strcat
 .text.strchr   0x0801969a       0x1c /usr/lib/gcc/arm-none-eabi/4.9.3/../../../arm-none-eabi/lib/armv7-m/libc_nano.a(lib_a-strchr.o)
                0x0801969a                strchr
 .text.strlen   0x080196b6       0x10 /usr/lib/gcc/arm-none-eabi/4.9.3/../../../arm-none-eabi/lib/armv7-m/libc_nano.a(lib_a-strlen.o)
                0x080196b6                strlen
 *fill*         0x080196c6        0x2 
 .text.strncasecmp
                0x080196c8       0x44 /usr/lib/gcc/arm-none-eabi/4.9.3/../../../arm-none-eabi/lib/armv7-m/libc_nano.a(lib_a-strncasecmp.o)
                0x080196c8                strncasecmp
 .text.strncpy  0x0801970c       0x24 /usr/lib/gcc/arm-none-eabi/4.9.3/../../../arm-none-eabi/lib/armv7-m/libc_nano.a(lib_a-strncpy.o)
                0x0801970c                strncpy
 .text.strstr   0x08019730       0x30 /usr/lib/gcc/arm-none-eabi/4.9.3/../../../arm-none-eabi/lib/armv7-m/libc_nano.a(lib_a-strstr.o)
                0x08019730                strstr
 *(.rodata)
 .rodata        0x08019760       0xdc /tmp/ccJ266pH.ltrans0.ltrans.o
                0x080197c8                hsv_white
 .rodata        0x0801983c      0x2b4 /tmp/ccJ266pH.ltrans1.ltrans.o
 .rodata        0x08019af0      0x18c /tmp/ccJ266pH.ltrans2.ltrans.o
 .rodata        0x08019c7c        0x8 /tmp/ccJ266pH.ltrans5.ltrans.o
 .rodata        0x08019c84       0x28 /tmp/ccJ266pH.ltrans6.ltrans.o
 .rodata        0x08019cac       0x38 /tmp/ccJ266pH.ltrans7.ltrans.o
                0x08019cac                hsv_green
                0x08019cb0                hsv_red
                0x08019cb4                hsv_yellow
                0x08019cb8                hsv_blue
                0x08019ce0                hsv_orange
 .rodata        0x08019ce4       0x60 /tmp/ccJ266pH.ltrans8.ltrans.o
 .rodata        0x08019d44       0x20 /tmp/ccJ266pH.ltrans9.ltrans.o
                0x08019d58                shortGitRevision
                0x08019d5c                buildTime
                0x08019d60                buildDate
 .rodata        0x08019d64       0x18 /tmp/ccJ266pH.ltrans10.ltrans.o
 .rodata        0x08019d7c      0x4cc /tmp/ccJ266pH.ltrans11.ltrans.o
                0x08019d88                mixerAtail4.lto_priv.517
                0x08019dc8                mixerDualcopter.lto_priv.516
                0x08019de8                mixerHex6H.lto_priv.515
                0x08019e48                mixerVtail4.lto_priv.514
                0x08019e88                mixerOctoFlatX.lto_priv.513
                0x08019f08                mixerOctoFlatP.lto_priv.512
                0x08019f88                mixerOctoX8.lto_priv.511
                0x0801a008                mixerHex6X.lto_priv.510
                0x0801a068                mixerY4.lto_priv.509
                0x0801a0a8                mixerSingleProp.lto_priv.508
                0x0801a0b8                mixerHex6P.lto_priv.507
                0x0801a118                mixerY6.lto_priv.506
                0x0801a178                mixerBicopter.lto_priv.505
                0x0801a198                mixerQuadX.lto_priv.504
                0x0801a1d8                mixerQuadP.lto_priv.503
                0x0801a218                mixerTricopter.lto_priv.502
 .rodata        0x0801a248      0x20f /tmp/ccJ266pH.ltrans13.ltrans.o
                0x0801a2a4                servoMixers
                0x0801a39a                servoMixerSingle.lto_priv.524
                0x0801a3d2                servoMixerDual.lto_priv.523
                0x0801a3e0                servoMixerAirplane.lto_priv.522
                0x0801a403                servoMixerFlyingWing.lto_priv.521
                0x0801a426                servoMixerGimbal.lto_priv.520
                0x0801a434                servoMixerBI.lto_priv.519
                0x0801a450                servoMixerTri.lto_priv.518
 .rodata        0x0801a457        0xc /tmp/ccJ266pH.ltrans14.ltrans.o
 *fill*         0x0801a463        0x1 
 .rodata        0x0801a464       0x28 /tmp/ccJ266pH.ltrans15.ltrans.o
 .rodata        0x0801a48c       0xc4 /tmp/ccJ266pH.ltrans16.ltrans.o
 .rodata        0x0801a550      0x144 /tmp/ccJ266pH.ltrans18.ltrans.o
                0x0801a550                gpsInitData.lto_priv.455
 .rodata        0x0801a694       0x22 /tmp/ccJ266pH.ltrans20.ltrans.o
 *fill*         0x0801a6b6        0x2 
 .rodata        0x0801a6b8     0x134c /tmp/ccJ266pH.ltrans22.ltrans.o
                0x0801a720                beeperTable.lto_priv.271
                0x0801a8c0                valueTable
                0x0801b694                mixerNames.lto_priv.260
                0x0801b6fc                cmdTable
                0x0801b8dc                beep_armedBeep.lto_priv.285
                0x0801b8e1                beep_disarmRepeatBeep.lto_priv.284
                0x0801b8e5                beep_readyBeep.lto_priv.283
                0x0801b8f4                beep_2longerBeeps.lto_priv.282
                0x0801b8f9                beep_2shortBeeps.lto_priv.281
                0x0801b8fe                beep_shortBeep.lto_priv.280
                0x0801b901                beep_lowBatteryBeep.lto_priv.279
                0x0801b904                beep_critBatteryBeep.lto_priv.278
                0x0801b907                beep_armedGpsFix.lto_priv.277
                0x0801b910                beep_armingBeep.lto_priv.276
                0x0801b915                beep_disarmBeep.lto_priv.275
                0x0801b91a                beep_txLostBeep.lto_priv.274
                0x0801b91d                beep_sos.lto_priv.273
                0x0801b930                beep_gyroCalibrated.lto_priv.272
 .rodata        0x0801ba04      0x2cc /tmp/ccJ266pH.ltrans23.ltrans.o
 .rodata        0x0801bcd0       0x34 /tmp/ccJ266pH.ltrans26.ltrans.o
                0x0801bcd0                baudRates
                0x0801bcf0                defaultBMP085Config.7280.lto_priv.206
 *(.rodata*)
 .rodata.timerHardware
                0x0801bd04       0xe0 /tmp/ccJ266pH.ltrans0.ltrans.o
                0x0801bd04                timerHardware
 .rodata.str1.1
                0x0801bde4        0x6 /tmp/ccJ266pH.ltrans0.ltrans.o
 .rodata.str1.1
                0x0801bdea      0x215 /tmp/ccJ266pH.ltrans1.ltrans.o
                                0x226 (size before relaxing)
 .rodata.str1.1
                0x0801bfff      0x154 /tmp/ccJ266pH.ltrans2.ltrans.o
                                0x174 (size before relaxing)
 *fill*         0x0801c153        0x1 
 .rodata.frSkyDataIdTable
                0x0801c154       0x20 /tmp/ccJ266pH.ltrans5.ltrans.o
 .rodata.hsv_black
                0x0801c174        0x4 /tmp/ccJ266pH.ltrans7.ltrans.o
                0x0801c174                hsv_black
 .rodata.str1.1
                0x0801c178       0x5e /tmp/ccJ266pH.ltrans9.ltrans.o
                                 0x7b (size before relaxing)
 .rodata.str1.1
                0x0801c1d6       0x3e /tmp/ccJ266pH.ltrans10.ltrans.o
                                 0x41 (size before relaxing)
 .rodata.mixers
                0x0801c214       0xd0 /tmp/ccJ266pH.ltrans11.ltrans.o
                0x0801c214                mixers
 .rodata.str1.1
                0x0801c2e4       0xf8 /tmp/ccJ266pH.ltrans11.ltrans.o
                                0x106 (size before relaxing)
 .rodata.str1.1
                0x0801c3dc      0x3f8 /tmp/ccJ266pH.ltrans13.ltrans.o
                                0x451 (size before relaxing)
 .rodata.str1.1
                0x0801c7d4        0x9 /tmp/ccJ266pH.ltrans16.ltrans.o
 .rodata.str1.1
                0x0801c7dd       0xfb /tmp/ccJ266pH.ltrans18.ltrans.o
                                 0xfc (size before relaxing)
 .rodata.cyclePageIds
                0x0801c8d8        0x5 /tmp/ccJ266pH.ltrans20.ltrans.o
 .rodata.str1.1
                0x0801c8dd      0x144 /tmp/ccJ266pH.ltrans20.ltrans.o
                                0x160 (size before relaxing)
 .rodata.str1.1
                0x0801ca21       0x27 /tmp/ccJ266pH.ltrans21.ltrans.o
 .rodata.str1.1
                0x0801ca48     0x121b /tmp/ccJ266pH.ltrans22.ltrans.o
                               0x1318 (size before relaxing)
 .rodata.serialPortIdentifiers
                0x0801dc63        0x5 /tmp/ccJ266pH.ltrans26.ltrans.o
                0x0801dc63                serialPortIdentifiers
 .rodata.rcChannelLetters
                0x0801dc68       0x15 /tmp/ccJ266pH.ltrans26.ltrans.o
                0x0801dc68                rcChannelLetters
 .rodata.str1.1
                0x0801dc7d       0x30 /tmp/ccJ266pH.ltrans26.ltrans.o
                                 0x63 (size before relaxing)
 .rodata._ctype_
                0x0801dcad      0x101 /usr/lib/gcc/arm-none-eabi/4.9.3/../../../arm-none-eabi/lib/armv7-m/libc_nano.a(lib_a-ctype_.o)
                0x0801dcad                _ctype_
 .rodata.str1.1
                0x0801ddae        0x0 /usr/lib/gcc/arm-none-eabi/4.9.3/../../../arm-none-eabi/lib/armv7-m/libc_nano.a(lib_a-impure.o)
                                  0x2 (size before relaxing)
 *fill*         0x0801ddae        0x2 
 .rodata.TWO23  0x0801ddb0        0x8 /usr/lib/gcc/arm-none-eabi/4.9.3/../../../arm-none-eabi/lib/armv7-m/libm.a(lib_a-sf_lrint.o)
 .rodata.str1.4
                0x0801ddb8        0x5 /usr/lib/gcc/arm-none-eabi/4.9.3/../../../arm-none-eabi/lib/armv7-m/libm.a(lib_a-wf_pow.o)
                                  0x8 (size before relaxing)
 *fill*         0x0801ddbd        0x3 
 .rodata.str1.4
                0x0801ddc0        0x6 /usr/lib/gcc/arm-none-eabi/4.9.3/../../../arm-none-eabi/lib/armv7-m/libm.a(lib_a-wf_sqrt.o)
                                  0x8 (size before relaxing)
 *fill*         0x0801ddc6        0x2 
 .rodata.dp_h   0x0801ddc8        0x8 /usr/lib/gcc/arm-none-eabi/4.9.3/../../../arm-none-eabi/lib/armv7-m/libm.a(lib_a-ef_pow.o)
 .rodata.dp_l   0x0801ddd0        0x8 /usr/lib/gcc/arm-none-eabi/4.9.3/../../../arm-none-eabi/lib/armv7-m/libm.a(lib_a-ef_pow.o)
 .rodata.bp     0x0801ddd8        0x8 /usr/lib/gcc/arm-none-eabi/4.9.3/../../../arm-none-eabi/lib/armv7-m/libm.a(lib_a-ef_pow.o)
 .rodata.str1.4
                0x0801dde0        0x8 /usr/lib/gcc/arm-none-eabi/4.9.3/../../../arm-none-eabi/lib/armv7-m/libm.a(lib_a-ef_pow.o)
                                  0x4 (size before relaxing)
 .rodata.TWO52  0x0801dde0       0x10 /usr/lib/gcc/arm-none-eabi/4.9.3/../../../arm-none-eabi/lib/armv7-m/libm.a(lib_a-s_rint.o)
 *(.glue_7)
 .glue_7        0x0801ddf0        0x0 linker stubs
 *(.glue_7t)
 .glue_7t       0x0801ddf0        0x0 linker stubs
 *(.eh_frame)
 *(.init)
 *(.fini)
                0x0801ddf0                . = ALIGN (0x4)
                0x0801ddf0                _etext = .

.vfp11_veneer   0x0801ddf0        0x0
 .vfp11_veneer  0x0801ddf0        0x0 linker stubs

.v4_bx          0x0801ddf0        0x0
 .v4_bx         0x0801ddf0        0x0 linker stubs

.iplt           0x0801ddf0        0x0
 .iplt          0x0801ddf0        0x0 obj/main/NAZE/startup_stm32f10x_md_gcc.o

.ARM.extab
 *(.ARM.extab* .gnu.linkonce.armextab.*)

.ARM            0x0801ddf0        0x8
                0x0801ddf0                __exidx_start = .
 *(.ARM.exidx*)
 .ARM.exidx     0x0801ddf0        0x8 /usr/lib/gcc/arm-none-eabi/4.9.3/armv7-m/libgcc.a(_divdi3.o)
 .ARM.exidx     0x0801ddf8        0x0 /usr/lib/gcc/arm-none-eabi/4.9.3/armv7-m/libgcc.a(_udivdi3.o)
                                  0x8 (size before relaxing)
                0x0801ddf8                __exidx_end = .

.rel.dyn        0x0801ddf8        0x0
 .rel.iplt      0x0801ddf8        0x0 obj/main/NAZE/startup_stm32f10x_md_gcc.o

.preinit_array  0x0801ddf8        0x0
                [!provide]                PROVIDE (__preinit_array_start, .)
 *(.preinit_array*)
                [!provide]                PROVIDE (__preinit_array_end, .)

.init_array     0x0801ddf8        0x0
                [!provide]                PROVIDE (__init_array_start, .)
 *(SORT(.init_array.*))
 *(.init_array*)
                [!provide]                PROVIDE (__init_array_end, .)

.fini_array     0x0801ddf8        0x0
                [!provide]                PROVIDE (__fini_array_start, .)
 *(.fini_array*)
 *(SORT(.fini_array.*))
                [!provide]                PROVIDE (__fini_array_end, .)
                0x0801ddf8                _sidata = .

.data           0x20000000      0x1ec load address 0x0801ddf8
                0x20000000                . = ALIGN (0x4)
                0x20000000                _sdata = .
 *(.data)
 .data          0x20000000        0x3 /tmp/ccJ266pH.ltrans3.ltrans.o
                0x20000002                isUsingSticksToArm.lto_priv.361
 *fill*         0x20000003        0x1 
 .data          0x20000004        0x3 /tmp/ccJ266pH.ltrans5.ltrans.o
                0x20000004                acc_1G
 .data          0x20000007        0x3 /tmp/ccJ266pH.ltrans7.ltrans.o
 .data          0x2000000a        0x1 /tmp/ccJ266pH.ltrans8.ltrans.o
                0x2000000a                isEOCConnected.lto_priv.599
 *fill*         0x2000000b        0x1 
 .data          0x2000000c        0x5 /tmp/ccJ266pH.ltrans9.ltrans.o
                0x2000000c                hse_value
                0x20000010                standardBoardAlignment.lto_priv.482
 *fill*         0x20000011        0x3 
 .data          0x20000014        0x4 /tmp/ccJ266pH.ltrans12.ltrans.o
                0x20000014                GPS_scaleLonDown.lto_priv.575
 .data          0x20000018       0x10 /tmp/ccJ266pH.ltrans13.ltrans.o
                0x20000018                geometry.lto_priv.366
 .data          0x20000028        0x4 /tmp/ccJ266pH.ltrans14.ltrans.o
                0x20000028                q0.lto_priv.408
 .data          0x2000002c        0x2 /tmp/ccJ266pH.ltrans19.ltrans.o
                0x2000002c                pif_id
 *fill*         0x2000002e        0x2 
 .data          0x20000030        0x4 /tmp/ccJ266pH.ltrans22.ltrans.o
 .data          0x20000034        0xc /tmp/ccJ266pH.ltrans23.ltrans.o
 .data          0x20000040        0x4 /tmp/ccJ266pH.ltrans24.ltrans.o
                0x20000040                measurement.lto_priv.591
 .data          0x20000044        0x4 /tmp/ccJ266pH.ltrans26.ltrans.o
                0x20000044                rcReadRawFunc.lto_priv.326
 .data          0x20000048        0xc /tmp/ccJ266pH.ltrans28.ltrans.o
 *(.data*)
 .data.GPS_hdop
                0x20000054        0x2 /tmp/ccJ266pH.ltrans5.ltrans.o
                0x20000054                GPS_hdop
 .data.detectedSensors
                0x20000056        0x4 /tmp/ccJ266pH.ltrans8.ltrans.o
                0x20000056                detectedSensors
 *fill*         0x2000005a        0x2 
 .data.pid_controller
                0x2000005c        0x4 /tmp/ccJ266pH.ltrans14.ltrans.o
                0x2000005c                pid_controller
 .data.batteryCellCount
                0x20000060        0x1 /tmp/ccJ266pH.ltrans22.ltrans.o
                0x20000060                batteryCellCount
 *fill*         0x20000061        0x3 
 .data.SystemCoreClock
                0x20000064        0x4 /tmp/ccJ266pH.ltrans22.ltrans.o
                0x20000064                SystemCoreClock
 .data.cfTasks  0x20000068      0x118 /tmp/ccJ266pH.ltrans26.ltrans.o
                0x20000068                cfTasks
 .data.__ctype_ptr__
                0x20000180        0x4 /usr/lib/gcc/arm-none-eabi/4.9.3/../../../arm-none-eabi/lib/armv7-m/libc_nano.a(lib_a-ctype_.o)
                0x20000180                __ctype_ptr__
 .data.impure_data
                0x20000184       0x60 /usr/lib/gcc/arm-none-eabi/4.9.3/../../../arm-none-eabi/lib/armv7-m/libc_nano.a(lib_a-impure.o)
 .data._impure_ptr
                0x200001e4        0x4 /usr/lib/gcc/arm-none-eabi/4.9.3/../../../arm-none-eabi/lib/armv7-m/libc_nano.a(lib_a-impure.o)
                0x200001e4                _impure_ptr
 .data.__fdlib_version
                0x200001e8        0x1 /usr/lib/gcc/arm-none-eabi/4.9.3/../../../arm-none-eabi/lib/armv7-m/libm.a(lib_a-s_lib_ver.o)
                0x200001e8                __fdlib_version
                0x200001ec                . = ALIGN (0x4)
 *fill*         0x200001e9        0x3 
                0x200001ec                _edata = .

.igot.plt       0x200001ec        0x0 load address 0x0801dfe4
 .igot.plt      0x200001ec        0x0 obj/main/NAZE/startup_stm32f10x_md_gcc.o
                0x200001ec                . = ALIGN (0x4)

.bss            0x200001f0     0x34d0 load address 0x0801dfe4
                0x200001f0                _sbss = .
                0x200001f0                __bss_start__ = _sbss
 *(.bss)
 .bss           0x200001f0      0x504 /tmp/ccJ266pH.ltrans0.ltrans.o
                0x200001f8                i2cOverClock.lto_priv.593
                0x2000021c                inputFilteringMode.lto_priv.588
                0x20000220                ppmDev
                0x2000034c                servos.lto_priv.590
                0x2000036d                displayPresent.lto_priv.564
                0x2000037c                gpsPacketLog
                0x20000396                ledStripDMABuffer
                0x200006c0                telemetryConfig.lto_priv.440
                0x200006c4                portConfig.lto_priv.443
                0x200006c8                frskyPortSharing.lto_priv.562
                0x200006c9                hottPortSharing.lto_priv.560
                0x200006cc                telemetryConfig.lto_priv.441
                0x200006d0                portConfig.lto_priv.445
                0x200006d4                smartPortPortSharing.lto_priv.557
                0x200006dc                portConfig.lto_priv.446
                0x200006e0                ltmPortSharing.lto_priv.555
                0x200006e1                couldBeBusy.lto_priv.582
                0x200006e4                tailAddress.lto_priv.540
 .bss           0x200006f4      0x3af /tmp/ccJ266pH.ltrans1.ltrans.o
                0x2000070c                gyroLpfCutFreq.lto_priv.539
                0x20000780                gyroConfig.lto_priv.538
                0x200007dc                imuRuntimeConfig.lto_priv.477
                0x20000804                gyroScale.lto_priv.478
                0x20000814                smallAngleCosZ
                0x20000820                fc_acc
                0x20000824                accDeadband.lto_priv.534
                0x20000828                lookupYawRC
                0x2000083c                rxRefreshRate.lto_priv.457
                0x20000854                rcControlsConfig.lto_priv.533
                0x2000085c                escAndServoConfig.lto_priv.397
                0x20000860                throttleAngleScale
                0x20000864                mixerConfig.lto_priv.480
                0x20000868                currentMixer.lto_priv.485
                0x2000092c                rxConfig.lto_priv.536
                0x20000930                currentMixerMode.lto_priv.484
                0x20000954                gimbalConfig.lto_priv.535
                0x20000958                servoFilterState.lto_priv.481
                0x20000a78                motorControlEnable
                0x20000a7c                blackboxPort.lto_priv.430
                0x20000a80                blackboxHeaderBudget
                0x20000a84                blackboxMaxHeaderBytesPerIteration.lto_priv.428
                0x20000a88                xmitState.lto_priv.426
                0x20000a90                blackboxConditionCache.lto_priv.423
                0x20000a94                vbatReference.lto_priv.419
                0x20000a96                blackboxSlowFrameIterationTimer.lto_priv.427
                0x20000a98                blackboxPFrameIndex.lto_priv.422
                0x20000a9c                blackboxIteration.lto_priv.421
                0x20000aa0                blackboxModeActivationConditionPresent.lto_priv.420
                0x20000aa1                blackboxPortSharing.lto_priv.429
                0x20000aa2                blackboxLoggedAnyFrames.lto_priv.425
 *fill*         0x20000aa3        0x1 
 .bss           0x20000aa4      0x164 /tmp/ccJ266pH.ltrans2.ltrans.o
                0x20000aa4                printfSerialPort.lto_priv.530
                0x20000ac4                servo
                0x20000ad4                GPS_ground_course
                0x20000ad6                GPS_update
                0x20000ad7                GPS_numCh
                0x20000ad8                GPS_svinfo_chn
                0x20000ae8                GPS_svinfo_svid
                0x20000af8                GPS_svinfo_quality
                0x20000b08                GPS_svinfo_cno
                0x20000b18                debug
                0x20000b20                blackboxState.lto_priv.395
                0x20000b84                pwmIOConfiguration.lto_priv.486
 .bss           0x20000c08      0x1d0 /tmp/ccJ266pH.ltrans3.ltrans.o
                0x20000c0e                rxMspFrameDone.lto_priv.363
                0x20000c0f                ppmFrameCount.lto_priv.589
                0x20000c3d                rcSampleIndex.lto_priv.456
                0x20000c88                rcInvalidPulsPeriod
                0x20000cd1                rxFlightChannelsValid.lto_priv.551
                0x20000cec                rxConfig.lto_priv.321
                0x20000cf0                deadband3dThrottle.lto_priv.476
                0x20000cf4                disarmAt.lto_priv.418
                0x20000cfb                AccInflightCalibrationMeasurementDone
                0x20000cfc                AccInflightCalibrationSavetoEEProm
                0x20000cfe                calibratingA
                0x20000d00                InflightcalibratingA
                0x20000d02                AccInflightCalibrationActive
                0x20000d04                adjustmentStates
                0x20000d38                escAndServoConfig.lto_priv.360
                0x20000d3c                magHold
                0x20000d3e                headFreeModeHold
                0x20000d40                nav_mode
                0x20000d44                gpsProfile.lto_priv.401
                0x20000d48                GPS_hold
                0x20000d52                nav_rated.lto_priv.403
                0x20000d56                nav.lto_priv.402
                0x20000d84                poshold_ratePID.lto_priv.566
                0x20000dac                navPID.lto_priv.567
                0x20000dd4                isRXDataNew.lto_priv.405
                0x20000dd5                haveProcessedAnnexCodeOnce.lto_priv.394
                0x20000dd6                initialThrottleHold.lto_priv.404
 .bss           0x20000dd8       0x35 /tmp/ccJ266pH.ltrans4.ltrans.o
 *fill*         0x20000e0d        0x3 
 .bss           0x20000e10       0xf0 /tmp/ccJ266pH.ltrans5.ltrans.o
                0x20000e10                frskyTelemetryEnabled.lto_priv.563
                0x20000e1a                accSmooth
                0x20000e20                vario
                0x20000e24                BaroAlt
                0x20000e28                baroTemperature
                0x20000e30                telemetryConfig.lto_priv.294
                0x20000e34                amperage
                0x20000e38                GPS_speed
                0x20000e3a                GPS_altitude
                0x20000e3c                GPS_numSat
                0x20000e40                GPS_coord
                0x20000e48                hottTelemetryEnabled.lto_priv.561
                0x20000e50                hottEAMMessage.lto_priv.447
                0x20000e80                telemetryConfig.lto_priv.295
                0x20000e84                hottGPSMessage.lto_priv.448
                0x20000eb0                GPS_distanceToHome
                0x20000eb2                GPS_directionToHome
                0x20000ebc                hottPort.lto_priv.554
                0x20000ecc                portConfig.lto_priv.444
                0x20000ed2                smartPortTelemetryEnabled.lto_priv.558
                0x20000ed4                smartPortSerialPort.lto_priv.553
                0x20000ed8                smartPortState
                0x20000edc                smartPortLastRequestTime.lto_priv.559
                0x20000ee2                ltmEnabled.lto_priv.556
                0x20000ee4                ltmPort.lto_priv.552
                0x20000ef0                EstAlt.lto_priv.310
                0x20000ef4                rssi
                0x20000ef8                GPS_home
 .bss           0x20000f00      0x6c4 /tmp/ccJ266pH.ltrans6.ltrans.o
 .bss           0x200015c4       0xa0 /tmp/ccJ266pH.ltrans7.ltrans.o
                0x200015c4                ledStripInitialised.lto_priv.449
                0x200015c6                ledColorBuffer.lto_priv.450
                0x20001654                ledCount
                0x20001658                rxSignalReceived.lto_priv.315
                0x20001660                highestYValueForNorth
                0x20001661                lowestXValueForEast
                0x20001662                lowestYValueForSouth
                0x20001663                highestXValueForWest
 .bss           0x20001664      0x120 /tmp/ccJ266pH.ltrans8.ltrans.o
                0x20001664                acc
                0x20001670                gyro
                0x20001684                mpuDetectionResult
                0x20001688                mpuConfiguration
                0x20001694                mpuIntExtiConfig.lto_priv.600
                0x20001699                gyroAlign
                0x2000169a                useFifo.lto_priv.601
                0x2000169c                ms5611_c.lto_priv.597
                0x200016b0                bmp085.lto_priv.598
                0x200016d4                baro
                0x200016ec                extiHandlerConfigs.lto_priv.286
                0x20001708                bmp280_cal.lto_priv.596
                0x20001724                enabledSensors.lto_priv.236
                0x20001728                mpuDividerDrops
                0x2000172c                targetLooptime
                0x20001730                hmc5883Config.lto_priv.592
                0x20001734                mag
                0x2000173c                magneticDeclination
                0x20001740                serialConfig.lto_priv.268
                0x20001744                findSharedSerialPortState.lto_priv.314
                0x20001748                serialPortUsageList.lto_priv.267
 .bss           0x20001784      0x300 /tmp/ccJ266pH.ltrans9.ltrans.o
                0x20001784                ibusChannelData.lto_priv.330
                0x200017e5                xBusChannelCount.lto_priv.467
                0x200017e6                xBusFrameReceived.lto_priv.331
                0x200017e8                spekChannelData.lto_priv.348
                0x20001818                sumhChannels.lto_priv.334
                0x20001838                sumdChannels.lto_priv.339
                0x20001858                sbusChannelData.lto_priv.342
                0x200018a0                mspFrame.lto_priv.362
                0x200018c4                captures.lto_priv.327
                0x200018e1                ibus.lto_priv.329
                0x20001901                ibusFrameDone.lto_priv.328
                0x2000190c                xBusFramePosition.lto_priv.465
                0x2000190d                xBusDataIncoming.lto_priv.464
                0x2000190e                xBusFrameLength.lto_priv.466
                0x2000190f                xBusProvider.lto_priv.468
                0x20001915                spekFrame.lto_priv.344
                0x20001925                rcFrameComplete.lto_priv.343
                0x20001931                sumhFrame.lto_priv.333
                0x20001946                sumhFrameDone.lto_priv.332
                0x2000194d                sumdFrameDone.lto_priv.335
                0x2000194e                crc.lto_priv.336
                0x20001950                sumdChannelCount.lto_priv.337
                0x20001951                sumd.lto_priv.338
                0x2000197d                sbusFrame.lto_priv.341
                0x20001996                sbusFrameDone.lto_priv.340
                0x200019a4                boardRotation.lto_priv.483
                0x200019c8                batteryConfig
                0x200019cc                mAhDrawn
                0x200019d0                adcConfig
                0x200019e0                adcValues
                0x200019e8                vbatLatestADC
                0x200019ec                vbatFilterState.lto_priv.439
                0x20001a10                vbat
                0x20001a14                rxConfig.lto_priv.322
                0x20001a18                suspendRxSignalUntil.lto_priv.325
                0x20001a1c                skipRxSamples.lto_priv.324
                0x20001a20                sysTickUptime.lto_priv.237
                0x20001a24                failsafeState.lto_priv.292
                0x20001a48                warningLedState.lto_priv.270
                0x20001a4c                warningLedTimer.lto_priv.406
                0x20001a50                flightModeFlags
                0x20001a54                rcModeActivationMask
                0x20001a58                activeBoxIdCount.lto_priv.364
                0x20001a59                activeBoxIds.lto_priv.365
                0x20001a78                currentPort.lto_priv.357
                0x20001a7c                writer.lto_priv.358
                0x20001a80                mspSerialPort.lto_priv.359
 .bss           0x20001a84        0x7 /tmp/ccJ266pH.ltrans10.ltrans.o
 *fill*         0x20001a8b        0x1 
 .bss           0x20001a8c       0x48 /tmp/ccJ266pH.ltrans11.ltrans.o
                0x20001a8c                serialPortCount.lto_priv.367
                0x20001a8e                lookupThrottleRC
                0x20001aa6                lookupPitchRollRC
                0x20001ab4                beeperIsOn.lto_priv.354
                0x20001ab8                beeperNextToggleTime.lto_priv.353
                0x20001abc                beeperPos.lto_priv.355
                0x20001ac0                currentBeeperEntry.lto_priv.352
                0x20001ac4                dmaHandlers.lto_priv.451
 .bss           0x20001ad4      0x242 /tmp/ccJ266pH.ltrans12.ltrans.o
                0x20001cb8                GPS_WP.lto_priv.569
                0x20001cc0                wp_distance.lto_priv.570
                0x20001cc4                target_bearing.lto_priv.571
                0x20001cc8                error.lto_priv.576
                0x20001cd0                posholdPID_PARAM.lto_priv.577
                0x20001ce0                poshold_ratePID_PARAM.lto_priv.578
                0x20001cf4                waypoint_speed_gov.lto_priv.574
                0x20001cf8                original_target_bearing.lto_priv.573
                0x20001d00                nav_bearing.lto_priv.572
                0x20001d04                navPID_PARAM.lto_priv.579
                0x20001d14                nav_takeoff_bearing.lto_priv.580
 *fill*         0x20001d16        0x2 
 .bss           0x20001d18       0x44 /tmp/ccJ266pH.ltrans13.ltrans.o
                0x20001d18                cliBuffer.lto_priv.372
                0x20001d48                bufferIndex.lto_priv.371
                0x20001d4c                currentProfile
                0x20001d50                colors
                0x20001d54                ledConfigs
                0x20001d58                servoConf.lto_priv.287
 .bss           0x20001d5c      0x2c8 /tmp/ccJ266pH.ltrans14.ltrans.o
                0x20001d5c                usTicks.lto_priv.497
                0x20001d60                rcCommand
                0x20001d68                attitude
                0x20001d70                gyroADC
                0x20001d7c                PIDweight
                0x20001d80                errorGyroI.lto_priv.319
                0x20001d8c                stateFlags
                0x20001d8d                motorLimitReached
                0x20001dc0                axisPID
                0x20001dc8                axisPID_P
                0x20001dd4                axisPID_I
                0x20001de0                axisPID_D
                0x20001dec                deltaFilterState.lto_priv.290
                0x20001e58                errorAngleI.lto_priv.291
                0x20001e60                dynP8
                0x20001e78                dynD8
                0x20001e7b                motorCount
                0x20001e84                pif_datetime
                0x20001e8c                motor
                0x20001ea4                motors.lto_priv.487
                0x20001ed4                timerConfig
                0x20001f74                flight3DConfig.lto_priv.396
                0x20001f78                escAndServoConfig.lto_priv.398
                0x20001f7c                servoRuleCount.lto_priv.400
                0x20001f7d                currentServoMixer.lto_priv.399
                0x20001ff0                customServoMixers.lto_priv.494
                0x20001ff4                q1.lto_priv.409
                0x20001ff8                q2.lto_priv.410
                0x20001ffc                q3.lto_priv.411
                0x20002000                rMat.lto_priv.311
 .bss           0x20002024      0x600 /tmp/ccJ266pH.ltrans15.ltrans.o
 .bss           0x20002624       0x9a /tmp/ccJ266pH.ltrans16.ltrans.o
                0x2000263c                bufferHead.lto_priv.544
                0x2000263d                bufferTail.lto_priv.581
                0x2000263e                flashWriteBuffer.lto_priv.545
 *fill*         0x200026be        0x2 
 .bss           0x200026c0      0x120 /tmp/ccJ266pH.ltrans17.ltrans.o
                0x200026e4                uartPort3.lto_priv.584
                0x20002738                uartPort2.lto_priv.585
                0x2000278c                uartPort1.lto_priv.586
 .bss           0x200027e0      0x1a4 /tmp/ccJ266pH.ltrans18.ltrans.o
                0x200027f0                barometerConfig.lto_priv.308
                0x200028cc                pif_timer1us
                0x200028e4                sonarMaxTiltCos
                0x200028e8                calculatedAltitude.lto_priv.368
                0x200028ec                sonarCfAltCm
                0x200028f4                sonarMaxAltWithTiltCm
                0x200028f8                accSumCount
                0x200028fc                accSum
                0x20002908                accVelScale
                0x2000290c                barometerConfig.lto_priv.309
                0x20002918                AltHold
                0x2000291c                pidProfile.lto_priv.531
                0x20002920                errorVelocityI
                0x20002924                altHoldThrottleAdjustment
                0x20002928                velocityControl
                0x2000292c                lastMeasurementAt.lto_priv.453
                0x20002930                sonarHardware.lto_priv.452
                0x2000293c                magADC
                0x20002958                magInit.lto_priv.479
                0x2000295c                gpsData
                0x2000297c                gpsConfig.lto_priv.454
 .bss           0x20002984       0xd8 /tmp/ccJ266pH.ltrans19.ltrans.o
                0x20002984                pif_cumulative_timer1ms
                0x20002988                pif_act_timer1us
                0x2000298c                s_table.lto_priv.501
                0x20002a0c                pidProfile.lto_priv.316
                0x20002a10                activeFeaturesLatch.lto_priv.232
                0x20002a18                s_task_stack_ptr.lto_priv.433
                0x20002a30                s_it_current.lto_priv.431
                0x20002a34                s_table_number.lto_priv.500
                0x20002a38                s_tasks.lto_priv.235
                0x20002a54                s_task_cutin.lto_priv.432
 .bss           0x20002a5c       0x40 /tmp/ccJ266pH.ltrans20.ltrans.o
                0x20002a80                GPS_packetCount
                0x20002a88                GPS_svInfoReceivedCount
                0x20002a94                GPS_garbageByteCount
 .bss           0x20002a9c       0x8a /tmp/ccJ266pH.ltrans22.ltrans.o
                0x20002a9c                cliPort.lto_priv.370
                0x20002aa0                gpsPort.lto_priv.312
                0x20002aa4                pageState.lto_priv.318
                0x20002ab8                cliWriter.lto_priv.259
                0x20002abc                currentControlRateProfileIndex.lto_priv.317
                0x20002ac0                currentControlRateProfile
                0x20002ac4                motor_disarmed
                0x20002adc                pif_performance
                0x20002ae4                batteryState.lto_priv.293
                0x20002ae6                i2cErrorCount.lto_priv.369
                0x20002ae8                g_timer_1ms
                0x20002b10                beep_multiBeeps.lto_priv.269
 *fill*         0x20002b26        0x2 
 .bss           0x20002b28        0x5 /tmp/ccJ266pH.ltrans23.ltrans.o
                0x20002b28                I2Cx.lto_priv.594
                0x20002b2c                I2Cx_index.lto_priv.595
 *fill*         0x20002b2d        0x3 
 .bss           0x20002b30       0x21 /tmp/ccJ266pH.ltrans24.ltrans.o
 *fill*         0x20002b51        0x3 
 .bss           0x20002b54      0x19d /tmp/ccJ266pH.ltrans25.ltrans.o
                0x20002b54                gpsHistory.lto_priv.546
                0x20002b68                blackboxHistory.lto_priv.548
                0x20002b74                blackboxHistoryRing.lto_priv.549
                0x20002ce8                blackboxIFrameIndex.lto_priv.547
                0x20002cec                blackboxLastArmingBeep.lto_priv.550
                0x20002cf0                systemState.lto_priv.434
 *fill*         0x20002cf1        0x3 
 .bss           0x20002cf4      0x8ec /tmp/ccJ266pH.ltrans26.ltrans.o
                0x20002cf4                string.8847.lto_priv.568
                0x20002d04                rcData
                0x20002d28                mspPorts.lto_priv.233
                0x20002dc0                masterConfig
                0x200035d8                rxRuntimeConfigPtr.lto_priv.346
                0x200035dc                rxRuntimeConfig
                0x200035dd                spek_chan_shift.lto_priv.345
                0x200035de                spek_chan_mask.lto_priv.347
                0x200035df                spekHiRes.lto_priv.231
 .bss           0x200035e0       0x24 /tmp/ccJ266pH.ltrans27.ltrans.o
                0x200035e4                batteryWarningVoltage
                0x200035e6                batteryCriticalVoltage
                0x200035f0                amperageLatestADC
                0x20003600                armingBeepTimeMicros.lto_priv.424
 .bss           0x20003604       0x54 /tmp/ccJ266pH.ltrans28.ltrans.o
                0x2000360c                errorGyroIf.lto_priv.320
                0x20003618                dT
                0x20003654                failsafeConfig.lto_priv.323
 .bss           0x20003658       0x35 /tmp/ccJ266pH.ltrans29.ltrans.o
                0x20003658                accADC
                0x20003664                accelerationTrims.lto_priv.537
                0x2000368c                isAccelUpdatedAtLeastOnce.lto_priv.407
 *(SORT(.bss*))
 *fill*         0x2000368d        0x3 
 .bss.systemBeepPtr
                0x20003690        0x4 /tmp/ccJ266pH.ltrans14.ltrans.o
                0x20003690                systemBeepPtr
 .bss.accTimeSum
                0x20003694        0x4 /tmp/ccJ266pH.ltrans18.ltrans.o
                0x20003694                accTimeSum
 .bss.setVelocity
                0x20003698        0x4 /tmp/ccJ266pH.ltrans18.ltrans.o
                0x20003698                setVelocity
 .bss.__malloc_sbrk_start
                0x2000369c        0x4 /usr/lib/gcc/arm-none-eabi/4.9.3/../../../arm-none-eabi/lib/armv7-m/libc_nano.a(lib_a-nano-mallocr.o)
                0x2000369c                __malloc_sbrk_start
 .bss.__malloc_free_list
                0x200036a0        0x4 /usr/lib/gcc/arm-none-eabi/4.9.3/../../../arm-none-eabi/lib/armv7-m/libc_nano.a(lib_a-nano-mallocr.o)
                0x200036a0                __malloc_free_list
 .bss.heap_end.4079
                0x200036a4        0x4 /usr/lib/gcc/arm-none-eabi/4.9.3/../../../arm-none-eabi/lib/armv7-m/libnosys.a(sbrk.o)
 .bss.calibratingG
                0x200036a8        0x2 /tmp/ccJ266pH.ltrans3.ltrans.o
                0x200036a8                calibratingG
 .bss.GPS_angle
                0x200036aa        0x4 /tmp/ccJ266pH.ltrans14.ltrans.o
                0x200036aa                GPS_angle
 .bss.calibratingB
                0x200036ae        0x2 /tmp/ccJ266pH.ltrans18.ltrans.o
                0x200036ae                calibratingB
 .bss.cycleTime
                0x200036b0        0x2 /tmp/ccJ266pH.ltrans22.ltrans.o
                0x200036b0                cycleTime
 .bss.ws2811LedDataTransferInProgress
                0x200036b2        0x1 /tmp/ccJ266pH.ltrans7.ltrans.o
                0x200036b2                ws2811LedDataTransferInProgress
 .bss.accAlign  0x200036b3        0x1 /tmp/ccJ266pH.ltrans8.ltrans.o
                0x200036b3                accAlign
 .bss.hardwareRevision
                0x200036b4        0x1 /tmp/ccJ266pH.ltrans8.ltrans.o
                0x200036b4                hardwareRevision
 .bss.magAlign  0x200036b5        0x1 /tmp/ccJ266pH.ltrans8.ltrans.o
                0x200036b5                magAlign
 .bss.armingFlags
                0x200036b6        0x1 /tmp/ccJ266pH.ltrans9.ltrans.o
                0x200036b6                armingFlags
 .bss.cliMode   0x200036b7        0x1 /tmp/ccJ266pH.ltrans13.ltrans.o
                0x200036b7                cliMode
 .bss.pif_error
                0x200036b8        0x1 /tmp/ccJ266pH.ltrans19.ltrans.o
                0x200036b8                pif_error
 .bss.CHAR_FORMAT
                0x200036b9        0x1 /tmp/ccJ266pH.ltrans23.ltrans.o
 *(COMMON)
 *fill*         0x200036ba        0x2 
 COMMON         0x200036bc        0x4 /usr/lib/gcc/arm-none-eabi/4.9.3/../../../arm-none-eabi/lib/armv7-m/libc_nano.a(lib_a-reent.o)
                0x200036bc                errno
                0x200036c0                . = ALIGN (0x4)
                0x200036c0                _ebss = .
                0x200036c0                __bss_end__ = _ebss

._user_heap_stack
                0x200036c0      0x400 load address 0x0801dfe4
                0x200036c0                . = ALIGN (0x4)
                0x200036c0                PROVIDE (end, .)
                [!provide]                PROVIDE (_end, .)
                0x200036c0                . = (. + _Min_Heap_Size)
                0x20003ac0                . = (. + _Min_Stack_Size)
 *fill*         0x200036c0      0x400 
                0x20003ac0                . = ALIGN (0x4)

.memory_b1_text
 *(.mb1text)
 *(.mb1text*)
 *(.mb1rodata)
 *(.mb1rodata*)

/DISCARD/
 libc.a(*)
 libm.a(*)
 libgcc.a(*)

.ARM.attributes
                0x00000000       0x2f
 *(.ARM.attributes)
 .ARM.attributes
                0x00000000       0x21 obj/main/NAZE/startup_stm32f10x_md_gcc.o
 .ARM.attributes
                0x00000021       0x31 /tmp/ccJ266pH.ltrans0.ltrans.o
 .ARM.attributes
                0x00000052       0x31 /tmp/ccJ266pH.ltrans1.ltrans.o
 .ARM.attributes
                0x00000083       0x31 /tmp/ccJ266pH.ltrans2.ltrans.o
 .ARM.attributes
                0x000000b4       0x31 /tmp/ccJ266pH.ltrans3.ltrans.o
 .ARM.attributes
                0x000000e5       0x31 /tmp/ccJ266pH.ltrans4.ltrans.o
 .ARM.attributes
                0x00000116       0x31 /tmp/ccJ266pH.ltrans5.ltrans.o
 .ARM.attributes
                0x00000147       0x31 /tmp/ccJ266pH.ltrans6.ltrans.o
 .ARM.attributes
                0x00000178       0x31 /tmp/ccJ266pH.ltrans7.ltrans.o
 .ARM.attributes
                0x000001a9       0x31 /tmp/ccJ266pH.ltrans8.ltrans.o
 .ARM.attributes
                0x000001da       0x31 /tmp/ccJ266pH.ltrans9.ltrans.o
 .ARM.attributes
                0x0000020b       0x31 /tmp/ccJ266pH.ltrans10.ltrans.o
 .ARM.attributes
                0x0000023c       0x31 /tmp/ccJ266pH.ltrans11.ltrans.o
 .ARM.attributes
                0x0000026d       0x31 /tmp/ccJ266pH.ltrans12.ltrans.o
 .ARM.attributes
                0x0000029e       0x31 /tmp/ccJ266pH.ltrans13.ltrans.o
 .ARM.attributes
                0x000002cf       0x31 /tmp/ccJ266pH.ltrans14.ltrans.o
 .ARM.attributes
                0x00000300       0x31 /tmp/ccJ266pH.ltrans15.ltrans.o
 .ARM.attributes
                0x00000331       0x31 /tmp/ccJ266pH.ltrans16.ltrans.o
 .ARM.attributes
                0x00000362       0x31 /tmp/ccJ266pH.ltrans17.ltrans.o
 .ARM.attributes
                0x00000393       0x31 /tmp/ccJ266pH.ltrans18.ltrans.o
 .ARM.attributes
                0x000003c4       0x31 /tmp/ccJ266pH.ltrans19.ltrans.o
 .ARM.attributes
                0x000003f5       0x31 /tmp/ccJ266pH.ltrans20.ltrans.o
 .ARM.attributes
                0x00000426       0x31 /tmp/ccJ266pH.ltrans21.ltrans.o
 .ARM.attributes
                0x00000457       0x31 /tmp/ccJ266pH.ltrans22.ltrans.o
 .ARM.attributes
                0x00000488       0x31 /tmp/ccJ266pH.ltrans23.ltrans.o
 .ARM.attributes
                0x000004b9       0x31 /tmp/ccJ266pH.ltrans24.ltrans.o
 .ARM.attributes
                0x000004ea       0x31 /tmp/ccJ266pH.ltrans25.ltrans.o
 .ARM.attributes
                0x0000051b       0x31 /tmp/ccJ266pH.ltrans26.ltrans.o
 .ARM.attributes
                0x0000054c       0x31 /tmp/ccJ266pH.ltrans27.ltrans.o
 .ARM.attributes
                0x0000057d       0x31 /tmp/ccJ266pH.ltrans28.ltrans.o
 .ARM.attributes
                0x000005ae       0x31 /tmp/ccJ266pH.ltrans29.ltrans.o
 .ARM.attributes
                0x000005df       0x2d /usr/lib/gcc/arm-none-eabi/4.9.3/../../../arm-none-eabi/lib/armv7-m/libc_nano.a(lib_a-atoi.o)
 .ARM.attributes
                0x0000060c       0x2d /usr/lib/gcc/arm-none-eabi/4.9.3/../../../arm-none-eabi/lib/armv7-m/libc_nano.a(lib_a-ctype_.o)
 .ARM.attributes
                0x00000639       0x2d /usr/lib/gcc/arm-none-eabi/4.9.3/../../../arm-none-eabi/lib/armv7-m/libc_nano.a(lib_a-strtok.o)
 .ARM.attributes
                0x00000666       0x2d /usr/lib/gcc/arm-none-eabi/4.9.3/../../../arm-none-eabi/lib/armv7-m/libc_nano.a(lib_a-strtok_r.o)
 .ARM.attributes