Archive member included to satisfy reference by file (symbol)

/usr/lib/gcc/arm-none-eabi/4.9.3/../../../arm-none-eabi/lib/armv7-m/libc_nano.a(lib_a-atoi.o)
                              obj/main/NAZE/io/ledstrip.o (symbol from plugin) (atoi)
/usr/lib/gcc/arm-none-eabi/4.9.3/../../../arm-none-eabi/lib/armv7-m/libc_nano.a(lib_a-ctype_.o)
                              obj/main/NAZE/flight/gps_conversion.o (symbol from plugin) (__ctype_ptr__)
/usr/lib/gcc/arm-none-eabi/4.9.3/../../../arm-none-eabi/lib/armv7-m/libc_nano.a(lib_a-strtok.o)
                              obj/main/NAZE/io/serial_cli.o (symbol from plugin) (strtok)
/usr/lib/gcc/arm-none-eabi/4.9.3/../../../arm-none-eabi/lib/armv7-m/libc_nano.a(lib_a-strtok_r.o)
                              /usr/lib/gcc/arm-none-eabi/4.9.3/../../../arm-none-eabi/lib/armv7-m/libc_nano.a(lib_a-strtok.o) (__strtok_r)
/usr/lib/gcc/arm-none-eabi/4.9.3/../../../arm-none-eabi/lib/armv7-m/libc_nano.a(lib_a-strtol.o)
                              /usr/lib/gcc/arm-none-eabi/4.9.3/../../../arm-none-eabi/lib/armv7-m/libc_nano.a(lib_a-atoi.o) (_strtol_r)
/usr/lib/gcc/arm-none-eabi/4.9.3/../../../arm-none-eabi/lib/armv7-m/libc_nano.a(lib_a-impure.o)
                              /usr/lib/gcc/arm-none-eabi/4.9.3/../../../arm-none-eabi/lib/armv7-m/libc_nano.a(lib_a-strtok.o) (_impure_ptr)
/usr/lib/gcc/arm-none-eabi/4.9.3/../../../arm-none-eabi/lib/armv7-m/libc_nano.a(lib_a-malloc.o)
                              /usr/lib/gcc/arm-none-eabi/4.9.3/../../../arm-none-eabi/lib/armv7-m/libc_nano.a(lib_a-strtok.o) (malloc)
/usr/lib/gcc/arm-none-eabi/4.9.3/../../../arm-none-eabi/lib/armv7-m/libc_nano.a(lib_a-nano-freer.o)
                              /usr/lib/gcc/arm-none-eabi/4.9.3/../../../arm-none-eabi/lib/armv7-m/libc_nano.a(lib_a-malloc.o) (_free_r)
/usr/lib/gcc/arm-none-eabi/4.9.3/../../../arm-none-eabi/lib/armv7-m/libc_nano.a(lib_a-nano-mallocr.o)
                              /usr/lib/gcc/arm-none-eabi/4.9.3/../../../arm-none-eabi/lib/armv7-m/libc_nano.a(lib_a-malloc.o) (_malloc_r)
/usr/lib/gcc/arm-none-eabi/4.9.3/../../../arm-none-eabi/lib/armv7-m/libc_nano.a(lib_a-sbrkr.o)
                              /usr/lib/gcc/arm-none-eabi/4.9.3/../../../arm-none-eabi/lib/armv7-m/libc_nano.a(lib_a-nano-mallocr.o) (_sbrk_r)
/usr/lib/gcc/arm-none-eabi/4.9.3/../../../arm-none-eabi/lib/armv7-m/libc_nano.a(lib_a-reent.o)
                              /usr/lib/gcc/arm-none-eabi/4.9.3/../../../arm-none-eabi/lib/armv7-m/libc_nano.a(lib_a-sbrkr.o) (errno)
/usr/lib/gcc/arm-none-eabi/4.9.3/../../../arm-none-eabi/lib/armv7-m/libnosys.a(sbrk.o)
                              /usr/lib/gcc/arm-none-eabi/4.9.3/../../../arm-none-eabi/lib/armv7-m/libc_nano.a(lib_a-sbrkr.o) (_sbrk)
/usr/lib/gcc/arm-none-eabi/4.9.3/../../../arm-none-eabi/lib/armv7-m/libm.a(lib_a-sf_lrint.o)
                              /tmp/cclTML6V.ltrans1.ltrans.o (lrintf)
/usr/lib/gcc/arm-none-eabi/4.9.3/../../../arm-none-eabi/lib/armv7-m/libm.a(lib_a-wf_pow.o)
                              /tmp/cclTML6V.ltrans18.ltrans.o (powf)
/usr/lib/gcc/arm-none-eabi/4.9.3/../../../arm-none-eabi/lib/armv7-m/libm.a(lib_a-wf_sqrt.o)
                              /tmp/cclTML6V.ltrans1.ltrans.o (sqrtf)
/usr/lib/gcc/arm-none-eabi/4.9.3/../../../arm-none-eabi/lib/armv7-m/libm.a(lib_a-ef_pow.o)
                              /usr/lib/gcc/arm-none-eabi/4.9.3/../../../arm-none-eabi/lib/armv7-m/libm.a(lib_a-wf_pow.o) (__ieee754_powf)
/usr/lib/gcc/arm-none-eabi/4.9.3/../../../arm-none-eabi/lib/armv7-m/libm.a(lib_a-ef_sqrt.o)
                              /usr/lib/gcc/arm-none-eabi/4.9.3/../../../arm-none-eabi/lib/armv7-m/libm.a(lib_a-wf_sqrt.o) (__ieee754_sqrtf)
/usr/lib/gcc/arm-none-eabi/4.9.3/../../../arm-none-eabi/lib/armv7-m/libm.a(lib_a-s_lib_ver.o)
                              /usr/lib/gcc/arm-none-eabi/4.9.3/../../../arm-none-eabi/lib/armv7-m/libm.a(lib_a-wf_pow.o) (__fdlib_version)
/usr/lib/gcc/arm-none-eabi/4.9.3/../../../arm-none-eabi/lib/armv7-m/libm.a(lib_a-s_matherr.o)
                              /usr/lib/gcc/arm-none-eabi/4.9.3/../../../arm-none-eabi/lib/armv7-m/libm.a(lib_a-wf_pow.o) (matherr)
/usr/lib/gcc/arm-none-eabi/4.9.3/../../../arm-none-eabi/lib/armv7-m/libm.a(lib_a-s_rint.o)
                              /usr/lib/gcc/arm-none-eabi/4.9.3/../../../arm-none-eabi/lib/armv7-m/libm.a(lib_a-wf_pow.o) (rint)
/usr/lib/gcc/arm-none-eabi/4.9.3/../../../arm-none-eabi/lib/armv7-m/libm.a(lib_a-sf_fabs.o)
                              /usr/lib/gcc/arm-none-eabi/4.9.3/../../../arm-none-eabi/lib/armv7-m/libm.a(lib_a-ef_pow.o) (fabsf)
/usr/lib/gcc/arm-none-eabi/4.9.3/../../../arm-none-eabi/lib/armv7-m/libm.a(lib_a-sf_finite.o)
                              /usr/lib/gcc/arm-none-eabi/4.9.3/../../../arm-none-eabi/lib/armv7-m/libm.a(lib_a-wf_pow.o) (finitef)
/usr/lib/gcc/arm-none-eabi/4.9.3/../../../arm-none-eabi/lib/armv7-m/libm.a(lib_a-sf_fpclassify.o)
[...]
Memory Configuration

Name             Origin             Length             Attributes
FLASH            0x08000000         0x0001f000         xr
RAM              0x20000000         0x00005000         xrw
MEMORY_B1        0x60000000         0x00000000         xr
*default*        0x00000000         0xffffffff

Linker script and memory map

LOAD obj/main/NAZE/startup_stm32f10x_md_gcc.o
LOAD obj/main/NAZE/drivers/accgyro_adxl345.o
LOAD /tmp/cclTML6V.ltrans0.ltrans.o
LOAD /tmp/cclTML6V.ltrans1.ltrans.o
LOAD /tmp/cclTML6V.ltrans2.ltrans.o
LOAD /tmp/cclTML6V.ltrans3.ltrans.o
LOAD /tmp/cclTML6V.ltrans4.ltrans.o
LOAD /tmp/cclTML6V.ltrans5.ltrans.o
LOAD /tmp/cclTML6V.ltrans6.ltrans.o
LOAD /tmp/cclTML6V.ltrans7.ltrans.o
LOAD /tmp/cclTML6V.ltrans8.ltrans.o
LOAD /tmp/cclTML6V.ltrans9.ltrans.o
LOAD /tmp/cclTML6V.ltrans10.ltrans.o
LOAD /tmp/cclTML6V.ltrans11.ltrans.o
LOAD /tmp/cclTML6V.ltrans12.ltrans.o
LOAD /tmp/cclTML6V.ltrans13.ltrans.o
LOAD /tmp/cclTML6V.ltrans14.ltrans.o
LOAD /tmp/cclTML6V.ltrans15.ltrans.o
LOAD /tmp/cclTML6V.ltrans16.ltrans.o
LOAD /tmp/cclTML6V.ltrans17.ltrans.o
LOAD /tmp/cclTML6V.ltrans18.ltrans.o
LOAD /tmp/cclTML6V.ltrans19.ltrans.o
LOAD /tmp/cclTML6V.ltrans20.ltrans.o
LOAD /tmp/cclTML6V.ltrans21.ltrans.o
LOAD /tmp/cclTML6V.ltrans22.ltrans.o
LOAD /tmp/cclTML6V.ltrans23.ltrans.o
LOAD /tmp/cclTML6V.ltrans24.ltrans.o
LOAD /tmp/cclTML6V.ltrans25.ltrans.o
LOAD /tmp/cclTML6V.ltrans26.ltrans.o
LOAD /tmp/cclTML6V.ltrans27.ltrans.o
LOAD /tmp/cclTML6V.ltrans28.ltrans.o
LOAD /tmp/cclTML6V.ltrans29.ltrans.o
LOAD /tmp/cclTML6V.ltrans30.ltrans.o
LOAD obj/main/NAZE/drivers/accgyro_bma280.o
LOAD obj/main/NAZE/drivers/accgyro_mma845x.o
LOAD obj/main/NAZE/drivers/accgyro_mpu.o
LOAD obj/main/NAZE/drivers/accgyro_mpu3050.o
LOAD obj/main/NAZE/drivers/accgyro_mpu6050.o
LOAD obj/main/NAZE/drivers/accgyro_mpu6500.o
LOAD obj/main/NAZE/drivers/accgyro_spi_mpu6500.o
LOAD obj/main/NAZE/drivers/adc.o
LOAD obj/main/NAZE/drivers/adc_stm32f10x.o
LOAD obj/main/NAZE/drivers/barometer_bmp085.o
LOAD obj/main/NAZE/drivers/barometer_ms5611.o
LOAD obj/main/NAZE/drivers/barometer_bmp280.o
LOAD obj/main/NAZE/drivers/bus_spi.o
LOAD obj/main/NAZE/drivers/bus_i2c_stm32f10x.o
LOAD obj/main/NAZE/drivers/compass_hmc5883l.o
LOAD obj/main/NAZE/drivers/display_ug2864hsweg01.o
LOAD obj/main/NAZE/drivers/flash_m25p16.o
LOAD obj/main/NAZE/drivers/gpio_stm32f10x.o
LOAD obj/main/NAZE/drivers/inverter.o
LOAD obj/main/NAZE/drivers/light_led_stm32f10x.o
LOAD obj/main/NAZE/drivers/light_ws2811strip.o
LOAD obj/main/NAZE/drivers/light_ws2811strip_stm32f10x.o
LOAD obj/main/NAZE/drivers/sonar_hcsr04.o
LOAD obj/main/NAZE/drivers/pwm_mapping.o
LOAD obj/main/NAZE/drivers/pwm_output.o
LOAD obj/main/NAZE/drivers/pwm_rx.o
LOAD obj/main/NAZE/drivers/serial_softserial.o
LOAD obj/main/NAZE/drivers/serial_uart.o
LOAD obj/main/NAZE/drivers/serial_uart_stm32f10x.o
LOAD obj/main/NAZE/drivers/sound_beeper_stm32f10x.o
LOAD obj/main/NAZE/drivers/system_stm32f10x.o
LOAD obj/main/NAZE/drivers/timer.o
LOAD obj/main/NAZE/drivers/timer_stm32f10x.o
LOAD obj/main/NAZE/io/flashfs.o
LOAD obj/main/NAZE/hardware_revision.o
LOAD obj/main/NAZE/flight/gtune.o
LOAD obj/main/NAZE/flight/navigation.o
LOAD obj/main/NAZE/flight/gps_conversion.o
LOAD obj/main/NAZE/common/colorconversion.o
LOAD obj/main/NAZE/io/gps.o
LOAD obj/main/NAZE/io/ledstrip.o
LOAD obj/main/NAZE/io/display.o
LOAD obj/main/NAZE/telemetry/telemetry.o
LOAD obj/main/NAZE/telemetry/frsky.o
LOAD obj/main/NAZE/telemetry/hott.o
LOAD obj/main/NAZE/telemetry/smartport.o
LOAD obj/main/NAZE/telemetry/ltm.o
LOAD obj/main/NAZE/sensors/sonar.o
LOAD obj/main/NAZE/sensors/barometer.o
LOAD obj/main/NAZE/blackbox/blackbox.o
LOAD obj/main/NAZE/blackbox/blackbox_io.o
LOAD obj/main/NAZE/../../../../pif/source/core/pif.o
LOAD obj/main/NAZE/../../../../pif/source/core/pif_comm.o
LOAD obj/main/NAZE/../../../../pif/source/core/pif_list.o
LOAD obj/main/NAZE/../../../../pif/source/core/pif_log.o
LOAD obj/main/NAZE/../../../../pif/source/core/pif_ring_buffer.o
LOAD obj/main/NAZE/../../../../pif/source/core/pif_task.o
LOAD obj/main/NAZE/../../../../pif/source/core/pif_timer.o
LOAD obj/main/NAZE/build_config.o
LOAD obj/main/NAZE/debug.o
LOAD obj/main/NAZE/version.o
LOAD obj/main/NAZE/config/config.o
LOAD obj/main/NAZE/config/runtime_config.o
LOAD obj/main/NAZE/common/maths.o
LOAD obj/main/NAZE/common/printf.o
LOAD obj/main/NAZE/common/typeconversion.o
LOAD obj/main/NAZE/common/encoding.o
LOAD obj/main/NAZE/common/filter.o
LOAD obj/main/NAZE/scheduler.o
LOAD obj/main/NAZE/scheduler_tasks.o
LOAD obj/main/NAZE/main.o
LOAD obj/main/NAZE/mw.o
LOAD obj/main/NAZE/flight/altitudehold.o
LOAD obj/main/NAZE/flight/failsafe.o
LOAD obj/main/NAZE/flight/pid.o
LOAD obj/main/NAZE/flight/imu.o
LOAD obj/main/NAZE/flight/mixer.o
LOAD obj/main/NAZE/drivers/bus_i2c_soft.o
LOAD obj/main/NAZE/drivers/serial.o
LOAD obj/main/NAZE/drivers/sound_beeper.o
LOAD obj/main/NAZE/drivers/system.o
LOAD obj/main/NAZE/drivers/dma.o
LOAD obj/main/NAZE/drivers/buf_writer.o
LOAD obj/main/NAZE/drivers/gyro_sync.o
LOAD obj/main/NAZE/io/beeper.o
LOAD obj/main/NAZE/io/rc_controls.o
LOAD obj/main/NAZE/io/rc_curves.o
LOAD obj/main/NAZE/io/serial.o
LOAD obj/main/NAZE/io/serial_1wire.o
LOAD obj/main/NAZE/io/serial_cli.o
LOAD obj/main/NAZE/io/serial_msp.o
LOAD obj/main/NAZE/io/statusindicator.o
LOAD obj/main/NAZE/rx/rx.o
LOAD obj/main/NAZE/rx/pwm.o
LOAD obj/main/NAZE/rx/msp.o
LOAD obj/main/NAZE/rx/sbus.o
LOAD obj/main/NAZE/rx/sumd.o
LOAD obj/main/NAZE/rx/sumh.o
LOAD obj/main/NAZE/rx/spektrum.o
LOAD obj/main/NAZE/rx/xbus.o
LOAD obj/main/NAZE/rx/ibus.o
LOAD obj/main/NAZE/sensors/acceleration.o
LOAD obj/main/NAZE/sensors/battery.o
LOAD obj/main/NAZE/sensors/boardalignment.o
LOAD obj/main/NAZE/sensors/compass.o
LOAD obj/main/NAZE/sensors/gyro.o
LOAD obj/main/NAZE/sensors/initialisation.o
LOAD obj/main/NAZE/core_cm3.o
LOAD obj/main/NAZE/system_stm32f10x.o
LOAD obj/main/NAZE/stm32f10x_dma.o
LOAD obj/main/NAZE/stm32f10x_dbgmcu.o
LOAD obj/main/NAZE/stm32f10x_dac.o
LOAD obj/main/NAZE/stm32f10x_rtc.o
LOAD obj/main/NAZE/stm32f10x_pwr.o
LOAD obj/main/NAZE/stm32f10x_i2c.o
LOAD obj/main/NAZE/stm32f10x_sdio.o
LOAD obj/main/NAZE/stm32f10x_rcc.o
LOAD obj/main/NAZE/stm32f10x_flash.o
LOAD obj/main/NAZE/stm32f10x_usart.o
LOAD obj/main/NAZE/stm32f10x_tim.o
LOAD obj/main/NAZE/stm32f10x_wwdg.o
LOAD obj/main/NAZE/misc.o
LOAD obj/main/NAZE/stm32f10x_iwdg.o
LOAD obj/main/NAZE/stm32f10x_adc.o
LOAD obj/main/NAZE/stm32f10x_spi.o
LOAD obj/main/NAZE/stm32f10x_bkp.o
LOAD obj/main/NAZE/stm32f10x_exti.o
LOAD obj/main/NAZE/stm32f10x_fsmc.o
LOAD obj/main/NAZE/stm32f10x_gpio.o
LOAD /usr/lib/gcc/arm-none-eabi/4.9.3/../../../arm-none-eabi/lib/armv7-m/libm.a
LOAD /usr/lib/gcc/arm-none-eabi/4.9.3/../../../arm-none-eabi/lib/armv7-m/libc_nano.a
LOAD /usr/lib/gcc/arm-none-eabi/4.9.3/../../../arm-none-eabi/lib/armv7-m/libnosys.a
START GROUP
LOAD /usr/lib/gcc/arm-none-eabi/4.9.3/armv7-m/libgcc.a
LOAD /usr/lib/gcc/arm-none-eabi/4.9.3/../../../arm-none-eabi/lib/armv7-m/libg_nano.a
LOAD /usr/lib/gcc/arm-none-eabi/4.9.3/../../../arm-none-eabi/lib/armv7-m/libc_nano.a
END GROUP
START GROUP
LOAD /usr/lib/gcc/arm-none-eabi/4.9.3/armv7-m/libgcc.a
LOAD /usr/lib/gcc/arm-none-eabi/4.9.3/../../../arm-none-eabi/lib/armv7-m/libc_nano.a
END GROUP
                0x20005000                _estack = (ORIGIN (RAM) + LENGTH (RAM))
                0x00000000                _Min_Heap_Size = 0x0
                0x00000400                _Min_Stack_Size = 0x400

.isr_vector     0x08000000      0x10c
                0x08000000                . = ALIGN (0x4)
                [!provide]                PROVIDE (isr_vector_table_base, .)
 *(.isr_vector)
 .isr_vector    0x08000000      0x10c obj/main/NAZE/startup_stm32f10x_md_gcc.o
                0x08000000                g_pfnVectors
                0x0800010c                . = ALIGN (0x4)

.text           0x08000110    0x1e260
                0x08000110                . = ALIGN (0x4)
 *(.text)
 .text          0x08000110     0x230c /tmp/cclTML6V.ltrans1.ltrans.o
                0x08000110                taskMainPidLoopChecker
 .text          0x0800241c     0x20f0 /tmp/cclTML6V.ltrans2.ltrans.o
                0x0800241c                taskHandleSerial
 .text          0x0800450c     0x16ac /tmp/cclTML6V.ltrans3.ltrans.o
                0x0800450c                taskUpdateRxMain
 .text          0x08005bb8     0x102c /tmp/cclTML6V.ltrans4.ltrans.o
                0x08005e08                bmp280_calculate.lto_priv.210
                0x08005fc8                bmp280_get_ut.lto_priv.206
                0x08005fca                bmp280_start_ut.lto_priv.207
                0x08005fcc                ms5611_calculate.lto_priv.220
                0x08006188                bmp085_calculate.lto_priv.215
                0x08006264                mpu3050ReadTemp.lto_priv.203
                0x0800629c                mpuIsDataReady
                0x080062b4                mpuGyroRead
                0x080062fc                mpuAccRead
                0x080063fc                BMP085_EOC_EXTI_Handler
                0x08006450                mpu6500ReadRegister
                0x0800647c                mpu6500WriteRegister
                0x0800649c                mpu3050Init.lto_priv.202
                0x0800659c                mpu6500GyroInit
                0x08006618                mpu6500AccInit
                0x0800662c                mpu6050GyroInit.lto_priv.204
                0x08006690                mpu6050AccInit.lto_priv.225
                0x080066bc                i2cRead
                0x08006740                bmp280_get_up.lto_priv.209
                0x080067b4                ms5611_get_up.lto_priv.219
                0x080067c4                ms5611_get_ut.lto_priv.217
                0x080067d4                bmp085_get_up.lto_priv.214
                0x08006824                bmp085_get_ut.lto_priv.212
                0x0800685c                mpuReadRegisterI2C.lto_priv.200
                0x08006870                mma8452Read.lto_priv.224
                0x080068ca                bma280Read.lto_priv.222
                0x08006910                adxl345Read.lto_priv.227
                0x080069e0                i2cWrite
                0x08006a6c                bmp280_start_up.lto_priv.208
                0x08006a74                ms5611_start_up.lto_priv.218
                0x08006a7c                ms5611_start_ut.lto_priv.216
                0x08006a84                bmp085_start_up.lto_priv.213
                0x08006aa8                bmp085_start_ut.lto_priv.211
                0x08006abc                mpuWriteRegisterI2C.lto_priv.201
                0x08006ac6                mma8452Init.lto_priv.223
                0x08006b58                bma280Init.lto_priv.221
                0x08006b7c                adxl345Init.lto_priv.226
                0x08006bd4                I2C2_EV_IRQHandler
                0x08006bd8                I2C2_ER_IRQHandler
                0x08006bdc                I2C1_EV_IRQHandler
                0x08006be0                I2C1_ER_IRQHandler
 .text          0x08006be4      0xcc0 /tmp/cclTML6V.ltrans5.ltrans.o
                0x08006be4                taskTelemetry
 .text          0x080078a4      0xb88 /tmp/cclTML6V.ltrans6.ltrans.o
                0x080078c4                pwmOverflowCallback.lto_priv.492
                0x080078ec                ppmEdgeCallback.lto_priv.493
                0x08007a88                ppmOverflowCallback.lto_priv.494
                0x08007ac8                pwmWriteStandard.lto_priv.489
                0x08007ad8                pwmWriteBrushed.lto_priv.490
                0x08007afc                ws2811DMAHandler
                0x08007b70                applyChangedBits
                0x08007b9a                serialICConfig.lto_priv.596
                0x08007cce                pwmICConfig
                0x08007d08                pwmEdgeCallback.lto_priv.491
                0x08007d60                pwmWriteServo
                0x08007d78                EXTI9_5_IRQHandler
                0x08007d7a                EXTI1_IRQHandler
                0x08007d7c                EXTI0_IRQHandler
                0x08007d7e                ws2811UpdateStrip
                0x08007f50                gpioExtiLineConfig
                0x08007f7a                gpioInit
                0x08007fde                openSoftSerial
                0x08008178                pwmOutConfig.lto_priv.529
 .text          0x0800842c      0x634 /tmp/cclTML6V.ltrans7.ltrans.o
                0x0800842c                taskLedStrip
 .text          0x08008a60      0xd74 /tmp/cclTML6V.ltrans8.ltrans.o
                0x08008a60                _doTask.lto_priv.500
                0x08008b18                activateControlRateConfig
                0x08008b60                isEEPROMContentValid.lto_priv.530
                0x08008ba4                readEEPROM
                0x08008f28                resetConf.lto_priv.255
                0x080093dc                pifTaskManager_Add
                0x080095a4                _checkLoopTime.lto_priv.524
                0x08009638                _processingTask.lto_priv.525
                0x080096e8                pifRingBuffer_PutString
 .text          0x080097d4      0xcdc /tmp/cclTML6V.ltrans9.ltrans.o
                0x0800982a                cliShowArgumentRangeError.lto_priv.257
                0x08009844                cliAux.lto_priv.241
                0x08009930                cliShowParseError.lto_priv.258
                0x0800993c                cliServo.lto_priv.249
                0x08009a80                cliColor.lto_priv.242
                0x08009b60                cliLed.lto_priv.244
                0x08009d78                cliRxRange.lto_priv.246
                0x08009e54                cliMotorMix.lto_priv.245
                0x0800a04c                cliAdjustmentRange.lto_priv.240
                0x0800a1a8                cliSerial.lto_priv.248
                0x0800a2ec                cliRxFail.lto_priv.247
                0x0800a424                cliPrompt.lto_priv.396
                0x0800a440                waitForSerialPortToFinishTransmitting
                0x0800a456                serialRemovePort
                0x0800a488                closeSerialPort
 .text          0x0800a4b0      0xa48 /tmp/cclTML6V.ltrans10.ltrans.o
                0x0800a4b0                spektrumInit.constprop.37
                0x0800a528                sensorsAutodetect.constprop.29
                0x0800ae94                findNextSharedSerialPort.constprop.18
 .text          0x0800aef8      0xa84 /tmp/cclTML6V.ltrans11.ltrans.o
                0x0800b040                blackboxWrite
                0x0800b1d8                blackboxAdvanceIterationTimers.lto_priv.415
                0x0800b214                blackboxLogEvent
                0x0800b2c4                blackboxLogIteration.lto_priv.416
                0x0800b820                sendFieldDefinition.lto_priv.417
 .text          0x0800b97c      0xd74 /tmp/cclTML6V.ltrans12.ltrans.o
                0x0800b994                gpsNewFrame
                0x0800bf3c                gpsSetState.lto_priv.312
                0x0800bf58                GPS_distance_cm_bearing.isra.3.lto_priv.592
                0x0800bfdc                gpsNewData.part.2.lto_priv.259
 .text          0x0800c6f0      0xcd0 /tmp/cclTML6V.ltrans13.ltrans.o
                0x0800c72c                cliDefaults.lto_priv.371
                0x0800c748                cliSave.lto_priv.385
                0x0800c760                cliRateProfile.lto_priv.384
                0x0800c7ac                cliHelp.lto_priv.378
                0x0800c7f0                cliProfile.lto_priv.383
                0x0800c830                cliPlaySound.lto_priv.382
                0x0800c8dc                cliMotor.lto_priv.381
                0x0800c97c                cliMixer.lto_priv.380
                0x0800ca20                cliMap.lto_priv.379
                0x0800cac4                cliGpsPassthrough.lto_priv.377
                0x0800cb7c                cliFeature.lto_priv.374
                0x0800cc74                cliExit.lto_priv.373
                0x0800ccf4                cliDump.lto_priv.372
                0x0800d044                cliFlashErase.lto_priv.375
                0x0800d070                cliFlashInfo.lto_priv.376
                0x0800d0a8                cliServoMix.lto_priv.386
 .text          0x0800d3c0      0x718 /tmp/cclTML6V.ltrans14.ltrans.o
                0x0800d44a                isSoftSerialTransmitBufferEmpty
                0x0800d456                softSerialSetMode
                0x0800d45a                softSerialWriteByte
                0x0800d478                softSerialTxBytesFree
                0x0800d49a                softSerialRxBytesWaiting
                0x0800d4b8                softSerialReadByte
                0x0800d614                softSerialSetBaudRate
                0x0800d624                onSerialRxPinChange
                0x0800d6c2                usartIrqCallback
                0x0800d726                uartStartTxDMA
                0x0800d788                uartOpen
 .text          0x0800dad8      0x988 /tmp/cclTML6V.ltrans15.ltrans.o
                0x0800db9c                wrap_18000.lto_priv.419
                0x0800dbc0                GPS_set_next_wp
                0x0800dc4c                gpsUsePIDs
                0x0800dcec                GPS_reset_home_position
                0x0800dd40                calculate_Gtune
                0x0800defc                flashfsAdvanceTailInBuffer.lto_priv.552
                0x0800df2c                flashfsGetDirtyDataBuffers.lto_priv.550
                0x0800df64                flashfsGetOffset
                0x0800df84                flashfsWriteBuffers.lto_priv.551
                0x0800e0d8                flashfsFlushSync
                0x0800e110                flashfsFlushAsync
                0x0800e154                flashfsTransmitBufferUsed.lto_priv.418
                0x0800e174                flashfsEraseCompletely
                0x0800e1c4                TIM4_IRQHandler
                0x0800e1d4                TIM3_IRQHandler
                0x0800e1e4                TIM2_IRQHandler
                0x0800e1f0                TIM1_UP_IRQHandler
                0x0800e200                TIM1_CC_IRQHandler
                0x0800e210                configTimeBase
                0x0800e2b8                timerConfigure
                0x0800e30c                lookupTimerIndex.lto_priv.288
                0x0800e348                timerChConfigCallbacks
                0x0800e400                USART3_IRQHandler
                0x0800e40c                USART2_IRQHandler
                0x0800e418                USART1_IRQHandler
                0x0800e424                DMA1_Channel4_IRQHandler
 .text          0x0800e460      0xba4 /tmp/cclTML6V.ltrans16.ltrans.o
                0x0800e460                spektrumReadRawRC.lto_priv.198
                0x0800e488                sumhReadRawRC.lto_priv.463
                0x0800e49c                sumdReadRawRC.lto_priv.461
                0x0800e4b0                sbusReadRawRC.lto_priv.459
                0x0800e4e0                rxMspReadRawRC.lto_priv.474
                0x0800e4f0                ppmReadRawRC.lto_priv.476
                0x0800e500                pwmReadRawRC.lto_priv.475
                0x0800e510                nullReadRawRC.lto_priv.228
                0x0800e514                spektrumDataReceive.lto_priv.199
                0x0800e564                sumhDataReceive.lto_priv.464
                0x0800e5b0                sumdDataReceive.lto_priv.462
                0x0800e65c                sbusDataReceive.lto_priv.460
                0x0800e6b8                xBusUnpackModeBFrame.lto_priv.231
                0x0800e750                getRxfailValue.lto_priv.349
                0x0800e7b0                resumeRxSignal
                0x0800e7d8                suspendRxSignal
                0x0800e804                warningLedRefresh
                0x0800e84c                packFlightModeFlags.lto_priv.395
                0x0800e97c                mspReleasePortIfAllocated
                0x0800e9bc                read8.lto_priv.390
                0x0800e9d4                read16.lto_priv.391
                0x0800e9e8                read32.lto_priv.392
                0x0800e9fa                serialize8.lto_priv.389
                0x0800ea1c                tailSerialReply.lto_priv.387
                0x0800ea40                headSerialResponse.lto_priv.230
                0x0800ea8c                headSerialReply.lto_priv.388
                0x0800ea92                serialize16.lto_priv.393
                0x0800eaa4                serialize32.lto_priv.394
                0x0800eab6                cliWrite.lto_priv.260
                0x0800eac8                cliPrintf.lto_priv.256
                0x0800eaf4                cliVersion.lto_priv.253
                0x0800eb28                cliTasks.lto_priv.252
                0x0800eb84                cliPrintVar.lto_priv.261
                0x0800ec70                cliPrint.lto_priv.254
                0x0800ec8c                cliStatus.lto_priv.251
                0x0800eda8                cliGet.lto_priv.243
                0x0800ee00                cliSet.lto_priv.250
 .text          0x0800f004      0xa00 /tmp/cclTML6V.ltrans17.ltrans.o
                0x0800f004                dmaNoOpHandler
                0x0800f006                micros
                0x0800f03c                beepInverted.lto_priv.496
                0x0800f050                beepNormal.lto_priv.497
                0x0800f064                serialFindPortConfiguration
                0x0800f08c                doesConfigurationUsePort
                0x0800f0a2                determinePortSharing
                0x0800f0b6                findNextSerialPortConfig
                0x0800f0e8                findSerialPortConfig
                0x0800f0f4                generateThrottleCurve
                0x0800f184                generatePitchRollCurve
                0x0800f1b8                isRangeActive.part.3.lto_priv.347
                0x0800f200                isModeActivationConditionPresent
                0x0800f222                calculateThrottleStatus
                0x0800f258                blackboxLogInflightAdjustmentEvent
                0x0800f280                bufWriterFlush
                0x0800f298                bufWriterAppend
                0x0800f2b4                DMA1_Channel7_IRQHandler
                0x0800f2c4                DMA1_Channel6_IRQHandler
                0x0800f2d4                DMA1_Channel3_IRQHandler
                0x0800f2e4                DMA1_Channel2_IRQHandler
                0x0800f2f4                delayMicroseconds
                0x0800f30a                delay
                0x0800f31e                SysTick_Handler
                0x0800f478                EXTI15_10_IRQHandler
                0x0800f498                systemBeep
                0x0800f4a4                beeperSilence
                0x0800f4d0                beeper
                0x0800f514                beeperConfirmationBeeps
                0x0800f544                failureMode
                0x0800f5d8                registerExtiCallbackHandler
                0x0800f608                serialSetMode
                0x0800f60e                openSerialPort
                0x0800f6ac                isSerialTransmitBufferEmpty
                0x0800f6b2                serialSetBaudRate
                0x0800f6b8                serialRead
                0x0800f6be                serialRxBytesWaiting
                0x0800f6c4                serialWrite
                0x0800f6ca                serialWriteBufShim
                0x0800f706                writeMotors
                0x0800f7a8                stopMotors
                0x0800f7f0                mixerResetDisarmedMotors
                0x0800f828                loadCustomServoMixer
                0x0800f878                determineServoMiddleOrForwardFromChannel
                0x0800f8ac                imuComputeRotationMatrix.lto_priv.420
                0x0800f9e0                pidSetController
 .text          0x0800fa04      0x9fc /tmp/cclTML6V.ltrans18.ltrans.o
                0x0800fa04                taskUpdateBaro
                0x0800fadc                taskUpdateDisplay
                0x0800faf4                taskCalculateAltitude
                0x0800ffbc                taskUpdateSonar
                0x08010000                taskUpdateCompass
                0x08010158                taskProcessGPS
 .text          0x08010400      0x9ac /tmp/cclTML6V.ltrans19.ltrans.o
                0x08010428                ibusReadRawRC.lto_priv.472
                0x08010434                xBusReadRawRC.lto_priv.470
                0x0801044c                ibusDataReceive.lto_priv.473
                0x08010494                xBusDataReceive.lto_priv.471
                0x0801056c                setAdjustment.constprop.16
                0x080105f8                headSerialError.constprop.10
                0x08010600                GPIO_Init
                0x0801069c                EXTI_Init.part.0.lto_priv.229
                0x080106fc                EXTI_GetITStatus
                0x08010718                TIM_ICInit
                0x08010940                FLASH_WaitForLastOperation
                0x08010962                RCC_GetClocksFreq
                0x080109f4                DMA_StructInit
                0x08010a0e                DMA_Init
                0x08010a4a                DMA_DeInit
                0x08010b3c                SystemInit
                0x08010b88                alignSensors
                0x08010d00                calculateBatteryCapacityRemainingPercentage
                0x08010d48                batteryAdcToVoltage
                0x08010d74                updateBatteryVoltage.lto_priv.354
 .text          0x08010dac      0x974 /tmp/cclTML6V.ltrans20.ltrans.o
                0x08010df8                drawHorizonalPercentageBar
                0x08010e4a                updateDisplay
                0x08011580                applyDirectionalModeColor
                0x08011660                reevalulateLedConfig
 .text          0x08011720      0xb6c /tmp/cclTML6V.ltrans21.ltrans.o
                0x08011720                taskSystem
                0x0801185e                _putc.lto_priv.499
                0x0801186c                createTask.part.0.lto_priv.526
                0x08011898                applyBiQuadFilter
                0x080118fe                BiQuadNewLpf
                0x080119d0                fastA2F
                0x08011afc                ftoa
                0x08011bc8                _i2a.lto_priv.197
                0x08011bf0                tfp_format
                0x08011dc6                tfp_sprintf
                0x08011df0                applyDeadband
                0x08011e0e                acosf
                0x08011e88                atan2f
                0x08011f8c                sinf
                0x08012074                cosf
                0x08012088                disableFlightMode
                0x080120a8                enableFlightMode
                0x080120c8                featureClear
                0x080120d8                handleOneshotFeatureChangeOnRestart
                0x0801212c                writeEEPROM
                0x08012278                saveConfigAndNotify
 .text          0x0801228c      0x6f4 /tmp/cclTML6V.ltrans22.ltrans.o
                0x0801228c                hmc5883lRead
                0x08012324                hmc5883lInit
                0x08012538                m25p16_isReady
                0x08012580                m25p16_waitForReady
                0x080125a0                m25p16_readBytes
                0x080125ec                i2c_OLED_send_byte.lto_priv.574
                0x080125f6                i2c_OLED_send_char
                0x0801262c                i2c_OLED_send_string
                0x0801263e                i2c_OLED_send_cmd.lto_priv.528
                0x08012648                ug2864hsweg01InitI2C.part.0.lto_priv.527
                0x08012726                i2c_OLED_set_line
                0x0801273e                i2c_OLED_set_xy
                0x08012768                i2cInit
 .text          0x08012980      0xa74 /tmp/cclTML6V.ltrans23.ltrans.o
                0x08012980                pidMultiWiiRewrite.lto_priv.271
                0x08012c54                pidMultiWii23.lto_priv.273
                0x08012fd4                pidLuxFloat.lto_priv.272
 .text          0x080133f4      0x670 /tmp/cclTML6V.ltrans24.ltrans.o
                0x080133fa                _printLog.lto_priv.196
                0x08013548                pifFixList_Init.part.1.lto_priv.531
                0x080135a4                pifFixList_Remove
                0x080135d4                pif_HexToString
                0x0801363c                pif_DecToString
                0x080136ce                pif_BinToString
                0x0801371c                blackboxDeviceReserveBufferSpace
                0x0801377c                isBlackboxDeviceFull
                0x080137a8                blackboxDeviceFlushForce
                0x080137cc                blackboxWriteTag2_3S32
                0x080138ec                blackboxWriteUnsignedVB
                0x0801390c                blackboxWriteSignedVB
                0x08013914                blackboxPrint
                0x080139f0                blackboxPrintfHeaderLine
                0x08013a40                blackboxPrintf
 .text          0x08013a64      0x688 /tmp/cclTML6V.ltrans25.ltrans.o
                0x08013a64                NVIC_Init.part.0.constprop.195
                0x08013aa0                spiTransfer.constprop.181
                0x08013ae0                spiTransferByte.constprop.180
                0x08013b00                bmp085InitXCLRGpio.constprop.150
                0x08013b38                GPS_coord_to_degrees.constprop.114
                0x08013bf8                grab_fields.constprop.113
                0x08013c3c                drawRxChannel.constprop.109
                0x08013c88                blackboxWriteSigned16VBArray.constprop.82
                0x08013ca8                blackboxWriteSignedVBArray.constprop.81
                0x08013cc2                mspAllocateSerialPorts.constprop.79
                0x08013d3c                pifLog_Printf.constprop.74
                0x08014030                resetSerialConfig.constprop.64
                0x0801408c                parseRcChannels.constprop.54
                0x080140c8                itoa.constprop.49
 .text          0x080140ec      0x53c /tmp/cclTML6V.ltrans26.ltrans.o
                0x080141e0                sonarRead
                0x08014268                ltm_finalise.lto_priv.302
                0x08014280                ltm_serialise_8.lto_priv.303
                0x080142a4                ltm_serialise_32.lto_priv.304
                0x080142c6                ltm_serialise_16.lto_priv.306
                0x080142d8                ltm_initialise_packet.lto_priv.305
                0x0801430c                smartPortSendPackage.lto_priv.301
                0x08014374                workAroundForHottTelemetryOnUsart.isra.0.lto_priv.300
                0x080143a0                flushHottRxBuffer.lto_priv.299
                0x080143bc                serialize16.lto_priv.296
                0x080143d0                sendTelemetryTail.lto_priv.295
                0x080143e0                sendDataHead.lto_priv.297
                0x08014400                sendLatLong.lto_priv.298
                0x08014478                telemetryCheckState
 .text          0x08014628      0x41c /tmp/cclTML6V.ltrans27.ltrans.o
                0x08014628                mwArm
                0x080149c0                mwDisarm
                0x08014a28                HardFault_Handler
 .text          0x08014a44      0x338 /tmp/cclTML6V.ltrans28.ltrans.o
                0x08014a44                taskUpdateBattery
                0x08014c4c                taskUpdateBeeper
 .text          0x08014d7c      0x200 /tmp/cclTML6V.ltrans29.ltrans.o
                0x08014d7c                taskUpdateAccelerometer
 *fill*         0x08014f7c        0x4 
 .text          0x08014f80      0x178 /tmp/cclTML6V.ltrans30.ltrans.o
                0x08014f80                filterIsSetCheck
                0x08014fc0                scaleItermToRcInput
                0x080150a0                pidResetErrorAngle
                0x080150bc                failsafeActivate.lto_priv.348
 .text          0x080150f8      0x370 /usr/lib/gcc/arm-none-eabi/4.9.3/armv7-m/libgcc.a(_arm_addsubdf3.o)
                0x080150f8                __aeabi_drsub
                0x08015100                __aeabi_dsub
                0x08015100                __subdf3
                0x08015104                __adddf3
                0x08015104                __aeabi_dadd
                0x0801537c                __aeabi_ui2d
                0x0801537c                __floatunsidf
                0x0801539c                __floatsidf
                0x0801539c                __aeabi_i2d
                0x080153c0                __extendsfdf2
                0x080153c0                __aeabi_f2d
                0x080153fc                __aeabi_ul2d
                0x080153fc                __floatundidf
                0x0801540c                __floatdidf
                0x0801540c                __aeabi_l2d
 .text          0x08015468      0x424 /usr/lib/gcc/arm-none-eabi/4.9.3/armv7-m/libgcc.a(_arm_muldivdf3.o)
                0x08015468                __aeabi_dmul
                0x08015468                __muldf3
                0x080156bc                __aeabi_ddiv
                0x080156bc                __divdf3
 .text          0x0801588c      0x110 /usr/lib/gcc/arm-none-eabi/4.9.3/armv7-m/libgcc.a(_arm_cmpdf2.o)
                0x0801588c                __gtdf2
                0x0801588c                __gedf2
                0x08015894                __ltdf2
                0x08015894                __ledf2
                0x0801589c                __cmpdf2
                0x0801589c                __eqdf2
                0x0801589c                __nedf2
                0x08015918                __aeabi_cdrcmple
                0x08015928                __aeabi_cdcmple
                0x08015928                __aeabi_cdcmpeq
                0x08015938                __aeabi_dcmpeq
                0x0801594c                __aeabi_dcmplt
                0x08015960                __aeabi_dcmple
                0x08015974                __aeabi_dcmpge
                0x08015988                __aeabi_dcmpgt
 .text          0x0801599c       0x40 /usr/lib/gcc/arm-none-eabi/4.9.3/armv7-m/libgcc.a(_arm_fixunsdfsi.o)
                0x0801599c                __fixunsdfsi
                0x0801599c                __aeabi_d2uiz
 .text          0x080159dc       0xa0 /usr/lib/gcc/arm-none-eabi/4.9.3/armv7-m/libgcc.a(_arm_truncdfsf2.o)
                0x080159dc                __aeabi_d2f
                0x080159dc                __truncdfsf2
 .text          0x08015a7c      0x21c /usr/lib/gcc/arm-none-eabi/4.9.3/armv7-m/libgcc.a(_arm_addsubsf3.o)
                0x08015a7c                __aeabi_frsub
                0x08015a84                __subsf3
                0x08015a84                __aeabi_fsub
                0x08015a88                __aeabi_fadd
                0x08015a88                __addsf3
                0x08015be8                __aeabi_ui2f
                0x08015be8                __floatunsisf
                0x08015bf0                __aeabi_i2f
                0x08015bf0                __floatsisf
                0x08015c0c                __floatundisf
                0x08015c0c                __aeabi_ul2f
                0x08015c1c                __floatdisf
                0x08015c1c                __aeabi_l2f
 .text          0x08015c98      0x2a0 /usr/lib/gcc/arm-none-eabi/4.9.3/armv7-m/libgcc.a(_arm_muldivsf3.o)
                0x08015c98                __mulsf3
                0x08015c98                __aeabi_fmul
                0x08015e00                __divsf3
                0x08015e00                __aeabi_fdiv
 .text          0x08015f38       0xec /usr/lib/gcc/arm-none-eabi/4.9.3/armv7-m/libgcc.a(_arm_cmpsf2.o)
                0x08015f38                __gtsf2
                0x08015f38                __gesf2
                0x08015f40                __lesf2
                0x08015f40                __ltsf2
                0x08015f48                __nesf2
                0x08015f48                __eqsf2
                0x08015f48                __cmpsf2
                0x08015fa8                __aeabi_cfrcmple
                0x08015fb0                __aeabi_cfcmple
                0x08015fb0                __aeabi_cfcmpeq
                0x08015fc0                __aeabi_fcmpeq
                0x08015fd4                __aeabi_fcmplt
                0x08015fe8                __aeabi_fcmple
                0x08015ffc                __aeabi_fcmpge
                0x08016010                __aeabi_fcmpgt
 .text          0x08016024       0x4c /usr/lib/gcc/arm-none-eabi/4.9.3/armv7-m/libgcc.a(_arm_fixsfsi.o)
                0x08016024                __fixsfsi
                0x08016024                __aeabi_f2iz
 .text          0x08016070       0x40 /usr/lib/gcc/arm-none-eabi/4.9.3/armv7-m/libgcc.a(_arm_fixunssfsi.o)
                0x08016070                __aeabi_f2uiz
                0x08016070                __fixunssfsi
 .text          0x080160b0       0x38 /usr/lib/gcc/arm-none-eabi/4.9.3/armv7-m/libgcc.a(_aeabi_ldivmod.o)
                0x080160b0                __aeabi_ldivmod
 .text          0x080160e8       0x60 /usr/lib/gcc/arm-none-eabi/4.9.3/armv7-m/libgcc.a(bpabi.o)
                0x080160e8                __gnu_ldivmod_helper
                0x08016118                __gnu_uldivmod_helper
 .text          0x08016148        0x4 /usr/lib/gcc/arm-none-eabi/4.9.3/armv7-m/libgcc.a(_dvmd_tls.o)
                0x08016148                __aeabi_ldiv0
                0x08016148                __aeabi_idiv0
 .text          0x0801614c      0x2ac /usr/lib/gcc/arm-none-eabi/4.9.3/armv7-m/libgcc.a(_divdi3.o)
                0x0801614c                __divdi3
 .text          0x080163f8      0x270 /usr/lib/gcc/arm-none-eabi/4.9.3/armv7-m/libgcc.a(_udivdi3.o)
                0x080163f8                __udivdi3
 *(.text*)
 .text.Reset_Handler
                0x08016668       0x9c obj/main/NAZE/startup_stm32f10x_md_gcc.o
                0x08016668                Reset_Handler
 .text.Default_Handler
                0x08016704        0x2 obj/main/NAZE/startup_stm32f10x_md_gcc.o
                0x08016704                EXTI2_IRQHandler
                0x08016704                DebugMon_Handler
                0x08016704                PVD_IRQHandler
                0x08016704                PendSV_Handler
                0x08016704                NMI_Handler
                0x08016704                EXTI3_IRQHandler
                0x08016704                UsageFault_Handler
                0x08016704                ADC1_2_IRQHandler
                0x08016704                SPI1_IRQHandler
                0x08016704                TAMPER_IRQHandler
                0x08016704                RTC_IRQHandler
                0x08016704                CAN1_RX1_IRQHandler
                0x08016704                RCC_IRQHandler
                0x08016704                TIM1_TRG_COM_IRQHandler
                0x08016704                DMA1_Channel1_IRQHandler
                0x08016704                Default_Handler
                0x08016704                SPI2_IRQHandler
                0x08016704                MemManage_Handler
                0x08016704                SVC_Handler
                0x08016704                DMA1_Channel5_IRQHandler
                0x08016704                EXTI4_IRQHandler
                0x08016704                USB_LP_CAN1_RX0_IRQHandler
                0x08016704                USB_HP_CAN1_TX_IRQHandler
                0x08016704                WWDG_IRQHandler
                0x08016704                TIM1_BRK_IRQHandler
                0x08016704                RTCAlarm_IRQHandler
                0x08016704                CAN1_SCE_IRQHandler
                0x08016704                FLASH_IRQHandler
                0x08016704                BusFault_Handler
                0x08016704                USBWakeUp_IRQHandler
 *fill*         0x08016706        0x2 
 .text.startup  0x08016708     0x2264 /tmp/cclTML6V.ltrans0.ltrans.o
                0x08016708                main
 .text.atoi     0x0801896c        0x8 /usr/lib/gcc/arm-none-eabi/4.9.3/../../../arm-none-eabi/lib/armv7-m/libc_nano.a(lib_a-atoi.o)
                0x0801896c                atoi
 .text.strtok   0x08018974       0x64 /usr/lib/gcc/arm-none-eabi/4.9.3/../../../arm-none-eabi/lib/armv7-m/libc_nano.a(lib_a-strtok.o)
                0x08018974                strtok
 .text.__strtok_r
                0x080189d8       0x56 /usr/lib/gcc/arm-none-eabi/4.9.3/../../../arm-none-eabi/lib/armv7-m/libc_nano.a(lib_a-strtok_r.o)
                0x080189d8                __strtok_r
 .text.strtok_r
                0x08018a2e        0x6 /usr/lib/gcc/arm-none-eabi/4.9.3/../../../arm-none-eabi/lib/armv7-m/libc_nano.a(lib_a-strtok_r.o)
                0x08018a2e                strtok_r
 .text._strtol_r
                0x08018a34      0x10c /usr/lib/gcc/arm-none-eabi/4.9.3/../../../arm-none-eabi/lib/armv7-m/libc_nano.a(lib_a-strtol.o)
                0x08018a34                _strtol_r
 .text.strtol   0x08018b40       0x1c /usr/lib/gcc/arm-none-eabi/4.9.3/../../../arm-none-eabi/lib/armv7-m/libc_nano.a(lib_a-strtol.o)
                0x08018b40                strtol
 .text.malloc   0x08018b5c       0x10 /usr/lib/gcc/arm-none-eabi/4.9.3/../../../arm-none-eabi/lib/armv7-m/libc_nano.a(lib_a-malloc.o)
                0x08018b5c                malloc
 .text.free     0x08018b6c       0x10 /usr/lib/gcc/arm-none-eabi/4.9.3/../../../arm-none-eabi/lib/armv7-m/libc_nano.a(lib_a-malloc.o)
                0x08018b6c                free
 .text._free_r  0x08018b7c       0x88 /usr/lib/gcc/arm-none-eabi/4.9.3/../../../arm-none-eabi/lib/armv7-m/libc_nano.a(lib_a-nano-freer.o)
                0x08018b7c                _free_r
 .text._malloc_r
                0x08018c04       0xac /usr/lib/gcc/arm-none-eabi/4.9.3/../../../arm-none-eabi/lib/armv7-m/libc_nano.a(lib_a-nano-mallocr.o)
                0x08018c04                _malloc_r
 .text._sbrk_r  0x08018cb0       0x20 /usr/lib/gcc/arm-none-eabi/4.9.3/../../../arm-none-eabi/lib/armv7-m/libc_nano.a(lib_a-sbrkr.o)
                0x08018cb0                _sbrk_r
 .text._sbrk    0x08018cd0       0x1c /usr/lib/gcc/arm-none-eabi/4.9.3/../../../arm-none-eabi/lib/armv7-m/libnosys.a(sbrk.o)
                0x08018cd0                _sbrk
 .text.lrintf   0x08018cec       0x78 /usr/lib/gcc/arm-none-eabi/4.9.3/../../../arm-none-eabi/lib/armv7-m/libm.a(lib_a-sf_lrint.o)
                0x08018cec                lrintf
 .text.powf     0x08018d64      0x314 /usr/lib/gcc/arm-none-eabi/4.9.3/../../../arm-none-eabi/lib/armv7-m/libm.a(lib_a-wf_pow.o)
                0x08018d64                powf
 .text.sqrtf    0x08019078       0x9c /usr/lib/gcc/arm-none-eabi/4.9.3/../../../arm-none-eabi/lib/armv7-m/libm.a(lib_a-wf_sqrt.o)
                0x08019078                sqrtf
 .text.__ieee754_powf
                0x08019114      0x6ec /usr/lib/gcc/arm-none-eabi/4.9.3/../../../arm-none-eabi/lib/armv7-m/libm.a(lib_a-ef_pow.o)
                0x08019114                __ieee754_powf
 .text.__ieee754_sqrtf
                0x08019800       0xa8 /usr/lib/gcc/arm-none-eabi/4.9.3/../../../arm-none-eabi/lib/armv7-m/libm.a(lib_a-ef_sqrt.o)
                0x08019800                __ieee754_sqrtf
 .text.matherr  0x080198a8        0x4 /usr/lib/gcc/arm-none-eabi/4.9.3/../../../arm-none-eabi/lib/armv7-m/libm.a(lib_a-s_matherr.o)
                0x080198a8                matherr
 .text.rint     0x080198ac      0x11c /usr/lib/gcc/arm-none-eabi/4.9.3/../../../arm-none-eabi/lib/armv7-m/libm.a(lib_a-s_rint.o)
                0x080198ac                rint
 .text.fabsf    0x080199c8        0x8 /usr/lib/gcc/arm-none-eabi/4.9.3/../../../arm-none-eabi/lib/armv7-m/libm.a(lib_a-sf_fabs.o)
                0x080199c8                fabsf
 .text.finitef  0x080199d0       0x10 /usr/lib/gcc/arm-none-eabi/4.9.3/../../../arm-none-eabi/lib/armv7-m/libm.a(lib_a-sf_finite.o)
                0x080199d0                finitef
 .text.__fpclassifyf
                0x080199e0       0x34 /usr/lib/gcc/arm-none-eabi/4.9.3/../../../arm-none-eabi/lib/armv7-m/libm.a(lib_a-sf_fpclassify.o)
                0x080199e0                __fpclassifyf
 .text.nanf     0x08019a14        0x8 /usr/lib/gcc/arm-none-eabi/4.9.3/../../../arm-none-eabi/lib/armv7-m/libm.a(lib_a-sf_nan.o)
                0x08019a14                nanf
 .text.scalbnf  0x08019a1c       0xb0 /usr/lib/gcc/arm-none-eabi/4.9.3/../../../arm-none-eabi/lib/armv7-m/libm.a(lib_a-sf_scalbn.o)
                0x08019a1c                scalbnf
 .text.copysignf
                0x08019acc        0xc /usr/lib/gcc/arm-none-eabi/4.9.3/../../../arm-none-eabi/lib/armv7-m/libm.a(lib_a-sf_copysign.o)
                0x08019acc                copysignf
 .text.calloc   0x08019ad8       0x14 /usr/lib/gcc/arm-none-eabi/4.9.3/../../../arm-none-eabi/lib/armv7-m/libc_nano.a(lib_a-calloc.o)
                0x08019ad8                calloc
 .text.__errno  0x08019aec        0xc /usr/lib/gcc/arm-none-eabi/4.9.3/../../../arm-none-eabi/lib/armv7-m/libc_nano.a(lib_a-errno.o)
                0x08019aec                __errno
 .text.memcmp   0x08019af8       0x20 /usr/lib/gcc/arm-none-eabi/4.9.3/../../../arm-none-eabi/lib/armv7-m/libc_nano.a(lib_a-memcmp.o)
                0x08019af8                memcmp
 .text.memcpy   0x08019b18       0x16 /usr/lib/gcc/arm-none-eabi/4.9.3/../../../arm-none-eabi/lib/armv7-m/libc_nano.a(lib_a-memcpy.o)
                0x08019b18                memcpy
 .text.memset   0x08019b2e       0x10 /usr/lib/gcc/arm-none-eabi/4.9.3/../../../arm-none-eabi/lib/armv7-m/libc_nano.a(lib_a-memset.o)
                0x08019b2e                memset
 .text._calloc_r
                0x08019b3e       0x1c /usr/lib/gcc/arm-none-eabi/4.9.3/../../../arm-none-eabi/lib/armv7-m/libc_nano.a(lib_a-nano-callocr.o)
                0x08019b3e                _calloc_r
 *fill*         0x08019b5a        0x2 
 .text.strcasecmp
                0x08019b5c       0x3c /usr/lib/gcc/arm-none-eabi/4.9.3/../../../arm-none-eabi/lib/armv7-m/libc_nano.a(lib_a-strcasecmp.o)
                0x08019b5c                strcasecmp
 .text.strcat   0x08019b98       0x1e /usr/lib/gcc/arm-none-eabi/4.9.3/../../../arm-none-eabi/lib/armv7-m/libc_nano.a(lib_a-strcat.o)
                0x08019b98                strcat
 .text.strchr   0x08019bb6       0x1c /usr/lib/gcc/arm-none-eabi/4.9.3/../../../arm-none-eabi/lib/armv7-m/libc_nano.a(lib_a-strchr.o)
                0x08019bb6                strchr
 .text.strcpy   0x08019bd2       0x10 /usr/lib/gcc/arm-none-eabi/4.9.3/../../../arm-none-eabi/lib/armv7-m/libc_nano.a(lib_a-strcpy.o)
                0x08019bd2                strcpy
 .text.strlen   0x08019be2       0x10 /usr/lib/gcc/arm-none-eabi/4.9.3/../../../arm-none-eabi/lib/armv7-m/libc_nano.a(lib_a-strlen.o)
                0x08019be2                strlen
 *fill*         0x08019bf2        0x2 
 .text.strncasecmp
                0x08019bf4       0x44 /usr/lib/gcc/arm-none-eabi/4.9.3/../../../arm-none-eabi/lib/armv7-m/libc_nano.a(lib_a-strncasecmp.o)
                0x08019bf4                strncasecmp
 .text.strncpy  0x08019c38       0x24 /usr/lib/gcc/arm-none-eabi/4.9.3/../../../arm-none-eabi/lib/armv7-m/libc_nano.a(lib_a-strncpy.o)
                0x08019c38                strncpy
 .text.strstr   0x08019c5c       0x30 /usr/lib/gcc/arm-none-eabi/4.9.3/../../../arm-none-eabi/lib/armv7-m/libc_nano.a(lib_a-strstr.o)
                0x08019c5c                strstr
 *(.rodata)
 .rodata        0x08019c8c       0xdc /tmp/cclTML6V.ltrans0.ltrans.o
                0x08019cf4                hsv_white
 .rodata        0x08019d68      0x2b4 /tmp/cclTML6V.ltrans1.ltrans.o
 .rodata        0x0801a01c      0x18c /tmp/cclTML6V.ltrans2.ltrans.o
 .rodata        0x0801a1a8        0x8 /tmp/cclTML6V.ltrans5.ltrans.o
 .rodata        0x0801a1b0       0x28 /tmp/cclTML6V.ltrans6.ltrans.o
 .rodata        0x0801a1d8       0x38 /tmp/cclTML6V.ltrans7.ltrans.o
                0x0801a1d8                hsv_green
                0x0801a1dc                hsv_red
                0x0801a1e0                hsv_yellow
                0x0801a1e4                hsv_blue
                0x0801a20c                hsv_orange
 .rodata        0x0801a210       0xc4 /tmp/cclTML6V.ltrans8.ltrans.o
 .rodata        0x0801a2d4      0x4f0 /tmp/cclTML6V.ltrans9.ltrans.o
                0x0801a304                mixerAtail4.lto_priv.516
                0x0801a344                mixerDualcopter.lto_priv.515
                0x0801a364                mixerHex6H.lto_priv.514
                0x0801a3c4                mixerVtail4.lto_priv.513
                0x0801a404                mixerOctoFlatX.lto_priv.512
                0x0801a484                mixerOctoFlatP.lto_priv.511
                0x0801a504                mixerOctoX8.lto_priv.510
                0x0801a584                mixerHex6X.lto_priv.509
                0x0801a5e4                mixerY4.lto_priv.508
                0x0801a624                mixerSingleProp.lto_priv.507
                0x0801a634                mixerHex6P.lto_priv.506
                0x0801a694                mixerY6.lto_priv.505
                0x0801a6f4                mixerBicopter.lto_priv.504
                0x0801a714                mixerQuadX.lto_priv.503
                0x0801a754                mixerQuadP.lto_priv.502
                0x0801a794                mixerTricopter.lto_priv.501
 .rodata        0x0801a7c4       0x60 /tmp/cclTML6V.ltrans10.ltrans.o
 .rodata        0x0801a824       0x18 /tmp/cclTML6V.ltrans11.ltrans.o
 .rodata        0x0801a83c      0x54c /tmp/cclTML6V.ltrans13.ltrans.o
                0x0801a83c                cmdTable
                0x0801aa1c                beeperTable.lto_priv.267
                0x0801aadc                mixerNames.lto_priv.262
                0x0801aba0                servoMixers
                0x0801ac70                servoMixerSingle.lto_priv.523
                0x0801aca8                servoMixerDual.lto_priv.522
                0x0801acb6                servoMixerAirplane.lto_priv.521
                0x0801acd9                servoMixerFlyingWing.lto_priv.520
                0x0801acfc                servoMixerGimbal.lto_priv.519
                0x0801ad0a                servoMixerBI.lto_priv.518
                0x0801ad26                servoMixerTri.lto_priv.517
                0x0801ad2d                beep_armedBeep.lto_priv.287
                0x0801ad32                beep_disarmRepeatBeep.lto_priv.286
                0x0801ad36                beep_readyBeep.lto_priv.285
                0x0801ad45                beep_2longerBeeps.lto_priv.284
                0x0801ad4a                beep_2shortBeeps.lto_priv.283
                0x0801ad4f                beep_shortBeep.lto_priv.282
                0x0801ad52                beep_lowBatteryBeep.lto_priv.281
                0x0801ad55                beep_critBatteryBeep.lto_priv.280
                0x0801ad58                beep_armedGpsFix.lto_priv.279
                0x0801ad61                beep_armingBeep.lto_priv.278
                0x0801ad66                beep_disarmBeep.lto_priv.277
                0x0801ad6b                beep_txLostBeep.lto_priv.276
                0x0801ad6e                beep_sos.lto_priv.275
                0x0801ad81                beep_gyroCalibrated.lto_priv.274
 .rodata        0x0801ad88       0x28 /tmp/cclTML6V.ltrans14.ltrans.o
 .rodata        0x0801adb0      0xff4 /tmp/cclTML6V.ltrans16.ltrans.o
                0x0801aef8                valueTable
                0x0801bd98                shortGitRevision
                0x0801bd9c                buildTime
                0x0801bda0                buildDate
 .rodata        0x0801bda4        0xc /tmp/cclTML6V.ltrans17.ltrans.o
 .rodata        0x0801bdb0      0x144 /tmp/cclTML6V.ltrans18.ltrans.o
                0x0801bdb0                gpsInitData.lto_priv.456
 .rodata        0x0801bef4       0x14 /tmp/cclTML6V.ltrans19.ltrans.o
 .rodata        0x0801bf08       0x22 /tmp/cclTML6V.ltrans20.ltrans.o
 *fill*         0x0801bf2a        0x2 
 .rodata        0x0801bf2c      0x2cc /tmp/cclTML6V.ltrans22.ltrans.o
 .rodata        0x0801c1f8       0x34 /tmp/cclTML6V.ltrans25.ltrans.o
                0x0801c1f8                baudRates
                0x0801c218                defaultBMP085Config.7212.lto_priv.205
 *(.rodata*)
 .rodata.timerHardware
                0x0801c22c       0xe0 /tmp/cclTML6V.ltrans0.ltrans.o
                0x0801c22c                timerHardware
 .rodata.str1.1
                0x0801c30c      0x20d /tmp/cclTML6V.ltrans1.ltrans.o
                                0x21f (size before relaxing)
 .rodata.str1.1
                0x0801c519      0x154 /tmp/cclTML6V.ltrans2.ltrans.o
                                0x16d (size before relaxing)
 *fill*         0x0801c66d        0x1 
 .rodata.frSkyDataIdTable
                0x0801c66e       0x20 /tmp/cclTML6V.ltrans5.ltrans.o
 .rodata.hsv_black
                0x0801c68e        0x4 /tmp/cclTML6V.ltrans7.ltrans.o
                0x0801c68e                hsv_black
 .rodata.str1.1
                0x0801c692       0x28 /tmp/cclTML6V.ltrans8.ltrans.o
 *fill*         0x0801c6ba        0x2 
 .rodata.mixers
                0x0801c6bc       0xd0 /tmp/cclTML6V.ltrans9.ltrans.o
                0x0801c6bc                mixers
 .rodata.str1.1
                0x0801c78c      0x15a /tmp/cclTML6V.ltrans9.ltrans.o
                                0x168 (size before relaxing)
 .rodata.str1.1
                0x0801c8e6       0x3e /tmp/cclTML6V.ltrans11.ltrans.o
                                 0x41 (size before relaxing)
 .rodata.str1.1
                0x0801c924      0x933 /tmp/cclTML6V.ltrans13.ltrans.o
                                0x9eb (size before relaxing)
 .rodata.str1.1
                0x0801d257      0xd43 /tmp/cclTML6V.ltrans16.ltrans.o
                                0xdd8 (size before relaxing)
 .rodata.str1.1
                0x0801df9a       0xfb /tmp/cclTML6V.ltrans18.ltrans.o
                                 0xfc (size before relaxing)
 .rodata.cyclePageIds
                0x0801e095        0x5 /tmp/cclTML6V.ltrans20.ltrans.o
 .rodata.str1.1
                0x0801e09a      0x12f /tmp/cclTML6V.ltrans20.ltrans.o
                                0x159 (size before relaxing)
 .rodata.str1.1
                0x0801e1c9       0x27 /tmp/cclTML6V.ltrans21.ltrans.o
 .rodata.str1.1
                0x0801e1f0       0x22 /tmp/cclTML6V.ltrans24.ltrans.o
 .rodata.serialPortIdentifiers
                0x0801e212        0x5 /tmp/cclTML6V.ltrans25.ltrans.o
                0x0801e212                serialPortIdentifiers
 .rodata.rcChannelLetters
                0x0801e217       0x15 /tmp/cclTML6V.ltrans25.ltrans.o
                0x0801e217                rcChannelLetters
 .rodata._ctype_
                0x0801e22c      0x101 /usr/lib/gcc/arm-none-eabi/4.9.3/../../../arm-none-eabi/lib/armv7-m/libc_nano.a(lib_a-ctype_.o)
                0x0801e22c                _ctype_
 .rodata.str1.1
                0x0801e32d        0x0 /usr/lib/gcc/arm-none-eabi/4.9.3/../../../arm-none-eabi/lib/armv7-m/libc_nano.a(lib_a-impure.o)
                                  0x2 (size before relaxing)
 *fill*         0x0801e32d        0x3 
 .rodata.TWO23  0x0801e330        0x8 /usr/lib/gcc/arm-none-eabi/4.9.3/../../../arm-none-eabi/lib/armv7-m/libm.a(lib_a-sf_lrint.o)
 .rodata.str1.4
                0x0801e338        0x5 /usr/lib/gcc/arm-none-eabi/4.9.3/../../../arm-none-eabi/lib/armv7-m/libm.a(lib_a-wf_pow.o)
                                  0x8 (size before relaxing)
 *fill*         0x0801e33d        0x3 
 .rodata.str1.4
                0x0801e340        0x6 /usr/lib/gcc/arm-none-eabi/4.9.3/../../../arm-none-eabi/lib/armv7-m/libm.a(lib_a-wf_sqrt.o)
                                  0x8 (size before relaxing)
 *fill*         0x0801e346        0x2 
 .rodata.dp_h   0x0801e348        0x8 /usr/lib/gcc/arm-none-eabi/4.9.3/../../../arm-none-eabi/lib/armv7-m/libm.a(lib_a-ef_pow.o)
 .rodata.dp_l   0x0801e350        0x8 /usr/lib/gcc/arm-none-eabi/4.9.3/../../../arm-none-eabi/lib/armv7-m/libm.a(lib_a-ef_pow.o)
 .rodata.bp     0x0801e358        0x8 /usr/lib/gcc/arm-none-eabi/4.9.3/../../../arm-none-eabi/lib/armv7-m/libm.a(lib_a-ef_pow.o)
 .rodata.str1.4
                0x0801e360        0x8 /usr/lib/gcc/arm-none-eabi/4.9.3/../../../arm-none-eabi/lib/armv7-m/libm.a(lib_a-ef_pow.o)
                                  0x4 (size before relaxing)
 .rodata.TWO52  0x0801e360       0x10 /usr/lib/gcc/arm-none-eabi/4.9.3/../../../arm-none-eabi/lib/armv7-m/libm.a(lib_a-s_rint.o)
 *(.glue_7)
 .glue_7        0x0801e370        0x0 linker stubs
 *(.glue_7t)
 .glue_7t       0x0801e370        0x0 linker stubs
 *(.eh_frame)
 *(.init)
 *(.fini)
                0x0801e370                . = ALIGN (0x4)
                0x0801e370                _etext = .

.vfp11_veneer   0x0801e370        0x0
 .vfp11_veneer  0x0801e370        0x0 linker stubs

.v4_bx          0x0801e370        0x0
 .v4_bx         0x0801e370        0x0 linker stubs

.iplt           0x0801e370        0x0
 .iplt          0x0801e370        0x0 obj/main/NAZE/startup_stm32f10x_md_gcc.o

.ARM.extab
 *(.ARM.extab* .gnu.linkonce.armextab.*)

.ARM            0x0801e370        0x8
                0x0801e370                __exidx_start = .
 *(.ARM.exidx*)
 .ARM.exidx     0x0801e370        0x8 /usr/lib/gcc/arm-none-eabi/4.9.3/armv7-m/libgcc.a(_divdi3.o)
 .ARM.exidx     0x0801e378        0x0 /usr/lib/gcc/arm-none-eabi/4.9.3/armv7-m/libgcc.a(_udivdi3.o)
                                  0x8 (size before relaxing)
                0x0801e378                __exidx_end = .

.rel.dyn        0x0801e378        0x0
 .rel.iplt      0x0801e378        0x0 obj/main/NAZE/startup_stm32f10x_md_gcc.o

.preinit_array  0x0801e378        0x0
                [!provide]                PROVIDE (__preinit_array_start, .)
 *(.preinit_array*)
                [!provide]                PROVIDE (__preinit_array_end, .)

.init_array     0x0801e378        0x0
                [!provide]                PROVIDE (__init_array_start, .)
 *(SORT(.init_array.*))
 *(.init_array*)
                [!provide]                PROVIDE (__init_array_end, .)

.fini_array     0x0801e378        0x0
                [!provide]                PROVIDE (__fini_array_start, .)
 *(.fini_array*)
 *(SORT(.fini_array.*))
                [!provide]                PROVIDE (__fini_array_end, .)
                0x0801e378                _sidata = .

.data           0x20000000      0x1c8 load address 0x0801e378
                0x20000000                . = ALIGN (0x4)
                0x20000000                _sdata = .
 *(.data)
 .data          0x20000000        0x2 /tmp/cclTML6V.ltrans0.ltrans.o
                0x20000000                pif_id
 .data          0x20000002        0x3 /tmp/cclTML6V.ltrans3.ltrans.o
                0x20000004                isUsingSticksToArm.lto_priv.359
 *fill*         0x20000005        0x1 
 .data          0x20000006        0x3 /tmp/cclTML6V.ltrans5.ltrans.o
                0x20000006                acc_1G
 .data          0x20000009        0x3 /tmp/cclTML6V.ltrans7.ltrans.o
 .data          0x2000000c        0x5 /tmp/cclTML6V.ltrans10.ltrans.o
                0x2000000c                rcReadRawFunc.lto_priv.324
                0x20000010                isEOCConnected.lto_priv.608
 *fill*         0x20000011        0x3 
 .data          0x20000014        0x4 /tmp/cclTML6V.ltrans12.ltrans.o
                0x20000014                GPS_scaleLonDown.lto_priv.584
 .data          0x20000018       0x14 /tmp/cclTML6V.ltrans13.ltrans.o
                0x2000001c                geometry.lto_priv.364
 .data          0x2000002c        0x4 /tmp/cclTML6V.ltrans17.ltrans.o
                0x2000002c                q0.lto_priv.411
 .data          0x20000030        0x5 /tmp/cclTML6V.ltrans19.ltrans.o
                0x20000030                hse_value
                0x20000034                standardBoardAlignment.lto_priv.483
 *fill*         0x20000035        0x3 
 .data          0x20000038        0x4 /tmp/cclTML6V.ltrans21.ltrans.o
 .data          0x2000003c        0xc /tmp/cclTML6V.ltrans22.ltrans.o
 .data          0x20000048        0x1 /tmp/cclTML6V.ltrans25.ltrans.o
 *fill*         0x20000049        0x3 
 .data          0x2000004c        0x4 /tmp/cclTML6V.ltrans26.ltrans.o
                0x2000004c                measurement.lto_priv.600
 .data          0x20000050        0xc /tmp/cclTML6V.ltrans30.ltrans.o
 *(.data*)
 .data.GPS_hdop
                0x2000005c        0x2 /tmp/cclTML6V.ltrans5.ltrans.o
                0x2000005c                GPS_hdop
 .data.detectedSensors
                0x2000005e        0x4 /tmp/cclTML6V.ltrans10.ltrans.o
                0x2000005e                detectedSensors
 .data.batteryCellCount
                0x20000062        0x1 /tmp/cclTML6V.ltrans16.ltrans.o
                0x20000062                batteryCellCount
 *fill*         0x20000063        0x1 
 .data.SystemCoreClock
                0x20000064        0x4 /tmp/cclTML6V.ltrans16.ltrans.o
                0x20000064                SystemCoreClock
 .data.cfTasks  0x20000068       0xf0 /tmp/cclTML6V.ltrans16.ltrans.o
                0x20000068                cfTasks
 .data.pid_controller
                0x20000158        0x4 /tmp/cclTML6V.ltrans17.ltrans.o
                0x20000158                pid_controller
 .data.__ctype_ptr__
                0x2000015c        0x4 /usr/lib/gcc/arm-none-eabi/4.9.3/../../../arm-none-eabi/lib/armv7-m/libc_nano.a(lib_a-ctype_.o)
                0x2000015c                __ctype_ptr__
 .data.impure_data
                0x20000160       0x60 /usr/lib/gcc/arm-none-eabi/4.9.3/../../../arm-none-eabi/lib/armv7-m/libc_nano.a(lib_a-impure.o)
 .data._impure_ptr
                0x200001c0        0x4 /usr/lib/gcc/arm-none-eabi/4.9.3/../../../arm-none-eabi/lib/armv7-m/libc_nano.a(lib_a-impure.o)
                0x200001c0                _impure_ptr
 .data.__fdlib_version
                0x200001c4        0x1 /usr/lib/gcc/arm-none-eabi/4.9.3/../../../arm-none-eabi/lib/armv7-m/libm.a(lib_a-s_lib_ver.o)
                0x200001c4                __fdlib_version
                0x200001c8                . = ALIGN (0x4)
 *fill*         0x200001c5        0x3 
                0x200001c8                _edata = .

.igot.plt       0x200001c8        0x0 load address 0x0801e540
 .igot.plt      0x200001c8        0x0 obj/main/NAZE/startup_stm32f10x_md_gcc.o
                0x200001c8                . = ALIGN (0x4)

.bss            0x200001c8     0x3504 load address 0x0801e540
                0x200001c8                _sbss = .
                0x200001c8                __bss_start__ = _sbss
 *(.bss)
 .bss           0x200001c8      0x588 /tmp/cclTML6V.ltrans0.ltrans.o
                0x200001c8                s_it_current.lto_priv.542
                0x200001cc                s_table_number.lto_priv.543
                0x200001d0                s_table.lto_priv.544
                0x20000258                i2cOverClock.lto_priv.602
                0x2000027c                inputFilteringMode.lto_priv.597
                0x20000280                ppmDev
                0x200003ac                servos.lto_priv.599
                0x200003cd                displayPresent.lto_priv.573
                0x200003dc                gpsPacketLog
                0x200003f6                ledStripDMABuffer
                0x20000720                telemetryConfig.lto_priv.441
                0x20000724                portConfig.lto_priv.444
                0x20000728                frskyPortSharing.lto_priv.571
                0x20000729                hottPortSharing.lto_priv.569
                0x2000072c                telemetryConfig.lto_priv.442
                0x20000730                portConfig.lto_priv.446
                0x20000734                smartPortPortSharing.lto_priv.566
                0x2000073c                portConfig.lto_priv.447
                0x20000740                ltmPortSharing.lto_priv.564
                0x20000741                couldBeBusy.lto_priv.591
                0x20000744                tailAddress.lto_priv.549
                0x20000748                s_loop_count.lto_priv.546
                0x2000074c                s_pass_count.lto_priv.545
 .bss           0x20000750      0x3b3 /tmp/cclTML6V.ltrans1.ltrans.o
                0x20000750                pif_act_timer1us
                0x2000076c                gyroLpfCutFreq.lto_priv.541
                0x200007e0                gyroConfig.lto_priv.540
                0x2000083c                imuRuntimeConfig.lto_priv.478
                0x20000864                gyroScale.lto_priv.479
                0x20000874                smallAngleCosZ
                0x20000880                fc_acc
                0x20000884                accDeadband.lto_priv.536
                0x20000888                lookupYawRC
                0x2000089c                rxRefreshRate.lto_priv.458
                0x200008b4                rcControlsConfig.lto_priv.535
                0x200008bc                escAndServoConfig.lto_priv.400
                0x200008c0                throttleAngleScale
                0x200008c4                mixerConfig.lto_priv.481
                0x200008c8                currentMixer.lto_priv.486
                0x2000098c                rxConfig.lto_priv.538
                0x20000990                currentMixerMode.lto_priv.485
                0x200009b4                gimbalConfig.lto_priv.537
                0x200009b8                servoFilterState.lto_priv.482
                0x20000ad8                motorControlEnable
                0x20000adc                blackboxPort.lto_priv.433
                0x20000ae0                blackboxHeaderBudget
                0x20000ae4                blackboxMaxHeaderBytesPerIteration.lto_priv.431
                0x20000ae8                xmitState.lto_priv.429
                0x20000af0                blackboxConditionCache.lto_priv.426
                0x20000af4                vbatReference.lto_priv.422
                0x20000af6                blackboxSlowFrameIterationTimer.lto_priv.430
                0x20000af8                blackboxPFrameIndex.lto_priv.425
                0x20000afc                blackboxIteration.lto_priv.424
                0x20000b00                blackboxModeActivationConditionPresent.lto_priv.423
                0x20000b01                blackboxPortSharing.lto_priv.432
                0x20000b02                blackboxLoggedAnyFrames.lto_priv.428
 *fill*         0x20000b03        0x1 
 .bss           0x20000b04      0x164 /tmp/cclTML6V.ltrans2.ltrans.o
                0x20000b04                printfSerialPort.lto_priv.532
                0x20000b24                servo
                0x20000b34                GPS_ground_course
                0x20000b36                GPS_update
                0x20000b37                GPS_numCh
                0x20000b38                GPS_svinfo_chn
                0x20000b48                GPS_svinfo_svid
                0x20000b58                GPS_svinfo_quality
                0x20000b68                GPS_svinfo_cno
                0x20000b78                debug
                0x20000b80                blackboxState.lto_priv.398
                0x20000be4                pwmIOConfiguration.lto_priv.487
 .bss           0x20000c68      0x1c4 /tmp/cclTML6V.ltrans3.ltrans.o
                0x20000c68                rxMspFrameDone.lto_priv.361
                0x20000c69                ppmFrameCount.lto_priv.598
                0x20000c91                rcSampleIndex.lto_priv.457
                0x20000cdc                rcInvalidPulsPeriod
                0x20000d25                rxFlightChannelsValid.lto_priv.560
                0x20000d40                rxConfig.lto_priv.319
                0x20000d44                deadband3dThrottle.lto_priv.477
                0x20000d48                disarmAt.lto_priv.421
                0x20000d4f                AccInflightCalibrationMeasurementDone
                0x20000d50                AccInflightCalibrationSavetoEEProm
                0x20000d52                calibratingA
                0x20000d54                InflightcalibratingA
                0x20000d56                AccInflightCalibrationActive
                0x20000d58                adjustmentStates
                0x20000d8c                escAndServoConfig.lto_priv.358
                0x20000d90                magHold
                0x20000d92                headFreeModeHold
                0x20000d94                nav_mode
                0x20000d98                gpsProfile.lto_priv.404
                0x20000d9c                GPS_hold
                0x20000da6                nav_rated.lto_priv.406
                0x20000daa                nav.lto_priv.405
                0x20000dd8                poshold_ratePID.lto_priv.575
                0x20000e00                navPID.lto_priv.576
                0x20000e28                isRXDataNew.lto_priv.408
                0x20000e29                haveProcessedAnnexCodeOnce.lto_priv.397
                0x20000e2a                initialThrottleHold.lto_priv.407
 .bss           0x20000e2c       0x35 /tmp/cclTML6V.ltrans4.ltrans.o
 *fill*         0x20000e61        0x3 
 .bss           0x20000e64       0xf0 /tmp/cclTML6V.ltrans5.ltrans.o
                0x20000e64                frskyTelemetryEnabled.lto_priv.572
                0x20000e6e                accSmooth
                0x20000e74                vario
                0x20000e78                BaroAlt
                0x20000e7c                baroTemperature
                0x20000e84                telemetryConfig.lto_priv.293
                0x20000e88                amperage
                0x20000e8c                GPS_speed
                0x20000e8e                GPS_altitude
                0x20000e90                GPS_numSat
                0x20000e94                GPS_coord
                0x20000e9c                hottTelemetryEnabled.lto_priv.570
                0x20000ea4                hottEAMMessage.lto_priv.448
                0x20000ed4                telemetryConfig.lto_priv.294
                0x20000ed8                hottGPSMessage.lto_priv.449
                0x20000f04                GPS_distanceToHome
                0x20000f06                GPS_directionToHome
                0x20000f10                hottPort.lto_priv.563
                0x20000f20                portConfig.lto_priv.445
                0x20000f26                smartPortTelemetryEnabled.lto_priv.567
                0x20000f28                smartPortSerialPort.lto_priv.562
                0x20000f2c                smartPortState
                0x20000f30                smartPortLastRequestTime.lto_priv.568
                0x20000f36                ltmEnabled.lto_priv.565
                0x20000f38                ltmPort.lto_priv.561
                0x20000f44                EstAlt.lto_priv.309
                0x20000f48                rssi
                0x20000f4c                GPS_home
 .bss           0x20000f54      0x6c4 /tmp/cclTML6V.ltrans6.ltrans.o
 .bss           0x20001618       0xa0 /tmp/cclTML6V.ltrans7.ltrans.o
                0x20001618                ledStripInitialised.lto_priv.450
                0x2000161a                ledColorBuffer.lto_priv.451
                0x200016a8                ledCount
                0x200016ac                rxSignalReceived.lto_priv.314
                0x200016b4                highestYValueForNorth
                0x200016b5                lowestXValueForEast
                0x200016b6                lowestYValueForSouth
                0x200016b7                highestXValueForWest
 .bss           0x200016b8       0x38 /tmp/cclTML6V.ltrans8.ltrans.o
                0x200016d8                s_task_stack_ptr.lto_priv.547
                0x200016dc                s_task_stack.lto_priv.548
 .bss           0x200016f0        0x9 /tmp/cclTML6V.ltrans9.ltrans.o
                0x200016f0                colors
                0x200016f4                ledConfigs
                0x200016f8                serialPortCount.lto_priv.365
 *fill*         0x200016f9        0x3 
 .bss           0x200016fc      0x128 /tmp/cclTML6V.ltrans10.ltrans.o
                0x200016fc                rxRuntimeConfigPtr.lto_priv.344
                0x20001700                rxRuntimeConfig
                0x20001701                spek_chan_shift.lto_priv.343
                0x20001702                spek_chan_mask.lto_priv.345
                0x20001703                spekHiRes.lto_priv.234
                0x20001704                acc
                0x20001710                gyro
                0x20001724                mpuDetectionResult
                0x20001728                mpuConfiguration
                0x20001734                mpuIntExtiConfig.lto_priv.609
                0x20001739                gyroAlign
                0x2000173a                useFifo.lto_priv.610
                0x2000173c                ms5611_c.lto_priv.606
                0x20001750                bmp085.lto_priv.607
                0x20001774                baro
                0x2000178c                extiHandlerConfigs.lto_priv.269
                0x200017a8                bmp280_cal.lto_priv.605
                0x200017c4                enabledSensors.lto_priv.237
                0x200017c8                mpuDividerDrops
                0x200017cc                targetLooptime
                0x200017d0                hmc5883Config.lto_priv.601
                0x200017d4                mag
                0x200017dc                magneticDeclination
                0x200017e0                serialConfig.lto_priv.264
                0x200017e4                findSharedSerialPortState.lto_priv.313
                0x200017e8                serialPortUsageList.lto_priv.263
 .bss           0x20001824        0x7 /tmp/cclTML6V.ltrans11.ltrans.o
 *fill*         0x2000182b        0x1 
 .bss           0x2000182c      0x242 /tmp/cclTML6V.ltrans12.ltrans.o
                0x20001a10                GPS_WP.lto_priv.578
                0x20001a18                wp_distance.lto_priv.579
                0x20001a1c                target_bearing.lto_priv.580
                0x20001a20                error.lto_priv.585
                0x20001a28                posholdPID_PARAM.lto_priv.586
                0x20001a38                poshold_ratePID_PARAM.lto_priv.587
                0x20001a4c                waypoint_speed_gov.lto_priv.583
                0x20001a50                original_target_bearing.lto_priv.582
                0x20001a58                nav_bearing.lto_priv.581
                0x20001a5c                navPID_PARAM.lto_priv.588
                0x20001a6c                nav_takeoff_bearing.lto_priv.589
 *fill*         0x20001a6e        0x2 
 .bss           0x20001a70       0x8a /tmp/cclTML6V.ltrans13.ltrans.o
                0x20001a70                cliPort.lto_priv.368
                0x20001a74                currentControlRateProfile
                0x20001a78                motor_disarmed
                0x20001a90                gpsPort.lto_priv.311
                0x20001a94                pageState.lto_priv.316
                0x20001aa8                cliBuffer.lto_priv.370
                0x20001ad8                bufferIndex.lto_priv.369
                0x20001adc                servoConf.lto_priv.270
                0x20001ae0                currentProfile
                0x20001ae4                beep_multiBeeps.lto_priv.265
 .bss           0x20001afa      0x600 /tmp/cclTML6V.ltrans14.ltrans.o
 *fill*         0x200020fa        0x2 
 .bss           0x200020fc      0x120 /tmp/cclTML6V.ltrans15.ltrans.o
                0x20002120                uartPort3.lto_priv.593
                0x20002174                uartPort2.lto_priv.594
                0x200021c8                uartPort1.lto_priv.595
 .bss           0x2000221c      0x240 /tmp/cclTML6V.ltrans16.ltrans.o
                0x2000221c                spekChannelData.lto_priv.346
                0x2000224c                sumhChannels.lto_priv.332
                0x2000226c                sumdChannels.lto_priv.337
                0x2000228c                sbusChannelData.lto_priv.340
                0x200022d4                mspFrame.lto_priv.360
                0x200022f8                captures.lto_priv.325
                0x20002315                spekFrame.lto_priv.342
                0x20002325                rcFrameComplete.lto_priv.341
                0x20002331                sumhFrame.lto_priv.331
                0x20002346                sumhFrameDone.lto_priv.330
                0x2000234d                sumdFrameDone.lto_priv.333
                0x2000234e                crc.lto_priv.334
                0x20002350                sumdChannelCount.lto_priv.335
                0x20002351                sumd.lto_priv.336
                0x2000237d                sbusFrame.lto_priv.339
                0x20002396                sbusFrameDone.lto_priv.338
                0x20002397                xBusChannelCount.lto_priv.468
                0x20002398                xBusFrameReceived.lto_priv.329
                0x2000239c                rxConfig.lto_priv.320
                0x200023a0                suspendRxSignalUntil.lto_priv.323
                0x200023a4                skipRxSamples.lto_priv.322
                0x200023a8                sysTickUptime.lto_priv.268
                0x200023ac                failsafeState.lto_priv.291
                0x200023d0                warningLedState.lto_priv.266
                0x200023d4                warningLedTimer.lto_priv.409
                0x200023d8                flightModeFlags
                0x200023dc                rcModeActivationMask
                0x200023e0                activeBoxIdCount.lto_priv.362
                0x200023e1                activeBoxIds.lto_priv.363
                0x20002400                currentPort.lto_priv.355
                0x20002404                writer.lto_priv.356
                0x20002408                mspSerialPort.lto_priv.357
                0x2000240c                cliWriter.lto_priv.238
                0x20002410                currentControlRateProfileIndex.lto_priv.239
                0x20002414                pif_performance
                0x2000241c                batteryState.lto_priv.292
                0x2000241e                i2cErrorCount.lto_priv.367
                0x20002420                s_tasks.lto_priv.434
                0x20002438                g_timer_1ms
 .bss           0x2000245c      0x1f0 /tmp/cclTML6V.ltrans17.ltrans.o
                0x2000245c                usTicks.lto_priv.498
                0x20002462                lookupThrottleRC
                0x2000247a                lookupPitchRollRC
                0x20002488                dmaHandlers.lto_priv.452
                0x20002498                pif_cumulative_timer1ms
                0x200024a0                beeperIsOn.lto_priv.352
                0x200024a4                beeperNextToggleTime.lto_priv.351
                0x200024a8                beeperPos.lto_priv.353
                0x200024ac                currentBeeperEntry.lto_priv.350
                0x200024b0                motor
                0x200024c8                motors.lto_priv.488
                0x200024f8                motorCount
                0x200024fc                timerConfig
                0x2000259c                flight3DConfig.lto_priv.399
                0x200025a0                escAndServoConfig.lto_priv.401
                0x200025a4                servoRuleCount.lto_priv.403
                0x200025a5                currentServoMixer.lto_priv.402
                0x20002618                customServoMixers.lto_priv.495
                0x2000261c                q1.lto_priv.412
                0x20002620                q2.lto_priv.413
                0x20002624                q3.lto_priv.414
                0x20002628                rMat.lto_priv.310
 .bss           0x2000264c      0x1a4 /tmp/cclTML6V.ltrans18.ltrans.o
                0x2000265c                barometerConfig.lto_priv.307
                0x20002738                pif_timer1us
                0x20002750                sonarMaxTiltCos
                0x20002754                calculatedAltitude.lto_priv.366
                0x20002758                sonarCfAltCm
                0x20002760                sonarMaxAltWithTiltCm
                0x20002764                accSumCount
                0x20002768                accSum
                0x20002774                accVelScale
                0x20002778                barometerConfig.lto_priv.308
                0x20002784                AltHold
                0x20002788                pidProfile.lto_priv.533
                0x2000278c                errorVelocityI
                0x20002790                altHoldThrottleAdjustment
                0x20002794                velocityControl
                0x20002798                lastMeasurementAt.lto_priv.454
                0x2000279c                sonarHardware.lto_priv.453
                0x200027a8                magADC
                0x200027c4                magInit.lto_priv.480
                0x200027c8                gpsData
                0x200027e8                gpsConfig.lto_priv.455
 .bss           0x200027f0      0x11a /tmp/cclTML6V.ltrans19.ltrans.o
                0x200027f0                ibusChannelData.lto_priv.328
                0x20002818                xBusChannelData.lto_priv.233
                0x20002835                ibus.lto_priv.327
                0x20002855                ibusFrameDone.lto_priv.326
                0x20002860                xBusFramePosition.lto_priv.466
                0x20002861                xBusDataIncoming.lto_priv.465
                0x20002862                xBusFrame.lto_priv.232
                0x20002883                xBusFrameLength.lto_priv.467
                0x20002884                xBusProvider.lto_priv.469
                0x20002888                pidProfile.lto_priv.315
                0x2000288c                activeFeaturesLatch.lto_priv.235
                0x2000289c                boardRotation.lto_priv.484
                0x200028c0                batteryConfig
                0x200028c4                mAhDrawn
                0x200028c8                adcConfig
                0x200028d8                adcValues
                0x200028e0                vbatLatestADC
                0x200028e4                vbatFilterState.lto_priv.440
                0x20002908                vbat
 *fill*         0x2000290a        0x2 
 .bss           0x2000290c       0x40 /tmp/cclTML6V.ltrans20.ltrans.o
                0x20002930                GPS_packetCount
                0x20002938                GPS_svInfoReceivedCount
                0x20002944                GPS_garbageByteCount
 .bss           0x2000294c        0x5 /tmp/cclTML6V.ltrans22.ltrans.o
                0x2000294c                I2Cx.lto_priv.603
                0x20002950                I2Cx_index.lto_priv.604
 *fill*         0x20002951        0x3 
 .bss           0x20002954      0x15c /tmp/cclTML6V.ltrans23.ltrans.o
                0x20002954                rcCommand
                0x2000295c                attitude
                0x20002964                gyroADC
                0x20002970                PIDweight
                0x20002974                errorGyroI.lto_priv.317
                0x20002980                stateFlags
                0x20002981                motorLimitReached
                0x200029b4                axisPID
                0x200029bc                axisPID_P
                0x200029c8                axisPID_I
                0x200029d4                axisPID_D
                0x200029e0                deltaFilterState.lto_priv.289
                0x20002a4c                errorAngleI.lto_priv.290
                0x20002a54                dynP8
                0x20002a6c                dynD8
                0x20002a70                errorGyroIf.lto_priv.318
                0x20002a7c                dT
 .bss           0x20002ab0       0xaa /tmp/cclTML6V.ltrans24.ltrans.o
                0x20002ad8                bufferHead.lto_priv.553
                0x20002ad9                bufferTail.lto_priv.590
                0x20002ada                flashWriteBuffer.lto_priv.554
 *fill*         0x20002b5a        0x2 
 .bss           0x20002b5c      0x904 /tmp/cclTML6V.ltrans25.ltrans.o
                0x20002b5c                string.8900.lto_priv.577
                0x20002b6c                rcData
                0x20002b90                mspPorts.lto_priv.236
                0x20002c28                pif_datetime
                0x20002c44                pif_timer1ms
                0x20002c48                masterConfig
 .bss           0x20003460       0x21 /tmp/cclTML6V.ltrans26.ltrans.o
 *fill*         0x20003481        0x3 
 .bss           0x20003484      0x19d /tmp/cclTML6V.ltrans27.ltrans.o
                0x20003484                gpsHistory.lto_priv.555
                0x20003498                blackboxHistory.lto_priv.557
                0x200034a4                blackboxHistoryRing.lto_priv.558
                0x20003618                blackboxIFrameIndex.lto_priv.556
                0x2000361c                blackboxLastArmingBeep.lto_priv.559
                0x20003620                systemState.lto_priv.435
 *fill*         0x20003621        0x7 
 .bss           0x20003628       0x24 /tmp/cclTML6V.ltrans28.ltrans.o
                0x2000362c                batteryWarningVoltage
                0x2000362e                batteryCriticalVoltage
                0x20003638                amperageLatestADC
                0x20003648                armingBeepTimeMicros.lto_priv.427
 .bss           0x2000364c       0x35 /tmp/cclTML6V.ltrans29.ltrans.o
                0x2000364c                accADC
                0x20003658                accelerationTrims.lto_priv.539
                0x20003680                isAccelUpdatedAtLeastOnce.lto_priv.410
 *fill*         0x20003681        0x3 
 .bss           0x20003684       0x14 /tmp/cclTML6V.ltrans30.ltrans.o
                0x20003694                failsafeConfig.lto_priv.321
 *(SORT(.bss*))
 .bss.pif_log_flag
                0x20003698        0x4 /tmp/cclTML6V.ltrans8.ltrans.o
 .bss.systemBeepPtr
                0x2000369c        0x4 /tmp/cclTML6V.ltrans17.ltrans.o
                0x2000369c                systemBeepPtr
 .bss.accTimeSum
                0x200036a0        0x4 /tmp/cclTML6V.ltrans18.ltrans.o
                0x200036a0                accTimeSum
 .bss.setVelocity
                0x200036a4        0x4 /tmp/cclTML6V.ltrans18.ltrans.o
                0x200036a4                setVelocity
 .bss.__malloc_sbrk_start
                0x200036a8        0x4 /usr/lib/gcc/arm-none-eabi/4.9.3/../../../arm-none-eabi/lib/armv7-m/libc_nano.a(lib_a-nano-mallocr.o)
                0x200036a8                __malloc_sbrk_start
 .bss.__malloc_free_list
                0x200036ac        0x4 /usr/lib/gcc/arm-none-eabi/4.9.3/../../../arm-none-eabi/lib/armv7-m/libc_nano.a(lib_a-nano-mallocr.o)
                0x200036ac                __malloc_free_list
 .bss.heap_end.4079
                0x200036b0        0x4 /usr/lib/gcc/arm-none-eabi/4.9.3/../../../arm-none-eabi/lib/armv7-m/libnosys.a(sbrk.o)
 .bss.calibratingG
                0x200036b4        0x2 /tmp/cclTML6V.ltrans3.ltrans.o
                0x200036b4                calibratingG
 .bss.cycleTime
                0x200036b6        0x2 /tmp/cclTML6V.ltrans16.ltrans.o
                0x200036b6                cycleTime
 .bss.calibratingB
                0x200036b8        0x2 /tmp/cclTML6V.ltrans18.ltrans.o
                0x200036b8                calibratingB
 .bss.GPS_angle
                0x200036ba        0x4 /tmp/cclTML6V.ltrans23.ltrans.o
                0x200036ba                GPS_angle
 .bss.pif_error
                0x200036be        0x1 /tmp/cclTML6V.ltrans0.ltrans.o
                0x200036be                pif_error
 .bss.ws2811LedDataTransferInProgress
                0x200036bf        0x1 /tmp/cclTML6V.ltrans7.ltrans.o
                0x200036bf                ws2811LedDataTransferInProgress
 .bss.accAlign  0x200036c0        0x1 /tmp/cclTML6V.ltrans10.ltrans.o
                0x200036c0                accAlign
 .bss.hardwareRevision
                0x200036c1        0x1 /tmp/cclTML6V.ltrans10.ltrans.o
                0x200036c1                hardwareRevision
 .bss.magAlign  0x200036c2        0x1 /tmp/cclTML6V.ltrans10.ltrans.o
                0x200036c2                magAlign
 .bss.cliMode   0x200036c3        0x1 /tmp/cclTML6V.ltrans13.ltrans.o
                0x200036c3                cliMode
 .bss.armingFlags
                0x200036c4        0x1 /tmp/cclTML6V.ltrans16.ltrans.o
                0x200036c4                armingFlags
 .bss.CHAR_FORMAT
                0x200036c5        0x1 /tmp/cclTML6V.ltrans22.ltrans.o
 *(COMMON)
 *fill*         0x200036c6        0x2 
 COMMON         0x200036c8        0x4 /usr/lib/gcc/arm-none-eabi/4.9.3/../../../arm-none-eabi/lib/armv7-m/libc_nano.a(lib_a-reent.o)
                0x200036c8                errno
                0x200036cc                . = ALIGN (0x4)
                0x200036cc                _ebss = .
                0x200036cc                __bss_end__ = _ebss

._user_heap_stack
                0x200036cc      0x400 load address 0x0801e540
                0x200036cc                . = ALIGN (0x4)
                0x200036cc                PROVIDE (end, .)
                [!provide]                PROVIDE (_end, .)
                0x200036cc                . = (. + _Min_Heap_Size)
                0x20003acc                . = (. + _Min_Stack_Size)
 *fill*         0x200036cc      0x400 
                0x20003acc                . = ALIGN (0x4)

.memory_b1_text
 *(.mb1text)
 *(.mb1text*)
 *(.mb1rodata)
 *(.mb1rodata*)

/DISCARD/
 libc.a(*)
 libm.a(*)
 libgcc.a(*)

.ARM.attributes
                0x00000000       0x2f
 *(.ARM.attributes)
 .ARM.attributes
                0x00000000       0x21 obj/main/NAZE/startup_stm32f10x_md_gcc.o
 .ARM.attributes
                0x00000021       0x31 /tmp/cclTML6V.ltrans0.ltrans.o
 .ARM.attributes
                0x00000052       0x31 /tmp/cclTML6V.ltrans1.ltrans.o
 .ARM.attributes
                0x00000083       0x31 /tmp/cclTML6V.ltrans2.ltrans.o
 .ARM.attributes
                0x000000b4       0x31 /tmp/cclTML6V.ltrans3.ltrans.o
 .ARM.attributes
                0x000000e5       0x31 /tmp/cclTML6V.ltrans4.ltrans.o
 .ARM.attributes
                0x00000116       0x31 /tmp/cclTML6V.ltrans5.ltrans.o
 .ARM.attributes
                0x00000147       0x31 /tmp/cclTML6V.ltrans6.ltrans.o
 .ARM.attributes
                0x00000178       0x31 /tmp/cclTML6V.ltrans7.ltrans.o
 .ARM.attributes
                0x000001a9       0x31 /tmp/cclTML6V.ltrans8.ltrans.o
 .ARM.attributes
                0x000001da       0x31 /tmp/cclTML6V.ltrans9.ltrans.o
 .ARM.attributes
                0x0000020b       0x31 /tmp/cclTML6V.ltrans10.ltrans.o
 .ARM.attributes
                0x0000023c       0x31 /tmp/cclTML6V.ltrans11.ltrans.o
 .ARM.attributes
                0x0000026d       0x31 /tmp/cclTML6V.ltrans12.ltrans.o
 .ARM.attributes
                0x0000029e       0x31 /tmp/cclTML6V.ltrans13.ltrans.o
 .ARM.attributes
                0x000002cf       0x31 /tmp/cclTML6V.ltrans14.ltrans.o
 .ARM.attributes
                0x00000300       0x31 /tmp/cclTML6V.ltrans15.ltrans.o
 .ARM.attributes
                0x00000331       0x31 /tmp/cclTML6V.ltrans16.ltrans.o
 .ARM.attributes
                0x00000362       0x31 /tmp/cclTML6V.ltrans17.ltrans.o
 .ARM.attributes
                0x00000393       0x31 /tmp/cclTML6V.ltrans18.ltrans.o
 .ARM.attributes
                0x000003c4       0x31 /tmp/cclTML6V.ltrans19.ltrans.o
 .ARM.attributes
                0x000003f5       0x31 /tmp/cclTML6V.ltrans20.ltrans.o
 .ARM.attributes
                0x00000426       0x31 /tmp/cclTML6V.ltrans21.ltrans.o
 .ARM.attributes
                0x00000457       0x31 /tmp/cclTML6V.ltrans22.ltrans.o
 .ARM.attributes
                0x00000488       0x31 /tmp/cclTML6V.ltrans23.ltrans.o
 .ARM.attributes
                0x000004b9       0x31 /tmp/cclTML6V.ltrans24.ltrans.o
 .ARM.attributes
                0x000004ea       0x31 /tmp/cclTML6V.ltrans25.ltrans.o
 .ARM.attributes
                0x0000051b       0x31 /tmp/cclTML6V.ltrans26.ltrans.o
 .ARM.attributes
                0x0000054c       0x31 /tmp/cclTML6V.ltrans27.ltrans.o
 .ARM.attributes
                0x0000057d       0x31 /tmp/cclTML6V.ltrans28.ltrans.o
 .ARM.attributes
                0x000005ae       0x31 /tmp/cclTML6V.ltrans29.ltrans.o
 .ARM.attributes
                0x000005df       0x31 /tmp/cclTML6V.ltrans30.ltrans.o
 .ARM.attributes
                0x00000610       0x2d /usr/lib/gcc/arm-none-eabi/4.9.3/../../../arm-none-eabi/lib/armv7-m/libc_nano.a(lib_a-atoi.o)
 .ARM.attributes
                0x0000063d       0x2d /usr/lib/gcc/arm-none-eabi/4.9.3/../../../arm-none-eabi/lib/armv7-m/libc_nano.a(lib_a-ctype_.o)
 .ARM.attributes