Archive member included to satisfy reference by file (symbol)

/usr/lib/gcc/arm-none-eabi/4.9.3/../../../arm-none-eabi/lib/armv7-m/libc_nano.a(lib_a-atoi.o)
                              obj/main/NAZE/io/serial_cli.o (symbol from plugin) (atoi)
/usr/lib/gcc/arm-none-eabi/4.9.3/../../../arm-none-eabi/lib/armv7-m/libc_nano.a(lib_a-ctype_.o)
                              obj/main/NAZE/flight/gps_conversion.o (symbol from plugin) (__ctype_ptr__)
/usr/lib/gcc/arm-none-eabi/4.9.3/../../../arm-none-eabi/lib/armv7-m/libc_nano.a(lib_a-strtok.o)
                              obj/main/NAZE/io/serial_cli.o (symbol from plugin) (strtok)
/usr/lib/gcc/arm-none-eabi/4.9.3/../../../arm-none-eabi/lib/armv7-m/libc_nano.a(lib_a-strtok_r.o)
                              /usr/lib/gcc/arm-none-eabi/4.9.3/../../../arm-none-eabi/lib/armv7-m/libc_nano.a(lib_a-strtok.o) (__strtok_r)
/usr/lib/gcc/arm-none-eabi/4.9.3/../../../arm-none-eabi/lib/armv7-m/libc_nano.a(lib_a-strtol.o)
                              /usr/lib/gcc/arm-none-eabi/4.9.3/../../../arm-none-eabi/lib/armv7-m/libc_nano.a(lib_a-atoi.o) (_strtol_r)
/usr/lib/gcc/arm-none-eabi/4.9.3/../../../arm-none-eabi/lib/armv7-m/libc_nano.a(lib_a-impure.o)
                              /usr/lib/gcc/arm-none-eabi/4.9.3/../../../arm-none-eabi/lib/armv7-m/libc_nano.a(lib_a-strtok.o) (_impure_ptr)
/usr/lib/gcc/arm-none-eabi/4.9.3/../../../arm-none-eabi/lib/armv7-m/libc_nano.a(lib_a-malloc.o)
                              /usr/lib/gcc/arm-none-eabi/4.9.3/../../../arm-none-eabi/lib/armv7-m/libc_nano.a(lib_a-strtok.o) (malloc)
/usr/lib/gcc/arm-none-eabi/4.9.3/../../../arm-none-eabi/lib/armv7-m/libc_nano.a(lib_a-nano-freer.o)
                              /usr/lib/gcc/arm-none-eabi/4.9.3/../../../arm-none-eabi/lib/armv7-m/libc_nano.a(lib_a-malloc.o) (_free_r)
/usr/lib/gcc/arm-none-eabi/4.9.3/../../../arm-none-eabi/lib/armv7-m/libc_nano.a(lib_a-nano-mallocr.o)
                              /usr/lib/gcc/arm-none-eabi/4.9.3/../../../arm-none-eabi/lib/armv7-m/libc_nano.a(lib_a-malloc.o) (_malloc_r)
/usr/lib/gcc/arm-none-eabi/4.9.3/../../../arm-none-eabi/lib/armv7-m/libc_nano.a(lib_a-sbrkr.o)
                              /usr/lib/gcc/arm-none-eabi/4.9.3/../../../arm-none-eabi/lib/armv7-m/libc_nano.a(lib_a-nano-mallocr.o) (_sbrk_r)
/usr/lib/gcc/arm-none-eabi/4.9.3/../../../arm-none-eabi/lib/armv7-m/libc_nano.a(lib_a-reent.o)
                              /usr/lib/gcc/arm-none-eabi/4.9.3/../../../arm-none-eabi/lib/armv7-m/libc_nano.a(lib_a-sbrkr.o) (errno)
/usr/lib/gcc/arm-none-eabi/4.9.3/../../../arm-none-eabi/lib/armv7-m/libnosys.a(sbrk.o)
                              /usr/lib/gcc/arm-none-eabi/4.9.3/../../../arm-none-eabi/lib/armv7-m/libc_nano.a(lib_a-sbrkr.o) (_sbrk)
/usr/lib/gcc/arm-none-eabi/4.9.3/../../../arm-none-eabi/lib/armv7-m/libm.a(lib_a-sf_lrint.o)
                              /tmp/ccxtdRyp.ltrans1.ltrans.o (lrintf)
/usr/lib/gcc/arm-none-eabi/4.9.3/../../../arm-none-eabi/lib/armv7-m/libm.a(lib_a-wf_pow.o)
                              /tmp/ccxtdRyp.ltrans21.ltrans.o (powf)
/usr/lib/gcc/arm-none-eabi/4.9.3/../../../arm-none-eabi/lib/armv7-m/libm.a(lib_a-wf_sqrt.o)
                              /tmp/ccxtdRyp.ltrans1.ltrans.o (sqrtf)
/usr/lib/gcc/arm-none-eabi/4.9.3/../../../arm-none-eabi/lib/armv7-m/libm.a(lib_a-ef_pow.o)
                              /usr/lib/gcc/arm-none-eabi/4.9.3/../../../arm-none-eabi/lib/armv7-m/libm.a(lib_a-wf_pow.o) (__ieee754_powf)
/usr/lib/gcc/arm-none-eabi/4.9.3/../../../arm-none-eabi/lib/armv7-m/libm.a(lib_a-ef_sqrt.o)
                              /usr/lib/gcc/arm-none-eabi/4.9.3/../../../arm-none-eabi/lib/armv7-m/libm.a(lib_a-wf_sqrt.o) (__ieee754_sqrtf)
/usr/lib/gcc/arm-none-eabi/4.9.3/../../../arm-none-eabi/lib/armv7-m/libm.a(lib_a-s_lib_ver.o)
                              /usr/lib/gcc/arm-none-eabi/4.9.3/../../../arm-none-eabi/lib/armv7-m/libm.a(lib_a-wf_pow.o) (__fdlib_version)
/usr/lib/gcc/arm-none-eabi/4.9.3/../../../arm-none-eabi/lib/armv7-m/libm.a(lib_a-s_matherr.o)
                              /usr/lib/gcc/arm-none-eabi/4.9.3/../../../arm-none-eabi/lib/armv7-m/libm.a(lib_a-wf_pow.o) (matherr)
/usr/lib/gcc/arm-none-eabi/4.9.3/../../../arm-none-eabi/lib/armv7-m/libm.a(lib_a-s_rint.o)
                              /usr/lib/gcc/arm-none-eabi/4.9.3/../../../arm-none-eabi/lib/armv7-m/libm.a(lib_a-wf_pow.o) (rint)
/usr/lib/gcc/arm-none-eabi/4.9.3/../../../arm-none-eabi/lib/armv7-m/libm.a(lib_a-sf_fabs.o)
                              /usr/lib/gcc/arm-none-eabi/4.9.3/../../../arm-none-eabi/lib/armv7-m/libm.a(lib_a-ef_pow.o) (fabsf)
/usr/lib/gcc/arm-none-eabi/4.9.3/../../../arm-none-eabi/lib/armv7-m/libm.a(lib_a-sf_finite.o)
                              /usr/lib/gcc/arm-none-eabi/4.9.3/../../../arm-none-eabi/lib/armv7-m/libm.a(lib_a-wf_pow.o) (finitef)
/usr/lib/gcc/arm-none-eabi/4.9.3/../../../arm-none-eabi/lib/armv7-m/libm.a(lib_a-sf_fpclassify.o)
[...]
Memory Configuration

Name             Origin             Length             Attributes
FLASH            0x08000000         0x0001f000         xr
RAM              0x20000000         0x00005000         xrw
MEMORY_B1        0x60000000         0x00000000         xr
*default*        0x00000000         0xffffffff

Linker script and memory map

LOAD obj/main/NAZE/startup_stm32f10x_md_gcc.o
LOAD obj/main/NAZE/drivers/accgyro_mpu.o
LOAD /tmp/ccxtdRyp.ltrans0.ltrans.o
LOAD /tmp/ccxtdRyp.ltrans1.ltrans.o
LOAD /tmp/ccxtdRyp.ltrans2.ltrans.o
LOAD /tmp/ccxtdRyp.ltrans3.ltrans.o
LOAD /tmp/ccxtdRyp.ltrans4.ltrans.o
LOAD /tmp/ccxtdRyp.ltrans5.ltrans.o
LOAD /tmp/ccxtdRyp.ltrans6.ltrans.o
LOAD /tmp/ccxtdRyp.ltrans7.ltrans.o
LOAD /tmp/ccxtdRyp.ltrans8.ltrans.o
LOAD /tmp/ccxtdRyp.ltrans9.ltrans.o
LOAD /tmp/ccxtdRyp.ltrans10.ltrans.o
LOAD /tmp/ccxtdRyp.ltrans11.ltrans.o
LOAD /tmp/ccxtdRyp.ltrans12.ltrans.o
LOAD /tmp/ccxtdRyp.ltrans13.ltrans.o
LOAD /tmp/ccxtdRyp.ltrans14.ltrans.o
LOAD /tmp/ccxtdRyp.ltrans15.ltrans.o
LOAD /tmp/ccxtdRyp.ltrans16.ltrans.o
LOAD /tmp/ccxtdRyp.ltrans17.ltrans.o
LOAD /tmp/ccxtdRyp.ltrans18.ltrans.o
LOAD /tmp/ccxtdRyp.ltrans19.ltrans.o
LOAD /tmp/ccxtdRyp.ltrans20.ltrans.o
LOAD /tmp/ccxtdRyp.ltrans21.ltrans.o
LOAD /tmp/ccxtdRyp.ltrans22.ltrans.o
LOAD /tmp/ccxtdRyp.ltrans23.ltrans.o
LOAD /tmp/ccxtdRyp.ltrans24.ltrans.o
LOAD /tmp/ccxtdRyp.ltrans25.ltrans.o
LOAD /tmp/ccxtdRyp.ltrans26.ltrans.o
LOAD /tmp/ccxtdRyp.ltrans27.ltrans.o
LOAD /tmp/ccxtdRyp.ltrans28.ltrans.o
LOAD /tmp/ccxtdRyp.ltrans29.ltrans.o
LOAD obj/main/NAZE/drivers/accgyro_mpu3050.o
LOAD obj/main/NAZE/drivers/accgyro_mpu6050.o
LOAD obj/main/NAZE/drivers/accgyro_mpu6500.o
LOAD obj/main/NAZE/drivers/adc.o
LOAD obj/main/NAZE/drivers/adc_stm32f10x.o
LOAD obj/main/NAZE/drivers/barometer_bmp280.o
LOAD obj/main/NAZE/drivers/bus_spi.o
LOAD obj/main/NAZE/drivers/bus_i2c_stm32f10x.o
LOAD obj/main/NAZE/drivers/compass_hmc5883l.o
LOAD obj/main/NAZE/drivers/display_ug2864hsweg01.o
LOAD obj/main/NAZE/drivers/flash_m25p16.o
LOAD obj/main/NAZE/drivers/gpio_stm32f10x.o
LOAD obj/main/NAZE/drivers/inverter.o
LOAD obj/main/NAZE/drivers/light_led_stm32f10x.o
LOAD obj/main/NAZE/drivers/light_ws2811strip.o
LOAD obj/main/NAZE/drivers/light_ws2811strip_stm32f10x.o
LOAD obj/main/NAZE/drivers/sonar_hcsr04.o
LOAD obj/main/NAZE/drivers/pwm_mapping.o
LOAD obj/main/NAZE/drivers/pwm_output.o
LOAD obj/main/NAZE/drivers/pwm_rx.o
LOAD obj/main/NAZE/drivers/serial_softserial.o
LOAD obj/main/NAZE/drivers/serial_uart.o
LOAD obj/main/NAZE/drivers/serial_uart_stm32f10x.o
LOAD obj/main/NAZE/drivers/sound_beeper_stm32f10x.o
LOAD obj/main/NAZE/drivers/system_stm32f10x.o
LOAD obj/main/NAZE/drivers/timer.o
LOAD obj/main/NAZE/drivers/timer_stm32f10x.o
LOAD obj/main/NAZE/io/flashfs.o
LOAD obj/main/NAZE/hardware_revision.o
LOAD obj/main/NAZE/flight/gtune.o
LOAD obj/main/NAZE/flight/navigation.o
LOAD obj/main/NAZE/flight/gps_conversion.o
LOAD obj/main/NAZE/common/colorconversion.o
LOAD obj/main/NAZE/io/gps.o
LOAD obj/main/NAZE/io/ledstrip.o
LOAD obj/main/NAZE/io/display.o
LOAD obj/main/NAZE/telemetry/telemetry.o
LOAD obj/main/NAZE/telemetry/frsky.o
LOAD obj/main/NAZE/telemetry/hott.o
LOAD obj/main/NAZE/telemetry/smartport.o
LOAD obj/main/NAZE/telemetry/ltm.o
LOAD obj/main/NAZE/sensors/sonar.o
LOAD obj/main/NAZE/sensors/barometer.o
LOAD obj/main/NAZE/blackbox/blackbox.o
LOAD obj/main/NAZE/blackbox/blackbox_io.o
LOAD obj/main/NAZE/pif/source/core/pif.o
LOAD obj/main/NAZE/pif/source/core/pif_comm.o
LOAD obj/main/NAZE/pif/source/core/pif_i2c.o
LOAD obj/main/NAZE/pif/source/core/pif_list.o
LOAD obj/main/NAZE/pif/source/core/pif_log.o
LOAD obj/main/NAZE/pif/source/core/pif_ring_buffer.o
LOAD obj/main/NAZE/pif/source/core/pif_task.o
LOAD obj/main/NAZE/pif/source/core/pif_timer.o
LOAD obj/main/NAZE/pif/source/sensor/pif_hc_sr04.o
LOAD obj/main/NAZE/pif/source/sensor/pif_hmc5883.o
LOAD obj/main/NAZE/pif/source/sensor/pif_imu_sensor.o
LOAD obj/main/NAZE/pif/source/sensor/pif_mpu30x0.o
LOAD obj/main/NAZE/pif/source/sensor/pif_mpu60x0.o
LOAD obj/main/NAZE/pif/source/sensor/pif_mpu6500.o
LOAD obj/main/NAZE/pif/source/sensor/pif_bmp280.o
LOAD obj/main/NAZE/build_config.o
LOAD obj/main/NAZE/debug.o
LOAD obj/main/NAZE/version.o
LOAD obj/main/NAZE/config/config.o
LOAD obj/main/NAZE/config/runtime_config.o
LOAD obj/main/NAZE/common/maths.o
LOAD obj/main/NAZE/common/printf.o
LOAD obj/main/NAZE/common/typeconversion.o
LOAD obj/main/NAZE/common/encoding.o
LOAD obj/main/NAZE/common/filter.o
LOAD obj/main/NAZE/scheduler.o
LOAD obj/main/NAZE/scheduler_tasks.o
LOAD obj/main/NAZE/main.o
LOAD obj/main/NAZE/mw.o
LOAD obj/main/NAZE/flight/altitudehold.o
LOAD obj/main/NAZE/flight/failsafe.o
LOAD obj/main/NAZE/flight/pid.o
LOAD obj/main/NAZE/flight/imu.o
LOAD obj/main/NAZE/flight/mixer.o
LOAD obj/main/NAZE/drivers/bus_i2c.o
LOAD obj/main/NAZE/drivers/bus_i2c_soft.o
LOAD obj/main/NAZE/drivers/sensor.o
LOAD obj/main/NAZE/drivers/serial.o
LOAD obj/main/NAZE/drivers/sound_beeper.o
LOAD obj/main/NAZE/drivers/system.o
LOAD obj/main/NAZE/drivers/dma.o
LOAD obj/main/NAZE/drivers/buf_writer.o
LOAD obj/main/NAZE/drivers/gyro_sync.o
LOAD obj/main/NAZE/io/beeper.o
LOAD obj/main/NAZE/io/rc_controls.o
LOAD obj/main/NAZE/io/rc_curves.o
LOAD obj/main/NAZE/io/serial.o
LOAD obj/main/NAZE/io/serial_1wire.o
LOAD obj/main/NAZE/io/serial_cli.o
LOAD obj/main/NAZE/io/serial_msp.o
LOAD obj/main/NAZE/io/statusindicator.o
LOAD obj/main/NAZE/rx/rx.o
LOAD obj/main/NAZE/rx/pwm.o
LOAD obj/main/NAZE/rx/msp.o
LOAD obj/main/NAZE/rx/sbus.o
LOAD obj/main/NAZE/rx/sumd.o
LOAD obj/main/NAZE/rx/sumh.o
LOAD obj/main/NAZE/rx/spektrum.o
LOAD obj/main/NAZE/rx/xbus.o
LOAD obj/main/NAZE/rx/ibus.o
LOAD obj/main/NAZE/sensors/acceleration.o
LOAD obj/main/NAZE/sensors/battery.o
LOAD obj/main/NAZE/sensors/compass.o
LOAD obj/main/NAZE/sensors/gyro.o
LOAD obj/main/NAZE/sensors/initialisation.o
LOAD obj/main/NAZE/sensors/sensors.o
LOAD obj/main/NAZE/core_cm3.o
LOAD obj/main/NAZE/system_stm32f10x.o
LOAD obj/main/NAZE/stm32f10x_dma.o
LOAD obj/main/NAZE/stm32f10x_dbgmcu.o
LOAD obj/main/NAZE/stm32f10x_dac.o
LOAD obj/main/NAZE/stm32f10x_rtc.o
LOAD obj/main/NAZE/stm32f10x_pwr.o
LOAD obj/main/NAZE/stm32f10x_i2c.o
LOAD obj/main/NAZE/stm32f10x_sdio.o
LOAD obj/main/NAZE/stm32f10x_rcc.o
LOAD obj/main/NAZE/stm32f10x_flash.o
LOAD obj/main/NAZE/stm32f10x_usart.o
LOAD obj/main/NAZE/stm32f10x_tim.o
LOAD obj/main/NAZE/stm32f10x_wwdg.o
LOAD obj/main/NAZE/misc.o
LOAD obj/main/NAZE/stm32f10x_iwdg.o
LOAD obj/main/NAZE/stm32f10x_adc.o
LOAD obj/main/NAZE/stm32f10x_spi.o
LOAD obj/main/NAZE/stm32f10x_bkp.o
LOAD obj/main/NAZE/stm32f10x_exti.o
LOAD obj/main/NAZE/stm32f10x_fsmc.o
LOAD obj/main/NAZE/stm32f10x_gpio.o
LOAD /usr/lib/gcc/arm-none-eabi/4.9.3/../../../arm-none-eabi/lib/armv7-m/libm.a
LOAD /usr/lib/gcc/arm-none-eabi/4.9.3/../../../arm-none-eabi/lib/armv7-m/libc_nano.a
LOAD /usr/lib/gcc/arm-none-eabi/4.9.3/../../../arm-none-eabi/lib/armv7-m/libnosys.a
START GROUP
LOAD /usr/lib/gcc/arm-none-eabi/4.9.3/armv7-m/libgcc.a
LOAD /usr/lib/gcc/arm-none-eabi/4.9.3/../../../arm-none-eabi/lib/armv7-m/libg_nano.a
LOAD /usr/lib/gcc/arm-none-eabi/4.9.3/../../../arm-none-eabi/lib/armv7-m/libc_nano.a
END GROUP
START GROUP
LOAD /usr/lib/gcc/arm-none-eabi/4.9.3/armv7-m/libgcc.a
LOAD /usr/lib/gcc/arm-none-eabi/4.9.3/../../../arm-none-eabi/lib/armv7-m/libc_nano.a
END GROUP
                0x20005000                _estack = (ORIGIN (RAM) + LENGTH (RAM))
                0x00000000                _Min_Heap_Size = 0x0
                0x00000400                _Min_Stack_Size = 0x400

.isr_vector     0x08000000      0x10c
                0x08000000                . = ALIGN (0x4)
                [!provide]                PROVIDE (isr_vector_table_base, .)
 *(.isr_vector)
 .isr_vector    0x08000000      0x10c obj/main/NAZE/startup_stm32f10x_md_gcc.o
                0x08000000                g_pfnVectors
                0x0800010c                . = ALIGN (0x4)

.text           0x08000110    0x1d768
                0x08000110                . = ALIGN (0x4)
 *(.text)
 .text          0x08000110     0x2244 /tmp/ccxtdRyp.ltrans0.ltrans.o
                0x08000110                init
 .text          0x08002354     0x227c /tmp/ccxtdRyp.ltrans1.ltrans.o
                0x08002354                taskMainPidLoop
 .text          0x080045d0     0x1fcc /tmp/ccxtdRyp.ltrans2.ltrans.o
                0x080045d0                taskHandleSerial
 .text          0x0800659c     0x1698 /tmp/ccxtdRyp.ltrans3.ltrans.o
                0x0800659c                taskUpdateRxMain
 .text          0x08007c34      0xccc /tmp/ccxtdRyp.ltrans4.ltrans.o
                0x08007c34                taskTelemetry
 .text          0x08008900      0xae4 /tmp/ccxtdRyp.ltrans5.ltrans.o
                0x08008920                pwmOverflowCallback.lto_priv.477
                0x08008948                ppmOverflowCallback.lto_priv.479
                0x08008988                pwmWriteStandard.lto_priv.474
                0x08008998                pwmWriteBrushed.lto_priv.475
                0x080089bc                _actHcSr04Trigger.lto_priv.439
                0x080089d4                ppmEdgeCallback.lto_priv.478
                0x08008b6c                _evtHcSr04Distance.lto_priv.440
                0x08008c48                applyChangedBits
                0x08008c72                serialICConfig.lto_priv.584
                0x08008da6                pwmICConfig
                0x08008de0                pwmEdgeCallback.lto_priv.476
                0x08008e38                pwmWriteServo
                0x08008e50                EXTI9_5_IRQHandler
                0x08008e52                EXTI1_IRQHandler
                0x08008e54                EXTI0_IRQHandler
                0x08008e56                gpioExtiLineConfig
                0x08008e80                gpioInit
                0x08008ee4                openSoftSerial
                0x0800907c                pwmOutConfig.lto_priv.512
                0x08009330                m25p16_isReady
                0x08009378                m25p16_waitForReady
                0x08009398                m25p16_readBytes
 *fill*         0x080093e4        0x4 
 .text          0x080093e8      0x7cc /tmp/ccxtdRyp.ltrans6.ltrans.o
                0x080096f0                bmp280Detect
                0x080098b4                mpu6500AccInit
                0x080098cc                mpu6500GyroDetect
                0x08009aac                i2cRead
                0x08009b2c                i2cWriteBuffer
                0x08009bac                I2C2_EV_IRQHandler
                0x08009bae                I2C2_ER_IRQHandler
                0x08009bb0                I2C1_EV_IRQHandler
                0x08009bb2                I2C1_ER_IRQHandler
 .text          0x08009bb4      0xea0 /tmp/ccxtdRyp.ltrans7.ltrans.o
                0x08009bb4                taskSystem
                0x08009c94                putcp.lto_priv.209
                0x08009cf2                _putc.lto_priv.486
                0x08009d00                createTask.part.1.lto_priv.419
                0x08009d2c                applyBiQuadFilter
                0x08009d92                BiQuadNewLpf
                0x08009e64                fastA2F
                0x08009f90                ftoa
                0x0800a05c                _i2a.lto_priv.214
                0x0800a084                tfp_format
                0x0800a25a                applyDeadband
                0x0800a278                acosf
                0x0800a2f0                atan2f
                0x0800a3f4                sinf
                0x0800a4dc                cosf
                0x0800a4f0                disableFlightMode
                0x0800a510                enableFlightMode
                0x0800a530                featureClear
                0x0800a540                handleOneshotFeatureChangeOnRestart
                0x0800a594                writeEEPROM
                0x0800a6e0                readEEPROM
                0x0800aa40                saveConfigAndNotify
 .text          0x0800aa54      0xab0 /tmp/ccxtdRyp.ltrans8.ltrans.o
                0x0800ad54                _processingTask.lto_priv.417
                0x0800ae00                _setParam.lto_priv.422
                0x0800af08                _checkParam.lto_priv.420
                0x0800af6c                _resetTable.lto_priv.421
                0x0800af98                pifLog_Printf
                0x0800b2a4                _checkLoopTime.lto_priv.418
                0x0800b334                pifFixList_Init.part.1.lto_priv.215
                0x0800b390                pifFixList_Remove
                0x0800b3c0                pifFixList_AddFirst
                0x0800b3ee                pifI2cDevice_WriteRegByte
                0x0800b402                pifI2cDevice_ReadRegBit8
                0x0800b42e                pifI2cDevice_ReadRegByte
                0x0800b434                pifI2cPort_RemoveDevice
                0x0800b43c                pif_Delay1ms
                0x0800b454                blackboxDeviceReserveBufferSpace
                0x0800b4b4                isBlackboxDeviceFull
                0x0800b4e0                blackboxDeviceFlushForce
 .text          0x0800b504      0xcf8 /tmp/ccxtdRyp.ltrans9.ltrans.o
                0x0800b504                _doTask.lto_priv.441
                0x0800b54c                _doTask.lto_priv.416
                0x0800b570                pifHmc5883_ReadMag
                0x0800b5fe                pifMpu6500_ReadAccel
                0x0800b668                pifMpu6500_ReadGyro
                0x0800b6d2                pifMpu60x0_ReadAccel
                0x0800b73c                pifMpu60x0_ReadGyro
                0x0800b7a6                pifMpu30x0_ReadGyro
                0x0800b80a                activateControlRateConfig
                0x0800b850                isEEPROMContentValid.lto_priv.513
                0x0800b894                resetConf.lto_priv.223
                0x0800bcf8                _changeGain.isra.0.lto_priv.213
                0x0800bd38                pifTaskManager_Yield
                0x0800bef4                pifTaskManager_Remove
                0x0800bf38                pifTaskManager_Add
                0x0800bfd0                pifTask_SetTrigger
                0x0800c000                _doTask.lto_priv.594
 .text          0x0800c1fc      0xdc0 /tmp/ccxtdRyp.ltrans10.ltrans.o
                0x0800c214                padHalfLineBuffer
                0x0800c23c                padLineBuffer
                0x0800c260                gpsNewFrame
                0x0800c808                gpsSetState.lto_priv.296
                0x0800c824                GPS_distance_cm_bearing.isra.3.lto_priv.580
                0x0800c8a8                gpsNewData.part.2.lto_priv.244
 .text          0x0800cfbc      0xc14 /tmp/ccxtdRyp.ltrans11.ltrans.o
                0x0800cfbc                dmaNoOpHandler
                0x0800d014                cliAux.lto_priv.227
                0x0800d104                cliShowParseError.lto_priv.242
                0x0800d110                cliMotorMix.lto_priv.230
                0x0800d310                cliAdjustmentRange.lto_priv.226
                0x0800d470                cliRxFail.lto_priv.234
                0x0800d5a0                waitForSerialPortToFinishTransmitting
                0x0800d5b6                serialRemovePort
                0x0800d5e8                closeSerialPort
                0x0800d610                openSerialPort
                0x0800d6b0                serialFindPortConfiguration
                0x0800d6d8                cliSerial.lto_priv.236
                0x0800d81c                doesConfigurationUsePort
                0x0800d832                determinePortSharing
                0x0800d846                findNextSerialPortConfig
                0x0800d878                findSerialPortConfig
                0x0800d884                generateThrottleCurve
                0x0800d914                generatePitchRollCurve
                0x0800d948                isRangeActive.part.3.lto_priv.332
                0x0800d990                isModeActivationConditionPresent
                0x0800d9b2                calculateThrottleStatus
                0x0800d9e8                blackboxLogInflightAdjustmentEvent
                0x0800da10                beeperSilence
                0x0800da38                beeper
                0x0800da7c                beeperConfirmationBeeps
                0x0800daac                bufWriterFlush
                0x0800dac4                cliPrompt.lto_priv.376
                0x0800dae0                bufWriterAppend
                0x0800dafc                DMA1_Channel7_IRQHandler
                0x0800db0c                DMA1_Channel6_IRQHandler
                0x0800db1c                DMA1_Channel3_IRQHandler
                0x0800db2c                DMA1_Channel2_IRQHandler
                0x0800db3c                failureMode
 .text          0x0800dbd0      0xcc0 /tmp/ccxtdRyp.ltrans12.ltrans.o
                0x0800dbf8                ibusReadRawRC.lto_priv.459
                0x0800dc04                xBusReadRawRC.lto_priv.457
                0x0800dcc4                spektrumReadRawRC.lto_priv.210
                0x0800dcf0                sumhReadRawRC.lto_priv.450
                0x0800dd08                sumdReadRawRC.lto_priv.448
                0x0800dd1c                sbusReadRawRC.lto_priv.446
                0x0800dd4c                rxMspReadRawRC.lto_priv.461
                0x0800dd5c                ppmReadRawRC.lto_priv.463
                0x0800dd6c                pwmReadRawRC.lto_priv.462
                0x0800dd7c                nullReadRawRC.lto_priv.212
                0x0800dd80                ibusDataReceive.lto_priv.460
                0x0800ddcc                xBusDataReceive.lto_priv.458
                0x0800dea8                spektrumDataReceive.lto_priv.211
                0x0800def8                sumhDataReceive.lto_priv.451
                0x0800df44                sumdDataReceive.lto_priv.449
                0x0800dff0                sbusDataReceive.lto_priv.447
                0x0800e048                TIM_ICInit
                0x0800e270                FLASH_WaitForLastOperation
                0x0800e292                RCC_GetClocksFreq
                0x0800e324                DMA_Init
                0x0800e360                DMA_DeInit
                0x0800e450                SystemInit
                0x0800e49c                calculateBatteryCapacityRemainingPercentage
                0x0800e4e4                batteryAdcToVoltage
                0x0800e510                updateBatteryVoltage.lto_priv.339
                0x0800e548                getRxfailValue.lto_priv.334
                0x0800e5a8                resumeRxSignal
                0x0800e5d0                suspendRxSignal
                0x0800e5fc                warningLedRefresh
                0x0800e644                packFlightModeFlags.lto_priv.375
                0x0800e774                mspReleasePortIfAllocated
                0x0800e7b4                tailSerialReply.lto_priv.368
                0x0800e7d8                headSerialResponse.lto_priv.216
                0x0800e828                headSerialReply.lto_priv.369
                0x0800e82e                read8.lto_priv.370
                0x0800e844                read16.lto_priv.371
                0x0800e858                read32.lto_priv.372
                0x0800e86a                serialize16.lto_priv.373
                0x0800e87e                serialize32.lto_priv.374
 .text          0x0800e890      0xa9c /tmp/ccxtdRyp.ltrans13.ltrans.o
                0x0800eb1c                evtBaroRead
                0x0800eb84                blackboxAdvanceIterationTimers.lto_priv.396
                0x0800ebc0                blackboxLogEvent
                0x0800ec74                blackboxLogIteration.lto_priv.397
                0x0800f1d0                sendFieldDefinition.lto_priv.398
 .text          0x0800f32c      0xd40 /tmp/ccxtdRyp.ltrans14.ltrans.o
                0x0800f32c                cliMotor.lto_priv.364
                0x0800f3d0                cliServo.lto_priv.366
                0x0800f514                cliHelp.lto_priv.361
                0x0800f558                cliMixer.lto_priv.363
                0x0800f5fc                cliMap.lto_priv.362
                0x0800f6a0                cliGpsPassthrough.lto_priv.360
                0x0800f75c                cliFeature.lto_priv.357
                0x0800f854                cliExit.lto_priv.356
                0x0800f890                cliRxRange.lto_priv.365
                0x0800f9c0                cliDump.lto_priv.355
                0x0800fcf0                cliFlashErase.lto_priv.358
                0x0800fd1c                cliFlashInfo.lto_priv.359
                0x0800fd54                cliServoMix.lto_priv.367
 .text          0x0801006c      0x41c /tmp/ccxtdRyp.ltrans15.ltrans.o
                0x0801006c                mwArm
                0x08010404                mwDisarm
                0x0801046c                HardFault_Handler
 .text          0x08010488      0x708 /tmp/ccxtdRyp.ltrans16.ltrans.o
                0x08010512                isSoftSerialTransmitBufferEmpty
                0x0801051e                softSerialSetMode
                0x08010522                softSerialWriteByte
                0x08010540                softSerialTxBytesFree
                0x08010562                softSerialRxBytesWaiting
                0x08010580                softSerialReadByte
                0x080106dc                softSerialSetBaudRate
                0x080106ec                onSerialRxPinChange
                0x0801078a                usartIrqCallback
                0x080107ee                uartStartTxDMA
                0x08010850                uartOpen
 .text          0x08010b90      0xc54 /tmp/ccxtdRyp.ltrans17.ltrans.o
                0x08010b90                micros
                0x08010bc8                beepInverted.lto_priv.482
                0x08010bdc                beepNormal.lto_priv.483
                0x08010bf0                actI2cRead
                0x08010c00                actI2cWrite
                0x08011268                delayMicroseconds
                0x0801127e                delay
                0x08011292                SysTick_Handler
                0x08011424                EXTI15_10_IRQHandler
                0x08011444                registerExtiCallbackHandler
                0x08011478                systemBeep
                0x08011484                serialSetMode
                0x0801148a                isSerialTransmitBufferEmpty
                0x08011490                serialSetBaudRate
                0x08011496                serialRead
                0x0801149c                serialRxBytesWaiting
                0x080114a2                serialWrite
                0x080114a8                serialWriteBufShim
                0x080114e4                writeMotors
                0x08011588                stopMotors
                0x080115d0                mixerResetDisarmedMotors
                0x08011608                loadCustomServoMixer
                0x08011658                determineServoMiddleOrForwardFromChannel
                0x0801168c                imuComputeRotationMatrix.lto_priv.401
                0x080117c0                pidSetController
 .text          0x080117e4      0x9f4 /tmp/ccxtdRyp.ltrans18.ltrans.o
                0x080117e4                NVIC_Init.part.0.constprop.208
                0x08011820                EXTI_Init.part.0.constprop.203
                0x08011874                _alignSensors4.constprop.199
                0x08011994                pifI2cDevice_Read.constprop.193
                0x08011a6c                pifI2cDevice_Write.constprop.191
                0x08011b34                pifI2cPort_AddDevice.constprop.188
                0x08011b50                spiTransferByte.constprop.150
                0x08011b70                spiTransfer.constprop.149
                0x08011bb0                pifHmc5883_SetGain.constprop.142
                0x08011c1c                GPS_coord_to_degrees.constprop.115
                0x08011cdc                grab_fields.constprop.114
                0x08011d28                tfp_sprintf.constprop.110
                0x08011d58                drawRxChannel.constprop.109
                0x08011da4                pifTask_GetDeltaTime.constprop.87
                0x08011ddc                blackboxWriteSigned16VBArray.constprop.86
                0x08011dfc                blackboxWriteSignedVBArray.constprop.85
                0x08011e16                mspAllocateSerialPorts.constprop.83
                0x08011e90                resetSerialConfig.constprop.64
                0x08011eec                parseRcChannels.constprop.54
                0x08011f28                itoa.constprop.50
                0x08011f4a                spektrumInit.constprop.35
                0x08011fcc                initI2cDevice.constprop.26
                0x08012044                findNextSharedSerialPort.constprop.18
                0x080120a8                setAdjustment.constprop.16
                0x08012134                headSerialError.constprop.10
                0x0801213c                GPIO_Init
 .text          0x080121d8      0x988 /tmp/ccxtdRyp.ltrans19.ltrans.o
                0x0801229c                wrap_18000.lto_priv.400
                0x080122c0                GPS_set_next_wp
                0x0801234c                gpsUsePIDs
                0x080123ec                GPS_reset_home_position
                0x08012440                calculate_Gtune
                0x080125fc                flashfsAdvanceTailInBuffer.lto_priv.535
                0x0801262c                flashfsGetDirtyDataBuffers.lto_priv.533
                0x08012664                flashfsGetOffset
                0x08012684                flashfsWriteBuffers.lto_priv.534
                0x080127d8                flashfsFlushSync
                0x08012810                flashfsFlushAsync
                0x08012854                flashfsTransmitBufferUsed.lto_priv.399
                0x08012874                flashfsEraseCompletely
                0x080128c4                TIM4_IRQHandler
                0x080128d4                TIM3_IRQHandler
                0x080128e4                TIM2_IRQHandler
                0x080128f0                TIM1_UP_IRQHandler
                0x08012900                TIM1_CC_IRQHandler
                0x08012910                configTimeBase
                0x080129b8                timerConfigure
                0x08012a0c                lookupTimerIndex.lto_priv.270
                0x08012a48                timerChConfigCallbacks
                0x08012b00                USART3_IRQHandler
                0x08012b0c                USART2_IRQHandler
                0x08012b18                USART1_IRQHandler
                0x08012b24                DMA1_Channel4_IRQHandler
 .text          0x08012b60      0x77c /tmp/ccxtdRyp.ltrans20.ltrans.o
                0x08012db0                hmc5883lDetect
                0x08012f30                i2c_OLED_send_byte.lto_priv.560
                0x08012f48                i2c_OLED_send_char
                0x08012f7c                i2c_OLED_send_string
                0x08012f8e                i2c_OLED_send_cmd.lto_priv.511
                0x08012fa6                ug2864hsweg01InitI2C.part.0.lto_priv.510
                0x08013084                i2c_OLED_set_line
                0x0801309c                i2c_OLED_set_xy
                0x080130c6                i2cInit
 .text          0x080132dc      0x904 /tmp/ccxtdRyp.ltrans21.ltrans.o
                0x080132dc                taskUpdateDisplay
                0x080132f4                taskCalculateAltitude
                0x08013770                taskUpdateBaro
                0x0801381c                taskUpdateCompass
                0x08013938                taskProcessGPS
 .text          0x08013be0      0x6fc /tmp/ccxtdRyp.ltrans22.ltrans.o
                0x08013be0                mpu6500AccDetect
                0x08013c1c                mpu6050AccDetect
                0x08013c64                mpu6050GyroDetect
                0x08013e18                mpu3050Detect
                0x080140a4                mpuGyroRead
                0x0801413c                mpuIntExtiInit
 .text          0x080142dc      0x780 /tmp/ccxtdRyp.ltrans23.ltrans.o
                0x080142dc                drawHorizonalPercentageBar
                0x0801432e                updateDisplay
 .text          0x08014a5c      0x798 /tmp/ccxtdRyp.ltrans24.ltrans.o
                0x08014a60                serialize8.lto_priv.220
                0x08014a84                cliWrite.lto_priv.246
                0x08014a94                cliPrintf.lto_priv.241
                0x08014abc                cliVersion.lto_priv.240
                0x08014af0                cliTasks.lto_priv.239
                0x08014b90                cliPrintVar.lto_priv.247
                0x08014c7c                cliRateProfile.lto_priv.233
                0x08014cc0                cliProfile.lto_priv.232
                0x08014cfc                cliPlaySound.lto_priv.231
                0x08014d9c                cliPrint.lto_priv.243
                0x08014db8                cliStatus.lto_priv.238
                0x08014f2c                cliGet.lto_priv.229
                0x08014f84                cliSet.lto_priv.237
                0x08015188                cliReboot.lto_priv.245
                0x080151c0                cliDefaults.lto_priv.228
                0x080151dc                cliSave.lto_priv.235
 .text          0x080151f4      0x5bc /tmp/ccxtdRyp.ltrans25.ltrans.o
                0x080152e8                recalculateBarometerTotal.lto_priv.295
                0x0801535c                sonarRead
                0x080153f0                ltm_finalise.lto_priv.285
                0x08015408                ltm_serialise_8.lto_priv.286
                0x0801542c                ltm_serialise_32.lto_priv.287
                0x0801544e                ltm_serialise_16.lto_priv.289
                0x08015460                ltm_initialise_packet.lto_priv.288
                0x08015494                smartPortSendPackage.lto_priv.284
                0x080154fc                workAroundForHottTelemetryOnUsart.isra.0.lto_priv.283
                0x08015528                flushHottRxBuffer.lto_priv.282
                0x08015544                serialize16.lto_priv.279
                0x08015558                sendTelemetryTail.lto_priv.278
                0x08015568                sendDataHead.lto_priv.280
                0x08015588                sendLatLong.lto_priv.281
                0x08015600                telemetryCheckState
 .text          0x080157b0      0x290 /tmp/ccxtdRyp.ltrans26.ltrans.o
                0x080157b0                blackboxPrint
                0x08015884                blackboxPrintf
                0x080158a8                blackboxWrite
                0x080158f8                blackboxWriteTag2_3S32
                0x08015a16                blackboxWriteUnsignedVB
                0x08015a34                blackboxWriteSignedVB
 .text          0x08015a40      0x338 /tmp/ccxtdRyp.ltrans27.ltrans.o
                0x08015a40                taskUpdateBattery
                0x08015c48                taskUpdateBeeper
 .text          0x08015d78      0x5b4 /tmp/ccxtdRyp.ltrans28.ltrans.o
                0x08015d78                filterIsSetCheck
                0x08015db8                scaleItermToRcInput
                0x08015e98                pidLuxFloat.lto_priv.269
                0x080162d4                pidResetErrorAngle
                0x080162f0                failsafeActivate.lto_priv.333
 .text          0x0801632c      0x1e4 /tmp/ccxtdRyp.ltrans29.ltrans.o
                0x0801632c                taskUpdateAccelerometer
 .text          0x08016510      0x370 /usr/lib/gcc/arm-none-eabi/4.9.3/armv7-m/libgcc.a(_arm_addsubdf3.o)
                0x08016510                __aeabi_drsub
                0x08016518                __aeabi_dsub
                0x08016518                __subdf3
                0x0801651c                __adddf3
                0x0801651c                __aeabi_dadd
                0x08016794                __aeabi_ui2d
                0x08016794                __floatunsidf
                0x080167b4                __floatsidf
                0x080167b4                __aeabi_i2d
                0x080167d8                __extendsfdf2
                0x080167d8                __aeabi_f2d
                0x08016814                __aeabi_ul2d
                0x08016814                __floatundidf
                0x08016824                __floatdidf
                0x08016824                __aeabi_l2d
 .text          0x08016880      0x424 /usr/lib/gcc/arm-none-eabi/4.9.3/armv7-m/libgcc.a(_arm_muldivdf3.o)
                0x08016880                __aeabi_dmul
                0x08016880                __muldf3
                0x08016ad4                __aeabi_ddiv
                0x08016ad4                __divdf3
 .text          0x08016ca4      0x110 /usr/lib/gcc/arm-none-eabi/4.9.3/armv7-m/libgcc.a(_arm_cmpdf2.o)
                0x08016ca4                __gtdf2
                0x08016ca4                __gedf2
                0x08016cac                __ltdf2
                0x08016cac                __ledf2
                0x08016cb4                __cmpdf2
                0x08016cb4                __eqdf2
                0x08016cb4                __nedf2
                0x08016d30                __aeabi_cdrcmple
                0x08016d40                __aeabi_cdcmple
                0x08016d40                __aeabi_cdcmpeq
                0x08016d50                __aeabi_dcmpeq
                0x08016d64                __aeabi_dcmplt
                0x08016d78                __aeabi_dcmple
                0x08016d8c                __aeabi_dcmpge
                0x08016da0                __aeabi_dcmpgt
 .text          0x08016db4       0x40 /usr/lib/gcc/arm-none-eabi/4.9.3/armv7-m/libgcc.a(_arm_fixunsdfsi.o)
                0x08016db4                __fixunsdfsi
                0x08016db4                __aeabi_d2uiz
 .text          0x08016df4       0xa0 /usr/lib/gcc/arm-none-eabi/4.9.3/armv7-m/libgcc.a(_arm_truncdfsf2.o)
                0x08016df4                __aeabi_d2f
                0x08016df4                __truncdfsf2
 .text          0x08016e94      0x21c /usr/lib/gcc/arm-none-eabi/4.9.3/armv7-m/libgcc.a(_arm_addsubsf3.o)
                0x08016e94                __aeabi_frsub
                0x08016e9c                __subsf3
                0x08016e9c                __aeabi_fsub
                0x08016ea0                __aeabi_fadd
                0x08016ea0                __addsf3
                0x08017000                __aeabi_ui2f
                0x08017000                __floatunsisf
                0x08017008                __aeabi_i2f
                0x08017008                __floatsisf
                0x08017024                __floatundisf
                0x08017024                __aeabi_ul2f
                0x08017034                __floatdisf
                0x08017034                __aeabi_l2f
 .text          0x080170b0      0x2a0 /usr/lib/gcc/arm-none-eabi/4.9.3/armv7-m/libgcc.a(_arm_muldivsf3.o)
                0x080170b0                __mulsf3
                0x080170b0                __aeabi_fmul
                0x08017218                __divsf3
                0x08017218                __aeabi_fdiv
 .text          0x08017350       0xec /usr/lib/gcc/arm-none-eabi/4.9.3/armv7-m/libgcc.a(_arm_cmpsf2.o)
                0x08017350                __gtsf2
                0x08017350                __gesf2
                0x08017358                __lesf2
                0x08017358                __ltsf2
                0x08017360                __nesf2
                0x08017360                __eqsf2
                0x08017360                __cmpsf2
                0x080173c0                __aeabi_cfrcmple
                0x080173c8                __aeabi_cfcmple
                0x080173c8                __aeabi_cfcmpeq
                0x080173d8                __aeabi_fcmpeq
                0x080173ec                __aeabi_fcmplt
                0x08017400                __aeabi_fcmple
                0x08017414                __aeabi_fcmpge
                0x08017428                __aeabi_fcmpgt
 .text          0x0801743c       0x4c /usr/lib/gcc/arm-none-eabi/4.9.3/armv7-m/libgcc.a(_arm_fixsfsi.o)
                0x0801743c                __fixsfsi
                0x0801743c                __aeabi_f2iz
 .text          0x08017488       0x40 /usr/lib/gcc/arm-none-eabi/4.9.3/armv7-m/libgcc.a(_arm_fixunssfsi.o)
                0x08017488                __aeabi_f2uiz
                0x08017488                __fixunssfsi
 .text          0x080174c8       0x38 /usr/lib/gcc/arm-none-eabi/4.9.3/armv7-m/libgcc.a(_aeabi_ldivmod.o)
                0x080174c8                __aeabi_ldivmod
 .text          0x08017500       0x60 /usr/lib/gcc/arm-none-eabi/4.9.3/armv7-m/libgcc.a(bpabi.o)
                0x08017500                __gnu_ldivmod_helper
                0x08017530                __gnu_uldivmod_helper
 .text          0x08017560        0x4 /usr/lib/gcc/arm-none-eabi/4.9.3/armv7-m/libgcc.a(_dvmd_tls.o)
                0x08017560                __aeabi_ldiv0
                0x08017560                __aeabi_idiv0
 .text          0x08017564      0x2ac /usr/lib/gcc/arm-none-eabi/4.9.3/armv7-m/libgcc.a(_divdi3.o)
                0x08017564                __divdi3
 .text          0x08017810      0x270 /usr/lib/gcc/arm-none-eabi/4.9.3/armv7-m/libgcc.a(_udivdi3.o)
                0x08017810                __udivdi3
 *(.text*)
 .text.Reset_Handler
                0x08017a80       0x9c obj/main/NAZE/startup_stm32f10x_md_gcc.o
                0x08017a80                Reset_Handler
 .text.Default_Handler
                0x08017b1c        0x2 obj/main/NAZE/startup_stm32f10x_md_gcc.o
                0x08017b1c                EXTI2_IRQHandler
                0x08017b1c                DebugMon_Handler
                0x08017b1c                PVD_IRQHandler
                0x08017b1c                PendSV_Handler
                0x08017b1c                NMI_Handler
                0x08017b1c                EXTI3_IRQHandler
                0x08017b1c                UsageFault_Handler
                0x08017b1c                ADC1_2_IRQHandler
                0x08017b1c                SPI1_IRQHandler
                0x08017b1c                TAMPER_IRQHandler
                0x08017b1c                RTC_IRQHandler
                0x08017b1c                CAN1_RX1_IRQHandler
                0x08017b1c                RCC_IRQHandler
                0x08017b1c                TIM1_TRG_COM_IRQHandler
                0x08017b1c                DMA1_Channel1_IRQHandler
                0x08017b1c                Default_Handler
                0x08017b1c                SPI2_IRQHandler
                0x08017b1c                MemManage_Handler
                0x08017b1c                SVC_Handler
                0x08017b1c                DMA1_Channel5_IRQHandler
                0x08017b1c                EXTI4_IRQHandler
                0x08017b1c                USB_LP_CAN1_RX0_IRQHandler
                0x08017b1c                USB_HP_CAN1_TX_IRQHandler
                0x08017b1c                WWDG_IRQHandler
                0x08017b1c                TIM1_BRK_IRQHandler
                0x08017b1c                RTCAlarm_IRQHandler
                0x08017b1c                CAN1_SCE_IRQHandler
                0x08017b1c                FLASH_IRQHandler
                0x08017b1c                BusFault_Handler
                0x08017b1c                USBWakeUp_IRQHandler
 *fill*         0x08017b1e        0x2 
 .text.startup  0x08017b20      0x3f4 /tmp/ccxtdRyp.ltrans15.ltrans.o
                0x08017b20                main
 .text.unlikely
                0x08017f14       0x50 /tmp/ccxtdRyp.ltrans26.ltrans.o
                0x08017f14                blackboxPrintfHeaderLine
 .text.atoi     0x08017f64        0x8 /usr/lib/gcc/arm-none-eabi/4.9.3/../../../arm-none-eabi/lib/armv7-m/libc_nano.a(lib_a-atoi.o)
                0x08017f64                atoi
 .text.strtok   0x08017f6c       0x64 /usr/lib/gcc/arm-none-eabi/4.9.3/../../../arm-none-eabi/lib/armv7-m/libc_nano.a(lib_a-strtok.o)
                0x08017f6c                strtok
 .text.__strtok_r
                0x08017fd0       0x56 /usr/lib/gcc/arm-none-eabi/4.9.3/../../../arm-none-eabi/lib/armv7-m/libc_nano.a(lib_a-strtok_r.o)
                0x08017fd0                __strtok_r
 .text.strtok_r
                0x08018026        0x6 /usr/lib/gcc/arm-none-eabi/4.9.3/../../../arm-none-eabi/lib/armv7-m/libc_nano.a(lib_a-strtok_r.o)
                0x08018026                strtok_r
 .text._strtol_r
                0x0801802c      0x10c /usr/lib/gcc/arm-none-eabi/4.9.3/../../../arm-none-eabi/lib/armv7-m/libc_nano.a(lib_a-strtol.o)
                0x0801802c                _strtol_r
 .text.strtol   0x08018138       0x1c /usr/lib/gcc/arm-none-eabi/4.9.3/../../../arm-none-eabi/lib/armv7-m/libc_nano.a(lib_a-strtol.o)
                0x08018138                strtol
 .text.malloc   0x08018154       0x10 /usr/lib/gcc/arm-none-eabi/4.9.3/../../../arm-none-eabi/lib/armv7-m/libc_nano.a(lib_a-malloc.o)
                0x08018154                malloc
 .text.free     0x08018164       0x10 /usr/lib/gcc/arm-none-eabi/4.9.3/../../../arm-none-eabi/lib/armv7-m/libc_nano.a(lib_a-malloc.o)
                0x08018164                free
 .text._free_r  0x08018174       0x88 /usr/lib/gcc/arm-none-eabi/4.9.3/../../../arm-none-eabi/lib/armv7-m/libc_nano.a(lib_a-nano-freer.o)
                0x08018174                _free_r
 .text._malloc_r
                0x080181fc       0xac /usr/lib/gcc/arm-none-eabi/4.9.3/../../../arm-none-eabi/lib/armv7-m/libc_nano.a(lib_a-nano-mallocr.o)
                0x080181fc                _malloc_r
 .text._sbrk_r  0x080182a8       0x20 /usr/lib/gcc/arm-none-eabi/4.9.3/../../../arm-none-eabi/lib/armv7-m/libc_nano.a(lib_a-sbrkr.o)
                0x080182a8                _sbrk_r
 .text._sbrk    0x080182c8       0x1c /usr/lib/gcc/arm-none-eabi/4.9.3/../../../arm-none-eabi/lib/armv7-m/libnosys.a(sbrk.o)
                0x080182c8                _sbrk
 .text.lrintf   0x080182e4       0x78 /usr/lib/gcc/arm-none-eabi/4.9.3/../../../arm-none-eabi/lib/armv7-m/libm.a(lib_a-sf_lrint.o)
                0x080182e4                lrintf
 .text.powf     0x0801835c      0x314 /usr/lib/gcc/arm-none-eabi/4.9.3/../../../arm-none-eabi/lib/armv7-m/libm.a(lib_a-wf_pow.o)
                0x0801835c                powf
 .text.sqrtf    0x08018670       0x9c /usr/lib/gcc/arm-none-eabi/4.9.3/../../../arm-none-eabi/lib/armv7-m/libm.a(lib_a-wf_sqrt.o)
                0x08018670                sqrtf
 .text.__ieee754_powf
                0x0801870c      0x6ec /usr/lib/gcc/arm-none-eabi/4.9.3/../../../arm-none-eabi/lib/armv7-m/libm.a(lib_a-ef_pow.o)
                0x0801870c                __ieee754_powf
 .text.__ieee754_sqrtf
                0x08018df8       0xa8 /usr/lib/gcc/arm-none-eabi/4.9.3/../../../arm-none-eabi/lib/armv7-m/libm.a(lib_a-ef_sqrt.o)
                0x08018df8                __ieee754_sqrtf
 .text.matherr  0x08018ea0        0x4 /usr/lib/gcc/arm-none-eabi/4.9.3/../../../arm-none-eabi/lib/armv7-m/libm.a(lib_a-s_matherr.o)
                0x08018ea0                matherr
 .text.rint     0x08018ea4      0x11c /usr/lib/gcc/arm-none-eabi/4.9.3/../../../arm-none-eabi/lib/armv7-m/libm.a(lib_a-s_rint.o)
                0x08018ea4                rint
 .text.fabsf    0x08018fc0        0x8 /usr/lib/gcc/arm-none-eabi/4.9.3/../../../arm-none-eabi/lib/armv7-m/libm.a(lib_a-sf_fabs.o)
                0x08018fc0                fabsf
 .text.finitef  0x08018fc8       0x10 /usr/lib/gcc/arm-none-eabi/4.9.3/../../../arm-none-eabi/lib/armv7-m/libm.a(lib_a-sf_finite.o)
                0x08018fc8                finitef
 .text.__fpclassifyf
                0x08018fd8       0x34 /usr/lib/gcc/arm-none-eabi/4.9.3/../../../arm-none-eabi/lib/armv7-m/libm.a(lib_a-sf_fpclassify.o)
                0x08018fd8                __fpclassifyf
 .text.nanf     0x0801900c        0x8 /usr/lib/gcc/arm-none-eabi/4.9.3/../../../arm-none-eabi/lib/armv7-m/libm.a(lib_a-sf_nan.o)
                0x0801900c                nanf
 .text.scalbnf  0x08019014       0xb0 /usr/lib/gcc/arm-none-eabi/4.9.3/../../../arm-none-eabi/lib/armv7-m/libm.a(lib_a-sf_scalbn.o)
                0x08019014                scalbnf
 .text.copysignf
                0x080190c4        0xc /usr/lib/gcc/arm-none-eabi/4.9.3/../../../arm-none-eabi/lib/armv7-m/libm.a(lib_a-sf_copysign.o)
                0x080190c4                copysignf
 .text.calloc   0x080190d0       0x14 /usr/lib/gcc/arm-none-eabi/4.9.3/../../../arm-none-eabi/lib/armv7-m/libc_nano.a(lib_a-calloc.o)
                0x080190d0                calloc
 .text.__errno  0x080190e4        0xc /usr/lib/gcc/arm-none-eabi/4.9.3/../../../arm-none-eabi/lib/armv7-m/libc_nano.a(lib_a-errno.o)
                0x080190e4                __errno
 .text.memcmp   0x080190f0       0x20 /usr/lib/gcc/arm-none-eabi/4.9.3/../../../arm-none-eabi/lib/armv7-m/libc_nano.a(lib_a-memcmp.o)
                0x080190f0                memcmp
 .text.memcpy   0x08019110       0x16 /usr/lib/gcc/arm-none-eabi/4.9.3/../../../arm-none-eabi/lib/armv7-m/libc_nano.a(lib_a-memcpy.o)
                0x08019110                memcpy
 .text.memset   0x08019126       0x10 /usr/lib/gcc/arm-none-eabi/4.9.3/../../../arm-none-eabi/lib/armv7-m/libc_nano.a(lib_a-memset.o)
                0x08019126                memset
 .text._calloc_r
                0x08019136       0x1c /usr/lib/gcc/arm-none-eabi/4.9.3/../../../arm-none-eabi/lib/armv7-m/libc_nano.a(lib_a-nano-callocr.o)
                0x08019136                _calloc_r
 *fill*         0x08019152        0x2 
 .text.strcasecmp
                0x08019154       0x3c /usr/lib/gcc/arm-none-eabi/4.9.3/../../../arm-none-eabi/lib/armv7-m/libc_nano.a(lib_a-strcasecmp.o)
                0x08019154                strcasecmp
 .text.strcat   0x08019190       0x1e /usr/lib/gcc/arm-none-eabi/4.9.3/../../../arm-none-eabi/lib/armv7-m/libc_nano.a(lib_a-strcat.o)
                0x08019190                strcat
 .text.strchr   0x080191ae       0x1c /usr/lib/gcc/arm-none-eabi/4.9.3/../../../arm-none-eabi/lib/armv7-m/libc_nano.a(lib_a-strchr.o)
                0x080191ae                strchr
 .text.strcpy   0x080191ca       0x10 /usr/lib/gcc/arm-none-eabi/4.9.3/../../../arm-none-eabi/lib/armv7-m/libc_nano.a(lib_a-strcpy.o)
                0x080191ca                strcpy
 .text.strlen   0x080191da       0x10 /usr/lib/gcc/arm-none-eabi/4.9.3/../../../arm-none-eabi/lib/armv7-m/libc_nano.a(lib_a-strlen.o)
                0x080191da                strlen
 *fill*         0x080191ea        0x2 
 .text.strncasecmp
                0x080191ec       0x44 /usr/lib/gcc/arm-none-eabi/4.9.3/../../../arm-none-eabi/lib/armv7-m/libc_nano.a(lib_a-strncasecmp.o)
                0x080191ec                strncasecmp
 .text.strncpy  0x08019230       0x24 /usr/lib/gcc/arm-none-eabi/4.9.3/../../../arm-none-eabi/lib/armv7-m/libc_nano.a(lib_a-strncpy.o)
                0x08019230                strncpy
 .text.strstr   0x08019254       0x30 /usr/lib/gcc/arm-none-eabi/4.9.3/../../../arm-none-eabi/lib/armv7-m/libc_nano.a(lib_a-strstr.o)
                0x08019254                strstr
 *(.rodata)
 .rodata        0x08019284      0x178 /tmp/ccxtdRyp.ltrans0.ltrans.o
 .rodata        0x080193fc      0x2b4 /tmp/ccxtdRyp.ltrans1.ltrans.o
 .rodata        0x080196b0      0x18c /tmp/ccxtdRyp.ltrans2.ltrans.o
 .rodata        0x0801983c        0x8 /tmp/ccxtdRyp.ltrans4.ltrans.o
 .rodata        0x08019844       0x28 /tmp/ccxtdRyp.ltrans5.ltrans.o
 .rodata        0x0801986c        0x4 /tmp/ccxtdRyp.ltrans8.ltrans.o
 .rodata        0x08019870      0x4cc /tmp/ccxtdRyp.ltrans11.ltrans.o
                0x0801987c                mixerAtail4.lto_priv.502
                0x080198bc                mixerDualcopter.lto_priv.501
                0x080198dc                mixerHex6H.lto_priv.500
                0x0801993c                mixerVtail4.lto_priv.499
                0x0801997c                mixerOctoFlatX.lto_priv.498
                0x080199fc                mixerOctoFlatP.lto_priv.497
                0x08019a7c                mixerOctoX8.lto_priv.496
                0x08019afc                mixerHex6X.lto_priv.495
                0x08019b5c                mixerY4.lto_priv.494
                0x08019b9c                mixerSingleProp.lto_priv.493
                0x08019bac                mixerHex6P.lto_priv.492
                0x08019c0c                mixerY6.lto_priv.491
                0x08019c6c                mixerBicopter.lto_priv.490
                0x08019c8c                mixerQuadX.lto_priv.489
                0x08019ccc                mixerQuadP.lto_priv.488
                0x08019d0c                mixerTricopter.lto_priv.487
 .rodata        0x08019d3c       0x14 /tmp/ccxtdRyp.ltrans12.ltrans.o
 .rodata        0x08019d50       0x18 /tmp/ccxtdRyp.ltrans13.ltrans.o
 .rodata        0x08019d68      0x411 /tmp/ccxtdRyp.ltrans14.ltrans.o
                0x08019d68                cmdTable
                0x08019f28                mixerNames.lto_priv.248
                0x08019fec                servoMixers
                0x0801a0bc                servoMixerSingle.lto_priv.509
                0x0801a0f4                servoMixerDual.lto_priv.508
                0x0801a102                servoMixerAirplane.lto_priv.507
                0x0801a125                servoMixerFlyingWing.lto_priv.506
                0x0801a148                servoMixerGimbal.lto_priv.505
                0x0801a156                servoMixerBI.lto_priv.504
                0x0801a172                servoMixerTri.lto_priv.503
 *fill*         0x0801a179        0x3 
 .rodata        0x0801a17c       0x28 /tmp/ccxtdRyp.ltrans16.ltrans.o
 .rodata        0x0801a1a4        0xc /tmp/ccxtdRyp.ltrans17.ltrans.o
 .rodata        0x0801a1b0       0x20 /tmp/ccxtdRyp.ltrans18.ltrans.o
                0x0801a1b0                baudRates
 .rodata        0x0801a1d0      0x2fc /tmp/ccxtdRyp.ltrans20.ltrans.o
 .rodata        0x0801a4cc      0x144 /tmp/ccxtdRyp.ltrans21.ltrans.o
                0x0801a4cc                gpsInitData.lto_priv.443
 .rodata        0x0801a610       0x22 /tmp/ccxtdRyp.ltrans23.ltrans.o
 *fill*         0x0801a632        0x2 
 .rodata        0x0801a634     0x1060 /tmp/ccxtdRyp.ltrans24.ltrans.o
                0x0801a69c                beeperTable.lto_priv.253
                0x0801a78c                valueTable
                0x0801b560                beep_armedBeep.lto_priv.267
                0x0801b565                beep_disarmRepeatBeep.lto_priv.266
                0x0801b569                beep_readyBeep.lto_priv.265
                0x0801b578                beep_2longerBeeps.lto_priv.264
                0x0801b57d                beep_2shortBeeps.lto_priv.263
                0x0801b582                beep_shortBeep.lto_priv.262
                0x0801b585                beep_lowBatteryBeep.lto_priv.261
                0x0801b588                beep_critBatteryBeep.lto_priv.260
                0x0801b58b                beep_armedGpsFix.lto_priv.259
                0x0801b594                beep_armingBeep.lto_priv.258
                0x0801b599                beep_disarmBeep.lto_priv.257
                0x0801b59e                beep_txLostBeep.lto_priv.256
                0x0801b5a1                beep_sos.lto_priv.255
                0x0801b5b4                beep_gyroCalibrated.lto_priv.254
                0x0801b688                shortGitRevision
                0x0801b68c                buildTime
                0x0801b690                buildDate
 *(.rodata*)
 .rodata.gyro_detect
                0x0801b694       0x40 /tmp/ccxtdRyp.ltrans0.ltrans.o
 .rodata.timerHardware
                0x0801b6d4       0xe0 /tmp/ccxtdRyp.ltrans0.ltrans.o
                0x0801b6d4                timerHardware
 .rodata.str1.1
                0x0801b7b4        0x8 /tmp/ccxtdRyp.ltrans0.ltrans.o
 .rodata.str1.1
                0x0801b7bc      0x20d /tmp/ccxtdRyp.ltrans1.ltrans.o
                                0x21f (size before relaxing)
 .rodata.str1.1
                0x0801b9c9      0x154 /tmp/ccxtdRyp.ltrans2.ltrans.o
                                0x16d (size before relaxing)
 *fill*         0x0801bb1d        0x1 
 .rodata.frSkyDataIdTable
                0x0801bb1e       0x20 /tmp/ccxtdRyp.ltrans4.ltrans.o
 .rodata.str1.1
                0x0801bb3e       0x24 /tmp/ccxtdRyp.ltrans6.ltrans.o
 .rodata.str1.1
                0x0801bb62       0x27 /tmp/ccxtdRyp.ltrans7.ltrans.o
 .rodata.str1.1
                0x0801bb89       0x41 /tmp/ccxtdRyp.ltrans8.ltrans.o
 .rodata.str1.1
                0x0801bbca        0x9 /tmp/ccxtdRyp.ltrans9.ltrans.o
 *fill*         0x0801bbd3        0x1 
 .rodata.mixers
                0x0801bbd4       0xd0 /tmp/ccxtdRyp.ltrans11.ltrans.o
                0x0801bbd4                mixers
 .rodata.str1.1
                0x0801bca4       0xf8 /tmp/ccxtdRyp.ltrans11.ltrans.o
                                0x106 (size before relaxing)
 .rodata.str1.1
                0x0801bd9c       0x3e /tmp/ccxtdRyp.ltrans13.ltrans.o
                                 0x41 (size before relaxing)
 .rodata.str1.1
                0x0801bdda      0x806 /tmp/ccxtdRyp.ltrans14.ltrans.o
                                0x8cd (size before relaxing)
 .rodata.serialPortIdentifiers
                0x0801c5e0        0x5 /tmp/ccxtdRyp.ltrans18.ltrans.o
                0x0801c5e0                serialPortIdentifiers
 .rodata.str1.1
                0x0801c5e5       0x6e /tmp/ccxtdRyp.ltrans18.ltrans.o
 .rodata.rcChannelLetters
                0x0801c653       0x15 /tmp/ccxtdRyp.ltrans18.ltrans.o
                0x0801c653                rcChannelLetters
 .rodata.str1.1
                0x0801c668       0x32 /tmp/ccxtdRyp.ltrans20.ltrans.o
 .rodata.str1.1
                0x0801c69a       0xfb /tmp/ccxtdRyp.ltrans21.ltrans.o
                                 0xfc (size before relaxing)
 .rodata.str1.1
                0x0801c795       0x30 /tmp/ccxtdRyp.ltrans22.ltrans.o
                                 0x35 (size before relaxing)
 .rodata.cyclePageIds
                0x0801c7c5        0x5 /tmp/ccxtdRyp.ltrans23.ltrans.o
 .rodata.str1.1
                0x0801c7ca      0x150 /tmp/ccxtdRyp.ltrans23.ltrans.o
                                0x159 (size before relaxing)
 .rodata.str1.1
                0x0801c91a      0xe18 /tmp/ccxtdRyp.ltrans24.ltrans.o
                                0xee2 (size before relaxing)
 .rodata._ctype_
                0x0801d732      0x101 /usr/lib/gcc/arm-none-eabi/4.9.3/../../../arm-none-eabi/lib/armv7-m/libc_nano.a(lib_a-ctype_.o)
                0x0801d732                _ctype_
 .rodata.str1.1
                0x0801d833        0x0 /usr/lib/gcc/arm-none-eabi/4.9.3/../../../arm-none-eabi/lib/armv7-m/libc_nano.a(lib_a-impure.o)
                                  0x2 (size before relaxing)
 *fill*         0x0801d833        0x1 
 .rodata.TWO23  0x0801d834        0x8 /usr/lib/gcc/arm-none-eabi/4.9.3/../../../arm-none-eabi/lib/armv7-m/libm.a(lib_a-sf_lrint.o)
 .rodata.str1.4
                0x0801d83c        0x5 /usr/lib/gcc/arm-none-eabi/4.9.3/../../../arm-none-eabi/lib/armv7-m/libm.a(lib_a-wf_pow.o)
                                  0x8 (size before relaxing)
 *fill*         0x0801d841        0x3 
 .rodata.str1.4
                0x0801d844        0x6 /usr/lib/gcc/arm-none-eabi/4.9.3/../../../arm-none-eabi/lib/armv7-m/libm.a(lib_a-wf_sqrt.o)
                                  0x8 (size before relaxing)
 *fill*         0x0801d84a        0x2 
 .rodata.dp_h   0x0801d84c        0x8 /usr/lib/gcc/arm-none-eabi/4.9.3/../../../arm-none-eabi/lib/armv7-m/libm.a(lib_a-ef_pow.o)
 .rodata.dp_l   0x0801d854        0x8 /usr/lib/gcc/arm-none-eabi/4.9.3/../../../arm-none-eabi/lib/armv7-m/libm.a(lib_a-ef_pow.o)
 .rodata.bp     0x0801d85c        0x8 /usr/lib/gcc/arm-none-eabi/4.9.3/../../../arm-none-eabi/lib/armv7-m/libm.a(lib_a-ef_pow.o)
 .rodata.str1.4
                0x0801d864        0x8 /usr/lib/gcc/arm-none-eabi/4.9.3/../../../arm-none-eabi/lib/armv7-m/libm.a(lib_a-ef_pow.o)
                                  0x4 (size before relaxing)
 *fill*         0x0801d864        0x4 
 .rodata.TWO52  0x0801d868       0x10 /usr/lib/gcc/arm-none-eabi/4.9.3/../../../arm-none-eabi/lib/armv7-m/libm.a(lib_a-s_rint.o)
 *(.glue_7)
 .glue_7        0x0801d878        0x0 linker stubs
 *(.glue_7t)
 .glue_7t       0x0801d878        0x0 linker stubs
 *(.eh_frame)
 *(.init)
 *(.fini)
                0x0801d878                . = ALIGN (0x4)
                0x0801d878                _etext = .

.vfp11_veneer   0x0801d878        0x0
 .vfp11_veneer  0x0801d878        0x0 linker stubs

.v4_bx          0x0801d878        0x0
 .v4_bx         0x0801d878        0x0 linker stubs

.iplt           0x0801d878        0x0
 .iplt          0x0801d878        0x0 obj/main/NAZE/startup_stm32f10x_md_gcc.o

.ARM.extab
 *(.ARM.extab* .gnu.linkonce.armextab.*)

.ARM            0x0801d878        0x8
                0x0801d878                __exidx_start = .
 *(.ARM.exidx*)
 .ARM.exidx     0x0801d878        0x8 /usr/lib/gcc/arm-none-eabi/4.9.3/armv7-m/libgcc.a(_divdi3.o)
 .ARM.exidx     0x0801d880        0x0 /usr/lib/gcc/arm-none-eabi/4.9.3/armv7-m/libgcc.a(_udivdi3.o)
                                  0x8 (size before relaxing)
                0x0801d880                __exidx_end = .

.rel.dyn        0x0801d880        0x0
 .rel.iplt      0x0801d880        0x0 obj/main/NAZE/startup_stm32f10x_md_gcc.o

.preinit_array  0x0801d880        0x0
                [!provide]                PROVIDE (__preinit_array_start, .)
 *(.preinit_array*)
                [!provide]                PROVIDE (__preinit_array_end, .)

.init_array     0x0801d880        0x0
                [!provide]                PROVIDE (__init_array_start, .)
 *(SORT(.init_array.*))
 *(.init_array*)
                [!provide]                PROVIDE (__init_array_end, .)

.fini_array     0x0801d880        0x0
                [!provide]                PROVIDE (__fini_array_start, .)
 *(.fini_array*)
 *(SORT(.fini_array.*))
                [!provide]                PROVIDE (__fini_array_end, .)
                0x0801d880                _sidata = .

.data           0x20000000      0x1f8 load address 0x0801d880
                0x20000000                . = ALIGN (0x4)
                0x20000000                _sdata = .
 *(.data)
 .data          0x20000000        0x3 /tmp/ccxtdRyp.ltrans3.ltrans.o
                0x20000002                isUsingSticksToArm.lto_priv.344
 .data          0x20000003        0x1 /tmp/ccxtdRyp.ltrans4.ltrans.o
 .data          0x20000004        0x4 /tmp/ccxtdRyp.ltrans7.ltrans.o
 .data          0x20000008        0x1 /tmp/ccxtdRyp.ltrans8.ltrans.o
 *fill*         0x20000009        0x3 
 .data          0x2000000c        0x4 /tmp/ccxtdRyp.ltrans10.ltrans.o
                0x2000000c                GPS_scaleLonDown.lto_priv.570
 .data          0x20000010        0x4 /tmp/ccxtdRyp.ltrans12.ltrans.o
                0x20000010                hse_value
 .data          0x20000014       0x10 /tmp/ccxtdRyp.ltrans14.ltrans.o
                0x20000014                geometry.lto_priv.349
 .data          0x20000024        0x4 /tmp/ccxtdRyp.ltrans17.ltrans.o
                0x20000024                q0.lto_priv.392
 .data          0x20000028        0x6 /tmp/ccxtdRyp.ltrans18.ltrans.o
                0x20000028                rcReadRawFunc.lto_priv.309
                0x2000002c                pif_id
 *fill*         0x2000002e        0x2 
 .data          0x20000030        0xc /tmp/ccxtdRyp.ltrans20.ltrans.o
 .data          0x2000003c        0x4 /tmp/ccxtdRyp.ltrans24.ltrans.o
 .data          0x20000040        0xc /tmp/ccxtdRyp.ltrans28.ltrans.o
 *(.data*)
 .data.hcsr04_name
                0x2000004c        0x4 /tmp/ccxtdRyp.ltrans0.ltrans.o
 .data.GPS_hdop
                0x20000050        0x2 /tmp/ccxtdRyp.ltrans4.ltrans.o
                0x20000050                GPS_hdop
 *fill*         0x20000052        0x2 
 .data.bmp280_name
                0x20000054        0x4 /tmp/ccxtdRyp.ltrans6.ltrans.o
 .data.mpu6500_name
                0x20000058        0x4 /tmp/ccxtdRyp.ltrans6.ltrans.o
                0x20000058                mpu6500_name
 .data.pid_controller
                0x2000005c        0x4 /tmp/ccxtdRyp.ltrans17.ltrans.o
                0x2000005c                pid_controller
 .data.hmc5883_name
                0x20000060        0x4 /tmp/ccxtdRyp.ltrans20.ltrans.o
 .data.mpu3050_name
                0x20000064        0x4 /tmp/ccxtdRyp.ltrans22.ltrans.o
 .data.mpu6050_name
                0x20000068        0x4 /tmp/ccxtdRyp.ltrans22.ltrans.o
 .data.batteryCellCount
                0x2000006c        0x1 /tmp/ccxtdRyp.ltrans24.ltrans.o
                0x2000006c                batteryCellCount
 *fill*         0x2000006d        0x3 
 .data.SystemCoreClock
                0x20000070        0x4 /tmp/ccxtdRyp.ltrans24.ltrans.o
                0x20000070                SystemCoreClock
 .data.cfTasks  0x20000074      0x118 /tmp/ccxtdRyp.ltrans24.ltrans.o
                0x20000074                cfTasks
 .data.__ctype_ptr__
                0x2000018c        0x4 /usr/lib/gcc/arm-none-eabi/4.9.3/../../../arm-none-eabi/lib/armv7-m/libc_nano.a(lib_a-ctype_.o)
                0x2000018c                __ctype_ptr__
 .data.impure_data
                0x20000190       0x60 /usr/lib/gcc/arm-none-eabi/4.9.3/../../../arm-none-eabi/lib/armv7-m/libc_nano.a(lib_a-impure.o)
 .data._impure_ptr
                0x200001f0        0x4 /usr/lib/gcc/arm-none-eabi/4.9.3/../../../arm-none-eabi/lib/armv7-m/libc_nano.a(lib_a-impure.o)
                0x200001f0                _impure_ptr
 .data.__fdlib_version
                0x200001f4        0x1 /usr/lib/gcc/arm-none-eabi/4.9.3/../../../arm-none-eabi/lib/armv7-m/libm.a(lib_a-s_lib_ver.o)
                0x200001f4                __fdlib_version
                0x200001f8                . = ALIGN (0x4)
 *fill*         0x200001f5        0x3 
                0x200001f8                _edata = .

.igot.plt       0x200001f8        0x0 load address 0x0801da78
 .igot.plt      0x200001f8        0x0 obj/main/NAZE/startup_stm32f10x_md_gcc.o
                0x200001f8                . = ALIGN (0x4)

.bss            0x200001f8     0x312c load address 0x0801da78
                0x200001f8                _sbss = .
                0x200001f8                __bss_start__ = _sbss
 *(.bss)
 .bss           0x200001f8      0x1fc /tmp/ccxtdRyp.ltrans0.ltrans.o
                0x20000200                i2cOverClock.lto_priv.591
                0x20000224                inputFilteringMode.lto_priv.585
                0x20000228                ppmDev
                0x20000354                servos.lto_priv.587
                0x20000375                displayPresent.lto_priv.558
                0x2000037c                mpuDetectionResult
                0x20000380                mpuIntExtiConfig.lto_priv.598
                0x20000384                mpuDividerDrops.lto_priv.595
                0x20000390                gpsPacketLog
                0x200003a8                s_hcsr04.lto_priv.588
                0x200003c8                sonarHardware.lto_priv.589
                0x200003cc                telemetryConfig.lto_priv.429
                0x200003d0                portConfig.lto_priv.432
                0x200003d4                frskyPortSharing.lto_priv.556
                0x200003d5                hottPortSharing.lto_priv.554
                0x200003d8                telemetryConfig.lto_priv.430
                0x200003dc                portConfig.lto_priv.434
                0x200003e0                smartPortPortSharing.lto_priv.551
                0x200003e8                portConfig.lto_priv.435
                0x200003ec                ltmPortSharing.lto_priv.549
                0x200003ed                couldBeBusy.lto_priv.579
                0x200003f0                tailAddress.lto_priv.532
 .bss           0x200003f4      0x3af /tmp/ccxtdRyp.ltrans1.ltrans.o
                0x20000404                gyroLpfCutFreq.lto_priv.523
                0x2000047c                gyroConfig.lto_priv.522
                0x200004d8                imuRuntimeConfig.lto_priv.465
                0x20000500                gyroScale.lto_priv.466
                0x20000510                smallAngleCosZ
                0x2000051c                fc_acc
                0x20000520                accDeadband.lto_priv.518
                0x20000524                lookupYawRC
                0x2000053c                rxRefreshRate.lto_priv.445
                0x20000554                rcControlsConfig.lto_priv.517
                0x2000055c                escAndServoConfig.lto_priv.380
                0x20000560                throttleAngleScale
                0x20000564                mixerConfig.lto_priv.468
                0x20000568                currentMixer.lto_priv.471
                0x2000062c                rxConfig.lto_priv.520
                0x20000630                currentMixerMode.lto_priv.470
                0x20000654                gimbalConfig.lto_priv.519
                0x20000658                servoFilterState.lto_priv.469
                0x20000778                motorControlEnable
                0x2000077c                blackboxPort.lto_priv.414
                0x20000780                blackboxHeaderBudget
                0x20000784                blackboxMaxHeaderBytesPerIteration.lto_priv.412
                0x20000788                xmitState.lto_priv.410
                0x20000790                blackboxConditionCache.lto_priv.407
                0x20000794                vbatReference.lto_priv.403
                0x20000796                blackboxSlowFrameIterationTimer.lto_priv.411
                0x20000798                blackboxPFrameIndex.lto_priv.406
                0x2000079c                blackboxIteration.lto_priv.405
                0x200007a0                blackboxModeActivationConditionPresent.lto_priv.404
                0x200007a1                blackboxPortSharing.lto_priv.413
                0x200007a2                blackboxLoggedAnyFrames.lto_priv.409
 *fill*         0x200007a3        0x1 
 .bss           0x200007a4      0x164 /tmp/ccxtdRyp.ltrans2.ltrans.o
                0x200007a4                printfSerialPort.lto_priv.514
                0x200007c4                servo
                0x200007d4                GPS_ground_course
                0x200007d6                GPS_update
                0x200007d7                GPS_numCh
                0x200007d8                GPS_svinfo_chn
                0x200007e8                GPS_svinfo_svid
                0x200007f8                GPS_svinfo_quality
                0x20000808                GPS_svinfo_cno
                0x20000818                debug
                0x20000820                blackboxState.lto_priv.378
                0x20000884                pwmIOConfiguration.lto_priv.472
 .bss           0x20000908      0x1c8 /tmp/ccxtdRyp.ltrans3.ltrans.o
                0x20000908                rxSignalReceived.lto_priv.541
                0x20000909                rxMspFrameDone.lto_priv.346
                0x2000090a                ppmFrameCount.lto_priv.586
                0x20000933                rcSampleIndex.lto_priv.444
                0x2000097c                rcInvalidPulsPeriod
                0x200009c5                rxFlightChannelsValid.lto_priv.542
                0x200009e0                rxConfig.lto_priv.304
                0x200009e4                deadband3dThrottle.lto_priv.464
                0x200009e8                disarmAt.lto_priv.402
                0x200009f0                calibratingG.lto_priv.390
                0x200009f2                AccInflightCalibrationMeasurementDone
                0x200009f3                AccInflightCalibrationSavetoEEProm
                0x200009f6                calibratingA.lto_priv.342
                0x200009f8                InflightcalibratingA
                0x200009fa                AccInflightCalibrationActive
                0x200009fc                adjustmentStates
                0x20000a30                escAndServoConfig.lto_priv.343
                0x20000a34                magHold
                0x20000a36                headFreeModeHold
                0x20000a38                nav_mode
                0x20000a3c                gpsProfile.lto_priv.384
                0x20000a40                GPS_hold
                0x20000a4a                nav_rated.lto_priv.386
                0x20000a4e                nav.lto_priv.385
                0x20000a7c                poshold_ratePID.lto_priv.561
                0x20000aa4                navPID.lto_priv.562
                0x20000acc                isRXDataNew.lto_priv.388
                0x20000acd                haveProcessedAnnexCodeOnce.lto_priv.377
                0x20000ace                initialThrottleHold.lto_priv.387
 .bss           0x20000ad0       0xe8 /tmp/ccxtdRyp.ltrans4.ltrans.o
                0x20000ad0                frskyTelemetryEnabled.lto_priv.557
                0x20000ada                accSmooth
                0x20000ae0                vario
                0x20000ae8                telemetryConfig.lto_priv.274
                0x20000aec                amperage
                0x20000af0                GPS_speed
                0x20000af2                GPS_altitude
                0x20000af4                GPS_numSat
                0x20000af8                GPS_coord
                0x20000b00                hottTelemetryEnabled.lto_priv.555
                0x20000b08                hottEAMMessage.lto_priv.436
                0x20000b38                telemetryConfig.lto_priv.275
                0x20000b3c                hottGPSMessage.lto_priv.437
                0x20000b68                GPS_distanceToHome
                0x20000b6a                GPS_directionToHome
                0x20000b74                hottPort.lto_priv.548
                0x20000b84                portConfig.lto_priv.433
                0x20000b8a                smartPortTelemetryEnabled.lto_priv.552
                0x20000b8c                smartPortSerialPort.lto_priv.547
                0x20000b90                smartPortState
                0x20000b94                smartPortLastRequestTime.lto_priv.553
                0x20000b9a                ltmEnabled.lto_priv.550
                0x20000b9c                ltmPort.lto_priv.546
                0x20000ba8                EstAlt.lto_priv.292
                0x20000bac                rssi
                0x20000bb0                GPS_home
 .bss           0x20000bb8      0x6b4 /tmp/ccxtdRyp.ltrans5.ltrans.o
 .bss           0x2000126c       0x68 /tmp/ccxtdRyp.ltrans6.ltrans.o
 .bss           0x200012d4       0x18 /tmp/ccxtdRyp.ltrans7.ltrans.o
 .bss           0x200012ec       0x41 /tmp/ccxtdRyp.ltrans8.ltrans.o
 *fill*         0x2000132d        0x3 
 .bss           0x20001330       0x18 /tmp/ccxtdRyp.ltrans9.ltrans.o
                0x20001330                s_task_stack_ptr.lto_priv.528
                0x20001334                s_task_stack.lto_priv.529
 .bss           0x20001348      0x242 /tmp/ccxtdRyp.ltrans10.ltrans.o
                0x2000152c                GPS_WP.lto_priv.564
                0x20001534                wp_distance.lto_priv.565
                0x20001538                target_bearing.lto_priv.566
                0x2000153c                error.lto_priv.571
                0x20001544                posholdPID_PARAM.lto_priv.572
                0x20001554                poshold_ratePID_PARAM.lto_priv.573
                0x20001568                waypoint_speed_gov.lto_priv.569
                0x2000156c                original_target_bearing.lto_priv.568
                0x20001574                nav_bearing.lto_priv.567
                0x20001578                navPID_PARAM.lto_priv.574
                0x20001588                nav_takeoff_bearing.lto_priv.575
 *fill*         0x2000158a        0x2 
 .bss           0x2000158c       0x48 /tmp/ccxtdRyp.ltrans11.ltrans.o
                0x2000158c                serialPortCount.lto_priv.350
                0x2000158e                lookupThrottleRC
                0x200015a6                lookupPitchRollRC
                0x200015b4                beeperIsOn.lto_priv.337
                0x200015b8                beeperNextToggleTime.lto_priv.336
                0x200015bc                beeperPos.lto_priv.338
                0x200015c0                currentBeeperEntry.lto_priv.335
                0x200015c4                dmaHandlers.lto_priv.481
 .bss           0x200015d4      0x2cc /tmp/ccxtdRyp.ltrans12.ltrans.o
                0x200015d4                ibusChannelData.lto_priv.313
                0x20001635                xBusChannelCount.lto_priv.455
                0x20001636                xBusFrameReceived.lto_priv.314
                0x20001638                spekChannelData.lto_priv.331
                0x20001668                sumhChannels.lto_priv.317
                0x20001688                sumdChannels.lto_priv.322
                0x200016a8                sbusChannelData.lto_priv.325
                0x200016f0                mspFrame.lto_priv.345
                0x20001714                captures.lto_priv.310
                0x20001731                ibus.lto_priv.312
                0x20001751                ibusFrameDone.lto_priv.311
                0x2000175c                xBusFramePosition.lto_priv.453
                0x2000175d                xBusDataIncoming.lto_priv.452
                0x2000175e                xBusFrameLength.lto_priv.454
                0x2000175f                xBusProvider.lto_priv.456
                0x20001765                spekFrame.lto_priv.327
                0x20001775                rcFrameComplete.lto_priv.326
                0x20001781                sumhFrame.lto_priv.316
                0x20001796                sumhFrameDone.lto_priv.315
                0x2000179d                sumdFrameDone.lto_priv.318
                0x2000179e                crc.lto_priv.319
                0x200017a0                sumdChannelCount.lto_priv.320
                0x200017a1                sumd.lto_priv.321
                0x200017cd                sbusFrame.lto_priv.324
                0x200017e6                sbusFrameDone.lto_priv.323
                0x200017e8                batteryConfig
                0x200017ec                mAhDrawn
                0x200017f0                adcConfig
                0x20001800                adcValues
                0x20001808                vbatLatestADC
                0x2000180c                vbatFilterState.lto_priv.428
                0x20001830                vbat
                0x20001834                rxConfig.lto_priv.305
                0x20001838                suspendRxSignalUntil.lto_priv.308
                0x2000183c                skipRxSamples.lto_priv.307
                0x20001840                sysTickUptime.lto_priv.222
                0x20001844                failsafeState.lto_priv.273
                0x20001868                warningLedState.lto_priv.252
                0x2000186c                warningLedTimer.lto_priv.389
                0x20001870                flightModeFlags
                0x20001874                rcModeActivationMask
                0x20001878                activeBoxIdCount.lto_priv.347
                0x20001879                activeBoxIds.lto_priv.348
                0x20001898                currentPort.lto_priv.221
                0x2000189c                mspSerialPort.lto_priv.341
 .bss           0x200018a0        0x7 /tmp/ccxtdRyp.ltrans13.ltrans.o
 *fill*         0x200018a7        0x1 
 .bss           0x200018a8       0x6c /tmp/ccxtdRyp.ltrans14.ltrans.o
                0x200018a8                motor_disarmed
                0x200018c0                currentProfile
                0x200018c4                gpsPort.lto_priv.294
                0x200018c8                pageState.lto_priv.301
                0x200018dc                cliBuffer.lto_priv.354
                0x2000190c                bufferIndex.lto_priv.353
                0x20001910                servoConf.lto_priv.268
 .bss           0x20001914      0x234 /tmp/ccxtdRyp.ltrans15.ltrans.o
                0x20001914                gpsHistory.lto_priv.536
                0x20001928                blackboxHistory.lto_priv.538
                0x20001934                blackboxHistoryRing.lto_priv.539
                0x20001aa8                blackboxIFrameIndex.lto_priv.537
                0x20001aac                blackboxLastArmingBeep.lto_priv.540
                0x20001ab0                systemState.lto_priv.423
                0x20001ab4                s_it_current.lto_priv.524
                0x20001ab8                s_table_number.lto_priv.530
                0x20001abc                s_table.lto_priv.531
                0x20001b3c                s_task_cutin.lto_priv.526
                0x20001b40                s_loop_count.lto_priv.525
                0x20001b44                s_pass_count.lto_priv.527
 .bss           0x20001b48      0x600 /tmp/ccxtdRyp.ltrans16.ltrans.o
 .bss           0x20002148      0x2e4 /tmp/ccxtdRyp.ltrans17.ltrans.o
                0x20002148                usTicks.lto_priv.485
                0x2000214c                rcCommand
                0x20002154                attitude
                0x2000215c                gyroADC
                0x20002168                PIDweight
                0x2000216c                errorGyroI.lto_priv.302
                0x20002178                targetLooptime
                0x2000217c                stateFlags
                0x2000217d                motorLimitReached
                0x200021b0                axisPID
                0x200021b8                axisPID_P
                0x200021c4                axisPID_I
                0x200021d0                axisPID_D
                0x200021dc                deltaFilterState.lto_priv.271
                0x20002248                errorAngleI.lto_priv.272
                0x20002250                dynP8
                0x20002268                dynD8
                0x2000226b                motorCount
                0x2000226c                pif_timer1ms
                0x20002274                pif_datetime
                0x2000227c                extiHandlerConfigs.lto_priv.484
                0x20002294                motor
                0x200022ac                motors.lto_priv.473
                0x200022dc                timerConfig
                0x2000237c                flight3DConfig.lto_priv.379
                0x20002380                escAndServoConfig.lto_priv.381
                0x20002384                servoRuleCount.lto_priv.383
                0x20002385                currentServoMixer.lto_priv.382
                0x200023f8                customServoMixers.lto_priv.480
                0x200023fc                q1.lto_priv.393
                0x20002400                q2.lto_priv.394
                0x20002404                q3.lto_priv.395
                0x20002408                rMat.lto_priv.293
 *fill*         0x2000242c        0x4 
 .bss           0x20002430      0x9f0 /tmp/ccxtdRyp.ltrans18.ltrans.o
                0x20002430                sensor_link
                0x20002540                pif_cumulative_timer1ms
                0x20002544                g_i2c_port
                0x20002574                hmc5883.lto_priv.590
                0x2000258c                string.9181.lto_priv.563
                0x2000259b                lineBuffer.lto_priv.559
                0x200025b2                rcData
                0x200025d8                pif_act_timer1us
                0x200025dc                mspPorts.lto_priv.219
                0x20002674                masterConfig
                0x20002dcc                rxRuntimeConfigPtr.lto_priv.329
                0x20002dd0                rxRuntimeConfig
                0x20002dd1                spek_chan_shift.lto_priv.328
                0x20002dd2                spek_chan_mask.lto_priv.330
                0x20002dd3                spekHiRes.lto_priv.217
                0x20002dd4                serialConfig.lto_priv.250
                0x20002dd8                findSharedSerialPortState.lto_priv.297
                0x20002ddc                serialPortUsageList.lto_priv.249
                0x20002e18                pidProfile.lto_priv.298
                0x20002e1c                activeFeaturesLatch.lto_priv.218
 .bss           0x20002e20      0x120 /tmp/ccxtdRyp.ltrans19.ltrans.o
                0x20002e44                uartPort3.lto_priv.581
                0x20002e98                uartPort2.lto_priv.582
                0x20002eec                uartPort1.lto_priv.583
 .bss           0x20002f40        0x9 /tmp/ccxtdRyp.ltrans20.ltrans.o
                0x20002f44                I2Cx.lto_priv.592
                0x20002f48                I2Cx_index.lto_priv.593
 *fill*         0x20002f49        0x3 
 .bss           0x20002f4c       0xbc /tmp/ccxtdRyp.ltrans21.ltrans.o
                0x20002f4c                pif_timer1us
                0x20002f54                calibratingB.lto_priv.300
                0x20002f5c                baroPressureSum.lto_priv.544
                0x20002f60                barometerConfig.lto_priv.290
                0x20002f70                sonarMaxTiltCos.lto_priv.438
                0x20002f74                calculatedAltitude.lto_priv.351
                0x20002f78                sonarCfAltCm
                0x20002f80                sonarMaxAltWithTiltCm
                0x20002f84                accSumCount
                0x20002f88                accSum
                0x20002f94                accVelScale
                0x20002f98                barometerConfig.lto_priv.291
                0x20002fa4                AltHold
                0x20002fa8                pidProfile.lto_priv.515
                0x20002fac                errorVelocityI
                0x20002fb0                altHoldThrottleAdjustment
                0x20002fb4                velocityControl
                0x20002fb8                baroPressure.lto_priv.543
                0x20002fbc                baroReady.lto_priv.545
                0x20002fc0                magADC
                0x20002fdc                magInit.lto_priv.467
                0x20002fe0                gpsData
                0x20003000                gpsConfig.lto_priv.442
 .bss           0x20003008       0x1d /tmp/ccxtdRyp.ltrans22.ltrans.o
 *fill*         0x20003025        0x3 
 .bss           0x20003028       0x25 /tmp/ccxtdRyp.ltrans23.ltrans.o
                0x20003034                GPS_packetCount
                0x2000303c                GPS_svInfoReceivedCount
                0x20003048                GPS_garbageByteCount
 *fill*         0x2000304d        0x3 
 .bss           0x20003050       0x7a /tmp/ccxtdRyp.ltrans24.ltrans.o
                0x20003050                writer.lto_priv.340
                0x20003054                cliWriter.lto_priv.225
                0x20003058                currentControlRateProfileIndex.lto_priv.299
                0x2000305c                currentControlRateProfile
                0x20003060                pif_performance
                0x20003068                batteryState.lto_priv.277
                0x2000306c                enabledSensors.lto_priv.276
                0x20003070                i2cErrorCount.lto_priv.352
                0x20003074                s_tasks.lto_priv.415
                0x2000308c                g_timer_1ms
                0x200030b0                cliPort.lto_priv.224
                0x200030b4                beep_multiBeeps.lto_priv.251
 *fill*         0x200030ca        0x2 
 .bss           0x200030cc       0xf9 /tmp/ccxtdRyp.ltrans25.ltrans.o
 .bss           0x200031c5       0x82 /tmp/ccxtdRyp.ltrans26.ltrans.o
                0x200031c5                bufferHead.lto_priv.576
                0x200031c6                bufferTail.lto_priv.577
                0x200031c7                flashWriteBuffer.lto_priv.578
 *fill*         0x20003247        0x1 
 .bss           0x20003248       0x24 /tmp/ccxtdRyp.ltrans27.ltrans.o
                0x2000324c                batteryWarningVoltage
                0x2000324e                batteryCriticalVoltage
                0x20003258                amperageLatestADC
                0x20003268                armingBeepTimeMicros.lto_priv.408
 .bss           0x2000326c       0x54 /tmp/ccxtdRyp.ltrans28.ltrans.o
                0x20003274                errorGyroIf.lto_priv.303
                0x20003280                dT
                0x200032bc                failsafeConfig.lto_priv.306
 .bss           0x200032c0       0x35 /tmp/ccxtdRyp.ltrans29.ltrans.o
                0x200032c0                accADC
                0x200032cc                accelerationTrims.lto_priv.521
                0x200032f4                isAccelUpdatedAtLeastOnce.lto_priv.391
 *(SORT(.bss*))
 *fill*         0x200032f5        0x3 
 .bss.pif_log_flag
                0x200032f8        0x4 /tmp/ccxtdRyp.ltrans8.ltrans.o
 .bss.systemBeepPtr
                0x200032fc        0x4 /tmp/ccxtdRyp.ltrans17.ltrans.o
                0x200032fc                systemBeepPtr
 .bss.accTimeSum
                0x20003300        0x4 /tmp/ccxtdRyp.ltrans21.ltrans.o
                0x20003300                accTimeSum
 .bss.setVelocity
                0x20003304        0x4 /tmp/ccxtdRyp.ltrans21.ltrans.o
                0x20003304                setVelocity
 .bss.__malloc_sbrk_start
                0x20003308        0x4 /usr/lib/gcc/arm-none-eabi/4.9.3/../../../arm-none-eabi/lib/armv7-m/libc_nano.a(lib_a-nano-mallocr.o)
                0x20003308                __malloc_sbrk_start
 .bss.__malloc_free_list
                0x2000330c        0x4 /usr/lib/gcc/arm-none-eabi/4.9.3/../../../arm-none-eabi/lib/armv7-m/libc_nano.a(lib_a-nano-mallocr.o)
                0x2000330c                __malloc_free_list
 .bss.heap_end.4079
                0x20003310        0x4 /usr/lib/gcc/arm-none-eabi/4.9.3/../../../arm-none-eabi/lib/armv7-m/libnosys.a(sbrk.o)
 .bss.GPS_angle
                0x20003314        0x4 /tmp/ccxtdRyp.ltrans17.ltrans.o
                0x20003314                GPS_angle
 .bss.cycleTime
                0x20003318        0x2 /tmp/ccxtdRyp.ltrans24.ltrans.o
                0x20003318                cycleTime
 .bss.hardwareRevision
                0x2000331a        0x1 /tmp/ccxtdRyp.ltrans2.ltrans.o
                0x2000331a                hardwareRevision
 .bss.armingFlags
                0x2000331b        0x1 /tmp/ccxtdRyp.ltrans12.ltrans.o
                0x2000331b                armingFlags
 .bss.cliMode   0x2000331c        0x1 /tmp/ccxtdRyp.ltrans14.ltrans.o
                0x2000331c                cliMode
 .bss.pif_error
                0x2000331d        0x1 /tmp/ccxtdRyp.ltrans18.ltrans.o
                0x2000331d                pif_error
 .bss.CHAR_FORMAT
                0x2000331e        0x1 /tmp/ccxtdRyp.ltrans20.ltrans.o
 *(COMMON)
 *fill*         0x2000331f        0x1 
 COMMON         0x20003320        0x4 /usr/lib/gcc/arm-none-eabi/4.9.3/../../../arm-none-eabi/lib/armv7-m/libc_nano.a(lib_a-reent.o)
                0x20003320                errno
                0x20003324                . = ALIGN (0x4)
                0x20003324                _ebss = .
                0x20003324                __bss_end__ = _ebss

._user_heap_stack
                0x20003324      0x400 load address 0x0801da78
                0x20003324                . = ALIGN (0x4)
                0x20003324                PROVIDE (end, .)
                [!provide]                PROVIDE (_end, .)
                0x20003324                . = (. + _Min_Heap_Size)
                0x20003724                . = (. + _Min_Stack_Size)
 *fill*         0x20003324      0x400 
                0x20003724                . = ALIGN (0x4)

.memory_b1_text
 *(.mb1text)
 *(.mb1text*)
 *(.mb1rodata)
 *(.mb1rodata*)

/DISCARD/
 libc.a(*)
 libm.a(*)
 libgcc.a(*)

.ARM.attributes
                0x00000000       0x2f
 *(.ARM.attributes)
 .ARM.attributes
                0x00000000       0x21 obj/main/NAZE/startup_stm32f10x_md_gcc.o
 .ARM.attributes
                0x00000021       0x31 /tmp/ccxtdRyp.ltrans0.ltrans.o
 .ARM.attributes
                0x00000052       0x31 /tmp/ccxtdRyp.ltrans1.ltrans.o
 .ARM.attributes
                0x00000083       0x31 /tmp/ccxtdRyp.ltrans2.ltrans.o
 .ARM.attributes
                0x000000b4       0x31 /tmp/ccxtdRyp.ltrans3.ltrans.o
 .ARM.attributes
                0x000000e5       0x31 /tmp/ccxtdRyp.ltrans4.ltrans.o
 .ARM.attributes
                0x00000116       0x31 /tmp/ccxtdRyp.ltrans5.ltrans.o
 .ARM.attributes
                0x00000147       0x31 /tmp/ccxtdRyp.ltrans6.ltrans.o
 .ARM.attributes
                0x00000178       0x31 /tmp/ccxtdRyp.ltrans7.ltrans.o
 .ARM.attributes
                0x000001a9       0x31 /tmp/ccxtdRyp.ltrans8.ltrans.o
 .ARM.attributes
                0x000001da       0x31 /tmp/ccxtdRyp.ltrans9.ltrans.o
 .ARM.attributes
                0x0000020b       0x31 /tmp/ccxtdRyp.ltrans10.ltrans.o
 .ARM.attributes
                0x0000023c       0x31 /tmp/ccxtdRyp.ltrans11.ltrans.o
 .ARM.attributes
                0x0000026d       0x31 /tmp/ccxtdRyp.ltrans12.ltrans.o
 .ARM.attributes
                0x0000029e       0x31 /tmp/ccxtdRyp.ltrans13.ltrans.o
 .ARM.attributes
                0x000002cf       0x31 /tmp/ccxtdRyp.ltrans14.ltrans.o
 .ARM.attributes
                0x00000300       0x31 /tmp/ccxtdRyp.ltrans15.ltrans.o
 .ARM.attributes
                0x00000331       0x31 /tmp/ccxtdRyp.ltrans16.ltrans.o
 .ARM.attributes
                0x00000362       0x31 /tmp/ccxtdRyp.ltrans17.ltrans.o
 .ARM.attributes
                0x00000393       0x31 /tmp/ccxtdRyp.ltrans18.ltrans.o
 .ARM.attributes
                0x000003c4       0x31 /tmp/ccxtdRyp.ltrans19.ltrans.o
 .ARM.attributes
                0x000003f5       0x31 /tmp/ccxtdRyp.ltrans20.ltrans.o
 .ARM.attributes
                0x00000426       0x31 /tmp/ccxtdRyp.ltrans21.ltrans.o
 .ARM.attributes
                0x00000457       0x31 /tmp/ccxtdRyp.ltrans22.ltrans.o
 .ARM.attributes
                0x00000488       0x31 /tmp/ccxtdRyp.ltrans23.ltrans.o
 .ARM.attributes
                0x000004b9       0x31 /tmp/ccxtdRyp.ltrans24.ltrans.o
 .ARM.attributes
                0x000004ea       0x31 /tmp/ccxtdRyp.ltrans25.ltrans.o
 .ARM.attributes
                0x0000051b       0x31 /tmp/ccxtdRyp.ltrans26.ltrans.o
 .ARM.attributes
                0x0000054c       0x31 /tmp/ccxtdRyp.ltrans27.ltrans.o
 .ARM.attributes
                0x0000057d       0x31 /tmp/ccxtdRyp.ltrans28.ltrans.o
 .ARM.attributes
                0x000005ae       0x31 /tmp/ccxtdRyp.ltrans29.ltrans.o
 .ARM.attributes
                0x000005df       0x2d /usr/lib/gcc/arm-none-eabi/4.9.3/../../../arm-none-eabi/lib/armv7-m/libc_nano.a(lib_a-atoi.o)
 .ARM.attributes
                0x0000060c       0x2d /usr/lib/gcc/arm-none-eabi/4.9.3/../../../arm-none-eabi/lib/armv7-m/libc_nano.a(lib_a-ctype_.o)
 .ARM.attributes
                0x00000639       0x2d /usr/lib/gcc/arm-none-eabi/4.9.3/../../../arm-none-eabi/lib/armv7-m/libc_nano.a(lib_a-strtok.o)
 .ARM.attributes
                0x00000666       0x2d /usr/lib/gcc/arm-none-eabi/4.9.3/../../../arm-none-eabi/lib/armv7-m/libc_nano.a(lib_a-strtok_r.o)
 .ARM.attributes
                0x00000693       0x2d /usr/lib/gcc/arm-none-eabi/4.9.3/../../../arm-none-eabi/lib/armv7-m/libc_nano.a(lib_a-strtol.o)
 .ARM.attributes
                0x000006c0       0x2d /usr/lib/gcc/arm-none-eabi/4.9.3/../../../arm-none-eabi/lib/armv7-m/libc_nano.a(lib_a-impure.o)
 .ARM.attributes
                0x000006ed       0x2d /usr/lib/gcc/arm-none-eabi/4.9.3/../../../arm-none-eabi/lib/armv7-m/libc_nano.a(lib_a-malloc.o)
 .ARM.attributes
                0x0000071a       0x2d /usr/lib/gcc/arm-none-eabi/4.9.3/../../../arm-none-eabi/lib/armv7-m/libc_nano.a(lib_a-nano-freer.o)
 .ARM.attributes
                0x00000747       0x2d /usr/lib/gcc/arm-none-eabi/4.9.3/../../../arm-none-eabi/lib/armv7-m/libc_nano.a(lib_a-nano-mallocr.o)
 .ARM.attributes
                0x00000774       0x2d /usr/lib/gcc/arm-none-eabi/4.9.3/../../../arm-none-eabi/lib/armv7-m/libc_nano.a(lib_a-sbrkr.o)
 .ARM.attributes
                0x000007a1       0x2d /usr/lib/gcc/arm-none-eabi/4.9.3/../../../arm-none-eabi/lib/armv7-m/libc_nano.a(lib_a-reent.o)
 .ARM.attributes
                0x000007ce       0x2d /usr/lib/gcc/arm-none-eabi/4.9.3/../../../arm-none-eabi/lib/armv7-m/libnosys.a(sbrk.o)
 .ARM.attributes
                0x000007fb       0x2d /usr/lib/gcc/arm-none-eabi/4.9.3/../../../arm-none-eabi/lib/armv7-m/libm.a(lib_a-sf_lrint.o)
 .ARM.attributes
                0x00000828       0x2d /usr/lib/gcc/arm-none-eabi/4.9.3/../../../arm-none-eabi/lib/armv7-m/libm.a(lib_a-wf_pow.o)
 .ARM.attributes
                0x00000855       0x2d /usr/lib/gcc/arm-none-eabi/4.9.3/../../../arm-none-eabi/lib/armv7-m/libm.a(lib_a-wf_sqrt.o)
 .ARM.attributes
                0x00000882       0x2d /usr/lib/gcc/arm-none-eabi/4.9.3/../../../arm-none-eabi/lib/armv7-m/libm.a(lib_a-ef_pow.o)
 .ARM.attributes
                0x000008af       0x2d /usr/lib/gcc/arm-none-eabi/4.9.3/../../../arm-none-eabi/lib/armv7-m/libm.a(lib_a-ef_sqrt.o)
 .ARM.attributes
                0x000008dc       0x2d /usr/lib/gcc/arm-none-eabi/4.9.3/../../../arm-none-eabi/lib/armv7-m/libm.a(lib_a-s_lib_ver.o)
 .ARM.attributes