Archive member included to satisfy reference by file (symbol)

/usr/lib/gcc/arm-none-eabi/4.9.3/../../../arm-none-eabi/lib/armv7-m/libc_nano.a(lib_a-atoi.o)
                              obj/main/NAZE/../controller/io/ledstrip.o (symbol from plugin) (atoi)
/usr/lib/gcc/arm-none-eabi/4.9.3/../../../arm-none-eabi/lib/armv7-m/libc_nano.a(lib_a-ctype_.o)
                              obj/main/NAZE/../controller/flight/gps_conversion.o (symbol from plugin) (__ctype_ptr__)
/usr/lib/gcc/arm-none-eabi/4.9.3/../../../arm-none-eabi/lib/armv7-m/libc_nano.a(lib_a-strtok.o)
                              obj/main/NAZE/../controller/io/serial_cli.o (symbol from plugin) (strtok)
/usr/lib/gcc/arm-none-eabi/4.9.3/../../../arm-none-eabi/lib/armv7-m/libc_nano.a(lib_a-strtok_r.o)
                              /usr/lib/gcc/arm-none-eabi/4.9.3/../../../arm-none-eabi/lib/armv7-m/libc_nano.a(lib_a-strtok.o) (__strtok_r)
/usr/lib/gcc/arm-none-eabi/4.9.3/../../../arm-none-eabi/lib/armv7-m/libc_nano.a(lib_a-strtol.o)
                              /usr/lib/gcc/arm-none-eabi/4.9.3/../../../arm-none-eabi/lib/armv7-m/libc_nano.a(lib_a-atoi.o) (_strtol_r)
/usr/lib/gcc/arm-none-eabi/4.9.3/../../../arm-none-eabi/lib/armv7-m/libc_nano.a(lib_a-impure.o)
                              /usr/lib/gcc/arm-none-eabi/4.9.3/../../../arm-none-eabi/lib/armv7-m/libc_nano.a(lib_a-strtok.o) (_impure_ptr)
/usr/lib/gcc/arm-none-eabi/4.9.3/../../../arm-none-eabi/lib/armv7-m/libc_nano.a(lib_a-malloc.o)
                              /usr/lib/gcc/arm-none-eabi/4.9.3/../../../arm-none-eabi/lib/armv7-m/libc_nano.a(lib_a-strtok.o) (malloc)
/usr/lib/gcc/arm-none-eabi/4.9.3/../../../arm-none-eabi/lib/armv7-m/libc_nano.a(lib_a-nano-freer.o)
                              /usr/lib/gcc/arm-none-eabi/4.9.3/../../../arm-none-eabi/lib/armv7-m/libc_nano.a(lib_a-malloc.o) (_free_r)
/usr/lib/gcc/arm-none-eabi/4.9.3/../../../arm-none-eabi/lib/armv7-m/libc_nano.a(lib_a-nano-mallocr.o)
                              /usr/lib/gcc/arm-none-eabi/4.9.3/../../../arm-none-eabi/lib/armv7-m/libc_nano.a(lib_a-malloc.o) (_malloc_r)
/usr/lib/gcc/arm-none-eabi/4.9.3/../../../arm-none-eabi/lib/armv7-m/libc_nano.a(lib_a-sbrkr.o)
                              /usr/lib/gcc/arm-none-eabi/4.9.3/../../../arm-none-eabi/lib/armv7-m/libc_nano.a(lib_a-nano-mallocr.o) (_sbrk_r)
/usr/lib/gcc/arm-none-eabi/4.9.3/../../../arm-none-eabi/lib/armv7-m/libc_nano.a(lib_a-reent.o)
                              /usr/lib/gcc/arm-none-eabi/4.9.3/../../../arm-none-eabi/lib/armv7-m/libc_nano.a(lib_a-sbrkr.o) (errno)
/usr/lib/gcc/arm-none-eabi/4.9.3/../../../arm-none-eabi/lib/armv7-m/libnosys.a(sbrk.o)
                              /usr/lib/gcc/arm-none-eabi/4.9.3/../../../arm-none-eabi/lib/armv7-m/libc_nano.a(lib_a-sbrkr.o) (_sbrk)
/usr/lib/gcc/arm-none-eabi/4.9.3/../../../arm-none-eabi/lib/armv7-m/libm.a(lib_a-sf_lrint.o)
                              /tmp/ccehrbqB.ltrans1.ltrans.o (lrintf)
/usr/lib/gcc/arm-none-eabi/4.9.3/../../../arm-none-eabi/lib/armv7-m/libm.a(lib_a-wf_pow.o)
                              /tmp/ccehrbqB.ltrans22.ltrans.o (powf)
/usr/lib/gcc/arm-none-eabi/4.9.3/../../../arm-none-eabi/lib/armv7-m/libm.a(lib_a-wf_sqrt.o)
                              /tmp/ccehrbqB.ltrans1.ltrans.o (sqrtf)
/usr/lib/gcc/arm-none-eabi/4.9.3/../../../arm-none-eabi/lib/armv7-m/libm.a(lib_a-ef_pow.o)
                              /usr/lib/gcc/arm-none-eabi/4.9.3/../../../arm-none-eabi/lib/armv7-m/libm.a(lib_a-wf_pow.o) (__ieee754_powf)
/usr/lib/gcc/arm-none-eabi/4.9.3/../../../arm-none-eabi/lib/armv7-m/libm.a(lib_a-ef_sqrt.o)
                              /usr/lib/gcc/arm-none-eabi/4.9.3/../../../arm-none-eabi/lib/armv7-m/libm.a(lib_a-wf_sqrt.o) (__ieee754_sqrtf)
/usr/lib/gcc/arm-none-eabi/4.9.3/../../../arm-none-eabi/lib/armv7-m/libm.a(lib_a-s_lib_ver.o)
                              /usr/lib/gcc/arm-none-eabi/4.9.3/../../../arm-none-eabi/lib/armv7-m/libm.a(lib_a-wf_pow.o) (__fdlib_version)
/usr/lib/gcc/arm-none-eabi/4.9.3/../../../arm-none-eabi/lib/armv7-m/libm.a(lib_a-s_matherr.o)
                              /usr/lib/gcc/arm-none-eabi/4.9.3/../../../arm-none-eabi/lib/armv7-m/libm.a(lib_a-wf_pow.o) (matherr)
/usr/lib/gcc/arm-none-eabi/4.9.3/../../../arm-none-eabi/lib/armv7-m/libm.a(lib_a-s_rint.o)
                              /usr/lib/gcc/arm-none-eabi/4.9.3/../../../arm-none-eabi/lib/armv7-m/libm.a(lib_a-wf_pow.o) (rint)
/usr/lib/gcc/arm-none-eabi/4.9.3/../../../arm-none-eabi/lib/armv7-m/libm.a(lib_a-sf_fabs.o)
                              /usr/lib/gcc/arm-none-eabi/4.9.3/../../../arm-none-eabi/lib/armv7-m/libm.a(lib_a-ef_pow.o) (fabsf)
/usr/lib/gcc/arm-none-eabi/4.9.3/../../../arm-none-eabi/lib/armv7-m/libm.a(lib_a-sf_finite.o)
                              /usr/lib/gcc/arm-none-eabi/4.9.3/../../../arm-none-eabi/lib/armv7-m/libm.a(lib_a-wf_pow.o) (finitef)
/usr/lib/gcc/arm-none-eabi/4.9.3/../../../arm-none-eabi/lib/armv7-m/libm.a(lib_a-sf_fpclassify.o)
[...]
Memory Configuration

Name             Origin             Length             Attributes
FLASH            0x08000000         0x0001f000         xr
RAM              0x20000000         0x00005000         xrw
MEMORY_B1        0x60000000         0x00000000         xr
*default*        0x00000000         0xffffffff

Linker script and memory map

LOAD obj/main/NAZE/startup_stm32f10x_md_gcc.o
LOAD obj/main/NAZE/drivers/accgyro_adxl345.o
LOAD /tmp/ccehrbqB.ltrans0.ltrans.o
LOAD /tmp/ccehrbqB.ltrans1.ltrans.o
LOAD /tmp/ccehrbqB.ltrans2.ltrans.o
LOAD /tmp/ccehrbqB.ltrans3.ltrans.o
LOAD /tmp/ccehrbqB.ltrans4.ltrans.o
LOAD /tmp/ccehrbqB.ltrans5.ltrans.o
LOAD /tmp/ccehrbqB.ltrans6.ltrans.o
LOAD /tmp/ccehrbqB.ltrans7.ltrans.o
LOAD /tmp/ccehrbqB.ltrans8.ltrans.o
LOAD /tmp/ccehrbqB.ltrans9.ltrans.o
LOAD /tmp/ccehrbqB.ltrans10.ltrans.o
LOAD /tmp/ccehrbqB.ltrans11.ltrans.o
LOAD /tmp/ccehrbqB.ltrans12.ltrans.o
LOAD /tmp/ccehrbqB.ltrans13.ltrans.o
LOAD /tmp/ccehrbqB.ltrans14.ltrans.o
LOAD /tmp/ccehrbqB.ltrans15.ltrans.o
LOAD /tmp/ccehrbqB.ltrans16.ltrans.o
LOAD /tmp/ccehrbqB.ltrans17.ltrans.o
LOAD /tmp/ccehrbqB.ltrans18.ltrans.o
LOAD /tmp/ccehrbqB.ltrans19.ltrans.o
LOAD /tmp/ccehrbqB.ltrans20.ltrans.o
LOAD /tmp/ccehrbqB.ltrans21.ltrans.o
LOAD /tmp/ccehrbqB.ltrans22.ltrans.o
LOAD /tmp/ccehrbqB.ltrans23.ltrans.o
LOAD /tmp/ccehrbqB.ltrans24.ltrans.o
LOAD /tmp/ccehrbqB.ltrans25.ltrans.o
LOAD /tmp/ccehrbqB.ltrans26.ltrans.o
LOAD /tmp/ccehrbqB.ltrans27.ltrans.o
LOAD /tmp/ccehrbqB.ltrans28.ltrans.o
LOAD obj/main/NAZE/drivers/accgyro_bma280.o
LOAD obj/main/NAZE/drivers/accgyro_l3g4200d.o
LOAD obj/main/NAZE/drivers/accgyro_mma845x.o
LOAD obj/main/NAZE/drivers/accgyro_mpu.o
LOAD obj/main/NAZE/drivers/accgyro_mpu3050.o
LOAD obj/main/NAZE/drivers/accgyro_mpu6050.o
LOAD obj/main/NAZE/drivers/accgyro_mpu6500.o
LOAD obj/main/NAZE/drivers/accgyro_spi_mpu6500.o
LOAD obj/main/NAZE/drivers/adc.o
LOAD obj/main/NAZE/drivers/adc_stm32f10x.o
LOAD obj/main/NAZE/drivers/barometer_bmp085.o
LOAD obj/main/NAZE/drivers/barometer_ms5611.o
LOAD obj/main/NAZE/drivers/barometer_bmp280.o
LOAD obj/main/NAZE/drivers/bus_spi.o
LOAD obj/main/NAZE/drivers/bus_i2c_stm32f10x.o
LOAD obj/main/NAZE/drivers/compass_hmc5883l.o
LOAD obj/main/NAZE/drivers/compass_qmc5883l.o
LOAD obj/main/NAZE/drivers/display_ug2864hsweg01.o
LOAD obj/main/NAZE/drivers/flash_m25p16.o
LOAD obj/main/NAZE/drivers/gpio_stm32f10x.o
LOAD obj/main/NAZE/drivers/inverter.o
LOAD obj/main/NAZE/drivers/light_led_stm32f10x.o
LOAD obj/main/NAZE/drivers/light_ws2811strip.o
LOAD obj/main/NAZE/drivers/light_ws2811strip_stm32f10x.o
LOAD obj/main/NAZE/drivers/sonar_hcsr04.o
LOAD obj/main/NAZE/drivers/pwm_mapping.o
LOAD obj/main/NAZE/drivers/pwm_output.o
LOAD obj/main/NAZE/drivers/pwm_rx.o
LOAD obj/main/NAZE/drivers/serial_softserial.o
LOAD obj/main/NAZE/drivers/serial_uart.o
LOAD obj/main/NAZE/drivers/serial_uart_stm32f10x.o
LOAD obj/main/NAZE/drivers/sound_beeper_stm32f10x.o
LOAD obj/main/NAZE/drivers/system_stm32f10x.o
LOAD obj/main/NAZE/drivers/timer.o
LOAD obj/main/NAZE/drivers/timer_stm32f10x.o
LOAD obj/main/NAZE/../controller/io/flashfs.o
LOAD obj/main/NAZE/hardware_revision.o
LOAD obj/main/NAZE/../controller/flight/gtune.o
LOAD obj/main/NAZE/../controller/flight/navigation.o
LOAD obj/main/NAZE/../controller/flight/gps_conversion.o
LOAD obj/main/NAZE/../controller/common/colorconversion.o
LOAD obj/main/NAZE/../controller/io/gps.o
LOAD obj/main/NAZE/../controller/io/ledstrip.o
LOAD obj/main/NAZE/../controller/io/display.o
LOAD obj/main/NAZE/../controller/telemetry/telemetry.o
LOAD obj/main/NAZE/../controller/telemetry/frsky.o
LOAD obj/main/NAZE/../controller/telemetry/hott.o
LOAD obj/main/NAZE/../controller/telemetry/smartport.o
LOAD obj/main/NAZE/../controller/telemetry/ltm.o
LOAD obj/main/NAZE/../controller/sensors/sonar.o
LOAD obj/main/NAZE/../controller/sensors/barometer.o
LOAD obj/main/NAZE/../controller/blackbox/blackbox.o
LOAD obj/main/NAZE/../controller/blackbox/blackbox_io.o
LOAD obj/main/NAZE/build_config.o
LOAD obj/main/NAZE/debug.o
LOAD obj/main/NAZE/../controller/version.o
LOAD obj/main/NAZE/../controller/config/config.o
LOAD obj/main/NAZE/../controller/config/runtime_config.o
LOAD obj/main/NAZE/../controller/common/maths.o
LOAD obj/main/NAZE/../controller/common/printf.o
LOAD obj/main/NAZE/../controller/common/typeconversion.o
LOAD obj/main/NAZE/../controller/common/encoding.o
LOAD obj/main/NAZE/../controller/common/filter.o
LOAD obj/main/NAZE/../controller/scheduler.o
LOAD obj/main/NAZE/../controller/scheduler_tasks.o
LOAD obj/main/NAZE/main.o
LOAD obj/main/NAZE/../controller/mw.o
LOAD obj/main/NAZE/../controller/flight/altitudehold.o
LOAD obj/main/NAZE/../controller/flight/failsafe.o
LOAD obj/main/NAZE/../controller/flight/pid.o
LOAD obj/main/NAZE/../controller/flight/imu.o
LOAD obj/main/NAZE/../controller/flight/mixer.o
LOAD obj/main/NAZE/drivers/bus_i2c_soft.o
LOAD obj/main/NAZE/drivers/serial.o
LOAD obj/main/NAZE/drivers/sound_beeper.o
LOAD obj/main/NAZE/drivers/system.o
LOAD obj/main/NAZE/drivers/dma.o
LOAD obj/main/NAZE/drivers/buf_writer.o
LOAD obj/main/NAZE/drivers/gyro_sync.o
LOAD obj/main/NAZE/../controller/io/beeper.o
LOAD obj/main/NAZE/../controller/io/rc_controls.o
LOAD obj/main/NAZE/../controller/io/rc_curves.o
LOAD obj/main/NAZE/../controller/io/serial.o
LOAD obj/main/NAZE/../controller/io/serial_1wire.o
LOAD obj/main/NAZE/../controller/io/serial_cli.o
LOAD obj/main/NAZE/../controller/io/serial_msp.o
LOAD obj/main/NAZE/../controller/io/statusindicator.o
LOAD obj/main/NAZE/../controller/rx/rx.o
LOAD obj/main/NAZE/../controller/rx/pwm.o
LOAD obj/main/NAZE/../controller/rx/msp.o
LOAD obj/main/NAZE/../controller/rx/sbus.o
LOAD obj/main/NAZE/../controller/rx/sumd.o
LOAD obj/main/NAZE/../controller/rx/sumh.o
LOAD obj/main/NAZE/../controller/rx/spektrum.o
LOAD obj/main/NAZE/../controller/rx/xbus.o
LOAD obj/main/NAZE/../controller/rx/ibus.o
LOAD obj/main/NAZE/../controller/sensors/acceleration.o
LOAD obj/main/NAZE/../controller/sensors/battery.o
LOAD obj/main/NAZE/../controller/sensors/boardalignment.o
LOAD obj/main/NAZE/../controller/sensors/compass.o
LOAD obj/main/NAZE/../controller/sensors/gyro.o
LOAD obj/main/NAZE/../controller/sensors/initialisation.o
LOAD obj/main/NAZE/../controller/pif_linker.o
LOAD obj/main/NAZE/core_cm3.o
LOAD obj/main/NAZE/system_stm32f10x.o
LOAD obj/main/NAZE/stm32f10x_dma.o
LOAD obj/main/NAZE/stm32f10x_dbgmcu.o
LOAD obj/main/NAZE/stm32f10x_dac.o
LOAD obj/main/NAZE/stm32f10x_rtc.o
LOAD obj/main/NAZE/stm32f10x_pwr.o
LOAD obj/main/NAZE/stm32f10x_i2c.o
LOAD obj/main/NAZE/stm32f10x_sdio.o
LOAD obj/main/NAZE/stm32f10x_rcc.o
LOAD obj/main/NAZE/stm32f10x_flash.o
LOAD obj/main/NAZE/stm32f10x_usart.o
LOAD obj/main/NAZE/stm32f10x_tim.o
LOAD obj/main/NAZE/stm32f10x_wwdg.o
LOAD obj/main/NAZE/misc.o
LOAD obj/main/NAZE/stm32f10x_iwdg.o
LOAD obj/main/NAZE/stm32f10x_adc.o
LOAD obj/main/NAZE/stm32f10x_spi.o
LOAD obj/main/NAZE/stm32f10x_bkp.o
LOAD obj/main/NAZE/stm32f10x_exti.o
LOAD obj/main/NAZE/stm32f10x_fsmc.o
LOAD obj/main/NAZE/stm32f10x_gpio.o
LOAD obj/main/NAZE/../../pif/source/communication/pif_i2c.o
LOAD obj/main/NAZE/../../pif/source/core/pif.o
LOAD obj/main/NAZE/../../pif/source/core/pif_obj_array.o
LOAD obj/main/NAZE/../../pif/source/core/pif_task.o
LOAD obj/main/NAZE/../../pif/source/core/pif_timer.o
LOAD obj/main/NAZE/../../pif/source/sensor/pif_imu_sensor.o
LOAD obj/main/NAZE/../../pif/source/sensor/pif_bmp280.o
LOAD obj/main/NAZE/../../pif/source/sensor/pif_hc_sr04.o
LOAD obj/main/NAZE/../../pif/source/sensor/pif_mpu6500.o
LOAD obj/main/NAZE/../../pif/source/sensor/pif_qmc5883.o
LOAD /usr/lib/gcc/arm-none-eabi/4.9.3/../../../arm-none-eabi/lib/armv7-m/libm.a
LOAD /usr/lib/gcc/arm-none-eabi/4.9.3/../../../arm-none-eabi/lib/armv7-m/libc_nano.a
LOAD /usr/lib/gcc/arm-none-eabi/4.9.3/../../../arm-none-eabi/lib/armv7-m/libnosys.a
START GROUP
LOAD /usr/lib/gcc/arm-none-eabi/4.9.3/armv7-m/libgcc.a
LOAD /usr/lib/gcc/arm-none-eabi/4.9.3/../../../arm-none-eabi/lib/armv7-m/libg_nano.a
LOAD /usr/lib/gcc/arm-none-eabi/4.9.3/../../../arm-none-eabi/lib/armv7-m/libc_nano.a
END GROUP
START GROUP
LOAD /usr/lib/gcc/arm-none-eabi/4.9.3/armv7-m/libgcc.a
LOAD /usr/lib/gcc/arm-none-eabi/4.9.3/../../../arm-none-eabi/lib/armv7-m/libc_nano.a
END GROUP
                0x20005000                _estack = (ORIGIN (RAM) + LENGTH (RAM))
                0x00000000                _Min_Heap_Size = 0x0
                0x00000400                _Min_Stack_Size = 0x400

.isr_vector     0x08000000      0x10c
                0x08000000                . = ALIGN (0x4)
                [!provide]                PROVIDE (isr_vector_table_base, .)
 *(.isr_vector)
 .isr_vector    0x08000000      0x10c obj/main/NAZE/startup_stm32f10x_md_gcc.o
                0x08000000                g_pfnVectors
                0x0800010c                . = ALIGN (0x4)

.text           0x08000110    0x1d618
                0x08000110                . = ALIGN (0x4)
 *(.text)
 .text          0x08000110     0x24c0 /tmp/ccehrbqB.ltrans0.ltrans.o
                0x08000110                init
 .text          0x080025d0     0x22d0 /tmp/ccehrbqB.ltrans1.ltrans.o
                0x080025d0                taskMainPidLoopChecker
 .text          0x080048a0     0x20f0 /tmp/ccehrbqB.ltrans2.ltrans.o
                0x080048a0                taskHandleSerial
 .text          0x08006990     0x1730 /tmp/ccehrbqB.ltrans3.ltrans.o
                0x08006990                taskUpdateRxMain
 .text          0x080080c0      0x8d0 /tmp/ccehrbqB.ltrans4.ltrans.o
                0x08008310                mpuIsDataReady
                0x08008408                pifMpuGyroRead
                0x08008470                pifMpuAccRead
                0x080085b0                mpu6500GyroInit
                0x08008794                mpu6500AccInit
                0x080087a8                i2cRead
                0x08008828                mpuReadRegisterI2C.lto_priv.478
                0x0800883c                i2cWriteBuffer
                0x080088bc                mpuWriteRegisterI2C.lto_priv.479
                0x080088d6                I2C2_EV_IRQHandler
                0x080088da                I2C2_ER_IRQHandler
                0x080088dc                I2C1_EV_IRQHandler
                0x080088e0                I2C1_ER_IRQHandler
                0x080088e2                initSpi2
 .text          0x08008990      0xcc0 /tmp/ccehrbqB.ltrans5.ltrans.o
                0x08008990                taskTelemetry
 .text          0x08009650      0xed0 /tmp/ccehrbqB.ltrans6.ltrans.o
                0x0800974a                _putc.lto_priv.497
                0x08009758                setTaskEnabled
                0x080097a8                applyBiQuadFilter
                0x0800980e                BiQuadNewLpf
                0x080098e0                fastA2F
                0x08009a0c                ftoa
                0x08009ad8                _i2a.lto_priv.219
                0x08009b00                tfp_format
                0x08009cd6                tfp_sprintf
                0x08009d00                applyDeadband
                0x08009d1e                acosf
                0x08009d98                atan2f
                0x08009e9c                sinf
                0x08009f84                cosf
                0x08009f98                disableFlightMode
                0x08009fb8                enableFlightMode
                0x08009fd8                featureClear
                0x08009fe8                handleOneshotFeatureChangeOnRestart
                0x0800a03c                writeEEPROM
                0x0800a188                readEEPROM
                0x0800a50c                saveConfigAndNotify
 .text          0x0800a520      0xcc8 /tmp/ccehrbqB.ltrans7.ltrans.o
                0x0800a576                cliShowArgumentRangeError.lto_priv.250
                0x0800a590                cliAux.lto_priv.233
                0x0800a67c                cliShowParseError.lto_priv.251
                0x0800a688                cliColor.lto_priv.234
                0x0800a768                cliLed.lto_priv.237
                0x0800a980                cliRxRange.lto_priv.241
                0x0800aa5c                cliMotorMix.lto_priv.238
                0x0800ac54                cliAdjustmentRange.lto_priv.232
                0x0800adb0                cliRxFail.lto_priv.242
                0x0800aee8                cliPrompt.lto_priv.386
                0x0800af04                waitForSerialPortToFinishTransmitting
                0x0800af1a                serialRemovePort
                0x0800af4c                closeSerialPort
                0x0800af74                openSerialPort
                0x0800b014                serialFindPortConfiguration
                0x0800b03c                cliSerial.lto_priv.244
                0x0800b180                doesConfigurationUsePort
                0x0800b196                determinePortSharing
                0x0800b1aa                findNextSerialPortConfig
                0x0800b1dc                findSerialPortConfig
 .text          0x0800b1e8      0xd7c /tmp/ccehrbqB.ltrans8.ltrans.o
                0x0800b210                ibusReadRawRC.lto_priv.467
                0x0800b21c                xBusReadRawRC.lto_priv.465
                0x0800b2dc                spektrumReadRawRC.lto_priv.215
                0x0800b308                sumhReadRawRC.lto_priv.458
                0x0800b320                sumdReadRawRC.lto_priv.456
                0x0800b334                sbusReadRawRC.lto_priv.454
                0x0800b364                rxMspReadRawRC.lto_priv.469
                0x0800b374                ppmReadRawRC.lto_priv.471
                0x0800b384                pwmReadRawRC.lto_priv.470
                0x0800b394                nullReadRawRC.lto_priv.217
                0x0800b398                ibusDataReceive.lto_priv.468
                0x0800b3e4                xBusDataReceive.lto_priv.466
                0x0800b4c0                spektrumDataReceive.lto_priv.216
                0x0800b510                sumhDataReceive.lto_priv.459
                0x0800b55c                sumdDataReceive.lto_priv.457
                0x0800b608                sbusDataReceive.lto_priv.455
                0x0800b660                TIM_ICInit
                0x0800b888                FLASH_WaitForLastOperation
                0x0800b8aa                RCC_GetClocksFreq
                0x0800b93c                DMA_StructInit
                0x0800b956                DMA_Init
                0x0800b992                DMA_DeInit
                0x0800ba84                SystemInit
                0x0800bad0                alignSensors
                0x0800bc4c                calculateBatteryCapacityRemainingPercentage
                0x0800bc94                batteryAdcToVoltage
                0x0800bcc0                updateBatteryVoltage.lto_priv.348
                0x0800bcf8                getRxfailValue.lto_priv.343
                0x0800bd58                resumeRxSignal
                0x0800bd80                suspendRxSignal
                0x0800bdac                warningLedRefresh
                0x0800bdf4                packFlightModeFlags.lto_priv.385
                0x0800bf24                mspReleasePortIfAllocated
 .text          0x0800bf64      0x634 /tmp/ccehrbqB.ltrans9.ltrans.o
                0x0800bf64                taskLedStrip
 .text          0x0800c598      0xa84 /tmp/ccehrbqB.ltrans10.ltrans.o
                0x0800c6e0                blackboxWrite
                0x0800c878                blackboxAdvanceIterationTimers.lto_priv.405
                0x0800c8b4                blackboxLogEvent
                0x0800c964                blackboxLogIteration.lto_priv.406
                0x0800cec0                sendFieldDefinition.lto_priv.407
 .text          0x0800d01c      0xd7c /tmp/ccehrbqB.ltrans11.ltrans.o
                0x0800d034                gpsNewFrame
                0x0800d5dc                gpsSetState.lto_priv.306
                0x0800d5f8                GPS_distance_cm_bearing.isra.3.lto_priv.581
                0x0800d67c                gpsNewData.part.2.lto_priv.253
 .text          0x0800dd98      0xd0c /tmp/ccehrbqB.ltrans12.ltrans.o
                0x0800dd98                cliPlaySound.lto_priv.374
                0x0800de38                cliMotor.lto_priv.373
                0x0800ded4                cliServo.lto_priv.375
                0x0800e018                cliHelp.lto_priv.370
                0x0800e05c                cliMixer.lto_priv.372
                0x0800e100                cliMap.lto_priv.371
                0x0800e1a4                cliGpsPassthrough.lto_priv.369
                0x0800e260                cliFeature.lto_priv.366
                0x0800e358                cliExit.lto_priv.365
                0x0800e3d8                cliDump.lto_priv.364
                0x0800e728                cliFlashErase.lto_priv.367
                0x0800e754                cliFlashInfo.lto_priv.368
                0x0800e78c                cliServoMix.lto_priv.376
 .text          0x0800eaa4      0xa30 /tmp/ccehrbqB.ltrans13.ltrans.o
                0x0800eaa4                _doTask.lto_priv.221
                0x0800eb68                pifQmc5883_ReadMag
                0x0800ebc6                pifMpu6500_ReadAccel
                0x0800ec30                pifMpu6500_ReadGyro
                0x0800ec9a                _processingTask.part.1.lto_priv.429
                0x0800edcc                pifTask_SetTrigger
                0x0800ede8                pifTask_ChangePeriod
                0x0800ee10                pifObjArray_Remove
                0x0800ee52                pifTaskManager_Remove
                0x0800eec0                pifObjArray_Add
                0x0800eeec                pifTaskManager_Add
                0x0800f0f0                pifObjArray_Clear
                0x0800f120                pif_Delay1us
                0x0800f140                _doTask.lto_priv.223
                0x0800f174                pifI2cDevice_WriteRegByte
                0x0800f20c                _doTask.lto_priv.222
                0x0800f40c                pifI2cDevice_ReadRegBit8
                0x0800f438                GPIO_Init
 .text          0x0800f4d4      0xbbc /tmp/ccehrbqB.ltrans14.ltrans.o
                0x0800f4d4                dmaNoOpHandler
                0x0800f4d6                micros
                0x0800f50c                beepInverted.lto_priv.493
                0x0800f520                beepNormal.lto_priv.494
                0x0800f7f8                generateThrottleCurve
                0x0800f888                generatePitchRollCurve
                0x0800f8bc                isRangeActive.part.3.lto_priv.341
                0x0800f904                isModeActivationConditionPresent
                0x0800f926                calculateThrottleStatus
                0x0800f95c                blackboxLogInflightAdjustmentEvent
                0x0800f984                bufWriterFlush
                0x0800f99c                bufWriterAppend
                0x0800f9b8                DMA1_Channel7_IRQHandler
                0x0800f9cc                DMA1_Channel6_IRQHandler
                0x0800f9e0                DMA1_Channel3_IRQHandler
                0x0800f9f4                DMA1_Channel2_IRQHandler
                0x0800fa08                delayMicroseconds
                0x0800fa1e                delay
                0x0800fa32                SysTick_Handler
                0x0800fbc4                EXTI15_10_IRQHandler
                0x0800fbe4                systemBeep
                0x0800fbf0                beeperSilence
                0x0800fc20                beeper
                0x0800fc6c                beeperConfirmationBeeps
                0x0800fc9c                failureMode
                0x0800fd30                serialSetMode
                0x0800fd36                isSerialTransmitBufferEmpty
                0x0800fd3c                serialSetBaudRate
                0x0800fd42                serialRead
                0x0800fd48                serialRxBytesWaiting
                0x0800fd4e                serialWrite
                0x0800fd54                serialWriteBufShim
                0x0800fd90                writeMotors
                0x0800fe34                stopMotors
                0x0800fe7c                mixerResetDisarmedMotors
                0x0800feb4                loadCustomServoMixer
                0x0800ff04                determineServoMiddleOrForwardFromChannel
                0x0800ff38                imuComputeRotationMatrix.lto_priv.410
                0x0801006c                pidSetController
 .text          0x08010090      0x880 /tmp/ccehrbqB.ltrans15.ltrans.o
                0x08010090                ws2811DMAHandler
                0x080100b8                actI2cWrite.lto_priv.214
                0x080100c8                qmc5883lRead
                0x08010134                qmc5883lInit
                0x080101e0                actI2cRead.lto_priv.213
                0x080101f0                ECHO_EXTI_IRQHandler.lto_priv.591
                0x08010260                ws2811UpdateStrip
                0x0801041c                gpioExtiLineConfig
                0x08010446                gpioInit
                0x080104aa                m25p16_isReady
                0x080104f4                m25p16_waitForReady
                0x08010514                m25p16_readBytes
                0x08010560                i2c_OLED_send_byte.lto_priv.563
                0x08010578                i2c_OLED_send_char
                0x080105ac                i2c_OLED_send_string
                0x080105be                i2c_OLED_send_cmd.lto_priv.523
                0x080105d6                ug2864hsweg01InitI2C.part.0.lto_priv.522
                0x080106b4                i2c_OLED_set_line
                0x080106cc                i2c_OLED_set_xy
                0x080106f6                i2cInit.lto_priv.218
 .text          0x08010910      0x718 /tmp/ccehrbqB.ltrans16.ltrans.o
                0x0801099a                isSoftSerialTransmitBufferEmpty
                0x080109a6                softSerialSetMode
                0x080109aa                softSerialWriteByte
                0x080109c8                softSerialTxBytesFree
                0x080109ea                softSerialRxBytesWaiting
                0x08010a08                softSerialReadByte
                0x08010b64                softSerialSetBaudRate
                0x08010b74                onSerialRxPinChange
                0x08010c12                usartIrqCallback
                0x08010c76                uartStartTxDMA
                0x08010cd8                uartOpen
 .text          0x08011028      0x988 /tmp/ccehrbqB.ltrans17.ltrans.o
                0x080110ec                wrap_18000.lto_priv.409
                0x08011110                GPS_set_next_wp
                0x0801119c                gpsUsePIDs
                0x0801123c                GPS_reset_home_position
                0x08011290                calculate_Gtune
                0x0801144c                flashfsAdvanceTailInBuffer.lto_priv.539
                0x0801147c                flashfsGetDirtyDataBuffers.lto_priv.537
                0x080114b4                flashfsGetOffset
                0x080114d4                flashfsWriteBuffers.lto_priv.538
                0x08011628                flashfsFlushSync
                0x08011660                flashfsFlushAsync
                0x080116a4                flashfsTransmitBufferUsed.lto_priv.408
                0x080116c4                flashfsEraseCompletely
                0x08011714                TIM4_IRQHandler
                0x08011724                TIM3_IRQHandler
                0x08011734                TIM2_IRQHandler
                0x08011740                TIM1_UP_IRQHandler
                0x08011750                TIM1_CC_IRQHandler
                0x08011760                configTimeBase
                0x08011808                timerConfigure
                0x0801185c                lookupTimerIndex.lto_priv.280
                0x08011898                timerChConfigCallbacks
                0x08011950                USART3_IRQHandler
                0x0801195c                USART2_IRQHandler
                0x08011968                USART1_IRQHandler
                0x08011974                DMA1_Channel4_IRQHandler
 .text          0x080119b0      0x41c /tmp/ccehrbqB.ltrans18.ltrans.o
                0x080119b0                mwArm
                0x08011d48                mwDisarm
                0x08011db0                HardFault_Handler
 .text          0x08011dcc      0x974 /tmp/ccehrbqB.ltrans19.ltrans.o
                0x08011e18                drawHorizonalPercentageBar
                0x08011e6a                updateDisplay
                0x080125a0                applyDirectionalModeColor
                0x08012680                reevalulateLedConfig
 .text          0x08012740      0x8d0 /tmp/ccehrbqB.ltrans20.ltrans.o
                0x08012760                pwmOverflowCallback.lto_priv.489
                0x08012788                ppmEdgeCallback.lto_priv.490
                0x08012914                ppmOverflowCallback.lto_priv.491
                0x08012954                pwmWriteStandard.lto_priv.486
                0x08012964                pwmWriteBrushed.lto_priv.487
                0x08012988                _evtHcSr04Distance.lto_priv.449
                0x08012994                _actHcSr04Trigger.lto_priv.448
                0x080129ac                applyChangedBits
                0x080129d6                serialICConfig.lto_priv.585
                0x08012b0a                openSoftSerial
                0x08012ca4                pwmICConfig
                0x08012ce0                pwmEdgeCallback.lto_priv.488
                0x08012d38                pwmWriteServo
                0x08012d50                pwmOutConfig.lto_priv.524
                0x08013004                EXTI9_5_IRQHandler
                0x08013008                EXTI1_IRQHandler
                0x0801300c                EXTI0_IRQHandler
 .text          0x08013010      0x7e0 /tmp/ccehrbqB.ltrans21.ltrans.o
                0x08013010                NVIC_Init.part.0.constprop.212
                0x0801304c                EXTI_Init.part.0.constprop.207
                0x080130a0                _alignSensors.constprop.202
                0x080131d8                pifI2cPort_AddDevice.constprop.194
                0x080131f8                pifI2cDevice_Read.constprop.193
                0x08013298                spiTransferByte.constprop.156
                0x080132b8                spiTransfer.constprop.155
                0x080132f8                pifObjArray_Init.part.0.constprop.152
                0x08013350                initI2cDevice.constprop.148
                0x080133b0                GPS_coord_to_degrees.constprop.113
                0x08013470                grab_fields.constprop.112
                0x080134bc                drawRxChannel.constprop.108
                0x08013508                blackboxWriteSigned16VBArray.constprop.81
                0x08013528                blackboxWriteSignedVBArray.constprop.80
                0x08013542                mspAllocateSerialPorts.constprop.78
                0x080135bc                resetSerialConfig.constprop.74
                0x08013618                parseRcChannels.constprop.64
                0x08013654                itoa.constprop.59
                0x08013676                spektrumInit.constprop.46
                0x080136f8                findNextSharedSerialPort.constprop.20
                0x0801375c                setAdjustment.constprop.18
                0x080137e8                headSerialError.constprop.12
 .text          0x080137f0      0x890 /tmp/ccehrbqB.ltrans22.ltrans.o
                0x080137f0                taskUpdateDisplay
                0x08013808                taskCalculateAltitude
                0x08013c8c                taskUpdateCompass
                0x08013dd8                taskProcessGPS
 .text          0x08014080      0x884 /tmp/ccehrbqB.ltrans23.ltrans.o
                0x08014086                activateControlRateConfig
                0x080140cc                isEEPROMContentValid.lto_priv.525
                0x08014110                resetConf.lto_priv.229
                0x080145c4                blackboxDeviceReserveBufferSpace
                0x08014624                isBlackboxDeviceFull
                0x08014650                blackboxDeviceFlushForce
                0x08014674                blackboxWriteTag2_3S32
                0x08014794                blackboxWriteUnsignedVB
                0x080147b4                blackboxWriteSignedVB
                0x080147bc                blackboxPrint
                0x08014890                blackboxPrintfHeaderLine
                0x080148e0                blackboxPrintf
 .text          0x08014904      0x710 /tmp/ccehrbqB.ltrans24.ltrans.o
                0x08014908                read8.lto_priv.380
                0x0801491c                read16.lto_priv.381
                0x08014930                read32.lto_priv.382
                0x08014942                serialize8.lto_priv.379
                0x08014960                tailSerialReply.lto_priv.377
                0x08014980                headSerialResponse.lto_priv.220
                0x080149c8                headSerialReply.lto_priv.378
                0x080149ce                serialize16.lto_priv.383
                0x080149e0                serialize32.lto_priv.384
                0x080149f2                cliWrite.lto_priv.255
                0x08014a00                cliPrintf.lto_priv.249
                0x08014a28                cliVersion.lto_priv.248
                0x08014a5c                cliTasks.lto_priv.247
                0x08014aac                cliPrintVar.lto_priv.256
                0x08014b98                cliRateProfile.lto_priv.240
                0x08014bdc                cliProfile.lto_priv.239
                0x08014c18                cliPrint.lto_priv.252
                0x08014c34                cliStatus.lto_priv.246
                0x08014d4c                cliGet.lto_priv.236
                0x08014da4                cliSet.lto_priv.245
                0x08014fa8                cliReboot.lto_priv.254
                0x08014fe0                cliDefaults.lto_priv.235
                0x08014ffc                cliSave.lto_priv.243
 .text          0x08015014      0x61c /tmp/ccehrbqB.ltrans25.ltrans.o
                0x08015014                evtBaroRead.lto_priv.498
                0x080151d4                sonarRead
                0x08015264                ltm_finalise.lto_priv.296
                0x0801527c                ltm_serialise_8.lto_priv.297
                0x080152a0                ltm_serialise_32.lto_priv.298
                0x080152c2                ltm_serialise_16.lto_priv.300
                0x080152d4                ltm_initialise_packet.lto_priv.299
                0x08015308                smartPortSendPackage.lto_priv.295
                0x08015370                workAroundForHottTelemetryOnUsart.isra.0.lto_priv.294
                0x0801539c                flushHottRxBuffer.lto_priv.293
                0x080153b8                serialize16.lto_priv.290
                0x080153cc                sendTelemetryTail.lto_priv.289
                0x080153dc                sendDataHead.lto_priv.291
                0x08015400                sendLatLong.lto_priv.292
                0x08015478                telemetryCheckState
 .text          0x08015630      0x940 /tmp/ccehrbqB.ltrans26.ltrans.o
                0x08015630                filterIsSetCheck
                0x08015670                scaleItermToRcInput
                0x08015744                pidMultiWii23.lto_priv.265
                0x08015aec                pidLuxFloat.lto_priv.264
                0x08015f18                pidResetErrorAngle
                0x08015f30                failsafeActivate.lto_priv.342
 .text          0x08015f70      0x338 /tmp/ccehrbqB.ltrans27.ltrans.o
                0x08015f70                taskUpdateBattery
                0x08016178                taskUpdateBeeper
 .text          0x080162a8      0x200 /tmp/ccehrbqB.ltrans28.ltrans.o
                0x080162a8                taskUpdateAccelerometer
 .text          0x080164a8      0x370 /usr/lib/gcc/arm-none-eabi/4.9.3/armv7-m/libgcc.a(_arm_addsubdf3.o)
                0x080164a8                __aeabi_drsub
                0x080164b0                __aeabi_dsub
                0x080164b0                __subdf3
                0x080164b4                __adddf3
                0x080164b4                __aeabi_dadd
                0x0801672c                __aeabi_ui2d
                0x0801672c                __floatunsidf
                0x0801674c                __floatsidf
                0x0801674c                __aeabi_i2d
                0x08016770                __extendsfdf2
                0x08016770                __aeabi_f2d
                0x080167ac                __aeabi_ul2d
                0x080167ac                __floatundidf
                0x080167bc                __floatdidf
                0x080167bc                __aeabi_l2d
 .text          0x08016818      0x424 /usr/lib/gcc/arm-none-eabi/4.9.3/armv7-m/libgcc.a(_arm_muldivdf3.o)
                0x08016818                __aeabi_dmul
                0x08016818                __muldf3
                0x08016a6c                __aeabi_ddiv
                0x08016a6c                __divdf3
 .text          0x08016c3c      0x110 /usr/lib/gcc/arm-none-eabi/4.9.3/armv7-m/libgcc.a(_arm_cmpdf2.o)
                0x08016c3c                __gtdf2
                0x08016c3c                __gedf2
                0x08016c44                __ltdf2
                0x08016c44                __ledf2
                0x08016c4c                __cmpdf2
                0x08016c4c                __eqdf2
                0x08016c4c                __nedf2
                0x08016cc8                __aeabi_cdrcmple
                0x08016cd8                __aeabi_cdcmple
                0x08016cd8                __aeabi_cdcmpeq
                0x08016ce8                __aeabi_dcmpeq
                0x08016cfc                __aeabi_dcmplt
                0x08016d10                __aeabi_dcmple
                0x08016d24                __aeabi_dcmpge
                0x08016d38                __aeabi_dcmpgt
 .text          0x08016d4c       0xa0 /usr/lib/gcc/arm-none-eabi/4.9.3/armv7-m/libgcc.a(_arm_truncdfsf2.o)
                0x08016d4c                __aeabi_d2f
                0x08016d4c                __truncdfsf2
 .text          0x08016dec      0x21c /usr/lib/gcc/arm-none-eabi/4.9.3/armv7-m/libgcc.a(_arm_addsubsf3.o)
                0x08016dec                __aeabi_frsub
                0x08016df4                __subsf3
                0x08016df4                __aeabi_fsub
                0x08016df8                __aeabi_fadd
                0x08016df8                __addsf3
                0x08016f58                __aeabi_ui2f
                0x08016f58                __floatunsisf
                0x08016f60                __aeabi_i2f
                0x08016f60                __floatsisf
                0x08016f7c                __floatundisf
                0x08016f7c                __aeabi_ul2f
                0x08016f8c                __floatdisf
                0x08016f8c                __aeabi_l2f
 .text          0x08017008      0x2a0 /usr/lib/gcc/arm-none-eabi/4.9.3/armv7-m/libgcc.a(_arm_muldivsf3.o)
                0x08017008                __mulsf3
                0x08017008                __aeabi_fmul
                0x08017170                __divsf3
                0x08017170                __aeabi_fdiv
 .text          0x080172a8       0xec /usr/lib/gcc/arm-none-eabi/4.9.3/armv7-m/libgcc.a(_arm_cmpsf2.o)
                0x080172a8                __gtsf2
                0x080172a8                __gesf2
                0x080172b0                __lesf2
                0x080172b0                __ltsf2
                0x080172b8                __nesf2
                0x080172b8                __eqsf2
                0x080172b8                __cmpsf2
                0x08017318                __aeabi_cfrcmple
                0x08017320                __aeabi_cfcmple
                0x08017320                __aeabi_cfcmpeq
                0x08017330                __aeabi_fcmpeq
                0x08017344                __aeabi_fcmplt
                0x08017358                __aeabi_fcmple
                0x0801736c                __aeabi_fcmpge
                0x08017380                __aeabi_fcmpgt
 .text          0x08017394       0x4c /usr/lib/gcc/arm-none-eabi/4.9.3/armv7-m/libgcc.a(_arm_fixsfsi.o)
                0x08017394                __fixsfsi
                0x08017394                __aeabi_f2iz
 .text          0x080173e0       0x40 /usr/lib/gcc/arm-none-eabi/4.9.3/armv7-m/libgcc.a(_arm_fixunssfsi.o)
                0x080173e0                __aeabi_f2uiz
                0x080173e0                __fixunssfsi
 .text          0x08017420       0x38 /usr/lib/gcc/arm-none-eabi/4.9.3/armv7-m/libgcc.a(_aeabi_ldivmod.o)
                0x08017420                __aeabi_ldivmod
 .text          0x08017458       0x60 /usr/lib/gcc/arm-none-eabi/4.9.3/armv7-m/libgcc.a(bpabi.o)
                0x08017458                __gnu_ldivmod_helper
                0x08017488                __gnu_uldivmod_helper
 .text          0x080174b8        0x4 /usr/lib/gcc/arm-none-eabi/4.9.3/armv7-m/libgcc.a(_dvmd_tls.o)
                0x080174b8                __aeabi_ldiv0
                0x080174b8                __aeabi_idiv0
 .text          0x080174bc      0x2ac /usr/lib/gcc/arm-none-eabi/4.9.3/armv7-m/libgcc.a(_divdi3.o)
                0x080174bc                __divdi3
 .text          0x08017768      0x270 /usr/lib/gcc/arm-none-eabi/4.9.3/armv7-m/libgcc.a(_udivdi3.o)
                0x08017768                __udivdi3
 *(.text*)
 .text.Reset_Handler
                0x080179d8       0x9c obj/main/NAZE/startup_stm32f10x_md_gcc.o
                0x080179d8                Reset_Handler
 .text.Default_Handler
                0x08017a74        0x2 obj/main/NAZE/startup_stm32f10x_md_gcc.o
                0x08017a74                EXTI2_IRQHandler
                0x08017a74                DebugMon_Handler
                0x08017a74                PVD_IRQHandler
                0x08017a74                PendSV_Handler
                0x08017a74                NMI_Handler
                0x08017a74                EXTI3_IRQHandler
                0x08017a74                UsageFault_Handler
                0x08017a74                ADC1_2_IRQHandler
                0x08017a74                SPI1_IRQHandler
                0x08017a74                TAMPER_IRQHandler
                0x08017a74                RTC_IRQHandler
                0x08017a74                CAN1_RX1_IRQHandler
                0x08017a74                RCC_IRQHandler
                0x08017a74                TIM1_TRG_COM_IRQHandler
                0x08017a74                DMA1_Channel1_IRQHandler
                0x08017a74                Default_Handler
                0x08017a74                SPI2_IRQHandler
                0x08017a74                MemManage_Handler
                0x08017a74                SVC_Handler
                0x08017a74                DMA1_Channel5_IRQHandler
                0x08017a74                EXTI4_IRQHandler
                0x08017a74                USB_LP_CAN1_RX0_IRQHandler
                0x08017a74                USB_HP_CAN1_TX_IRQHandler
                0x08017a74                WWDG_IRQHandler
                0x08017a74                TIM1_BRK_IRQHandler
                0x08017a74                RTCAlarm_IRQHandler
                0x08017a74                CAN1_SCE_IRQHandler
                0x08017a74                FLASH_IRQHandler
                0x08017a74                BusFault_Handler
                0x08017a74                USBWakeUp_IRQHandler
 *fill*         0x08017a76        0x2 
 .text.startup  0x08017a78      0x320 /tmp/ccehrbqB.ltrans18.ltrans.o
                0x08017a78                main
 .text.unlikely
                0x08017d98       0x28 /tmp/ccehrbqB.ltrans21.ltrans.o
                0x08017d98                rescheduleTask.part.0.constprop.58
 .text.atoi     0x08017dc0        0x8 /usr/lib/gcc/arm-none-eabi/4.9.3/../../../arm-none-eabi/lib/armv7-m/libc_nano.a(lib_a-atoi.o)
                0x08017dc0                atoi
 .text.strtok   0x08017dc8       0x64 /usr/lib/gcc/arm-none-eabi/4.9.3/../../../arm-none-eabi/lib/armv7-m/libc_nano.a(lib_a-strtok.o)
                0x08017dc8                strtok
 .text.__strtok_r
                0x08017e2c       0x56 /usr/lib/gcc/arm-none-eabi/4.9.3/../../../arm-none-eabi/lib/armv7-m/libc_nano.a(lib_a-strtok_r.o)
                0x08017e2c                __strtok_r
 .text.strtok_r
                0x08017e82        0x6 /usr/lib/gcc/arm-none-eabi/4.9.3/../../../arm-none-eabi/lib/armv7-m/libc_nano.a(lib_a-strtok_r.o)
                0x08017e82                strtok_r
 .text._strtol_r
                0x08017e88      0x10c /usr/lib/gcc/arm-none-eabi/4.9.3/../../../arm-none-eabi/lib/armv7-m/libc_nano.a(lib_a-strtol.o)
                0x08017e88                _strtol_r
 .text.strtol   0x08017f94       0x1c /usr/lib/gcc/arm-none-eabi/4.9.3/../../../arm-none-eabi/lib/armv7-m/libc_nano.a(lib_a-strtol.o)
                0x08017f94                strtol
 .text.malloc   0x08017fb0       0x10 /usr/lib/gcc/arm-none-eabi/4.9.3/../../../arm-none-eabi/lib/armv7-m/libc_nano.a(lib_a-malloc.o)
                0x08017fb0                malloc
 .text.free     0x08017fc0       0x10 /usr/lib/gcc/arm-none-eabi/4.9.3/../../../arm-none-eabi/lib/armv7-m/libc_nano.a(lib_a-malloc.o)
                0x08017fc0                free
 .text._free_r  0x08017fd0       0x88 /usr/lib/gcc/arm-none-eabi/4.9.3/../../../arm-none-eabi/lib/armv7-m/libc_nano.a(lib_a-nano-freer.o)
                0x08017fd0                _free_r
 .text._malloc_r
                0x08018058       0xac /usr/lib/gcc/arm-none-eabi/4.9.3/../../../arm-none-eabi/lib/armv7-m/libc_nano.a(lib_a-nano-mallocr.o)
                0x08018058                _malloc_r
 .text._sbrk_r  0x08018104       0x20 /usr/lib/gcc/arm-none-eabi/4.9.3/../../../arm-none-eabi/lib/armv7-m/libc_nano.a(lib_a-sbrkr.o)
                0x08018104                _sbrk_r
 .text._sbrk    0x08018124       0x1c /usr/lib/gcc/arm-none-eabi/4.9.3/../../../arm-none-eabi/lib/armv7-m/libnosys.a(sbrk.o)
                0x08018124                _sbrk
 .text.lrintf   0x08018140       0x78 /usr/lib/gcc/arm-none-eabi/4.9.3/../../../arm-none-eabi/lib/armv7-m/libm.a(lib_a-sf_lrint.o)
                0x08018140                lrintf
 .text.powf     0x080181b8      0x314 /usr/lib/gcc/arm-none-eabi/4.9.3/../../../arm-none-eabi/lib/armv7-m/libm.a(lib_a-wf_pow.o)
                0x080181b8                powf
 .text.sqrtf    0x080184cc       0x9c /usr/lib/gcc/arm-none-eabi/4.9.3/../../../arm-none-eabi/lib/armv7-m/libm.a(lib_a-wf_sqrt.o)
                0x080184cc                sqrtf
 .text.__ieee754_powf
                0x08018568      0x6ec /usr/lib/gcc/arm-none-eabi/4.9.3/../../../arm-none-eabi/lib/armv7-m/libm.a(lib_a-ef_pow.o)
                0x08018568                __ieee754_powf
 .text.__ieee754_sqrtf
                0x08018c54       0xa8 /usr/lib/gcc/arm-none-eabi/4.9.3/../../../arm-none-eabi/lib/armv7-m/libm.a(lib_a-ef_sqrt.o)
                0x08018c54                __ieee754_sqrtf
 .text.matherr  0x08018cfc        0x4 /usr/lib/gcc/arm-none-eabi/4.9.3/../../../arm-none-eabi/lib/armv7-m/libm.a(lib_a-s_matherr.o)
                0x08018cfc                matherr
 .text.rint     0x08018d00      0x11c /usr/lib/gcc/arm-none-eabi/4.9.3/../../../arm-none-eabi/lib/armv7-m/libm.a(lib_a-s_rint.o)
                0x08018d00                rint
 .text.fabsf    0x08018e1c        0x8 /usr/lib/gcc/arm-none-eabi/4.9.3/../../../arm-none-eabi/lib/armv7-m/libm.a(lib_a-sf_fabs.o)
                0x08018e1c                fabsf
 .text.finitef  0x08018e24       0x10 /usr/lib/gcc/arm-none-eabi/4.9.3/../../../arm-none-eabi/lib/armv7-m/libm.a(lib_a-sf_finite.o)
                0x08018e24                finitef
 .text.__fpclassifyf
                0x08018e34       0x34 /usr/lib/gcc/arm-none-eabi/4.9.3/../../../arm-none-eabi/lib/armv7-m/libm.a(lib_a-sf_fpclassify.o)
                0x08018e34                __fpclassifyf
 .text.nanf     0x08018e68        0x8 /usr/lib/gcc/arm-none-eabi/4.9.3/../../../arm-none-eabi/lib/armv7-m/libm.a(lib_a-sf_nan.o)
                0x08018e68                nanf
 .text.scalbnf  0x08018e70       0xb0 /usr/lib/gcc/arm-none-eabi/4.9.3/../../../arm-none-eabi/lib/armv7-m/libm.a(lib_a-sf_scalbn.o)
                0x08018e70                scalbnf
 .text.copysignf
                0x08018f20        0xc /usr/lib/gcc/arm-none-eabi/4.9.3/../../../arm-none-eabi/lib/armv7-m/libm.a(lib_a-sf_copysign.o)
                0x08018f20                copysignf
 .text.calloc   0x08018f2c       0x14 /usr/lib/gcc/arm-none-eabi/4.9.3/../../../arm-none-eabi/lib/armv7-m/libc_nano.a(lib_a-calloc.o)
                0x08018f2c                calloc
 .text.__errno  0x08018f40        0xc /usr/lib/gcc/arm-none-eabi/4.9.3/../../../arm-none-eabi/lib/armv7-m/libc_nano.a(lib_a-errno.o)
                0x08018f40                __errno
 .text.memcmp   0x08018f4c       0x20 /usr/lib/gcc/arm-none-eabi/4.9.3/../../../arm-none-eabi/lib/armv7-m/libc_nano.a(lib_a-memcmp.o)
                0x08018f4c                memcmp
 .text.memcpy   0x08018f6c       0x16 /usr/lib/gcc/arm-none-eabi/4.9.3/../../../arm-none-eabi/lib/armv7-m/libc_nano.a(lib_a-memcpy.o)
                0x08018f6c                memcpy
 .text.memset   0x08018f82       0x10 /usr/lib/gcc/arm-none-eabi/4.9.3/../../../arm-none-eabi/lib/armv7-m/libc_nano.a(lib_a-memset.o)
                0x08018f82                memset
 .text._calloc_r
                0x08018f92       0x1c /usr/lib/gcc/arm-none-eabi/4.9.3/../../../arm-none-eabi/lib/armv7-m/libc_nano.a(lib_a-nano-callocr.o)
                0x08018f92                _calloc_r
 *fill*         0x08018fae        0x2 
 .text.strcasecmp
                0x08018fb0       0x3c /usr/lib/gcc/arm-none-eabi/4.9.3/../../../arm-none-eabi/lib/armv7-m/libc_nano.a(lib_a-strcasecmp.o)
                0x08018fb0                strcasecmp
 .text.strcat   0x08018fec       0x1e /usr/lib/gcc/arm-none-eabi/4.9.3/../../../arm-none-eabi/lib/armv7-m/libc_nano.a(lib_a-strcat.o)
                0x08018fec                strcat
 .text.strchr   0x0801900a       0x1c /usr/lib/gcc/arm-none-eabi/4.9.3/../../../arm-none-eabi/lib/armv7-m/libc_nano.a(lib_a-strchr.o)
                0x0801900a                strchr
 .text.strlen   0x08019026       0x10 /usr/lib/gcc/arm-none-eabi/4.9.3/../../../arm-none-eabi/lib/armv7-m/libc_nano.a(lib_a-strlen.o)
                0x08019026                strlen
 *fill*         0x08019036        0x2 
 .text.strncasecmp
                0x08019038       0x44 /usr/lib/gcc/arm-none-eabi/4.9.3/../../../arm-none-eabi/lib/armv7-m/libc_nano.a(lib_a-strncasecmp.o)
                0x08019038                strncasecmp
 .text.strncpy  0x0801907c       0x24 /usr/lib/gcc/arm-none-eabi/4.9.3/../../../arm-none-eabi/lib/armv7-m/libc_nano.a(lib_a-strncpy.o)
                0x0801907c                strncpy
 .text.strstr   0x080190a0       0x30 /usr/lib/gcc/arm-none-eabi/4.9.3/../../../arm-none-eabi/lib/armv7-m/libc_nano.a(lib_a-strstr.o)
                0x080190a0                strstr
 *(.rodata)
 .rodata        0x080190d0      0x10c /tmp/ccehrbqB.ltrans0.ltrans.o
                0x08019168                hsv_white
 .rodata        0x080191dc      0x2b4 /tmp/ccehrbqB.ltrans1.ltrans.o
 .rodata        0x08019490      0x18c /tmp/ccehrbqB.ltrans2.ltrans.o
 .rodata        0x0801961c        0x8 /tmp/ccehrbqB.ltrans5.ltrans.o
 .rodata        0x08019624      0x4f0 /tmp/ccehrbqB.ltrans7.ltrans.o
                0x08019654                mixerAtail4.lto_priv.514
                0x08019694                mixerDualcopter.lto_priv.513
                0x080196b4                mixerHex6H.lto_priv.512
                0x08019714                mixerVtail4.lto_priv.511
                0x08019754                mixerOctoFlatX.lto_priv.510
                0x080197d4                mixerOctoFlatP.lto_priv.509
                0x08019854                mixerOctoX8.lto_priv.508
                0x080198d4                mixerHex6X.lto_priv.507
                0x08019934                mixerY4.lto_priv.506
                0x08019974                mixerSingleProp.lto_priv.505
                0x08019984                mixerHex6P.lto_priv.504
                0x080199e4                mixerY6.lto_priv.503
                0x08019a44                mixerBicopter.lto_priv.502
                0x08019a64                mixerQuadX.lto_priv.501
                0x08019aa4                mixerQuadP.lto_priv.500
                0x08019ae4                mixerTricopter.lto_priv.499
 .rodata        0x08019b14       0x14 /tmp/ccehrbqB.ltrans8.ltrans.o
 .rodata        0x08019b28       0x38 /tmp/ccehrbqB.ltrans9.ltrans.o
                0x08019b28                hsv_green
                0x08019b2c                hsv_red
                0x08019b30                hsv_yellow
                0x08019b34                hsv_blue
                0x08019b5c                hsv_orange
 .rodata        0x08019b60       0x18 /tmp/ccehrbqB.ltrans10.ltrans.o
 .rodata        0x08019b78      0x54c /tmp/ccehrbqB.ltrans12.ltrans.o
                0x08019b78                beeperTable.lto_priv.262
                0x08019c38                cmdTable
                0x08019e18                mixerNames.lto_priv.257
                0x08019edc                servoMixers
                0x08019fac                servoMixerSingle.lto_priv.521
                0x08019fe4                servoMixerDual.lto_priv.520
                0x08019ff2                servoMixerAirplane.lto_priv.519
                0x0801a015                servoMixerFlyingWing.lto_priv.518
                0x0801a038                servoMixerGimbal.lto_priv.517
                0x0801a046                servoMixerBI.lto_priv.516
                0x0801a062                servoMixerTri.lto_priv.515
                0x0801a069                beep_armedBeep.lto_priv.279
                0x0801a06e                beep_disarmRepeatBeep.lto_priv.278
                0x0801a072                beep_readyBeep.lto_priv.277
                0x0801a081                beep_2longerBeeps.lto_priv.276
                0x0801a086                beep_2shortBeeps.lto_priv.275
                0x0801a08b                beep_shortBeep.lto_priv.274
                0x0801a08e                beep_lowBatteryBeep.lto_priv.273
                0x0801a091                beep_critBatteryBeep.lto_priv.272
                0x0801a094                beep_armedGpsFix.lto_priv.271
                0x0801a09d                beep_armingBeep.lto_priv.270
                0x0801a0a2                beep_disarmBeep.lto_priv.269
                0x0801a0a7                beep_txLostBeep.lto_priv.268
                0x0801a0aa                beep_sos.lto_priv.267
                0x0801a0bd                beep_gyroCalibrated.lto_priv.266
 .rodata        0x0801a0c4        0xc /tmp/ccehrbqB.ltrans14.ltrans.o
 .rodata        0x0801a0d0      0x2cc /tmp/ccehrbqB.ltrans15.ltrans.o
 .rodata        0x0801a39c       0x28 /tmp/ccehrbqB.ltrans16.ltrans.o
 .rodata        0x0801a3c4       0x22 /tmp/ccehrbqB.ltrans19.ltrans.o
 *fill*         0x0801a3e6        0x2 
 .rodata        0x0801a3e8       0x28 /tmp/ccehrbqB.ltrans20.ltrans.o
 .rodata        0x0801a410       0x20 /tmp/ccehrbqB.ltrans21.ltrans.o
                0x0801a410                baudRates
 .rodata        0x0801a430      0x144 /tmp/ccehrbqB.ltrans22.ltrans.o
                0x0801a430                gpsInitData.lto_priv.451
 .rodata        0x0801a574       0xc4 /tmp/ccehrbqB.ltrans23.ltrans.o
 .rodata        0x0801a638      0xff4 /tmp/ccehrbqB.ltrans24.ltrans.o
                0x0801a780                valueTable
                0x0801b620                shortGitRevision
                0x0801b624                buildTime
                0x0801b628                buildDate
 *(.rodata*)
 .rodata.timerHardware
                0x0801b62c       0xe0 /tmp/ccehrbqB.ltrans0.ltrans.o
                0x0801b62c                timerHardware
 .rodata.str1.1
                0x0801b70c        0xf /tmp/ccehrbqB.ltrans0.ltrans.o
 .rodata.str1.1
                0x0801b71b      0x215 /tmp/ccehrbqB.ltrans1.ltrans.o
                                0x226 (size before relaxing)
 .rodata.str1.1
                0x0801b930      0x154 /tmp/ccehrbqB.ltrans2.ltrans.o
                                0x174 (size before relaxing)
 .rodata.frSkyDataIdTable
                0x0801ba84       0x20 /tmp/ccehrbqB.ltrans5.ltrans.o
 .rodata.str1.1
                0x0801baa4       0x27 /tmp/ccehrbqB.ltrans6.ltrans.o
 *fill*         0x0801bacb        0x1 
 .rodata.mixers
                0x0801bacc       0xd0 /tmp/ccehrbqB.ltrans7.ltrans.o
                0x0801bacc                mixers
 .rodata.str1.1
                0x0801bb9c      0x13a /tmp/ccehrbqB.ltrans7.ltrans.o
                                0x148 (size before relaxing)
 .rodata.hsv_black
                0x0801bcd6        0x4 /tmp/ccehrbqB.ltrans9.ltrans.o
                0x0801bcd6                hsv_black
 .rodata.str1.1
                0x0801bcda       0x3e /tmp/ccehrbqB.ltrans10.ltrans.o
                                 0x41 (size before relaxing)
 .rodata.str1.1
                0x0801bd18      0x919 /tmp/ccehrbqB.ltrans12.ltrans.o
                                0x9c4 (size before relaxing)
 .rodata.str1.1
                0x0801c631        0x6 /tmp/ccehrbqB.ltrans18.ltrans.o
 .rodata.cyclePageIds
                0x0801c637        0x5 /tmp/ccehrbqB.ltrans19.ltrans.o
 .rodata.str1.1
                0x0801c63c      0x14a /tmp/ccehrbqB.ltrans19.ltrans.o
                                0x160 (size before relaxing)
 .rodata.serialPortIdentifiers
                0x0801c786        0x5 /tmp/ccehrbqB.ltrans21.ltrans.o
                0x0801c786                serialPortIdentifiers
 .rodata.rcChannelLetters
                0x0801c78b       0x15 /tmp/ccehrbqB.ltrans21.ltrans.o
                0x0801c78b                rcChannelLetters
 .rodata.str1.1
                0x0801c7a0       0x30 /tmp/ccehrbqB.ltrans21.ltrans.o
                                 0x58 (size before relaxing)
 .rodata.str1.1
                0x0801c7d0       0xfb /tmp/ccehrbqB.ltrans22.ltrans.o
                                 0xfc (size before relaxing)
 .rodata.str1.1
                0x0801c8cb        0x9 /tmp/ccehrbqB.ltrans23.ltrans.o
 .rodata.str1.1
                0x0801c8d4      0xd11 /tmp/ccehrbqB.ltrans24.ltrans.o
                                0xdc0 (size before relaxing)
 .rodata._ctype_
                0x0801d5e5      0x101 /usr/lib/gcc/arm-none-eabi/4.9.3/../../../arm-none-eabi/lib/armv7-m/libc_nano.a(lib_a-ctype_.o)
                0x0801d5e5                _ctype_
 .rodata.str1.1
                0x0801d6e6        0x0 /usr/lib/gcc/arm-none-eabi/4.9.3/../../../arm-none-eabi/lib/armv7-m/libc_nano.a(lib_a-impure.o)
                                  0x2 (size before relaxing)
 *fill*         0x0801d6e6        0x2 
 .rodata.TWO23  0x0801d6e8        0x8 /usr/lib/gcc/arm-none-eabi/4.9.3/../../../arm-none-eabi/lib/armv7-m/libm.a(lib_a-sf_lrint.o)
 .rodata.str1.4
                0x0801d6f0        0x5 /usr/lib/gcc/arm-none-eabi/4.9.3/../../../arm-none-eabi/lib/armv7-m/libm.a(lib_a-wf_pow.o)
                                  0x8 (size before relaxing)
 *fill*         0x0801d6f5        0x3 
 .rodata.str1.4
                0x0801d6f8        0x6 /usr/lib/gcc/arm-none-eabi/4.9.3/../../../arm-none-eabi/lib/armv7-m/libm.a(lib_a-wf_sqrt.o)
                                  0x8 (size before relaxing)
 *fill*         0x0801d6fe        0x2 
 .rodata.dp_h   0x0801d700        0x8 /usr/lib/gcc/arm-none-eabi/4.9.3/../../../arm-none-eabi/lib/armv7-m/libm.a(lib_a-ef_pow.o)
 .rodata.dp_l   0x0801d708        0x8 /usr/lib/gcc/arm-none-eabi/4.9.3/../../../arm-none-eabi/lib/armv7-m/libm.a(lib_a-ef_pow.o)
 .rodata.bp     0x0801d710        0x8 /usr/lib/gcc/arm-none-eabi/4.9.3/../../../arm-none-eabi/lib/armv7-m/libm.a(lib_a-ef_pow.o)
 .rodata.str1.4
                0x0801d718        0x8 /usr/lib/gcc/arm-none-eabi/4.9.3/../../../arm-none-eabi/lib/armv7-m/libm.a(lib_a-ef_pow.o)
                                  0x4 (size before relaxing)
 .rodata.TWO52  0x0801d718       0x10 /usr/lib/gcc/arm-none-eabi/4.9.3/../../../arm-none-eabi/lib/armv7-m/libm.a(lib_a-s_rint.o)
 *(.glue_7)
 .glue_7        0x0801d728        0x0 linker stubs
 *(.glue_7t)
 .glue_7t       0x0801d728        0x0 linker stubs
 *(.eh_frame)
 *(.init)
 *(.fini)
                0x0801d728                . = ALIGN (0x4)
                0x0801d728                _etext = .

.vfp11_veneer   0x0801d728        0x0
 .vfp11_veneer  0x0801d728        0x0 linker stubs

.v4_bx          0x0801d728        0x0
 .v4_bx         0x0801d728        0x0 linker stubs

.iplt           0x0801d728        0x0
 .iplt          0x0801d728        0x0 obj/main/NAZE/startup_stm32f10x_md_gcc.o

.ARM.extab
 *(.ARM.extab* .gnu.linkonce.armextab.*)

.ARM            0x0801d728        0x8
                0x0801d728                __exidx_start = .
 *(.ARM.exidx*)
 .ARM.exidx     0x0801d728        0x8 /usr/lib/gcc/arm-none-eabi/4.9.3/armv7-m/libgcc.a(_divdi3.o)
 .ARM.exidx     0x0801d730        0x0 /usr/lib/gcc/arm-none-eabi/4.9.3/armv7-m/libgcc.a(_udivdi3.o)
                                  0x8 (size before relaxing)
                0x0801d730                __exidx_end = .

.rel.dyn        0x0801d730        0x0
 .rel.iplt      0x0801d730        0x0 obj/main/NAZE/startup_stm32f10x_md_gcc.o

.preinit_array  0x0801d730        0x0
                [!provide]                PROVIDE (__preinit_array_start, .)
 *(.preinit_array*)
                [!provide]                PROVIDE (__preinit_array_end, .)

.init_array     0x0801d730        0x0
                [!provide]                PROVIDE (__init_array_start, .)
 *(SORT(.init_array.*))
 *(.init_array*)
                [!provide]                PROVIDE (__init_array_end, .)

.fini_array     0x0801d730        0x0
                [!provide]                PROVIDE (__fini_array_start, .)
 *(.fini_array*)
 *(SORT(.fini_array.*))
                [!provide]                PROVIDE (__fini_array_end, .)
                0x0801d730                _sidata = .

.data           0x20000000      0x1d0 load address 0x0801d730
                0x20000000                . = ALIGN (0x4)
                0x20000000                _sdata = .
 *(.data)
 .data          0x20000000        0x3 /tmp/ccehrbqB.ltrans3.ltrans.o
                0x20000002                isUsingSticksToArm.lto_priv.353
 *fill*         0x20000003        0x1 
 .data          0x20000004        0x3 /tmp/ccehrbqB.ltrans5.ltrans.o
                0x20000004                acc_1G
 *fill*         0x20000007        0x1 
 .data          0x20000008        0x5 /tmp/ccehrbqB.ltrans8.ltrans.o
                0x20000008                hse_value
                0x2000000c                standardBoardAlignment.lto_priv.480
 .data          0x2000000d        0x3 /tmp/ccehrbqB.ltrans9.ltrans.o
 .data          0x20000010        0x4 /tmp/ccehrbqB.ltrans11.ltrans.o
                0x20000010                GPS_scaleLonDown.lto_priv.573
 .data          0x20000014       0x14 /tmp/ccehrbqB.ltrans12.ltrans.o
                0x20000018                geometry.lto_priv.358
 .data          0x20000028        0x4 /tmp/ccehrbqB.ltrans14.ltrans.o
                0x20000028                q0.lto_priv.401
 .data          0x2000002c        0x8 /tmp/ccehrbqB.ltrans21.ltrans.o
                0x2000002c                pif_id
                0x20000030                rcReadRawFunc.lto_priv.318
 .data          0x20000034        0x4 /tmp/ccehrbqB.ltrans25.ltrans.o
                0x20000034                measurement.lto_priv.589
 .data          0x20000038        0xc /tmp/ccehrbqB.ltrans26.ltrans.o
 *(.data*)
 .data.baro     0x20000044       0x1c /tmp/ccehrbqB.ltrans0.ltrans.o
 .data.GPS_hdop
                0x20000060        0x2 /tmp/ccehrbqB.ltrans5.ltrans.o
                0x20000060                GPS_hdop
 *fill*         0x20000062        0x2 
 .data.pid_controller
                0x20000064        0x4 /tmp/ccehrbqB.ltrans14.ltrans.o
                0x20000064                pid_controller
 .data.cfTasks  0x20000068       0xf0 /tmp/ccehrbqB.ltrans21.ltrans.o
                0x20000068                cfTasks
 .data.detectedSensors
                0x20000158        0x4 /tmp/ccehrbqB.ltrans24.ltrans.o
                0x20000158                detectedSensors
 .data.batteryCellCount
                0x2000015c        0x1 /tmp/ccehrbqB.ltrans24.ltrans.o
                0x2000015c                batteryCellCount
 *fill*         0x2000015d        0x3 
 .data.SystemCoreClock
                0x20000160        0x4 /tmp/ccehrbqB.ltrans24.ltrans.o
                0x20000160                SystemCoreClock
 .data.__ctype_ptr__
                0x20000164        0x4 /usr/lib/gcc/arm-none-eabi/4.9.3/../../../arm-none-eabi/lib/armv7-m/libc_nano.a(lib_a-ctype_.o)
                0x20000164                __ctype_ptr__
 .data.impure_data
                0x20000168       0x60 /usr/lib/gcc/arm-none-eabi/4.9.3/../../../arm-none-eabi/lib/armv7-m/libc_nano.a(lib_a-impure.o)
 .data._impure_ptr
                0x200001c8        0x4 /usr/lib/gcc/arm-none-eabi/4.9.3/../../../arm-none-eabi/lib/armv7-m/libc_nano.a(lib_a-impure.o)
                0x200001c8                _impure_ptr
 .data.__fdlib_version
                0x200001cc        0x1 /usr/lib/gcc/arm-none-eabi/4.9.3/../../../arm-none-eabi/lib/armv7-m/libm.a(lib_a-s_lib_ver.o)
                0x200001cc                __fdlib_version
                0x200001d0                . = ALIGN (0x4)
 *fill*         0x200001cd        0x3 
                0x200001d0                _edata = .

.igot.plt       0x200001d0        0x0 load address 0x0801d900
 .igot.plt      0x200001d0        0x0 obj/main/NAZE/startup_stm32f10x_md_gcc.o
                0x200001d0                . = ALIGN (0x4)

.bss            0x200001d0     0x3578 load address 0x0801d900
                0x200001d0                _sbss = .
                0x200001d0                __bss_start__ = _sbss
 *(.bss)
 .bss           0x200001d0      0x58c /tmp/ccehrbqB.ltrans0.ltrans.o
                0x200001d8                i2cOverClock.lto_priv.593
                0x200001fc                inputFilteringMode.lto_priv.586
                0x20000200                ppmDev
                0x2000032c                servos.lto_priv.588
                0x2000034d                displayPresent.lto_priv.562
                0x20000358                mpuConfiguration
                0x20000364                mpuIntExtiConfig.lto_priv.596
                0x200003b8                mpuDividerDrops
                0x200003c4                gpsPacketLog
                0x200003dc                sonarHardware.lto_priv.590
                0x200003e0                s_hcsr04.lto_priv.592
                0x20000408                ledStripDMABuffer
                0x20000734                telemetryConfig.lto_priv.436
                0x20000738                portConfig.lto_priv.439
                0x2000073c                frskyPortSharing.lto_priv.560
                0x2000073d                hottPortSharing.lto_priv.558
                0x20000740                telemetryConfig.lto_priv.437
                0x20000744                portConfig.lto_priv.441
                0x20000748                smartPortPortSharing.lto_priv.555
                0x20000750                portConfig.lto_priv.442
                0x20000754                ltmPortSharing.lto_priv.553
                0x20000755                couldBeBusy.lto_priv.580
                0x20000758                tailAddress.lto_priv.536
 .bss           0x2000075c      0x3b7 /tmp/ccehrbqB.ltrans1.ltrans.o
                0x20000774                gyroAlign
                0x20000778                gyroLpfCutFreq.lto_priv.535
                0x200007ec                gyroConfig.lto_priv.534
                0x20000848                imuRuntimeConfig.lto_priv.473
                0x20000870                gyroScale.lto_priv.474
                0x20000880                magneticDeclination
                0x20000884                smallAngleCosZ
                0x20000890                fc_acc
                0x20000894                accDeadband.lto_priv.530
                0x20000898                lookupYawRC
                0x200008ac                rxRefreshRate.lto_priv.453
                0x200008c4                rcControlsConfig.lto_priv.529
                0x200008cc                escAndServoConfig.lto_priv.390
                0x200008d0                throttleAngleScale
                0x200008d4                mixerConfig.lto_priv.476
                0x200008d8                currentMixer.lto_priv.483
                0x2000099c                rxConfig.lto_priv.532
                0x200009a0                currentMixerMode.lto_priv.482
                0x200009c4                gimbalConfig.lto_priv.531
                0x200009c8                servoFilterState.lto_priv.477
                0x20000ae8                motorControlEnable
                0x20000aec                blackboxPort.lto_priv.423
                0x20000af0                blackboxHeaderBudget
                0x20000af4                blackboxMaxHeaderBytesPerIteration.lto_priv.421
                0x20000af8                xmitState.lto_priv.419
                0x20000b00                blackboxConditionCache.lto_priv.416
                0x20000b04                vbatReference.lto_priv.412
                0x20000b06                blackboxSlowFrameIterationTimer.lto_priv.420
                0x20000b08                blackboxPFrameIndex.lto_priv.415
                0x20000b0c                blackboxIteration.lto_priv.414
                0x20000b10                blackboxModeActivationConditionPresent.lto_priv.413
                0x20000b11                blackboxPortSharing.lto_priv.422
                0x20000b12                blackboxLoggedAnyFrames.lto_priv.418
 *fill*         0x20000b13        0x1 
 .bss           0x20000b14      0x164 /tmp/ccehrbqB.ltrans2.ltrans.o
                0x20000b14                printfSerialPort.lto_priv.526
                0x20000b34                servo
                0x20000b44                GPS_ground_course
                0x20000b46                GPS_update
                0x20000b47                GPS_numCh
                0x20000b48                GPS_svinfo_chn
                0x20000b58                GPS_svinfo_svid
                0x20000b68                GPS_svinfo_quality
                0x20000b78                GPS_svinfo_cno
                0x20000b88                debug
                0x20000b90                blackboxState.lto_priv.388
                0x20000bf4                pwmIOConfiguration.lto_priv.484
 .bss           0x20000c78      0x1d0 /tmp/ccehrbqB.ltrans3.ltrans.o
                0x20000c7e                rxMspFrameDone.lto_priv.355
                0x20000c7f                ppmFrameCount.lto_priv.587
                0x20000cad                rcSampleIndex.lto_priv.452
                0x20000cf8                rcInvalidPulsPeriod
                0x20000d41                rxFlightChannelsValid.lto_priv.547
                0x20000d5c                rxConfig.lto_priv.313
                0x20000d60                deadband3dThrottle.lto_priv.472
                0x20000d64                disarmAt.lto_priv.411
                0x20000d6b                AccInflightCalibrationMeasurementDone
                0x20000d6c                AccInflightCalibrationSavetoEEProm
                0x20000d6e                calibratingA
                0x20000d70                InflightcalibratingA
                0x20000d72                AccInflightCalibrationActive
                0x20000d74                adjustmentStates
                0x20000da8                escAndServoConfig.lto_priv.352
                0x20000dac                magHold
                0x20000dae                headFreeModeHold
                0x20000db0                nav_mode
                0x20000db4                gpsProfile.lto_priv.394
                0x20000db8                GPS_hold
                0x20000dc2                nav_rated.lto_priv.396
                0x20000dc6                nav.lto_priv.395
                0x20000df4                poshold_ratePID.lto_priv.564
                0x20000e1c                navPID.lto_priv.565
                0x20000e44                isRXDataNew.lto_priv.398
                0x20000e45                haveProcessedAnnexCodeOnce.lto_priv.387
                0x20000e46                initialThrottleHold.lto_priv.397
 .bss           0x20000e48       0x28 /tmp/ccehrbqB.ltrans4.ltrans.o
 .bss           0x20000e70       0xf0 /tmp/ccehrbqB.ltrans5.ltrans.o
                0x20000e70                frskyTelemetryEnabled.lto_priv.561
                0x20000e7a                accSmooth
                0x20000e80                vario
                0x20000e84                BaroAlt
                0x20000e88                baroTemperature
                0x20000e90                telemetryConfig.lto_priv.286
                0x20000e94                amperage
                0x20000e98                GPS_speed
                0x20000e9a                GPS_altitude
                0x20000e9c                GPS_numSat
                0x20000ea0                GPS_coord
                0x20000ea8                hottTelemetryEnabled.lto_priv.559
                0x20000eb0                hottEAMMessage.lto_priv.443
                0x20000ee0                telemetryConfig.lto_priv.287
                0x20000ee4                hottGPSMessage.lto_priv.444
                0x20000f10                GPS_distanceToHome
                0x20000f12                GPS_directionToHome
                0x20000f1c                hottPort.lto_priv.552
                0x20000f2c                portConfig.lto_priv.440
                0x20000f32                smartPortTelemetryEnabled.lto_priv.556
                0x20000f34                smartPortSerialPort.lto_priv.551
                0x20000f38                smartPortState
                0x20000f3c                smartPortLastRequestTime.lto_priv.557
                0x20000f42                ltmEnabled.lto_priv.554
                0x20000f44                ltmPort.lto_priv.550
                0x20000f50                EstAlt.lto_priv.303
                0x20000f54                rssi
                0x20000f58                GPS_home
 .bss           0x20000f60       0x18 /tmp/ccehrbqB.ltrans6.ltrans.o
 .bss           0x20000f78        0xa /tmp/ccehrbqB.ltrans7.ltrans.o
                0x20000f78                colors
                0x20000f7c                ledConfigs
                0x20000f80                serialPortCount.lto_priv.359
 *fill*         0x20000f82        0x2 
 .bss           0x20000f84      0x2f1 /tmp/ccehrbqB.ltrans8.ltrans.o
                0x20000f84                ibusChannelData.lto_priv.322
                0x20000fe5                xBusChannelCount.lto_priv.463
                0x20000fe6                xBusFrameReceived.lto_priv.323
                0x20000fe8                spekChannelData.lto_priv.340
                0x20001018                sumhChannels.lto_priv.326
                0x20001038                sumdChannels.lto_priv.331
                0x20001058                sbusChannelData.lto_priv.334
                0x200010a0                mspFrame.lto_priv.354
                0x200010c4                captures.lto_priv.319
                0x200010e1                ibus.lto_priv.321
                0x20001101                ibusFrameDone.lto_priv.320
                0x2000110c                xBusFramePosition.lto_priv.461
                0x2000110d                xBusDataIncoming.lto_priv.460
                0x2000110e                xBusFrameLength.lto_priv.462
                0x2000110f                xBusProvider.lto_priv.464
                0x20001115                spekFrame.lto_priv.336
                0x20001125                rcFrameComplete.lto_priv.335
                0x20001131                sumhFrame.lto_priv.325
                0x20001146                sumhFrameDone.lto_priv.324
                0x2000114d                sumdFrameDone.lto_priv.327
                0x2000114e                crc.lto_priv.328
                0x20001150                sumdChannelCount.lto_priv.329
                0x20001151                sumd.lto_priv.330
                0x2000117d                sbusFrame.lto_priv.333
                0x20001196                sbusFrameDone.lto_priv.332
                0x200011a4                boardRotation.lto_priv.481
                0x200011c8                batteryConfig
                0x200011cc                mAhDrawn
                0x200011d0                adcConfig
                0x200011e0                adcValues
                0x200011e8                vbatLatestADC
                0x200011ec                vbatFilterState.lto_priv.435
                0x20001210                vbat
                0x20001214                rxConfig.lto_priv.314
                0x20001218                suspendRxSignalUntil.lto_priv.317
                0x2000121c                skipRxSamples.lto_priv.316
                0x20001220                sysTickUptime.lto_priv.228
                0x20001224                failsafeState.lto_priv.284
                0x20001248                warningLedState.lto_priv.261
                0x2000124c                warningLedTimer.lto_priv.399
                0x20001250                flightModeFlags
                0x20001254                rcModeActivationMask
                0x20001258                activeBoxIdCount.lto_priv.356
                0x20001259                activeBoxIds.lto_priv.357
 *fill*         0x20001275        0x3 
 .bss           0x20001278       0xa0 /tmp/ccehrbqB.ltrans9.ltrans.o
                0x20001278                ledStripInitialised.lto_priv.445
                0x2000127a                ledColorBuffer.lto_priv.446
                0x20001308                ledCount
                0x2000130c                rxSignalReceived.lto_priv.308
                0x20001314                highestYValueForNorth
                0x20001315                lowestXValueForEast
                0x20001316                lowestYValueForSouth
                0x20001317                highestXValueForWest
 .bss           0x20001318        0x7 /tmp/ccehrbqB.ltrans10.ltrans.o
 *fill*         0x2000131f        0x1 
 .bss           0x20001320      0x242 /tmp/ccehrbqB.ltrans11.ltrans.o
                0x20001504                GPS_WP.lto_priv.567
                0x2000150c                wp_distance.lto_priv.568
                0x20001510                target_bearing.lto_priv.569
                0x20001514                error.lto_priv.574
                0x2000151c                posholdPID_PARAM.lto_priv.575
                0x2000152c                poshold_ratePID_PARAM.lto_priv.576
                0x20001540                waypoint_speed_gov.lto_priv.572
                0x20001544                original_target_bearing.lto_priv.571
                0x2000154c                nav_bearing.lto_priv.570
                0x20001550                navPID_PARAM.lto_priv.577
                0x20001560                nav_takeoff_bearing.lto_priv.578
 *fill*         0x20001562        0x2 
 .bss           0x20001564       0x82 /tmp/ccehrbqB.ltrans12.ltrans.o
                0x20001564                motor_disarmed
                0x2000157c                currentProfile
                0x20001580                gpsPort.lto_priv.305
                0x20001584                pageState.lto_priv.311
                0x20001598                cliBuffer.lto_priv.363
                0x200015c8                bufferIndex.lto_priv.362
                0x200015cc                servoConf.lto_priv.263
                0x200015d0                beep_multiBeeps.lto_priv.260
 *fill*         0x200015e6        0x2 
 .bss           0x200015e8       0xcc /tmp/ccehrbqB.ltrans13.ltrans.o
                0x200015e8                pif_act_timer1us
                0x200015ec                s_table.lto_priv.428
                0x20001670                s_task_stack_ptr.lto_priv.426
                0x20001688                s_it_current.lto_priv.424
                0x2000168c                s_table_number.lto_priv.427
                0x20001690                s_tasks.lto_priv.227
                0x200016ac                s_task_cutin.lto_priv.425
 .bss           0x200016b4      0x30c /tmp/ccehrbqB.ltrans14.ltrans.o
                0x200016b4                usTicks.lto_priv.496
                0x200016b8                rcCommand
                0x200016c0                attitude
                0x200016c8                gyroADC
                0x200016d4                PIDweight
                0x200016d8                errorGyroI.lto_priv.281
                0x200016e4                targetLooptime
                0x200016e8                stateFlags
                0x200016e9                motorLimitReached
                0x200016ec                errorGyroILimit.lto_priv.282
                0x2000171c                axisPID
                0x20001724                axisPID_P
                0x20001730                axisPID_I
                0x2000173c                axisPID_D
                0x20001748                deltaFilterState.lto_priv.283
                0x200017b4                lookupThrottleRC
                0x200017cc                lookupPitchRollRC
                0x200017dc                dmaHandlers.lto_priv.447
                0x200017f4                pif_datetime
                0x200017fc                extiHandlerConfigs.lto_priv.495
                0x20001814                beeperIsOn.lto_priv.346
                0x20001818                beeperNextToggleTime.lto_priv.345
                0x2000181c                beeperPos.lto_priv.347
                0x20001820                currentBeeperEntry.lto_priv.344
                0x20001824                motor
                0x2000183c                motors.lto_priv.485
                0x2000186c                motorCount
                0x20001870                timerConfig
                0x20001910                flight3DConfig.lto_priv.389
                0x20001914                escAndServoConfig.lto_priv.391
                0x20001918                servoRuleCount.lto_priv.393
                0x20001919                currentServoMixer.lto_priv.392
                0x2000198c                customServoMixers.lto_priv.492
                0x20001990                q1.lto_priv.402
                0x20001994                q2.lto_priv.403
                0x20001998                q3.lto_priv.404
                0x2000199c                rMat.lto_priv.304
 .bss           0x200019c0       0x21 /tmp/ccehrbqB.ltrans15.ltrans.o
                0x200019dc                I2Cx.lto_priv.594
                0x200019e0                I2Cx_index.lto_priv.595
 .bss           0x200019e1      0x600 /tmp/ccehrbqB.ltrans16.ltrans.o
 *fill*         0x20001fe1        0x3 
 .bss           0x20001fe4      0x120 /tmp/ccehrbqB.ltrans17.ltrans.o
                0x20002008                uartPort3.lto_priv.582
                0x2000205c                uartPort2.lto_priv.583
                0x200020b0                uartPort1.lto_priv.584
 .bss           0x20002104      0x1ac /tmp/ccehrbqB.ltrans18.ltrans.o
                0x20002104                gpsHistory.lto_priv.542
                0x20002118                blackboxHistory.lto_priv.544
                0x20002124                blackboxHistoryRing.lto_priv.545
                0x20002298                blackboxIFrameIndex.lto_priv.543
                0x2000229c                blackboxLastArmingBeep.lto_priv.546
                0x200022a0                systemState.lto_priv.430
 .bss           0x200022b0       0x40 /tmp/ccehrbqB.ltrans19.ltrans.o
                0x200022d4                GPS_packetCount
                0x200022dc                GPS_svInfoReceivedCount
                0x200022e8                GPS_garbageByteCount
 .bss           0x200022f0      0x6b0 /tmp/ccehrbqB.ltrans20.ltrans.o
 .bss           0x200029a0      0x9e4 /tmp/ccehrbqB.ltrans21.ltrans.o
                0x200029a0                g_imu_sensor
                0x20002a14                g_i2c_port
                0x20002a48                pif_cumulative_timer1ms
                0x20002a4c                string.9033.lto_priv.566
                0x20002a5c                rcData
                0x20002a80                mspPorts.lto_priv.226
                0x20002b18                masterConfig
                0x20003330                rxRuntimeConfigPtr.lto_priv.338
                0x20003334                rxRuntimeConfig
                0x20003335                spek_chan_shift.lto_priv.337
                0x20003336                spek_chan_mask.lto_priv.339
                0x20003337                spekHiRes.lto_priv.224
                0x20003338                serialConfig.lto_priv.259
                0x2000333c                findSharedSerialPortState.lto_priv.307
                0x20003340                serialPortUsageList.lto_priv.258
                0x2000337c                pidProfile.lto_priv.309
                0x20003380                activeFeaturesLatch.lto_priv.225
 .bss           0x20003384       0xc8 /tmp/ccehrbqB.ltrans22.ltrans.o
                0x20003384                baroReady.lto_priv.549
                0x20003388                pif_timer1us
                0x20003390                calibratingB
                0x20003398                baroPressureSum.lto_priv.548
                0x2000339c                barometerConfig.lto_priv.301
                0x200033ac                sonarMaxTiltCos
                0x200033b0                calculatedAltitude.lto_priv.360
                0x200033b4                sonarCfAltCm
                0x200033bc                sonarMaxAltWithTiltCm
                0x200033c0                accSumCount
                0x200033c4                accSum
                0x200033d0                accVelScale
                0x200033d4                barometerConfig.lto_priv.302
                0x200033e0                AltHold
                0x200033e4                pidProfile.lto_priv.527
                0x200033e8                errorVelocityI
                0x200033ec                altHoldThrottleAdjustment
                0x200033f0                velocityControl
                0x200033f4                mag
                0x20003404                magADC
                0x20003420                magInit.lto_priv.475
                0x20003424                gpsData
                0x20003444                gpsConfig.lto_priv.450
 .bss           0x2000344c       0x82 /tmp/ccehrbqB.ltrans23.ltrans.o
                0x2000344c                bufferHead.lto_priv.540
                0x2000344d                bufferTail.lto_priv.579
                0x2000344e                flashWriteBuffer.lto_priv.541
 *fill*         0x200034ce        0x2 
 .bss           0x200034d0       0x64 /tmp/ccehrbqB.ltrans24.ltrans.o
                0x200034d0                currentPort.lto_priv.349
                0x200034d4                writer.lto_priv.350
                0x200034d8                mspSerialPort.lto_priv.351
                0x200034dc                cliWriter.lto_priv.231
                0x200034e0                currentControlRateProfileIndex.lto_priv.310
                0x200034e4                currentControlRateProfile
                0x200034e8                pif_performance
                0x200034f0                batteryState.lto_priv.285
                0x200034f4                enabledSensors.lto_priv.288
                0x200034f8                acc
                0x20003504                i2cErrorCount.lto_priv.361
                0x20003508                g_timer_1ms
                0x20003530                cliPort.lto_priv.230
 .bss           0x20003534       0xfd /tmp/ccehrbqB.ltrans25.ltrans.o
 *fill*         0x20003631        0x3 
 .bss           0x20003634       0x8c /tmp/ccehrbqB.ltrans26.ltrans.o
                0x20003644                dynP8
                0x2000365c                dynD8
                0x20003660                errorGyroIf.lto_priv.312
                0x2000366c                gyro
                0x20003680                dT
                0x200036bc                failsafeConfig.lto_priv.315
 .bss           0x200036c0       0x24 /tmp/ccehrbqB.ltrans27.ltrans.o
                0x200036c4                batteryWarningVoltage
                0x200036c6                batteryCriticalVoltage
                0x200036d0                amperageLatestADC
                0x200036e0                armingBeepTimeMicros.lto_priv.417
 .bss           0x200036e4       0x35 /tmp/ccehrbqB.ltrans28.ltrans.o
                0x200036e4                accADC
                0x200036f0                accelerationTrims.lto_priv.533
                0x20003718                isAccelUpdatedAtLeastOnce.lto_priv.400
 *(SORT(.bss*))
 *fill*         0x20003719        0x3 
 .bss.systemBeepPtr
                0x2000371c        0x4 /tmp/ccehrbqB.ltrans14.ltrans.o
                0x2000371c                systemBeepPtr
 .bss.accTimeSum
                0x20003720        0x4 /tmp/ccehrbqB.ltrans22.ltrans.o
                0x20003720                accTimeSum
 .bss.setVelocity
                0x20003724        0x4 /tmp/ccehrbqB.ltrans22.ltrans.o
                0x20003724                setVelocity
 .bss.__malloc_sbrk_start
                0x20003728        0x4 /usr/lib/gcc/arm-none-eabi/4.9.3/../../../arm-none-eabi/lib/armv7-m/libc_nano.a(lib_a-nano-mallocr.o)
                0x20003728                __malloc_sbrk_start
 .bss.__malloc_free_list
                0x2000372c        0x4 /usr/lib/gcc/arm-none-eabi/4.9.3/../../../arm-none-eabi/lib/armv7-m/libc_nano.a(lib_a-nano-mallocr.o)
                0x2000372c                __malloc_free_list
 .bss.heap_end.4079
                0x20003730        0x4 /usr/lib/gcc/arm-none-eabi/4.9.3/../../../arm-none-eabi/lib/armv7-m/libnosys.a(sbrk.o)
 .bss.calibratingG
                0x20003734        0x2 /tmp/ccehrbqB.ltrans3.ltrans.o
                0x20003734                calibratingG
 .bss.GPS_angle
                0x20003736        0x4 /tmp/ccehrbqB.ltrans14.ltrans.o
                0x20003736                GPS_angle
 .bss.cycleTime
                0x2000373a        0x2 /tmp/ccehrbqB.ltrans24.ltrans.o
                0x2000373a                cycleTime
 .bss.hardwareRevision
                0x2000373c        0x1 /tmp/ccehrbqB.ltrans2.ltrans.o
                0x2000373c                hardwareRevision
 .bss.armingFlags
                0x2000373d        0x1 /tmp/ccehrbqB.ltrans8.ltrans.o
                0x2000373d                armingFlags
 .bss.ws2811LedDataTransferInProgress
                0x2000373e        0x1 /tmp/ccehrbqB.ltrans9.ltrans.o
                0x2000373e                ws2811LedDataTransferInProgress
 .bss.cliMode   0x2000373f        0x1 /tmp/ccehrbqB.ltrans12.ltrans.o
                0x2000373f                cliMode
 .bss.CHAR_FORMAT
                0x20003740        0x1 /tmp/ccehrbqB.ltrans15.ltrans.o
 .bss.pif_error
                0x20003741        0x1 /tmp/ccehrbqB.ltrans21.ltrans.o
                0x20003741                pif_error
 .bss.magAlign  0x20003742        0x1 /tmp/ccehrbqB.ltrans22.ltrans.o
                0x20003742                magAlign
 .bss.accAlign  0x20003743        0x1 /tmp/ccehrbqB.ltrans28.ltrans.o
                0x20003743                accAlign
 *(COMMON)
 COMMON         0x20003744        0x4 /usr/lib/gcc/arm-none-eabi/4.9.3/../../../arm-none-eabi/lib/armv7-m/libc_nano.a(lib_a-reent.o)
                0x20003744                errno
                0x20003748                . = ALIGN (0x4)
                0x20003748                _ebss = .
                0x20003748                __bss_end__ = _ebss

._user_heap_stack
                0x20003748      0x400 load address 0x0801d900
                0x20003748                . = ALIGN (0x4)
                0x20003748                PROVIDE (end, .)
                [!provide]                PROVIDE (_end, .)
                0x20003748                . = (. + _Min_Heap_Size)
                0x20003b48                . = (. + _Min_Stack_Size)
 *fill*         0x20003748      0x400 
                0x20003b48                . = ALIGN (0x4)

.memory_b1_text
 *(.mb1text)
 *(.mb1text*)
 *(.mb1rodata)
 *(.mb1rodata*)

/DISCARD/
 libc.a(*)
 libm.a(*)
 libgcc.a(*)

.ARM.attributes
                0x00000000       0x2f
 *(.ARM.attributes)
 .ARM.attributes
                0x00000000       0x21 obj/main/NAZE/startup_stm32f10x_md_gcc.o
 .ARM.attributes
                0x00000021       0x31 /tmp/ccehrbqB.ltrans0.ltrans.o
 .ARM.attributes
                0x00000052       0x31 /tmp/ccehrbqB.ltrans1.ltrans.o
 .ARM.attributes
                0x00000083       0x31 /tmp/ccehrbqB.ltrans2.ltrans.o
 .ARM.attributes
                0x000000b4       0x31 /tmp/ccehrbqB.ltrans3.ltrans.o
 .ARM.attributes
                0x000000e5       0x31 /tmp/ccehrbqB.ltrans4.ltrans.o
 .ARM.attributes
                0x00000116       0x31 /tmp/ccehrbqB.ltrans5.ltrans.o
 .ARM.attributes
                0x00000147       0x31 /tmp/ccehrbqB.ltrans6.ltrans.o
 .ARM.attributes
                0x00000178       0x31 /tmp/ccehrbqB.ltrans7.ltrans.o
 .ARM.attributes
                0x000001a9       0x31 /tmp/ccehrbqB.ltrans8.ltrans.o
 .ARM.attributes
                0x000001da       0x31 /tmp/ccehrbqB.ltrans9.ltrans.o
 .ARM.attributes
                0x0000020b       0x31 /tmp/ccehrbqB.ltrans10.ltrans.o
 .ARM.attributes
                0x0000023c       0x31 /tmp/ccehrbqB.ltrans11.ltrans.o
 .ARM.attributes
                0x0000026d       0x31 /tmp/ccehrbqB.ltrans12.ltrans.o
 .ARM.attributes
                0x0000029e       0x31 /tmp/ccehrbqB.ltrans13.ltrans.o
 .ARM.attributes
                0x000002cf       0x31 /tmp/ccehrbqB.ltrans14.ltrans.o
 .ARM.attributes
                0x00000300       0x31 /tmp/ccehrbqB.ltrans15.ltrans.o
 .ARM.attributes
                0x00000331       0x31 /tmp/ccehrbqB.ltrans16.ltrans.o
 .ARM.attributes
                0x00000362       0x31 /tmp/ccehrbqB.ltrans17.ltrans.o
 .ARM.attributes
                0x00000393       0x31 /tmp/ccehrbqB.ltrans18.ltrans.o
 .ARM.attributes
                0x000003c4       0x31 /tmp/ccehrbqB.ltrans19.ltrans.o
 .ARM.attributes
                0x000003f5       0x31 /tmp/ccehrbqB.ltrans20.ltrans.o
 .ARM.attributes
                0x00000426       0x31 /tmp/ccehrbqB.ltrans21.ltrans.o
 .ARM.attributes
                0x00000457       0x31 /tmp/ccehrbqB.ltrans22.ltrans.o
 .ARM.attributes
                0x00000488       0x31 /tmp/ccehrbqB.ltrans23.ltrans.o
 .ARM.attributes
                0x000004b9       0x31 /tmp/ccehrbqB.ltrans24.ltrans.o
 .ARM.attributes
                0x000004ea       0x31 /tmp/ccehrbqB.ltrans25.ltrans.o
 .ARM.attributes
                0x0000051b       0x31 /tmp/ccehrbqB.ltrans26.ltrans.o
 .ARM.attributes
                0x0000054c       0x31 /tmp/ccehrbqB.ltrans27.ltrans.o
 .ARM.attributes
                0x0000057d       0x31 /tmp/ccehrbqB.ltrans28.ltrans.o
 .ARM.attributes
                0x000005ae       0x2d /usr/lib/gcc/arm-none-eabi/4.9.3/../../../arm-none-eabi/lib/armv7-m/libc_nano.a(lib_a-atoi.o)
 .ARM.attributes
                0x000005db       0x2d /usr/lib/gcc/arm-none-eabi/4.9.3/../../../arm-none-eabi/lib/armv7-m/libc_nano.a(lib_a-ctype_.o)
 .ARM.attributes
                0x00000608       0x2d /usr/lib/gcc/arm-none-eabi/4.9.3/../../../arm-none-eabi/lib/armv7-m/libc_nano.a(lib_a-strtok.o)
 .ARM.attributes
                0x00000635       0x2d /usr/lib/gcc/arm-none-eabi/4.9.3/../../../arm-none-eabi/lib/armv7-m/libc_nano.a(lib_a-strtok_r.o)
 .ARM.attributes
                0x00000662       0x2d /usr/lib/gcc/arm-none-eabi/4.9.3/../../../arm-none-eabi/lib/armv7-m/libc_nano.a(lib_a-strtol.o)
 .ARM.attributes
                0x0000068f       0x2d /usr/lib/gcc/arm-none-eabi/4.9.3/../../../arm-none-eabi/lib/armv7-m/libc_nano.a(lib_a-impure.o)
 .ARM.attributes
                0x000006bc       0x2d /usr/lib/gcc/arm-none-eabi/4.9.3/../../../arm-none-eabi/lib/armv7-m/libc_nano.a(lib_a-malloc.o)
 .ARM.attributes
                0x000006e9       0x2d /usr/lib/gcc/arm-none-eabi/4.9.3/../../../arm-none-eabi/lib/armv7-m/libc_nano.a(lib_a-nano-freer.o)
 .ARM.attributes
                0x00000716       0x2d /usr/lib/gcc/arm-none-eabi/4.9.3/../../../arm-none-eabi/lib/armv7-m/libc_nano.a(lib_a-nano-mallocr.o)
 .ARM.attributes
                0x00000743       0x2d /usr/lib/gcc/arm-none-eabi/4.9.3/../../../arm-none-eabi/lib/armv7-m/libc_nano.a(lib_a-sbrkr.o)
 .ARM.attributes
                0x00000770       0x2d /usr/lib/gcc/arm-none-eabi/4.9.3/../../../arm-none-eabi/lib/armv7-m/libc_nano.a(lib_a-reent.o)
 .ARM.attributes
                0x0000079d       0x2d /usr/lib/gcc/arm-none-eabi/4.9.3/../../../arm-none-eabi/lib/armv7-m/libnosys.a(sbrk.o)
 .ARM.attributes
                0x000007ca       0x2d /usr/lib/gcc/arm-none-eabi/4.9.3/../../../arm-none-eabi/lib/armv7-m/libm.a(lib_a-sf_lrint.o)
 .ARM.attributes
                0x000007f7       0x2d /usr/lib/gcc/arm-none-eabi/4.9.3/../../../arm-none-eabi/lib/armv7-m/libm.a(lib_a-wf_pow.o)
 .ARM.attributes
                0x00000824       0x2d /usr/lib/gcc/arm-none-eabi/4.9.3/../../../arm-none-eabi/lib/armv7-m/libm.a(lib_a-wf_sqrt.o)
 .ARM.attributes