Archive member included to satisfy reference by file (symbol)

/usr/lib/gcc/arm-none-eabi/4.9.3/../../../arm-none-eabi/lib/armv7-m/libc_nano.a(lib_a-atoi.o)
                              obj/main/NAZE/io/ledstrip.o (symbol from plugin) (atoi)
/usr/lib/gcc/arm-none-eabi/4.9.3/../../../arm-none-eabi/lib/armv7-m/libc_nano.a(lib_a-ctype_.o)
                              obj/main/NAZE/flight/gps_conversion.o (symbol from plugin) (__ctype_ptr__)
/usr/lib/gcc/arm-none-eabi/4.9.3/../../../arm-none-eabi/lib/armv7-m/libc_nano.a(lib_a-strtok.o)
                              obj/main/NAZE/io/serial_cli.o (symbol from plugin) (strtok)
/usr/lib/gcc/arm-none-eabi/4.9.3/../../../arm-none-eabi/lib/armv7-m/libc_nano.a(lib_a-strtok_r.o)
                              /usr/lib/gcc/arm-none-eabi/4.9.3/../../../arm-none-eabi/lib/armv7-m/libc_nano.a(lib_a-strtok.o) (__strtok_r)
/usr/lib/gcc/arm-none-eabi/4.9.3/../../../arm-none-eabi/lib/armv7-m/libc_nano.a(lib_a-strtol.o)
                              /usr/lib/gcc/arm-none-eabi/4.9.3/../../../arm-none-eabi/lib/armv7-m/libc_nano.a(lib_a-atoi.o) (_strtol_r)
/usr/lib/gcc/arm-none-eabi/4.9.3/../../../arm-none-eabi/lib/armv7-m/libc_nano.a(lib_a-impure.o)
                              /usr/lib/gcc/arm-none-eabi/4.9.3/../../../arm-none-eabi/lib/armv7-m/libc_nano.a(lib_a-strtok.o) (_impure_ptr)
/usr/lib/gcc/arm-none-eabi/4.9.3/../../../arm-none-eabi/lib/armv7-m/libc_nano.a(lib_a-malloc.o)
                              /usr/lib/gcc/arm-none-eabi/4.9.3/../../../arm-none-eabi/lib/armv7-m/libc_nano.a(lib_a-strtok.o) (malloc)
/usr/lib/gcc/arm-none-eabi/4.9.3/../../../arm-none-eabi/lib/armv7-m/libc_nano.a(lib_a-nano-freer.o)
                              /usr/lib/gcc/arm-none-eabi/4.9.3/../../../arm-none-eabi/lib/armv7-m/libc_nano.a(lib_a-malloc.o) (_free_r)
/usr/lib/gcc/arm-none-eabi/4.9.3/../../../arm-none-eabi/lib/armv7-m/libc_nano.a(lib_a-nano-mallocr.o)
                              /usr/lib/gcc/arm-none-eabi/4.9.3/../../../arm-none-eabi/lib/armv7-m/libc_nano.a(lib_a-malloc.o) (_malloc_r)
/usr/lib/gcc/arm-none-eabi/4.9.3/../../../arm-none-eabi/lib/armv7-m/libc_nano.a(lib_a-sbrkr.o)
                              /usr/lib/gcc/arm-none-eabi/4.9.3/../../../arm-none-eabi/lib/armv7-m/libc_nano.a(lib_a-nano-mallocr.o) (_sbrk_r)
/usr/lib/gcc/arm-none-eabi/4.9.3/../../../arm-none-eabi/lib/armv7-m/libc_nano.a(lib_a-reent.o)
                              /usr/lib/gcc/arm-none-eabi/4.9.3/../../../arm-none-eabi/lib/armv7-m/libc_nano.a(lib_a-sbrkr.o) (errno)
/usr/lib/gcc/arm-none-eabi/4.9.3/../../../arm-none-eabi/lib/armv7-m/libnosys.a(sbrk.o)
                              /usr/lib/gcc/arm-none-eabi/4.9.3/../../../arm-none-eabi/lib/armv7-m/libc_nano.a(lib_a-sbrkr.o) (_sbrk)
/usr/lib/gcc/arm-none-eabi/4.9.3/../../../arm-none-eabi/lib/armv7-m/libm.a(lib_a-sf_lrint.o)
                              /tmp/cc8DLllS.ltrans1.ltrans.o (lrintf)
/usr/lib/gcc/arm-none-eabi/4.9.3/../../../arm-none-eabi/lib/armv7-m/libm.a(lib_a-wf_pow.o)
                              /tmp/cc8DLllS.ltrans19.ltrans.o (powf)
/usr/lib/gcc/arm-none-eabi/4.9.3/../../../arm-none-eabi/lib/armv7-m/libm.a(lib_a-wf_sqrt.o)
                              /tmp/cc8DLllS.ltrans1.ltrans.o (sqrtf)
/usr/lib/gcc/arm-none-eabi/4.9.3/../../../arm-none-eabi/lib/armv7-m/libm.a(lib_a-ef_pow.o)
                              /usr/lib/gcc/arm-none-eabi/4.9.3/../../../arm-none-eabi/lib/armv7-m/libm.a(lib_a-wf_pow.o) (__ieee754_powf)
/usr/lib/gcc/arm-none-eabi/4.9.3/../../../arm-none-eabi/lib/armv7-m/libm.a(lib_a-ef_sqrt.o)
                              /usr/lib/gcc/arm-none-eabi/4.9.3/../../../arm-none-eabi/lib/armv7-m/libm.a(lib_a-wf_sqrt.o) (__ieee754_sqrtf)
/usr/lib/gcc/arm-none-eabi/4.9.3/../../../arm-none-eabi/lib/armv7-m/libm.a(lib_a-s_lib_ver.o)
                              /usr/lib/gcc/arm-none-eabi/4.9.3/../../../arm-none-eabi/lib/armv7-m/libm.a(lib_a-wf_pow.o) (__fdlib_version)
/usr/lib/gcc/arm-none-eabi/4.9.3/../../../arm-none-eabi/lib/armv7-m/libm.a(lib_a-s_matherr.o)
                              /usr/lib/gcc/arm-none-eabi/4.9.3/../../../arm-none-eabi/lib/armv7-m/libm.a(lib_a-wf_pow.o) (matherr)
/usr/lib/gcc/arm-none-eabi/4.9.3/../../../arm-none-eabi/lib/armv7-m/libm.a(lib_a-s_rint.o)
                              /usr/lib/gcc/arm-none-eabi/4.9.3/../../../arm-none-eabi/lib/armv7-m/libm.a(lib_a-wf_pow.o) (rint)
/usr/lib/gcc/arm-none-eabi/4.9.3/../../../arm-none-eabi/lib/armv7-m/libm.a(lib_a-sf_fabs.o)
                              /usr/lib/gcc/arm-none-eabi/4.9.3/../../../arm-none-eabi/lib/armv7-m/libm.a(lib_a-ef_pow.o) (fabsf)
/usr/lib/gcc/arm-none-eabi/4.9.3/../../../arm-none-eabi/lib/armv7-m/libm.a(lib_a-sf_finite.o)
                              /usr/lib/gcc/arm-none-eabi/4.9.3/../../../arm-none-eabi/lib/armv7-m/libm.a(lib_a-wf_pow.o) (finitef)
/usr/lib/gcc/arm-none-eabi/4.9.3/../../../arm-none-eabi/lib/armv7-m/libm.a(lib_a-sf_fpclassify.o)
[...]
Memory Configuration

Name             Origin             Length             Attributes
FLASH            0x08000000         0x0001f000         xr
RAM              0x20000000         0x00005000         xrw
MEMORY_B1        0x60000000         0x00000000         xr
*default*        0x00000000         0xffffffff

Linker script and memory map

LOAD obj/main/NAZE/startup_stm32f10x_md_gcc.o
LOAD obj/main/NAZE/drivers/accgyro_adxl345.o
LOAD /tmp/cc8DLllS.ltrans0.ltrans.o
LOAD /tmp/cc8DLllS.ltrans1.ltrans.o
LOAD /tmp/cc8DLllS.ltrans2.ltrans.o
LOAD /tmp/cc8DLllS.ltrans3.ltrans.o
LOAD /tmp/cc8DLllS.ltrans4.ltrans.o
LOAD /tmp/cc8DLllS.ltrans5.ltrans.o
LOAD /tmp/cc8DLllS.ltrans6.ltrans.o
LOAD /tmp/cc8DLllS.ltrans7.ltrans.o
LOAD /tmp/cc8DLllS.ltrans8.ltrans.o
LOAD /tmp/cc8DLllS.ltrans9.ltrans.o
LOAD /tmp/cc8DLllS.ltrans10.ltrans.o
LOAD /tmp/cc8DLllS.ltrans11.ltrans.o
LOAD /tmp/cc8DLllS.ltrans12.ltrans.o
LOAD /tmp/cc8DLllS.ltrans13.ltrans.o
LOAD /tmp/cc8DLllS.ltrans14.ltrans.o
LOAD /tmp/cc8DLllS.ltrans15.ltrans.o
LOAD /tmp/cc8DLllS.ltrans16.ltrans.o
LOAD /tmp/cc8DLllS.ltrans17.ltrans.o
LOAD /tmp/cc8DLllS.ltrans18.ltrans.o
LOAD /tmp/cc8DLllS.ltrans19.ltrans.o
LOAD /tmp/cc8DLllS.ltrans20.ltrans.o
LOAD /tmp/cc8DLllS.ltrans21.ltrans.o
LOAD /tmp/cc8DLllS.ltrans22.ltrans.o
LOAD /tmp/cc8DLllS.ltrans23.ltrans.o
LOAD /tmp/cc8DLllS.ltrans24.ltrans.o
LOAD /tmp/cc8DLllS.ltrans25.ltrans.o
LOAD /tmp/cc8DLllS.ltrans26.ltrans.o
LOAD /tmp/cc8DLllS.ltrans27.ltrans.o
LOAD /tmp/cc8DLllS.ltrans28.ltrans.o
LOAD /tmp/cc8DLllS.ltrans29.ltrans.o
LOAD /tmp/cc8DLllS.ltrans30.ltrans.o
LOAD obj/main/NAZE/drivers/accgyro_bma280.o
LOAD obj/main/NAZE/drivers/accgyro_mma845x.o
LOAD obj/main/NAZE/drivers/accgyro_mpu.o
LOAD obj/main/NAZE/drivers/accgyro_mpu3050.o
LOAD obj/main/NAZE/drivers/accgyro_mpu6050.o
LOAD obj/main/NAZE/drivers/accgyro_mpu6500.o
LOAD obj/main/NAZE/drivers/accgyro_spi_mpu6500.o
LOAD obj/main/NAZE/drivers/adc.o
LOAD obj/main/NAZE/drivers/adc_stm32f10x.o
LOAD obj/main/NAZE/drivers/barometer_bmp085.o
LOAD obj/main/NAZE/drivers/barometer_ms5611.o
LOAD obj/main/NAZE/drivers/barometer_bmp280.o
LOAD obj/main/NAZE/drivers/bus_spi.o
LOAD obj/main/NAZE/drivers/bus_i2c_stm32f10x.o
LOAD obj/main/NAZE/drivers/compass_hmc5883l.o
LOAD obj/main/NAZE/drivers/display_ug2864hsweg01.o
LOAD obj/main/NAZE/drivers/flash_m25p16.o
LOAD obj/main/NAZE/drivers/gpio_stm32f10x.o
LOAD obj/main/NAZE/drivers/inverter.o
LOAD obj/main/NAZE/drivers/light_led_stm32f10x.o
LOAD obj/main/NAZE/drivers/light_ws2811strip.o
LOAD obj/main/NAZE/drivers/light_ws2811strip_stm32f10x.o
LOAD obj/main/NAZE/drivers/sonar_hcsr04.o
LOAD obj/main/NAZE/drivers/pwm_mapping.o
LOAD obj/main/NAZE/drivers/pwm_output.o
LOAD obj/main/NAZE/drivers/pwm_rx.o
LOAD obj/main/NAZE/drivers/serial_softserial.o
LOAD obj/main/NAZE/drivers/serial_uart.o
LOAD obj/main/NAZE/drivers/serial_uart_stm32f10x.o
LOAD obj/main/NAZE/drivers/sound_beeper_stm32f10x.o
LOAD obj/main/NAZE/drivers/system_stm32f10x.o
LOAD obj/main/NAZE/drivers/timer.o
LOAD obj/main/NAZE/drivers/timer_stm32f10x.o
LOAD obj/main/NAZE/io/flashfs.o
LOAD obj/main/NAZE/hardware_revision.o
LOAD obj/main/NAZE/flight/gtune.o
LOAD obj/main/NAZE/flight/navigation.o
LOAD obj/main/NAZE/flight/gps_conversion.o
LOAD obj/main/NAZE/common/colorconversion.o
LOAD obj/main/NAZE/io/gps.o
LOAD obj/main/NAZE/io/ledstrip.o
LOAD obj/main/NAZE/io/display.o
LOAD obj/main/NAZE/telemetry/telemetry.o
LOAD obj/main/NAZE/telemetry/frsky.o
LOAD obj/main/NAZE/telemetry/hott.o
LOAD obj/main/NAZE/telemetry/smartport.o
LOAD obj/main/NAZE/telemetry/ltm.o
LOAD obj/main/NAZE/sensors/sonar.o
LOAD obj/main/NAZE/sensors/barometer.o
LOAD obj/main/NAZE/blackbox/blackbox.o
LOAD obj/main/NAZE/blackbox/blackbox_io.o
LOAD obj/main/NAZE/pif/source/core/pif.o
LOAD obj/main/NAZE/pif/source/core/pif_comm.o
LOAD obj/main/NAZE/pif/source/core/pif_i2c.o
LOAD obj/main/NAZE/pif/source/core/pif_list.o
LOAD obj/main/NAZE/pif/source/core/pif_log.o
LOAD obj/main/NAZE/pif/source/core/pif_ring_buffer.o
LOAD obj/main/NAZE/pif/source/core/pif_task.o
LOAD obj/main/NAZE/pif/source/core/pif_timer.o
LOAD obj/main/NAZE/pif/source/sensor/pif_imu_sensor.o
LOAD obj/main/NAZE/pif/source/sensor/pif_mpu6500.o
LOAD obj/main/NAZE/pif/source/sensor/pif_bmp280.o
LOAD obj/main/NAZE/build_config.o
LOAD obj/main/NAZE/debug.o
LOAD obj/main/NAZE/version.o
LOAD obj/main/NAZE/config/config.o
LOAD obj/main/NAZE/config/runtime_config.o
LOAD obj/main/NAZE/common/maths.o
LOAD obj/main/NAZE/common/printf.o
LOAD obj/main/NAZE/common/typeconversion.o
LOAD obj/main/NAZE/common/encoding.o
LOAD obj/main/NAZE/common/filter.o
LOAD obj/main/NAZE/scheduler.o
LOAD obj/main/NAZE/scheduler_tasks.o
LOAD obj/main/NAZE/main.o
LOAD obj/main/NAZE/mw.o
LOAD obj/main/NAZE/flight/altitudehold.o
LOAD obj/main/NAZE/flight/failsafe.o
LOAD obj/main/NAZE/flight/pid.o
LOAD obj/main/NAZE/flight/imu.o
LOAD obj/main/NAZE/flight/mixer.o
LOAD obj/main/NAZE/drivers/bus_i2c.o
LOAD obj/main/NAZE/drivers/bus_i2c_soft.o
LOAD obj/main/NAZE/drivers/sensor.o
LOAD obj/main/NAZE/drivers/serial.o
LOAD obj/main/NAZE/drivers/sound_beeper.o
LOAD obj/main/NAZE/drivers/system.o
LOAD obj/main/NAZE/drivers/dma.o
LOAD obj/main/NAZE/drivers/buf_writer.o
LOAD obj/main/NAZE/drivers/gyro_sync.o
LOAD obj/main/NAZE/io/beeper.o
LOAD obj/main/NAZE/io/rc_controls.o
LOAD obj/main/NAZE/io/rc_curves.o
LOAD obj/main/NAZE/io/serial.o
LOAD obj/main/NAZE/io/serial_1wire.o
LOAD obj/main/NAZE/io/serial_cli.o
LOAD obj/main/NAZE/io/serial_msp.o
LOAD obj/main/NAZE/io/statusindicator.o
LOAD obj/main/NAZE/rx/rx.o
LOAD obj/main/NAZE/rx/pwm.o
LOAD obj/main/NAZE/rx/msp.o
LOAD obj/main/NAZE/rx/sbus.o
LOAD obj/main/NAZE/rx/sumd.o
LOAD obj/main/NAZE/rx/sumh.o
LOAD obj/main/NAZE/rx/spektrum.o
LOAD obj/main/NAZE/rx/xbus.o
LOAD obj/main/NAZE/rx/ibus.o
LOAD obj/main/NAZE/sensors/acceleration.o
LOAD obj/main/NAZE/sensors/battery.o
LOAD obj/main/NAZE/sensors/boardalignment.o
LOAD obj/main/NAZE/sensors/compass.o
LOAD obj/main/NAZE/sensors/gyro.o
LOAD obj/main/NAZE/sensors/initialisation.o
LOAD obj/main/NAZE/sensors/sensors.o
LOAD obj/main/NAZE/core_cm3.o
LOAD obj/main/NAZE/system_stm32f10x.o
LOAD obj/main/NAZE/stm32f10x_dma.o
LOAD obj/main/NAZE/stm32f10x_dbgmcu.o
LOAD obj/main/NAZE/stm32f10x_dac.o
LOAD obj/main/NAZE/stm32f10x_rtc.o
LOAD obj/main/NAZE/stm32f10x_pwr.o
LOAD obj/main/NAZE/stm32f10x_i2c.o
LOAD obj/main/NAZE/stm32f10x_sdio.o
LOAD obj/main/NAZE/stm32f10x_rcc.o
LOAD obj/main/NAZE/stm32f10x_flash.o
LOAD obj/main/NAZE/stm32f10x_usart.o
LOAD obj/main/NAZE/stm32f10x_tim.o
LOAD obj/main/NAZE/stm32f10x_wwdg.o
LOAD obj/main/NAZE/misc.o
LOAD obj/main/NAZE/stm32f10x_iwdg.o
LOAD obj/main/NAZE/stm32f10x_adc.o
LOAD obj/main/NAZE/stm32f10x_spi.o
LOAD obj/main/NAZE/stm32f10x_bkp.o
LOAD obj/main/NAZE/stm32f10x_exti.o
LOAD obj/main/NAZE/stm32f10x_fsmc.o
LOAD obj/main/NAZE/stm32f10x_gpio.o
LOAD /usr/lib/gcc/arm-none-eabi/4.9.3/../../../arm-none-eabi/lib/armv7-m/libm.a
LOAD /usr/lib/gcc/arm-none-eabi/4.9.3/../../../arm-none-eabi/lib/armv7-m/libc_nano.a
LOAD /usr/lib/gcc/arm-none-eabi/4.9.3/../../../arm-none-eabi/lib/armv7-m/libnosys.a
START GROUP
LOAD /usr/lib/gcc/arm-none-eabi/4.9.3/armv7-m/libgcc.a
LOAD /usr/lib/gcc/arm-none-eabi/4.9.3/../../../arm-none-eabi/lib/armv7-m/libg_nano.a
LOAD /usr/lib/gcc/arm-none-eabi/4.9.3/../../../arm-none-eabi/lib/armv7-m/libc_nano.a
END GROUP
START GROUP
LOAD /usr/lib/gcc/arm-none-eabi/4.9.3/armv7-m/libgcc.a
LOAD /usr/lib/gcc/arm-none-eabi/4.9.3/../../../arm-none-eabi/lib/armv7-m/libc_nano.a
END GROUP
                0x20005000                _estack = (ORIGIN (RAM) + LENGTH (RAM))
                0x00000000                _Min_Heap_Size = 0x0
                0x00000400                _Min_Stack_Size = 0x400

.isr_vector     0x08000000      0x10c
                0x08000000                . = ALIGN (0x4)
                [!provide]                PROVIDE (isr_vector_table_base, .)
 *(.isr_vector)
 .isr_vector    0x08000000      0x10c obj/main/NAZE/startup_stm32f10x_md_gcc.o
                0x08000000                g_pfnVectors
                0x0800010c                . = ALIGN (0x4)

.text           0x08000110    0x1e5b0
                0x08000110                . = ALIGN (0x4)
 *(.text)
 .text          0x08000110     0x22e8 /tmp/cc8DLllS.ltrans0.ltrans.o
                0x08000110                init
 .text          0x080023f8     0x2284 /tmp/cc8DLllS.ltrans1.ltrans.o
                0x080023f8                taskMainPidLoopChecker
 .text          0x0800467c     0x20f0 /tmp/cc8DLllS.ltrans2.ltrans.o
                0x0800467c                taskHandleSerial
 .text          0x0800676c     0x16ac /tmp/cc8DLllS.ltrans3.ltrans.o
                0x0800676c                taskUpdateRxMain
 .text          0x08007e18     0x12ac /tmp/cc8DLllS.ltrans4.ltrans.o
                0x08008264                mpu6500SpiGyroDetect
                0x080082e4                mpu6500SpiAccDetect
                0x0800835c                mpu6500GyroDetect
                0x08008394                mpu6500AccDetect
                0x080083c4                mpu6050GyroDetect
                0x080083fc                mpu6050AccDetect
                0x08008474                mpu3050Detect
                0x080085c8                mpuReadRegisterI2C.lto_priv.450
                0x08008638                mma8452Detect
                0x080086e2                bma280Detect
                0x080087f8                adxl345Detect
                0x080088b0                mpuWriteRegisterI2C.lto_priv.451
                0x08008934                bmp280Detect
                0x080089c4                ms5611Detect
                0x08008ad0                bmp085Disable
                0x08008bd8                bmp085Detect
                0x08009018                mpu6500ReadRegister
                0x08009044                mpu6500WriteRegister
                0x080090b4                I2C2_EV_IRQHandler
                0x080090b8                I2C2_ER_IRQHandler
                0x080090bc                I2C1_EV_IRQHandler
                0x080090c0                I2C1_ER_IRQHandler
 .text          0x080090c4      0xcc4 /tmp/cc8DLllS.ltrans5.ltrans.o
                0x080090c4                taskTelemetry
 .text          0x08009d88      0xedc /tmp/cc8DLllS.ltrans6.ltrans.o
                0x08009d88                taskSystem
                0x08009ec6                _putc.lto_priv.469
                0x08009ed4                createTask.part.1.lto_priv.398
                0x08009f00                applyBiQuadFilter
                0x08009f66                BiQuadNewLpf
                0x0800a038                fastA2F
                0x0800a164                ftoa
                0x0800a230                _i2a.lto_priv.186
                0x0800a258                tfp_format
                0x0800a42e                tfp_sprintf
                0x0800a458                applyDeadband
                0x0800a476                acosf
                0x0800a4f0                atan2f
                0x0800a5f4                sinf
                0x0800a6dc                cosf
                0x0800a6f0                disableFlightMode
                0x0800a710                enableFlightMode
                0x0800a730                featureClear
                0x0800a740                handleOneshotFeatureChangeOnRestart
                0x0800a794                writeEEPROM
                0x0800a8e0                readEEPROM
                0x0800ac50                saveConfigAndNotify
 .text          0x0800ac64      0xb98 /tmp/cc8DLllS.ltrans7.ltrans.o
                0x0800ac84                pwmOverflowCallback.lto_priv.461
                0x0800acac                ppmEdgeCallback.lto_priv.462
                0x0800ae48                ppmOverflowCallback.lto_priv.463
                0x0800ae88                pwmWriteStandard.lto_priv.458
                0x0800ae98                pwmWriteBrushed.lto_priv.459
                0x0800aebc                ws2811DMAHandler
                0x0800af40                applyChangedBits
                0x0800af6a                serialICConfig.lto_priv.562
                0x0800b09e                pwmICConfig
                0x0800b0d8                pwmEdgeCallback.lto_priv.460
                0x0800b130                pwmWriteServo
                0x0800b148                EXTI9_5_IRQHandler
                0x0800b14a                EXTI1_IRQHandler
                0x0800b14c                EXTI0_IRQHandler
                0x0800b14e                ws2811UpdateStrip
                0x0800b320                gpioExtiLineConfig
                0x0800b34a                gpioInit
                0x0800b3ae                openSoftSerial
                0x0800b548                pwmOutConfig.lto_priv.496
 .text          0x0800b7fc      0x634 /tmp/cc8DLllS.ltrans8.ltrans.o
                0x0800b7fc                taskLedStrip
 .text          0x0800be30      0xd6c /tmp/cc8DLllS.ltrans9.ltrans.o
                0x0800be30                ibusReadRawRC.lto_priv.439
                0x0800be3c                xBusReadRawRC.lto_priv.437
                0x0800befc                spektrumReadRawRC.lto_priv.187
                0x0800bf28                sumhReadRawRC.lto_priv.430
                0x0800bf40                sumdReadRawRC.lto_priv.428
                0x0800bf54                sbusReadRawRC.lto_priv.426
                0x0800bf84                rxMspReadRawRC.lto_priv.441
                0x0800bf94                ppmReadRawRC.lto_priv.443
                0x0800bfa4                pwmReadRawRC.lto_priv.442
                0x0800bfb4                nullReadRawRC.lto_priv.189
                0x0800bfb8                ibusDataReceive.lto_priv.440
                0x0800c004                xBusDataReceive.lto_priv.438
                0x0800c0e0                spektrumDataReceive.lto_priv.188
                0x0800c130                sumhDataReceive.lto_priv.431
                0x0800c17c                sumdDataReceive.lto_priv.429
                0x0800c228                sbusDataReceive.lto_priv.427
                0x0800c284                batteryAdcToVoltage
                0x0800c2b0                getRxfailValue.lto_priv.307
                0x0800c310                resumeRxSignal
                0x0800c338                suspendRxSignal
                0x0800c364                warningLedRefresh
                0x0800c3ac                packFlightModeFlags.lto_priv.354
                0x0800c4dc                mspReleasePortIfAllocated
                0x0800c51c                read8.lto_priv.349
                0x0800c534                read16.lto_priv.350
                0x0800c548                read32.lto_priv.351
                0x0800c55a                serialize8.lto_priv.348
                0x0800c57c                tailSerialReply.lto_priv.346
                0x0800c5a0                headSerialResponse.lto_priv.191
                0x0800c5ec                headSerialReply.lto_priv.347
                0x0800c5f2                serialize16.lto_priv.352
                0x0800c604                serialize32.lto_priv.353
                0x0800c616                cliWrite.lto_priv.217
                0x0800c628                cliPrintf.lto_priv.213
                0x0800c654                cliVersion.lto_priv.210
                0x0800c688                cliTasks.lto_priv.209
                0x0800c700                cliPrintVar.lto_priv.218
                0x0800c7ec                cliPrint.lto_priv.211
                0x0800c808                cliStatus.lto_priv.208
                0x0800c940                cliGet.lto_priv.200
                0x0800c998                cliSet.lto_priv.207
 .text          0x0800cb9c      0xcdc /tmp/cc8DLllS.ltrans10.ltrans.o
                0x0800cbf2                cliShowArgumentRangeError.lto_priv.214
                0x0800cc0c                cliAux.lto_priv.198
                0x0800ccf8                cliShowParseError.lto_priv.215
                0x0800cd04                cliServo.lto_priv.206
                0x0800ce48                cliColor.lto_priv.199
                0x0800cf28                cliLed.lto_priv.201
                0x0800d140                cliRxRange.lto_priv.203
                0x0800d21c                cliMotorMix.lto_priv.202
                0x0800d414                cliAdjustmentRange.lto_priv.197
                0x0800d570                cliSerial.lto_priv.205
                0x0800d6b4                cliRxFail.lto_priv.204
                0x0800d7ec                cliPrompt.lto_priv.355
                0x0800d808                waitForSerialPortToFinishTransmitting
                0x0800d81e                serialRemovePort
                0x0800d850                closeSerialPort
 .text          0x0800d878      0xa84 /tmp/cc8DLllS.ltrans11.ltrans.o
                0x0800d9c0                blackboxWrite
                0x0800db58                blackboxAdvanceIterationTimers.lto_priv.375
                0x0800db94                blackboxLogEvent
                0x0800dc44                blackboxLogIteration.lto_priv.376
                0x0800e1a0                sendFieldDefinition.lto_priv.377
 .text          0x0800e2fc      0x41c /tmp/cc8DLllS.ltrans12.ltrans.o
                0x0800e2fc                mwArm
                0x0800e694                mwDisarm
                0x0800e6fc                HardFault_Handler
 .text          0x0800e718      0xd74 /tmp/cc8DLllS.ltrans13.ltrans.o
                0x0800e730                gpsNewFrame
                0x0800ecd8                gpsSetState.lto_priv.269
                0x0800ecf4                GPS_distance_cm_bearing.isra.3.lto_priv.558
                0x0800ed78                gpsNewData.part.2.lto_priv.216
 .text          0x0800f48c      0xcd0 /tmp/cc8DLllS.ltrans14.ltrans.o
                0x0800f4c8                cliDefaults.lto_priv.330
                0x0800f4e4                cliSave.lto_priv.344
                0x0800f4fc                cliRateProfile.lto_priv.343
                0x0800f548                cliHelp.lto_priv.337
                0x0800f58c                cliProfile.lto_priv.342
                0x0800f5cc                cliPlaySound.lto_priv.341
                0x0800f678                cliMotor.lto_priv.340
                0x0800f718                cliMixer.lto_priv.339
                0x0800f7bc                cliMap.lto_priv.338
                0x0800f860                cliGpsPassthrough.lto_priv.336
                0x0800f918                cliFeature.lto_priv.333
                0x0800fa10                cliExit.lto_priv.332
                0x0800fa90                cliDump.lto_priv.331
                0x0800fde0                cliFlashErase.lto_priv.334
                0x0800fe0c                cliFlashInfo.lto_priv.335
                0x0800fe44                cliServoMix.lto_priv.345
 .text          0x0801015c      0x718 /tmp/cc8DLllS.ltrans15.ltrans.o
                0x080101e6                isSoftSerialTransmitBufferEmpty
                0x080101f2                softSerialSetMode
                0x080101f6                softSerialWriteByte
                0x08010214                softSerialTxBytesFree
                0x08010236                softSerialRxBytesWaiting
                0x08010254                softSerialReadByte
                0x080103b0                softSerialSetBaudRate
                0x080103c0                onSerialRxPinChange
                0x0801045e                usartIrqCallback
                0x080104c2                uartStartTxDMA
                0x08010524                uartOpen
 .text          0x08010874      0xa20 /tmp/cc8DLllS.ltrans16.ltrans.o
                0x08010874                dmaNoOpHandler
                0x08010876                micros
                0x080108ac                beepInverted.lto_priv.465
                0x080108c0                beepNormal.lto_priv.466
                0x080108d4                actI2cRead
                0x080108e4                actI2cWrite
                0x080108f4                serialFindPortConfiguration
                0x0801091c                doesConfigurationUsePort
                0x08010932                determinePortSharing
                0x08010946                findNextSerialPortConfig
                0x08010978                findSerialPortConfig
                0x08010984                generateThrottleCurve
                0x08010a14                generatePitchRollCurve
                0x08010a48                isRangeActive.part.3.lto_priv.305
                0x08010a90                isModeActivationConditionPresent
                0x08010ab2                calculateThrottleStatus
                0x08010ae8                blackboxLogInflightAdjustmentEvent
                0x08010b10                bufWriterFlush
                0x08010b28                bufWriterAppend
                0x08010b44                DMA1_Channel7_IRQHandler
                0x08010b54                DMA1_Channel6_IRQHandler
                0x08010b64                DMA1_Channel3_IRQHandler
                0x08010b74                DMA1_Channel2_IRQHandler
                0x08010b84                delayMicroseconds
                0x08010b9a                delay
                0x08010bae                SysTick_Handler
                0x08010d0c                EXTI15_10_IRQHandler
                0x08010d2c                systemBeep
                0x08010d38                beeperSilence
                0x08010d64                beeper
                0x08010da8                beeperConfirmationBeeps
                0x08010dd8                failureMode
                0x08010e6c                registerExtiCallbackHandler
                0x08010e94                serialSetMode
                0x08010e9a                openSerialPort
                0x08010f38                isSerialTransmitBufferEmpty
                0x08010f3e                serialSetBaudRate
                0x08010f44                serialRead
                0x08010f4a                serialRxBytesWaiting
                0x08010f50                serialWrite
                0x08010f56                serialWriteBufShim
                0x08010f92                writeMotors
                0x08011038                stopMotors
                0x08011080                mixerResetDisarmedMotors
                0x080110b8                loadCustomServoMixer
                0x08011108                determineServoMiddleOrForwardFromChannel
                0x0801113c                imuComputeRotationMatrix.lto_priv.380
                0x08011270                pidSetController
 .text          0x08011294      0x988 /tmp/cc8DLllS.ltrans17.ltrans.o
                0x08011358                wrap_18000.lto_priv.379
                0x0801137c                GPS_set_next_wp
                0x08011408                gpsUsePIDs
                0x080114a8                GPS_reset_home_position
                0x080114fc                calculate_Gtune
                0x080116b8                flashfsAdvanceTailInBuffer.lto_priv.518
                0x080116e8                flashfsGetDirtyDataBuffers.lto_priv.516
                0x08011720                flashfsGetOffset
                0x08011740                flashfsWriteBuffers.lto_priv.517
                0x08011894                flashfsFlushSync
                0x080118cc                flashfsFlushAsync
                0x08011910                flashfsTransmitBufferUsed.lto_priv.378
                0x08011930                flashfsEraseCompletely
                0x08011980                TIM4_IRQHandler
                0x08011990                TIM3_IRQHandler
                0x080119a0                TIM2_IRQHandler
                0x080119ac                TIM1_UP_IRQHandler
                0x080119bc                TIM1_CC_IRQHandler
                0x080119cc                configTimeBase
                0x08011a74                timerConfigure
                0x08011ac8                lookupTimerIndex.lto_priv.244
                0x08011b04                timerChConfigCallbacks
                0x08011bbc                USART3_IRQHandler
                0x08011bc8                USART2_IRQHandler
                0x08011bd4                USART1_IRQHandler
                0x08011be0                DMA1_Channel4_IRQHandler
 .text          0x08011c1c      0x980 /tmp/cc8DLllS.ltrans18.ltrans.o
                0x08011c44                spektrumInit.constprop.42
                0x08011cbc                initI2cDevice.constprop.26
                0x08011d24                findNextSharedSerialPort.constprop.18
                0x08011d88                setAdjustment.constprop.16
                0x08011e14                headSerialError.constprop.10
                0x08011e1c                GPIO_Init
                0x08011eb8                EXTI_Init.part.0.lto_priv.493
                0x08011f18                EXTI_GetITStatus
                0x08011f34                TIM_ICInit
                0x0801215c                FLASH_WaitForLastOperation
                0x0801217e                RCC_GetClocksFreq
                0x08012210                DMA_StructInit
                0x0801222a                DMA_Init
                0x08012266                DMA_DeInit
                0x08012358                SystemInit
                0x080123a4                alignSensors
                0x0801251c                calculateBatteryCapacityRemainingPercentage
                0x08012564                updateBatteryVoltage.lto_priv.312
 .text          0x0801259c      0xa08 /tmp/cc8DLllS.ltrans19.ltrans.o
                0x0801259c                taskUpdateDisplay
                0x080125b4                taskUpdateBaro
                0x080126b0                taskCalculateAltitude
                0x08012b64                taskUpdateSonar
                0x08012ba8                taskUpdateCompass
                0x08012cfc                taskProcessGPS
 .text          0x08012fa4      0x974 /tmp/cc8DLllS.ltrans20.ltrans.o
                0x08012ff0                drawHorizonalPercentageBar
                0x08013042                updateDisplay
                0x08013778                applyDirectionalModeColor
                0x08013858                reevalulateLedConfig
 .text          0x08013918      0xa68 /tmp/cc8DLllS.ltrans21.ltrans.o
                0x08013918                _doTask.lto_priv.395
                0x080139d0                activateControlRateConfig
                0x08013a18                isEEPROMContentValid.lto_priv.497
                0x08013a5c                resetConf.lto_priv.212
                0x08013f10                _checkLoopTime.lto_priv.396
                0x08013fa4                _processingTask.lto_priv.397
                0x08014054                _setParam.lto_priv.401
                0x08014154                _checkParam.lto_priv.399
                0x080141a8                pifTaskManager_Add
                0x08014268                _resetTable.lto_priv.400
                0x08014294                pifRingBuffer_PutString
 .text          0x08014380      0x754 /tmp/cc8DLllS.ltrans22.ltrans.o
                0x080143f8                hmc5883lDetect
                0x0801468c                m25p16_isReady
                0x080146d4                m25p16_waitForReady
                0x080146f4                m25p16_readBytes
                0x08014740                i2c_OLED_send_byte.lto_priv.540
                0x0801474a                i2c_OLED_send_char
                0x08014780                i2c_OLED_send_string
                0x08014792                i2c_OLED_send_cmd.lto_priv.495
                0x0801479c                ug2864hsweg01InitI2C.part.0.lto_priv.494
                0x0801487a                i2c_OLED_set_line
                0x08014892                i2c_OLED_set_xy
                0x080148bc                i2cInit
 .text          0x08014ad4      0xa78 /tmp/cc8DLllS.ltrans23.ltrans.o
                0x08014ad4                pidMultiWiiRewrite.lto_priv.227
                0x08014da8                pidMultiWii23.lto_priv.229
                0x0801512c                pidLuxFloat.lto_priv.228
 .text          0x0801554c      0x6b8 /tmp/cc8DLllS.ltrans24.ltrans.o
                0x0801554c                NVIC_Init.part.0.constprop.184
                0x08015588                spiTransfer.constprop.174
                0x080155c8                spiTransferByte.constprop.173
                0x080155e8                bmp085InitXCLRGpio.constprop.154
                0x08015620                GPS_coord_to_degrees.constprop.126
                0x080156e0                grab_fields.constprop.125
                0x08015724                drawRxChannel.constprop.121
                0x08015770                blackboxWriteSigned16VBArray.constprop.94
                0x08015790                blackboxWriteSignedVBArray.constprop.93
                0x080157aa                mspAllocateSerialPorts.constprop.91
                0x08015824                pifLog_Printf.constprop.82
                0x08015b18                pifTask_GetDeltaTime.constprop.79
                0x08015b48                resetSerialConfig.constprop.70
                0x08015ba4                parseRcChannels.constprop.60
                0x08015be0                itoa.constprop.55
 .text          0x08015c04      0x670 /tmp/cc8DLllS.ltrans25.ltrans.o
                0x08015c0a                _printLog.lto_priv.185
                0x08015d58                pifFixList_Init.part.1.lto_priv.190
                0x08015db4                pifFixList_Remove
                0x08015de4                pif_HexToString
                0x08015e4c                pif_DecToString
                0x08015ede                pif_BinToString
                0x08015f2c                blackboxDeviceReserveBufferSpace
                0x08015f8c                isBlackboxDeviceFull
                0x08015fb8                blackboxDeviceFlushForce
                0x08015fdc                blackboxWriteTag2_3S32
                0x080160fc                blackboxWriteUnsignedVB
                0x0801611c                blackboxWriteSignedVB
                0x08016124                blackboxPrint
                0x08016200                blackboxPrintfHeaderLine
                0x08016250                blackboxPrintf
 .text          0x08016274      0x41c /tmp/cc8DLllS.ltrans26.ltrans.o
                0x08016294                i2c_ev_handler.lto_priv.574
                0x080164e4                i2c_er_handler.lto_priv.575
                0x0801657c                i2cRead
                0x080165fc                i2cWriteBuffer
                0x0801667c                i2cWrite
 .text          0x08016690      0x53c /tmp/cc8DLllS.ltrans27.ltrans.o
                0x08016784                sonarRead
                0x0801680c                ltm_finalise.lto_priv.259
                0x08016824                ltm_serialise_8.lto_priv.260
                0x08016848                ltm_serialise_32.lto_priv.261
                0x0801686a                ltm_serialise_16.lto_priv.263
                0x0801687c                ltm_initialise_packet.lto_priv.262
                0x080168b0                smartPortSendPackage.lto_priv.258
                0x08016918                workAroundForHottTelemetryOnUsart.isra.0.lto_priv.257
                0x08016944                flushHottRxBuffer.lto_priv.256
                0x08016960                serialize16.lto_priv.253
                0x08016974                sendTelemetryTail.lto_priv.252
                0x08016984                sendDataHead.lto_priv.254
                0x080169a4                sendLatLong.lto_priv.255
                0x08016a1c                telemetryCheckState
 .text          0x08016bcc      0x338 /tmp/cc8DLllS.ltrans28.ltrans.o
                0x08016bcc                taskUpdateBattery
                0x08016dd4                taskUpdateBeeper
 .text          0x08016f04      0x208 /tmp/cc8DLllS.ltrans29.ltrans.o
                0x08016f04                taskUpdateAccelerometer
 *fill*         0x0801710c        0x4 
 .text          0x08017110      0x178 /tmp/cc8DLllS.ltrans30.ltrans.o
                0x08017110                filterIsSetCheck
                0x08017150                scaleItermToRcInput
                0x08017230                pidResetErrorAngle
                0x0801724c                failsafeActivate.lto_priv.306
 .text          0x08017288      0x370 /usr/lib/gcc/arm-none-eabi/4.9.3/armv7-m/libgcc.a(_arm_addsubdf3.o)
                0x08017288                __aeabi_drsub
                0x08017290                __aeabi_dsub
                0x08017290                __subdf3
                0x08017294                __adddf3
                0x08017294                __aeabi_dadd
                0x0801750c                __aeabi_ui2d
                0x0801750c                __floatunsidf
                0x0801752c                __floatsidf
                0x0801752c                __aeabi_i2d
                0x08017550                __extendsfdf2
                0x08017550                __aeabi_f2d
                0x0801758c                __aeabi_ul2d
                0x0801758c                __floatundidf
                0x0801759c                __floatdidf
                0x0801759c                __aeabi_l2d
 .text          0x080175f8      0x424 /usr/lib/gcc/arm-none-eabi/4.9.3/armv7-m/libgcc.a(_arm_muldivdf3.o)
                0x080175f8                __aeabi_dmul
                0x080175f8                __muldf3
                0x0801784c                __aeabi_ddiv
                0x0801784c                __divdf3
 .text          0x08017a1c      0x110 /usr/lib/gcc/arm-none-eabi/4.9.3/armv7-m/libgcc.a(_arm_cmpdf2.o)
                0x08017a1c                __gtdf2
                0x08017a1c                __gedf2
                0x08017a24                __ltdf2
                0x08017a24                __ledf2
                0x08017a2c                __cmpdf2
                0x08017a2c                __eqdf2
                0x08017a2c                __nedf2
                0x08017aa8                __aeabi_cdrcmple
                0x08017ab8                __aeabi_cdcmple
                0x08017ab8                __aeabi_cdcmpeq
                0x08017ac8                __aeabi_dcmpeq
                0x08017adc                __aeabi_dcmplt
                0x08017af0                __aeabi_dcmple
                0x08017b04                __aeabi_dcmpge
                0x08017b18                __aeabi_dcmpgt
 .text          0x08017b2c       0x40 /usr/lib/gcc/arm-none-eabi/4.9.3/armv7-m/libgcc.a(_arm_fixunsdfsi.o)
                0x08017b2c                __fixunsdfsi
                0x08017b2c                __aeabi_d2uiz
 .text          0x08017b6c       0xa0 /usr/lib/gcc/arm-none-eabi/4.9.3/armv7-m/libgcc.a(_arm_truncdfsf2.o)
                0x08017b6c                __aeabi_d2f
                0x08017b6c                __truncdfsf2
 .text          0x08017c0c      0x21c /usr/lib/gcc/arm-none-eabi/4.9.3/armv7-m/libgcc.a(_arm_addsubsf3.o)
                0x08017c0c                __aeabi_frsub
                0x08017c14                __subsf3
                0x08017c14                __aeabi_fsub
                0x08017c18                __aeabi_fadd
                0x08017c18                __addsf3
                0x08017d78                __aeabi_ui2f
                0x08017d78                __floatunsisf
                0x08017d80                __aeabi_i2f
                0x08017d80                __floatsisf
                0x08017d9c                __floatundisf
                0x08017d9c                __aeabi_ul2f
                0x08017dac                __floatdisf
                0x08017dac                __aeabi_l2f
 .text          0x08017e28      0x2a0 /usr/lib/gcc/arm-none-eabi/4.9.3/armv7-m/libgcc.a(_arm_muldivsf3.o)
                0x08017e28                __mulsf3
                0x08017e28                __aeabi_fmul
                0x08017f90                __divsf3
                0x08017f90                __aeabi_fdiv
 .text          0x080180c8       0xec /usr/lib/gcc/arm-none-eabi/4.9.3/armv7-m/libgcc.a(_arm_cmpsf2.o)
                0x080180c8                __gtsf2
                0x080180c8                __gesf2
                0x080180d0                __lesf2
                0x080180d0                __ltsf2
                0x080180d8                __nesf2
                0x080180d8                __eqsf2
                0x080180d8                __cmpsf2
                0x08018138                __aeabi_cfrcmple
                0x08018140                __aeabi_cfcmple
                0x08018140                __aeabi_cfcmpeq
                0x08018150                __aeabi_fcmpeq
                0x08018164                __aeabi_fcmplt
                0x08018178                __aeabi_fcmple
                0x0801818c                __aeabi_fcmpge
                0x080181a0                __aeabi_fcmpgt
 .text          0x080181b4       0x4c /usr/lib/gcc/arm-none-eabi/4.9.3/armv7-m/libgcc.a(_arm_fixsfsi.o)
                0x080181b4                __fixsfsi
                0x080181b4                __aeabi_f2iz
 .text          0x08018200       0x40 /usr/lib/gcc/arm-none-eabi/4.9.3/armv7-m/libgcc.a(_arm_fixunssfsi.o)
                0x08018200                __aeabi_f2uiz
                0x08018200                __fixunssfsi
 .text          0x08018240       0x38 /usr/lib/gcc/arm-none-eabi/4.9.3/armv7-m/libgcc.a(_aeabi_ldivmod.o)
                0x08018240                __aeabi_ldivmod
 .text          0x08018278       0x60 /usr/lib/gcc/arm-none-eabi/4.9.3/armv7-m/libgcc.a(bpabi.o)
                0x08018278                __gnu_ldivmod_helper
                0x080182a8                __gnu_uldivmod_helper
 .text          0x080182d8        0x4 /usr/lib/gcc/arm-none-eabi/4.9.3/armv7-m/libgcc.a(_dvmd_tls.o)
                0x080182d8                __aeabi_ldiv0
                0x080182d8                __aeabi_idiv0
 .text          0x080182dc      0x2ac /usr/lib/gcc/arm-none-eabi/4.9.3/armv7-m/libgcc.a(_divdi3.o)
                0x080182dc                __divdi3
 .text          0x08018588      0x270 /usr/lib/gcc/arm-none-eabi/4.9.3/armv7-m/libgcc.a(_udivdi3.o)
                0x08018588                __udivdi3
 *(.text*)
 .text.Reset_Handler
                0x080187f8       0x9c obj/main/NAZE/startup_stm32f10x_md_gcc.o
                0x080187f8                Reset_Handler
 .text.Default_Handler
                0x08018894        0x2 obj/main/NAZE/startup_stm32f10x_md_gcc.o
                0x08018894                EXTI2_IRQHandler
                0x08018894                DebugMon_Handler
                0x08018894                PVD_IRQHandler
                0x08018894                PendSV_Handler
                0x08018894                NMI_Handler
                0x08018894                EXTI3_IRQHandler
                0x08018894                UsageFault_Handler
                0x08018894                ADC1_2_IRQHandler
                0x08018894                SPI1_IRQHandler
                0x08018894                TAMPER_IRQHandler
                0x08018894                RTC_IRQHandler
                0x08018894                CAN1_RX1_IRQHandler
                0x08018894                RCC_IRQHandler
                0x08018894                TIM1_TRG_COM_IRQHandler
                0x08018894                DMA1_Channel1_IRQHandler
                0x08018894                Default_Handler
                0x08018894                SPI2_IRQHandler
                0x08018894                MemManage_Handler
                0x08018894                SVC_Handler
                0x08018894                DMA1_Channel5_IRQHandler
                0x08018894                EXTI4_IRQHandler
                0x08018894                USB_LP_CAN1_RX0_IRQHandler
                0x08018894                USB_HP_CAN1_TX_IRQHandler
                0x08018894                WWDG_IRQHandler
                0x08018894                TIM1_BRK_IRQHandler
                0x08018894                RTCAlarm_IRQHandler
                0x08018894                CAN1_SCE_IRQHandler
                0x08018894                FLASH_IRQHandler
                0x08018894                BusFault_Handler
                0x08018894                USBWakeUp_IRQHandler
 *fill*         0x08018896        0x2 
 .text.startup  0x08018898      0x370 /tmp/cc8DLllS.ltrans12.ltrans.o
                0x08018898                main
 .text.atoi     0x08018c08        0x8 /usr/lib/gcc/arm-none-eabi/4.9.3/../../../arm-none-eabi/lib/armv7-m/libc_nano.a(lib_a-atoi.o)
                0x08018c08                atoi
 .text.strtok   0x08018c10       0x64 /usr/lib/gcc/arm-none-eabi/4.9.3/../../../arm-none-eabi/lib/armv7-m/libc_nano.a(lib_a-strtok.o)
                0x08018c10                strtok
 .text.__strtok_r
                0x08018c74       0x56 /usr/lib/gcc/arm-none-eabi/4.9.3/../../../arm-none-eabi/lib/armv7-m/libc_nano.a(lib_a-strtok_r.o)
                0x08018c74                __strtok_r
 .text.strtok_r
                0x08018cca        0x6 /usr/lib/gcc/arm-none-eabi/4.9.3/../../../arm-none-eabi/lib/armv7-m/libc_nano.a(lib_a-strtok_r.o)
                0x08018cca                strtok_r
 .text._strtol_r
                0x08018cd0      0x10c /usr/lib/gcc/arm-none-eabi/4.9.3/../../../arm-none-eabi/lib/armv7-m/libc_nano.a(lib_a-strtol.o)
                0x08018cd0                _strtol_r
 .text.strtol   0x08018ddc       0x1c /usr/lib/gcc/arm-none-eabi/4.9.3/../../../arm-none-eabi/lib/armv7-m/libc_nano.a(lib_a-strtol.o)
                0x08018ddc                strtol
 .text.malloc   0x08018df8       0x10 /usr/lib/gcc/arm-none-eabi/4.9.3/../../../arm-none-eabi/lib/armv7-m/libc_nano.a(lib_a-malloc.o)
                0x08018df8                malloc
 .text.free     0x08018e08       0x10 /usr/lib/gcc/arm-none-eabi/4.9.3/../../../arm-none-eabi/lib/armv7-m/libc_nano.a(lib_a-malloc.o)
                0x08018e08                free
 .text._free_r  0x08018e18       0x88 /usr/lib/gcc/arm-none-eabi/4.9.3/../../../arm-none-eabi/lib/armv7-m/libc_nano.a(lib_a-nano-freer.o)
                0x08018e18                _free_r
 .text._malloc_r
                0x08018ea0       0xac /usr/lib/gcc/arm-none-eabi/4.9.3/../../../arm-none-eabi/lib/armv7-m/libc_nano.a(lib_a-nano-mallocr.o)
                0x08018ea0                _malloc_r
 .text._sbrk_r  0x08018f4c       0x20 /usr/lib/gcc/arm-none-eabi/4.9.3/../../../arm-none-eabi/lib/armv7-m/libc_nano.a(lib_a-sbrkr.o)
                0x08018f4c                _sbrk_r
 .text._sbrk    0x08018f6c       0x1c /usr/lib/gcc/arm-none-eabi/4.9.3/../../../arm-none-eabi/lib/armv7-m/libnosys.a(sbrk.o)
                0x08018f6c                _sbrk
 .text.lrintf   0x08018f88       0x78 /usr/lib/gcc/arm-none-eabi/4.9.3/../../../arm-none-eabi/lib/armv7-m/libm.a(lib_a-sf_lrint.o)
                0x08018f88                lrintf
 .text.powf     0x08019000      0x314 /usr/lib/gcc/arm-none-eabi/4.9.3/../../../arm-none-eabi/lib/armv7-m/libm.a(lib_a-wf_pow.o)
                0x08019000                powf
 .text.sqrtf    0x08019314       0x9c /usr/lib/gcc/arm-none-eabi/4.9.3/../../../arm-none-eabi/lib/armv7-m/libm.a(lib_a-wf_sqrt.o)
                0x08019314                sqrtf
 .text.__ieee754_powf
                0x080193b0      0x6ec /usr/lib/gcc/arm-none-eabi/4.9.3/../../../arm-none-eabi/lib/armv7-m/libm.a(lib_a-ef_pow.o)
                0x080193b0                __ieee754_powf
 .text.__ieee754_sqrtf
                0x08019a9c       0xa8 /usr/lib/gcc/arm-none-eabi/4.9.3/../../../arm-none-eabi/lib/armv7-m/libm.a(lib_a-ef_sqrt.o)
                0x08019a9c                __ieee754_sqrtf
 .text.matherr  0x08019b44        0x4 /usr/lib/gcc/arm-none-eabi/4.9.3/../../../arm-none-eabi/lib/armv7-m/libm.a(lib_a-s_matherr.o)
                0x08019b44                matherr
 .text.rint     0x08019b48      0x11c /usr/lib/gcc/arm-none-eabi/4.9.3/../../../arm-none-eabi/lib/armv7-m/libm.a(lib_a-s_rint.o)
                0x08019b48                rint
 .text.fabsf    0x08019c64        0x8 /usr/lib/gcc/arm-none-eabi/4.9.3/../../../arm-none-eabi/lib/armv7-m/libm.a(lib_a-sf_fabs.o)
                0x08019c64                fabsf
 .text.finitef  0x08019c6c       0x10 /usr/lib/gcc/arm-none-eabi/4.9.3/../../../arm-none-eabi/lib/armv7-m/libm.a(lib_a-sf_finite.o)
                0x08019c6c                finitef
 .text.__fpclassifyf
                0x08019c7c       0x34 /usr/lib/gcc/arm-none-eabi/4.9.3/../../../arm-none-eabi/lib/armv7-m/libm.a(lib_a-sf_fpclassify.o)
                0x08019c7c                __fpclassifyf
 .text.nanf     0x08019cb0        0x8 /usr/lib/gcc/arm-none-eabi/4.9.3/../../../arm-none-eabi/lib/armv7-m/libm.a(lib_a-sf_nan.o)
                0x08019cb0                nanf
 .text.scalbnf  0x08019cb8       0xb0 /usr/lib/gcc/arm-none-eabi/4.9.3/../../../arm-none-eabi/lib/armv7-m/libm.a(lib_a-sf_scalbn.o)
                0x08019cb8                scalbnf
 .text.copysignf
                0x08019d68        0xc /usr/lib/gcc/arm-none-eabi/4.9.3/../../../arm-none-eabi/lib/armv7-m/libm.a(lib_a-sf_copysign.o)
                0x08019d68                copysignf
 .text.calloc   0x08019d74       0x14 /usr/lib/gcc/arm-none-eabi/4.9.3/../../../arm-none-eabi/lib/armv7-m/libc_nano.a(lib_a-calloc.o)
                0x08019d74                calloc
 .text.__errno  0x08019d88        0xc /usr/lib/gcc/arm-none-eabi/4.9.3/../../../arm-none-eabi/lib/armv7-m/libc_nano.a(lib_a-errno.o)
                0x08019d88                __errno
 .text.memcmp   0x08019d94       0x20 /usr/lib/gcc/arm-none-eabi/4.9.3/../../../arm-none-eabi/lib/armv7-m/libc_nano.a(lib_a-memcmp.o)
                0x08019d94                memcmp
 .text.memcpy   0x08019db4       0x16 /usr/lib/gcc/arm-none-eabi/4.9.3/../../../arm-none-eabi/lib/armv7-m/libc_nano.a(lib_a-memcpy.o)
                0x08019db4                memcpy
 .text.memset   0x08019dca       0x10 /usr/lib/gcc/arm-none-eabi/4.9.3/../../../arm-none-eabi/lib/armv7-m/libc_nano.a(lib_a-memset.o)
                0x08019dca                memset
 .text._calloc_r
                0x08019dda       0x1c /usr/lib/gcc/arm-none-eabi/4.9.3/../../../arm-none-eabi/lib/armv7-m/libc_nano.a(lib_a-nano-callocr.o)
                0x08019dda                _calloc_r
 *fill*         0x08019df6        0x2 
 .text.strcasecmp
                0x08019df8       0x3c /usr/lib/gcc/arm-none-eabi/4.9.3/../../../arm-none-eabi/lib/armv7-m/libc_nano.a(lib_a-strcasecmp.o)
                0x08019df8                strcasecmp
 .text.strcat   0x08019e34       0x1e /usr/lib/gcc/arm-none-eabi/4.9.3/../../../arm-none-eabi/lib/armv7-m/libc_nano.a(lib_a-strcat.o)
                0x08019e34                strcat
 .text.strchr   0x08019e52       0x1c /usr/lib/gcc/arm-none-eabi/4.9.3/../../../arm-none-eabi/lib/armv7-m/libc_nano.a(lib_a-strchr.o)
                0x08019e52                strchr
 .text.strcpy   0x08019e6e       0x10 /usr/lib/gcc/arm-none-eabi/4.9.3/../../../arm-none-eabi/lib/armv7-m/libc_nano.a(lib_a-strcpy.o)
                0x08019e6e                strcpy
 .text.strlen   0x08019e7e       0x10 /usr/lib/gcc/arm-none-eabi/4.9.3/../../../arm-none-eabi/lib/armv7-m/libc_nano.a(lib_a-strlen.o)
                0x08019e7e                strlen
 *fill*         0x08019e8e        0x2 
 .text.strncasecmp
                0x08019e90       0x44 /usr/lib/gcc/arm-none-eabi/4.9.3/../../../arm-none-eabi/lib/armv7-m/libc_nano.a(lib_a-strncasecmp.o)
                0x08019e90                strncasecmp
 .text.strncpy  0x08019ed4       0x24 /usr/lib/gcc/arm-none-eabi/4.9.3/../../../arm-none-eabi/lib/armv7-m/libc_nano.a(lib_a-strncpy.o)
                0x08019ed4                strncpy
 .text.strstr   0x08019ef8       0x30 /usr/lib/gcc/arm-none-eabi/4.9.3/../../../arm-none-eabi/lib/armv7-m/libc_nano.a(lib_a-strstr.o)
                0x08019ef8                strstr
 *(.rodata)
 .rodata        0x08019f28      0x1f0 /tmp/cc8DLllS.ltrans0.ltrans.o
                0x0801a0a0                hsv_white
 .rodata        0x0801a118      0x2b4 /tmp/cc8DLllS.ltrans1.ltrans.o
 .rodata        0x0801a3cc      0x18c /tmp/cc8DLllS.ltrans2.ltrans.o
 .rodata        0x0801a558        0x8 /tmp/cc8DLllS.ltrans5.ltrans.o
 .rodata        0x0801a560       0x28 /tmp/cc8DLllS.ltrans7.ltrans.o
 .rodata        0x0801a588       0x38 /tmp/cc8DLllS.ltrans8.ltrans.o
                0x0801a588                hsv_green
                0x0801a58c                hsv_red
                0x0801a590                hsv_yellow
                0x0801a594                hsv_blue
                0x0801a5bc                hsv_orange
 .rodata        0x0801a5c0      0xf44 /tmp/cc8DLllS.ltrans9.ltrans.o
                0x0801a658                valueTable
                0x0801b4f8                shortGitRevision
                0x0801b4fc                buildTime
                0x0801b500                buildDate
 .rodata        0x0801b504      0x4f0 /tmp/cc8DLllS.ltrans10.ltrans.o
                0x0801b534                mixerAtail4.lto_priv.485
                0x0801b574                mixerDualcopter.lto_priv.484
                0x0801b594                mixerHex6H.lto_priv.483
                0x0801b5f4                mixerVtail4.lto_priv.482
                0x0801b634                mixerOctoFlatX.lto_priv.481
                0x0801b6b4                mixerOctoFlatP.lto_priv.480
                0x0801b734                mixerOctoX8.lto_priv.479
                0x0801b7b4                mixerHex6X.lto_priv.478
                0x0801b814                mixerY4.lto_priv.477
                0x0801b854                mixerSingleProp.lto_priv.476
                0x0801b864                mixerHex6P.lto_priv.475
                0x0801b8c4                mixerY6.lto_priv.474
                0x0801b924                mixerBicopter.lto_priv.473
                0x0801b944                mixerQuadX.lto_priv.472
                0x0801b984                mixerQuadP.lto_priv.471
                0x0801b9c4                mixerTricopter.lto_priv.470
 .rodata        0x0801b9f4       0x18 /tmp/cc8DLllS.ltrans11.ltrans.o
 .rodata        0x0801ba0c      0x54c /tmp/cc8DLllS.ltrans14.ltrans.o
                0x0801ba0c                cmdTable
                0x0801bbec                beeperTable.lto_priv.224
                0x0801bcac                mixerNames.lto_priv.219
                0x0801bd70                servoMixers
                0x0801be40                servoMixerSingle.lto_priv.492
                0x0801be78                servoMixerDual.lto_priv.491
                0x0801be86                servoMixerAirplane.lto_priv.490
                0x0801bea9                servoMixerFlyingWing.lto_priv.489
                0x0801becc                servoMixerGimbal.lto_priv.488
                0x0801beda                servoMixerBI.lto_priv.487
                0x0801bef6                servoMixerTri.lto_priv.486
                0x0801befd                beep_armedBeep.lto_priv.243
                0x0801bf02                beep_disarmRepeatBeep.lto_priv.242
                0x0801bf06                beep_readyBeep.lto_priv.241
                0x0801bf15                beep_2longerBeeps.lto_priv.240
                0x0801bf1a                beep_2shortBeeps.lto_priv.239
                0x0801bf1f                beep_shortBeep.lto_priv.238
                0x0801bf22                beep_lowBatteryBeep.lto_priv.237
                0x0801bf25                beep_critBatteryBeep.lto_priv.236
                0x0801bf28                beep_armedGpsFix.lto_priv.235
                0x0801bf31                beep_armingBeep.lto_priv.234
                0x0801bf36                beep_disarmBeep.lto_priv.233
                0x0801bf3b                beep_txLostBeep.lto_priv.232
                0x0801bf3e                beep_sos.lto_priv.231
                0x0801bf51                beep_gyroCalibrated.lto_priv.230
 .rodata        0x0801bf58       0x28 /tmp/cc8DLllS.ltrans15.ltrans.o
 .rodata        0x0801bf80        0xc /tmp/cc8DLllS.ltrans16.ltrans.o
 .rodata        0x0801bf8c       0x14 /tmp/cc8DLllS.ltrans18.ltrans.o
 .rodata        0x0801bfa0      0x144 /tmp/cc8DLllS.ltrans19.ltrans.o
                0x0801bfa0                gpsInitData.lto_priv.423
 .rodata        0x0801c0e4       0x22 /tmp/cc8DLllS.ltrans20.ltrans.o
 *fill*         0x0801c106        0x2 
 .rodata        0x0801c108       0xc4 /tmp/cc8DLllS.ltrans21.ltrans.o
 .rodata        0x0801c1cc      0x2fc /tmp/cc8DLllS.ltrans22.ltrans.o
 .rodata        0x0801c4c8       0x34 /tmp/cc8DLllS.ltrans24.ltrans.o
                0x0801c4c8                baudRates
                0x0801c4e8                bmp085Config.lto_priv.571
 *(.rodata*)
 .rodata.gyro_detect
                0x0801c4fc       0x50 /tmp/cc8DLllS.ltrans0.ltrans.o
 .rodata.timerHardware
                0x0801c54c       0xe0 /tmp/cc8DLllS.ltrans0.ltrans.o
                0x0801c54c                timerHardware
 .rodata.str1.1
                0x0801c62c      0x20d /tmp/cc8DLllS.ltrans1.ltrans.o
                                0x21f (size before relaxing)
 .rodata.str1.1
                0x0801c839      0x154 /tmp/cc8DLllS.ltrans2.ltrans.o
                                0x16d (size before relaxing)
 .rodata.str1.1
                0x0801c98d       0x44 /tmp/cc8DLllS.ltrans4.ltrans.o
 *fill*         0x0801c9d1        0x1 
 .rodata.frSkyDataIdTable
                0x0801c9d2       0x20 /tmp/cc8DLllS.ltrans5.ltrans.o
 .rodata.str1.1
                0x0801c9f2       0x27 /tmp/cc8DLllS.ltrans6.ltrans.o
 *fill*         0x0801ca19        0x1 
 .rodata.hsv_black
                0x0801ca1a        0x4 /tmp/cc8DLllS.ltrans8.ltrans.o
                0x0801ca1a                hsv_black
 .rodata.str1.1
                0x0801ca1e      0xd55 /tmp/cc8DLllS.ltrans9.ltrans.o
                                0xdbf (size before relaxing)
 *fill*         0x0801d773        0x1 
 .rodata.mixers
                0x0801d774       0xd0 /tmp/cc8DLllS.ltrans10.ltrans.o
                0x0801d774                mixers
 .rodata.str1.1
                0x0801d844      0x14b /tmp/cc8DLllS.ltrans10.ltrans.o
                                0x168 (size before relaxing)
 .rodata.str1.1
                0x0801d98f       0x3e /tmp/cc8DLllS.ltrans11.ltrans.o
                                 0x41 (size before relaxing)
 .rodata.str1.1
                0x0801d9cd      0x917 /tmp/cc8DLllS.ltrans14.ltrans.o
                                0x9eb (size before relaxing)
 .rodata.str1.1
                0x0801e2e4       0xfb /tmp/cc8DLllS.ltrans19.ltrans.o
                                 0xfc (size before relaxing)
 .rodata.cyclePageIds
                0x0801e3df        0x5 /tmp/cc8DLllS.ltrans20.ltrans.o
 .rodata.str1.1
                0x0801e3e4      0x12f /tmp/cc8DLllS.ltrans20.ltrans.o
                                0x159 (size before relaxing)
 .rodata.str1.1
                0x0801e513       0x28 /tmp/cc8DLllS.ltrans21.ltrans.o
 .rodata.str1.1
                0x0801e53b        0x8 /tmp/cc8DLllS.ltrans22.ltrans.o
 .rodata.serialPortIdentifiers
                0x0801e543        0x5 /tmp/cc8DLllS.ltrans24.ltrans.o
                0x0801e543                serialPortIdentifiers
 .rodata.rcChannelLetters
                0x0801e548       0x15 /tmp/cc8DLllS.ltrans24.ltrans.o
                0x0801e548                rcChannelLetters
 .rodata.str1.1
                0x0801e55d       0x22 /tmp/cc8DLllS.ltrans25.ltrans.o
 .rodata._ctype_
                0x0801e57f      0x101 /usr/lib/gcc/arm-none-eabi/4.9.3/../../../arm-none-eabi/lib/armv7-m/libc_nano.a(lib_a-ctype_.o)
                0x0801e57f                _ctype_
 .rodata.str1.1
                0x0801e680        0x0 /usr/lib/gcc/arm-none-eabi/4.9.3/../../../arm-none-eabi/lib/armv7-m/libc_nano.a(lib_a-impure.o)
                                  0x2 (size before relaxing)
 .rodata.TWO23  0x0801e680        0x8 /usr/lib/gcc/arm-none-eabi/4.9.3/../../../arm-none-eabi/lib/armv7-m/libm.a(lib_a-sf_lrint.o)
 .rodata.str1.4
                0x0801e688        0x5 /usr/lib/gcc/arm-none-eabi/4.9.3/../../../arm-none-eabi/lib/armv7-m/libm.a(lib_a-wf_pow.o)
                                  0x8 (size before relaxing)
 *fill*         0x0801e68d        0x3 
 .rodata.str1.4
                0x0801e690        0x6 /usr/lib/gcc/arm-none-eabi/4.9.3/../../../arm-none-eabi/lib/armv7-m/libm.a(lib_a-wf_sqrt.o)
                                  0x8 (size before relaxing)
 *fill*         0x0801e696        0x2 
 .rodata.dp_h   0x0801e698        0x8 /usr/lib/gcc/arm-none-eabi/4.9.3/../../../arm-none-eabi/lib/armv7-m/libm.a(lib_a-ef_pow.o)
 .rodata.dp_l   0x0801e6a0        0x8 /usr/lib/gcc/arm-none-eabi/4.9.3/../../../arm-none-eabi/lib/armv7-m/libm.a(lib_a-ef_pow.o)
 .rodata.bp     0x0801e6a8        0x8 /usr/lib/gcc/arm-none-eabi/4.9.3/../../../arm-none-eabi/lib/armv7-m/libm.a(lib_a-ef_pow.o)
 .rodata.str1.4
                0x0801e6b0        0x8 /usr/lib/gcc/arm-none-eabi/4.9.3/../../../arm-none-eabi/lib/armv7-m/libm.a(lib_a-ef_pow.o)
                                  0x4 (size before relaxing)
 .rodata.TWO52  0x0801e6b0       0x10 /usr/lib/gcc/arm-none-eabi/4.9.3/../../../arm-none-eabi/lib/armv7-m/libm.a(lib_a-s_rint.o)
 *(.glue_7)
 .glue_7        0x0801e6c0        0x0 linker stubs
 *(.glue_7t)
 .glue_7t       0x0801e6c0        0x0 linker stubs
 *(.eh_frame)
 *(.init)
 *(.fini)
                0x0801e6c0                . = ALIGN (0x4)
                0x0801e6c0                _etext = .

.vfp11_veneer   0x0801e6c0        0x0
 .vfp11_veneer  0x0801e6c0        0x0 linker stubs

.v4_bx          0x0801e6c0        0x0
 .v4_bx         0x0801e6c0        0x0 linker stubs

.iplt           0x0801e6c0        0x0
 .iplt          0x0801e6c0        0x0 obj/main/NAZE/startup_stm32f10x_md_gcc.o

.ARM.extab
 *(.ARM.extab* .gnu.linkonce.armextab.*)

.ARM            0x0801e6c0        0x8
                0x0801e6c0                __exidx_start = .
 *(.ARM.exidx*)
 .ARM.exidx     0x0801e6c0        0x8 /usr/lib/gcc/arm-none-eabi/4.9.3/armv7-m/libgcc.a(_divdi3.o)
 .ARM.exidx     0x0801e6c8        0x0 /usr/lib/gcc/arm-none-eabi/4.9.3/armv7-m/libgcc.a(_udivdi3.o)
                                  0x8 (size before relaxing)
                0x0801e6c8                __exidx_end = .

.rel.dyn        0x0801e6c8        0x0
 .rel.iplt      0x0801e6c8        0x0 obj/main/NAZE/startup_stm32f10x_md_gcc.o

.preinit_array  0x0801e6c8        0x0
                [!provide]                PROVIDE (__preinit_array_start, .)
 *(.preinit_array*)
                [!provide]                PROVIDE (__preinit_array_end, .)

.init_array     0x0801e6c8        0x0
                [!provide]                PROVIDE (__init_array_start, .)
 *(SORT(.init_array.*))
 *(.init_array*)
                [!provide]                PROVIDE (__init_array_end, .)

.fini_array     0x0801e6c8        0x0
                [!provide]                PROVIDE (__fini_array_start, .)
 *(.fini_array*)
 *(SORT(.fini_array.*))
                [!provide]                PROVIDE (__fini_array_end, .)
                0x0801e6c8                _sidata = .

.data           0x20000000      0x1ec load address 0x0801e6c8
                0x20000000                . = ALIGN (0x4)
                0x20000000                _sdata = .
 *(.data)
 .data          0x20000000        0x3 /tmp/cc8DLllS.ltrans3.ltrans.o
                0x20000002                isUsingSticksToArm.lto_priv.318
 .data          0x20000003        0x1 /tmp/cc8DLllS.ltrans4.ltrans.o
 .data          0x20000004        0x1 /tmp/cc8DLllS.ltrans5.ltrans.o
 *fill*         0x20000005        0x3 
 .data          0x20000008        0x4 /tmp/cc8DLllS.ltrans6.ltrans.o
 .data          0x2000000c        0x3 /tmp/cc8DLllS.ltrans8.ltrans.o
 *fill*         0x2000000f        0x1 
 .data          0x20000010        0x4 /tmp/cc8DLllS.ltrans13.ltrans.o
                0x20000010                GPS_scaleLonDown.lto_priv.550
 .data          0x20000014       0x14 /tmp/cc8DLllS.ltrans14.ltrans.o
                0x20000018                geometry.lto_priv.323
 .data          0x20000028        0x4 /tmp/cc8DLllS.ltrans16.ltrans.o
                0x20000028                q0.lto_priv.371
 .data          0x2000002c        0xd /tmp/cc8DLllS.ltrans18.ltrans.o
                0x2000002c                rcReadRawFunc.lto_priv.282
                0x20000030                pif_id
                0x20000034                hse_value
                0x20000038                standardBoardAlignment.lto_priv.452
 *fill*         0x20000039        0x3 
 .data          0x2000003c        0xc /tmp/cc8DLllS.ltrans22.ltrans.o
 .data          0x20000048        0x1 /tmp/cc8DLllS.ltrans24.ltrans.o
 *fill*         0x20000049        0x3 
 .data          0x2000004c        0x4 /tmp/cc8DLllS.ltrans27.ltrans.o
                0x2000004c                measurement.lto_priv.566
 .data          0x20000050        0xc /tmp/cc8DLllS.ltrans30.ltrans.o
 *(.data*)
 .data.bmp280_name
                0x2000005c        0x4 /tmp/cc8DLllS.ltrans4.ltrans.o
 .data.mpu3050_name
                0x20000060        0x4 /tmp/cc8DLllS.ltrans4.ltrans.o
 .data.ms5611_name
                0x20000064        0x4 /tmp/cc8DLllS.ltrans4.ltrans.o
 .data.bma280_name
                0x20000068        0x4 /tmp/cc8DLllS.ltrans4.ltrans.o
 .data.mpu6500_name
                0x2000006c        0x4 /tmp/cc8DLllS.ltrans4.ltrans.o
 .data.mma845x_name
                0x20000070        0x4 /tmp/cc8DLllS.ltrans4.ltrans.o
 .data.mpu6050_name
                0x20000074        0x4 /tmp/cc8DLllS.ltrans4.ltrans.o
 .data.adxl345_name
                0x20000078        0x4 /tmp/cc8DLllS.ltrans4.ltrans.o
 .data.mpu6500_spi_name
                0x2000007c        0x4 /tmp/cc8DLllS.ltrans4.ltrans.o
 .data.GPS_hdop
                0x20000080        0x2 /tmp/cc8DLllS.ltrans5.ltrans.o
                0x20000080                GPS_hdop
 .data.batteryCellCount
                0x20000082        0x1 /tmp/cc8DLllS.ltrans9.ltrans.o
                0x20000082                batteryCellCount
 *fill*         0x20000083        0x1 
 .data.SystemCoreClock
                0x20000084        0x4 /tmp/cc8DLllS.ltrans9.ltrans.o
                0x20000084                SystemCoreClock
 .data.cfTasks  0x20000088       0xf0 /tmp/cc8DLllS.ltrans9.ltrans.o
                0x20000088                cfTasks
 .data.pid_controller
                0x20000178        0x4 /tmp/cc8DLllS.ltrans16.ltrans.o
                0x20000178                pid_controller
 .data.hmc5883_name
                0x2000017c        0x4 /tmp/cc8DLllS.ltrans22.ltrans.o
 .data.__ctype_ptr__
                0x20000180        0x4 /usr/lib/gcc/arm-none-eabi/4.9.3/../../../arm-none-eabi/lib/armv7-m/libc_nano.a(lib_a-ctype_.o)
                0x20000180                __ctype_ptr__
 .data.impure_data
                0x20000184       0x60 /usr/lib/gcc/arm-none-eabi/4.9.3/../../../arm-none-eabi/lib/armv7-m/libc_nano.a(lib_a-impure.o)
 .data._impure_ptr
                0x200001e4        0x4 /usr/lib/gcc/arm-none-eabi/4.9.3/../../../arm-none-eabi/lib/armv7-m/libc_nano.a(lib_a-impure.o)
                0x200001e4                _impure_ptr
 .data.__fdlib_version
                0x200001e8        0x1 /usr/lib/gcc/arm-none-eabi/4.9.3/../../../arm-none-eabi/lib/armv7-m/libm.a(lib_a-s_lib_ver.o)
                0x200001e8                __fdlib_version
                0x200001ec                . = ALIGN (0x4)
 *fill*         0x200001e9        0x3 
                0x200001ec                _edata = .

.igot.plt       0x200001ec        0x0 load address 0x0801e8b4
 .igot.plt      0x200001ec        0x0 obj/main/NAZE/startup_stm32f10x_md_gcc.o
                0x200001ec                . = ALIGN (0x4)

.bss            0x200001f0     0x3554 load address 0x0801e8b4
                0x200001f0                _sbss = .
                0x200001f0                __bss_start__ = _sbss
 *(.bss)
 .bss           0x200001f0      0x518 /tmp/cc8DLllS.ltrans0.ltrans.o
                0x200001f8                i2cOverClock.lto_priv.568
                0x2000021c                inputFilteringMode.lto_priv.563
                0x20000220                ppmDev
                0x2000034c                servos.lto_priv.565
                0x2000036d                displayPresent.lto_priv.539
                0x20000374                mpuDetectionResult
                0x20000378                mpuConfiguration
                0x20000384                mpuIntExtiConfig.lto_priv.573
                0x20000388                mpuDividerDrops.lto_priv.572
                0x20000394                gpsPacketLog
                0x200003ac                p_task_altitude.lto_priv.567
                0x200003b4                ledStripDMABuffer
                0x200006e0                telemetryConfig.lto_priv.408
                0x200006e4                portConfig.lto_priv.411
                0x200006e8                frskyPortSharing.lto_priv.537
                0x200006e9                hottPortSharing.lto_priv.535
                0x200006ec                telemetryConfig.lto_priv.409
                0x200006f0                portConfig.lto_priv.413
                0x200006f4                smartPortPortSharing.lto_priv.532
                0x200006fc                portConfig.lto_priv.414
                0x20000700                ltmPortSharing.lto_priv.530
                0x20000701                couldBeBusy.lto_priv.557
                0x20000704                tailAddress.lto_priv.515
 .bss           0x20000708      0x3af /tmp/cc8DLllS.ltrans1.ltrans.o
                0x20000720                gyroLpfCutFreq.lto_priv.507
                0x20000794                gyroConfig.lto_priv.506
                0x200007f0                imuRuntimeConfig.lto_priv.445
                0x20000818                gyroScale.lto_priv.446
                0x20000828                smallAngleCosZ
                0x20000834                fc_acc
                0x20000838                accDeadband.lto_priv.502
                0x2000083c                lookupYawRC
                0x20000850                rxRefreshRate.lto_priv.425
                0x20000868                rcControlsConfig.lto_priv.501
                0x20000870                escAndServoConfig.lto_priv.359
                0x20000874                throttleAngleScale
                0x20000878                mixerConfig.lto_priv.448
                0x2000087c                currentMixer.lto_priv.455
                0x20000940                rxConfig.lto_priv.504
                0x20000944                currentMixerMode.lto_priv.454
                0x20000968                gimbalConfig.lto_priv.503
                0x2000096c                servoFilterState.lto_priv.449
                0x20000a8c                motorControlEnable
                0x20000a90                blackboxPort.lto_priv.393
                0x20000a94                blackboxHeaderBudget
                0x20000a98                blackboxMaxHeaderBytesPerIteration.lto_priv.391
                0x20000a9c                xmitState.lto_priv.389
                0x20000aa4                blackboxConditionCache.lto_priv.386
                0x20000aa8                vbatReference.lto_priv.382
                0x20000aaa                blackboxSlowFrameIterationTimer.lto_priv.390
                0x20000aac                blackboxPFrameIndex.lto_priv.385
                0x20000ab0                blackboxIteration.lto_priv.384
                0x20000ab4                blackboxModeActivationConditionPresent.lto_priv.383
                0x20000ab5                blackboxPortSharing.lto_priv.392
                0x20000ab6                blackboxLoggedAnyFrames.lto_priv.388
 *fill*         0x20000ab7        0x1 
 .bss           0x20000ab8      0x164 /tmp/cc8DLllS.ltrans2.ltrans.o
                0x20000ab8                printfSerialPort.lto_priv.498
                0x20000ad8                servo
                0x20000ae8                GPS_ground_course
                0x20000aea                GPS_update
                0x20000aeb                GPS_numCh
                0x20000aec                GPS_svinfo_chn
                0x20000afc                GPS_svinfo_svid
                0x20000b0c                GPS_svinfo_quality
                0x20000b1c                GPS_svinfo_cno
                0x20000b2c                debug
                0x20000b34                blackboxState.lto_priv.357
                0x20000b98                pwmIOConfiguration.lto_priv.456
 .bss           0x20000c1c      0x1c8 /tmp/cc8DLllS.ltrans3.ltrans.o
                0x20000c1c                rxMspFrameDone.lto_priv.320
                0x20000c1d                ppmFrameCount.lto_priv.564
                0x20000c45                rcSampleIndex.lto_priv.424
                0x20000c90                rcInvalidPulsPeriod
                0x20000cd9                rxFlightChannelsValid.lto_priv.526
                0x20000cf4                rxConfig.lto_priv.277
                0x20000cf8                deadband3dThrottle.lto_priv.444
                0x20000cfc                disarmAt.lto_priv.381
                0x20000d04                calibratingG.lto_priv.369
                0x20000d06                AccInflightCalibrationMeasurementDone
                0x20000d07                AccInflightCalibrationSavetoEEProm
                0x20000d0a                calibratingA.lto_priv.316
                0x20000d0c                InflightcalibratingA
                0x20000d0e                AccInflightCalibrationActive
                0x20000d10                adjustmentStates
                0x20000d44                escAndServoConfig.lto_priv.317
                0x20000d48                magHold
                0x20000d4a                headFreeModeHold
                0x20000d4c                nav_mode
                0x20000d50                gpsProfile.lto_priv.363
                0x20000d54                GPS_hold
                0x20000d5e                nav_rated.lto_priv.365
                0x20000d62                nav.lto_priv.364
                0x20000d90                poshold_ratePID.lto_priv.541
                0x20000db8                navPID.lto_priv.542
                0x20000de0                isRXDataNew.lto_priv.367
                0x20000de1                haveProcessedAnnexCodeOnce.lto_priv.356
                0x20000de2                initialThrottleHold.lto_priv.366
 .bss           0x20000de4       0x76 /tmp/cc8DLllS.ltrans4.ltrans.o
 *fill*         0x20000e5a        0x2 
 .bss           0x20000e5c       0xe8 /tmp/cc8DLllS.ltrans5.ltrans.o
                0x20000e5c                frskyTelemetryEnabled.lto_priv.538
                0x20000e66                accSmooth
                0x20000e6c                vario
                0x20000e74                telemetryConfig.lto_priv.249
                0x20000e78                amperage
                0x20000e7c                GPS_speed
                0x20000e7e                GPS_altitude
                0x20000e80                GPS_numSat
                0x20000e84                GPS_coord
                0x20000e8c                hottTelemetryEnabled.lto_priv.536
                0x20000e94                hottEAMMessage.lto_priv.415
                0x20000ec4                telemetryConfig.lto_priv.250
                0x20000ec8                hottGPSMessage.lto_priv.416
                0x20000ef4                GPS_distanceToHome
                0x20000ef6                GPS_directionToHome
                0x20000f00                hottPort.lto_priv.529
                0x20000f10                portConfig.lto_priv.412
                0x20000f16                smartPortTelemetryEnabled.lto_priv.533
                0x20000f18                smartPortSerialPort.lto_priv.528
                0x20000f1c                smartPortState
                0x20000f20                smartPortLastRequestTime.lto_priv.534
                0x20000f26                ltmEnabled.lto_priv.531
                0x20000f28                ltmPort.lto_priv.527
                0x20000f34                EstAlt.lto_priv.266
                0x20000f38                rssi
                0x20000f3c                GPS_home
 .bss           0x20000f44       0x18 /tmp/cc8DLllS.ltrans6.ltrans.o
 .bss           0x20000f5c      0x6c4 /tmp/cc8DLllS.ltrans7.ltrans.o
 .bss           0x20001620       0xa0 /tmp/cc8DLllS.ltrans8.ltrans.o
                0x20001620                ledStripInitialised.lto_priv.417
                0x20001622                ledColorBuffer.lto_priv.418
                0x200016b0                ledCount
                0x200016b4                rxSignalReceived.lto_priv.271
                0x200016bc                highestYValueForNorth
                0x200016bd                lowestXValueForEast
                0x200016be                lowestYValueForSouth
                0x200016bf                highestXValueForWest
 .bss           0x200016c0      0x348 /tmp/cc8DLllS.ltrans9.ltrans.o
                0x200016c0                ibusChannelData.lto_priv.286
                0x20001721                xBusChannelCount.lto_priv.435
                0x20001722                xBusFrameReceived.lto_priv.287
                0x20001724                spekChannelData.lto_priv.304
                0x20001754                sumhChannels.lto_priv.290
                0x20001774                sumdChannels.lto_priv.295
                0x20001794                sbusChannelData.lto_priv.298
                0x200017dc                mspFrame.lto_priv.319
                0x20001800                captures.lto_priv.283
                0x2000181d                ibus.lto_priv.285
                0x2000183d                ibusFrameDone.lto_priv.284
                0x20001848                xBusFramePosition.lto_priv.433
                0x20001849                xBusDataIncoming.lto_priv.432
                0x2000184a                xBusFrameLength.lto_priv.434
                0x2000184b                xBusProvider.lto_priv.436
                0x20001851                spekFrame.lto_priv.300
                0x20001861                rcFrameComplete.lto_priv.299
                0x2000186d                sumhFrame.lto_priv.289
                0x20001882                sumhFrameDone.lto_priv.288
                0x20001889                sumdFrameDone.lto_priv.291
                0x2000188a                crc.lto_priv.292
                0x2000188c                sumdChannelCount.lto_priv.293
                0x2000188d                sumd.lto_priv.294
                0x200018b9                sbusFrame.lto_priv.297
                0x200018d2                sbusFrameDone.lto_priv.296
                0x200018d4                rxConfig.lto_priv.278
                0x200018d8                suspendRxSignalUntil.lto_priv.281
                0x200018dc                skipRxSamples.lto_priv.280
                0x200018e0                sysTickUptime.lto_priv.225
                0x200018e4                failsafeState.lto_priv.247
                0x20001908                warningLedState.lto_priv.223
                0x2000190c                warningLedTimer.lto_priv.368
                0x20001910                flightModeFlags
                0x20001914                rcModeActivationMask
                0x20001918                activeBoxIdCount.lto_priv.321
                0x20001919                activeBoxIds.lto_priv.322
                0x20001938                currentPort.lto_priv.313
                0x2000193c                writer.lto_priv.314
                0x20001940                mspSerialPort.lto_priv.315
                0x20001944                cliWriter.lto_priv.195
                0x20001948                currentControlRateProfileIndex.lto_priv.196
                0x2000194c                pif_performance
                0x20001954                batteryState.lto_priv.248
                0x20001958                enabledSensors.lto_priv.251
                0x2000195c                sensor_link
                0x200019c8                i2cErrorCount.lto_priv.326
                0x200019cc                s_tasks.lto_priv.394
                0x200019e4                g_timer_1ms
 .bss           0x20001a08        0x9 /tmp/cc8DLllS.ltrans10.ltrans.o
                0x20001a08                colors
                0x20001a0c                ledConfigs
                0x20001a10                serialPortCount.lto_priv.324
 .bss           0x20001a11        0x7 /tmp/cc8DLllS.ltrans11.ltrans.o
 .bss           0x20001a18      0x230 /tmp/cc8DLllS.ltrans12.ltrans.o
                0x20001a18                gpsHistory.lto_priv.521
                0x20001a2c                blackboxHistory.lto_priv.523
                0x20001a38                blackboxHistoryRing.lto_priv.524
                0x20001bac                blackboxIFrameIndex.lto_priv.522
                0x20001bb0                blackboxLastArmingBeep.lto_priv.525
                0x20001bb4                systemState.lto_priv.402
                0x20001bb8                s_it_current.lto_priv.508
                0x20001bbc                s_table_number.lto_priv.511
                0x20001bc0                s_table.lto_priv.512
                0x20001c40                s_loop_count.lto_priv.510
                0x20001c44                s_pass_count.lto_priv.509
 .bss           0x20001c48      0x242 /tmp/cc8DLllS.ltrans13.ltrans.o
                0x20001e2c                GPS_WP.lto_priv.544
                0x20001e34                wp_distance.lto_priv.545
                0x20001e38                target_bearing.lto_priv.546
                0x20001e3c                error.lto_priv.551
                0x20001e44                posholdPID_PARAM.lto_priv.552
                0x20001e54                poshold_ratePID_PARAM.lto_priv.553
                0x20001e68                waypoint_speed_gov.lto_priv.549
                0x20001e6c                original_target_bearing.lto_priv.548
                0x20001e74                nav_bearing.lto_priv.547
                0x20001e78                navPID_PARAM.lto_priv.554
                0x20001e88                nav_takeoff_bearing.lto_priv.555
 *fill*         0x20001e8a        0x2 
 .bss           0x20001e8c       0x8a /tmp/cc8DLllS.ltrans14.ltrans.o
                0x20001e8c                cliPort.lto_priv.327
                0x20001e90                currentControlRateProfile
                0x20001e94                motor_disarmed
                0x20001eac                gpsPort.lto_priv.268
                0x20001eb0                pageState.lto_priv.274
                0x20001ec4                cliBuffer.lto_priv.329
                0x20001ef4                bufferIndex.lto_priv.328
                0x20001ef8                servoConf.lto_priv.226
                0x20001efc                currentProfile
                0x20001f00                beep_multiBeeps.lto_priv.222
 .bss           0x20001f16      0x600 /tmp/cc8DLllS.ltrans15.ltrans.o
 *fill*         0x20002516        0x2 
 .bss           0x20002518      0x204 /tmp/cc8DLllS.ltrans16.ltrans.o
                0x20002518                usTicks.lto_priv.468
                0x2000251e                lookupThrottleRC
                0x20002536                lookupPitchRollRC
                0x20002544                dmaHandlers.lto_priv.419
                0x20002558                extiHandlerConfigs.lto_priv.467
                0x20002570                beeperIsOn.lto_priv.310
                0x20002574                beeperNextToggleTime.lto_priv.309
                0x20002578                beeperPos.lto_priv.311
                0x2000257c                currentBeeperEntry.lto_priv.308
                0x20002580                motor
                0x20002598                motors.lto_priv.457
                0x200025c8                motorCount
                0x200025cc                timerConfig
                0x2000266c                flight3DConfig.lto_priv.358
                0x20002670                escAndServoConfig.lto_priv.360
                0x20002674                servoRuleCount.lto_priv.362
                0x20002675                currentServoMixer.lto_priv.361
                0x200026e8                customServoMixers.lto_priv.464
                0x200026ec                q1.lto_priv.372
                0x200026f0                q2.lto_priv.373
                0x200026f4                q3.lto_priv.374
                0x200026f8                rMat.lto_priv.267
 .bss           0x2000271c      0x120 /tmp/cc8DLllS.ltrans17.ltrans.o
                0x20002740                uartPort3.lto_priv.559
                0x20002794                uartPort2.lto_priv.560
                0x200027e8                uartPort1.lto_priv.561
 .bss           0x2000283c       0xfe /tmp/cc8DLllS.ltrans18.ltrans.o
                0x2000283c                rxRuntimeConfigPtr.lto_priv.302
                0x20002840                rxRuntimeConfig
                0x20002841                spek_chan_shift.lto_priv.301
                0x20002842                spek_chan_mask.lto_priv.303
                0x20002843                spekHiRes.lto_priv.192
                0x20002874                serialConfig.lto_priv.221
                0x20002878                findSharedSerialPortState.lto_priv.270
                0x2000287c                serialPortUsageList.lto_priv.220
                0x200028b8                pidProfile.lto_priv.272
                0x200028bc                activeFeaturesLatch.lto_priv.193
                0x200028cc                boardRotation.lto_priv.453
                0x200028f0                batteryConfig
                0x200028f4                mAhDrawn
                0x200028f8                adcConfig
                0x20002908                adcValues
                0x20002910                vbatLatestADC
                0x20002914                vbatFilterState.lto_priv.407
                0x20002938                vbat
 *fill*         0x2000293a        0x2 
 .bss           0x2000293c      0x1a8 /tmp/cc8DLllS.ltrans19.ltrans.o
                0x2000294c                barometerConfig.lto_priv.264
                0x20002a28                pif_timer1us
                0x20002a30                calibratingB.lto_priv.273
                0x20002a44                sonarMaxTiltCos
                0x20002a48                calculatedAltitude.lto_priv.325
                0x20002a4c                sonarCfAltCm
                0x20002a54                sonarMaxAltWithTiltCm
                0x20002a58                accSumCount
                0x20002a5c                accSum
                0x20002a68                accVelScale
                0x20002a6c                barometerConfig.lto_priv.265
                0x20002a78                AltHold
                0x20002a7c                pidProfile.lto_priv.499
                0x20002a80                errorVelocityI
                0x20002a84                altHoldThrottleAdjustment
                0x20002a88                velocityControl
                0x20002a8c                lastMeasurementAt.lto_priv.421
                0x20002a90                sonarHardware.lto_priv.420
                0x20002a9c                magADC
                0x20002ab8                magInit.lto_priv.447
                0x20002abc                gpsData
                0x20002adc                gpsConfig.lto_priv.422
 .bss           0x20002ae4       0x40 /tmp/cc8DLllS.ltrans20.ltrans.o
                0x20002b08                GPS_packetCount
                0x20002b10                GPS_svInfoReceivedCount
                0x20002b1c                GPS_garbageByteCount
 .bss           0x20002b24       0x20 /tmp/cc8DLllS.ltrans21.ltrans.o
                0x20002b28                s_task_stack_ptr.lto_priv.513
                0x20002b2c                s_task_stack.lto_priv.514
 .bss           0x20002b44        0x9 /tmp/cc8DLllS.ltrans22.ltrans.o
                0x20002b48                I2Cx.lto_priv.569
                0x20002b4c                I2Cx_index.lto_priv.570
 *fill*         0x20002b4d        0x3 
 .bss           0x20002b50      0x160 /tmp/cc8DLllS.ltrans23.ltrans.o
                0x20002b50                rcCommand
                0x20002b58                attitude
                0x20002b60                gyroADC
                0x20002b6c                PIDweight
                0x20002b70                errorGyroI.lto_priv.275
                0x20002b7c                targetLooptime
                0x20002b80                stateFlags
                0x20002b81                motorLimitReached
                0x20002bb4                axisPID
                0x20002bbc                axisPID_P
                0x20002bc8                axisPID_I
                0x20002bd4                axisPID_D
                0x20002be0                deltaFilterState.lto_priv.245
                0x20002c4c                errorAngleI.lto_priv.246
                0x20002c54                dynP8
                0x20002c6c                dynD8
                0x20002c70                errorGyroIf.lto_priv.276
                0x20002c7c                dT
 .bss           0x20002cb0      0x90c /tmp/cc8DLllS.ltrans24.ltrans.o
                0x20002cb0                string.9150.lto_priv.543
                0x20002cc0                rcData
                0x20002ce4                mspPorts.lto_priv.194
                0x20002d7c                pif_datetime
                0x20002d98                pif_timer1ms
                0x20002d9c                pif_act_timer1us
                0x20002da0                pif_cumulative_timer1ms
                0x20002da4                masterConfig
 .bss           0x200035bc       0xaa /tmp/cc8DLllS.ltrans25.ltrans.o
                0x200035e4                bufferHead.lto_priv.519
                0x200035e5                bufferTail.lto_priv.556
                0x200035e6                flashWriteBuffer.lto_priv.520
 *fill*         0x20003666        0x2 
 .bss           0x20003668       0x16 /tmp/cc8DLllS.ltrans26.ltrans.o
 *fill*         0x2000367e        0x2 
 .bss           0x20003680       0x21 /tmp/cc8DLllS.ltrans27.ltrans.o
 *fill*         0x200036a1        0x7 
 .bss           0x200036a8       0x24 /tmp/cc8DLllS.ltrans28.ltrans.o
                0x200036ac                batteryWarningVoltage
                0x200036ae                batteryCriticalVoltage
                0x200036b8                amperageLatestADC
                0x200036c8                armingBeepTimeMicros.lto_priv.387
 .bss           0x200036cc       0x35 /tmp/cc8DLllS.ltrans29.ltrans.o
                0x200036cc                accADC
                0x200036d8                accelerationTrims.lto_priv.505
                0x20003700                isAccelUpdatedAtLeastOnce.lto_priv.370
 *fill*         0x20003701        0x3 
 .bss           0x20003704       0x14 /tmp/cc8DLllS.ltrans30.ltrans.o
                0x20003714                failsafeConfig.lto_priv.279
 *(SORT(.bss*))
 .bss.systemBeepPtr
                0x20003718        0x4 /tmp/cc8DLllS.ltrans16.ltrans.o
                0x20003718                systemBeepPtr
 .bss.accTimeSum
                0x2000371c        0x4 /tmp/cc8DLllS.ltrans19.ltrans.o
                0x2000371c                accTimeSum
 .bss.setVelocity
                0x20003720        0x4 /tmp/cc8DLllS.ltrans19.ltrans.o
                0x20003720                setVelocity
 .bss.pif_log_flag
                0x20003724        0x4 /tmp/cc8DLllS.ltrans21.ltrans.o
 .bss.__malloc_sbrk_start
                0x20003728        0x4 /usr/lib/gcc/arm-none-eabi/4.9.3/../../../arm-none-eabi/lib/armv7-m/libc_nano.a(lib_a-nano-mallocr.o)
                0x20003728                __malloc_sbrk_start
 .bss.__malloc_free_list
                0x2000372c        0x4 /usr/lib/gcc/arm-none-eabi/4.9.3/../../../arm-none-eabi/lib/armv7-m/libc_nano.a(lib_a-nano-mallocr.o)
                0x2000372c                __malloc_free_list
 .bss.heap_end.4079
                0x20003730        0x4 /usr/lib/gcc/arm-none-eabi/4.9.3/../../../arm-none-eabi/lib/armv7-m/libnosys.a(sbrk.o)
 .bss.cycleTime
                0x20003734        0x2 /tmp/cc8DLllS.ltrans9.ltrans.o
                0x20003734                cycleTime
 .bss.GPS_angle
                0x20003736        0x4 /tmp/cc8DLllS.ltrans23.ltrans.o
                0x20003736                GPS_angle
 .bss.hardwareRevision
                0x2000373a        0x1 /tmp/cc8DLllS.ltrans2.ltrans.o
                0x2000373a                hardwareRevision
 .bss.ws2811LedDataTransferInProgress
                0x2000373b        0x1 /tmp/cc8DLllS.ltrans8.ltrans.o
                0x2000373b                ws2811LedDataTransferInProgress
 .bss.armingFlags
                0x2000373c        0x1 /tmp/cc8DLllS.ltrans9.ltrans.o
                0x2000373c                armingFlags
 .bss.cliMode   0x2000373d        0x1 /tmp/cc8DLllS.ltrans14.ltrans.o
                0x2000373d                cliMode
 .bss.pif_error
                0x2000373e        0x1 /tmp/cc8DLllS.ltrans18.ltrans.o
                0x2000373e                pif_error
 .bss.CHAR_FORMAT
                0x2000373f        0x1 /tmp/cc8DLllS.ltrans22.ltrans.o
 *(COMMON)
 COMMON         0x20003740        0x4 /usr/lib/gcc/arm-none-eabi/4.9.3/../../../arm-none-eabi/lib/armv7-m/libc_nano.a(lib_a-reent.o)
                0x20003740                errno
                0x20003744                . = ALIGN (0x4)
                0x20003744                _ebss = .
                0x20003744                __bss_end__ = _ebss

._user_heap_stack
                0x20003744      0x400 load address 0x0801e8b4
                0x20003744                . = ALIGN (0x4)
                0x20003744                PROVIDE (end, .)
                [!provide]                PROVIDE (_end, .)
                0x20003744                . = (. + _Min_Heap_Size)
                0x20003b44                . = (. + _Min_Stack_Size)
 *fill*         0x20003744      0x400 
                0x20003b44                . = ALIGN (0x4)

.memory_b1_text
 *(.mb1text)
 *(.mb1text*)
 *(.mb1rodata)
 *(.mb1rodata*)

/DISCARD/
 libc.a(*)
 libm.a(*)
 libgcc.a(*)

.ARM.attributes
                0x00000000       0x2f
 *(.ARM.attributes)
 .ARM.attributes
                0x00000000       0x21 obj/main/NAZE/startup_stm32f10x_md_gcc.o
 .ARM.attributes
                0x00000021       0x31 /tmp/cc8DLllS.ltrans0.ltrans.o
 .ARM.attributes
                0x00000052       0x31 /tmp/cc8DLllS.ltrans1.ltrans.o
 .ARM.attributes
                0x00000083       0x31 /tmp/cc8DLllS.ltrans2.ltrans.o
 .ARM.attributes
                0x000000b4       0x31 /tmp/cc8DLllS.ltrans3.ltrans.o
 .ARM.attributes
                0x000000e5       0x31 /tmp/cc8DLllS.ltrans4.ltrans.o
 .ARM.attributes
                0x00000116       0x31 /tmp/cc8DLllS.ltrans5.ltrans.o
 .ARM.attributes
                0x00000147       0x31 /tmp/cc8DLllS.ltrans6.ltrans.o
 .ARM.attributes
                0x00000178       0x31 /tmp/cc8DLllS.ltrans7.ltrans.o
 .ARM.attributes
                0x000001a9       0x31 /tmp/cc8DLllS.ltrans8.ltrans.o
 .ARM.attributes
                0x000001da       0x31 /tmp/cc8DLllS.ltrans9.ltrans.o
 .ARM.attributes
                0x0000020b       0x31 /tmp/cc8DLllS.ltrans10.ltrans.o
 .ARM.attributes
                0x0000023c       0x31 /tmp/cc8DLllS.ltrans11.ltrans.o
 .ARM.attributes
                0x0000026d       0x31 /tmp/cc8DLllS.ltrans12.ltrans.o
 .ARM.attributes
                0x0000029e       0x31 /tmp/cc8DLllS.ltrans13.ltrans.o
 .ARM.attributes
                0x000002cf       0x31 /tmp/cc8DLllS.ltrans14.ltrans.o
 .ARM.attributes
                0x00000300       0x31 /tmp/cc8DLllS.ltrans15.ltrans.o
 .ARM.attributes
                0x00000331       0x31 /tmp/cc8DLllS.ltrans16.ltrans.o
 .ARM.attributes
                0x00000362       0x31 /tmp/cc8DLllS.ltrans17.ltrans.o
 .ARM.attributes
                0x00000393       0x31 /tmp/cc8DLllS.ltrans18.ltrans.o
 .ARM.attributes
                0x000003c4       0x31 /tmp/cc8DLllS.ltrans19.ltrans.o
 .ARM.attributes
                0x000003f5       0x31 /tmp/cc8DLllS.ltrans20.ltrans.o
 .ARM.attributes
                0x00000426       0x31 /tmp/cc8DLllS.ltrans21.ltrans.o
 .ARM.attributes
                0x00000457       0x31 /tmp/cc8DLllS.ltrans22.ltrans.o
 .ARM.attributes
                0x00000488       0x31 /tmp/cc8DLllS.ltrans23.ltrans.o
 .ARM.attributes
                0x000004b9       0x31 /tmp/cc8DLllS.ltrans24.ltrans.o
 .ARM.attributes
                0x000004ea       0x31 /tmp/cc8DLllS.ltrans25.ltrans.o
 .ARM.attributes
                0x0000051b       0x31 /tmp/cc8DLllS.ltrans26.ltrans.o
 .ARM.attributes
                0x0000054c       0x31 /tmp/cc8DLllS.ltrans27.ltrans.o
 .ARM.attributes
                0x0000057d       0x31 /tmp/cc8DLllS.ltrans28.ltrans.o
 .ARM.attributes
                0x000005ae       0x31 /tmp/cc8DLllS.ltrans29.ltrans.o
 .ARM.attributes
                0x000005df       0x31 /tmp/cc8DLllS.ltrans30.ltrans.o
 .ARM.attributes
                0x00000610       0x2d /usr/lib/gcc/arm-none-eabi/4.9.3/../../../arm-none-eabi/lib/armv7-m/libc_nano.a(lib_a-atoi.o)
 .ARM.attributes
                0x0000063d       0x2d /usr/lib/gcc/arm-none-eabi/4.9.3/../../../arm-none-eabi/lib/armv7-m/libc_nano.a(lib_a-ctype_.o)
 .ARM.attributes
                0x0000066a       0x2d /usr/lib/gcc/arm-none-eabi/4.9.3/../../../arm-none-eabi/lib/armv7-m/libc_nano.a(lib_a-strtok.o)
 .ARM.attributes
                0x00000697       0x2d /usr/lib/gcc/arm-none-eabi/4.9.3/../../../arm-none-eabi/lib/armv7-m/libc_nano.a(lib_a-strtok_r.o)
 .ARM.attributes
                0x000006c4       0x2d /usr/lib/gcc/arm-none-eabi/4.9.3/../../../arm-none-eabi/lib/armv7-m/libc_nano.a(lib_a-strtol.o)
 .ARM.attributes
                0x000006f1       0x2d /usr/lib/gcc/arm-none-eabi/4.9.3/../../../arm-none-eabi/lib/armv7-m/libc_nano.a(lib_a-impure.o)
 .ARM.attributes
                0x0000071e       0x2d /usr/lib/gcc/arm-none-eabi/4.9.3/../../../arm-none-eabi/lib/armv7-m/libc_nano.a(lib_a-malloc.o)
 .ARM.attributes
                0x0000074b       0x2d /usr/lib/gcc/arm-none-eabi/4.9.3/../../../arm-none-eabi/lib/armv7-m/libc_nano.a(lib_a-nano-freer.o)
 .ARM.attributes