Archive member included to satisfy reference by file (symbol)

/usr/lib/gcc/arm-none-eabi/4.9.3/../../../arm-none-eabi/lib/armv7-m/libc_nano.a(lib_a-atoi.o)
                              obj/main/NAZE/io/ledstrip.o (symbol from plugin) (atoi)
/usr/lib/gcc/arm-none-eabi/4.9.3/../../../arm-none-eabi/lib/armv7-m/libc_nano.a(lib_a-ctype_.o)
                              obj/main/NAZE/flight/gps_conversion.o (symbol from plugin) (__ctype_ptr__)
/usr/lib/gcc/arm-none-eabi/4.9.3/../../../arm-none-eabi/lib/armv7-m/libc_nano.a(lib_a-strtok.o)
                              obj/main/NAZE/io/serial_cli.o (symbol from plugin) (strtok)
/usr/lib/gcc/arm-none-eabi/4.9.3/../../../arm-none-eabi/lib/armv7-m/libc_nano.a(lib_a-strtok_r.o)
                              /usr/lib/gcc/arm-none-eabi/4.9.3/../../../arm-none-eabi/lib/armv7-m/libc_nano.a(lib_a-strtok.o) (__strtok_r)
/usr/lib/gcc/arm-none-eabi/4.9.3/../../../arm-none-eabi/lib/armv7-m/libc_nano.a(lib_a-strtol.o)
                              /usr/lib/gcc/arm-none-eabi/4.9.3/../../../arm-none-eabi/lib/armv7-m/libc_nano.a(lib_a-atoi.o) (_strtol_r)
/usr/lib/gcc/arm-none-eabi/4.9.3/../../../arm-none-eabi/lib/armv7-m/libc_nano.a(lib_a-impure.o)
                              /usr/lib/gcc/arm-none-eabi/4.9.3/../../../arm-none-eabi/lib/armv7-m/libc_nano.a(lib_a-strtok.o) (_impure_ptr)
/usr/lib/gcc/arm-none-eabi/4.9.3/../../../arm-none-eabi/lib/armv7-m/libc_nano.a(lib_a-malloc.o)
                              /usr/lib/gcc/arm-none-eabi/4.9.3/../../../arm-none-eabi/lib/armv7-m/libc_nano.a(lib_a-strtok.o) (malloc)
/usr/lib/gcc/arm-none-eabi/4.9.3/../../../arm-none-eabi/lib/armv7-m/libc_nano.a(lib_a-nano-freer.o)
                              /usr/lib/gcc/arm-none-eabi/4.9.3/../../../arm-none-eabi/lib/armv7-m/libc_nano.a(lib_a-malloc.o) (_free_r)
/usr/lib/gcc/arm-none-eabi/4.9.3/../../../arm-none-eabi/lib/armv7-m/libc_nano.a(lib_a-nano-mallocr.o)
                              /usr/lib/gcc/arm-none-eabi/4.9.3/../../../arm-none-eabi/lib/armv7-m/libc_nano.a(lib_a-malloc.o) (_malloc_r)
/usr/lib/gcc/arm-none-eabi/4.9.3/../../../arm-none-eabi/lib/armv7-m/libc_nano.a(lib_a-sbrkr.o)
                              /usr/lib/gcc/arm-none-eabi/4.9.3/../../../arm-none-eabi/lib/armv7-m/libc_nano.a(lib_a-nano-mallocr.o) (_sbrk_r)
/usr/lib/gcc/arm-none-eabi/4.9.3/../../../arm-none-eabi/lib/armv7-m/libc_nano.a(lib_a-reent.o)
                              /usr/lib/gcc/arm-none-eabi/4.9.3/../../../arm-none-eabi/lib/armv7-m/libc_nano.a(lib_a-sbrkr.o) (errno)
/usr/lib/gcc/arm-none-eabi/4.9.3/../../../arm-none-eabi/lib/armv7-m/libnosys.a(sbrk.o)
                              /usr/lib/gcc/arm-none-eabi/4.9.3/../../../arm-none-eabi/lib/armv7-m/libc_nano.a(lib_a-sbrkr.o) (_sbrk)
/usr/lib/gcc/arm-none-eabi/4.9.3/../../../arm-none-eabi/lib/armv7-m/libm.a(lib_a-sf_lrint.o)
                              /tmp/ccRO0huJ.ltrans1.ltrans.o (lrintf)
/usr/lib/gcc/arm-none-eabi/4.9.3/../../../arm-none-eabi/lib/armv7-m/libm.a(lib_a-wf_pow.o)
                              /tmp/ccRO0huJ.ltrans18.ltrans.o (powf)
/usr/lib/gcc/arm-none-eabi/4.9.3/../../../arm-none-eabi/lib/armv7-m/libm.a(lib_a-wf_sqrt.o)
                              /tmp/ccRO0huJ.ltrans1.ltrans.o (sqrtf)
/usr/lib/gcc/arm-none-eabi/4.9.3/../../../arm-none-eabi/lib/armv7-m/libm.a(lib_a-ef_pow.o)
                              /usr/lib/gcc/arm-none-eabi/4.9.3/../../../arm-none-eabi/lib/armv7-m/libm.a(lib_a-wf_pow.o) (__ieee754_powf)
/usr/lib/gcc/arm-none-eabi/4.9.3/../../../arm-none-eabi/lib/armv7-m/libm.a(lib_a-ef_sqrt.o)
                              /usr/lib/gcc/arm-none-eabi/4.9.3/../../../arm-none-eabi/lib/armv7-m/libm.a(lib_a-wf_sqrt.o) (__ieee754_sqrtf)
/usr/lib/gcc/arm-none-eabi/4.9.3/../../../arm-none-eabi/lib/armv7-m/libm.a(lib_a-s_lib_ver.o)
                              /usr/lib/gcc/arm-none-eabi/4.9.3/../../../arm-none-eabi/lib/armv7-m/libm.a(lib_a-wf_pow.o) (__fdlib_version)
/usr/lib/gcc/arm-none-eabi/4.9.3/../../../arm-none-eabi/lib/armv7-m/libm.a(lib_a-s_matherr.o)
                              /usr/lib/gcc/arm-none-eabi/4.9.3/../../../arm-none-eabi/lib/armv7-m/libm.a(lib_a-wf_pow.o) (matherr)
/usr/lib/gcc/arm-none-eabi/4.9.3/../../../arm-none-eabi/lib/armv7-m/libm.a(lib_a-s_rint.o)
                              /usr/lib/gcc/arm-none-eabi/4.9.3/../../../arm-none-eabi/lib/armv7-m/libm.a(lib_a-wf_pow.o) (rint)
/usr/lib/gcc/arm-none-eabi/4.9.3/../../../arm-none-eabi/lib/armv7-m/libm.a(lib_a-sf_fabs.o)
                              /usr/lib/gcc/arm-none-eabi/4.9.3/../../../arm-none-eabi/lib/armv7-m/libm.a(lib_a-ef_pow.o) (fabsf)
/usr/lib/gcc/arm-none-eabi/4.9.3/../../../arm-none-eabi/lib/armv7-m/libm.a(lib_a-sf_finite.o)
                              /usr/lib/gcc/arm-none-eabi/4.9.3/../../../arm-none-eabi/lib/armv7-m/libm.a(lib_a-wf_pow.o) (finitef)
/usr/lib/gcc/arm-none-eabi/4.9.3/../../../arm-none-eabi/lib/armv7-m/libm.a(lib_a-sf_fpclassify.o)
[...]
Memory Configuration

Name             Origin             Length             Attributes
FLASH            0x08000000         0x0001f000         xr
RAM              0x20000000         0x00005000         xrw
MEMORY_B1        0x60000000         0x00000000         xr
*default*        0x00000000         0xffffffff

Linker script and memory map

LOAD obj/main/NAZE/startup_stm32f10x_md_gcc.o
LOAD obj/main/NAZE/drivers/accgyro_adxl345.o
LOAD /tmp/ccRO0huJ.ltrans0.ltrans.o
LOAD /tmp/ccRO0huJ.ltrans1.ltrans.o
LOAD /tmp/ccRO0huJ.ltrans2.ltrans.o
LOAD /tmp/ccRO0huJ.ltrans3.ltrans.o
LOAD /tmp/ccRO0huJ.ltrans4.ltrans.o
LOAD /tmp/ccRO0huJ.ltrans5.ltrans.o
LOAD /tmp/ccRO0huJ.ltrans6.ltrans.o
LOAD /tmp/ccRO0huJ.ltrans7.ltrans.o
LOAD /tmp/ccRO0huJ.ltrans8.ltrans.o
LOAD /tmp/ccRO0huJ.ltrans9.ltrans.o
LOAD /tmp/ccRO0huJ.ltrans10.ltrans.o
LOAD /tmp/ccRO0huJ.ltrans11.ltrans.o
LOAD /tmp/ccRO0huJ.ltrans12.ltrans.o
LOAD /tmp/ccRO0huJ.ltrans13.ltrans.o
LOAD /tmp/ccRO0huJ.ltrans14.ltrans.o
LOAD /tmp/ccRO0huJ.ltrans15.ltrans.o
LOAD /tmp/ccRO0huJ.ltrans16.ltrans.o
LOAD /tmp/ccRO0huJ.ltrans17.ltrans.o
LOAD /tmp/ccRO0huJ.ltrans18.ltrans.o
LOAD /tmp/ccRO0huJ.ltrans19.ltrans.o
LOAD /tmp/ccRO0huJ.ltrans20.ltrans.o
LOAD /tmp/ccRO0huJ.ltrans21.ltrans.o
LOAD /tmp/ccRO0huJ.ltrans22.ltrans.o
LOAD /tmp/ccRO0huJ.ltrans23.ltrans.o
LOAD /tmp/ccRO0huJ.ltrans24.ltrans.o
LOAD /tmp/ccRO0huJ.ltrans25.ltrans.o
LOAD /tmp/ccRO0huJ.ltrans26.ltrans.o
LOAD /tmp/ccRO0huJ.ltrans27.ltrans.o
LOAD /tmp/ccRO0huJ.ltrans28.ltrans.o
LOAD obj/main/NAZE/drivers/accgyro_bma280.o
LOAD obj/main/NAZE/drivers/accgyro_l3g4200d.o
LOAD obj/main/NAZE/drivers/accgyro_mma845x.o
LOAD obj/main/NAZE/drivers/accgyro_mpu.o
LOAD obj/main/NAZE/drivers/accgyro_mpu3050.o
LOAD obj/main/NAZE/drivers/accgyro_mpu6050.o
LOAD obj/main/NAZE/drivers/accgyro_mpu6500.o
LOAD obj/main/NAZE/drivers/accgyro_spi_mpu6500.o
LOAD obj/main/NAZE/drivers/adc.o
LOAD obj/main/NAZE/drivers/adc_stm32f10x.o
LOAD obj/main/NAZE/drivers/barometer_bmp085.o
LOAD obj/main/NAZE/drivers/barometer_ms5611.o
LOAD obj/main/NAZE/drivers/barometer_bmp280.o
LOAD obj/main/NAZE/drivers/bus_spi.o
LOAD obj/main/NAZE/drivers/bus_i2c_stm32f10x.o
LOAD obj/main/NAZE/drivers/compass_hmc5883l.o
LOAD obj/main/NAZE/drivers/display_ug2864hsweg01.o
LOAD obj/main/NAZE/drivers/flash_m25p16.o
LOAD obj/main/NAZE/drivers/gpio_stm32f10x.o
LOAD obj/main/NAZE/drivers/inverter.o
LOAD obj/main/NAZE/drivers/light_led_stm32f10x.o
LOAD obj/main/NAZE/drivers/light_ws2811strip.o
LOAD obj/main/NAZE/drivers/light_ws2811strip_stm32f10x.o
LOAD obj/main/NAZE/drivers/sonar_hcsr04.o
LOAD obj/main/NAZE/drivers/pwm_mapping.o
LOAD obj/main/NAZE/drivers/pwm_output.o
LOAD obj/main/NAZE/drivers/pwm_rx.o
LOAD obj/main/NAZE/drivers/serial_softserial.o
LOAD obj/main/NAZE/drivers/serial_uart.o
LOAD obj/main/NAZE/drivers/serial_uart_stm32f10x.o
LOAD obj/main/NAZE/drivers/sound_beeper_stm32f10x.o
LOAD obj/main/NAZE/drivers/system_stm32f10x.o
LOAD obj/main/NAZE/drivers/timer.o
LOAD obj/main/NAZE/drivers/timer_stm32f10x.o
LOAD obj/main/NAZE/io/flashfs.o
LOAD obj/main/NAZE/hardware_revision.o
LOAD obj/main/NAZE/flight/gtune.o
LOAD obj/main/NAZE/flight/navigation.o
LOAD obj/main/NAZE/flight/gps_conversion.o
LOAD obj/main/NAZE/common/colorconversion.o
LOAD obj/main/NAZE/io/gps.o
LOAD obj/main/NAZE/io/ledstrip.o
LOAD obj/main/NAZE/io/display.o
LOAD obj/main/NAZE/telemetry/telemetry.o
LOAD obj/main/NAZE/telemetry/frsky.o
LOAD obj/main/NAZE/telemetry/hott.o
LOAD obj/main/NAZE/telemetry/smartport.o
LOAD obj/main/NAZE/telemetry/ltm.o
LOAD obj/main/NAZE/sensors/sonar.o
LOAD obj/main/NAZE/sensors/barometer.o
LOAD obj/main/NAZE/blackbox/blackbox.o
LOAD obj/main/NAZE/blackbox/blackbox_io.o
LOAD obj/main/NAZE/build_config.o
LOAD obj/main/NAZE/debug.o
LOAD obj/main/NAZE/version.o
LOAD obj/main/NAZE/config/config.o
LOAD obj/main/NAZE/config/runtime_config.o
LOAD obj/main/NAZE/common/maths.o
LOAD obj/main/NAZE/common/printf.o
LOAD obj/main/NAZE/common/typeconversion.o
LOAD obj/main/NAZE/common/encoding.o
LOAD obj/main/NAZE/common/filter.o
LOAD obj/main/NAZE/scheduler.o
LOAD obj/main/NAZE/scheduler_tasks.o
LOAD obj/main/NAZE/main.o
LOAD obj/main/NAZE/mw.o
LOAD obj/main/NAZE/flight/altitudehold.o
LOAD obj/main/NAZE/flight/failsafe.o
LOAD obj/main/NAZE/flight/pid.o
LOAD obj/main/NAZE/flight/imu.o
LOAD obj/main/NAZE/flight/mixer.o
LOAD obj/main/NAZE/drivers/bus_i2c_soft.o
LOAD obj/main/NAZE/drivers/serial.o
LOAD obj/main/NAZE/drivers/sound_beeper.o
LOAD obj/main/NAZE/drivers/system.o
LOAD obj/main/NAZE/drivers/dma.o
LOAD obj/main/NAZE/drivers/buf_writer.o
LOAD obj/main/NAZE/drivers/gyro_sync.o
LOAD obj/main/NAZE/io/beeper.o
LOAD obj/main/NAZE/io/rc_controls.o
LOAD obj/main/NAZE/io/rc_curves.o
LOAD obj/main/NAZE/io/serial.o
LOAD obj/main/NAZE/io/serial_1wire.o
LOAD obj/main/NAZE/io/serial_cli.o
LOAD obj/main/NAZE/io/serial_msp.o
LOAD obj/main/NAZE/io/statusindicator.o
LOAD obj/main/NAZE/rx/rx.o
LOAD obj/main/NAZE/rx/pwm.o
LOAD obj/main/NAZE/rx/msp.o
LOAD obj/main/NAZE/rx/sbus.o
LOAD obj/main/NAZE/rx/sumd.o
LOAD obj/main/NAZE/rx/sumh.o
LOAD obj/main/NAZE/rx/spektrum.o
LOAD obj/main/NAZE/rx/xbus.o
LOAD obj/main/NAZE/rx/ibus.o
LOAD obj/main/NAZE/sensors/acceleration.o
LOAD obj/main/NAZE/sensors/battery.o
LOAD obj/main/NAZE/sensors/boardalignment.o
LOAD obj/main/NAZE/sensors/compass.o
LOAD obj/main/NAZE/sensors/gyro.o
LOAD obj/main/NAZE/sensors/initialisation.o
LOAD obj/main/NAZE/core_cm3.o
LOAD obj/main/NAZE/system_stm32f10x.o
LOAD obj/main/NAZE/stm32f10x_dma.o
LOAD obj/main/NAZE/stm32f10x_dbgmcu.o
LOAD obj/main/NAZE/stm32f10x_dac.o
LOAD obj/main/NAZE/stm32f10x_rtc.o
LOAD obj/main/NAZE/stm32f10x_pwr.o
LOAD obj/main/NAZE/stm32f10x_i2c.o
LOAD obj/main/NAZE/stm32f10x_sdio.o
LOAD obj/main/NAZE/stm32f10x_rcc.o
LOAD obj/main/NAZE/stm32f10x_flash.o
LOAD obj/main/NAZE/stm32f10x_usart.o
LOAD obj/main/NAZE/stm32f10x_tim.o
LOAD obj/main/NAZE/stm32f10x_wwdg.o
LOAD obj/main/NAZE/misc.o
LOAD obj/main/NAZE/stm32f10x_iwdg.o
LOAD obj/main/NAZE/stm32f10x_adc.o
LOAD obj/main/NAZE/stm32f10x_spi.o
LOAD obj/main/NAZE/stm32f10x_bkp.o
LOAD obj/main/NAZE/stm32f10x_exti.o
LOAD obj/main/NAZE/stm32f10x_fsmc.o
LOAD obj/main/NAZE/stm32f10x_gpio.o
LOAD /usr/lib/gcc/arm-none-eabi/4.9.3/../../../arm-none-eabi/lib/armv7-m/libm.a
LOAD /usr/lib/gcc/arm-none-eabi/4.9.3/../../../arm-none-eabi/lib/armv7-m/libc_nano.a
LOAD /usr/lib/gcc/arm-none-eabi/4.9.3/../../../arm-none-eabi/lib/armv7-m/libnosys.a
START GROUP
LOAD /usr/lib/gcc/arm-none-eabi/4.9.3/armv7-m/libgcc.a
LOAD /usr/lib/gcc/arm-none-eabi/4.9.3/../../../arm-none-eabi/lib/armv7-m/libg_nano.a
LOAD /usr/lib/gcc/arm-none-eabi/4.9.3/../../../arm-none-eabi/lib/armv7-m/libc_nano.a
END GROUP
START GROUP
LOAD /usr/lib/gcc/arm-none-eabi/4.9.3/armv7-m/libgcc.a
LOAD /usr/lib/gcc/arm-none-eabi/4.9.3/../../../arm-none-eabi/lib/armv7-m/libc_nano.a
END GROUP
                0x20005000                _estack = (ORIGIN (RAM) + LENGTH (RAM))
                0x00000000                _Min_Heap_Size = 0x0
                0x00000400                _Min_Stack_Size = 0x400

.isr_vector     0x08000000      0x10c
                0x08000000                . = ALIGN (0x4)
                [!provide]                PROVIDE (isr_vector_table_base, .)
 *(.isr_vector)
 .isr_vector    0x08000000      0x10c obj/main/NAZE/startup_stm32f10x_md_gcc.o
                0x08000000                g_pfnVectors
                0x0800010c                . = ALIGN (0x4)

.text           0x08000110    0x1d4b0
                0x08000110                . = ALIGN (0x4)
 *(.text)
 .text          0x08000110     0x22f4 /tmp/ccRO0huJ.ltrans1.ltrans.o
                0x08000110                taskMainPidLoopChecker
 .text          0x08002404     0x20e8 /tmp/ccRO0huJ.ltrans2.ltrans.o
                0x08002404                taskHandleSerial
 .text          0x080044ec     0x1324 /tmp/ccRO0huJ.ltrans3.ltrans.o
                0x080044ec                taskUpdateRxMain
 .text          0x08005810     0x102c /tmp/ccRO0huJ.ltrans4.ltrans.o
                0x08005a60                bmp280_calculate.lto_priv.199
                0x08005c20                bmp280_get_ut.lto_priv.195
                0x08005c22                bmp280_start_ut.lto_priv.196
                0x08005c24                ms5611_calculate.lto_priv.209
                0x08005de0                bmp085_calculate.lto_priv.204
                0x08005ebc                mpu3050ReadTemp.lto_priv.192
                0x08005ef4                mpuIsDataReady
                0x08005f0c                mpuGyroRead
                0x08005f54                mpuAccRead
                0x08006054                BMP085_EOC_EXTI_Handler
                0x080060a8                mpu6500ReadRegister
                0x080060d4                mpu6500WriteRegister
                0x080060f4                mpu3050Init.lto_priv.191
                0x080061f4                mpu6500GyroInit
                0x08006270                mpu6500AccInit
                0x08006284                mpu6050GyroInit.lto_priv.193
                0x080062e8                mpu6050AccInit.lto_priv.214
                0x08006314                i2cRead
                0x08006398                bmp280_get_up.lto_priv.198
                0x0800640c                ms5611_get_up.lto_priv.208
                0x0800641c                ms5611_get_ut.lto_priv.206
                0x0800642c                bmp085_get_up.lto_priv.203
                0x0800647c                bmp085_get_ut.lto_priv.201
                0x080064b4                mpuReadRegisterI2C.lto_priv.189
                0x080064c8                mma8452Read.lto_priv.213
                0x08006522                bma280Read.lto_priv.211
                0x08006568                adxl345Read.lto_priv.216
                0x08006638                i2cWrite
                0x080066c4                bmp280_start_up.lto_priv.197
                0x080066cc                ms5611_start_up.lto_priv.207
                0x080066d4                ms5611_start_ut.lto_priv.205
                0x080066dc                bmp085_start_up.lto_priv.202
                0x08006700                bmp085_start_ut.lto_priv.200
                0x08006714                mpuWriteRegisterI2C.lto_priv.190
                0x0800671e                mma8452Init.lto_priv.212
                0x080067b0                bma280Init.lto_priv.210
                0x080067d4                adxl345Init.lto_priv.215
                0x0800682c                I2C2_EV_IRQHandler
                0x08006830                I2C2_ER_IRQHandler
                0x08006834                I2C1_EV_IRQHandler
                0x08006838                I2C1_ER_IRQHandler
 .text          0x0800683c      0xcbc /tmp/ccRO0huJ.ltrans5.ltrans.o
                0x0800683c                taskTelemetry
 .text          0x080074f8      0xeec /tmp/ccRO0huJ.ltrans6.ltrans.o
                0x080074f8                taskSystem
                0x0800765e                _putc.lto_priv.489
                0x0800766c                applyBiQuadFilter
                0x080076d2                BiQuadNewLpf
                0x080077a4                fastA2F
                0x080078d0                ftoa
                0x0800799c                _i2a.lto_priv.188
                0x080079c4                tfp_format
                0x08007b9a                tfp_sprintf
                0x08007bc4                applyDeadband
                0x08007be2                acosf
                0x08007c5c                atan2f
                0x08007d60                sinf
                0x08007e48                cosf
                0x08007e5c                disableFlightMode
                0x08007e7c                enableFlightMode
                0x08007e9c                featureClear
                0x08007eac                handleOneshotFeatureChangeOnRestart
                0x08007f00                writeEEPROM
                0x0800804c                readEEPROM
                0x080083d0                saveConfigAndNotify
 .text          0x080083e4      0xb78 /tmp/ccRO0huJ.ltrans7.ltrans.o
                0x08008404                pwmOverflowCallback.lto_priv.482
                0x0800842c                ppmEdgeCallback.lto_priv.483
                0x080085b8                ppmOverflowCallback.lto_priv.484
                0x080085f8                pwmWriteStandard.lto_priv.479
                0x08008608                pwmWriteBrushed.lto_priv.480
                0x0800862c                ws2811DMAHandler
                0x080086a0                applyChangedBits
                0x080086ca                serialICConfig.lto_priv.577
                0x080087fe                pwmICConfig
                0x08008838                pwmEdgeCallback.lto_priv.481
                0x08008890                pwmWriteServo
                0x080088a8                EXTI9_5_IRQHandler
                0x080088aa                EXTI1_IRQHandler
                0x080088ac                EXTI0_IRQHandler
                0x080088ae                ws2811UpdateStrip
                0x08008a80                gpioExtiLineConfig
                0x08008aaa                gpioInit
                0x08008b0e                openSoftSerial
                0x08008ca8                pwmOutConfig.lto_priv.515
 .text          0x08008f5c      0x638 /tmp/ccRO0huJ.ltrans8.ltrans.o
                0x08008f5c                taskLedStrip
 .text          0x08009594      0xcdc /tmp/ccRO0huJ.ltrans9.ltrans.o
                0x080095ea                cliShowArgumentRangeError.lto_priv.245
                0x08009604                cliAux.lto_priv.229
                0x080096f0                cliShowParseError.lto_priv.246
                0x080096fc                cliServo.lto_priv.237
                0x08009840                cliColor.lto_priv.230
                0x08009920                cliLed.lto_priv.232
                0x08009b38                cliRxRange.lto_priv.234
                0x08009c14                cliMotorMix.lto_priv.233
                0x08009e0c                cliAdjustmentRange.lto_priv.228
                0x08009f68                cliSerial.lto_priv.236
                0x0800a0ac                cliRxFail.lto_priv.235
                0x0800a1e4                cliPrompt.lto_priv.387
                0x0800a200                waitForSerialPortToFinishTransmitting
                0x0800a216                serialRemovePort
                0x0800a248                closeSerialPort
 .text          0x0800a270      0xa84 /tmp/ccRO0huJ.ltrans10.ltrans.o
                0x0800a3b8                blackboxWrite
                0x0800a550                blackboxAdvanceIterationTimers.lto_priv.406
                0x0800a58c                blackboxLogEvent
                0x0800a63c                blackboxLogIteration.lto_priv.407
                0x0800ab98                sendFieldDefinition.lto_priv.408
 .text          0x0800acf4      0xd74 /tmp/ccRO0huJ.ltrans11.ltrans.o
                0x0800ad0c                gpsNewFrame
                0x0800b2b4                gpsSetState.lto_priv.300
                0x0800b2d0                GPS_distance_cm_bearing.isra.3.lto_priv.573
                0x0800b354                gpsNewData.part.2.lto_priv.247
 .text          0x0800ba68      0x9bc /tmp/ccRO0huJ.ltrans12.ltrans.o
                0x0800ba68                sensorsAutodetect.constprop.29
                0x0800c3c0                findNextSharedSerialPort.constprop.18
 .text          0x0800c424      0xcd0 /tmp/ccRO0huJ.ltrans13.ltrans.o
                0x0800c460                cliDefaults.lto_priv.362
                0x0800c47c                cliSave.lto_priv.376
                0x0800c494                cliRateProfile.lto_priv.375
                0x0800c4e0                cliHelp.lto_priv.369
                0x0800c524                cliProfile.lto_priv.374
                0x0800c564                cliPlaySound.lto_priv.373
                0x0800c610                cliMotor.lto_priv.372
                0x0800c6b0                cliMixer.lto_priv.371
                0x0800c754                cliMap.lto_priv.370
                0x0800c7f8                cliGpsPassthrough.lto_priv.368
                0x0800c8b0                cliFeature.lto_priv.365
                0x0800c9a8                cliExit.lto_priv.364
                0x0800ca28                cliDump.lto_priv.363
                0x0800cd78                cliFlashErase.lto_priv.366
                0x0800cda4                cliFlashInfo.lto_priv.367
                0x0800cddc                cliServoMix.lto_priv.377
 .text          0x0800d0f4      0x718 /tmp/ccRO0huJ.ltrans14.ltrans.o
                0x0800d17e                isSoftSerialTransmitBufferEmpty
                0x0800d18a                softSerialSetMode
                0x0800d18e                softSerialWriteByte
                0x0800d1ac                softSerialTxBytesFree
                0x0800d1ce                softSerialRxBytesWaiting
                0x0800d1ec                softSerialReadByte
                0x0800d348                softSerialSetBaudRate
                0x0800d358                onSerialRxPinChange
                0x0800d3f6                usartIrqCallback
                0x0800d45a                uartStartTxDMA
                0x0800d4bc                uartOpen
 .text          0x0800d80c      0xbb8 /tmp/ccRO0huJ.ltrans15.ltrans.o
                0x0800d80c                dmaNoOpHandler
                0x0800d80e                beepInverted.lto_priv.486
                0x0800d824                beepNormal.lto_priv.487
                0x0800db0c                serialFindPortConfiguration
                0x0800db34                doesConfigurationUsePort
                0x0800db4a                determinePortSharing
                0x0800db5e                findNextSerialPortConfig
                0x0800db98                findSerialPortConfig
                0x0800dba8                generateThrottleCurve
                0x0800dc38                generatePitchRollCurve
                0x0800dc6c                isRangeActive.part.3.lto_priv.312
                0x0800dcb4                isModeActivationConditionPresent
                0x0800dcd6                calculateThrottleStatus
                0x0800dd0c                blackboxLogInflightAdjustmentEvent
                0x0800dd34                bufWriterFlush
                0x0800dd4c                bufWriterAppend
                0x0800dd68                DMA1_Channel7_IRQHandler
                0x0800dd7c                DMA1_Channel6_IRQHandler
                0x0800dd90                DMA1_Channel3_IRQHandler
                0x0800dda4                DMA1_Channel2_IRQHandler
                0x0800ddb8                micros
                0x0800ddf0                delayMicroseconds
                0x0800de06                delay
                0x0800de1a                SysTick_Handler
                0x0800de28                EXTI15_10_IRQHandler
                0x0800de48                systemBeep
                0x0800de54                beeperSilence
                0x0800de84                beeper
                0x0800ded0                beeperConfirmationBeeps
                0x0800df00                failureMode
                0x0800df94                registerExtiCallbackHandler
                0x0800dfc4                serialSetMode
                0x0800dfca                openSerialPort
                0x0800e068                isSerialTransmitBufferEmpty
                0x0800e06e                serialSetBaudRate
                0x0800e074                serialRead
                0x0800e07a                serialRxBytesWaiting
                0x0800e080                serialWrite
                0x0800e086                serialWriteBufShim
                0x0800e0c2                writeMotors
                0x0800e168                stopMotors
                0x0800e1b0                mixerResetDisarmedMotors
                0x0800e1e8                loadCustomServoMixer
                0x0800e238                determineServoMiddleOrForwardFromChannel
                0x0800e26c                imuComputeRotationMatrix.lto_priv.411
                0x0800e3a0                pidSetController
 .text          0x0800e3c4      0x988 /tmp/ccRO0huJ.ltrans16.ltrans.o
                0x0800e488                wrap_18000.lto_priv.410
                0x0800e4ac                GPS_set_next_wp
                0x0800e538                gpsUsePIDs
                0x0800e5d8                GPS_reset_home_position
                0x0800e62c                calculate_Gtune
                0x0800e7e8                flashfsAdvanceTailInBuffer.lto_priv.533
                0x0800e818                flashfsGetDirtyDataBuffers.lto_priv.531
                0x0800e850                flashfsGetOffset
                0x0800e870                flashfsWriteBuffers.lto_priv.532
                0x0800e9c4                flashfsFlushSync
                0x0800e9fc                flashfsFlushAsync
                0x0800ea40                flashfsTransmitBufferUsed.lto_priv.409
                0x0800ea60                flashfsEraseCompletely
                0x0800eab0                TIM4_IRQHandler
                0x0800eac0                TIM3_IRQHandler
                0x0800ead0                TIM2_IRQHandler
                0x0800eadc                TIM1_UP_IRQHandler
                0x0800eaec                TIM1_CC_IRQHandler
                0x0800eafc                configTimeBase
                0x0800eba4                timerConfigure
                0x0800ebf8                lookupTimerIndex.lto_priv.275
                0x0800ec34                timerChConfigCallbacks
                0x0800ecec                USART3_IRQHandler
                0x0800ecf8                USART2_IRQHandler
                0x0800ed04                USART1_IRQHandler
                0x0800ed10                DMA1_Channel4_IRQHandler
 .text          0x0800ed4c      0xb78 /tmp/ccRO0huJ.ltrans17.ltrans.o
                0x0800ed4c                spektrumReadRawRC.lto_priv.185
                0x0800ed74                sumhReadRawRC.lto_priv.453
                0x0800ed88                sumdReadRawRC.lto_priv.451
                0x0800ed9c                sbusReadRawRC.lto_priv.449
                0x0800edcc                rxMspReadRawRC.lto_priv.464
                0x0800eddc                ppmReadRawRC.lto_priv.466
                0x0800edec                pwmReadRawRC.lto_priv.465
                0x0800edfc                nullReadRawRC.lto_priv.187
                0x0800ee00                spektrumDataReceive.lto_priv.186
                0x0800ee50                sumhDataReceive.lto_priv.454
                0x0800ee9c                sumdDataReceive.lto_priv.452
                0x0800ef48                sbusDataReceive.lto_priv.450
                0x0800efa4                xBusUnpackModeBFrame.lto_priv.219
                0x0800f03c                getRxfailValue.lto_priv.314
                0x0800f09c                resumeRxSignal
                0x0800f0c4                suspendRxSignal
                0x0800f0f0                warningLedRefresh
                0x0800f138                packFlightModeFlags.lto_priv.386
                0x0800f268                mspReleasePortIfAllocated
                0x0800f2a8                read8.lto_priv.381
                0x0800f2c0                read16.lto_priv.382
                0x0800f2d4                read32.lto_priv.383
                0x0800f2e6                serialize8.lto_priv.380
                0x0800f308                tailSerialReply.lto_priv.378
                0x0800f32c                headSerialResponse.lto_priv.218
                0x0800f378                headSerialReply.lto_priv.379
                0x0800f37e                serialize16.lto_priv.384
                0x0800f390                serialize32.lto_priv.385
                0x0800f3a2                cliWrite.lto_priv.248
                0x0800f3b4                cliPrintf.lto_priv.244
                0x0800f3e0                cliVersion.lto_priv.241
                0x0800f414                cliTasks.lto_priv.240
                0x0800f45c                cliPrintVar.lto_priv.249
                0x0800f548                cliPrint.lto_priv.242
                0x0800f564                cliStatus.lto_priv.239
                0x0800f668                cliGet.lto_priv.231
                0x0800f6c0                cliSet.lto_priv.238
 .text          0x0800f8c4      0xa0c /tmp/ccRO0huJ.ltrans18.ltrans.o
                0x0800f8c4                taskUpdateBaro
                0x0800f9b0                taskUpdateDisplay
                0x0800f9c4                taskCalculateAltitude
                0x0800fe8c                taskUpdateSonar
                0x0800fed0                taskUpdateCompass
                0x08010028                taskProcessGPS
 .text          0x080102d0      0x9ac /tmp/ccRO0huJ.ltrans19.ltrans.o
                0x080102f8                ibusReadRawRC.lto_priv.462
                0x08010304                xBusReadRawRC.lto_priv.460
                0x0801031c                ibusDataReceive.lto_priv.463
                0x08010364                xBusDataReceive.lto_priv.461
                0x0801043c                setAdjustment.constprop.16
                0x080104c8                headSerialError.constprop.10
                0x080104d0                GPIO_Init
                0x0801056c                EXTI_Init.part.0.lto_priv.217
                0x080105cc                EXTI_GetITStatus
                0x080105e8                TIM_ICInit
                0x08010810                FLASH_WaitForLastOperation
                0x08010832                RCC_GetClocksFreq
                0x080108c4                DMA_StructInit
                0x080108de                DMA_Init
                0x0801091a                DMA_DeInit
                0x08010a0c                SystemInit
                0x08010a58                alignSensors
                0x08010bd0                calculateBatteryCapacityRemainingPercentage
                0x08010c18                batteryAdcToVoltage
                0x08010c44                updateBatteryVoltage.lto_priv.345
 .text          0x08010c7c      0x974 /tmp/ccRO0huJ.ltrans20.ltrans.o
                0x08010cc8                drawHorizonalPercentageBar
                0x08010d1a                updateDisplay
                0x08011450                applyDirectionalModeColor
                0x08011530                reevalulateLedConfig
 .text          0x080115f0      0x6f4 /tmp/ccRO0huJ.ltrans21.ltrans.o
                0x080115f0                hmc5883lRead
                0x08011688                hmc5883lInit
                0x0801189c                m25p16_isReady
                0x080118e4                m25p16_waitForReady
                0x08011904                m25p16_readBytes
                0x08011950                i2c_OLED_send_byte.lto_priv.555
                0x0801195a                i2c_OLED_send_char
                0x08011990                i2c_OLED_send_string
                0x080119a2                i2c_OLED_send_cmd.lto_priv.514
                0x080119ac                ug2864hsweg01InitI2C.part.0.lto_priv.513
                0x08011a8a                i2c_OLED_set_line
                0x08011aa2                i2c_OLED_set_xy
                0x08011acc                i2cInit
 .text          0x08011ce4      0x884 /tmp/ccRO0huJ.ltrans22.ltrans.o
                0x08011cea                activateControlRateConfig
                0x08011d30                isEEPROMContentValid.lto_priv.516
                0x08011d74                resetConf.lto_priv.243
                0x08012228                blackboxDeviceReserveBufferSpace
                0x08012288                isBlackboxDeviceFull
                0x080122b4                blackboxDeviceFlushForce
                0x080122d8                blackboxWriteTag2_3S32
                0x080123f8                blackboxWriteUnsignedVB
                0x08012418                blackboxWriteSignedVB
                0x08012420                blackboxPrint
                0x080124f4                blackboxPrintfHeaderLine
                0x08012544                blackboxPrintf
 .text          0x08012568      0x774 /tmp/ccRO0huJ.ltrans23.ltrans.o
                0x08012568                taskUpdateRxCheck
                0x080129a4                taskUpdateBattery
                0x08012ba8                taskUpdateBeeper
 *fill*         0x08012cdc        0x4 
 .text          0x08012ce0      0x950 /tmp/ccRO0huJ.ltrans24.ltrans.o
                0x08012ce0                filterIsSetCheck
                0x08012d20                scaleItermToRcInput
                0x08012e00                pidMultiWii23.lto_priv.260
                0x080131a8                pidLuxFloat.lto_priv.259
                0x080135e0                pidResetErrorAngle
                0x080135f4                failsafeActivate.lto_priv.313
 .text          0x08013630      0x53c /tmp/ccRO0huJ.ltrans25.ltrans.o
                0x08013724                sonarRead
                0x080137ac                ltm_finalise.lto_priv.290
                0x080137c4                ltm_serialise_8.lto_priv.291
                0x080137e8                ltm_serialise_32.lto_priv.292
                0x0801380a                ltm_serialise_16.lto_priv.294
                0x0801381c                ltm_initialise_packet.lto_priv.293
                0x08013850                smartPortSendPackage.lto_priv.289
                0x080138b8                workAroundForHottTelemetryOnUsart.isra.0.lto_priv.288
                0x080138e4                flushHottRxBuffer.lto_priv.287
                0x08013900                serialize16.lto_priv.284
                0x08013914                sendTelemetryTail.lto_priv.283
                0x08013924                sendDataHead.lto_priv.285
                0x08013944                sendLatLong.lto_priv.286
                0x080139bc                telemetryCheckState
 .text          0x08013b6c      0x41c /tmp/ccRO0huJ.ltrans26.ltrans.o
                0x08013b6c                mwArm
                0x08013f04                mwDisarm
                0x08013f6c                HardFault_Handler
 .text          0x08013f88      0x414 /tmp/ccRO0huJ.ltrans27.ltrans.o
                0x08013f88                NVIC_Init.part.0.constprop.184
                0x08013fc4                spiTransfer.constprop.170
                0x08014004                spiTransferByte.constprop.169
                0x08014024                bmp085InitXCLRGpio.constprop.139
                0x0801405c                GPS_coord_to_degrees.constprop.103
                0x0801411c                grab_fields.constprop.102
                0x08014160                drawRxChannel.constprop.98
                0x080141ac                blackboxWriteSigned16VBArray.constprop.71
                0x080141cc                blackboxWriteSignedVBArray.constprop.70
                0x080141e6                mspAllocateSerialPorts.constprop.68
                0x08014260                resetSerialConfig.constprop.64
                0x080142bc                parseRcChannels.constprop.54
                0x080142f8                itoa.constprop.49
                0x0801431a                spektrumInit.constprop.37
 .text          0x0801439c      0x1fc /tmp/ccRO0huJ.ltrans28.ltrans.o
                0x0801439c                taskUpdateAccelerometer
 .text          0x08014598      0x370 /usr/lib/gcc/arm-none-eabi/4.9.3/armv7-m/libgcc.a(_arm_addsubdf3.o)
                0x08014598                __aeabi_drsub
                0x080145a0                __aeabi_dsub
                0x080145a0                __subdf3
                0x080145a4                __adddf3
                0x080145a4                __aeabi_dadd
                0x0801481c                __aeabi_ui2d
                0x0801481c                __floatunsidf
                0x0801483c                __floatsidf
                0x0801483c                __aeabi_i2d
                0x08014860                __extendsfdf2
                0x08014860                __aeabi_f2d
                0x0801489c                __aeabi_ul2d
                0x0801489c                __floatundidf
                0x080148ac                __floatdidf
                0x080148ac                __aeabi_l2d
 .text          0x08014908      0x424 /usr/lib/gcc/arm-none-eabi/4.9.3/armv7-m/libgcc.a(_arm_muldivdf3.o)
                0x08014908                __aeabi_dmul
                0x08014908                __muldf3
                0x08014b5c                __aeabi_ddiv
                0x08014b5c                __divdf3
 .text          0x08014d2c      0x110 /usr/lib/gcc/arm-none-eabi/4.9.3/armv7-m/libgcc.a(_arm_cmpdf2.o)
                0x08014d2c                __gtdf2
                0x08014d2c                __gedf2
                0x08014d34                __ltdf2
                0x08014d34                __ledf2
                0x08014d3c                __cmpdf2
                0x08014d3c                __eqdf2
                0x08014d3c                __nedf2
                0x08014db8                __aeabi_cdrcmple
                0x08014dc8                __aeabi_cdcmple
                0x08014dc8                __aeabi_cdcmpeq
                0x08014dd8                __aeabi_dcmpeq
                0x08014dec                __aeabi_dcmplt
                0x08014e00                __aeabi_dcmple
                0x08014e14                __aeabi_dcmpge
                0x08014e28                __aeabi_dcmpgt
 .text          0x08014e3c       0xa0 /usr/lib/gcc/arm-none-eabi/4.9.3/armv7-m/libgcc.a(_arm_truncdfsf2.o)
                0x08014e3c                __aeabi_d2f
                0x08014e3c                __truncdfsf2
 .text          0x08014edc      0x21c /usr/lib/gcc/arm-none-eabi/4.9.3/armv7-m/libgcc.a(_arm_addsubsf3.o)
                0x08014edc                __aeabi_frsub
                0x08014ee4                __subsf3
                0x08014ee4                __aeabi_fsub
                0x08014ee8                __aeabi_fadd
                0x08014ee8                __addsf3
                0x08015048                __aeabi_ui2f
                0x08015048                __floatunsisf
                0x08015050                __aeabi_i2f
                0x08015050                __floatsisf
                0x0801506c                __floatundisf
                0x0801506c                __aeabi_ul2f
                0x0801507c                __floatdisf
                0x0801507c                __aeabi_l2f
 .text          0x080150f8      0x2a0 /usr/lib/gcc/arm-none-eabi/4.9.3/armv7-m/libgcc.a(_arm_muldivsf3.o)
                0x080150f8                __mulsf3
                0x080150f8                __aeabi_fmul
                0x08015260                __divsf3
                0x08015260                __aeabi_fdiv
 .text          0x08015398       0xec /usr/lib/gcc/arm-none-eabi/4.9.3/armv7-m/libgcc.a(_arm_cmpsf2.o)
                0x08015398                __gtsf2
                0x08015398                __gesf2
                0x080153a0                __lesf2
                0x080153a0                __ltsf2
                0x080153a8                __nesf2
                0x080153a8                __eqsf2
                0x080153a8                __cmpsf2
                0x08015408                __aeabi_cfrcmple
                0x08015410                __aeabi_cfcmple
                0x08015410                __aeabi_cfcmpeq
                0x08015420                __aeabi_fcmpeq
                0x08015434                __aeabi_fcmplt
                0x08015448                __aeabi_fcmple
                0x0801545c                __aeabi_fcmpge
                0x08015470                __aeabi_fcmpgt
 .text          0x08015484       0x4c /usr/lib/gcc/arm-none-eabi/4.9.3/armv7-m/libgcc.a(_arm_fixsfsi.o)
                0x08015484                __fixsfsi
                0x08015484                __aeabi_f2iz
 .text          0x080154d0       0x40 /usr/lib/gcc/arm-none-eabi/4.9.3/armv7-m/libgcc.a(_arm_fixunssfsi.o)
                0x080154d0                __aeabi_f2uiz
                0x080154d0                __fixunssfsi
 .text          0x08015510       0x38 /usr/lib/gcc/arm-none-eabi/4.9.3/armv7-m/libgcc.a(_aeabi_ldivmod.o)
                0x08015510                __aeabi_ldivmod
 .text          0x08015548       0x60 /usr/lib/gcc/arm-none-eabi/4.9.3/armv7-m/libgcc.a(bpabi.o)
                0x08015548                __gnu_ldivmod_helper
                0x08015578                __gnu_uldivmod_helper
 .text          0x080155a8        0x4 /usr/lib/gcc/arm-none-eabi/4.9.3/armv7-m/libgcc.a(_dvmd_tls.o)
                0x080155a8                __aeabi_ldiv0
                0x080155a8                __aeabi_idiv0
 .text          0x080155ac      0x2ac /usr/lib/gcc/arm-none-eabi/4.9.3/armv7-m/libgcc.a(_divdi3.o)
                0x080155ac                __divdi3
 .text          0x08015858      0x270 /usr/lib/gcc/arm-none-eabi/4.9.3/armv7-m/libgcc.a(_udivdi3.o)
                0x08015858                __udivdi3
 *(.text*)
 .text.Reset_Handler
                0x08015ac8       0x9c obj/main/NAZE/startup_stm32f10x_md_gcc.o
                0x08015ac8                Reset_Handler
 .text.Default_Handler
                0x08015b64        0x2 obj/main/NAZE/startup_stm32f10x_md_gcc.o
                0x08015b64                EXTI2_IRQHandler
                0x08015b64                DebugMon_Handler
                0x08015b64                PVD_IRQHandler
                0x08015b64                PendSV_Handler
                0x08015b64                NMI_Handler
                0x08015b64                EXTI3_IRQHandler
                0x08015b64                UsageFault_Handler
                0x08015b64                ADC1_2_IRQHandler
                0x08015b64                SPI1_IRQHandler
                0x08015b64                TAMPER_IRQHandler
                0x08015b64                RTC_IRQHandler
                0x08015b64                CAN1_RX1_IRQHandler
                0x08015b64                RCC_IRQHandler
                0x08015b64                TIM1_TRG_COM_IRQHandler
                0x08015b64                DMA1_Channel1_IRQHandler
                0x08015b64                Default_Handler
                0x08015b64                SPI2_IRQHandler
                0x08015b64                MemManage_Handler
                0x08015b64                SVC_Handler
                0x08015b64                DMA1_Channel5_IRQHandler
                0x08015b64                EXTI4_IRQHandler
                0x08015b64                USB_LP_CAN1_RX0_IRQHandler
                0x08015b64                USB_HP_CAN1_TX_IRQHandler
                0x08015b64                WWDG_IRQHandler
                0x08015b64                TIM1_BRK_IRQHandler
                0x08015b64                RTCAlarm_IRQHandler
                0x08015b64                CAN1_SCE_IRQHandler
                0x08015b64                FLASH_IRQHandler
                0x08015b64                BusFault_Handler
                0x08015b64                USBWakeUp_IRQHandler
 *fill*         0x08015b66        0x2 
 .text.startup  0x08015b68     0x21b0 /tmp/ccRO0huJ.ltrans0.ltrans.o
                0x08015b68                main
 .text.atoi     0x08017d18        0x8 /usr/lib/gcc/arm-none-eabi/4.9.3/../../../arm-none-eabi/lib/armv7-m/libc_nano.a(lib_a-atoi.o)
                0x08017d18                atoi
 .text.strtok   0x08017d20       0x64 /usr/lib/gcc/arm-none-eabi/4.9.3/../../../arm-none-eabi/lib/armv7-m/libc_nano.a(lib_a-strtok.o)
                0x08017d20                strtok
 .text.__strtok_r
                0x08017d84       0x56 /usr/lib/gcc/arm-none-eabi/4.9.3/../../../arm-none-eabi/lib/armv7-m/libc_nano.a(lib_a-strtok_r.o)
                0x08017d84                __strtok_r
 .text.strtok_r
                0x08017dda        0x6 /usr/lib/gcc/arm-none-eabi/4.9.3/../../../arm-none-eabi/lib/armv7-m/libc_nano.a(lib_a-strtok_r.o)
                0x08017dda                strtok_r
 .text._strtol_r
                0x08017de0      0x10c /usr/lib/gcc/arm-none-eabi/4.9.3/../../../arm-none-eabi/lib/armv7-m/libc_nano.a(lib_a-strtol.o)
                0x08017de0                _strtol_r
 .text.strtol   0x08017eec       0x1c /usr/lib/gcc/arm-none-eabi/4.9.3/../../../arm-none-eabi/lib/armv7-m/libc_nano.a(lib_a-strtol.o)
                0x08017eec                strtol
 .text.malloc   0x08017f08       0x10 /usr/lib/gcc/arm-none-eabi/4.9.3/../../../arm-none-eabi/lib/armv7-m/libc_nano.a(lib_a-malloc.o)
                0x08017f08                malloc
 .text._malloc_r
                0x08017f18       0xac /usr/lib/gcc/arm-none-eabi/4.9.3/../../../arm-none-eabi/lib/armv7-m/libc_nano.a(lib_a-nano-mallocr.o)
                0x08017f18                _malloc_r
 .text._sbrk_r  0x08017fc4       0x20 /usr/lib/gcc/arm-none-eabi/4.9.3/../../../arm-none-eabi/lib/armv7-m/libc_nano.a(lib_a-sbrkr.o)
                0x08017fc4                _sbrk_r
 .text._sbrk    0x08017fe4       0x1c /usr/lib/gcc/arm-none-eabi/4.9.3/../../../arm-none-eabi/lib/armv7-m/libnosys.a(sbrk.o)
                0x08017fe4                _sbrk
 .text.lrintf   0x08018000       0x78 /usr/lib/gcc/arm-none-eabi/4.9.3/../../../arm-none-eabi/lib/armv7-m/libm.a(lib_a-sf_lrint.o)
                0x08018000                lrintf
 .text.powf     0x08018078      0x314 /usr/lib/gcc/arm-none-eabi/4.9.3/../../../arm-none-eabi/lib/armv7-m/libm.a(lib_a-wf_pow.o)
                0x08018078                powf
 .text.sqrtf    0x0801838c       0x9c /usr/lib/gcc/arm-none-eabi/4.9.3/../../../arm-none-eabi/lib/armv7-m/libm.a(lib_a-wf_sqrt.o)
                0x0801838c                sqrtf
 .text.__ieee754_powf
                0x08018428      0x6ec /usr/lib/gcc/arm-none-eabi/4.9.3/../../../arm-none-eabi/lib/armv7-m/libm.a(lib_a-ef_pow.o)
                0x08018428                __ieee754_powf
 .text.__ieee754_sqrtf
                0x08018b14       0xa8 /usr/lib/gcc/arm-none-eabi/4.9.3/../../../arm-none-eabi/lib/armv7-m/libm.a(lib_a-ef_sqrt.o)
                0x08018b14                __ieee754_sqrtf
 .text.matherr  0x08018bbc        0x4 /usr/lib/gcc/arm-none-eabi/4.9.3/../../../arm-none-eabi/lib/armv7-m/libm.a(lib_a-s_matherr.o)
                0x08018bbc                matherr
 .text.rint     0x08018bc0      0x11c /usr/lib/gcc/arm-none-eabi/4.9.3/../../../arm-none-eabi/lib/armv7-m/libm.a(lib_a-s_rint.o)
                0x08018bc0                rint
 .text.fabsf    0x08018cdc        0x8 /usr/lib/gcc/arm-none-eabi/4.9.3/../../../arm-none-eabi/lib/armv7-m/libm.a(lib_a-sf_fabs.o)
                0x08018cdc                fabsf
 .text.finitef  0x08018ce4       0x10 /usr/lib/gcc/arm-none-eabi/4.9.3/../../../arm-none-eabi/lib/armv7-m/libm.a(lib_a-sf_finite.o)
                0x08018ce4                finitef
 .text.__fpclassifyf
                0x08018cf4       0x34 /usr/lib/gcc/arm-none-eabi/4.9.3/../../../arm-none-eabi/lib/armv7-m/libm.a(lib_a-sf_fpclassify.o)
                0x08018cf4                __fpclassifyf
 .text.nanf     0x08018d28        0x8 /usr/lib/gcc/arm-none-eabi/4.9.3/../../../arm-none-eabi/lib/armv7-m/libm.a(lib_a-sf_nan.o)
                0x08018d28                nanf
 .text.scalbnf  0x08018d30       0xb0 /usr/lib/gcc/arm-none-eabi/4.9.3/../../../arm-none-eabi/lib/armv7-m/libm.a(lib_a-sf_scalbn.o)
                0x08018d30                scalbnf
 .text.copysignf
                0x08018de0        0xc /usr/lib/gcc/arm-none-eabi/4.9.3/../../../arm-none-eabi/lib/armv7-m/libm.a(lib_a-sf_copysign.o)
                0x08018de0                copysignf
 .text.__errno  0x08018dec        0xc /usr/lib/gcc/arm-none-eabi/4.9.3/../../../arm-none-eabi/lib/armv7-m/libc_nano.a(lib_a-errno.o)
                0x08018dec                __errno
 .text.memcmp   0x08018df8       0x20 /usr/lib/gcc/arm-none-eabi/4.9.3/../../../arm-none-eabi/lib/armv7-m/libc_nano.a(lib_a-memcmp.o)
                0x08018df8                memcmp
 .text.memcpy   0x08018e18       0x16 /usr/lib/gcc/arm-none-eabi/4.9.3/../../../arm-none-eabi/lib/armv7-m/libc_nano.a(lib_a-memcpy.o)
                0x08018e18                memcpy
 .text.memset   0x08018e2e       0x10 /usr/lib/gcc/arm-none-eabi/4.9.3/../../../arm-none-eabi/lib/armv7-m/libc_nano.a(lib_a-memset.o)
                0x08018e2e                memset
 *fill*         0x08018e3e        0x2 
 .text.strcasecmp
                0x08018e40       0x3c /usr/lib/gcc/arm-none-eabi/4.9.3/../../../arm-none-eabi/lib/armv7-m/libc_nano.a(lib_a-strcasecmp.o)
                0x08018e40                strcasecmp
 .text.strcat   0x08018e7c       0x1e /usr/lib/gcc/arm-none-eabi/4.9.3/../../../arm-none-eabi/lib/armv7-m/libc_nano.a(lib_a-strcat.o)
                0x08018e7c                strcat
 .text.strchr   0x08018e9a       0x1c /usr/lib/gcc/arm-none-eabi/4.9.3/../../../arm-none-eabi/lib/armv7-m/libc_nano.a(lib_a-strchr.o)
                0x08018e9a                strchr
 .text.strlen   0x08018eb6       0x10 /usr/lib/gcc/arm-none-eabi/4.9.3/../../../arm-none-eabi/lib/armv7-m/libc_nano.a(lib_a-strlen.o)
                0x08018eb6                strlen
 *fill*         0x08018ec6        0x2 
 .text.strncasecmp
                0x08018ec8       0x44 /usr/lib/gcc/arm-none-eabi/4.9.3/../../../arm-none-eabi/lib/armv7-m/libc_nano.a(lib_a-strncasecmp.o)
                0x08018ec8                strncasecmp
 .text.strncpy  0x08018f0c       0x24 /usr/lib/gcc/arm-none-eabi/4.9.3/../../../arm-none-eabi/lib/armv7-m/libc_nano.a(lib_a-strncpy.o)
                0x08018f0c                strncpy
 .text.strstr   0x08018f30       0x30 /usr/lib/gcc/arm-none-eabi/4.9.3/../../../arm-none-eabi/lib/armv7-m/libc_nano.a(lib_a-strstr.o)
                0x08018f30                strstr
 *(.rodata)
 .rodata        0x08018f60       0xdc /tmp/ccRO0huJ.ltrans0.ltrans.o
                0x08018fc8                hsv_white
 .rodata        0x0801903c      0x2b4 /tmp/ccRO0huJ.ltrans1.ltrans.o
 .rodata        0x080192f0      0x18c /tmp/ccRO0huJ.ltrans2.ltrans.o
 .rodata        0x0801947c        0x8 /tmp/ccRO0huJ.ltrans5.ltrans.o
 .rodata        0x08019484       0x28 /tmp/ccRO0huJ.ltrans7.ltrans.o
 .rodata        0x080194ac       0x38 /tmp/ccRO0huJ.ltrans8.ltrans.o
                0x080194ac                hsv_green
                0x080194b0                hsv_red
                0x080194b4                hsv_yellow
                0x080194b8                hsv_blue
                0x080194e0                hsv_orange
 .rodata        0x080194e4      0x4f0 /tmp/ccRO0huJ.ltrans9.ltrans.o
                0x08019514                mixerAtail4.lto_priv.505
                0x08019554                mixerDualcopter.lto_priv.504
                0x08019574                mixerHex6H.lto_priv.503
                0x080195d4                mixerVtail4.lto_priv.502
                0x08019614                mixerOctoFlatX.lto_priv.501
                0x08019694                mixerOctoFlatP.lto_priv.500
                0x08019714                mixerOctoX8.lto_priv.499
                0x08019794                mixerHex6X.lto_priv.498
                0x080197f4                mixerY4.lto_priv.497
                0x08019834                mixerSingleProp.lto_priv.496
                0x08019844                mixerHex6P.lto_priv.495
                0x080198a4                mixerY6.lto_priv.494
                0x08019904                mixerBicopter.lto_priv.493
                0x08019924                mixerQuadX.lto_priv.492
                0x08019964                mixerQuadP.lto_priv.491
                0x080199a4                mixerTricopter.lto_priv.490
 .rodata        0x080199d4       0x18 /tmp/ccRO0huJ.ltrans10.ltrans.o
 .rodata        0x080199ec       0x60 /tmp/ccRO0huJ.ltrans12.ltrans.o
 .rodata        0x08019a4c      0x54c /tmp/ccRO0huJ.ltrans13.ltrans.o
                0x08019a4c                cmdTable
                0x08019c2c                beeperTable.lto_priv.255
                0x08019cec                mixerNames.lto_priv.250
                0x08019db0                servoMixers
                0x08019e80                servoMixerSingle.lto_priv.512
                0x08019eb8                servoMixerDual.lto_priv.511
                0x08019ec6                servoMixerAirplane.lto_priv.510
                0x08019ee9                servoMixerFlyingWing.lto_priv.509
                0x08019f0c                servoMixerGimbal.lto_priv.508
                0x08019f1a                servoMixerBI.lto_priv.507
                0x08019f36                servoMixerTri.lto_priv.506
                0x08019f3d                beep_armedBeep.lto_priv.274
                0x08019f42                beep_disarmRepeatBeep.lto_priv.273
                0x08019f46                beep_readyBeep.lto_priv.272
                0x08019f55                beep_2longerBeeps.lto_priv.271
                0x08019f5a                beep_2shortBeeps.lto_priv.270
                0x08019f5f                beep_shortBeep.lto_priv.269
                0x08019f62                beep_lowBatteryBeep.lto_priv.268
                0x08019f65                beep_critBatteryBeep.lto_priv.267
                0x08019f68                beep_armedGpsFix.lto_priv.266
                0x08019f71                beep_armingBeep.lto_priv.265
                0x08019f76                beep_disarmBeep.lto_priv.264
                0x08019f7b                beep_txLostBeep.lto_priv.263
                0x08019f7e                beep_sos.lto_priv.262
                0x08019f91                beep_gyroCalibrated.lto_priv.261
 .rodata        0x08019f98       0x28 /tmp/ccRO0huJ.ltrans14.ltrans.o
 .rodata        0x08019fc0      0xff4 /tmp/ccRO0huJ.ltrans17.ltrans.o
                0x0801a108                valueTable
                0x0801afa8                shortGitRevision
                0x0801afac                buildTime
                0x0801afb0                buildDate
 .rodata        0x0801afb4      0x144 /tmp/ccRO0huJ.ltrans18.ltrans.o
                0x0801afb4                gpsInitData.lto_priv.446
 .rodata        0x0801b0f8       0x14 /tmp/ccRO0huJ.ltrans19.ltrans.o
 .rodata        0x0801b10c       0x22 /tmp/ccRO0huJ.ltrans20.ltrans.o
 *fill*         0x0801b12e        0x2 
 .rodata        0x0801b130      0x2cc /tmp/ccRO0huJ.ltrans21.ltrans.o
 .rodata        0x0801b3fc       0xc4 /tmp/ccRO0huJ.ltrans22.ltrans.o
 .rodata        0x0801b4c0       0x34 /tmp/ccRO0huJ.ltrans27.ltrans.o
                0x0801b4c0                baudRates
                0x0801b4e0                defaultBMP085Config.7280.lto_priv.194
 *(.rodata*)
 .rodata.timerHardware
                0x0801b4f4       0xe0 /tmp/ccRO0huJ.ltrans0.ltrans.o
                0x0801b4f4                timerHardware
 .rodata.str1.1
                0x0801b5d4      0x20d /tmp/ccRO0huJ.ltrans1.ltrans.o
                                0x21f (size before relaxing)
 .rodata.str1.1
                0x0801b7e1      0x154 /tmp/ccRO0huJ.ltrans2.ltrans.o
                                0x16d (size before relaxing)
 *fill*         0x0801b935        0x1 
 .rodata.frSkyDataIdTable
                0x0801b936       0x20 /tmp/ccRO0huJ.ltrans5.ltrans.o
 .rodata.str1.1
                0x0801b956       0x27 /tmp/ccRO0huJ.ltrans6.ltrans.o
 *fill*         0x0801b97d        0x1 
 .rodata.hsv_black
                0x0801b97e        0x4 /tmp/ccRO0huJ.ltrans8.ltrans.o
                0x0801b97e                hsv_black
 *fill*         0x0801b982        0x2 
 .rodata.mixers
                0x0801b984       0xd0 /tmp/ccRO0huJ.ltrans9.ltrans.o
                0x0801b984                mixers
 .rodata.str1.1
                0x0801ba54      0x15a /tmp/ccRO0huJ.ltrans9.ltrans.o
                                0x168 (size before relaxing)
 .rodata.str1.1
                0x0801bbae       0x3e /tmp/ccRO0huJ.ltrans10.ltrans.o
                                 0x41 (size before relaxing)
 .rodata.str1.1
                0x0801bbec      0x933 /tmp/ccRO0huJ.ltrans13.ltrans.o
                                0x9eb (size before relaxing)
 .rodata.str1.1
                0x0801c51f      0xd0b /tmp/ccRO0huJ.ltrans17.ltrans.o
                                0xda0 (size before relaxing)
 .rodata.str1.1
                0x0801d22a       0xfb /tmp/ccRO0huJ.ltrans18.ltrans.o
                                 0xfc (size before relaxing)
 .rodata.cyclePageIds
                0x0801d325        0x5 /tmp/ccRO0huJ.ltrans20.ltrans.o
 .rodata.str1.1
                0x0801d32a      0x12f /tmp/ccRO0huJ.ltrans20.ltrans.o
                                0x159 (size before relaxing)
 .rodata.str1.1
                0x0801d459        0x9 /tmp/ccRO0huJ.ltrans22.ltrans.o
 .rodata.serialPortIdentifiers
                0x0801d462        0x5 /tmp/ccRO0huJ.ltrans27.ltrans.o
                0x0801d462                serialPortIdentifiers
 .rodata.rcChannelLetters
                0x0801d467       0x15 /tmp/ccRO0huJ.ltrans27.ltrans.o
                0x0801d467                rcChannelLetters
 .rodata._ctype_
                0x0801d47c      0x101 /usr/lib/gcc/arm-none-eabi/4.9.3/../../../arm-none-eabi/lib/armv7-m/libc_nano.a(lib_a-ctype_.o)
                0x0801d47c                _ctype_
 .rodata.str1.1
                0x0801d57d        0x0 /usr/lib/gcc/arm-none-eabi/4.9.3/../../../arm-none-eabi/lib/armv7-m/libc_nano.a(lib_a-impure.o)
                                  0x2 (size before relaxing)
 *fill*         0x0801d57d        0x3 
 .rodata.TWO23  0x0801d580        0x8 /usr/lib/gcc/arm-none-eabi/4.9.3/../../../arm-none-eabi/lib/armv7-m/libm.a(lib_a-sf_lrint.o)
 .rodata.str1.4
                0x0801d588        0x5 /usr/lib/gcc/arm-none-eabi/4.9.3/../../../arm-none-eabi/lib/armv7-m/libm.a(lib_a-wf_pow.o)
                                  0x8 (size before relaxing)
 *fill*         0x0801d58d        0x3 
 .rodata.str1.4
                0x0801d590        0x6 /usr/lib/gcc/arm-none-eabi/4.9.3/../../../arm-none-eabi/lib/armv7-m/libm.a(lib_a-wf_sqrt.o)
                                  0x8 (size before relaxing)
 *fill*         0x0801d596        0x2 
 .rodata.dp_h   0x0801d598        0x8 /usr/lib/gcc/arm-none-eabi/4.9.3/../../../arm-none-eabi/lib/armv7-m/libm.a(lib_a-ef_pow.o)
 .rodata.dp_l   0x0801d5a0        0x8 /usr/lib/gcc/arm-none-eabi/4.9.3/../../../arm-none-eabi/lib/armv7-m/libm.a(lib_a-ef_pow.o)
 .rodata.bp     0x0801d5a8        0x8 /usr/lib/gcc/arm-none-eabi/4.9.3/../../../arm-none-eabi/lib/armv7-m/libm.a(lib_a-ef_pow.o)
 .rodata.str1.4
                0x0801d5b0        0x8 /usr/lib/gcc/arm-none-eabi/4.9.3/../../../arm-none-eabi/lib/armv7-m/libm.a(lib_a-ef_pow.o)
                                  0x4 (size before relaxing)
 .rodata.TWO52  0x0801d5b0       0x10 /usr/lib/gcc/arm-none-eabi/4.9.3/../../../arm-none-eabi/lib/armv7-m/libm.a(lib_a-s_rint.o)
 *(.glue_7)
 .glue_7        0x0801d5c0        0x0 linker stubs
 *(.glue_7t)
 .glue_7t       0x0801d5c0        0x0 linker stubs
 *(.eh_frame)
 *(.init)
 *(.fini)
                0x0801d5c0                . = ALIGN (0x4)
                0x0801d5c0                _etext = .

.vfp11_veneer   0x0801d5c0        0x0
 .vfp11_veneer  0x0801d5c0        0x0 linker stubs

.v4_bx          0x0801d5c0        0x0
 .v4_bx         0x0801d5c0        0x0 linker stubs

.iplt           0x0801d5c0        0x0
 .iplt          0x0801d5c0        0x0 obj/main/NAZE/startup_stm32f10x_md_gcc.o

.ARM.extab
 *(.ARM.extab* .gnu.linkonce.armextab.*)

.ARM            0x0801d5c0        0x8
                0x0801d5c0                __exidx_start = .
 *(.ARM.exidx*)
 .ARM.exidx     0x0801d5c0        0x8 /usr/lib/gcc/arm-none-eabi/4.9.3/armv7-m/libgcc.a(_divdi3.o)
 .ARM.exidx     0x0801d5c8        0x0 /usr/lib/gcc/arm-none-eabi/4.9.3/armv7-m/libgcc.a(_udivdi3.o)
                                  0x8 (size before relaxing)
                0x0801d5c8                __exidx_end = .

.rel.dyn        0x0801d5c8        0x0
 .rel.iplt      0x0801d5c8        0x0 obj/main/NAZE/startup_stm32f10x_md_gcc.o

.preinit_array  0x0801d5c8        0x0
                [!provide]                PROVIDE (__preinit_array_start, .)
 *(.preinit_array*)
                [!provide]                PROVIDE (__preinit_array_end, .)

.init_array     0x0801d5c8        0x0
                [!provide]                PROVIDE (__init_array_start, .)
 *(SORT(.init_array.*))
 *(.init_array*)
                [!provide]                PROVIDE (__init_array_end, .)

.fini_array     0x0801d5c8        0x0
                [!provide]                PROVIDE (__fini_array_start, .)
 *(.fini_array*)
 *(SORT(.fini_array.*))
                [!provide]                PROVIDE (__fini_array_end, .)
                0x0801d5c8                _sidata = .

.data           0x20000000      0x3e8 load address 0x0801d5c8
                0x20000000                . = ALIGN (0x4)
                0x20000000                _sdata = .
 *(.data)
 .data          0x20000000        0x4 /tmp/ccRO0huJ.ltrans0.ltrans.o
                0x20000000                realtimeGuardInterval.lto_priv.519
 .data          0x20000004        0x3 /tmp/ccRO0huJ.ltrans3.ltrans.o
                0x20000004                rxIsInFailsafeMode.lto_priv.316
                0x20000005                rxIsInFailsafeModeNotDataDriven.lto_priv.318
                0x20000006                isUsingSticksToArm.lto_priv.350
 *fill*         0x20000007        0x1 
 .data          0x20000008        0x3 /tmp/ccRO0huJ.ltrans5.ltrans.o
                0x20000008                acc_1G
 .data          0x2000000b        0x3 /tmp/ccRO0huJ.ltrans8.ltrans.o
 *fill*         0x2000000e        0x2 
 .data          0x20000010        0x4 /tmp/ccRO0huJ.ltrans11.ltrans.o
                0x20000010                GPS_scaleLonDown.lto_priv.565
 .data          0x20000014        0x1 /tmp/ccRO0huJ.ltrans12.ltrans.o
                0x20000014                isEOCConnected.lto_priv.589
 *fill*         0x20000015        0x3 
 .data          0x20000018       0x14 /tmp/ccRO0huJ.ltrans13.ltrans.o
                0x2000001c                geometry.lto_priv.355
 .data          0x2000002c        0x4 /tmp/ccRO0huJ.ltrans15.ltrans.o
                0x2000002c                q0.lto_priv.402
 .data          0x20000030        0x5 /tmp/ccRO0huJ.ltrans19.ltrans.o
                0x20000030                hse_value
                0x20000034                standardBoardAlignment.lto_priv.473
 *fill*         0x20000035        0x3 
 .data          0x20000038        0xc /tmp/ccRO0huJ.ltrans21.ltrans.o
 .data          0x20000044        0xc /tmp/ccRO0huJ.ltrans24.ltrans.o
 .data          0x20000050        0x4 /tmp/ccRO0huJ.ltrans25.ltrans.o
                0x20000050                measurement.lto_priv.581
 .data          0x20000054        0x4 /tmp/ccRO0huJ.ltrans27.ltrans.o
                0x20000054                rcReadRawFunc.lto_priv.311
 *(.data*)
 .data.GPS_hdop
                0x20000058        0x2 /tmp/ccRO0huJ.ltrans5.ltrans.o
                0x20000058                GPS_hdop
 .data.detectedSensors
                0x2000005a        0x4 /tmp/ccRO0huJ.ltrans12.ltrans.o
                0x2000005a                detectedSensors
 *fill*         0x2000005e        0x2 
 .data.pid_controller
                0x20000060        0x4 /tmp/ccRO0huJ.ltrans15.ltrans.o
                0x20000060                pid_controller
 .data.batteryCellCount
                0x20000064        0x1 /tmp/ccRO0huJ.ltrans17.ltrans.o
                0x20000064                batteryCellCount
 *fill*         0x20000065        0x3 
 .data.SystemCoreClock
                0x20000068        0x4 /tmp/ccRO0huJ.ltrans17.ltrans.o
                0x20000068                SystemCoreClock
 .data.cfTasks  0x2000006c      0x30c /tmp/ccRO0huJ.ltrans17.ltrans.o
                0x2000006c                cfTasks
 .data.currentTaskId
                0x20000378        0x1 /tmp/ccRO0huJ.ltrans18.ltrans.o
                0x20000378                currentTaskId
 *fill*         0x20000379        0x3 
 .data.__ctype_ptr__
                0x2000037c        0x4 /usr/lib/gcc/arm-none-eabi/4.9.3/../../../arm-none-eabi/lib/armv7-m/libc_nano.a(lib_a-ctype_.o)
                0x2000037c                __ctype_ptr__
 .data.impure_data
                0x20000380       0x60 /usr/lib/gcc/arm-none-eabi/4.9.3/../../../arm-none-eabi/lib/armv7-m/libc_nano.a(lib_a-impure.o)
 .data._impure_ptr
                0x200003e0        0x4 /usr/lib/gcc/arm-none-eabi/4.9.3/../../../arm-none-eabi/lib/armv7-m/libc_nano.a(lib_a-impure.o)
                0x200003e0                _impure_ptr
 .data.__fdlib_version
                0x200003e4        0x1 /usr/lib/gcc/arm-none-eabi/4.9.3/../../../arm-none-eabi/lib/armv7-m/libm.a(lib_a-s_lib_ver.o)
                0x200003e4                __fdlib_version
                0x200003e8                . = ALIGN (0x4)
 *fill*         0x200003e5        0x3 
                0x200003e8                _edata = .

.igot.plt       0x200003e8        0x0 load address 0x0801d9b0
 .igot.plt      0x200003e8        0x0 obj/main/NAZE/startup_stm32f10x_md_gcc.o
                0x200003e8                . = ALIGN (0x4)

.bss            0x200003e8     0x33bc load address 0x0801d9b0
                0x200003e8                _sbss = .
                0x200003e8                __bss_start__ = _sbss
 *(.bss)
 .bss           0x200003e8      0x500 /tmp/ccRO0huJ.ltrans0.ltrans.o
                0x200003f0                i2cOverClock.lto_priv.583
                0x20000414                inputFilteringMode.lto_priv.578
                0x20000418                ppmDev
                0x20000544                servos.lto_priv.580
                0x20000565                displayPresent.lto_priv.554
                0x20000574                gpsPacketLog
                0x2000058e                ledStripDMABuffer
                0x200008b8                telemetryConfig.lto_priv.431
                0x200008bc                portConfig.lto_priv.434
                0x200008c0                frskyPortSharing.lto_priv.552
                0x200008c1                hottPortSharing.lto_priv.550
                0x200008c4                telemetryConfig.lto_priv.432
                0x200008c8                portConfig.lto_priv.436
                0x200008cc                smartPortPortSharing.lto_priv.547
                0x200008d4                portConfig.lto_priv.437
                0x200008d8                ltmPortSharing.lto_priv.545
                0x200008d9                couldBeBusy.lto_priv.572
                0x200008dc                tailAddress.lto_priv.530
                0x200008e0                totalWaitingTasksSamples.lto_priv.517
                0x200008e4                totalWaitingTasks.lto_priv.518
 .bss           0x200008e8      0x3af /tmp/ccRO0huJ.ltrans1.ltrans.o
                0x20000900                gyroLpfCutFreq.lto_priv.529
                0x20000974                gyroConfig.lto_priv.528
                0x200009d0                imuRuntimeConfig.lto_priv.468
                0x200009f8                gyroScale.lto_priv.469
                0x20000a08                smallAngleCosZ
                0x20000a14                fc_acc
                0x20000a18                accDeadband.lto_priv.524
                0x20000a1c                lookupYawRC
                0x20000a30                rxRefreshRate.lto_priv.448
                0x20000a48                rcControlsConfig.lto_priv.523
                0x20000a50                escAndServoConfig.lto_priv.391
                0x20000a54                throttleAngleScale
                0x20000a58                mixerConfig.lto_priv.471
                0x20000a5c                currentMixer.lto_priv.476
                0x20000b20                rxConfig.lto_priv.526
                0x20000b24                currentMixerMode.lto_priv.475
                0x20000b48                gimbalConfig.lto_priv.525
                0x20000b4c                servoFilterState.lto_priv.472
                0x20000c6c                motorControlEnable
                0x20000c70                blackboxPort.lto_priv.424
                0x20000c74                blackboxHeaderBudget
                0x20000c78                blackboxMaxHeaderBytesPerIteration.lto_priv.422
                0x20000c7c                xmitState.lto_priv.420
                0x20000c84                blackboxConditionCache.lto_priv.417
                0x20000c88                vbatReference.lto_priv.413
                0x20000c8a                blackboxSlowFrameIterationTimer.lto_priv.421
                0x20000c8c                blackboxPFrameIndex.lto_priv.416
                0x20000c90                blackboxIteration.lto_priv.415
                0x20000c94                blackboxModeActivationConditionPresent.lto_priv.414
                0x20000c95                blackboxPortSharing.lto_priv.423
                0x20000c96                blackboxLoggedAnyFrames.lto_priv.419
 *fill*         0x20000c97        0x1 
 .bss           0x20000c98      0x164 /tmp/ccRO0huJ.ltrans2.ltrans.o
                0x20000c98                printfSerialPort.lto_priv.520
                0x20000cb8                servo
                0x20000cc8                GPS_ground_course
                0x20000cca                GPS_update
                0x20000ccb                GPS_numCh
                0x20000ccc                GPS_svinfo_chn
                0x20000cdc                GPS_svinfo_svid
                0x20000cec                GPS_svinfo_quality
                0x20000cfc                GPS_svinfo_cno
                0x20000d0c                debug
                0x20000d14                blackboxState.lto_priv.389
                0x20000d78                pwmIOConfiguration.lto_priv.477
 .bss           0x20000dfc      0x1c4 /tmp/ccRO0huJ.ltrans3.ltrans.o
                0x20000dfc                rxUpdateAt.lto_priv.315
                0x20000e24                rxSignalReceivedNotDataDriven.lto_priv.317
                0x20000e26                rcSampleIndex.lto_priv.447
                0x20000e70                rcInvalidPulsPeriod
                0x20000eb9                rxFlightChannelsValid.lto_priv.541
                0x20000ed4                rxConfig.lto_priv.306
                0x20000ed8                deadband3dThrottle.lto_priv.467
                0x20000edc                disarmAt.lto_priv.412
                0x20000ee3                AccInflightCalibrationMeasurementDone
                0x20000ee4                AccInflightCalibrationSavetoEEProm
                0x20000ee6                calibratingA
                0x20000ee8                InflightcalibratingA
                0x20000eea                AccInflightCalibrationActive
                0x20000eec                adjustmentStates
                0x20000f20                escAndServoConfig.lto_priv.349
                0x20000f24                magHold
                0x20000f26                headFreeModeHold
                0x20000f28                nav_mode
                0x20000f2c                gpsProfile.lto_priv.395
                0x20000f30                GPS_hold
                0x20000f3a                nav_rated.lto_priv.397
                0x20000f3e                nav.lto_priv.396
                0x20000f6c                poshold_ratePID.lto_priv.556
                0x20000f94                navPID.lto_priv.557
                0x20000fbc                isRXDataNew.lto_priv.399
                0x20000fbd                haveProcessedAnnexCodeOnce.lto_priv.388
                0x20000fbe                initialThrottleHold.lto_priv.398
 .bss           0x20000fc0       0x35 /tmp/ccRO0huJ.ltrans4.ltrans.o
 *fill*         0x20000ff5        0x3 
 .bss           0x20000ff8       0xf0 /tmp/ccRO0huJ.ltrans5.ltrans.o
                0x20000ff8                frskyTelemetryEnabled.lto_priv.553
                0x20001002                accSmooth
                0x20001008                vario
                0x2000100c                BaroAlt
                0x20001010                baroTemperature
                0x20001018                telemetryConfig.lto_priv.281
                0x2000101c                amperage
                0x20001020                GPS_speed
                0x20001022                GPS_altitude
                0x20001024                GPS_numSat
                0x20001028                GPS_coord
                0x20001030                hottTelemetryEnabled.lto_priv.551
                0x20001038                hottEAMMessage.lto_priv.438
                0x20001068                telemetryConfig.lto_priv.282
                0x2000106c                hottGPSMessage.lto_priv.439
                0x20001098                GPS_distanceToHome
                0x2000109a                GPS_directionToHome
                0x200010a4                hottPort.lto_priv.544
                0x200010b4                portConfig.lto_priv.435
                0x200010ba                smartPortTelemetryEnabled.lto_priv.548
                0x200010bc                smartPortSerialPort.lto_priv.543
                0x200010c0                smartPortState
                0x200010c4                smartPortLastRequestTime.lto_priv.549
                0x200010ca                ltmEnabled.lto_priv.546
                0x200010cc                ltmPort.lto_priv.542
                0x200010d8                EstAlt.lto_priv.297
                0x200010dc                rssi
                0x200010e0                GPS_home
 .bss           0x200010e8       0x18 /tmp/ccRO0huJ.ltrans6.ltrans.o
 .bss           0x20001100      0x6c4 /tmp/ccRO0huJ.ltrans7.ltrans.o
 .bss           0x200017c4       0xa0 /tmp/ccRO0huJ.ltrans8.ltrans.o
                0x200017c4                ledStripInitialised.lto_priv.440
                0x200017c6                ledColorBuffer.lto_priv.441
                0x20001854                ledCount
                0x20001858                rxSignalReceived.lto_priv.302
                0x20001860                highestYValueForNorth
                0x20001861                lowestXValueForEast
                0x20001862                lowestYValueForSouth
                0x20001863                highestXValueForWest
 .bss           0x20001864        0x9 /tmp/ccRO0huJ.ltrans9.ltrans.o
                0x20001864                colors
                0x20001868                ledConfigs
                0x2000186c                serialPortCount.lto_priv.356
 .bss           0x2000186d        0x7 /tmp/ccRO0huJ.ltrans10.ltrans.o
 .bss           0x20001874      0x242 /tmp/ccRO0huJ.ltrans11.ltrans.o
                0x20001a58                GPS_WP.lto_priv.559
                0x20001a60                wp_distance.lto_priv.560
                0x20001a64                target_bearing.lto_priv.561
                0x20001a68                error.lto_priv.566
                0x20001a70                posholdPID_PARAM.lto_priv.567
                0x20001a80                poshold_ratePID_PARAM.lto_priv.568
                0x20001a94                waypoint_speed_gov.lto_priv.564
                0x20001a98                original_target_bearing.lto_priv.563
                0x20001aa0                nav_bearing.lto_priv.562
                0x20001aa4                navPID_PARAM.lto_priv.569
                0x20001ab4                nav_takeoff_bearing.lto_priv.570
 *fill*         0x20001ab6        0x2 
 .bss           0x20001ab8      0x120 /tmp/ccRO0huJ.ltrans12.ltrans.o
                0x20001ab8                acc
                0x20001ac4                gyro
                0x20001ad8                mpuDetectionResult
                0x20001adc                mpuConfiguration
                0x20001ae8                mpuIntExtiConfig.lto_priv.590
                0x20001aed                gyroAlign
                0x20001aee                useFifo.lto_priv.591
                0x20001af0                ms5611_c.lto_priv.587
                0x20001b04                bmp085.lto_priv.588
                0x20001b28                baro
                0x20001b40                extiHandlerConfigs.lto_priv.257
                0x20001b5c                bmp280_cal.lto_priv.586
                0x20001b78                enabledSensors.lto_priv.225
                0x20001b7c                mpuDividerDrops
                0x20001b80                targetLooptime
                0x20001b84                hmc5883Config.lto_priv.582
                0x20001b88                mag
                0x20001b90                magneticDeclination
                0x20001b94                serialConfig.lto_priv.252
                0x20001b98                findSharedSerialPortState.lto_priv.301
                0x20001b9c                serialPortUsageList.lto_priv.251
 .bss           0x20001bd8       0x8a /tmp/ccRO0huJ.ltrans13.ltrans.o
                0x20001bd8                cliPort.lto_priv.359
                0x20001bdc                currentControlRateProfile
                0x20001be0                motor_disarmed
                0x20001bf8                gpsPort.lto_priv.299
                0x20001bfc                pageState.lto_priv.304
                0x20001c10                cliBuffer.lto_priv.361
                0x20001c40                bufferIndex.lto_priv.360
                0x20001c44                servoConf.lto_priv.258
                0x20001c48                currentProfile
                0x20001c4c                beep_multiBeeps.lto_priv.253
 .bss           0x20001c62      0x600 /tmp/ccRO0huJ.ltrans14.ltrans.o
 *fill*         0x20002262        0x2 
 .bss           0x20002264      0x2e0 /tmp/ccRO0huJ.ltrans15.ltrans.o
                0x20002264                rcCommand
                0x2000226c                attitude
                0x20002274                gyroADC
                0x20002280                PIDweight
                0x20002284                errorGyroI.lto_priv.276
                0x20002290                stateFlags
                0x20002291                motorLimitReached
                0x20002294                errorGyroILimit.lto_priv.277
                0x200022c4                axisPID
                0x200022cc                axisPID_P
                0x200022d8                axisPID_I
                0x200022e4                axisPID_D
                0x200022f0                deltaFilterState.lto_priv.278
                0x2000235e                lookupThrottleRC
                0x20002376                lookupPitchRollRC
                0x20002384                dmaHandlers.lto_priv.442
                0x20002394                usTicks.lto_priv.488
                0x20002398                beeperIsOn.lto_priv.343
                0x2000239c                beeperNextToggleTime.lto_priv.342
                0x200023a0                beeperPos.lto_priv.344
                0x200023a4                currentBeeperEntry.lto_priv.341
                0x200023a8                motor
                0x200023c0                motors.lto_priv.478
                0x200023f0                motorCount
                0x200023f4                timerConfig
                0x20002494                flight3DConfig.lto_priv.390
                0x20002498                escAndServoConfig.lto_priv.392
                0x2000249c                servoRuleCount.lto_priv.394
                0x2000249d                currentServoMixer.lto_priv.393
                0x20002510                customServoMixers.lto_priv.485
                0x20002514                q1.lto_priv.403
                0x20002518                q2.lto_priv.404
                0x2000251c                q3.lto_priv.405
                0x20002520                rMat.lto_priv.298
 .bss           0x20002544      0x120 /tmp/ccRO0huJ.ltrans16.ltrans.o
                0x20002568                uartPort3.lto_priv.574
                0x200025bc                uartPort2.lto_priv.575
                0x20002610                uartPort1.lto_priv.576
 .bss           0x20002664      0x1fc /tmp/ccRO0huJ.ltrans17.ltrans.o
                0x20002664                spekChannelData.lto_priv.340
                0x20002694                sumhChannels.lto_priv.326
                0x200026b4                sumdChannels.lto_priv.331
                0x200026d4                sbusChannelData.lto_priv.334
                0x2000271c                mspFrame.lto_priv.351
                0x20002740                captures.lto_priv.319
                0x2000275d                spekFrame.lto_priv.336
                0x2000276d                rcFrameComplete.lto_priv.335
                0x20002779                sumhFrame.lto_priv.325
                0x2000278e                sumhFrameDone.lto_priv.324
                0x20002795                sumdFrameDone.lto_priv.327
                0x20002796                crc.lto_priv.328
                0x20002798                sumdChannelCount.lto_priv.329
                0x20002799                sumd.lto_priv.330
                0x200027c5                sbusFrame.lto_priv.333
                0x200027de                sbusFrameDone.lto_priv.332
                0x200027df                xBusChannelCount.lto_priv.458
                0x200027e0                xBusFrameReceived.lto_priv.323
                0x200027e4                rxConfig.lto_priv.307
                0x200027e8                suspendRxSignalUntil.lto_priv.310
                0x200027ec                skipRxSamples.lto_priv.309
                0x200027f0                sysTickUptime.lto_priv.256
                0x200027f4                failsafeState.lto_priv.279
                0x20002818                warningLedState.lto_priv.254
                0x2000281c                warningLedTimer.lto_priv.400
                0x20002820                flightModeFlags
                0x20002824                rcModeActivationMask
                0x20002828                activeBoxIdCount.lto_priv.353
                0x20002829                activeBoxIds.lto_priv.354
                0x20002848                currentPort.lto_priv.346
                0x2000284c                writer.lto_priv.347
                0x20002850                mspSerialPort.lto_priv.348
                0x20002854                cliWriter.lto_priv.226
                0x20002858                currentControlRateProfileIndex.lto_priv.227
                0x2000285a                averageSystemLoadPercent
                0x2000285c                batteryState.lto_priv.280
                0x2000285e                i2cErrorCount.lto_priv.358
 .bss           0x20002860      0x1a4 /tmp/ccRO0huJ.ltrans18.ltrans.o
                0x20002870                barometerConfig.lto_priv.295
                0x2000294c                currentTime
                0x20002964                sonarMaxTiltCos
                0x20002968                calculatedAltitude.lto_priv.357
                0x2000296c                sonarCfAltCm
                0x20002974                sonarMaxAltWithTiltCm
                0x20002978                accSumCount
                0x2000297c                accSum
                0x20002988                accVelScale
                0x2000298c                barometerConfig.lto_priv.296
                0x20002998                AltHold
                0x2000299c                pidProfile.lto_priv.521
                0x200029a0                errorVelocityI
                0x200029a4                altHoldThrottleAdjustment
                0x200029a8                velocityControl
                0x200029ac                lastMeasurementAt.lto_priv.444
                0x200029b0                sonarHardware.lto_priv.443
                0x200029bc                magADC
                0x200029d8                magInit.lto_priv.470
                0x200029dc                gpsData
                0x200029fc                gpsConfig.lto_priv.445
 .bss           0x20002a04      0x11a /tmp/ccRO0huJ.ltrans19.ltrans.o
                0x20002a04                ibusChannelData.lto_priv.322
                0x20002a2c                xBusChannelData.lto_priv.221
                0x20002a49                ibus.lto_priv.321
                0x20002a69                ibusFrameDone.lto_priv.320
                0x20002a74                xBusFramePosition.lto_priv.456
                0x20002a75                xBusDataIncoming.lto_priv.455
                0x20002a76                xBusFrame.lto_priv.220
                0x20002a97                xBusFrameLength.lto_priv.457
                0x20002a98                xBusProvider.lto_priv.459
                0x20002a9c                pidProfile.lto_priv.303
                0x20002aa0                activeFeaturesLatch.lto_priv.223
                0x20002ab0                boardRotation.lto_priv.474
                0x20002ad4                batteryConfig
                0x20002ad8                mAhDrawn
                0x20002adc                adcConfig
                0x20002aec                adcValues
                0x20002af4                vbatLatestADC
                0x20002af8                vbatFilterState.lto_priv.430
                0x20002b1c                vbat
 *fill*         0x20002b1e        0x2 
 .bss           0x20002b20       0x40 /tmp/ccRO0huJ.ltrans20.ltrans.o
                0x20002b44                GPS_packetCount
                0x20002b4c                GPS_svInfoReceivedCount
                0x20002b58                GPS_garbageByteCount
 .bss           0x20002b60        0x5 /tmp/ccRO0huJ.ltrans21.ltrans.o
                0x20002b60                I2Cx.lto_priv.584
                0x20002b64                I2Cx_index.lto_priv.585
 .bss           0x20002b65       0x82 /tmp/ccRO0huJ.ltrans22.ltrans.o
                0x20002b65                bufferHead.lto_priv.534
                0x20002b66                bufferTail.lto_priv.571
                0x20002b67                flashWriteBuffer.lto_priv.535
 *fill*         0x20002be7        0x1 
 .bss           0x20002be8       0x2c /tmp/ccRO0huJ.ltrans23.ltrans.o
                0x20002bed                rxMspFrameDone.lto_priv.352
                0x20002bee                ppmFrameCount.lto_priv.579
                0x20002bf4                batteryWarningVoltage
                0x20002bf6                batteryCriticalVoltage
                0x20002c00                amperageLatestADC
                0x20002c10                armingBeepTimeMicros.lto_priv.418
 .bss           0x20002c14       0x78 /tmp/ccRO0huJ.ltrans24.ltrans.o
                0x20002c24                dynP8
                0x20002c3c                dynD8
                0x20002c40                errorGyroIf.lto_priv.305
                0x20002c4c                dT
                0x20002c88                failsafeConfig.lto_priv.308
 .bss           0x20002c8c       0x21 /tmp/ccRO0huJ.ltrans25.ltrans.o
 *fill*         0x20002cad        0x3 
 .bss           0x20002cb0      0x19d /tmp/ccRO0huJ.ltrans26.ltrans.o
                0x20002cb0                gpsHistory.lto_priv.536
                0x20002cc4                blackboxHistory.lto_priv.538
                0x20002cd0                blackboxHistoryRing.lto_priv.539
                0x20002e44                blackboxIFrameIndex.lto_priv.537
                0x20002e48                blackboxLastArmingBeep.lto_priv.540
                0x20002e4c                systemState.lto_priv.425
 *fill*         0x20002e4d        0x3 
 .bss           0x20002e50      0x8ec /tmp/ccRO0huJ.ltrans27.ltrans.o
                0x20002e50                string.8069.lto_priv.558
                0x20002e60                rcData
                0x20002e84                mspPorts.lto_priv.224
                0x20002f1c                masterConfig
                0x20003734                rxRuntimeConfigPtr.lto_priv.338
                0x20003738                rxRuntimeConfig
                0x20003739                spek_chan_shift.lto_priv.337
                0x2000373a                spek_chan_mask.lto_priv.339
                0x2000373b                spekHiRes.lto_priv.222
 .bss           0x2000373c       0x35 /tmp/ccRO0huJ.ltrans28.ltrans.o
                0x2000373c                accADC
                0x20003748                accelerationTrims.lto_priv.527
                0x20003770                isAccelUpdatedAtLeastOnce.lto_priv.401
 *(SORT(.bss*))
 *fill*         0x20003771        0x3 
 .bss.systemBeepPtr
                0x20003774        0x4 /tmp/ccRO0huJ.ltrans15.ltrans.o
                0x20003774                systemBeepPtr
 .bss.accTimeSum
                0x20003778        0x4 /tmp/ccRO0huJ.ltrans18.ltrans.o
                0x20003778                accTimeSum
 .bss.setVelocity
                0x2000377c        0x4 /tmp/ccRO0huJ.ltrans18.ltrans.o
                0x2000377c                setVelocity
 .bss.__malloc_sbrk_start
                0x20003780        0x4 /usr/lib/gcc/arm-none-eabi/4.9.3/../../../arm-none-eabi/lib/armv7-m/libc_nano.a(lib_a-nano-mallocr.o)
                0x20003780                __malloc_sbrk_start
 .bss.__malloc_free_list
                0x20003784        0x4 /usr/lib/gcc/arm-none-eabi/4.9.3/../../../arm-none-eabi/lib/armv7-m/libc_nano.a(lib_a-nano-mallocr.o)
                0x20003784                __malloc_free_list
 .bss.heap_end.4079
                0x20003788        0x4 /usr/lib/gcc/arm-none-eabi/4.9.3/../../../arm-none-eabi/lib/armv7-m/libnosys.a(sbrk.o)
 .bss.calibratingG
                0x2000378c        0x2 /tmp/ccRO0huJ.ltrans3.ltrans.o
                0x2000378c                calibratingG
 .bss.GPS_angle
                0x2000378e        0x4 /tmp/ccRO0huJ.ltrans15.ltrans.o
                0x2000378e                GPS_angle
 .bss.cycleTime
                0x20003792        0x2 /tmp/ccRO0huJ.ltrans17.ltrans.o
                0x20003792                cycleTime
 .bss.calibratingB
                0x20003794        0x2 /tmp/ccRO0huJ.ltrans18.ltrans.o
                0x20003794                calibratingB
 .bss.ws2811LedDataTransferInProgress
                0x20003796        0x1 /tmp/ccRO0huJ.ltrans8.ltrans.o
                0x20003796                ws2811LedDataTransferInProgress
 .bss.accAlign  0x20003797        0x1 /tmp/ccRO0huJ.ltrans12.ltrans.o
                0x20003797                accAlign
 .bss.hardwareRevision
                0x20003798        0x1 /tmp/ccRO0huJ.ltrans12.ltrans.o
                0x20003798                hardwareRevision
 .bss.magAlign  0x20003799        0x1 /tmp/ccRO0huJ.ltrans12.ltrans.o
                0x20003799                magAlign
 .bss.cliMode   0x2000379a        0x1 /tmp/ccRO0huJ.ltrans13.ltrans.o
                0x2000379a                cliMode
 .bss.armingFlags
                0x2000379b        0x1 /tmp/ccRO0huJ.ltrans17.ltrans.o
                0x2000379b                armingFlags
 .bss.CHAR_FORMAT
                0x2000379c        0x1 /tmp/ccRO0huJ.ltrans21.ltrans.o
 *(COMMON)
 *fill*         0x2000379d        0x3 
 COMMON         0x200037a0        0x4 /usr/lib/gcc/arm-none-eabi/4.9.3/../../../arm-none-eabi/lib/armv7-m/libc_nano.a(lib_a-reent.o)
                0x200037a0                errno
                0x200037a4                . = ALIGN (0x4)
                0x200037a4                _ebss = .
                0x200037a4                __bss_end__ = _ebss

._user_heap_stack
                0x200037a4      0x400 load address 0x0801d9b0
                0x200037a4                . = ALIGN (0x4)
                0x200037a4                PROVIDE (end, .)
                [!provide]                PROVIDE (_end, .)
                0x200037a4                . = (. + _Min_Heap_Size)
                0x20003ba4                . = (. + _Min_Stack_Size)
 *fill*         0x200037a4      0x400 
                0x20003ba4                . = ALIGN (0x4)

.memory_b1_text
 *(.mb1text)
 *(.mb1text*)
 *(.mb1rodata)
 *(.mb1rodata*)

/DISCARD/
 libc.a(*)
 libm.a(*)
 libgcc.a(*)

.ARM.attributes
                0x00000000       0x2f
 *(.ARM.attributes)
 .ARM.attributes
                0x00000000       0x21 obj/main/NAZE/startup_stm32f10x_md_gcc.o
 .ARM.attributes
                0x00000021       0x31 /tmp/ccRO0huJ.ltrans0.ltrans.o
 .ARM.attributes
                0x00000052       0x31 /tmp/ccRO0huJ.ltrans1.ltrans.o
 .ARM.attributes
                0x00000083       0x31 /tmp/ccRO0huJ.ltrans2.ltrans.o
 .ARM.attributes
                0x000000b4       0x31 /tmp/ccRO0huJ.ltrans3.ltrans.o
 .ARM.attributes
                0x000000e5       0x31 /tmp/ccRO0huJ.ltrans4.ltrans.o
 .ARM.attributes
                0x00000116       0x31 /tmp/ccRO0huJ.ltrans5.ltrans.o
 .ARM.attributes
                0x00000147       0x31 /tmp/ccRO0huJ.ltrans6.ltrans.o
 .ARM.attributes
                0x00000178       0x31 /tmp/ccRO0huJ.ltrans7.ltrans.o
 .ARM.attributes
                0x000001a9       0x31 /tmp/ccRO0huJ.ltrans8.ltrans.o
 .ARM.attributes
                0x000001da       0x31 /tmp/ccRO0huJ.ltrans9.ltrans.o
 .ARM.attributes
                0x0000020b       0x31 /tmp/ccRO0huJ.ltrans10.ltrans.o
 .ARM.attributes
                0x0000023c       0x31 /tmp/ccRO0huJ.ltrans11.ltrans.o
 .ARM.attributes
                0x0000026d       0x31 /tmp/ccRO0huJ.ltrans12.ltrans.o
 .ARM.attributes
                0x0000029e       0x31 /tmp/ccRO0huJ.ltrans13.ltrans.o
 .ARM.attributes
                0x000002cf       0x31 /tmp/ccRO0huJ.ltrans14.ltrans.o
 .ARM.attributes
                0x00000300       0x31 /tmp/ccRO0huJ.ltrans15.ltrans.o
 .ARM.attributes
                0x00000331       0x31 /tmp/ccRO0huJ.ltrans16.ltrans.o
 .ARM.attributes
                0x00000362       0x31 /tmp/ccRO0huJ.ltrans17.ltrans.o
 .ARM.attributes
                0x00000393       0x31 /tmp/ccRO0huJ.ltrans18.ltrans.o
 .ARM.attributes
                0x000003c4       0x31 /tmp/ccRO0huJ.ltrans19.ltrans.o
 .ARM.attributes
                0x000003f5       0x31 /tmp/ccRO0huJ.ltrans20.ltrans.o
 .ARM.attributes
                0x00000426       0x31 /tmp/ccRO0huJ.ltrans21.ltrans.o
 .ARM.attributes
                0x00000457       0x31 /tmp/ccRO0huJ.ltrans22.ltrans.o
 .ARM.attributes
                0x00000488       0x31 /tmp/ccRO0huJ.ltrans23.ltrans.o
 .ARM.attributes
                0x000004b9       0x31 /tmp/ccRO0huJ.ltrans24.ltrans.o
 .ARM.attributes
                0x000004ea       0x31 /tmp/ccRO0huJ.ltrans25.ltrans.o
 .ARM.attributes
                0x0000051b       0x31 /tmp/ccRO0huJ.ltrans26.ltrans.o
 .ARM.attributes
                0x0000054c       0x31 /tmp/ccRO0huJ.ltrans27.ltrans.o
 .ARM.attributes
                0x0000057d       0x31 /tmp/ccRO0huJ.ltrans28.ltrans.o
 .ARM.attributes
                0x000005ae       0x2d /usr/lib/gcc/arm-none-eabi/4.9.3/../../../arm-none-eabi/lib/armv7-m/libc_nano.a(lib_a-atoi.o)
 .ARM.attributes
                0x000005db       0x2d /usr/lib/gcc/arm-none-eabi/4.9.3/../../../arm-none-eabi/lib/armv7-m/libc_nano.a(lib_a-ctype_.o)
 .ARM.attributes
                0x00000608       0x2d /usr/lib/gcc/arm-none-eabi/4.9.3/../../../arm-none-eabi/lib/armv7-m/libc_nano.a(lib_a-strtok.o)
 .ARM.attributes
                0x00000635       0x2d /usr/lib/gcc/arm-none-eabi/4.9.3/../../../arm-none-eabi/lib/armv7-m/libc_nano.a(lib_a-strtok_r.o)
 .ARM.attributes
                0x00000662       0x2d /usr/lib/gcc/arm-none-eabi/4.9.3/../../../arm-none-eabi/lib/armv7-m/libc_nano.a(lib_a-strtol.o)
 .ARM.attributes
                0x0000068f       0x2d /usr/lib/gcc/arm-none-eabi/4.9.3/../../../arm-none-eabi/lib/armv7-m/libc_nano.a(lib_a-impure.o)
 .ARM.attributes
                0x000006bc       0x2d /usr/lib/gcc/arm-none-eabi/4.9.3/../../../arm-none-eabi/lib/armv7-m/libc_nano.a(lib_a-malloc.o)
 .ARM.attributes
                0x000006e9       0x2d /usr/lib/gcc/arm-none-eabi/4.9.3/../../../arm-none-eabi/lib/armv7-m/libc_nano.a(lib_a-nano-mallocr.o)
 .ARM.attributes
                0x00000716       0x2d /usr/lib/gcc/arm-none-eabi/4.9.3/../../../arm-none-eabi/lib/armv7-m/libc_nano.a(lib_a-sbrkr.o)
 .ARM.attributes
                0x00000743       0x2d /usr/lib/gcc/arm-none-eabi/4.9.3/../../../arm-none-eabi/lib/armv7-m/libc_nano.a(lib_a-reent.o)
 .ARM.attributes
                0x00000770       0x2d /usr/lib/gcc/arm-none-eabi/4.9.3/../../../arm-none-eabi/lib/armv7-m/libnosys.a(sbrk.o)
 .ARM.attributes
                0x0000079d       0x2d /usr/lib/gcc/arm-none-eabi/4.9.3/../../../arm-none-eabi/lib/armv7-m/libm.a(lib_a-sf_lrint.o)
 .ARM.attributes
                0x000007ca       0x2d /usr/lib/gcc/arm-none-eabi/4.9.3/../../../arm-none-eabi/lib/armv7-m/libm.a(lib_a-wf_pow.o)
 .ARM.attributes
                0x000007f7       0x2d /usr/lib/gcc/arm-none-eabi/4.9.3/../../../arm-none-eabi/lib/armv7-m/libm.a(lib_a-wf_sqrt.o)
 .ARM.attributes
                0x00000824       0x2d /usr/lib/gcc/arm-none-eabi/4.9.3/../../../arm-none-eabi/lib/armv7-m/libm.a(lib_a-ef_pow.o)
 .ARM.attributes
                0x00000851       0x2d /usr/lib/gcc/arm-none-eabi/4.9.3/../../../arm-none-eabi/lib/armv7-m/libm.a(lib_a-ef_sqrt.o)
 .ARM.attributes
                0x0000087e       0x2d /usr/lib/gcc/arm-none-eabi/4.9.3/../../../arm-none-eabi/lib/armv7-m/libm.a(lib_a-s_lib_ver.o)
 .ARM.attributes
                0x000008ab       0x2d /usr/lib/gcc/arm-none-eabi/4.9.3/../../../arm-none-eabi/lib/armv7-m/libm.a(lib_a-s_matherr.o)
 .ARM.attributes
                0x000008d8       0x2d /usr/lib/gcc/arm-none-eabi/4.9.3/../../../arm-none-eabi/lib/armv7-m/libm.a(lib_a-s_rint.o)
 .ARM.attributes
                0x00000905       0x2d /usr/lib/gcc/arm-none-eabi/4.9.3/../../../arm-none-eabi/lib/armv7-m/libm.a(lib_a-sf_fabs.o)
 .ARM.attributes
                0x00000932       0x2d /usr/lib/gcc/arm-none-eabi/4.9.3/../../../arm-none-eabi/lib/armv7-m/libm.a(lib_a-sf_finite.o)
 .ARM.attributes
                0x0000095f       0x2d /usr/lib/gcc/arm-none-eabi/4.9.3/../../../arm-none-eabi/lib/armv7-m/libm.a(lib_a-sf_fpclassify.o)
 .ARM.attributes
                0x0000098c       0x2d /usr/lib/gcc/arm-none-eabi/4.9.3/../../../arm-none-eabi/lib/armv7-m/libm.a(lib_a-sf_nan.o)
 .ARM.attributes
                0x000009b9       0x2d /usr/lib/gcc/arm-none-eabi/4.9.3/../../../arm-none-eabi/lib/armv7-m/libm.a(lib_a-sf_scalbn.o)
 .ARM.attributes
                0x000009e6       0x2d /usr/lib/gcc/arm-none-eabi/4.9.3/../../../arm-none-eabi/lib/armv7-m/libm.a(lib_a-sf_copysign.o)
 .ARM.attributes