Archive member included to satisfy reference by file (symbol)

/usr/lib/gcc/arm-none-eabi/6.3.1/../../../arm-none-eabi/lib/thumb/v7-m/libc_nano.a(lib_a-atoi.o)
                              obj/main/NAZE/../controller/fc/cli.o (symbol from plugin) (atoi)
/usr/lib/gcc/arm-none-eabi/6.3.1/../../../arm-none-eabi/lib/thumb/v7-m/libc_nano.a(lib_a-ctype_.o)
                              obj/main/NAZE/../controller/fc/cli.o (symbol from plugin) (__ctype_ptr__)
/usr/lib/gcc/arm-none-eabi/6.3.1/../../../arm-none-eabi/lib/thumb/v7-m/libc_nano.a(lib_a-memcpy.o)
                              obj/main/NAZE/../controller/io/ledstrip.o (symbol from plugin) (memcpy)
/usr/lib/gcc/arm-none-eabi/6.3.1/../../../arm-none-eabi/lib/thumb/v7-m/libc_nano.a(lib_a-strtok_r.o)
                              obj/main/NAZE/../controller/fc/cli.o (symbol from plugin) (strtok_r)
/usr/lib/gcc/arm-none-eabi/6.3.1/../../../arm-none-eabi/lib/thumb/v7-m/libc_nano.a(lib_a-strtol.o)
                              /usr/lib/gcc/arm-none-eabi/6.3.1/../../../arm-none-eabi/lib/thumb/v7-m/libc_nano.a(lib_a-atoi.o) (_strtol_r)
/usr/lib/gcc/arm-none-eabi/6.3.1/../../../arm-none-eabi/lib/thumb/v7-m/libc_nano.a(lib_a-impure.o)
                              /usr/lib/gcc/arm-none-eabi/6.3.1/../../../arm-none-eabi/lib/thumb/v7-m/libc_nano.a(lib_a-strtol.o) (_impure_ptr)
/usr/lib/gcc/arm-none-eabi/6.3.1/../../../arm-none-eabi/lib/thumb/v7-m/libm.a(lib_a-sf_ceil.o)
                              /tmp/ccND6UJK.ltrans0.ltrans.o (ceilf)
/usr/lib/gcc/arm-none-eabi/6.3.1/../../../arm-none-eabi/lib/thumb/v7-m/libm.a(lib_a-sf_log2.o)
                              /tmp/ccND6UJK.ltrans5.ltrans.o (log2f)
/usr/lib/gcc/arm-none-eabi/6.3.1/../../../arm-none-eabi/lib/thumb/v7-m/libm.a(lib_a-sf_lrint.o)
                              /tmp/ccND6UJK.ltrans1.ltrans.o (lrintf)
/usr/lib/gcc/arm-none-eabi/6.3.1/../../../arm-none-eabi/lib/thumb/v7-m/libm.a(lib_a-wf_log.o)
                              /usr/lib/gcc/arm-none-eabi/6.3.1/../../../arm-none-eabi/lib/thumb/v7-m/libm.a(lib_a-sf_log2.o) (logf)
/usr/lib/gcc/arm-none-eabi/6.3.1/../../../arm-none-eabi/lib/thumb/v7-m/libm.a(lib_a-wf_pow.o)
                              /tmp/ccND6UJK.ltrans5.ltrans.o (powf)
/usr/lib/gcc/arm-none-eabi/6.3.1/../../../arm-none-eabi/lib/thumb/v7-m/libm.a(lib_a-wf_sqrt.o)
                              /tmp/ccND6UJK.ltrans1.ltrans.o (sqrtf)
/usr/lib/gcc/arm-none-eabi/6.3.1/../../../arm-none-eabi/lib/thumb/v7-m/libm.a(lib_a-ef_log.o)
                              /usr/lib/gcc/arm-none-eabi/6.3.1/../../../arm-none-eabi/lib/thumb/v7-m/libm.a(lib_a-wf_log.o) (__ieee754_logf)
/usr/lib/gcc/arm-none-eabi/6.3.1/../../../arm-none-eabi/lib/thumb/v7-m/libm.a(lib_a-ef_pow.o)
                              /usr/lib/gcc/arm-none-eabi/6.3.1/../../../arm-none-eabi/lib/thumb/v7-m/libm.a(lib_a-wf_pow.o) (__ieee754_powf)
/usr/lib/gcc/arm-none-eabi/6.3.1/../../../arm-none-eabi/lib/thumb/v7-m/libm.a(lib_a-ef_sqrt.o)
                              /usr/lib/gcc/arm-none-eabi/6.3.1/../../../arm-none-eabi/lib/thumb/v7-m/libm.a(lib_a-wf_sqrt.o) (__ieee754_sqrtf)
/usr/lib/gcc/arm-none-eabi/6.3.1/../../../arm-none-eabi/lib/thumb/v7-m/libm.a(lib_a-s_lib_ver.o)
                              /usr/lib/gcc/arm-none-eabi/6.3.1/../../../arm-none-eabi/lib/thumb/v7-m/libm.a(lib_a-wf_log.o) (__fdlib_version)
/usr/lib/gcc/arm-none-eabi/6.3.1/../../../arm-none-eabi/lib/thumb/v7-m/libm.a(lib_a-s_matherr.o)
                              /usr/lib/gcc/arm-none-eabi/6.3.1/../../../arm-none-eabi/lib/thumb/v7-m/libm.a(lib_a-wf_log.o) (matherr)
/usr/lib/gcc/arm-none-eabi/6.3.1/../../../arm-none-eabi/lib/thumb/v7-m/libm.a(lib_a-s_nan.o)
                              /usr/lib/gcc/arm-none-eabi/6.3.1/../../../arm-none-eabi/lib/thumb/v7-m/libm.a(lib_a-wf_log.o) (nan)
/usr/lib/gcc/arm-none-eabi/6.3.1/../../../arm-none-eabi/lib/thumb/v7-m/libm.a(lib_a-s_rint.o)
                              /usr/lib/gcc/arm-none-eabi/6.3.1/../../../arm-none-eabi/lib/thumb/v7-m/libm.a(lib_a-wf_pow.o) (rint)
/usr/lib/gcc/arm-none-eabi/6.3.1/../../../arm-none-eabi/lib/thumb/v7-m/libm.a(lib_a-sf_fabs.o)
                              /usr/lib/gcc/arm-none-eabi/6.3.1/../../../arm-none-eabi/lib/thumb/v7-m/libm.a(lib_a-ef_pow.o) (fabsf)
/usr/lib/gcc/arm-none-eabi/6.3.1/../../../arm-none-eabi/lib/thumb/v7-m/libm.a(lib_a-sf_finite.o)
                              /usr/lib/gcc/arm-none-eabi/6.3.1/../../../arm-none-eabi/lib/thumb/v7-m/libm.a(lib_a-wf_pow.o) (finitef)
/usr/lib/gcc/arm-none-eabi/6.3.1/../../../arm-none-eabi/lib/thumb/v7-m/libm.a(lib_a-sf_nan.o)
                              /usr/lib/gcc/arm-none-eabi/6.3.1/../../../arm-none-eabi/lib/thumb/v7-m/libm.a(lib_a-ef_pow.o) (nanf)
/usr/lib/gcc/arm-none-eabi/6.3.1/../../../arm-none-eabi/lib/thumb/v7-m/libm.a(lib_a-sf_scalbn.o)
                              /usr/lib/gcc/arm-none-eabi/6.3.1/../../../arm-none-eabi/lib/thumb/v7-m/libm.a(lib_a-ef_pow.o) (scalbnf)
[...]
Memory Configuration

Name             Origin             Length             Attributes
FLASH            0x0000000008000000 0x000000000001f800 xr
FLASH_CONFIG     0x000000000801f800 0x0000000000000800 r
RAM              0x0000000020000000 0x0000000000005000 xrw
MEMORY_B1        0x0000000060000000 0x0000000000000000 xr
*default*        0x0000000000000000 0xffffffffffffffff

Linker script and memory map

LOAD obj/main/NAZE/startup_stm32f10x_md_gcc.o
LOAD obj/main/NAZE/drivers/adc_stm32f10x.o
LOAD /tmp/ccND6UJK.ltrans0.ltrans.o
LOAD /tmp/ccND6UJK.ltrans1.ltrans.o
LOAD /tmp/ccND6UJK.ltrans2.ltrans.o
LOAD /tmp/ccND6UJK.ltrans3.ltrans.o
LOAD /tmp/ccND6UJK.ltrans4.ltrans.o
LOAD /tmp/ccND6UJK.ltrans5.ltrans.o
LOAD /tmp/ccND6UJK.ltrans6.ltrans.o
LOAD /tmp/ccND6UJK.ltrans7.ltrans.o
LOAD /tmp/ccND6UJK.ltrans8.ltrans.o
LOAD /tmp/ccND6UJK.ltrans9.ltrans.o
LOAD /tmp/ccND6UJK.ltrans10.ltrans.o
LOAD /tmp/ccND6UJK.ltrans11.ltrans.o
LOAD /tmp/ccND6UJK.ltrans12.ltrans.o
LOAD /tmp/ccND6UJK.ltrans13.ltrans.o
LOAD /tmp/ccND6UJK.ltrans14.ltrans.o
LOAD /tmp/ccND6UJK.ltrans15.ltrans.o
LOAD /tmp/ccND6UJK.ltrans16.ltrans.o
LOAD /tmp/ccND6UJK.ltrans17.ltrans.o
LOAD /tmp/ccND6UJK.ltrans18.ltrans.o
LOAD /tmp/ccND6UJK.ltrans19.ltrans.o
LOAD /tmp/ccND6UJK.ltrans20.ltrans.o
LOAD /tmp/ccND6UJK.ltrans21.ltrans.o
LOAD /tmp/ccND6UJK.ltrans22.ltrans.o
LOAD /tmp/ccND6UJK.ltrans23.ltrans.o
LOAD /tmp/ccND6UJK.ltrans24.ltrans.o
LOAD /tmp/ccND6UJK.ltrans25.ltrans.o
LOAD /tmp/ccND6UJK.ltrans26.ltrans.o
LOAD /tmp/ccND6UJK.ltrans27.ltrans.o
LOAD /tmp/ccND6UJK.ltrans28.ltrans.o
LOAD /tmp/ccND6UJK.ltrans29.ltrans.o
LOAD /tmp/ccND6UJK.ltrans30.ltrans.o
LOAD /tmp/ccND6UJK.ltrans31.ltrans.o
LOAD obj/main/NAZE/drivers/bus_i2c_stm32f10x.o
LOAD obj/main/NAZE/drivers/dma.o
LOAD obj/main/NAZE/drivers/inverter.o
LOAD obj/main/NAZE/drivers/light_ws2811strip_stdperiph.o
LOAD obj/main/NAZE/drivers/serial_uart_init.o
LOAD obj/main/NAZE/drivers/serial_uart_stm32f10x.o
LOAD obj/main/NAZE/drivers/system_stm32f10x.o
LOAD obj/main/NAZE/drivers/timer_stm32f10x.o
LOAD obj/main/NAZE/drivers/accgyro/accgyro_adxl345.o
LOAD obj/main/NAZE/drivers/accgyro/accgyro_bma280.o
LOAD obj/main/NAZE/drivers/accgyro/accgyro_l3g4200d.o
LOAD obj/main/NAZE/drivers/accgyro/accgyro_mma845x.o
LOAD obj/main/NAZE/drivers/accgyro/accgyro_mpu.o
LOAD obj/main/NAZE/drivers/accgyro/accgyro_mpu3050.o
LOAD obj/main/NAZE/drivers/accgyro/accgyro_mpu6050.o
LOAD obj/main/NAZE/drivers/accgyro/accgyro_mpu6500.o
LOAD obj/main/NAZE/drivers/accgyro/accgyro_spi_mpu6500.o
LOAD obj/main/NAZE/drivers/barometer/barometer_bmp085.o
LOAD obj/main/NAZE/drivers/barometer/barometer_bmp280.o
LOAD obj/main/NAZE/drivers/barometer/barometer_ms5611.o
LOAD obj/main/NAZE/drivers/compass/compass_hmc5883l.o
LOAD obj/main/NAZE/drivers/flash_m25p16.o
LOAD obj/main/NAZE/../controller/io/flashfs.o
LOAD obj/main/NAZE/build/build_config.o
LOAD obj/main/NAZE/build/debug.o
LOAD obj/main/NAZE/build/version.o
LOAD obj/main/NAZE/initialisation.o
LOAD obj/main/NAZE/target.o
LOAD obj/main/NAZE/config.o
LOAD obj/main/NAZE/hardware_revision.o
LOAD obj/main/NAZE/main.o
LOAD obj/main/NAZE/../controller/common/bitarray.o
LOAD obj/main/NAZE/../controller/common/crc.o
LOAD obj/main/NAZE/../controller/common/encoding.o
LOAD obj/main/NAZE/../controller/common/filter.o
LOAD obj/main/NAZE/../controller/common/huffman.o
LOAD obj/main/NAZE/../controller/common/huffman_table.o
LOAD obj/main/NAZE/../controller/common/maths.o
LOAD obj/main/NAZE/../controller/common/printf.o
LOAD obj/main/NAZE/../controller/common/streambuf.o
LOAD obj/main/NAZE/../controller/common/typeconversion.o
LOAD obj/main/NAZE/../controller/config/config_eeprom.o
LOAD obj/main/NAZE/../controller/config/feature.o
LOAD obj/main/NAZE/../controller/config/parameter_group.o
LOAD obj/main/NAZE/../controller/config/config_streamer.o
LOAD obj/main/NAZE/drivers/adc.o
LOAD obj/main/NAZE/drivers/buf_writer.o
LOAD obj/main/NAZE/drivers/bus.o
LOAD obj/main/NAZE/drivers/bus_i2c_config.o
LOAD obj/main/NAZE/drivers/bus_i2c_busdev.o
LOAD obj/main/NAZE/drivers/bus_i2c_soft.o
LOAD obj/main/NAZE/drivers/bus_spi.o
LOAD obj/main/NAZE/drivers/bus_spi_config.o
LOAD obj/main/NAZE/drivers/bus_spi_pinconfig.o
LOAD obj/main/NAZE/drivers/bus_spi_soft.o
LOAD obj/main/NAZE/drivers/buttons.o
LOAD obj/main/NAZE/drivers/display.o
LOAD obj/main/NAZE/drivers/exti.o
LOAD obj/main/NAZE/drivers/io.o
LOAD obj/main/NAZE/drivers/light_led.o
LOAD obj/main/NAZE/drivers/resource.o
LOAD obj/main/NAZE/drivers/rcc.o
LOAD obj/main/NAZE/drivers/serial.o
LOAD obj/main/NAZE/drivers/serial_pinconfig.o
LOAD obj/main/NAZE/drivers/serial_uart.o
LOAD obj/main/NAZE/drivers/serial_uart_pinconfig.o
LOAD obj/main/NAZE/drivers/sound_beeper.o
LOAD obj/main/NAZE/drivers/stack_check.o
LOAD obj/main/NAZE/drivers/system.o
LOAD obj/main/NAZE/drivers/timer.o
LOAD obj/main/NAZE/drivers/transponder_ir.o
LOAD obj/main/NAZE/drivers/transponder_ir_arcitimer.o
LOAD obj/main/NAZE/drivers/transponder_ir_ilap.o
LOAD obj/main/NAZE/drivers/transponder_ir_erlt.o
LOAD obj/main/NAZE/../controller/fc/config.o
LOAD obj/main/NAZE/../controller/fc/fc_dispatch.o
LOAD obj/main/NAZE/../controller/fc/fc_hardfaults.o
LOAD obj/main/NAZE/../controller/fc/fc_msp.o
LOAD obj/main/NAZE/../controller/fc/fc_msp_box.o
LOAD obj/main/NAZE/../controller/fc/fc_tasks.o
LOAD obj/main/NAZE/../controller/fc/runtime_config.o
LOAD obj/main/NAZE/../controller/io/beeper.o
LOAD obj/main/NAZE/../controller/io/serial.o
LOAD obj/main/NAZE/../controller/io/statusindicator.o
LOAD obj/main/NAZE/../controller/io/transponder_ir.o
LOAD obj/main/NAZE/../controller/msp/msp_serial.o
LOAD obj/main/NAZE/../controller/scheduler/scheduler.o
LOAD obj/main/NAZE/../controller/sensors/battery.o
LOAD obj/main/NAZE/../controller/sensors/current.o
LOAD obj/main/NAZE/../controller/sensors/voltage.o
LOAD obj/main/NAZE/../controller/pif_linker.o
LOAD obj/main/NAZE/../controller/fc/fc_init.o
LOAD obj/main/NAZE/../controller/fc/controlrate_profile.o
LOAD obj/main/NAZE/drivers/camera_control.o
LOAD obj/main/NAZE/drivers/gyro_sync.o
LOAD obj/main/NAZE/drivers/rx_nrf24l01.o
LOAD obj/main/NAZE/drivers/rx_spi.o
LOAD obj/main/NAZE/drivers/rx_xn297.o
LOAD obj/main/NAZE/drivers/pwm_esc_detect.o
LOAD obj/main/NAZE/drivers/pwm_output.o
LOAD obj/main/NAZE/drivers/rx_pwm.o
LOAD obj/main/NAZE/drivers/serial_softserial.o
LOAD obj/main/NAZE/../controller/fc/fc_core.o
LOAD obj/main/NAZE/../controller/fc/fc_rc.o
LOAD obj/main/NAZE/../controller/fc/rc_adjustments.o
LOAD obj/main/NAZE/../controller/fc/rc_controls.o
LOAD obj/main/NAZE/../controller/fc/rc_modes.o
LOAD obj/main/NAZE/../controller/fc/cli.o
LOAD obj/main/NAZE/../controller/fc/settings.o
LOAD obj/main/NAZE/../controller/flight/altitude.o
LOAD obj/main/NAZE/../controller/flight/failsafe.o
LOAD obj/main/NAZE/../controller/flight/imu.o
LOAD obj/main/NAZE/../controller/flight/mixer.o
LOAD obj/main/NAZE/../controller/flight/pid.o
LOAD obj/main/NAZE/../controller/flight/servos.o
LOAD obj/main/NAZE/../controller/io/serial_4way.o
LOAD obj/main/NAZE/../controller/io/serial_4way_avrootloader.o
LOAD obj/main/NAZE/../controller/io/serial_4way_stk500v2.o
LOAD obj/main/NAZE/../controller/rx/ibus.o
LOAD obj/main/NAZE/../controller/rx/jetiexbus.o
LOAD obj/main/NAZE/../controller/rx/msp.o
LOAD obj/main/NAZE/../controller/rx/nrf24_cx10.o
LOAD obj/main/NAZE/../controller/rx/nrf24_inav.o
LOAD obj/main/NAZE/../controller/rx/nrf24_h8_3d.o
LOAD obj/main/NAZE/../controller/rx/nrf24_syma.o
LOAD obj/main/NAZE/../controller/rx/nrf24_v202.o
LOAD obj/main/NAZE/../controller/rx/pwm.o
LOAD obj/main/NAZE/../controller/rx/rx.o
LOAD obj/main/NAZE/../controller/rx/rx_spi.o
LOAD obj/main/NAZE/../controller/rx/crsf.o
LOAD obj/main/NAZE/../controller/rx/sbus.o
LOAD obj/main/NAZE/../controller/rx/spektrum.o
LOAD obj/main/NAZE/../controller/rx/sumd.o
LOAD obj/main/NAZE/../controller/rx/sumh.o
LOAD obj/main/NAZE/../controller/rx/xbus.o
LOAD obj/main/NAZE/../controller/sensors/acceleration.o
LOAD obj/main/NAZE/../controller/sensors/boardalignment.o
LOAD obj/main/NAZE/../controller/sensors/compass.o
LOAD obj/main/NAZE/../controller/sensors/gyro.o
LOAD obj/main/NAZE/../controller/sensors/gyroanalyse.o
LOAD obj/main/NAZE/../controller/sensors/initialisation.o
LOAD obj/main/NAZE/../controller/blackbox/blackbox.o
LOAD obj/main/NAZE/../controller/blackbox/blackbox_encoding.o
LOAD obj/main/NAZE/../controller/blackbox/blackbox_io.o
LOAD obj/main/NAZE/../controller/cms/cms.o
LOAD obj/main/NAZE/../controller/cms/cms_menu_blackbox.o
LOAD obj/main/NAZE/../controller/cms/cms_menu_builtin.o
LOAD obj/main/NAZE/../controller/cms/cms_menu_imu.o
LOAD obj/main/NAZE/../controller/cms/cms_menu_ledstrip.o
LOAD obj/main/NAZE/../controller/cms/cms_menu_misc.o
LOAD obj/main/NAZE/../controller/cms/cms_menu_osd.o
LOAD obj/main/NAZE/../controller/cms/cms_menu_vtx_rtc6705.o
LOAD obj/main/NAZE/../controller/cms/cms_menu_vtx_smartaudio.o
LOAD obj/main/NAZE/../controller/cms/cms_menu_vtx_tramp.o
LOAD obj/main/NAZE/../controller/common/colorconversion.o
LOAD obj/main/NAZE/../controller/common/gps_conversion.o
LOAD obj/main/NAZE/drivers/display_ug2864hsweg01.o
LOAD obj/main/NAZE/drivers/light_ws2811strip.o
LOAD obj/main/NAZE/drivers/serial_escserial.o
LOAD obj/main/NAZE/drivers/sonar_hcsr04.o
LOAD obj/main/NAZE/drivers/vtx_common.o
LOAD obj/main/NAZE/../controller/flight/navigation.o
LOAD obj/main/NAZE/../controller/io/dashboard.o
LOAD obj/main/NAZE/../controller/io/displayport_max7456.o
LOAD obj/main/NAZE/../controller/io/displayport_msp.o
LOAD obj/main/NAZE/../controller/io/displayport_oled.o
LOAD obj/main/NAZE/../controller/io/displayport_rcdevice.o
LOAD obj/main/NAZE/../controller/io/rcdevice_cam.o
LOAD obj/main/NAZE/../controller/io/rcdevice.o
LOAD obj/main/NAZE/../controller/io/rcdevice_osd.o
LOAD obj/main/NAZE/../controller/io/gps.o
LOAD obj/main/NAZE/../controller/io/ledstrip.o
LOAD obj/main/NAZE/../controller/io/osd.o
LOAD obj/main/NAZE/../controller/sensors/sonar.o
LOAD obj/main/NAZE/../controller/sensors/barometer.o
LOAD obj/main/NAZE/../controller/telemetry/telemetry.o
LOAD obj/main/NAZE/../controller/telemetry/crsf.o
LOAD obj/main/NAZE/../controller/telemetry/srxl.o
LOAD obj/main/NAZE/../controller/telemetry/frsky.o
LOAD obj/main/NAZE/../controller/telemetry/hott.o
LOAD obj/main/NAZE/../controller/telemetry/smartport.o
LOAD obj/main/NAZE/../controller/telemetry/ltm.o
LOAD obj/main/NAZE/../controller/telemetry/mavlink.o
LOAD obj/main/NAZE/../controller/telemetry/msp_shared.o
LOAD obj/main/NAZE/../controller/telemetry/ibus.o
LOAD obj/main/NAZE/../controller/telemetry/ibus_shared.o
LOAD obj/main/NAZE/../controller/sensors/esc_sensor.o
LOAD obj/main/NAZE/../controller/io/vtx_string.o
LOAD obj/main/NAZE/../controller/io/vtx_settings_config.o
LOAD obj/main/NAZE/../controller/io/vtx_rtc6705.o
LOAD obj/main/NAZE/../controller/io/vtx_smartaudio.o
LOAD obj/main/NAZE/../controller/io/vtx_tramp.o
LOAD obj/main/NAZE/../controller/io/vtx_control.o
LOAD obj/main/NAZE/core_cm3.o
LOAD obj/main/NAZE/system_stm32f10x.o
LOAD obj/main/NAZE/stm32f10x_dma.o
LOAD obj/main/NAZE/stm32f10x_dbgmcu.o
LOAD obj/main/NAZE/stm32f10x_dac.o
LOAD obj/main/NAZE/stm32f10x_rtc.o
LOAD obj/main/NAZE/stm32f10x_pwr.o
LOAD obj/main/NAZE/stm32f10x_i2c.o
LOAD obj/main/NAZE/stm32f10x_sdio.o
LOAD obj/main/NAZE/stm32f10x_rcc.o
LOAD obj/main/NAZE/stm32f10x_flash.o
LOAD obj/main/NAZE/stm32f10x_usart.o
LOAD obj/main/NAZE/stm32f10x_tim.o
LOAD obj/main/NAZE/stm32f10x_wwdg.o
LOAD obj/main/NAZE/misc.o
LOAD obj/main/NAZE/stm32f10x_iwdg.o
LOAD obj/main/NAZE/stm32f10x_adc.o
LOAD obj/main/NAZE/stm32f10x_spi.o
LOAD obj/main/NAZE/stm32f10x_bkp.o
LOAD obj/main/NAZE/stm32f10x_exti.o
LOAD obj/main/NAZE/stm32f10x_fsmc.o
LOAD obj/main/NAZE/stm32f10x_gpio.o
LOAD obj/main/NAZE/../../pif/source/core/pif.o
LOAD obj/main/NAZE/../../pif/source/core/pif_obj_array.o
LOAD obj/main/NAZE/../../pif/source/core/pif_task.o
LOAD obj/main/NAZE/../../pif/source/core/pif_timer.o
LOAD /usr/lib/gcc/arm-none-eabi/6.3.1/../../../arm-none-eabi/lib/thumb/v7-m/libm.a
LOAD /usr/lib/gcc/arm-none-eabi/6.3.1/../../../arm-none-eabi/lib/thumb/v7-m/libc_nano.a
LOAD /usr/lib/gcc/arm-none-eabi/6.3.1/../../../arm-none-eabi/lib/thumb/v7-m/libnosys.a
START GROUP
LOAD /usr/lib/gcc/arm-none-eabi/6.3.1/thumb/v7-m/libgcc.a
LOAD /usr/lib/gcc/arm-none-eabi/6.3.1/../../../arm-none-eabi/lib/thumb/v7-m/libc_nano.a
END GROUP
START GROUP
LOAD /usr/lib/gcc/arm-none-eabi/6.3.1/thumb/v7-m/libgcc.a
LOAD /usr/lib/gcc/arm-none-eabi/6.3.1/../../../arm-none-eabi/lib/thumb/v7-m/libc_nano.a
END GROUP
                0x0000000020005000                _estack = (ORIGIN (STACKRAM) + LENGTH (STACKRAM))
                0x000000000801f800                __config_start = ORIGIN (FLASH_CONFIG)
                0x0000000008020000                __config_end = (ORIGIN (FLASH_CONFIG) + LENGTH (FLASH_CONFIG))
                0x0000000000000000                _Min_Heap_Size = 0x0
                0x0000000000000800                _Min_Stack_Size = 0x800

.isr_vector     0x0000000008000000      0x10c
                0x0000000008000000                . = ALIGN (0x4)
                [!provide]                        PROVIDE (isr_vector_table_base, .)
 *(.isr_vector)
 .isr_vector    0x0000000008000000      0x10c obj/main/NAZE/startup_stm32f10x_md_gcc.o
                0x0000000008000000                g_pfnVectors
                0x000000000800010c                . = ALIGN (0x4)

.text           0x0000000008000110    0x1e804
                0x0000000008000110                . = ALIGN (0x4)
 *(.text)
 .text          0x0000000008000110     0x2464 /tmp/ccND6UJK.ltrans0.ltrans.o
                0x0000000008000110                init
 .text          0x0000000008002574     0x2814 /tmp/ccND6UJK.ltrans1.ltrans.o
                0x0000000008002574                taskMainPidLoop
 .text          0x0000000008004d88     0x162c /tmp/ccND6UJK.ltrans2.ltrans.o
                0x0000000008004d88                taskHandleSerial.lto_priv.269
 .text          0x00000000080063b4      0xe50 /tmp/ccND6UJK.ltrans3.ltrans.o
                0x00000000080063b4                mpuGyroRead
                0x00000000080063f8                mpuAccRead
                0x000000000800644e                WS2811_DMA_IRQHandler.lto_priv.457
                0x0000000008006710                mpu3050Init.lto_priv.254
                0x0000000008006762                mpuGyroReadSPI
                0x00000000080067b4                uart_tx_dma_IRQHandler
                0x0000000008006800                mpuIntExtiInit.lto_priv.647
                0x0000000008006910                uartIrqHandler
                0x0000000008006974                uartReconfigure
                0x0000000008006a94                initInverter.lto_priv.543
                0x0000000008006ad0                DMA1_Channel7_IRQHandler
                0x0000000008006ae4                DMA1_Channel6_IRQHandler
                0x0000000008006af8                DMA1_Channel5_IRQHandler
                0x0000000008006b08                DMA1_Channel4_IRQHandler
                0x0000000008006b18                DMA1_Channel3_IRQHandler
                0x0000000008006b28                DMA1_Channel2_IRQHandler
                0x0000000008006b38                DMA1_Channel1_IRQHandler
                0x0000000008006b48                i2cInit
                0x0000000008006d80                i2cRead.part.1
                0x0000000008006e14                mpuReadRegisterI2C.lto_priv.251
                0x0000000008006e28                mma8452Read.lto_priv.248
                0x0000000008006e86                bma280Read.lto_priv.250
                0x0000000008006ed0                adxl345Read.lto_priv.245
                0x000000000800703c                i2cWrite
                0x00000000080070dc                mpuWriteRegisterI2C.lto_priv.252
                0x00000000080070e6                mma8452Init.lto_priv.247
                0x0000000008007168                bma280Init.lto_priv.249
                0x000000000800718c                adxl345Init.lto_priv.244
                0x00000000080071f0                I2C2_EV_IRQHandler
                0x00000000080071f6                I2C2_ER_IRQHandler
                0x00000000080071fa                I2C1_EV_IRQHandler
                0x0000000008007200                I2C1_ER_IRQHandler
 *fill*         0x0000000008007204        0x4 
 .text          0x0000000008007208      0xba4 /tmp/ccND6UJK.ltrans4.ltrans.o
                0x0000000008007208                mspProcessOutCommand.lto_priv.610
 .text          0x0000000008007dac     0x12a0 /tmp/ccND6UJK.ltrans5.ltrans.o
                0x0000000008007dac                putcp.lto_priv.197
                0x0000000008007e0a                firFilterDenoiseUpdate
                0x0000000008007e6e                biquadFilterApply
                0x0000000008007ec6                pt1FilterApply
                0x0000000008007ee4                nullFilterApply
                0x0000000008007ee8                ms5611_calculate.lto_priv.243
                0x0000000008008088                bmp280_calculate.lto_priv.238
                0x0000000008008240                bmp280_start_ut.lto_priv.235
                0x0000000008008242                bmp280_get_ut.lto_priv.234
                0x0000000008008244                mpu6500AccInit
                0x000000000800824c                mpu6500SpiAccInit
                0x0000000008008254                mpu6050AccInit.lto_priv.246
                0x000000000800826e                mpu3050ReadTemperature.lto_priv.256
                0x000000000800829e                mpu3050GyroRead.lto_priv.255
                0x00000000080082e2                _putc.lto_priv.525
                0x00000000080082f0                ms5611_start_up.lto_priv.241
                0x00000000080082f8                ms5611_start_ut.lto_priv.239
                0x0000000008008300                bmp280_start_up.lto_priv.236
                0x000000000800832e                ms5611_get_up.lto_priv.242
                0x0000000008008340                ms5611_get_ut.lto_priv.240
                0x0000000008008350                bmp280_get_up.lto_priv.237
                0x0000000008008398                mpu6050GyroInit.lto_priv.253
                0x0000000008008408                mpu6500GyroInit
                0x00000000080084c6                mpu6500SpiGyroInit
                0x0000000008008502                sbufWriteData
                0x0000000008008516                sbufWriteU32
                0x000000000800853e                sbufWriteU16
                0x0000000008008552                tfp_format
                0x0000000008008724                tfp_printf
                0x0000000008008764                applyDeadband
                0x0000000008008782                acos_approx
                0x00000000080087f4                atan2_approx
                0x00000000080088f8                sin_approx
                0x00000000080089c8                firFilterDenoiseInit
                0x00000000080089da                biquadFilterInit
                0x0000000008008b28                biquadFilterInitLPF
                0x0000000008008b40                filterGetNotchQ
                0x0000000008008b9a                crc16_ccitt_update
                0x0000000008008bc6                bitArraySet
                0x0000000008008bde                bitArrayGet
                0x0000000008008bf8                targetConfiguration
                0x0000000008008c3c                flashfsAdvanceTailInBuffer.lto_priv.219
                0x0000000008008c6c                flashfsGetDirtyDataBuffers.lto_priv.217
                0x0000000008008ca4                flashfsGetOffset
                0x0000000008008cc4                flashfsTransmitBufferUsed.lto_priv.216
                0x0000000008008ce4                m25p16_isReady
                0x0000000008008d54                m25p16_readBytes
                0x0000000008008ddc                m25p16_performOneByteCommand.lto_priv.541
                0x0000000008008e08                flashfsWriteBuffers.lto_priv.218
                0x0000000008008f94                flashfsFlushSync
                0x0000000008008fcc                flashfsFlushAsync
                0x0000000008009010                flashfsEraseCompletely
 .text          0x000000000800904c      0xfac /tmp/ccND6UJK.ltrans6.ltrans.o
                0x000000000800904c                taskUpdateRxMain.lto_priv.267
 .text          0x0000000008009ff8      0xcc8 /tmp/ccND6UJK.ltrans7.ltrans.o
                0x0000000008009ff8                micros
                0x000000000800a088                uartRead.lto_priv.554
                0x000000000800a0b8                isUartTransmitBufferEmpty.lto_priv.556
                0x000000000800a0ce                uartTotalTxBytesFree.lto_priv.553
                0x000000000800a0f4                uartTotalRxBytesWaiting.lto_priv.552
                0x000000000800a11e                pgResetFn_serialPinConfig
                0x000000000800a14c                pgResetFn_statusLedConfig
                0x000000000800a15c                pgResetFn_spiPinConfig
                0x000000000800a190                uartSetMode.lto_priv.557
                0x000000000800a196                uartSetBaudRate.lto_priv.555
                0x000000000800a1ee                SysTick_Handler
                0x000000000800a368                USART2_IRQHandler
                0x000000000800a374                USART1_IRQHandler
                0x000000000800a380                uartTryStartTxDMA
                0x000000000800a3de                uartWrite.lto_priv.551
                0x000000000800a404                serialSetMode
                0x000000000800a40a                isSerialTransmitBufferEmpty
                0x000000000800a410                serialRead
                0x000000000800a416                serialRxBytesWaiting
                0x000000000800a41c                serialWrite
                0x000000000800a422                serialWriteBuf
                0x000000000800a45e                serialWriteBufShim
                0x000000000800a460                ledToggle
                0x000000000800a47c                IOGetByTag
                0x000000000800a4c8                IOConfigGPIO
                0x000000000800a50c                IOLo
                0x000000000800a516                IOHi
                0x000000000800a520                IOWrite
                0x000000000800a534                systemBeep
                0x000000000800a58c                ledSet
                0x000000000800a5b8                EXTI15_10_IRQHandler
                0x000000000800a5ba                EXTI0_IRQHandler
                0x000000000800a5bc                EXTI9_5_IRQHandler
                0x000000000800a5be                EXTI4_IRQHandler
                0x000000000800a5c0                EXTI3_IRQHandler
                0x000000000800a5c2                EXTI2_IRQHandler
                0x000000000800a5c4                EXTI1_IRQHandler
                0x000000000800a5c6                spiSetDivisor
                0x000000000800a608                spiTransfer
                0x000000000800a664                spiTransferByte
                0x000000000800a69c                spiBusReadRegisterBuffer
                0x000000000800a6ca                spiBusWriteRegister
                0x000000000800a6ee                i2cHardwareConfigure
                0x000000000800a798                busReadRegisterBuffer
                0x000000000800a7d4                busWriteRegister
                0x000000000800a7fe                bufWriterFlush
                0x000000000800a816                write_word.lto_priv.621
                0x000000000800a8f4                config_streamer_write
                0x000000000800a926                pgResetInstance
                0x000000000800a970                pgFind
                0x000000000800a994                featureClear
                0x000000000800a9a4                isEEPROMContentValid
                0x000000000800aa10                fastA2F
                0x000000000800ab48                ftoa
                0x000000000800ac10                _i2a.lto_priv.198
                0x000000000800ac38                uli2a
                0x000000000800ac38                ui2a
                0x000000000800ac72                sbufReadU32
                0x000000000800ac9e                sbufReadU16
                0x000000000800acb4                sbufReadU8
 .text          0x000000000800acc0      0xd4c /tmp/ccND6UJK.ltrans8.ltrans.o
                0x000000000800acc0                dispatchProcess
                0x000000000800acec                pgResetFn_pwmConfig
                0x000000000800ad18                pgResetFn_ppmConfig
                0x000000000800ad3c                pgResetFn_adcConfig
                0x000000000800ad58                pgResetFn_flashConfig
                0x000000000800adf6                changePidProfile
                0x000000000800ae20                validateAndFixGyroConfig
                0x000000000800af40                resetConfigs
                0x000000000800af94                timerOCInit
                0x000000000800b17c                timerGetByTag
                0x000000000800b1b0                TIM4_IRQHandler
                0x000000000800b1c0                TIM3_IRQHandler
                0x000000000800b1d0                TIM2_IRQHandler
                0x000000000800b1dc                TIM1_CC_IRQHandler
                0x000000000800b1ec                TIM1_UP_IRQHandler
                0x000000000800b1f0                configTimeBase
                0x000000000800b224                timerConfigure
                0x000000000800b294                lookupTimerIndex.lto_priv.434
                0x000000000800b2cc                timerChConfigCallbacks
                0x000000000800b374                delayMicroseconds
                0x000000000800b38a                mspRebootFn.lto_priv.604
                0x000000000800b3cc                delay
                0x000000000800b3e0                HardFault_Handler
                0x000000000800b4a0                indicateFailure
                0x000000000800b4d2                failureMode
                0x000000000800b4f8                writeEEPROM
                0x000000000800b650                readEEPROM
                0x000000000800b9f8                saveConfigAndNotify
 .text          0x000000000800ba0c      0xc50 /tmp/ccND6UJK.ltrans9.ltrans.o
                0x000000000800ba72                isEmpty.lto_priv.354
                0x000000000800ba82                nextArg.lto_priv.358
                0x000000000800baee                cliGetValuePointer
                0x000000000800bb08                cliSetVar.lto_priv.352
                0x000000000800bb26                cliPrintf.lto_priv.333
                0x000000000800bc18                cliPrintVar.lto_priv.351
                0x000000000800bc2e                cliWrite.lto_priv.611
                0x000000000800bc50                cliPrintLinefeed.lto_priv.307
                0x000000000800bc5c                dumpAllValues.lto_priv.315
                0x000000000800bd5c                cliPrintLinef.lto_priv.330
                0x000000000800bd76                cliShowArgumentRangeError.lto_priv.332
                0x000000000800bd84                cliPrintVarRange.lto_priv.353
                0x000000000800be00                cliDefaultPrintLinef.lto_priv.327
                0x000000000800be2c                cliDumpPrintLinef.lto_priv.324
                0x000000000800be50                printAdjustmentRange.lto_priv.317
                0x000000000800bf18                printSerial.lto_priv.322
                0x000000000800c004                printAux.lto_priv.318
                0x000000000800c0c4                cliAux.lto_priv.276
                0x000000000800c184                cliPrintLine.lto_priv.331
                0x000000000800c190                cliShowParseError.lto_priv.329
                0x000000000800c198                cliAdjustmentRange.lto_priv.275
                0x000000000800c288                cliSerialPassthrough.lto_priv.300
                0x000000000800c458                cliSerial.lto_priv.299
                0x000000000800c54c                cliRxFailsafe.lto_priv.296
 .text          0x000000000800c65c      0x9fc /tmp/ccND6UJK.ltrans10.ltrans.o
                0x000000000800c65c                pgResetFn_voltageSensorADCConfig
                0x000000000800c66c                nopConsumer.lto_priv.360
                0x000000000800c66e                batteryUpdateCurrentMeter
                0x000000000800c760                batteryUpdateVoltage
                0x000000000800c810                pgResetFn_serialConfig
                0x000000000800c854                calculateBatteryPercentageRemaining
                0x000000000800c8d0                setTaskEnabled
                0x000000000800c92c                rescheduleTask
                0x000000000800c974                warningLedRefresh
                0x000000000800c9b0                waitForSerialPortToFinishTransmitting
                0x000000000800c9c6                serialRemovePort
                0x000000000800c9fc                closeSerialPort
                0x000000000800ca28                mspSerialReleasePortIfAllocated
                0x000000000800ca58                openSerialPort
                0x000000000800cdac                determinePortSharing
                0x000000000800cdc0                findSerialPortConfig
                0x000000000800ce04                mspSerialAllocatePorts
                0x000000000800cea8                beeperModeMaskForTableIndex
                0x000000000800cec8                beeperSilence
                0x000000000800cef4                beeper
                0x000000000800cf58                beeperUpdate
                0x000000000800d028                beeperConfirmationBeeps
 .text          0x000000000800d058      0xa80 /tmp/ccND6UJK.ltrans11.ltrans.o
                0x000000000800d090                xBusReadRawRC.lto_priv.482
                0x000000000800d0a4                xBusFrameStatus.lto_priv.483
                0x000000000800d0b8                writeSlowFrameIfNeeded.lto_priv.226
                0x000000000800d178                blackboxWriteMainStateArrayUsingAveragePredictor.lto_priv.227
                0x000000000800d1b8                sensorsAutodetect
                0x000000000800d964                gyroSetCalibrationCycles.isra.2.lto_priv.425
                0x000000000800d984                alignSensors
                0x000000000800daac                setAccelerationFilter.part.1
 .text          0x000000000800dad8      0xdcc /tmp/ccND6UJK.ltrans12.ltrans.o
                0x000000000800dad8                printServoMix.lto_priv.323
                0x000000000800dbc0                cliServoMix.lto_priv.303
                0x000000000800de6c                printServo.lto_priv.325
                0x000000000800df98                cliServo.lto_priv.301
                0x000000000800e070                printModeColor.lto_priv.319
                0x000000000800e164                cliModeColor.lto_priv.290
                0x000000000800e1e0                printColor.lto_priv.320
                0x000000000800e258                cliColor.lto_priv.279
                0x000000000800e308                printLed.lto_priv.321
                0x000000000800e37c                cliLed.lto_priv.286
                0x000000000800e4fc                printRxRange.lto_priv.316
                0x000000000800e570                cliRxRange.lto_priv.297
                0x000000000800e628                printMotorMix.lto_priv.326
                0x000000000800e728                cliMotorMix.lto_priv.289
 .text          0x000000000800e8a4      0x910 /tmp/ccND6UJK.ltrans13.ltrans.o
                0x000000000800e9d4                blackboxWriteUnsignedVB
                0x000000000800e9f4                blackboxPrintfHeaderLine
                0x000000000800ea4c                blackboxGetRateDenom
                0x000000000800ea70                blackboxAdvanceIterationTimers.lto_priv.426
                0x000000000800ead0                blackboxLogEvent
                0x000000000800eb6c                blackboxLogIteration.lto_priv.427
                0x000000000800f008                sendFieldDefinition.lto_priv.428
                0x000000000800f178                blackboxFinish
 .text          0x000000000800f1b4      0x924 /tmp/ccND6UJK.ltrans14.ltrans.o
                0x000000000800f1b4                taskTelemetry.lto_priv.272
 .text          0x000000000800fad8      0xc2c /tmp/ccND6UJK.ltrans15.ltrans.o
                0x000000000800fad8                cliVersion.lto_priv.306
                0x000000000800fb5c                cliTasks.lto_priv.305
                0x000000000800fccc                cliStatus.lto_priv.304
                0x000000000800fec4                cliResource.lto_priv.295
                0x0000000008010180                printConfig.lto_priv.309
 .text          0x0000000008010704      0x8d8 /tmp/ccND6UJK.ltrans16.ltrans.o
                0x0000000008010a64                disarm
                0x0000000008010a98                updateArmingStatus
                0x0000000008010c9c                tryArm
                0x0000000008010d7c                openSoftSerial
                0x0000000008010fa0                pwmICConfig
 .text          0x0000000008010fdc      0xd78 /tmp/ccND6UJK.ltrans17.ltrans.o
                0x0000000008011084                sumhReadRawRC.lto_priv.474
                0x000000000801109c                sumhFrameStatus.lto_priv.475
                0x000000000801110c                sumdReadRawRC.lto_priv.471
                0x0000000008011120                sumdFrameStatus.lto_priv.472
                0x00000000080111a8                spektrumReadRawRC.lto_priv.194
                0x00000000080111d4                sbusReadRawRC.lto_priv.468
                0x00000000080111f0                sbusFrameStatus.lto_priv.469
                0x0000000008011370                crsfReadRawRC.lto_priv.492
                0x00000000080113f4                crsfFrameStatus.lto_priv.493
                0x0000000008011560                nullFrameStatus.lto_priv.461
                0x0000000008011564                nullReadRawRC.lto_priv.460
                0x00000000080115a4                ppmReadRawRC.lto_priv.464
                0x00000000080115b4                pwmReadRawRC.lto_priv.463
                0x00000000080115c4                rxMspFrameStatus.lto_priv.466
                0x00000000080115dc                rxMspReadRawRC.lto_priv.465
                0x00000000080115ec                ibusReadRawRC.lto_priv.486
                0x00000000080115fc                xBusDataReceive.lto_priv.484
                0x00000000080116d4                sumhDataReceive.lto_priv.476
                0x000000000801171c                sumdDataReceive.lto_priv.473
                0x00000000080117c0                spektrumFrameStatus.lto_priv.195
                0x0000000008011884                spektrumDataReceive.lto_priv.196
                0x00000000080118d0                sbusDataReceive.lto_priv.470
                0x0000000008011924                crsfDataReceive.lto_priv.494
                0x0000000008011988                ibusDataReceive.lto_priv.489
                0x0000000008011b58                ibusFrameStatus.lto_priv.487
                0x0000000008011c0c                parseRcChannels
                0x0000000008011c40                pgResetFn_rxConfig
                0x0000000008011c98                getRxfailValue.lto_priv.596
                0x0000000008011cf4                resumeRxSignal
                0x0000000008011d24                suspendRxSignal
 .text          0x0000000008011d54      0x9e8 /tmp/ccND6UJK.ltrans18.ltrans.o
                0x0000000008011d54                cliGet.lto_priv.285
                0x0000000008011dbc                cliSet.lto_priv.302
                0x0000000008011fcc                cliRateProfile.lto_priv.294
                0x000000000801200c                cliProfile.lto_priv.293
                0x0000000008012048                cliMotor.lto_priv.291
                0x0000000008012148                cliMixer.lto_priv.288
                0x0000000008012260                cliDefaults.lto_priv.280
                0x0000000008012290                cliSave.lto_priv.298
                0x000000000801229e                cliExit.lto_priv.281
                0x00000000080122d4                cliBootloader.lto_priv.278
                0x00000000080122d8                cliMap.lto_priv.287
                0x0000000008012398                cliBeeper.lto_priv.277
                0x00000000080124c0                cliFeature.lto_priv.282
                0x00000000080125d4                cliName.lto_priv.292
                0x0000000008012634                cliFlashErase.lto_priv.283
                0x0000000008012678                cliFlashInfo.lto_priv.284
                0x00000000080126b0                cliDumpRateProfile.lto_priv.313
                0x00000000080126d8                cliDumpPidProfile.lto_priv.314
                0x0000000008012700                checkCommand.lto_priv.328
 .text          0x000000000801273c      0xd70 /tmp/ccND6UJK.ltrans19.ltrans.o
                0x0000000008012760                pgResetFn_motorConfig
                0x00000000080127ac                cliHelp.lto_priv.609
                0x00000000080127cc                cliDiff.lto_priv.607
                0x00000000080127d2                cliDump.lto_priv.608
                0x00000000080127d8                pidInitConfig
                0x0000000008012978                pidInitFilters
                0x0000000008012b48                writeMotors.part.1
                0x0000000008012b80                imuQuaternionComputeProducts
                0x0000000008012bfe                imuComputeRotationMatrix.lto_priv.542
                0x0000000008012cfc                imuUpdateAttitude
                0x0000000008013470                failsafeActivate.lto_priv.595
 .text          0x00000000080134ac      0x874 /tmp/ccND6UJK.ltrans20.ltrans.o
                0x00000000080137bc                ledStripUpdate
                0x0000000008013cac                telemetryDetermineEnabledState
                0x0000000008013cd8                setModeColor
 .text          0x0000000008013d20      0x750 /tmp/ccND6UJK.ltrans21.ltrans.o
                0x0000000008013e18                FLASH_GetBank1Status
                0x0000000008013e40                RCC_GetClocksFreq
                0x0000000008013ed4                DMA_StructInit
                0x0000000008013eee                DMA_Init
                0x0000000008013f2a                DMA_DeInit
                0x000000000801401c                SystemInit
                0x0000000008014068                __set_MSP
                0x000000000801406e                isChecksumOkIa6b
                0x00000000080140a4                respondToIbusRequest
                0x0000000008014170                smartPortSendPackage.lto_priv.569
                0x00000000080141c4                workAroundForHottTelemetryOnUsart.isra.0.lto_priv.571
                0x0000000008014200                flushHottRxBuffer.lto_priv.572
                0x000000000801421c                hottConfigurePortForRX.lto_priv.570
                0x0000000008014250                serialize16.lto_priv.574
                0x0000000008014264                sendDataHead.lto_priv.573
                0x0000000008014280                telemetryCheckRxPortShared
                0x00000000080142b0                telemetryCheckState
 .text          0x0000000008014470      0x754 /tmp/ccND6UJK.ltrans22.ltrans.o
                0x0000000008014470                _doTask.lto_priv.524
                0x0000000008014494                _processingRatio.lto_priv.190
                0x00000000080144c8                _processingPeriodMs.lto_priv.192
                0x00000000080144e4                _processingPeriodUs.lto_priv.193
                0x0000000008014508                _processingAlways.lto_priv.191
                0x0000000008014528                findNextSharedSerialPort.constprop.42
                0x0000000008014588                findSharedSerialPort.constprop.41
                0x0000000008014594                blackboxWriteSignedVBArray.constprop.18
                0x00000000080145ae                generateLedConfig.constprop.5
                0x0000000008014648                _processingTask.part.2.lto_priv.646
                0x0000000008014760                pifTask_SetTrigger
                0x0000000008014788                pifTask_ChangePeriod
                0x00000000080147a6                _processingTrigger.lto_priv.645
                0x00000000080147f0                pifObjArray_Remove
                0x0000000008014834                pifTaskManager_Remove
                0x00000000080148a0                pifObjArray_Clear
                0x00000000080148ce                GPIO_Init
                0x0000000008014972                TIM_ICInit
                0x0000000008014ba0                FLASH_WaitForLastOperation
 .text          0x0000000008014bc4      0x6ec /tmp/ccND6UJK.ltrans23.ltrans.o
                0x0000000008014bc4                pgResetFn_ledStripConfig
                0x0000000008014c48                applyLedHsv.lto_priv.209
                0x0000000008014c7c                reevaluateLedConfig
                0x0000000008014d5c                ws2811UpdateStrip
                0x0000000008014f80                blackboxDeviceReserveBufferSpace
                0x0000000008014fd0                blackboxReplenishHeaderBudget
                0x0000000008015020                isBlackboxDeviceFull
                0x0000000008015048                blackboxWriteString
                0x000000000801511c                blackboxWrite
                0x000000000801516c                blackboxWriteTag2_3S32
                0x000000000801528a                blackboxWriteSignedVB
                0x0000000008015294                blackboxWriteSigned16VBArray
 .text          0x00000000080152b0      0x758 /tmp/ccND6UJK.ltrans24.ltrans.o
                0x00000000080152b0                RCC_ClockCmd.constprop.176
                0x00000000080152ec                NVIC_Init.part.0.constprop.171
                0x0000000008015328                timerOCPreloadConfig.constprop.155
                0x0000000008015382                TIM_TimeBaseInit.constprop.154
                0x0000000008015410                spiPreInitCs.constprop.110
                0x000000000801542e                pifTaskManager_Add.constprop.106
                0x00000000080155f4                timerChConfigIC.constprop.101
                0x0000000008015626                spektrumInit.constprop.90
                0x0000000008015750                gyroInitSensorFilters.constprop.81
                0x0000000008015964                pifObjArray_Init.part.0.constprop.60
                0x00000000080159b8                tfp_sprintf.constprop.49
                0x00000000080159e4                itoa.constprop.47
 .text          0x0000000008015a08      0x6f4 /tmp/ccND6UJK.ltrans25.ltrans.o
                0x0000000008015aa8                writeServos
                0x0000000008016064                loadCustomServoMixer
                0x00000000080160b4                pidInit
 .text          0x00000000080160fc      0x57c /tmp/ccND6UJK.ltrans26.ltrans.o
                0x00000000080160fc                taskCalculateAltitude.lto_priv.271
                0x00000000080165a8                taskUpdateBaro.lto_priv.270
 .text          0x0000000008016678      0x404 /tmp/ccND6UJK.ltrans27.ltrans.o
                0x0000000008016678                taskUpdateAccelerometer.lto_priv.266
                0x00000000080168a0                taskBatteryAlerts
 .text          0x0000000008016a7c      0x3c0 /tmp/ccND6UJK.ltrans28.ltrans.o
                0x0000000008016a7c                pwmOverflowCallback.lto_priv.507
                0x0000000008016aa4                ppmEdgeCallback.lto_priv.508
                0x0000000008016be0                ppmOverflowCallback.lto_priv.509
                0x0000000008016c10                pwmCompleteWriteUnused.lto_priv.514
                0x0000000008016c12                pwmWriteUnused.lto_priv.437
                0x0000000008016c14                pgResetFn_controlRateProfiles
                0x0000000008016c34                pwmEdgeCallback.lto_priv.506
                0x0000000008016c90                pwmWriteStandard.lto_priv.512
                0x0000000008016cbc                pwmCompleteOneshotMotorUpdate.lto_priv.515
                0x0000000008016d28                pwmWriteServo.part.0
                0x0000000008016d48                pwmWriteServo
                0x0000000008016d50                pwmOutConfig
                0x0000000008016e14                changeControlRateProfile
 .text          0x0000000008016e3c      0x1a8 /tmp/ccND6UJK.ltrans29.ltrans.o
                0x0000000008016e3c                cliPrint.lto_priv.308
                0x0000000008016e70                isModeActivationConditionPresent
                0x0000000008016e98                isRangeActive
                0x0000000008016ee4                IS_RC_MODE_ACTIVE
                0x0000000008016ef0                isAirmodeActive
                0x0000000008016f0c                calculateThrottleStatus
                0x0000000008016f5c                blackboxLogInflightAdjustmentEvent.lto_priv.594
                0x0000000008016f84                generateThrottleCurve
 .text          0x0000000008016fe4       0xe4 /tmp/ccND6UJK.ltrans30.ltrans.o
                0x0000000008016fe4                serializeBoxPermanentIdFn
                0x0000000008016ff0                taskSerialCheck.lto_priv.268
                0x0000000008017038                serializeBoxNameFn
                0x000000000801705a                findBoxByBoxId
                0x0000000008017080                serializeBoxReply
 .text          0x00000000080170c8       0x5c /tmp/ccND6UJK.ltrans31.ltrans.o
                0x00000000080170c8                disableFlightMode
                0x00000000080170e8                enableFlightMode
                0x0000000008017104                unsetArmingDisabled
                0x0000000008017114                setArmingDisabled
 .text          0x0000000008017124       0x10 /usr/lib/gcc/arm-none-eabi/6.3.1/../../../arm-none-eabi/lib/thumb/v7-m/libc_nano.a(lib_a-atoi.o)
                0x0000000008017124                atoi
                0x000000000801712c                _atoi_r
 .text          0x0000000008017134       0xec /usr/lib/gcc/arm-none-eabi/6.3.1/../../../arm-none-eabi/lib/thumb/v7-m/libc_nano.a(lib_a-memcpy.o)
                0x0000000008017134                memcpy
 .text          0x0000000008017220       0x6c /usr/lib/gcc/arm-none-eabi/6.3.1/../../../arm-none-eabi/lib/thumb/v7-m/libc_nano.a(lib_a-strtok_r.o)
                0x0000000008017220                __strtok_r
                0x0000000008017284                strtok_r
 .text          0x000000000801728c      0x128 /usr/lib/gcc/arm-none-eabi/6.3.1/../../../arm-none-eabi/lib/thumb/v7-m/libc_nano.a(lib_a-strtol.o)
                0x000000000801728c                _strtol_r
                0x000000000801739c                strtol
 .text          0x00000000080173b4       0x88 /usr/lib/gcc/arm-none-eabi/6.3.1/../../../arm-none-eabi/lib/thumb/v7-m/libm.a(lib_a-sf_ceil.o)
                0x00000000080173b4                ceilf
 .text          0x000000000801743c       0x14 /usr/lib/gcc/arm-none-eabi/6.3.1/../../../arm-none-eabi/lib/thumb/v7-m/libm.a(lib_a-sf_log2.o)
                0x000000000801743c                log2f
 .text          0x0000000008017450       0x74 /usr/lib/gcc/arm-none-eabi/6.3.1/../../../arm-none-eabi/lib/thumb/v7-m/libm.a(lib_a-sf_lrint.o)
                0x0000000008017450                lrintf
 .text          0x00000000080174c4       0xec /usr/lib/gcc/arm-none-eabi/6.3.1/../../../arm-none-eabi/lib/thumb/v7-m/libm.a(lib_a-wf_log.o)
                0x00000000080174c4                logf
 .text          0x00000000080175b0      0x300 /usr/lib/gcc/arm-none-eabi/6.3.1/../../../arm-none-eabi/lib/thumb/v7-m/libm.a(lib_a-wf_pow.o)
                0x00000000080175b0                powf
 .text          0x00000000080178b0       0xa0 /usr/lib/gcc/arm-none-eabi/6.3.1/../../../arm-none-eabi/lib/thumb/v7-m/libm.a(lib_a-wf_sqrt.o)
                0x00000000080178b0                sqrtf
 .text          0x0000000008017950      0x288 /usr/lib/gcc/arm-none-eabi/6.3.1/../../../arm-none-eabi/lib/thumb/v7-m/libm.a(lib_a-ef_log.o)
                0x0000000008017950                __ieee754_logf
 .text          0x0000000008017bd8      0x6e4 /usr/lib/gcc/arm-none-eabi/6.3.1/../../../arm-none-eabi/lib/thumb/v7-m/libm.a(lib_a-ef_pow.o)
                0x0000000008017bd8                __ieee754_powf
 .text          0x00000000080182bc       0xa8 /usr/lib/gcc/arm-none-eabi/6.3.1/../../../arm-none-eabi/lib/thumb/v7-m/libm.a(lib_a-ef_sqrt.o)
                0x00000000080182bc                __ieee754_sqrtf
 .text          0x0000000008018364        0x4 /usr/lib/gcc/arm-none-eabi/6.3.1/../../../arm-none-eabi/lib/thumb/v7-m/libm.a(lib_a-s_matherr.o)
                0x0000000008018364                matherr
 .text          0x0000000008018368        0xc /usr/lib/gcc/arm-none-eabi/6.3.1/../../../arm-none-eabi/lib/thumb/v7-m/libm.a(lib_a-s_nan.o)
                0x0000000008018368                nan
 .text          0x0000000008018374      0x11c /usr/lib/gcc/arm-none-eabi/6.3.1/../../../arm-none-eabi/lib/thumb/v7-m/libm.a(lib_a-s_rint.o)
                0x0000000008018374                rint
 .text          0x0000000008018490        0x8 /usr/lib/gcc/arm-none-eabi/6.3.1/../../../arm-none-eabi/lib/thumb/v7-m/libm.a(lib_a-sf_fabs.o)
                0x0000000008018490                fabsf
 .text          0x0000000008018498       0x10 /usr/lib/gcc/arm-none-eabi/6.3.1/../../../arm-none-eabi/lib/thumb/v7-m/libm.a(lib_a-sf_finite.o)
                0x0000000008018498                finitef
 .text          0x00000000080184a8        0x8 /usr/lib/gcc/arm-none-eabi/6.3.1/../../../arm-none-eabi/lib/thumb/v7-m/libm.a(lib_a-sf_nan.o)
                0x00000000080184a8                nanf
 .text          0x00000000080184b0       0xb0 /usr/lib/gcc/arm-none-eabi/6.3.1/../../../arm-none-eabi/lib/thumb/v7-m/libm.a(lib_a-sf_scalbn.o)
                0x00000000080184b0                scalbnf
 .text          0x0000000008018560        0xc /usr/lib/gcc/arm-none-eabi/6.3.1/../../../arm-none-eabi/lib/thumb/v7-m/libm.a(lib_a-sf_copysign.o)
                0x0000000008018560                copysignf
 .text          0x000000000801856c       0x10 /usr/lib/gcc/arm-none-eabi/6.3.1/../../../arm-none-eabi/lib/thumb/v7-m/libc_nano.a(lib_a-calloc.o)
                0x000000000801856c                calloc
 .text          0x000000000801857c        0xc /usr/lib/gcc/arm-none-eabi/6.3.1/../../../arm-none-eabi/lib/thumb/v7-m/libc_nano.a(lib_a-errno.o)
                0x000000000801857c                __errno
 .text          0x0000000008018588       0x20 /usr/lib/gcc/arm-none-eabi/6.3.1/../../../arm-none-eabi/lib/thumb/v7-m/libc_nano.a(lib_a-malloc.o)
                0x0000000008018588                malloc
                0x0000000008018598                free
 .text          0x00000000080185a8       0x60 /usr/lib/gcc/arm-none-eabi/6.3.1/../../../arm-none-eabi/lib/thumb/v7-m/libc_nano.a(lib_a-memcmp.o)
                0x00000000080185a8                memcmp
 .text          0x0000000008018608       0xc8 /usr/lib/gcc/arm-none-eabi/6.3.1/../../../arm-none-eabi/lib/thumb/v7-m/libc_nano.a(lib_a-memmove.o)
                0x0000000008018608                memmove
 .text          0x00000000080186d0       0x9c /usr/lib/gcc/arm-none-eabi/6.3.1/../../../arm-none-eabi/lib/thumb/v7-m/libc_nano.a(lib_a-memset.o)
                0x00000000080186d0                memset
 .text          0x000000000801876c       0x1c /usr/lib/gcc/arm-none-eabi/6.3.1/../../../arm-none-eabi/lib/thumb/v7-m/libc_nano.a(lib_a-nano-callocr.o)
                0x000000000801876c                _calloc_r
 .text          0x0000000008018788       0x90 /usr/lib/gcc/arm-none-eabi/6.3.1/../../../arm-none-eabi/lib/thumb/v7-m/libc_nano.a(lib_a-nano-freer.o)
                0x0000000008018788                _free_r
 .text          0x0000000008018818       0xbc /usr/lib/gcc/arm-none-eabi/6.3.1/../../../arm-none-eabi/lib/thumb/v7-m/libc_nano.a(lib_a-nano-mallocr.o)
                0x0000000008018818                _malloc_r
 .text          0x00000000080188d4       0x24 /usr/lib/gcc/arm-none-eabi/6.3.1/../../../arm-none-eabi/lib/thumb/v7-m/libc_nano.a(lib_a-sbrkr.o)
                0x00000000080188d4                _sbrk_r
 .text          0x00000000080188f8       0x48 /usr/lib/gcc/arm-none-eabi/6.3.1/../../../arm-none-eabi/lib/thumb/v7-m/libc_nano.a(lib_a-strcasecmp.o)
                0x00000000080188f8                strcasecmp
 .text          0x0000000008018940       0x40 /usr/lib/gcc/arm-none-eabi/6.3.1/../../../arm-none-eabi/lib/thumb/v7-m/libc_nano.a(lib_a-strcat.o)
                0x0000000008018940                strcat
 .text          0x0000000008018980       0xe8 /usr/lib/gcc/arm-none-eabi/6.3.1/../../../arm-none-eabi/lib/thumb/v7-m/libc_nano.a(lib_a-strchr.o)
                0x0000000008018980                strchr
 .text          0x0000000008018a68       0xbc /usr/lib/gcc/arm-none-eabi/6.3.1/../../../arm-none-eabi/lib/thumb/v7-m/libc_nano.a(lib_a-strcpy.o)
                0x0000000008018a68                strcpy
 .text          0x0000000008018b24       0x5c /usr/lib/gcc/arm-none-eabi/6.3.1/../../../arm-none-eabi/lib/thumb/v7-m/libc_nano.a(lib_a-strlen-stub.o)
                0x0000000008018b24                strlen
 .text          0x0000000008018b80       0x54 /usr/lib/gcc/arm-none-eabi/6.3.1/../../../arm-none-eabi/lib/thumb/v7-m/libc_nano.a(lib_a-strncasecmp.o)
                0x0000000008018b80                strncasecmp
 .text          0x0000000008018bd4       0xa0 /usr/lib/gcc/arm-none-eabi/6.3.1/../../../arm-none-eabi/lib/thumb/v7-m/libc_nano.a(lib_a-strncmp.o)
                0x0000000008018bd4                strncmp
 .text          0x0000000008018c74       0x64 /usr/lib/gcc/arm-none-eabi/6.3.1/../../../arm-none-eabi/lib/thumb/v7-m/libc_nano.a(lib_a-strncpy.o)
                0x0000000008018c74                strncpy
 .text          0x0000000008018cd8      0x4c8 /usr/lib/gcc/arm-none-eabi/6.3.1/../../../arm-none-eabi/lib/thumb/v7-m/libc_nano.a(lib_a-strstr.o)
                0x0000000008018f88                strstr
 .text          0x00000000080191a0       0x8c /usr/lib/gcc/arm-none-eabi/6.3.1/../../../arm-none-eabi/lib/thumb/v7-m/libc_nano.a(lib_a-memchr-stub.o)
                0x00000000080191a0                memchr
 .text          0x000000000801922c       0x1c /usr/lib/gcc/arm-none-eabi/6.3.1/../../../arm-none-eabi/lib/thumb/v7-m/libnosys.a(sbrk.o)
                0x000000000801922c                _sbrk
 .text          0x0000000008019248       0x18 /usr/lib/gcc/arm-none-eabi/6.3.1/thumb/v7-m/libgcc.a(_lshrdi3.o)
                0x0000000008019248                __aeabi_llsr
                0x0000000008019248                __lshrdi3
 .text          0x0000000008019260      0x370 /usr/lib/gcc/arm-none-eabi/6.3.1/thumb/v7-m/libgcc.a(_arm_addsubdf3.o)
                0x0000000008019260                __aeabi_drsub
                0x0000000008019268                __aeabi_dsub
                0x0000000008019268                __subdf3
                0x000000000801926c                __adddf3
                0x000000000801926c                __aeabi_dadd
                0x00000000080194e4                __aeabi_ui2d
                0x00000000080194e4                __floatunsidf
                0x0000000008019504                __floatsidf
                0x0000000008019504                __aeabi_i2d
                0x0000000008019528                __extendsfdf2
                0x0000000008019528                __aeabi_f2d
                0x0000000008019564                __aeabi_ul2d
                0x0000000008019564                __floatundidf
                0x0000000008019574                __floatdidf
                0x0000000008019574                __aeabi_l2d
 .text          0x00000000080195d0      0x424 /usr/lib/gcc/arm-none-eabi/6.3.1/thumb/v7-m/libgcc.a(_arm_muldivdf3.o)
                0x00000000080195d0                __aeabi_dmul
                0x00000000080195d0                __muldf3
                0x0000000008019824                __aeabi_ddiv
                0x0000000008019824                __divdf3
 .text          0x00000000080199f4      0x110 /usr/lib/gcc/arm-none-eabi/6.3.1/thumb/v7-m/libgcc.a(_arm_cmpdf2.o)
                0x00000000080199f4                __gtdf2
                0x00000000080199f4                __gedf2
                0x00000000080199fc                __ltdf2
                0x00000000080199fc                __ledf2
                0x0000000008019a04                __cmpdf2
                0x0000000008019a04                __eqdf2
                0x0000000008019a04                __nedf2
                0x0000000008019a80                __aeabi_cdrcmple
                0x0000000008019a90                __aeabi_cdcmple
                0x0000000008019a90                __aeabi_cdcmpeq
                0x0000000008019aa0                __aeabi_dcmpeq
                0x0000000008019ab4                __aeabi_dcmplt
                0x0000000008019ac8                __aeabi_dcmple
                0x0000000008019adc                __aeabi_dcmpge
                0x0000000008019af0                __aeabi_dcmpgt
 .text          0x0000000008019b04       0xa0 /usr/lib/gcc/arm-none-eabi/6.3.1/thumb/v7-m/libgcc.a(_arm_truncdfsf2.o)
                0x0000000008019b04                __aeabi_d2f
                0x0000000008019b04                __truncdfsf2
 .text          0x0000000008019ba4      0x21c /usr/lib/gcc/arm-none-eabi/6.3.1/thumb/v7-m/libgcc.a(_arm_addsubsf3.o)
                0x0000000008019ba4                __aeabi_frsub
                0x0000000008019bac                __subsf3
                0x0000000008019bac                __aeabi_fsub
                0x0000000008019bb0                __aeabi_fadd
                0x0000000008019bb0                __addsf3
                0x0000000008019d10                __aeabi_ui2f
                0x0000000008019d10                __floatunsisf
                0x0000000008019d18                __aeabi_i2f
                0x0000000008019d18                __floatsisf
                0x0000000008019d34                __floatundisf
                0x0000000008019d34                __aeabi_ul2f
                0x0000000008019d44                __floatdisf
                0x0000000008019d44                __aeabi_l2f
 .text          0x0000000008019dc0      0x2a0 /usr/lib/gcc/arm-none-eabi/6.3.1/thumb/v7-m/libgcc.a(_arm_muldivsf3.o)
                0x0000000008019dc0                __mulsf3
                0x0000000008019dc0                __aeabi_fmul
                0x0000000008019f28                __divsf3
                0x0000000008019f28                __aeabi_fdiv
 .text          0x000000000801a060       0xec /usr/lib/gcc/arm-none-eabi/6.3.1/thumb/v7-m/libgcc.a(_arm_cmpsf2.o)
                0x000000000801a060                __gtsf2
                0x000000000801a060                __gesf2
                0x000000000801a068                __lesf2
                0x000000000801a068                __ltsf2
                0x000000000801a070                __nesf2
                0x000000000801a070                __eqsf2
                0x000000000801a070                __cmpsf2
                0x000000000801a0d0                __aeabi_cfrcmple
                0x000000000801a0d8                __aeabi_cfcmple
                0x000000000801a0d8                __aeabi_cfcmpeq
                0x000000000801a0e8                __aeabi_fcmpeq
                0x000000000801a0fc                __aeabi_fcmplt
                0x000000000801a110                __aeabi_fcmple
                0x000000000801a124                __aeabi_fcmpge
                0x000000000801a138                __aeabi_fcmpgt
 .text          0x000000000801a14c       0x2c /usr/lib/gcc/arm-none-eabi/6.3.1/thumb/v7-m/libgcc.a(_arm_unordsf2.o)
                0x000000000801a14c                __aeabi_fcmpun
                0x000000000801a14c                __unordsf2
 .text          0x000000000801a178       0x4c /usr/lib/gcc/arm-none-eabi/6.3.1/thumb/v7-m/libgcc.a(_arm_fixsfsi.o)
                0x000000000801a178                __fixsfsi
                0x000000000801a178                __aeabi_f2iz
 .text          0x000000000801a1c4       0x40 /usr/lib/gcc/arm-none-eabi/6.3.1/thumb/v7-m/libgcc.a(_arm_fixunssfsi.o)
                0x000000000801a1c4                __aeabi_f2uiz
                0x000000000801a1c4                __fixunssfsi
 .text          0x000000000801a204       0xa0 /usr/lib/gcc/arm-none-eabi/6.3.1/thumb/v7-m/libgcc.a(_aeabi_ldivmod.o)
                0x000000000801a204                __aeabi_ldivmod
 .text          0x000000000801a2a4       0x28 /usr/lib/gcc/arm-none-eabi/6.3.1/thumb/v7-m/libgcc.a(_popcountsi2.o)
                0x000000000801a2a4                __popcountsi2
 .text          0x000000000801a2cc      0x2dc /usr/lib/gcc/arm-none-eabi/6.3.1/thumb/v7-m/libgcc.a(_udivmoddi4.o)
                0x000000000801a2cc                __udivmoddi4
 .text          0x000000000801a5a8        0x4 /usr/lib/gcc/arm-none-eabi/6.3.1/thumb/v7-m/libgcc.a(_dvmd_tls.o)
                0x000000000801a5a8                __aeabi_ldiv0
                0x000000000801a5a8                __aeabi_idiv0
 *(.text*)
 .text.Reset_Handler
                0x000000000801a5ac       0x9c obj/main/NAZE/startup_stm32f10x_md_gcc.o
                0x000000000801a5ac                Reset_Handler
 .text.Default_Handler
                0x000000000801a648        0x2 obj/main/NAZE/startup_stm32f10x_md_gcc.o
                0x000000000801a648                DebugMon_Handler
                0x000000000801a648                PVD_IRQHandler
                0x000000000801a648                PendSV_Handler
                0x000000000801a648                NMI_Handler
                0x000000000801a648                UsageFault_Handler
                0x000000000801a648                ADC1_2_IRQHandler
                0x000000000801a648                SPI1_IRQHandler
                0x000000000801a648                TAMPER_IRQHandler
                0x000000000801a648                USART3_IRQHandler
                0x000000000801a648                RTC_IRQHandler
                0x000000000801a648                CAN1_RX1_IRQHandler
                0x000000000801a648                RCC_IRQHandler
                0x000000000801a648                TIM1_TRG_COM_IRQHandler
                0x000000000801a648                Default_Handler
                0x000000000801a648                SPI2_IRQHandler
                0x000000000801a648                MemManage_Handler
                0x000000000801a648                SVC_Handler
                0x000000000801a648                USB_LP_CAN1_RX0_IRQHandler
                0x000000000801a648                USB_HP_CAN1_TX_IRQHandler
                0x000000000801a648                WWDG_IRQHandler
                0x000000000801a648                TIM1_BRK_IRQHandler
                0x000000000801a648                RTCAlarm_IRQHandler
                0x000000000801a648                CAN1_SCE_IRQHandler
                0x000000000801a648                FLASH_IRQHandler
                0x000000000801a648                BusFault_Handler
                0x000000000801a648                USBWakeUp_IRQHandler
 *fill*         0x000000000801a64a        0x2 
 .text.startup  0x000000000801a64c      0x1d8 /tmp/ccND6UJK.ltrans5.ltrans.o
                0x000000000801a64c                main
 .text.unlikely
                0x000000000801a824      0x250 /tmp/ccND6UJK.ltrans13.ltrans.o
                0x000000000801a824                blackboxStart.lto_priv.429
 .text.unlikely
                0x000000000801aa74       0x24 /tmp/ccND6UJK.ltrans23.ltrans.o
                0x000000000801aa74                blackboxDeviceFlushForce
 *(.rodata)
 .rodata        0x000000000801aa98       0xc2 /tmp/ccND6UJK.ltrans0.ltrans.o
                0x000000000801aaa8                ioDefUsedMask.lto_priv.630
                0x000000000801aab0                timerDefinitions
                0x000000000801ab08                serialPortIdentifiers
 *fill*         0x000000000801ab5a        0x2 
 .rodata        0x000000000801ab5c      0x240 /tmp/ccND6UJK.ltrans1.ltrans.o
 .rodata        0x000000000801ad9c       0x10 /tmp/ccND6UJK.ltrans2.ltrans.o
 .rodata        0x000000000801adac       0x1e /tmp/ccND6UJK.ltrans3.ltrans.o
 .rodata        0x000000000801adca       0x3b /tmp/ccND6UJK.ltrans4.ltrans.o
 .rodata        0x000000000801ae05       0x48 /tmp/ccND6UJK.ltrans6.ltrans.o
 *fill*         0x000000000801ae4d        0x3 
 .rodata        0x000000000801ae50       0x50 /tmp/ccND6UJK.ltrans7.ltrans.o
 .rodata        0x000000000801aea0        0xe /tmp/ccND6UJK.ltrans8.ltrans.o
 *fill*         0x000000000801aeae        0x2 
 .rodata        0x000000000801aeb0      0x1da /tmp/ccND6UJK.ltrans9.ltrans.o
                0x000000000801aeb0                boxes.lto_priv.601
 *fill*         0x000000000801b08a        0x2 
 .rodata        0x000000000801b08c       0x2c /tmp/ccND6UJK.ltrans10.ltrans.o
 .rodata        0x000000000801b0b8        0x4 /tmp/ccND6UJK.ltrans11.ltrans.o
 .rodata        0x000000000801b0bc      0x4ae /tmp/ccND6UJK.ltrans12.ltrans.o
                0x000000000801b0bc                servoMixers
                0x000000000801b1a0                mixers
                0x000000000801b278                mixerQuadX1234.lto_priv.540
                0x000000000801b2b8                mixerAtail4.lto_priv.539
                0x000000000801b2f8                mixerVtail4.lto_priv.538
                0x000000000801b338                mixerHex6X.lto_priv.537
                0x000000000801b398                mixerY4.lto_priv.536
                0x000000000801b3d8                mixerSingleProp.lto_priv.535
                0x000000000801b3e8                mixerQuadX.lto_priv.534
                0x000000000801b428                mixerQuadP.lto_priv.533
                0x000000000801b468                mixerTricopter.lto_priv.532
                0x000000000801b498                servoMixerSingle.lto_priv.531
                0x000000000801b4d0                servoMixerHeli.lto_priv.530
                0x000000000801b50f                servoMixerAirplane.lto_priv.529
                0x000000000801b532                servoMixerFlyingWing.lto_priv.528
                0x000000000801b555                servoMixerGimbal.lto_priv.527
                0x000000000801b563                servoMixerTri.lto_priv.526
 *fill*         0x000000000801b56a        0x2 
 .rodata        0x000000000801b56c       0x58 /tmp/ccND6UJK.ltrans13.ltrans.o
                0x000000000801b584                baudRates
 .rodata        0x000000000801b5c4       0x22 /tmp/ccND6UJK.ltrans14.ltrans.o
 *fill*         0x000000000801b5e6        0x2 
 .rodata        0x000000000801b5e8      0x3cc /tmp/ccND6UJK.ltrans15.ltrans.o
                0x000000000801b760                mixerNames.lto_priv.334
                0x000000000801b7cc                featureNames.lto_priv.335
                0x000000000801b848                beeperTable
                0x000000000801b944                rxFailsafeModeCharacters.lto_priv.362
                0x000000000801b948                beep_armedBeep.lto_priv.350
                0x000000000801b94d                beep_disarmRepeatBeep.lto_priv.349
                0x000000000801b951                beep_readyBeep.lto_priv.348
                0x000000000801b960                beep_2longerBeeps.lto_priv.347
                0x000000000801b965                beep_2shortBeeps.lto_priv.346
                0x000000000801b96a                beep_shortBeep.lto_priv.345
                0x000000000801b96d                beep_lowBatteryBeep.lto_priv.343
                0x000000000801b970                beep_critBatteryBeep.lto_priv.342
                0x000000000801b973                beep_armedGpsFix.lto_priv.341
                0x000000000801b97c                beep_armingBeep.lto_priv.340
                0x000000000801b981                beep_disarmBeep.lto_priv.339
                0x000000000801b986                beep_sos.lto_priv.338
                0x000000000801b999                beep_txLostBeep.lto_priv.337
                0x000000000801b99c                beep_gyroCalibrated.lto_priv.336
                0x000000000801b9a4                shortGitRevision
                0x000000000801b9a8                buildTime
                0x000000000801b9ac                buildDate
                0x000000000801b9b0                targetName
 .rodata        0x000000000801b9b4       0x28 /tmp/ccND6UJK.ltrans16.ltrans.o
 .rodata        0x000000000801b9dc       0x15 /tmp/ccND6UJK.ltrans17.ltrans.o
                0x000000000801b9dc                rcChannelLetters
 *fill*         0x000000000801b9f1        0x3 
 .rodata        0x000000000801b9f4      0xc34 /tmp/ccND6UJK.ltrans18.ltrans.o
                0x000000000801b9f4                valueTable
                0x000000000801c340                lookupTables
                0x000000000801c3e8                lookupTableBusType.lto_priv.380
                0x000000000801c3f8                lookupTableCrashRecovery.lto_priv.379
                0x000000000801c404                lookupTableFailsafe.lto_priv.378
                0x000000000801c40c                lookupTableLowpassType.lto_priv.377
                0x000000000801c418                lookupTableRcInterpolationChannels.lto_priv.376
                0x000000000801c424                lookupTableRcInterpolation.lto_priv.375
                0x000000000801c434                lookupTablePwmProtocol.lto_priv.374
                0x000000000801c448                lookupTableSuperExpoYaw.lto_priv.373
                0x000000000801c454                debugModeNames
                0x000000000801c4d4                lookupTableBaroHardware
                0x000000000801c4e8                lookupTableAccHardware
                0x000000000801c52c                lookupTableGyroHardware
                0x000000000801c56c                lookupTableGyroLpf.lto_priv.372
                0x000000000801c58c                lookupTableSerialRX.lto_priv.371
                0x000000000801c5b8                lookupTableGimbalMode.lto_priv.370
                0x000000000801c5c0                lookupTableBatterySensor.lto_priv.369
                0x000000000801c5cc                lookupTableCurrentSensor.lto_priv.368
                0x000000000801c5e0                lookupTableBlackboxDevice.lto_priv.367
                0x000000000801c5f0                lookupTableAlignment.lto_priv.366
                0x000000000801c614                lookupTableUnit.lto_priv.365
                0x000000000801c61c                lookupTableOffOn.lto_priv.364
                0x000000000801c624                isDshot.lto_priv.381
                0x000000000801c626                valueTableEntryCount
 .rodata        0x000000000801c628      0x168 /tmp/ccND6UJK.ltrans19.ltrans.o
                0x000000000801c628                _reset_template_121.9523.lto_priv.600
                0x000000000801c678                cmdTable
 .rodata        0x000000000801c790       0x68 /tmp/ccND6UJK.ltrans20.ltrans.o
                0x000000000801c790                hsv
 .rodata        0x000000000801c7f8       0x17 /tmp/ccND6UJK.ltrans21.ltrans.o
 .rodata        0x000000000801c80f       0x13 /tmp/ccND6UJK.ltrans22.ltrans.o
                0x000000000801c80f                directionCodes.lto_priv.355
                0x000000000801c815                baseFunctionCodes.lto_priv.356
                0x000000000801c81c                overlayCodes.lto_priv.357
 *fill*         0x000000000801c822        0x2 
 .rodata        0x000000000801c824      0x110 /tmp/ccND6UJK.ltrans23.ltrans.o
                0x000000000801c854                timerHardware
 .rodata        0x000000000801c934        0xc /tmp/ccND6UJK.ltrans25.ltrans.o
 .rodata        0x000000000801c940        0xc /tmp/ccND6UJK.ltrans28.ltrans.o
 .rodata        0x000000000801c94c      0x101 /usr/lib/gcc/arm-none-eabi/6.3.1/../../../arm-none-eabi/lib/thumb/v7-m/libc_nano.a(lib_a-ctype_.o)
                0x000000000801c94c                _ctype_
 *fill*         0x000000000801ca4d        0x3 
 .rodata        0x000000000801ca50        0x8 /usr/lib/gcc/arm-none-eabi/6.3.1/../../../arm-none-eabi/lib/thumb/v7-m/libm.a(lib_a-sf_lrint.o)
 .rodata        0x000000000801ca58       0x10 /usr/lib/gcc/arm-none-eabi/6.3.1/../../../arm-none-eabi/lib/thumb/v7-m/libm.a(lib_a-s_rint.o)
 *(.rodata*)
 .rodata.str1.1
                0x000000000801ca68        0xb /tmp/ccND6UJK.ltrans0.ltrans.o
 .rodata.str1.1
                0x000000000801ca73      0x501 /tmp/ccND6UJK.ltrans1.ltrans.o
                                        0x537 (size before relaxing)
 .rodata.str1.1
                0x000000000801cf74       0x40 /tmp/ccND6UJK.ltrans2.ltrans.o
                                         0x56 (size before relaxing)
 .rodata.str1.1
                0x000000000801cfb4       0x25 /tmp/ccND6UJK.ltrans7.ltrans.o
                                         0x27 (size before relaxing)
 .rodata.str1.1
                0x000000000801cfd9      0x2fd /tmp/ccND6UJK.ltrans9.ltrans.o
                                        0x32e (size before relaxing)
 .rodata.str1.1
                0x000000000801d2d6       0xd4 /tmp/ccND6UJK.ltrans12.ltrans.o
                                         0xee (size before relaxing)
 .rodata.str1.1
                0x000000000801d3aa       0x39 /tmp/ccND6UJK.ltrans13.ltrans.o
                                         0x41 (size before relaxing)
 .rodata.str1.1
                0x000000000801d3e3      0x6b4 /tmp/ccND6UJK.ltrans15.ltrans.o
                                        0x784 (size before relaxing)
 .rodata.str1.1
                0x000000000801da97       0x78 /tmp/ccND6UJK.ltrans17.ltrans.o
                                         0xa1 (size before relaxing)
 .rodata.str1.1
                0x000000000801db0f      0xd2a /tmp/ccND6UJK.ltrans18.ltrans.o
                                        0xfe2 (size before relaxing)
 .rodata.str1.1
                0x000000000801e839       0xb0 /tmp/ccND6UJK.ltrans19.ltrans.o
                                         0xf4 (size before relaxing)
 .rodata.str1.1
                0x000000000801e8e9        0xf /tmp/ccND6UJK.ltrans22.ltrans.o
 .rodata.str1.1
                0x000000000801e8f8        0xf /tmp/ccND6UJK.ltrans24.ltrans.o
 .rodata.str1.4
                0x000000000801e8f8        0x2 /usr/lib/gcc/arm-none-eabi/6.3.1/../../../arm-none-eabi/lib/thumb/v7-m/libc_nano.a(lib_a-impure.o)
 *fill*         0x000000000801e8fa        0x2 
 .rodata.str1.4
                0x000000000801e8fc        0x5 /usr/lib/gcc/arm-none-eabi/6.3.1/../../../arm-none-eabi/lib/thumb/v7-m/libm.a(lib_a-wf_log.o)
                                          0x9 (size before relaxing)
 *fill*         0x000000000801e901        0x3 
 .rodata.str1.4
                0x000000000801e904        0x5 /usr/lib/gcc/arm-none-eabi/6.3.1/../../../arm-none-eabi/lib/thumb/v7-m/libm.a(lib_a-wf_pow.o)
 *fill*         0x000000000801e909        0x3 
 .rodata.str1.4
                0x000000000801e90c        0x8 /usr/lib/gcc/arm-none-eabi/6.3.1/../../../arm-none-eabi/lib/thumb/v7-m/libm.a(lib_a-wf_sqrt.o)
                                          0x6 (size before relaxing)
 .rodata.str1.4
                0x000000000801e914        0x1 /usr/lib/gcc/arm-none-eabi/6.3.1/../../../arm-none-eabi/lib/thumb/v7-m/libm.a(lib_a-ef_pow.o)
 *(.glue_7)
 .glue_7        0x000000000801e914        0x0 linker stubs
 *(.glue_7t)
 .glue_7t       0x000000000801e914        0x0 linker stubs
 *(.eh_frame)
 *(.init)
 *(.fini)
                0x000000000801e918                . = ALIGN (0x4)
                0x000000000801e918                _etext = .

.vfp11_veneer   0x000000000801e914        0x0
 .vfp11_veneer  0x000000000801e914        0x0 linker stubs

.v4_bx          0x000000000801e914        0x0
 .v4_bx         0x000000000801e914        0x0 linker stubs

.iplt           0x000000000801e914        0x0
 .iplt          0x000000000801e914        0x0 obj/main/NAZE/startup_stm32f10x_md_gcc.o

.ARM.extab
 *(.ARM.extab* .gnu.linkonce.armextab.*)

.ARM            0x000000000801e914        0x8
                0x000000000801e914                __exidx_start = .
 *(.ARM.exidx*)
 .ARM.exidx     0x000000000801e914        0x8 /usr/lib/gcc/arm-none-eabi/6.3.1/thumb/v7-m/libgcc.a(_udivmoddi4.o)
                0x000000000801e91c                __exidx_end = .

.preinit_array  0x000000000801e91c        0x0
                [!provide]                        PROVIDE (__preinit_array_start, .)
 *(.preinit_array*)
                [!provide]                        PROVIDE (__preinit_array_end, .)

.init_array     0x000000000801e91c        0x0
                [!provide]                        PROVIDE (__init_array_start, .)
 *(SORT(.init_array.*))
 *(.init_array*)
                [!provide]                        PROVIDE (__init_array_end, .)

.fini_array     0x000000000801e91c        0x0
                [!provide]                        PROVIDE (__fini_array_start, .)
 *(.fini_array*)
 *(SORT(.fini_array.*))
                [!provide]                        PROVIDE (__fini_array_end, .)

.pg_registry    0x000000000801e91c      0x3c0
                0x000000000801e91c                PROVIDE (__pg_registry_start, .)
 *(.pg_registry)
 .pg_registry   0x000000000801e91c       0xa0 /tmp/ccND6UJK.ltrans0.ltrans.o
                0x000000000801e91c                spiPinConfig_Registry
                0x000000000801e930                flashConfig_Registry
                0x000000000801e944                boardAlignment_Registry
                0x000000000801e958                adcConfig_Registry
                0x000000000801e96c                beeperDevConfig_Registry
                0x000000000801e980                pwmConfig_Registry
                0x000000000801e994                ppmConfig_Registry
                0x000000000801e9a8                statusLedConfig_Registry
 .pg_registry   0x000000000801e9bc       0x8c /tmp/ccND6UJK.ltrans1.ltrans.o
                0x000000000801e9bc                airplaneConfig_Registry
                0x000000000801e9d0                armingConfig_Registry
                0x000000000801e9e4                rcControlsConfig_Registry
                0x000000000801e9f8                controlRateProfiles_Registry
                0x000000000801ea0c                currentSensorADCConfig_Registry
                0x000000000801ea20                voltageSensorADCConfig_Registry
                0x000000000801ea34                throttleCorrectionConfig_Registry
 .pg_registry   0x000000000801ea48       0x14 /tmp/ccND6UJK.ltrans2.ltrans.o
                0x000000000801ea48                imuConfig_Registry
 .pg_registry   0x000000000801ea5c       0x14 /tmp/ccND6UJK.ltrans3.ltrans.o
                0x000000000801ea5c                vcdProfile_Registry
 .pg_registry   0x000000000801ea70       0x14 /tmp/ccND6UJK.ltrans7.ltrans.o
                0x000000000801ea70                i2cConfig_Registry
 .pg_registry   0x000000000801ea84       0x28 /tmp/ccND6UJK.ltrans11.ltrans.o
                0x000000000801ea84                compassConfig_Registry
                0x000000000801ea98                accelerometerConfig_Registry
 .pg_registry   0x000000000801eaac       0x28 /tmp/ccND6UJK.ltrans13.ltrans.o
                0x000000000801eaac                mixerConfig_Registry
                0x000000000801eac0                motorConfig_Registry
 .pg_registry   0x000000000801ead4       0x8c /tmp/ccND6UJK.ltrans15.ltrans.o
                0x000000000801ead4                systemConfig_Registry
                0x000000000801eae8                adjustmentRanges_Registry
                0x000000000801eafc                modeActivationConditions_Registry
                0x000000000801eb10                beeperConfig_Registry
                0x000000000801eb24                featureConfig_Registry
                0x000000000801eb38                customMotorMixer_Registry
                0x000000000801eb4c                pilotConfig_Registry
 .pg_registry   0x000000000801eb60       0x14 /tmp/ccND6UJK.ltrans16.ltrans.o
                0x000000000801eb60                serialPinConfig_Registry
 .pg_registry   0x000000000801eb74       0x28 /tmp/ccND6UJK.ltrans17.ltrans.o
                0x000000000801eb74                rxChannelRangeConfigs_Registry
                0x000000000801eb88                rxFailsafeChannelConfigs_Registry
 .pg_registry   0x000000000801eb9c       0x28 /tmp/ccND6UJK.ltrans19.ltrans.o
                0x000000000801eb9c                failsafeConfig_Registry
                0x000000000801ebb0                pidProfiles_Registry
 .pg_registry   0x000000000801ebc4       0x3c /tmp/ccND6UJK.ltrans20.ltrans.o
                0x000000000801ebc4                batteryConfig_Registry
                0x000000000801ebd8                ledStripConfig_Registry
                0x000000000801ebec                barometerConfig_Registry
 .pg_registry   0x000000000801ec00       0x14 /tmp/ccND6UJK.ltrans21.ltrans.o
                0x000000000801ec00                telemetryConfig_Registry
 .pg_registry   0x000000000801ec14       0x14 /tmp/ccND6UJK.ltrans22.ltrans.o
                0x000000000801ec14                serialConfig_Registry
 .pg_registry   0x000000000801ec28       0x14 /tmp/ccND6UJK.ltrans23.ltrans.o
                0x000000000801ec28                blackboxConfig_Registry
 .pg_registry   0x000000000801ec3c       0x28 /tmp/ccND6UJK.ltrans24.ltrans.o
                0x000000000801ec3c                gyroConfig_Registry
                0x000000000801ec50                rxConfig_Registry
 .pg_registry   0x000000000801ec64       0x64 /tmp/ccND6UJK.ltrans25.ltrans.o
                0x000000000801ec64                pidConfig_Registry
                0x000000000801ec78                customServoMixers_Registry
                0x000000000801ec8c                gimbalConfig_Registry
                0x000000000801eca0                servoParams_Registry
                0x000000000801ecb4                servoConfig_Registry
 .pg_registry   0x000000000801ecc8       0x14 /tmp/ccND6UJK.ltrans29.ltrans.o
                0x000000000801ecc8                flight3DConfig_Registry
 *(SORT(.pg_registry.*))
                0x000000000801ecdc                PROVIDE (__pg_registry_end, .)

.pg_resetdata   0x000000000801ecdc       0x9c
                0x000000000801ecdc                PROVIDE (__pg_resetdata_start, .)
 *(.pg_resetdata)
 .pg_resetdata  0x000000000801ecdc        0x6 /tmp/ccND6UJK.ltrans0.ltrans.o
                0x000000000801ecdc                pgResetTemplate_beeperDevConfig
 .pg_resetdata  0x000000000801ece2       0x14 /tmp/ccND6UJK.ltrans1.ltrans.o
                0x000000000801ece2                pgResetTemplate_airplaneConfig
                0x000000000801ece4                pgResetTemplate_armingConfig
                0x000000000801ece8                pgResetTemplate_rcControlsConfig
                0x000000000801ecee                pgResetTemplate_currentSensorADCConfig
                0x000000000801ecf2                pgResetTemplate_throttleCorrectionConfig
 .pg_resetdata  0x000000000801ecf6        0x8 /tmp/ccND6UJK.ltrans2.ltrans.o
                0x000000000801ecf6                pgResetTemplate_imuConfig
 .pg_resetdata  0x000000000801ecfe        0x2 /tmp/ccND6UJK.ltrans13.ltrans.o
                0x000000000801ecfe                pgResetTemplate_mixerConfig
 .pg_resetdata  0x000000000801ed00       0x2d /tmp/ccND6UJK.ltrans15.ltrans.o
                0x000000000801ed00                pgResetTemplate_systemConfig
                0x000000000801ed0c                pgResetTemplate_beeperConfig
                0x000000000801ed18                pgResetTemplate_featureConfig
                0x000000000801ed1c                pgResetTemplate_pilotConfig
 *fill*         0x000000000801ed2d        0x1 
 .pg_resetdata  0x000000000801ed2e        0x8 /tmp/ccND6UJK.ltrans19.ltrans.o
                0x000000000801ed2e                pgResetTemplate_failsafeConfig
 .pg_resetdata  0x000000000801ed36       0x10 /tmp/ccND6UJK.ltrans20.ltrans.o
                0x000000000801ed36                pgResetTemplate_batteryConfig
 .pg_resetdata  0x000000000801ed46        0xe /tmp/ccND6UJK.ltrans21.ltrans.o
                0x000000000801ed46                pgResetTemplate_telemetryConfig
 .pg_resetdata  0x000000000801ed54        0x6 /tmp/ccND6UJK.ltrans23.ltrans.o
                0x000000000801ed54                pgResetTemplate_blackboxConfig
 .pg_resetdata  0x000000000801ed5a       0x14 /tmp/ccND6UJK.ltrans24.ltrans.o
                0x000000000801ed5a                pgResetTemplate_gyroConfig
 .pg_resetdata  0x000000000801ed6e        0x1 /tmp/ccND6UJK.ltrans25.ltrans.o
                0x000000000801ed6e                pgResetTemplate_pidConfig
 *fill*         0x000000000801ed6f        0x1 
 .pg_resetdata  0x000000000801ed70        0x8 /tmp/ccND6UJK.ltrans29.ltrans.o
                0x000000000801ed70                pgResetTemplate_flight3DConfig
                0x000000000801ed78                PROVIDE (__pg_resetdata_end, .)
                0x000000000801ed78                _sidata = .

.rel.dyn        0x000000000801ed78        0x0
 .rel.iplt      0x000000000801ed78        0x0 obj/main/NAZE/startup_stm32f10x_md_gcc.o

.data           0x0000000020000000      0x324 load address 0x000000000801ed78
                0x0000000020000000                . = ALIGN (0x4)
                0x0000000020000000                _sdata = .
 *(.data)
 .data          0x0000000020000000       0x30 /tmp/ccND6UJK.ltrans1.ltrans.o
                0x0000000020000010                isUsingSticksToArm.lto_priv.430
 .data          0x0000000020000030        0x1 /tmp/ccND6UJK.ltrans11.ltrans.o
                0x0000000020000030                standardBoardAlignment.lto_priv.503
 .data          0x0000000020000031        0x2 /tmp/ccND6UJK.ltrans14.ltrans.o
 *fill*         0x0000000020000033        0x1 
 .data          0x0000000020000034       0xc8 /tmp/ccND6UJK.ltrans15.ltrans.o
                0x0000000020000034                SystemCoreClock
                0x0000000020000038                dmaDescriptors.lto_priv.459
 .data          0x00000000200000fc      0x150 /tmp/ccND6UJK.ltrans17.ltrans.o
                0x0000000020000108                rxIsInFailsafeModeNotDataDriven.lto_priv.591
                0x0000000020000109                rxIsInFailsafeMode.lto_priv.592
                0x000000002000010c                cfTasks
 .data          0x000000002000024c       0x48 /tmp/ccND6UJK.ltrans19.ltrans.o
                0x0000000020000274                q.lto_priv.423
                0x0000000020000284                headfree
 .data          0x0000000020000294        0x4 /tmp/ccND6UJK.ltrans20.ltrans.o
 .data          0x0000000020000298        0x4 /tmp/ccND6UJK.ltrans21.ltrans.o
                0x0000000020000298                hse_value
 .data          0x000000002000029c       0x10 /tmp/ccND6UJK.ltrans23.ltrans.o
                0x000000002000029c                geometry.lto_priv.224
 .data          0x00000000200002ac        0x2 /tmp/ccND6UJK.ltrans24.ltrans.o
                0x00000000200002ac                pif_id
 *fill*         0x00000000200002ae        0x2 
 .data          0x00000000200002b0        0x4 /tmp/ccND6UJK.ltrans26.ltrans.o
 .data          0x00000000200002b4        0x1 /tmp/ccND6UJK.ltrans28.ltrans.o
                0x00000000200002b4                ppmCountDivisor.lto_priv.511
 *fill*         0x00000000200002b5        0x3 
 .data          0x00000000200002b8        0x4 /usr/lib/gcc/arm-none-eabi/6.3.1/../../../arm-none-eabi/lib/thumb/v7-m/libc_nano.a(lib_a-ctype_.o)
                0x00000000200002b8                __ctype_ptr__
 .data          0x00000000200002bc       0x64 /usr/lib/gcc/arm-none-eabi/6.3.1/../../../arm-none-eabi/lib/thumb/v7-m/libc_nano.a(lib_a-impure.o)
                0x00000000200002bc                _impure_ptr
 .data          0x0000000020000320        0x1 /usr/lib/gcc/arm-none-eabi/6.3.1/../../../arm-none-eabi/lib/thumb/v7-m/libm.a(lib_a-s_lib_ver.o)
                0x0000000020000320                __fdlib_version
 *(.data*)
                0x0000000020000324                . = ALIGN (0x4)
 *fill*         0x0000000020000321        0x3 
                0x0000000020000324                _edata = .

.igot.plt       0x0000000020000324        0x0 load address 0x000000000801f09c
 .igot.plt      0x0000000020000324        0x0 obj/main/NAZE/startup_stm32f10x_md_gcc.o
                0x0000000020000324                . = ALIGN (0x4)

.bss            0x0000000020000324     0x3b40 load address 0x000000000801f09c
                0x0000000020000324                _sbss = .
                0x0000000020000324                __bss_start__ = _sbss
 *(.bss)
 .bss           0x0000000020000324      0xa54 /tmp/ccND6UJK.ltrans0.ltrans.o
                0x00000000200007dc                stdout_putf.lto_priv.634
                0x00000000200007e0                stdout_putp.lto_priv.633
                0x00000000200007e4                pif_datetime
                0x00000000200007ec                g_timer_1ms
                0x0000000020000814                usTicks.lto_priv.622
                0x0000000020000818                hardwareRevision
                0x0000000020000819                systemState
                0x000000002000081a                ledInversion.lto_priv.628
                0x0000000020000820                leds.lto_priv.629
                0x000000002000082c                extiChannelRecs
                0x000000002000086c                extiGroupPriority.lto_priv.648
                0x0000000020000874                uartDevmap
                0x0000000020000880                serialPortCount.lto_priv.548
                0x000000002000096e                beeperDevConfig_System
                0x0000000020000974                beeperFrequency.lto_priv.623
                0x0000000020000978                beeperIO.lto_priv.624
                0x000000002000097c                beeperInverted.lto_priv.625
                0x0000000020000980                beeperPwm.lto_priv.626
                0x0000000020000998                freqBeep.lto_priv.627
                0x000000002000099c                pSerialPinConfig.lto_priv.650
                0x00000000200009b4                adcOperatingConfig
                0x00000000200009c8                adcValues
                0x00000000200009d0                boardAlignment_System
                0x00000000200009dc                accVelScale
                0x00000000200009e0                activeBoxIds.lto_priv.612
                0x00000000200009e8                mspPorts.lto_priv.545
                0x0000000020000c4c                rcSampleIndex.lto_priv.588
                0x0000000020000c50                rcInvalidPulsPeriod
                0x0000000020000c98                rxChannelCount.lto_priv.589
                0x0000000020000ca0                hottEAMMessage.lto_priv.567
                0x0000000020000ccc                bus.lto_priv.640
                0x0000000020000cdc                flashConfig_System
                0x0000000020000cde                isLargeFlash.lto_priv.641
                0x0000000020000cdf                couldBeBusy.lto_priv.642
                0x0000000020000ce0                voltageState.lto_priv.599
                0x0000000020000ce2                batteryWarningVoltage
                0x0000000020000ce4                batteryCriticalVoltage
                0x0000000020000ce8                voltageMeterADCStates
                0x0000000020000d10                consumptionState.lto_priv.598
                0x0000000020000d14                currentMeterADCState
                0x0000000020000d24                adciBatFilter.lto_priv.544
 .bss           0x0000000020000d78      0x246 /tmp/ccND6UJK.ltrans1.ltrans.o
                0x0000000020000d80                rcControlsConfig_System
                0x0000000020000d88                lowVoltageCutoff.lto_priv.439
                0x0000000020000da0                altHoldThrottleAdjustment.lto_priv.576
                0x0000000020000da4                initialThrottleHold.lto_priv.580
                0x0000000020000da8                errorVelocityI.lto_priv.579
                0x0000000020000db0                AltHold
                0x0000000020000db4                estimatedAltitude.lto_priv.561
                0x0000000020000db8                setVelocity.lto_priv.578
                0x0000000020000dbc                velocityControl.lto_priv.577
                0x0000000020000dcc                throttleCorrectionConfig_System
                0x0000000020000dd0                throttleAngleScale.lto_priv.616
                0x0000000020000dd4                isRXDataNew
                0x0000000020000e48                motorOutputHigh
                0x0000000020000e4c                voltageSensorADCConfig_SystemArray
                0x0000000020000e50                currentSensorADCConfig_System
                0x0000000020000e54                controlRateProfiles_SystemArray
                0x0000000020000e78                armingConfig_System
                0x0000000020000ea0                firstArmingCalibrationWasStarted
                0x0000000020000eb4                inCrashRecoveryMode.lto_priv.584
                0x0000000020000ec4                pidStabilisationEnabled.lto_priv.583
                0x0000000020000ece                rcCommand3dDeadBandLow.lto_priv.520
                0x0000000020000ed4                deadbandMotor3dLow.lto_priv.518
                0x0000000020000eec                rcCommandThrottleRange3dLow.lto_priv.522