Archive member included to satisfy reference by file (symbol)

/usr/lib/gcc/arm-none-eabi/4.9.3/../../../arm-none-eabi/lib/armv7-m/libc_nano.a(lib_a-atoi.o)
                              obj/main/NAZE/../controller/io/ledstrip.o (symbol from plugin) (atoi)
/usr/lib/gcc/arm-none-eabi/4.9.3/../../../arm-none-eabi/lib/armv7-m/libc_nano.a(lib_a-ctype_.o)
                              obj/main/NAZE/../controller/flight/gps_conversion.o (symbol from plugin) (__ctype_ptr__)
/usr/lib/gcc/arm-none-eabi/4.9.3/../../../arm-none-eabi/lib/armv7-m/libc_nano.a(lib_a-strtok.o)
                              obj/main/NAZE/../controller/io/serial_cli.o (symbol from plugin) (strtok)
/usr/lib/gcc/arm-none-eabi/4.9.3/../../../arm-none-eabi/lib/armv7-m/libc_nano.a(lib_a-strtok_r.o)
                              /usr/lib/gcc/arm-none-eabi/4.9.3/../../../arm-none-eabi/lib/armv7-m/libc_nano.a(lib_a-strtok.o) (__strtok_r)
/usr/lib/gcc/arm-none-eabi/4.9.3/../../../arm-none-eabi/lib/armv7-m/libc_nano.a(lib_a-strtol.o)
                              /usr/lib/gcc/arm-none-eabi/4.9.3/../../../arm-none-eabi/lib/armv7-m/libc_nano.a(lib_a-atoi.o) (_strtol_r)
/usr/lib/gcc/arm-none-eabi/4.9.3/../../../arm-none-eabi/lib/armv7-m/libc_nano.a(lib_a-impure.o)
                              /usr/lib/gcc/arm-none-eabi/4.9.3/../../../arm-none-eabi/lib/armv7-m/libc_nano.a(lib_a-strtok.o) (_impure_ptr)
/usr/lib/gcc/arm-none-eabi/4.9.3/../../../arm-none-eabi/lib/armv7-m/libc_nano.a(lib_a-malloc.o)
                              /usr/lib/gcc/arm-none-eabi/4.9.3/../../../arm-none-eabi/lib/armv7-m/libc_nano.a(lib_a-strtok.o) (malloc)
/usr/lib/gcc/arm-none-eabi/4.9.3/../../../arm-none-eabi/lib/armv7-m/libc_nano.a(lib_a-nano-freer.o)
                              /usr/lib/gcc/arm-none-eabi/4.9.3/../../../arm-none-eabi/lib/armv7-m/libc_nano.a(lib_a-malloc.o) (_free_r)
/usr/lib/gcc/arm-none-eabi/4.9.3/../../../arm-none-eabi/lib/armv7-m/libc_nano.a(lib_a-nano-mallocr.o)
                              /usr/lib/gcc/arm-none-eabi/4.9.3/../../../arm-none-eabi/lib/armv7-m/libc_nano.a(lib_a-malloc.o) (_malloc_r)
/usr/lib/gcc/arm-none-eabi/4.9.3/../../../arm-none-eabi/lib/armv7-m/libc_nano.a(lib_a-sbrkr.o)
                              /usr/lib/gcc/arm-none-eabi/4.9.3/../../../arm-none-eabi/lib/armv7-m/libc_nano.a(lib_a-nano-mallocr.o) (_sbrk_r)
/usr/lib/gcc/arm-none-eabi/4.9.3/../../../arm-none-eabi/lib/armv7-m/libc_nano.a(lib_a-reent.o)
                              /usr/lib/gcc/arm-none-eabi/4.9.3/../../../arm-none-eabi/lib/armv7-m/libc_nano.a(lib_a-sbrkr.o) (errno)
/usr/lib/gcc/arm-none-eabi/4.9.3/../../../arm-none-eabi/lib/armv7-m/libnosys.a(sbrk.o)
                              /usr/lib/gcc/arm-none-eabi/4.9.3/../../../arm-none-eabi/lib/armv7-m/libc_nano.a(lib_a-sbrkr.o) (_sbrk)
/usr/lib/gcc/arm-none-eabi/4.9.3/../../../arm-none-eabi/lib/armv7-m/libm.a(lib_a-sf_lrint.o)
                              /tmp/cclViJVC.ltrans1.ltrans.o (lrintf)
/usr/lib/gcc/arm-none-eabi/4.9.3/../../../arm-none-eabi/lib/armv7-m/libm.a(lib_a-wf_pow.o)
                              /tmp/cclViJVC.ltrans21.ltrans.o (powf)
/usr/lib/gcc/arm-none-eabi/4.9.3/../../../arm-none-eabi/lib/armv7-m/libm.a(lib_a-wf_sqrt.o)
                              /tmp/cclViJVC.ltrans1.ltrans.o (sqrtf)
/usr/lib/gcc/arm-none-eabi/4.9.3/../../../arm-none-eabi/lib/armv7-m/libm.a(lib_a-ef_pow.o)
                              /usr/lib/gcc/arm-none-eabi/4.9.3/../../../arm-none-eabi/lib/armv7-m/libm.a(lib_a-wf_pow.o) (__ieee754_powf)
/usr/lib/gcc/arm-none-eabi/4.9.3/../../../arm-none-eabi/lib/armv7-m/libm.a(lib_a-ef_sqrt.o)
                              /usr/lib/gcc/arm-none-eabi/4.9.3/../../../arm-none-eabi/lib/armv7-m/libm.a(lib_a-wf_sqrt.o) (__ieee754_sqrtf)
/usr/lib/gcc/arm-none-eabi/4.9.3/../../../arm-none-eabi/lib/armv7-m/libm.a(lib_a-s_lib_ver.o)
                              /usr/lib/gcc/arm-none-eabi/4.9.3/../../../arm-none-eabi/lib/armv7-m/libm.a(lib_a-wf_pow.o) (__fdlib_version)
/usr/lib/gcc/arm-none-eabi/4.9.3/../../../arm-none-eabi/lib/armv7-m/libm.a(lib_a-s_matherr.o)
                              /usr/lib/gcc/arm-none-eabi/4.9.3/../../../arm-none-eabi/lib/armv7-m/libm.a(lib_a-wf_pow.o) (matherr)
/usr/lib/gcc/arm-none-eabi/4.9.3/../../../arm-none-eabi/lib/armv7-m/libm.a(lib_a-s_rint.o)
                              /usr/lib/gcc/arm-none-eabi/4.9.3/../../../arm-none-eabi/lib/armv7-m/libm.a(lib_a-wf_pow.o) (rint)
/usr/lib/gcc/arm-none-eabi/4.9.3/../../../arm-none-eabi/lib/armv7-m/libm.a(lib_a-sf_fabs.o)
                              /usr/lib/gcc/arm-none-eabi/4.9.3/../../../arm-none-eabi/lib/armv7-m/libm.a(lib_a-ef_pow.o) (fabsf)
/usr/lib/gcc/arm-none-eabi/4.9.3/../../../arm-none-eabi/lib/armv7-m/libm.a(lib_a-sf_finite.o)
                              /usr/lib/gcc/arm-none-eabi/4.9.3/../../../arm-none-eabi/lib/armv7-m/libm.a(lib_a-wf_pow.o) (finitef)
/usr/lib/gcc/arm-none-eabi/4.9.3/../../../arm-none-eabi/lib/armv7-m/libm.a(lib_a-sf_fpclassify.o)
[...]
Memory Configuration

Name             Origin             Length             Attributes
FLASH            0x08000000         0x0001f000         xr
RAM              0x20000000         0x00005000         xrw
MEMORY_B1        0x60000000         0x00000000         xr
*default*        0x00000000         0xffffffff

Linker script and memory map

LOAD obj/main/NAZE/startup_stm32f10x_md_gcc.o
LOAD obj/main/NAZE/drivers/accgyro_adxl345.o
LOAD /tmp/cclViJVC.ltrans0.ltrans.o
LOAD /tmp/cclViJVC.ltrans1.ltrans.o
LOAD /tmp/cclViJVC.ltrans2.ltrans.o
LOAD /tmp/cclViJVC.ltrans3.ltrans.o
LOAD /tmp/cclViJVC.ltrans4.ltrans.o
LOAD /tmp/cclViJVC.ltrans5.ltrans.o
LOAD /tmp/cclViJVC.ltrans6.ltrans.o
LOAD /tmp/cclViJVC.ltrans7.ltrans.o
LOAD /tmp/cclViJVC.ltrans8.ltrans.o
LOAD /tmp/cclViJVC.ltrans9.ltrans.o
LOAD /tmp/cclViJVC.ltrans10.ltrans.o
LOAD /tmp/cclViJVC.ltrans11.ltrans.o
LOAD /tmp/cclViJVC.ltrans12.ltrans.o
LOAD /tmp/cclViJVC.ltrans13.ltrans.o
LOAD /tmp/cclViJVC.ltrans14.ltrans.o
LOAD /tmp/cclViJVC.ltrans15.ltrans.o
LOAD /tmp/cclViJVC.ltrans16.ltrans.o
LOAD /tmp/cclViJVC.ltrans17.ltrans.o
LOAD /tmp/cclViJVC.ltrans18.ltrans.o
LOAD /tmp/cclViJVC.ltrans19.ltrans.o
LOAD /tmp/cclViJVC.ltrans20.ltrans.o
LOAD /tmp/cclViJVC.ltrans21.ltrans.o
LOAD /tmp/cclViJVC.ltrans22.ltrans.o
LOAD /tmp/cclViJVC.ltrans23.ltrans.o
LOAD /tmp/cclViJVC.ltrans24.ltrans.o
LOAD /tmp/cclViJVC.ltrans25.ltrans.o
LOAD /tmp/cclViJVC.ltrans26.ltrans.o
LOAD /tmp/cclViJVC.ltrans27.ltrans.o
LOAD /tmp/cclViJVC.ltrans28.ltrans.o
LOAD obj/main/NAZE/drivers/accgyro_bma280.o
LOAD obj/main/NAZE/drivers/accgyro_l3g4200d.o
LOAD obj/main/NAZE/drivers/accgyro_mma845x.o
LOAD obj/main/NAZE/drivers/accgyro_mpu.o
LOAD obj/main/NAZE/drivers/accgyro_mpu3050.o
LOAD obj/main/NAZE/drivers/accgyro_mpu6050.o
LOAD obj/main/NAZE/drivers/accgyro_mpu6500.o
LOAD obj/main/NAZE/drivers/accgyro_spi_mpu6500.o
LOAD obj/main/NAZE/drivers/adc.o
LOAD obj/main/NAZE/drivers/adc_stm32f10x.o
LOAD obj/main/NAZE/drivers/barometer_bmp085.o
LOAD obj/main/NAZE/drivers/barometer_ms5611.o
LOAD obj/main/NAZE/drivers/barometer_bmp280.o
LOAD obj/main/NAZE/drivers/bus_spi.o
LOAD obj/main/NAZE/drivers/bus_i2c_stm32f10x.o
LOAD obj/main/NAZE/drivers/compass_hmc5883l.o
LOAD obj/main/NAZE/drivers/compass_qmc5883l.o
LOAD obj/main/NAZE/drivers/display_ug2864hsweg01.o
LOAD obj/main/NAZE/drivers/flash_m25p16.o
LOAD obj/main/NAZE/drivers/gpio_stm32f10x.o
LOAD obj/main/NAZE/drivers/inverter.o
LOAD obj/main/NAZE/drivers/light_led_stm32f10x.o
LOAD obj/main/NAZE/drivers/light_ws2811strip.o
LOAD obj/main/NAZE/drivers/light_ws2811strip_stm32f10x.o
LOAD obj/main/NAZE/drivers/sonar_hcsr04.o
LOAD obj/main/NAZE/drivers/pwm_mapping.o
LOAD obj/main/NAZE/drivers/pwm_output.o
LOAD obj/main/NAZE/drivers/pwm_rx.o
LOAD obj/main/NAZE/drivers/serial_softserial.o
LOAD obj/main/NAZE/drivers/serial_uart.o
LOAD obj/main/NAZE/drivers/serial_uart_stm32f10x.o
LOAD obj/main/NAZE/drivers/sound_beeper_stm32f10x.o
LOAD obj/main/NAZE/drivers/system_stm32f10x.o
LOAD obj/main/NAZE/drivers/timer.o
LOAD obj/main/NAZE/drivers/timer_stm32f10x.o
LOAD obj/main/NAZE/../controller/io/flashfs.o
LOAD obj/main/NAZE/hardware_revision.o
LOAD obj/main/NAZE/../controller/flight/gtune.o
LOAD obj/main/NAZE/../controller/flight/navigation.o
LOAD obj/main/NAZE/../controller/flight/gps_conversion.o
LOAD obj/main/NAZE/../controller/common/colorconversion.o
LOAD obj/main/NAZE/../controller/io/gps.o
LOAD obj/main/NAZE/../controller/io/ledstrip.o
LOAD obj/main/NAZE/../controller/io/display.o
LOAD obj/main/NAZE/../controller/telemetry/telemetry.o
LOAD obj/main/NAZE/../controller/telemetry/frsky.o
LOAD obj/main/NAZE/../controller/telemetry/hott.o
LOAD obj/main/NAZE/../controller/telemetry/smartport.o
LOAD obj/main/NAZE/../controller/telemetry/ltm.o
LOAD obj/main/NAZE/../controller/sensors/sonar.o
LOAD obj/main/NAZE/../controller/sensors/barometer.o
LOAD obj/main/NAZE/../controller/blackbox/blackbox.o
LOAD obj/main/NAZE/../controller/blackbox/blackbox_io.o
LOAD obj/main/NAZE/build_config.o
LOAD obj/main/NAZE/debug.o
LOAD obj/main/NAZE/../controller/version.o
LOAD obj/main/NAZE/../controller/config/config.o
LOAD obj/main/NAZE/../controller/config/runtime_config.o
LOAD obj/main/NAZE/../controller/common/maths.o
LOAD obj/main/NAZE/../controller/common/printf.o
LOAD obj/main/NAZE/../controller/common/typeconversion.o
LOAD obj/main/NAZE/../controller/common/encoding.o
LOAD obj/main/NAZE/../controller/common/filter.o
LOAD obj/main/NAZE/../controller/scheduler.o
LOAD obj/main/NAZE/../controller/scheduler_tasks.o
LOAD obj/main/NAZE/main.o
LOAD obj/main/NAZE/../controller/mw.o
LOAD obj/main/NAZE/../controller/flight/altitudehold.o
LOAD obj/main/NAZE/../controller/flight/failsafe.o
LOAD obj/main/NAZE/../controller/flight/pid.o
LOAD obj/main/NAZE/../controller/flight/imu.o
LOAD obj/main/NAZE/../controller/flight/mixer.o
LOAD obj/main/NAZE/drivers/bus_i2c_soft.o
LOAD obj/main/NAZE/drivers/serial.o
LOAD obj/main/NAZE/drivers/sound_beeper.o
LOAD obj/main/NAZE/drivers/system.o
LOAD obj/main/NAZE/drivers/dma.o
LOAD obj/main/NAZE/drivers/buf_writer.o
LOAD obj/main/NAZE/drivers/gyro_sync.o
LOAD obj/main/NAZE/../controller/io/beeper.o
LOAD obj/main/NAZE/../controller/io/rc_controls.o
LOAD obj/main/NAZE/../controller/io/rc_curves.o
LOAD obj/main/NAZE/../controller/io/serial.o
LOAD obj/main/NAZE/../controller/io/serial_1wire.o
LOAD obj/main/NAZE/../controller/io/serial_cli.o
LOAD obj/main/NAZE/../controller/io/serial_msp.o
LOAD obj/main/NAZE/../controller/io/statusindicator.o
LOAD obj/main/NAZE/../controller/rx/rx.o
LOAD obj/main/NAZE/../controller/rx/pwm.o
LOAD obj/main/NAZE/../controller/rx/msp.o
LOAD obj/main/NAZE/../controller/rx/sbus.o
LOAD obj/main/NAZE/../controller/rx/sumd.o
LOAD obj/main/NAZE/../controller/rx/sumh.o
LOAD obj/main/NAZE/../controller/rx/spektrum.o
LOAD obj/main/NAZE/../controller/rx/xbus.o
LOAD obj/main/NAZE/../controller/rx/ibus.o
LOAD obj/main/NAZE/../controller/sensors/acceleration.o
LOAD obj/main/NAZE/../controller/sensors/battery.o
LOAD obj/main/NAZE/../controller/sensors/boardalignment.o
LOAD obj/main/NAZE/../controller/sensors/compass.o
LOAD obj/main/NAZE/../controller/sensors/gyro.o
LOAD obj/main/NAZE/../controller/sensors/initialisation.o
LOAD obj/main/NAZE/../controller/pif_linker.o
LOAD obj/main/NAZE/core_cm3.o
LOAD obj/main/NAZE/system_stm32f10x.o
LOAD obj/main/NAZE/stm32f10x_dma.o
LOAD obj/main/NAZE/stm32f10x_dbgmcu.o
LOAD obj/main/NAZE/stm32f10x_dac.o
LOAD obj/main/NAZE/stm32f10x_rtc.o
LOAD obj/main/NAZE/stm32f10x_pwr.o
LOAD obj/main/NAZE/stm32f10x_i2c.o
LOAD obj/main/NAZE/stm32f10x_sdio.o
LOAD obj/main/NAZE/stm32f10x_rcc.o
LOAD obj/main/NAZE/stm32f10x_flash.o
LOAD obj/main/NAZE/stm32f10x_usart.o
LOAD obj/main/NAZE/stm32f10x_tim.o
LOAD obj/main/NAZE/stm32f10x_wwdg.o
LOAD obj/main/NAZE/misc.o
LOAD obj/main/NAZE/stm32f10x_iwdg.o
LOAD obj/main/NAZE/stm32f10x_adc.o
LOAD obj/main/NAZE/stm32f10x_spi.o
LOAD obj/main/NAZE/stm32f10x_bkp.o
LOAD obj/main/NAZE/stm32f10x_exti.o
LOAD obj/main/NAZE/stm32f10x_fsmc.o
LOAD obj/main/NAZE/stm32f10x_gpio.o
LOAD obj/main/NAZE/../../pif/source/communication/pif_i2c.o
LOAD obj/main/NAZE/../../pif/source/core/pif.o
LOAD obj/main/NAZE/../../pif/source/core/pif_obj_array.o
LOAD obj/main/NAZE/../../pif/source/core/pif_task.o
LOAD obj/main/NAZE/../../pif/source/core/pif_timer.o
LOAD obj/main/NAZE/../../pif/source/sensor/pif_imu_sensor.o
LOAD obj/main/NAZE/../../pif/source/sensor/pif_bmp280.o
LOAD obj/main/NAZE/../../pif/source/sensor/pif_mpu6500.o
LOAD obj/main/NAZE/../../pif/source/sensor/pif_qmc5883.o
LOAD /usr/lib/gcc/arm-none-eabi/4.9.3/../../../arm-none-eabi/lib/armv7-m/libm.a
LOAD /usr/lib/gcc/arm-none-eabi/4.9.3/../../../arm-none-eabi/lib/armv7-m/libc_nano.a
LOAD /usr/lib/gcc/arm-none-eabi/4.9.3/../../../arm-none-eabi/lib/armv7-m/libnosys.a
START GROUP
LOAD /usr/lib/gcc/arm-none-eabi/4.9.3/armv7-m/libgcc.a
LOAD /usr/lib/gcc/arm-none-eabi/4.9.3/../../../arm-none-eabi/lib/armv7-m/libg_nano.a
LOAD /usr/lib/gcc/arm-none-eabi/4.9.3/../../../arm-none-eabi/lib/armv7-m/libc_nano.a
END GROUP
START GROUP
LOAD /usr/lib/gcc/arm-none-eabi/4.9.3/armv7-m/libgcc.a
LOAD /usr/lib/gcc/arm-none-eabi/4.9.3/../../../arm-none-eabi/lib/armv7-m/libc_nano.a
END GROUP
                0x20005000                _estack = (ORIGIN (RAM) + LENGTH (RAM))
                0x00000000                _Min_Heap_Size = 0x0
                0x00000400                _Min_Stack_Size = 0x400

.isr_vector     0x08000000      0x10c
                0x08000000                . = ALIGN (0x4)
                [!provide]                PROVIDE (isr_vector_table_base, .)
 *(.isr_vector)
 .isr_vector    0x08000000      0x10c obj/main/NAZE/startup_stm32f10x_md_gcc.o
                0x08000000                g_pfnVectors
                0x0800010c                . = ALIGN (0x4)

.text           0x08000110    0x1d598
                0x08000110                . = ALIGN (0x4)
 *(.text)
 .text          0x08000110     0x2518 /tmp/cclViJVC.ltrans0.ltrans.o
                0x08000110                init
 .text          0x08002628     0x22d0 /tmp/cclViJVC.ltrans1.ltrans.o
                0x08002628                taskMainPidLoopChecker
 .text          0x080048f8     0x20f0 /tmp/cclViJVC.ltrans2.ltrans.o
                0x080048f8                taskHandleSerial
 .text          0x080069e8     0x1730 /tmp/cclViJVC.ltrans3.ltrans.o
                0x080069e8                taskUpdateRxMain
 .text          0x08008118      0xcc0 /tmp/cclViJVC.ltrans4.ltrans.o
                0x08008118                taskTelemetry
 .text          0x08008dd8      0x824 /tmp/cclViJVC.ltrans5.ltrans.o
                0x08009028                mpuIsDataReady
                0x08009120                pifMpuGyroRead
                0x08009188                pifMpuAccRead
                0x080092c8                mpu6500GyroInit
                0x080094ac                mpu6500AccInit
                0x080094c0                i2cRead
                0x08009540                mpuReadRegisterI2C.lto_priv.472
                0x08009554                i2cWriteBuffer
                0x080095d4                mpuWriteRegisterI2C.lto_priv.473
                0x080095ee                I2C2_EV_IRQHandler
                0x080095f2                I2C2_ER_IRQHandler
                0x080095f4                I2C1_EV_IRQHandler
                0x080095f8                I2C1_ER_IRQHandler
 .text          0x080095fc      0xcc8 /tmp/cclViJVC.ltrans6.ltrans.o
                0x08009652                cliShowArgumentRangeError.lto_priv.244
                0x0800966c                cliAux.lto_priv.227
                0x08009758                cliShowParseError.lto_priv.245
                0x08009764                cliColor.lto_priv.228
                0x08009844                cliLed.lto_priv.231
                0x08009a5c                cliRxRange.lto_priv.235
                0x08009b38                cliMotorMix.lto_priv.232
                0x08009d30                cliAdjustmentRange.lto_priv.226
                0x08009e8c                cliRxFail.lto_priv.236
                0x08009fc4                cliPrompt.lto_priv.380
                0x08009fe0                waitForSerialPortToFinishTransmitting
                0x08009ff6                serialRemovePort
                0x0800a028                closeSerialPort
                0x0800a050                openSerialPort
                0x0800a0f0                serialFindPortConfiguration
                0x0800a118                cliSerial.lto_priv.238
                0x0800a25c                doesConfigurationUsePort
                0x0800a272                determinePortSharing
                0x0800a286                findNextSerialPortConfig
                0x0800a2b8                findSerialPortConfig
 .text          0x0800a2c4      0xd7c /tmp/cclViJVC.ltrans7.ltrans.o
                0x0800a2ec                ibusReadRawRC.lto_priv.461
                0x0800a2f8                xBusReadRawRC.lto_priv.459
                0x0800a3b8                spektrumReadRawRC.lto_priv.210
                0x0800a3e4                sumhReadRawRC.lto_priv.452
                0x0800a3fc                sumdReadRawRC.lto_priv.450
                0x0800a410                sbusReadRawRC.lto_priv.448
                0x0800a440                rxMspReadRawRC.lto_priv.463
                0x0800a450                ppmReadRawRC.lto_priv.465
                0x0800a460                pwmReadRawRC.lto_priv.464
                0x0800a470                nullReadRawRC.lto_priv.212
                0x0800a474                ibusDataReceive.lto_priv.462
                0x0800a4c0                xBusDataReceive.lto_priv.460
                0x0800a59c                spektrumDataReceive.lto_priv.211
                0x0800a5ec                sumhDataReceive.lto_priv.453
                0x0800a638                sumdDataReceive.lto_priv.451
                0x0800a6e4                sbusDataReceive.lto_priv.449
                0x0800a73c                TIM_ICInit
                0x0800a964                FLASH_WaitForLastOperation
                0x0800a986                RCC_GetClocksFreq
                0x0800aa18                DMA_StructInit
                0x0800aa32                DMA_Init
                0x0800aa6e                DMA_DeInit
                0x0800ab60                SystemInit
                0x0800abac                alignSensors
                0x0800ad28                calculateBatteryCapacityRemainingPercentage
                0x0800ad70                batteryAdcToVoltage
                0x0800ad9c                updateBatteryVoltage.lto_priv.342
                0x0800add4                getRxfailValue.lto_priv.337
                0x0800ae34                resumeRxSignal
                0x0800ae5c                suspendRxSignal
                0x0800ae88                warningLedRefresh
                0x0800aed0                packFlightModeFlags.lto_priv.379
                0x0800b000                mspReleasePortIfAllocated
 .text          0x0800b040      0xb78 /tmp/cclViJVC.ltrans8.ltrans.o
                0x0800b060                pwmOverflowCallback.lto_priv.483
                0x0800b088                ppmEdgeCallback.lto_priv.484
                0x0800b214                ppmOverflowCallback.lto_priv.485
                0x0800b254                pwmWriteStandard.lto_priv.480
                0x0800b264                pwmWriteBrushed.lto_priv.481
                0x0800b288                ws2811DMAHandler
                0x0800b2fc                applyChangedBits
                0x0800b326                serialICConfig.lto_priv.579
                0x0800b45a                pwmICConfig
                0x0800b494                pwmEdgeCallback.lto_priv.482
                0x0800b4ec                pwmWriteServo
                0x0800b504                EXTI9_5_IRQHandler
                0x0800b506                EXTI1_IRQHandler
                0x0800b508                EXTI0_IRQHandler
                0x0800b50a                ws2811UpdateStrip
                0x0800b6dc                gpioExtiLineConfig
                0x0800b706                gpioInit
                0x0800b76a                openSoftSerial
                0x0800b904                pwmOutConfig.lto_priv.518
 .text          0x0800bbb8      0x634 /tmp/cclViJVC.ltrans9.ltrans.o
                0x0800bbb8                taskLedStrip
 .text          0x0800c1ec      0xa84 /tmp/cclViJVC.ltrans10.ltrans.o
                0x0800c334                blackboxWrite
                0x0800c4cc                blackboxAdvanceIterationTimers.lto_priv.399
                0x0800c508                blackboxLogEvent
                0x0800c5b8                blackboxLogIteration.lto_priv.400
                0x0800cb14                sendFieldDefinition.lto_priv.401
 .text          0x0800cc70      0xd7c /tmp/cclViJVC.ltrans11.ltrans.o
                0x0800cc88                gpsNewFrame
                0x0800d230                gpsSetState.lto_priv.300
                0x0800d24c                GPS_distance_cm_bearing.isra.3.lto_priv.575
                0x0800d2d0                gpsNewData.part.2.lto_priv.247
 .text          0x0800d9ec      0xd0c /tmp/cclViJVC.ltrans12.ltrans.o
                0x0800d9ec                cliPlaySound.lto_priv.368
                0x0800da8c                cliMotor.lto_priv.367
                0x0800db28                cliServo.lto_priv.369
                0x0800dc6c                cliHelp.lto_priv.364
                0x0800dcb0                cliMixer.lto_priv.366
                0x0800dd54                cliMap.lto_priv.365
                0x0800ddf8                cliGpsPassthrough.lto_priv.363
                0x0800deb4                cliFeature.lto_priv.360
                0x0800dfac                cliExit.lto_priv.359
                0x0800e02c                cliDump.lto_priv.358
                0x0800e37c                cliFlashErase.lto_priv.361
                0x0800e3a8                cliFlashInfo.lto_priv.362
                0x0800e3e0                cliServoMix.lto_priv.370
 .text          0x0800e6f8      0xbbc /tmp/cclViJVC.ltrans13.ltrans.o
                0x0800e6f8                dmaNoOpHandler
                0x0800e6fa                micros
                0x0800e730                beepInverted.lto_priv.487
                0x0800e744                beepNormal.lto_priv.488
                0x0800ea1c                generateThrottleCurve
                0x0800eaac                generatePitchRollCurve
                0x0800eae0                isRangeActive.part.3.lto_priv.335
                0x0800eb28                isModeActivationConditionPresent
                0x0800eb4a                calculateThrottleStatus
                0x0800eb80                blackboxLogInflightAdjustmentEvent
                0x0800eba8                bufWriterFlush
                0x0800ebc0                bufWriterAppend
                0x0800ebdc                DMA1_Channel7_IRQHandler
                0x0800ebf0                DMA1_Channel6_IRQHandler
                0x0800ec04                DMA1_Channel3_IRQHandler
                0x0800ec18                DMA1_Channel2_IRQHandler
                0x0800ec2c                delayMicroseconds
                0x0800ec42                delay
                0x0800ec56                SysTick_Handler
                0x0800ede8                EXTI15_10_IRQHandler
                0x0800ee08                systemBeep
                0x0800ee14                beeperSilence
                0x0800ee44                beeper
                0x0800ee90                beeperConfirmationBeeps
                0x0800eec0                failureMode
                0x0800ef54                serialSetMode
                0x0800ef5a                isSerialTransmitBufferEmpty
                0x0800ef60                serialSetBaudRate
                0x0800ef66                serialRead
                0x0800ef6c                serialRxBytesWaiting
                0x0800ef72                serialWrite
                0x0800ef78                serialWriteBufShim
                0x0800efb4                writeMotors
                0x0800f058                stopMotors
                0x0800f0a0                mixerResetDisarmedMotors
                0x0800f0d8                loadCustomServoMixer
                0x0800f128                determineServoMiddleOrForwardFromChannel
                0x0800f15c                imuComputeRotationMatrix.lto_priv.404
                0x0800f290                pidSetController
 .text          0x0800f2b4      0x718 /tmp/cclViJVC.ltrans14.ltrans.o
                0x0800f33e                isSoftSerialTransmitBufferEmpty
                0x0800f34a                softSerialSetMode
                0x0800f34e                softSerialWriteByte
                0x0800f36c                softSerialTxBytesFree
                0x0800f38e                softSerialRxBytesWaiting
                0x0800f3ac                softSerialReadByte
                0x0800f508                softSerialSetBaudRate
                0x0800f518                onSerialRxPinChange
                0x0800f5b6                usartIrqCallback
                0x0800f61a                uartStartTxDMA
                0x0800f67c                uartOpen
 .text          0x0800f9cc      0xc0c /tmp/cclViJVC.ltrans15.ltrans.o
                0x0800f9d2                activateControlRateConfig
                0x0800fa18                isEEPROMContentValid.lto_priv.519
                0x0800fa5c                readEEPROM
                0x0800fde0                resetConf.lto_priv.223
                0x08010294                blackboxDeviceReserveBufferSpace
                0x080102f4                isBlackboxDeviceFull
                0x08010320                blackboxDeviceFlushForce
                0x08010344                blackboxWriteTag2_3S32
                0x08010464                blackboxWriteUnsignedVB
                0x08010484                blackboxWriteSignedVB
                0x0801048c                blackboxPrint
                0x08010564                blackboxPrintfHeaderLine
                0x080105b4                blackboxPrintf
 .text          0x080105d8      0x9b4 /tmp/cclViJVC.ltrans16.ltrans.o
                0x080105d8                _doTask.lto_priv.216
                0x080106b8                pifQmc5883_ReadMag
                0x08010716                pifMpu6500_ReadAccel
                0x08010780                pifMpu6500_ReadGyro
                0x080107ea                _processingTask.part.1.lto_priv.423
                0x0801091c                pifObjArray_Remove
                0x0801095e                pifTaskManager_Remove
                0x080109cc                pifObjArray_Add
                0x080109f8                pifTaskManager_Add
                0x08010bfc                pifObjArray_Clear
                0x08010c2c                pifI2cDevice_WriteRegByte
                0x08010cc4                _doTask.lto_priv.217
                0x08010ec4                pifI2cDevice_ReadRegBit8
                0x08010ef0                GPIO_Init
 .text          0x08010f8c      0x988 /tmp/cclViJVC.ltrans17.ltrans.o
                0x08011050                wrap_18000.lto_priv.403
                0x08011074                GPS_set_next_wp
                0x08011100                gpsUsePIDs
                0x080111a0                GPS_reset_home_position
                0x080111f4                calculate_Gtune
                0x080113b0                flashfsAdvanceTailInBuffer.lto_priv.533
                0x080113e0                flashfsGetDirtyDataBuffers.lto_priv.531
                0x08011418                flashfsGetOffset
                0x08011438                flashfsWriteBuffers.lto_priv.532
                0x0801158c                flashfsFlushSync
                0x080115c4                flashfsFlushAsync
                0x08011608                flashfsTransmitBufferUsed.lto_priv.402
                0x08011628                flashfsEraseCompletely
                0x08011678                TIM4_IRQHandler
                0x08011688                TIM3_IRQHandler
                0x08011698                TIM2_IRQHandler
                0x080116a4                TIM1_UP_IRQHandler
                0x080116b4                TIM1_CC_IRQHandler
                0x080116c4                configTimeBase
                0x0801176c                timerConfigure
                0x080117c0                lookupTimerIndex.lto_priv.274
                0x080117fc                timerChConfigCallbacks
                0x080118b4                USART3_IRQHandler
                0x080118c0                USART2_IRQHandler
                0x080118cc                USART1_IRQHandler
                0x080118d8                DMA1_Channel4_IRQHandler
 .text          0x08011914      0x41c /tmp/cclViJVC.ltrans18.ltrans.o
                0x08011914                mwArm
                0x08011cac                mwDisarm
                0x08011d14                HardFault_Handler
 .text          0x08011d30      0x974 /tmp/cclViJVC.ltrans19.ltrans.o
                0x08011d7c                drawHorizonalPercentageBar
                0x08011dce                updateDisplay
                0x08012504                applyDirectionalModeColor
                0x080125e4                reevalulateLedConfig
 .text          0x080126a4      0xb60 /tmp/cclViJVC.ltrans20.ltrans.o
                0x0801279e                _putc.lto_priv.491
                0x080127ac                setTaskEnabled
                0x08012810                applyBiQuadFilter
                0x08012876                BiQuadNewLpf
                0x08012948                fastA2F
                0x08012a74                ftoa
                0x08012b40                _i2a.lto_priv.214
                0x08012b68                tfp_format
                0x08012d3e                tfp_sprintf
                0x08012d68                applyDeadband
                0x08012d86                acosf
                0x08012e00                atan2f
                0x08012f04                sinf
                0x08012fec                cosf
                0x08013000                disableFlightMode
                0x08013020                enableFlightMode
                0x08013040                featureClear
                0x08013050                handleOneshotFeatureChangeOnRestart
                0x080130a4                writeEEPROM
                0x080131f0                saveConfigAndNotify
 .text          0x08013204      0x8d0 /tmp/cclViJVC.ltrans21.ltrans.o
                0x08013204                taskUpdateDisplay
                0x0801321c                taskCalculateAltitude
                0x080136a0                taskUpdateSonar
                0x080136e0                taskUpdateCompass
                0x0801382c                taskProcessGPS
 .text          0x08013ad4      0x7e0 /tmp/cclViJVC.ltrans22.ltrans.o
                0x08013ad4                NVIC_Init.part.0.constprop.207
                0x08013b10                EXTI_Init.part.0.constprop.202
                0x08013b64                _alignSensors.constprop.197
                0x08013c9c                pifI2cPort_AddDevice.constprop.189
                0x08013cbc                pifI2cDevice_Read.constprop.188
                0x08013d5c                spiTransferByte.constprop.151
                0x08013d7c                spiTransfer.constprop.150
                0x08013dbc                pifObjArray_Init.part.0.constprop.147
                0x08013e14                initI2cDevice.constprop.143
                0x08013e74                GPS_coord_to_degrees.constprop.114
                0x08013f34                grab_fields.constprop.113
                0x08013f80                drawRxChannel.constprop.109
                0x08013fcc                blackboxWriteSigned16VBArray.constprop.82
                0x08013fec                blackboxWriteSignedVBArray.constprop.81
                0x08014006                mspAllocateSerialPorts.constprop.79
                0x08014080                resetSerialConfig.constprop.75
                0x080140dc                parseRcChannels.constprop.65
                0x08014118                itoa.constprop.60
                0x0801413a                spektrumInit.constprop.46
                0x080141bc                findNextSharedSerialPort.constprop.20
                0x08014220                setAdjustment.constprop.18
                0x080142ac                headSerialError.constprop.12
 .text          0x080142b4      0x598 /tmp/cclViJVC.ltrans23.ltrans.o
                0x080142b4                actI2cWrite.lto_priv.209
                0x080142c4                qmc5883lRead
                0x08014330                qmc5883lInit
                0x080143dc                actI2cRead.lto_priv.208
                0x080143ec                m25p16_isReady
                0x08014434                m25p16_waitForReady
                0x08014454                m25p16_readBytes
                0x080144a0                i2c_OLED_send_byte.lto_priv.557
                0x080144b8                i2c_OLED_send_char
                0x080144ec                i2c_OLED_send_string
                0x080144fe                i2c_OLED_send_cmd.lto_priv.517
                0x08014516                ug2864hsweg01InitI2C.part.0.lto_priv.516
                0x080145f4                i2c_OLED_set_line
                0x0801460c                i2c_OLED_set_xy
                0x08014636                i2cInit.lto_priv.213
 .text          0x0801484c      0x710 /tmp/cclViJVC.ltrans24.ltrans.o
                0x08014850                read8.lto_priv.374
                0x08014864                read16.lto_priv.375
                0x08014878                read32.lto_priv.376
                0x0801488a                serialize8.lto_priv.373
                0x080148a8                tailSerialReply.lto_priv.371
                0x080148c8                headSerialResponse.lto_priv.215
                0x08014910                headSerialReply.lto_priv.372
                0x08014916                serialize16.lto_priv.377
                0x08014928                serialize32.lto_priv.378
                0x0801493a                cliWrite.lto_priv.249
                0x08014948                cliPrintf.lto_priv.243
                0x08014970                cliVersion.lto_priv.242
                0x080149a4                cliTasks.lto_priv.241
                0x080149f4                cliPrintVar.lto_priv.250
                0x08014ae0                cliRateProfile.lto_priv.234
                0x08014b24                cliProfile.lto_priv.233
                0x08014b60                cliPrint.lto_priv.246
                0x08014b7c                cliStatus.lto_priv.240
                0x08014c94                cliGet.lto_priv.230
                0x08014cec                cliSet.lto_priv.239
                0x08014ef0                cliReboot.lto_priv.248
                0x08014f28                cliDefaults.lto_priv.229
                0x08014f44                cliSave.lto_priv.237
 .text          0x08014f5c      0x624 /tmp/cclViJVC.ltrans25.ltrans.o
                0x08014f5c                evtBaroRead.lto_priv.492
                0x0801511c                sonarRead
                0x080151b4                ltm_finalise.lto_priv.290
                0x080151cc                ltm_serialise_8.lto_priv.291
                0x080151f0                ltm_serialise_32.lto_priv.292
                0x08015212                ltm_serialise_16.lto_priv.294
                0x08015224                ltm_initialise_packet.lto_priv.293
                0x08015258                smartPortSendPackage.lto_priv.289
                0x080152c0                workAroundForHottTelemetryOnUsart.isra.0.lto_priv.288
                0x080152ec                flushHottRxBuffer.lto_priv.287
                0x08015308                serialize16.lto_priv.284
                0x0801531c                sendTelemetryTail.lto_priv.283
                0x0801532c                sendDataHead.lto_priv.285
                0x08015350                sendLatLong.lto_priv.286
                0x080153c8                telemetryCheckState
 .text          0x08015580      0x940 /tmp/cclViJVC.ltrans26.ltrans.o
                0x08015580                filterIsSetCheck
                0x080155c0                scaleItermToRcInput
                0x08015694                pidMultiWii23.lto_priv.259
                0x08015a3c                pidLuxFloat.lto_priv.258
                0x08015e68                pidResetErrorAngle
                0x08015e80                failsafeActivate.lto_priv.336
 .text          0x08015ec0      0x338 /tmp/cclViJVC.ltrans27.ltrans.o
                0x08015ec0                taskUpdateBattery
                0x080160c8                taskUpdateBeeper
 .text          0x080161f8      0x200 /tmp/cclViJVC.ltrans28.ltrans.o
                0x080161f8                taskUpdateAccelerometer
 .text          0x080163f8      0x370 /usr/lib/gcc/arm-none-eabi/4.9.3/armv7-m/libgcc.a(_arm_addsubdf3.o)
                0x080163f8                __aeabi_drsub
                0x08016400                __aeabi_dsub
                0x08016400                __subdf3
                0x08016404                __adddf3
                0x08016404                __aeabi_dadd
                0x0801667c                __aeabi_ui2d
                0x0801667c                __floatunsidf
                0x0801669c                __floatsidf
                0x0801669c                __aeabi_i2d
                0x080166c0                __extendsfdf2
                0x080166c0                __aeabi_f2d
                0x080166fc                __aeabi_ul2d
                0x080166fc                __floatundidf
                0x0801670c                __floatdidf
                0x0801670c                __aeabi_l2d
 .text          0x08016768      0x424 /usr/lib/gcc/arm-none-eabi/4.9.3/armv7-m/libgcc.a(_arm_muldivdf3.o)
                0x08016768                __aeabi_dmul
                0x08016768                __muldf3
                0x080169bc                __aeabi_ddiv
                0x080169bc                __divdf3
 .text          0x08016b8c      0x110 /usr/lib/gcc/arm-none-eabi/4.9.3/armv7-m/libgcc.a(_arm_cmpdf2.o)
                0x08016b8c                __gtdf2
                0x08016b8c                __gedf2
                0x08016b94                __ltdf2
                0x08016b94                __ledf2
                0x08016b9c                __cmpdf2
                0x08016b9c                __eqdf2
                0x08016b9c                __nedf2
                0x08016c18                __aeabi_cdrcmple
                0x08016c28                __aeabi_cdcmple
                0x08016c28                __aeabi_cdcmpeq
                0x08016c38                __aeabi_dcmpeq
                0x08016c4c                __aeabi_dcmplt
                0x08016c60                __aeabi_dcmple
                0x08016c74                __aeabi_dcmpge
                0x08016c88                __aeabi_dcmpgt
 .text          0x08016c9c       0xa0 /usr/lib/gcc/arm-none-eabi/4.9.3/armv7-m/libgcc.a(_arm_truncdfsf2.o)
                0x08016c9c                __aeabi_d2f
                0x08016c9c                __truncdfsf2
 .text          0x08016d3c      0x21c /usr/lib/gcc/arm-none-eabi/4.9.3/armv7-m/libgcc.a(_arm_addsubsf3.o)
                0x08016d3c                __aeabi_frsub
                0x08016d44                __subsf3
                0x08016d44                __aeabi_fsub
                0x08016d48                __aeabi_fadd
                0x08016d48                __addsf3
                0x08016ea8                __aeabi_ui2f
                0x08016ea8                __floatunsisf
                0x08016eb0                __aeabi_i2f
                0x08016eb0                __floatsisf
                0x08016ecc                __floatundisf
                0x08016ecc                __aeabi_ul2f
                0x08016edc                __floatdisf
                0x08016edc                __aeabi_l2f
 .text          0x08016f58      0x2a0 /usr/lib/gcc/arm-none-eabi/4.9.3/armv7-m/libgcc.a(_arm_muldivsf3.o)
                0x08016f58                __mulsf3
                0x08016f58                __aeabi_fmul
                0x080170c0                __divsf3
                0x080170c0                __aeabi_fdiv
 .text          0x080171f8       0xec /usr/lib/gcc/arm-none-eabi/4.9.3/armv7-m/libgcc.a(_arm_cmpsf2.o)
                0x080171f8                __gtsf2
                0x080171f8                __gesf2
                0x08017200                __lesf2
                0x08017200                __ltsf2
                0x08017208                __nesf2
                0x08017208                __eqsf2
                0x08017208                __cmpsf2
                0x08017268                __aeabi_cfrcmple
                0x08017270                __aeabi_cfcmple
                0x08017270                __aeabi_cfcmpeq
                0x08017280                __aeabi_fcmpeq
                0x08017294                __aeabi_fcmplt
                0x080172a8                __aeabi_fcmple
                0x080172bc                __aeabi_fcmpge
                0x080172d0                __aeabi_fcmpgt
 .text          0x080172e4       0x4c /usr/lib/gcc/arm-none-eabi/4.9.3/armv7-m/libgcc.a(_arm_fixsfsi.o)
                0x080172e4                __fixsfsi
                0x080172e4                __aeabi_f2iz
 .text          0x08017330       0x40 /usr/lib/gcc/arm-none-eabi/4.9.3/armv7-m/libgcc.a(_arm_fixunssfsi.o)
                0x08017330                __aeabi_f2uiz
                0x08017330                __fixunssfsi
 .text          0x08017370       0x38 /usr/lib/gcc/arm-none-eabi/4.9.3/armv7-m/libgcc.a(_aeabi_ldivmod.o)
                0x08017370                __aeabi_ldivmod
 .text          0x080173a8       0x60 /usr/lib/gcc/arm-none-eabi/4.9.3/armv7-m/libgcc.a(bpabi.o)
                0x080173a8                __gnu_ldivmod_helper
                0x080173d8                __gnu_uldivmod_helper
 .text          0x08017408        0x4 /usr/lib/gcc/arm-none-eabi/4.9.3/armv7-m/libgcc.a(_dvmd_tls.o)
                0x08017408                __aeabi_ldiv0
                0x08017408                __aeabi_idiv0
 .text          0x0801740c      0x2ac /usr/lib/gcc/arm-none-eabi/4.9.3/armv7-m/libgcc.a(_divdi3.o)
                0x0801740c                __divdi3
 .text          0x080176b8      0x270 /usr/lib/gcc/arm-none-eabi/4.9.3/armv7-m/libgcc.a(_udivdi3.o)
                0x080176b8                __udivdi3
 *(.text*)
 .text.Reset_Handler
                0x08017928       0x9c obj/main/NAZE/startup_stm32f10x_md_gcc.o
                0x08017928                Reset_Handler
 .text.Default_Handler
                0x080179c4        0x2 obj/main/NAZE/startup_stm32f10x_md_gcc.o
                0x080179c4                EXTI2_IRQHandler
                0x080179c4                DebugMon_Handler
                0x080179c4                PVD_IRQHandler
                0x080179c4                PendSV_Handler
                0x080179c4                NMI_Handler
                0x080179c4                EXTI3_IRQHandler
                0x080179c4                UsageFault_Handler
                0x080179c4                ADC1_2_IRQHandler
                0x080179c4                SPI1_IRQHandler
                0x080179c4                TAMPER_IRQHandler
                0x080179c4                RTC_IRQHandler
                0x080179c4                CAN1_RX1_IRQHandler
                0x080179c4                RCC_IRQHandler
                0x080179c4                TIM1_TRG_COM_IRQHandler
                0x080179c4                DMA1_Channel1_IRQHandler
                0x080179c4                Default_Handler
                0x080179c4                SPI2_IRQHandler
                0x080179c4                MemManage_Handler
                0x080179c4                SVC_Handler
                0x080179c4                DMA1_Channel5_IRQHandler
                0x080179c4                EXTI4_IRQHandler
                0x080179c4                USB_LP_CAN1_RX0_IRQHandler
                0x080179c4                USB_HP_CAN1_TX_IRQHandler
                0x080179c4                WWDG_IRQHandler
                0x080179c4                TIM1_BRK_IRQHandler
                0x080179c4                RTCAlarm_IRQHandler
                0x080179c4                CAN1_SCE_IRQHandler
                0x080179c4                FLASH_IRQHandler
                0x080179c4                BusFault_Handler
                0x080179c4                USBWakeUp_IRQHandler
 *fill*         0x080179c6        0x2 
 .text.unlikely
                0x080179c8       0x28 /tmp/cclViJVC.ltrans16.ltrans.o
                0x080179c8                pifTask_ChangePeriod
 .text.startup  0x080179f0      0x334 /tmp/cclViJVC.ltrans18.ltrans.o
                0x080179f0                main
 .text.unlikely
                0x08017d24       0x28 /tmp/cclViJVC.ltrans22.ltrans.o
                0x08017d24                rescheduleTask.part.0.constprop.59
 .text.atoi     0x08017d4c        0x8 /usr/lib/gcc/arm-none-eabi/4.9.3/../../../arm-none-eabi/lib/armv7-m/libc_nano.a(lib_a-atoi.o)
                0x08017d4c                atoi
 .text.strtok   0x08017d54       0x64 /usr/lib/gcc/arm-none-eabi/4.9.3/../../../arm-none-eabi/lib/armv7-m/libc_nano.a(lib_a-strtok.o)
                0x08017d54                strtok
 .text.__strtok_r
                0x08017db8       0x56 /usr/lib/gcc/arm-none-eabi/4.9.3/../../../arm-none-eabi/lib/armv7-m/libc_nano.a(lib_a-strtok_r.o)
                0x08017db8                __strtok_r
 .text.strtok_r
                0x08017e0e        0x6 /usr/lib/gcc/arm-none-eabi/4.9.3/../../../arm-none-eabi/lib/armv7-m/libc_nano.a(lib_a-strtok_r.o)
                0x08017e0e                strtok_r
 .text._strtol_r
                0x08017e14      0x10c /usr/lib/gcc/arm-none-eabi/4.9.3/../../../arm-none-eabi/lib/armv7-m/libc_nano.a(lib_a-strtol.o)
                0x08017e14                _strtol_r
 .text.strtol   0x08017f20       0x1c /usr/lib/gcc/arm-none-eabi/4.9.3/../../../arm-none-eabi/lib/armv7-m/libc_nano.a(lib_a-strtol.o)
                0x08017f20                strtol
 .text.malloc   0x08017f3c       0x10 /usr/lib/gcc/arm-none-eabi/4.9.3/../../../arm-none-eabi/lib/armv7-m/libc_nano.a(lib_a-malloc.o)
                0x08017f3c                malloc
 .text.free     0x08017f4c       0x10 /usr/lib/gcc/arm-none-eabi/4.9.3/../../../arm-none-eabi/lib/armv7-m/libc_nano.a(lib_a-malloc.o)
                0x08017f4c                free
 .text._free_r  0x08017f5c       0x88 /usr/lib/gcc/arm-none-eabi/4.9.3/../../../arm-none-eabi/lib/armv7-m/libc_nano.a(lib_a-nano-freer.o)
                0x08017f5c                _free_r
 .text._malloc_r
                0x08017fe4       0xac /usr/lib/gcc/arm-none-eabi/4.9.3/../../../arm-none-eabi/lib/armv7-m/libc_nano.a(lib_a-nano-mallocr.o)
                0x08017fe4                _malloc_r
 .text._sbrk_r  0x08018090       0x20 /usr/lib/gcc/arm-none-eabi/4.9.3/../../../arm-none-eabi/lib/armv7-m/libc_nano.a(lib_a-sbrkr.o)
                0x08018090                _sbrk_r
 .text._sbrk    0x080180b0       0x1c /usr/lib/gcc/arm-none-eabi/4.9.3/../../../arm-none-eabi/lib/armv7-m/libnosys.a(sbrk.o)
                0x080180b0                _sbrk
 .text.lrintf   0x080180cc       0x78 /usr/lib/gcc/arm-none-eabi/4.9.3/../../../arm-none-eabi/lib/armv7-m/libm.a(lib_a-sf_lrint.o)
                0x080180cc                lrintf
 .text.powf     0x08018144      0x314 /usr/lib/gcc/arm-none-eabi/4.9.3/../../../arm-none-eabi/lib/armv7-m/libm.a(lib_a-wf_pow.o)
                0x08018144                powf
 .text.sqrtf    0x08018458       0x9c /usr/lib/gcc/arm-none-eabi/4.9.3/../../../arm-none-eabi/lib/armv7-m/libm.a(lib_a-wf_sqrt.o)
                0x08018458                sqrtf
 .text.__ieee754_powf
                0x080184f4      0x6ec /usr/lib/gcc/arm-none-eabi/4.9.3/../../../arm-none-eabi/lib/armv7-m/libm.a(lib_a-ef_pow.o)
                0x080184f4                __ieee754_powf
 .text.__ieee754_sqrtf
                0x08018be0       0xa8 /usr/lib/gcc/arm-none-eabi/4.9.3/../../../arm-none-eabi/lib/armv7-m/libm.a(lib_a-ef_sqrt.o)
                0x08018be0                __ieee754_sqrtf
 .text.matherr  0x08018c88        0x4 /usr/lib/gcc/arm-none-eabi/4.9.3/../../../arm-none-eabi/lib/armv7-m/libm.a(lib_a-s_matherr.o)
                0x08018c88                matherr
 .text.rint     0x08018c8c      0x11c /usr/lib/gcc/arm-none-eabi/4.9.3/../../../arm-none-eabi/lib/armv7-m/libm.a(lib_a-s_rint.o)
                0x08018c8c                rint
 .text.fabsf    0x08018da8        0x8 /usr/lib/gcc/arm-none-eabi/4.9.3/../../../arm-none-eabi/lib/armv7-m/libm.a(lib_a-sf_fabs.o)
                0x08018da8                fabsf
 .text.finitef  0x08018db0       0x10 /usr/lib/gcc/arm-none-eabi/4.9.3/../../../arm-none-eabi/lib/armv7-m/libm.a(lib_a-sf_finite.o)
                0x08018db0                finitef
 .text.__fpclassifyf
                0x08018dc0       0x34 /usr/lib/gcc/arm-none-eabi/4.9.3/../../../arm-none-eabi/lib/armv7-m/libm.a(lib_a-sf_fpclassify.o)
                0x08018dc0                __fpclassifyf
 .text.nanf     0x08018df4        0x8 /usr/lib/gcc/arm-none-eabi/4.9.3/../../../arm-none-eabi/lib/armv7-m/libm.a(lib_a-sf_nan.o)
                0x08018df4                nanf
 .text.scalbnf  0x08018dfc       0xb0 /usr/lib/gcc/arm-none-eabi/4.9.3/../../../arm-none-eabi/lib/armv7-m/libm.a(lib_a-sf_scalbn.o)
                0x08018dfc                scalbnf
 .text.copysignf
                0x08018eac        0xc /usr/lib/gcc/arm-none-eabi/4.9.3/../../../arm-none-eabi/lib/armv7-m/libm.a(lib_a-sf_copysign.o)
                0x08018eac                copysignf
 .text.calloc   0x08018eb8       0x14 /usr/lib/gcc/arm-none-eabi/4.9.3/../../../arm-none-eabi/lib/armv7-m/libc_nano.a(lib_a-calloc.o)
                0x08018eb8                calloc
 .text.__errno  0x08018ecc        0xc /usr/lib/gcc/arm-none-eabi/4.9.3/../../../arm-none-eabi/lib/armv7-m/libc_nano.a(lib_a-errno.o)
                0x08018ecc                __errno
 .text.memcmp   0x08018ed8       0x20 /usr/lib/gcc/arm-none-eabi/4.9.3/../../../arm-none-eabi/lib/armv7-m/libc_nano.a(lib_a-memcmp.o)
                0x08018ed8                memcmp
 .text.memcpy   0x08018ef8       0x16 /usr/lib/gcc/arm-none-eabi/4.9.3/../../../arm-none-eabi/lib/armv7-m/libc_nano.a(lib_a-memcpy.o)
                0x08018ef8                memcpy
 .text.memset   0x08018f0e       0x10 /usr/lib/gcc/arm-none-eabi/4.9.3/../../../arm-none-eabi/lib/armv7-m/libc_nano.a(lib_a-memset.o)
                0x08018f0e                memset
 .text._calloc_r
                0x08018f1e       0x1c /usr/lib/gcc/arm-none-eabi/4.9.3/../../../arm-none-eabi/lib/armv7-m/libc_nano.a(lib_a-nano-callocr.o)
                0x08018f1e                _calloc_r
 *fill*         0x08018f3a        0x2 
 .text.strcasecmp
                0x08018f3c       0x3c /usr/lib/gcc/arm-none-eabi/4.9.3/../../../arm-none-eabi/lib/armv7-m/libc_nano.a(lib_a-strcasecmp.o)
                0x08018f3c                strcasecmp
 .text.strcat   0x08018f78       0x1e /usr/lib/gcc/arm-none-eabi/4.9.3/../../../arm-none-eabi/lib/armv7-m/libc_nano.a(lib_a-strcat.o)
                0x08018f78                strcat
 .text.strchr   0x08018f96       0x1c /usr/lib/gcc/arm-none-eabi/4.9.3/../../../arm-none-eabi/lib/armv7-m/libc_nano.a(lib_a-strchr.o)
                0x08018f96                strchr
 .text.strlen   0x08018fb2       0x10 /usr/lib/gcc/arm-none-eabi/4.9.3/../../../arm-none-eabi/lib/armv7-m/libc_nano.a(lib_a-strlen.o)
                0x08018fb2                strlen
 *fill*         0x08018fc2        0x2 
 .text.strncasecmp
                0x08018fc4       0x44 /usr/lib/gcc/arm-none-eabi/4.9.3/../../../arm-none-eabi/lib/armv7-m/libc_nano.a(lib_a-strncasecmp.o)
                0x08018fc4                strncasecmp
 .text.strncpy  0x08019008       0x24 /usr/lib/gcc/arm-none-eabi/4.9.3/../../../arm-none-eabi/lib/armv7-m/libc_nano.a(lib_a-strncpy.o)
                0x08019008                strncpy
 .text.strstr   0x0801902c       0x30 /usr/lib/gcc/arm-none-eabi/4.9.3/../../../arm-none-eabi/lib/armv7-m/libc_nano.a(lib_a-strstr.o)
                0x0801902c                strstr
 *(.rodata)
 .rodata        0x0801905c      0x10c /tmp/cclViJVC.ltrans0.ltrans.o
                0x080190f4                hsv_white
 .rodata        0x08019168      0x2b4 /tmp/cclViJVC.ltrans1.ltrans.o
 .rodata        0x0801941c      0x18c /tmp/cclViJVC.ltrans2.ltrans.o
 .rodata        0x080195a8        0x8 /tmp/cclViJVC.ltrans4.ltrans.o
 .rodata        0x080195b0      0x4f0 /tmp/cclViJVC.ltrans6.ltrans.o
                0x080195e0                mixerAtail4.lto_priv.508
                0x08019620                mixerDualcopter.lto_priv.507
                0x08019640                mixerHex6H.lto_priv.506
                0x080196a0                mixerVtail4.lto_priv.505
                0x080196e0                mixerOctoFlatX.lto_priv.504
                0x08019760                mixerOctoFlatP.lto_priv.503
                0x080197e0                mixerOctoX8.lto_priv.502
                0x08019860                mixerHex6X.lto_priv.501
                0x080198c0                mixerY4.lto_priv.500
                0x08019900                mixerSingleProp.lto_priv.499
                0x08019910                mixerHex6P.lto_priv.498
                0x08019970                mixerY6.lto_priv.497
                0x080199d0                mixerBicopter.lto_priv.496
                0x080199f0                mixerQuadX.lto_priv.495
                0x08019a30                mixerQuadP.lto_priv.494
                0x08019a70                mixerTricopter.lto_priv.493
 .rodata        0x08019aa0       0x14 /tmp/cclViJVC.ltrans7.ltrans.o
 .rodata        0x08019ab4       0x28 /tmp/cclViJVC.ltrans8.ltrans.o
 .rodata        0x08019adc       0x38 /tmp/cclViJVC.ltrans9.ltrans.o
                0x08019adc                hsv_green
                0x08019ae0                hsv_red
                0x08019ae4                hsv_yellow
                0x08019ae8                hsv_blue
                0x08019b10                hsv_orange
 .rodata        0x08019b14       0x18 /tmp/cclViJVC.ltrans10.ltrans.o
 .rodata        0x08019b2c      0x54c /tmp/cclViJVC.ltrans12.ltrans.o
                0x08019b2c                beeperTable.lto_priv.256
                0x08019bec                cmdTable
                0x08019dcc                mixerNames.lto_priv.251
                0x08019e90                servoMixers
                0x08019f60                servoMixerSingle.lto_priv.515
                0x08019f98                servoMixerDual.lto_priv.514
                0x08019fa6                servoMixerAirplane.lto_priv.513
                0x08019fc9                servoMixerFlyingWing.lto_priv.512
                0x08019fec                servoMixerGimbal.lto_priv.511
                0x08019ffa                servoMixerBI.lto_priv.510
                0x0801a016                servoMixerTri.lto_priv.509
                0x0801a01d                beep_armedBeep.lto_priv.273
                0x0801a022                beep_disarmRepeatBeep.lto_priv.272
                0x0801a026                beep_readyBeep.lto_priv.271
                0x0801a035                beep_2longerBeeps.lto_priv.270
                0x0801a03a                beep_2shortBeeps.lto_priv.269
                0x0801a03f                beep_shortBeep.lto_priv.268
                0x0801a042                beep_lowBatteryBeep.lto_priv.267
                0x0801a045                beep_critBatteryBeep.lto_priv.266
                0x0801a048                beep_armedGpsFix.lto_priv.265
                0x0801a051                beep_armingBeep.lto_priv.264
                0x0801a056                beep_disarmBeep.lto_priv.263
                0x0801a05b                beep_txLostBeep.lto_priv.262
                0x0801a05e                beep_sos.lto_priv.261
                0x0801a071                beep_gyroCalibrated.lto_priv.260
 .rodata        0x0801a078        0xc /tmp/cclViJVC.ltrans13.ltrans.o
 .rodata        0x0801a084       0x28 /tmp/cclViJVC.ltrans14.ltrans.o
 .rodata        0x0801a0ac       0xc4 /tmp/cclViJVC.ltrans15.ltrans.o
 .rodata        0x0801a170       0x22 /tmp/cclViJVC.ltrans19.ltrans.o
 *fill*         0x0801a192        0x2 
 .rodata        0x0801a194      0x144 /tmp/cclViJVC.ltrans21.ltrans.o
                0x0801a194                gpsInitData.lto_priv.445
 .rodata        0x0801a2d8       0x20 /tmp/cclViJVC.ltrans22.ltrans.o
                0x0801a2d8                baudRates
 .rodata        0x0801a2f8      0x2cc /tmp/cclViJVC.ltrans23.ltrans.o
 .rodata        0x0801a5c4      0xff4 /tmp/cclViJVC.ltrans24.ltrans.o
                0x0801a70c                valueTable
                0x0801b5ac                shortGitRevision
                0x0801b5b0                buildTime
                0x0801b5b4                buildDate
 *(.rodata*)
 .rodata.timerHardware
                0x0801b5b8       0xe0 /tmp/cclViJVC.ltrans0.ltrans.o
                0x0801b5b8                timerHardware
 .rodata.str1.1
                0x0801b698        0x7 /tmp/cclViJVC.ltrans0.ltrans.o
 .rodata.str1.1
                0x0801b69f      0x215 /tmp/cclViJVC.ltrans1.ltrans.o
                                0x226 (size before relaxing)
 .rodata.str1.1
                0x0801b8b4      0x154 /tmp/cclViJVC.ltrans2.ltrans.o
                                0x174 (size before relaxing)
 .rodata.frSkyDataIdTable
                0x0801ba08       0x20 /tmp/cclViJVC.ltrans4.ltrans.o
 .rodata.mixers
                0x0801ba28       0xd0 /tmp/cclViJVC.ltrans6.ltrans.o
                0x0801ba28                mixers
 .rodata.str1.1
                0x0801baf8      0x13a /tmp/cclViJVC.ltrans6.ltrans.o
                                0x148 (size before relaxing)
 .rodata.hsv_black
                0x0801bc32        0x4 /tmp/cclViJVC.ltrans9.ltrans.o
                0x0801bc32                hsv_black
 .rodata.str1.1
                0x0801bc36       0x3e /tmp/cclViJVC.ltrans10.ltrans.o
                                 0x41 (size before relaxing)
 .rodata.str1.1
                0x0801bc74      0x919 /tmp/cclViJVC.ltrans12.ltrans.o
                                0x9c4 (size before relaxing)
 .rodata.str1.1
                0x0801c58d        0x9 /tmp/cclViJVC.ltrans15.ltrans.o
 .rodata.str1.1
                0x0801c596        0x6 /tmp/cclViJVC.ltrans18.ltrans.o
 .rodata.cyclePageIds
                0x0801c59c        0x5 /tmp/cclViJVC.ltrans19.ltrans.o
 .rodata.str1.1
                0x0801c5a1      0x14a /tmp/cclViJVC.ltrans19.ltrans.o
                                0x160 (size before relaxing)
 .rodata.str1.1
                0x0801c6eb       0x27 /tmp/cclViJVC.ltrans20.ltrans.o
 .rodata.str1.1
                0x0801c712       0xfb /tmp/cclViJVC.ltrans21.ltrans.o
                                 0xfc (size before relaxing)
 .rodata.serialPortIdentifiers
                0x0801c80d        0x5 /tmp/cclViJVC.ltrans22.ltrans.o
                0x0801c80d                serialPortIdentifiers
 .rodata.rcChannelLetters
                0x0801c812       0x15 /tmp/cclViJVC.ltrans22.ltrans.o
                0x0801c812                rcChannelLetters
 .rodata.str1.1
                0x0801c827       0x30 /tmp/cclViJVC.ltrans22.ltrans.o
                                 0x5e (size before relaxing)
 .rodata.str1.1
                0x0801c857      0xd09 /tmp/cclViJVC.ltrans24.ltrans.o
                                0xdb8 (size before relaxing)
 .rodata._ctype_
                0x0801d560      0x101 /usr/lib/gcc/arm-none-eabi/4.9.3/../../../arm-none-eabi/lib/armv7-m/libc_nano.a(lib_a-ctype_.o)
                0x0801d560                _ctype_
 .rodata.str1.1
                0x0801d661        0x0 /usr/lib/gcc/arm-none-eabi/4.9.3/../../../arm-none-eabi/lib/armv7-m/libc_nano.a(lib_a-impure.o)
                                  0x2 (size before relaxing)
 *fill*         0x0801d661        0x3 
 .rodata.TWO23  0x0801d664        0x8 /usr/lib/gcc/arm-none-eabi/4.9.3/../../../arm-none-eabi/lib/armv7-m/libm.a(lib_a-sf_lrint.o)
 .rodata.str1.4
                0x0801d66c        0x5 /usr/lib/gcc/arm-none-eabi/4.9.3/../../../arm-none-eabi/lib/armv7-m/libm.a(lib_a-wf_pow.o)
                                  0x8 (size before relaxing)
 *fill*         0x0801d671        0x3 
 .rodata.str1.4
                0x0801d674        0x6 /usr/lib/gcc/arm-none-eabi/4.9.3/../../../arm-none-eabi/lib/armv7-m/libm.a(lib_a-wf_sqrt.o)
                                  0x8 (size before relaxing)
 *fill*         0x0801d67a        0x2 
 .rodata.dp_h   0x0801d67c        0x8 /usr/lib/gcc/arm-none-eabi/4.9.3/../../../arm-none-eabi/lib/armv7-m/libm.a(lib_a-ef_pow.o)
 .rodata.dp_l   0x0801d684        0x8 /usr/lib/gcc/arm-none-eabi/4.9.3/../../../arm-none-eabi/lib/armv7-m/libm.a(lib_a-ef_pow.o)
 .rodata.bp     0x0801d68c        0x8 /usr/lib/gcc/arm-none-eabi/4.9.3/../../../arm-none-eabi/lib/armv7-m/libm.a(lib_a-ef_pow.o)
 .rodata.str1.4
                0x0801d694        0x8 /usr/lib/gcc/arm-none-eabi/4.9.3/../../../arm-none-eabi/lib/armv7-m/libm.a(lib_a-ef_pow.o)
                                  0x4 (size before relaxing)
 *fill*         0x0801d694        0x4 
 .rodata.TWO52  0x0801d698       0x10 /usr/lib/gcc/arm-none-eabi/4.9.3/../../../arm-none-eabi/lib/armv7-m/libm.a(lib_a-s_rint.o)
 *(.glue_7)
 .glue_7        0x0801d6a8        0x0 linker stubs
 *(.glue_7t)
 .glue_7t       0x0801d6a8        0x0 linker stubs
 *(.eh_frame)
 *(.init)
 *(.fini)
                0x0801d6a8                . = ALIGN (0x4)
                0x0801d6a8                _etext = .

.vfp11_veneer   0x0801d6a8        0x0
 .vfp11_veneer  0x0801d6a8        0x0 linker stubs

.v4_bx          0x0801d6a8        0x0
 .v4_bx         0x0801d6a8        0x0 linker stubs

.iplt           0x0801d6a8        0x0
 .iplt          0x0801d6a8        0x0 obj/main/NAZE/startup_stm32f10x_md_gcc.o

.ARM.extab
 *(.ARM.extab* .gnu.linkonce.armextab.*)

.ARM            0x0801d6a8        0x8
                0x0801d6a8                __exidx_start = .
 *(.ARM.exidx*)
 .ARM.exidx     0x0801d6a8        0x8 /usr/lib/gcc/arm-none-eabi/4.9.3/armv7-m/libgcc.a(_divdi3.o)
 .ARM.exidx     0x0801d6b0        0x0 /usr/lib/gcc/arm-none-eabi/4.9.3/armv7-m/libgcc.a(_udivdi3.o)
                                  0x8 (size before relaxing)
                0x0801d6b0                __exidx_end = .

.rel.dyn        0x0801d6b0        0x0
 .rel.iplt      0x0801d6b0        0x0 obj/main/NAZE/startup_stm32f10x_md_gcc.o

.preinit_array  0x0801d6b0        0x0
                [!provide]                PROVIDE (__preinit_array_start, .)
 *(.preinit_array*)
                [!provide]                PROVIDE (__preinit_array_end, .)

.init_array     0x0801d6b0        0x0
                [!provide]                PROVIDE (__init_array_start, .)
 *(SORT(.init_array.*))
 *(.init_array*)
                [!provide]                PROVIDE (__init_array_end, .)

.fini_array     0x0801d6b0        0x0
                [!provide]                PROVIDE (__fini_array_start, .)
 *(.fini_array*)
 *(SORT(.fini_array.*))
                [!provide]                PROVIDE (__fini_array_end, .)
                0x0801d6b0                _sidata = .

.data           0x20000000      0x1e4 load address 0x0801d6b0
                0x20000000                . = ALIGN (0x4)
                0x20000000                _sdata = .
 *(.data)
 .data          0x20000000        0x3 /tmp/cclViJVC.ltrans3.ltrans.o
                0x20000002                isUsingSticksToArm.lto_priv.347
 *fill*         0x20000003        0x1 
 .data          0x20000004        0x3 /tmp/cclViJVC.ltrans4.ltrans.o
                0x20000004                acc_1G
 *fill*         0x20000007        0x1 
 .data          0x20000008        0x5 /tmp/cclViJVC.ltrans7.ltrans.o
                0x20000008                hse_value
                0x2000000c                standardBoardAlignment.lto_priv.474
 .data          0x2000000d        0x3 /tmp/cclViJVC.ltrans9.ltrans.o
 .data          0x20000010        0x4 /tmp/cclViJVC.ltrans11.ltrans.o
                0x20000010                GPS_scaleLonDown.lto_priv.567
 .data          0x20000014       0x14 /tmp/cclViJVC.ltrans12.ltrans.o
                0x20000018                geometry.lto_priv.352
 .data          0x20000028        0x4 /tmp/cclViJVC.ltrans13.ltrans.o
                0x20000028                q0.lto_priv.395
 .data          0x2000002c        0x8 /tmp/cclViJVC.ltrans22.ltrans.o
                0x2000002c                pif_id
                0x20000030                rcReadRawFunc.lto_priv.312
 .data          0x20000034        0x4 /tmp/cclViJVC.ltrans25.ltrans.o
                0x20000034                measurement.lto_priv.583
 .data          0x20000038        0xc /tmp/cclViJVC.ltrans26.ltrans.o
 *(.data*)
 .data.baro     0x20000044       0x1c /tmp/cclViJVC.ltrans0.ltrans.o
 .data.GPS_hdop
                0x20000060        0x2 /tmp/cclViJVC.ltrans4.ltrans.o
                0x20000060                GPS_hdop
 *fill*         0x20000062        0x2 
 .data.pid_controller
                0x20000064        0x4 /tmp/cclViJVC.ltrans13.ltrans.o
                0x20000064                pid_controller
 .data.cfTasks  0x20000068      0x104 /tmp/cclViJVC.ltrans22.ltrans.o
                0x20000068                cfTasks
 .data.detectedSensors
                0x2000016c        0x4 /tmp/cclViJVC.ltrans24.ltrans.o
                0x2000016c                detectedSensors
 .data.batteryCellCount
                0x20000170        0x1 /tmp/cclViJVC.ltrans24.ltrans.o
                0x20000170                batteryCellCount
 *fill*         0x20000171        0x3 
 .data.SystemCoreClock
                0x20000174        0x4 /tmp/cclViJVC.ltrans24.ltrans.o
                0x20000174                SystemCoreClock
 .data.__ctype_ptr__
                0x20000178        0x4 /usr/lib/gcc/arm-none-eabi/4.9.3/../../../arm-none-eabi/lib/armv7-m/libc_nano.a(lib_a-ctype_.o)
                0x20000178                __ctype_ptr__
 .data.impure_data
                0x2000017c       0x60 /usr/lib/gcc/arm-none-eabi/4.9.3/../../../arm-none-eabi/lib/armv7-m/libc_nano.a(lib_a-impure.o)
 .data._impure_ptr
                0x200001dc        0x4 /usr/lib/gcc/arm-none-eabi/4.9.3/../../../arm-none-eabi/lib/armv7-m/libc_nano.a(lib_a-impure.o)
                0x200001dc                _impure_ptr
 .data.__fdlib_version
                0x200001e0        0x1 /usr/lib/gcc/arm-none-eabi/4.9.3/../../../arm-none-eabi/lib/armv7-m/libm.a(lib_a-s_lib_ver.o)
                0x200001e0                __fdlib_version
                0x200001e4                . = ALIGN (0x4)
 *fill*         0x200001e1        0x3 
                0x200001e4                _edata = .

.igot.plt       0x200001e4        0x0 load address 0x0801d894
 .igot.plt      0x200001e4        0x0 obj/main/NAZE/startup_stm32f10x_md_gcc.o
                0x200001e4                . = ALIGN (0x4)

.bss            0x200001e8     0x3558 load address 0x0801d894
                0x200001e8                _sbss = .
                0x200001e8                __bss_start__ = _sbss
 *(.bss)
 .bss           0x200001e8      0x560 /tmp/cclViJVC.ltrans0.ltrans.o
                0x200001f0                i2cOverClock.lto_priv.584
                0x20000214                inputFilteringMode.lto_priv.580
                0x20000218                ppmDev
                0x20000344                servos.lto_priv.582
                0x20000365                displayPresent.lto_priv.556
                0x20000370                mpuConfiguration
                0x2000037c                mpuIntExtiConfig.lto_priv.587
                0x200003d0                mpuDividerDrops
                0x200003dc                gpsPacketLog
                0x200003f6                ledStripDMABuffer
                0x20000720                telemetryConfig.lto_priv.430
                0x20000724                portConfig.lto_priv.433
                0x20000728                frskyPortSharing.lto_priv.554
                0x20000729                hottPortSharing.lto_priv.552
                0x2000072c                telemetryConfig.lto_priv.431
                0x20000730                portConfig.lto_priv.435
                0x20000734                smartPortPortSharing.lto_priv.549
                0x2000073c                portConfig.lto_priv.436
                0x20000740                ltmPortSharing.lto_priv.547
                0x20000741                couldBeBusy.lto_priv.574
                0x20000744                tailAddress.lto_priv.530
 .bss           0x20000748      0x3b7 /tmp/cclViJVC.ltrans1.ltrans.o
                0x20000760                gyroAlign
                0x20000764                gyroLpfCutFreq.lto_priv.529
                0x200007d8                gyroConfig.lto_priv.528
                0x20000834                imuRuntimeConfig.lto_priv.467
                0x2000085c                gyroScale.lto_priv.468
                0x2000086c                magneticDeclination
                0x20000870                smallAngleCosZ
                0x2000087c                fc_acc
                0x20000880                accDeadband.lto_priv.524
                0x20000884                lookupYawRC
                0x20000898                rxRefreshRate.lto_priv.447
                0x200008b0                rcControlsConfig.lto_priv.523
                0x200008b8                escAndServoConfig.lto_priv.384
                0x200008bc                throttleAngleScale
                0x200008c0                mixerConfig.lto_priv.470
                0x200008c4                currentMixer.lto_priv.477
                0x20000988                rxConfig.lto_priv.526
                0x2000098c                currentMixerMode.lto_priv.476
                0x200009b0                gimbalConfig.lto_priv.525
                0x200009b4                servoFilterState.lto_priv.471
                0x20000ad4                motorControlEnable
                0x20000ad8                blackboxPort.lto_priv.417
                0x20000adc                blackboxHeaderBudget
                0x20000ae0                blackboxMaxHeaderBytesPerIteration.lto_priv.415
                0x20000ae4                xmitState.lto_priv.413
                0x20000aec                blackboxConditionCache.lto_priv.410
                0x20000af0                vbatReference.lto_priv.406
                0x20000af2                blackboxSlowFrameIterationTimer.lto_priv.414
                0x20000af4                blackboxPFrameIndex.lto_priv.409
                0x20000af8                blackboxIteration.lto_priv.408
                0x20000afc                blackboxModeActivationConditionPresent.lto_priv.407
                0x20000afd                blackboxPortSharing.lto_priv.416
                0x20000afe                blackboxLoggedAnyFrames.lto_priv.412
 *fill*         0x20000aff        0x1 
 .bss           0x20000b00      0x164 /tmp/cclViJVC.ltrans2.ltrans.o
                0x20000b00                printfSerialPort.lto_priv.520
                0x20000b20                servo
                0x20000b30                GPS_ground_course
                0x20000b32                GPS_update
                0x20000b33                GPS_numCh
                0x20000b34                GPS_svinfo_chn
                0x20000b44                GPS_svinfo_svid
                0x20000b54                GPS_svinfo_quality
                0x20000b64                GPS_svinfo_cno
                0x20000b74                debug
                0x20000b7c                blackboxState.lto_priv.382
                0x20000be0                pwmIOConfiguration.lto_priv.478
 .bss           0x20000c64      0x1d0 /tmp/cclViJVC.ltrans3.ltrans.o
                0x20000c6a                rxMspFrameDone.lto_priv.349
                0x20000c6b                ppmFrameCount.lto_priv.581
                0x20000c99                rcSampleIndex.lto_priv.446
                0x20000ce4                rcInvalidPulsPeriod
                0x20000d2d                rxFlightChannelsValid.lto_priv.541
                0x20000d48                rxConfig.lto_priv.307
                0x20000d4c                deadband3dThrottle.lto_priv.466
                0x20000d50                disarmAt.lto_priv.405
                0x20000d57                AccInflightCalibrationMeasurementDone
                0x20000d58                AccInflightCalibrationSavetoEEProm
                0x20000d5a                calibratingA
                0x20000d5c                InflightcalibratingA
                0x20000d5e                AccInflightCalibrationActive
                0x20000d60                adjustmentStates
                0x20000d94                escAndServoConfig.lto_priv.346
                0x20000d98                magHold
                0x20000d9a                headFreeModeHold
                0x20000d9c                nav_mode
                0x20000da0                gpsProfile.lto_priv.388
                0x20000da4                GPS_hold
                0x20000dae                nav_rated.lto_priv.390
                0x20000db2                nav.lto_priv.389
                0x20000de0                poshold_ratePID.lto_priv.558
                0x20000e08                navPID.lto_priv.559
                0x20000e30                isRXDataNew.lto_priv.392
                0x20000e31                haveProcessedAnnexCodeOnce.lto_priv.381
                0x20000e32                initialThrottleHold.lto_priv.391
 .bss           0x20000e34       0xf0 /tmp/cclViJVC.ltrans4.ltrans.o
                0x20000e34                frskyTelemetryEnabled.lto_priv.555
                0x20000e3e                accSmooth
                0x20000e44                vario
                0x20000e48                BaroAlt
                0x20000e4c                baroTemperature
                0x20000e54                telemetryConfig.lto_priv.280
                0x20000e58                amperage
                0x20000e5c                GPS_speed
                0x20000e5e                GPS_altitude
                0x20000e60                GPS_numSat
                0x20000e64                GPS_coord
                0x20000e6c                hottTelemetryEnabled.lto_priv.553
                0x20000e74                hottEAMMessage.lto_priv.437
                0x20000ea4                telemetryConfig.lto_priv.281
                0x20000ea8                hottGPSMessage.lto_priv.438
                0x20000ed4                GPS_distanceToHome
                0x20000ed6                GPS_directionToHome
                0x20000ee0                hottPort.lto_priv.546
                0x20000ef0                portConfig.lto_priv.434
                0x20000ef6                smartPortTelemetryEnabled.lto_priv.550
                0x20000ef8                smartPortSerialPort.lto_priv.545
                0x20000efc                smartPortState
                0x20000f00                smartPortLastRequestTime.lto_priv.551
                0x20000f06                ltmEnabled.lto_priv.548
                0x20000f08                ltmPort.lto_priv.544
                0x20000f14                EstAlt.lto_priv.297
                0x20000f18                rssi
                0x20000f1c                GPS_home
 .bss           0x20000f24       0x28 /tmp/cclViJVC.ltrans5.ltrans.o
 .bss           0x20000f4c        0xa /tmp/cclViJVC.ltrans6.ltrans.o
                0x20000f4c                colors
                0x20000f50                ledConfigs
                0x20000f54                serialPortCount.lto_priv.353
 *fill*         0x20000f56        0x2 
 .bss           0x20000f58      0x2f1 /tmp/cclViJVC.ltrans7.ltrans.o
                0x20000f58                ibusChannelData.lto_priv.316
                0x20000fb9                xBusChannelCount.lto_priv.457
                0x20000fba                xBusFrameReceived.lto_priv.317
                0x20000fbc                spekChannelData.lto_priv.334
                0x20000fec                sumhChannels.lto_priv.320
                0x2000100c                sumdChannels.lto_priv.325
                0x2000102c                sbusChannelData.lto_priv.328
                0x20001074                mspFrame.lto_priv.348
                0x20001098                captures.lto_priv.313
                0x200010b5                ibus.lto_priv.315
                0x200010d5                ibusFrameDone.lto_priv.314
                0x200010e0                xBusFramePosition.lto_priv.455
                0x200010e1                xBusDataIncoming.lto_priv.454
                0x200010e2                xBusFrameLength.lto_priv.456
                0x200010e3                xBusProvider.lto_priv.458
                0x200010e9                spekFrame.lto_priv.330
                0x200010f9                rcFrameComplete.lto_priv.329
                0x20001105                sumhFrame.lto_priv.319
                0x2000111a                sumhFrameDone.lto_priv.318
                0x20001121                sumdFrameDone.lto_priv.321
                0x20001122                crc.lto_priv.322
                0x20001124                sumdChannelCount.lto_priv.323
                0x20001125                sumd.lto_priv.324
                0x20001151                sbusFrame.lto_priv.327
                0x2000116a                sbusFrameDone.lto_priv.326
                0x20001178                boardRotation.lto_priv.475
                0x2000119c                batteryConfig
                0x200011a0                mAhDrawn
                0x200011a4                adcConfig
                0x200011b4                adcValues
                0x200011bc                vbatLatestADC
                0x200011c0                vbatFilterState.lto_priv.429
                0x200011e4                vbat
                0x200011e8                rxConfig.lto_priv.308
                0x200011ec                suspendRxSignalUntil.lto_priv.311
                0x200011f0                skipRxSamples.lto_priv.310
                0x200011f4                sysTickUptime.lto_priv.222
                0x200011f8                failsafeState.lto_priv.278
                0x2000121c                warningLedState.lto_priv.255
                0x20001220                warningLedTimer.lto_priv.393
                0x20001224                flightModeFlags
                0x20001228                rcModeActivationMask
                0x2000122c                activeBoxIdCount.lto_priv.350
                0x2000122d                activeBoxIds.lto_priv.351
 *fill*         0x20001249        0x3 
 .bss           0x2000124c      0x6c4 /tmp/cclViJVC.ltrans8.ltrans.o
 .bss           0x20001910       0xa0 /tmp/cclViJVC.ltrans9.ltrans.o
                0x20001910                ledStripInitialised.lto_priv.439
                0x20001912                ledColorBuffer.lto_priv.440
                0x200019a0                ledCount
                0x200019a4                rxSignalReceived.lto_priv.302
                0x200019ac                highestYValueForNorth
                0x200019ad                lowestXValueForEast
                0x200019ae                lowestYValueForSouth
                0x200019af                highestXValueForWest
 .bss           0x200019b0        0x7 /tmp/cclViJVC.ltrans10.ltrans.o
 *fill*         0x200019b7        0x1 
 .bss           0x200019b8      0x242 /tmp/cclViJVC.ltrans11.ltrans.o
                0x20001b9c                GPS_WP.lto_priv.561
                0x20001ba4                wp_distance.lto_priv.562
                0x20001ba8                target_bearing.lto_priv.563
                0x20001bac                error.lto_priv.568
                0x20001bb4                posholdPID_PARAM.lto_priv.569
                0x20001bc4                poshold_ratePID_PARAM.lto_priv.570
                0x20001bd8                waypoint_speed_gov.lto_priv.566
                0x20001bdc                original_target_bearing.lto_priv.565
                0x20001be4                nav_bearing.lto_priv.564
                0x20001be8                navPID_PARAM.lto_priv.571
                0x20001bf8                nav_takeoff_bearing.lto_priv.572
 *fill*         0x20001bfa        0x2 
 .bss           0x20001bfc       0x82 /tmp/cclViJVC.ltrans12.ltrans.o
                0x20001bfc                motor_disarmed
                0x20001c14                currentProfile
                0x20001c18                gpsPort.lto_priv.299
                0x20001c1c                pageState.lto_priv.305
                0x20001c30                cliBuffer.lto_priv.357
                0x20001c60                bufferIndex.lto_priv.356
                0x20001c64                servoConf.lto_priv.257
                0x20001c68                beep_multiBeeps.lto_priv.254
 *fill*         0x20001c7e        0x2 
 .bss           0x20001c80      0x30c /tmp/cclViJVC.ltrans13.ltrans.o
                0x20001c80                usTicks.lto_priv.490
                0x20001c84                rcCommand
                0x20001c8c                attitude
                0x20001c94                gyroADC
                0x20001ca0                PIDweight
                0x20001ca4                errorGyroI.lto_priv.275
                0x20001cb0                targetLooptime
                0x20001cb4                stateFlags
                0x20001cb5                motorLimitReached
                0x20001cb8                errorGyroILimit.lto_priv.276
                0x20001ce8                axisPID
                0x20001cf0                axisPID_P
                0x20001cfc                axisPID_I
                0x20001d08                axisPID_D
                0x20001d14                deltaFilterState.lto_priv.277
                0x20001d80                lookupThrottleRC
                0x20001d98                lookupPitchRollRC
                0x20001da8                dmaHandlers.lto_priv.441
                0x20001dc0                pif_datetime
                0x20001dc8                extiHandlerConfigs.lto_priv.489
                0x20001de0                beeperIsOn.lto_priv.340
                0x20001de4                beeperNextToggleTime.lto_priv.339
                0x20001de8                beeperPos.lto_priv.341
                0x20001dec                currentBeeperEntry.lto_priv.338
                0x20001df0                motor
                0x20001e08                motors.lto_priv.479
                0x20001e38                motorCount
                0x20001e3c                timerConfig
                0x20001edc                flight3DConfig.lto_priv.383
                0x20001ee0                escAndServoConfig.lto_priv.385
                0x20001ee4                servoRuleCount.lto_priv.387
                0x20001ee5                currentServoMixer.lto_priv.386
                0x20001f58                customServoMixers.lto_priv.486
                0x20001f5c                q1.lto_priv.396
                0x20001f60                q2.lto_priv.397
                0x20001f64                q3.lto_priv.398
                0x20001f68                rMat.lto_priv.298
 .bss           0x20001f8c      0x600 /tmp/cclViJVC.ltrans14.ltrans.o
 .bss           0x2000258c       0x9a /tmp/cclViJVC.ltrans15.ltrans.o
                0x200025a4                bufferHead.lto_priv.534
                0x200025a5                bufferTail.lto_priv.573
                0x200025a6                flashWriteBuffer.lto_priv.535
 *fill*         0x20002626        0x2 
 .bss           0x20002628       0xcc /tmp/cclViJVC.ltrans16.ltrans.o
                0x20002628                pif_act_timer1us
                0x2000262c                s_table.lto_priv.422
                0x200026b0                s_task_stack_ptr.lto_priv.420
                0x200026c8                s_it_current.lto_priv.418
                0x200026cc                s_table_number.lto_priv.421
                0x200026d0                s_tasks.lto_priv.221
                0x200026ec                s_task_cutin.lto_priv.419
 .bss           0x200026f4      0x120 /tmp/cclViJVC.ltrans17.ltrans.o
                0x20002718                uartPort3.lto_priv.576
                0x2000276c                uartPort2.lto_priv.577
                0x200027c0                uartPort1.lto_priv.578
 .bss           0x20002814      0x1ac /tmp/cclViJVC.ltrans18.ltrans.o
                0x20002814                gpsHistory.lto_priv.536
                0x20002828                blackboxHistory.lto_priv.538
                0x20002834                blackboxHistoryRing.lto_priv.539
                0x200029a8                blackboxIFrameIndex.lto_priv.537
                0x200029ac                blackboxLastArmingBeep.lto_priv.540
                0x200029b0                systemState.lto_priv.424
 .bss           0x200029c0       0x40 /tmp/cclViJVC.ltrans19.ltrans.o
                0x200029e4                GPS_packetCount
                0x200029ec                GPS_svInfoReceivedCount
                0x200029f8                GPS_garbageByteCount
 .bss           0x20002a00       0xd0 /tmp/cclViJVC.ltrans21.ltrans.o
                0x20002a00                baroReady.lto_priv.543
                0x20002a04                pif_timer1us
                0x20002a0c                calibratingB
                0x20002a14                baroPressureSum.lto_priv.542
                0x20002a18                barometerConfig.lto_priv.295
                0x20002a28                sonarMaxTiltCos
                0x20002a2c                calculatedAltitude.lto_priv.354
                0x20002a30                sonarCfAltCm
                0x20002a38                sonarMaxAltWithTiltCm
                0x20002a3c                accSumCount
                0x20002a40                accSum
                0x20002a4c                accVelScale
                0x20002a50                barometerConfig.lto_priv.296
                0x20002a5c                AltHold
                0x20002a60                pidProfile.lto_priv.521
                0x20002a64                errorVelocityI
                0x20002a68                altHoldThrottleAdjustment
                0x20002a6c                velocityControl
                0x20002a70                lastMeasurementAt.lto_priv.443
                0x20002a74                sonarHardware.lto_priv.442
                0x20002a78                mag
                0x20002a88                magADC
                0x20002aa4                magInit.lto_priv.469
                0x20002aa8                gpsData
                0x20002ac8                gpsConfig.lto_priv.444
 .bss           0x20002ad0      0x9e4 /tmp/cclViJVC.ltrans22.ltrans.o
                0x20002ad0                g_imu_sensor
                0x20002b44                g_i2c_port
                0x20002b78                pif_cumulative_timer1ms
                0x20002b7c                string.9033.lto_priv.560
                0x20002b8c                rcData
                0x20002bb0                mspPorts.lto_priv.220
                0x20002c48                masterConfig
                0x20003460                rxRuntimeConfigPtr.lto_priv.332
                0x20003464                rxRuntimeConfig
                0x20003465                spek_chan_shift.lto_priv.331
                0x20003466                spek_chan_mask.lto_priv.333
                0x20003467                spekHiRes.lto_priv.218
                0x20003468                serialConfig.lto_priv.253
                0x2000346c                findSharedSerialPortState.lto_priv.301
                0x20003470                serialPortUsageList.lto_priv.252
                0x200034ac                pidProfile.lto_priv.303
                0x200034b0                activeFeaturesLatch.lto_priv.219
 .bss           0x200034b4       0x11 /tmp/cclViJVC.ltrans23.ltrans.o
                0x200034c0                I2Cx.lto_priv.585
                0x200034c4                I2Cx_index.lto_priv.586
 *fill*         0x200034c5        0x3 
 .bss           0x200034c8       0x64 /tmp/cclViJVC.ltrans24.ltrans.o
                0x200034c8                currentPort.lto_priv.343
                0x200034cc                writer.lto_priv.344
                0x200034d0                mspSerialPort.lto_priv.345
                0x200034d4                cliWriter.lto_priv.225
                0x200034d8                currentControlRateProfileIndex.lto_priv.304
                0x200034dc                currentControlRateProfile
                0x200034e0                pif_performance
                0x200034e8                batteryState.lto_priv.279
                0x200034ec                enabledSensors.lto_priv.282
                0x200034f0                acc
                0x200034fc                i2cErrorCount.lto_priv.355
                0x20003500                g_timer_1ms
                0x20003528                cliPort.lto_priv.224
 .bss           0x2000352c       0xfd /tmp/cclViJVC.ltrans25.ltrans.o
 *fill*         0x20003629        0x3 
 .bss           0x2000362c       0x8c /tmp/cclViJVC.ltrans26.ltrans.o
                0x2000363c                dynP8
                0x20003654                dynD8
                0x20003658                errorGyroIf.lto_priv.306
                0x20003664                gyro
                0x20003678                dT
                0x200036b4                failsafeConfig.lto_priv.309
 .bss           0x200036b8       0x24 /tmp/cclViJVC.ltrans27.ltrans.o
                0x200036bc                batteryWarningVoltage
                0x200036be                batteryCriticalVoltage
                0x200036c8                amperageLatestADC
                0x200036d8                armingBeepTimeMicros.lto_priv.411
 .bss           0x200036dc       0x35 /tmp/cclViJVC.ltrans28.ltrans.o
                0x200036dc                accADC
                0x200036e8                accelerationTrims.lto_priv.527
                0x20003710                isAccelUpdatedAtLeastOnce.lto_priv.394
 *(SORT(.bss*))
 *fill*         0x20003711        0x3 
 .bss.systemBeepPtr
                0x20003714        0x4 /tmp/cclViJVC.ltrans13.ltrans.o
                0x20003714                systemBeepPtr
 .bss.accTimeSum
                0x20003718        0x4 /tmp/cclViJVC.ltrans21.ltrans.o
                0x20003718                accTimeSum
 .bss.setVelocity
                0x2000371c        0x4 /tmp/cclViJVC.ltrans21.ltrans.o
                0x2000371c                setVelocity
 .bss.__malloc_sbrk_start
                0x20003720        0x4 /usr/lib/gcc/arm-none-eabi/4.9.3/../../../arm-none-eabi/lib/armv7-m/libc_nano.a(lib_a-nano-mallocr.o)
                0x20003720                __malloc_sbrk_start
 .bss.__malloc_free_list
                0x20003724        0x4 /usr/lib/gcc/arm-none-eabi/4.9.3/../../../arm-none-eabi/lib/armv7-m/libc_nano.a(lib_a-nano-mallocr.o)
                0x20003724                __malloc_free_list
 .bss.heap_end.4079
                0x20003728        0x4 /usr/lib/gcc/arm-none-eabi/4.9.3/../../../arm-none-eabi/lib/armv7-m/libnosys.a(sbrk.o)
 .bss.calibratingG
                0x2000372c        0x2 /tmp/cclViJVC.ltrans3.ltrans.o
                0x2000372c                calibratingG
 .bss.GPS_angle
                0x2000372e        0x4 /tmp/cclViJVC.ltrans13.ltrans.o
                0x2000372e                GPS_angle
 .bss.cycleTime
                0x20003732        0x2 /tmp/cclViJVC.ltrans24.ltrans.o
                0x20003732                cycleTime
 .bss.hardwareRevision
                0x20003734        0x1 /tmp/cclViJVC.ltrans2.ltrans.o
                0x20003734                hardwareRevision
 .bss.armingFlags
                0x20003735        0x1 /tmp/cclViJVC.ltrans7.ltrans.o
                0x20003735                armingFlags
 .bss.ws2811LedDataTransferInProgress
                0x20003736        0x1 /tmp/cclViJVC.ltrans9.ltrans.o
                0x20003736                ws2811LedDataTransferInProgress
 .bss.cliMode   0x20003737        0x1 /tmp/cclViJVC.ltrans12.ltrans.o
                0x20003737                cliMode
 .bss.magAlign  0x20003738        0x1 /tmp/cclViJVC.ltrans21.ltrans.o
                0x20003738                magAlign
 .bss.pif_error
                0x20003739        0x1 /tmp/cclViJVC.ltrans22.ltrans.o
                0x20003739                pif_error
 .bss.CHAR_FORMAT
                0x2000373a        0x1 /tmp/cclViJVC.ltrans23.ltrans.o
 .bss.accAlign  0x2000373b        0x1 /tmp/cclViJVC.ltrans28.ltrans.o
                0x2000373b                accAlign
 *(COMMON)
 COMMON         0x2000373c        0x4 /usr/lib/gcc/arm-none-eabi/4.9.3/../../../arm-none-eabi/lib/armv7-m/libc_nano.a(lib_a-reent.o)
                0x2000373c                errno
                0x20003740                . = ALIGN (0x4)
                0x20003740                _ebss = .
                0x20003740                __bss_end__ = _ebss

._user_heap_stack
                0x20003740      0x400 load address 0x0801d894
                0x20003740                . = ALIGN (0x4)
                0x20003740                PROVIDE (end, .)
                [!provide]                PROVIDE (_end, .)
                0x20003740                . = (. + _Min_Heap_Size)
                0x20003b40                . = (. + _Min_Stack_Size)
 *fill*         0x20003740      0x400 
                0x20003b40                . = ALIGN (0x4)

.memory_b1_text
 *(.mb1text)
 *(.mb1text*)
 *(.mb1rodata)
 *(.mb1rodata*)

/DISCARD/
 libc.a(*)
 libm.a(*)
 libgcc.a(*)

.ARM.attributes
                0x00000000       0x2f
 *(.ARM.attributes)
 .ARM.attributes
                0x00000000       0x21 obj/main/NAZE/startup_stm32f10x_md_gcc.o
 .ARM.attributes
                0x00000021       0x31 /tmp/cclViJVC.ltrans0.ltrans.o
 .ARM.attributes
                0x00000052       0x31 /tmp/cclViJVC.ltrans1.ltrans.o
 .ARM.attributes
                0x00000083       0x31 /tmp/cclViJVC.ltrans2.ltrans.o
 .ARM.attributes
                0x000000b4       0x31 /tmp/cclViJVC.ltrans3.ltrans.o
 .ARM.attributes
                0x000000e5       0x31 /tmp/cclViJVC.ltrans4.ltrans.o
 .ARM.attributes
                0x00000116       0x31 /tmp/cclViJVC.ltrans5.ltrans.o
 .ARM.attributes
                0x00000147       0x31 /tmp/cclViJVC.ltrans6.ltrans.o
 .ARM.attributes
                0x00000178       0x31 /tmp/cclViJVC.ltrans7.ltrans.o
 .ARM.attributes
                0x000001a9       0x31 /tmp/cclViJVC.ltrans8.ltrans.o
 .ARM.attributes
                0x000001da       0x31 /tmp/cclViJVC.ltrans9.ltrans.o
 .ARM.attributes
                0x0000020b       0x31 /tmp/cclViJVC.ltrans10.ltrans.o
 .ARM.attributes
                0x0000023c       0x31 /tmp/cclViJVC.ltrans11.ltrans.o
 .ARM.attributes
                0x0000026d       0x31 /tmp/cclViJVC.ltrans12.ltrans.o
 .ARM.attributes
                0x0000029e       0x31 /tmp/cclViJVC.ltrans13.ltrans.o
 .ARM.attributes
                0x000002cf       0x31 /tmp/cclViJVC.ltrans14.ltrans.o
 .ARM.attributes
                0x00000300       0x31 /tmp/cclViJVC.ltrans15.ltrans.o
 .ARM.attributes
                0x00000331       0x31 /tmp/cclViJVC.ltrans16.ltrans.o
 .ARM.attributes
                0x00000362       0x31 /tmp/cclViJVC.ltrans17.ltrans.o
 .ARM.attributes
                0x00000393       0x31 /tmp/cclViJVC.ltrans18.ltrans.o
 .ARM.attributes
                0x000003c4       0x31 /tmp/cclViJVC.ltrans19.ltrans.o
 .ARM.attributes
                0x000003f5       0x31 /tmp/cclViJVC.ltrans20.ltrans.o
 .ARM.attributes
                0x00000426       0x31 /tmp/cclViJVC.ltrans21.ltrans.o
 .ARM.attributes
                0x00000457       0x31 /tmp/cclViJVC.ltrans22.ltrans.o
 .ARM.attributes
                0x00000488       0x31 /tmp/cclViJVC.ltrans23.ltrans.o
 .ARM.attributes
                0x000004b9       0x31 /tmp/cclViJVC.ltrans24.ltrans.o
 .ARM.attributes
                0x000004ea       0x31 /tmp/cclViJVC.ltrans25.ltrans.o
 .ARM.attributes
                0x0000051b       0x31 /tmp/cclViJVC.ltrans26.ltrans.o
 .ARM.attributes
                0x0000054c       0x31 /tmp/cclViJVC.ltrans27.ltrans.o
 .ARM.attributes
                0x0000057d       0x31 /tmp/cclViJVC.ltrans28.ltrans.o
 .ARM.attributes
                0x000005ae       0x2d /usr/lib/gcc/arm-none-eabi/4.9.3/../../../arm-none-eabi/lib/armv7-m/libc_nano.a(lib_a-atoi.o)
 .ARM.attributes
                0x000005db       0x2d /usr/lib/gcc/arm-none-eabi/4.9.3/../../../arm-none-eabi/lib/armv7-m/libc_nano.a(lib_a-ctype_.o)
 .ARM.attributes
                0x00000608       0x2d /usr/lib/gcc/arm-none-eabi/4.9.3/../../../arm-none-eabi/lib/armv7-m/libc_nano.a(lib_a-strtok.o)
 .ARM.attributes
                0x00000635       0x2d /usr/lib/gcc/arm-none-eabi/4.9.3/../../../arm-none-eabi/lib/armv7-m/libc_nano.a(lib_a-strtok_r.o)
 .ARM.attributes
                0x00000662       0x2d /usr/lib/gcc/arm-none-eabi/4.9.3/../../../arm-none-eabi/lib/armv7-m/libc_nano.a(lib_a-strtol.o)
 .ARM.attributes
                0x0000068f       0x2d /usr/lib/gcc/arm-none-eabi/4.9.3/../../../arm-none-eabi/lib/armv7-m/libc_nano.a(lib_a-impure.o)
 .ARM.attributes
                0x000006bc       0x2d /usr/lib/gcc/arm-none-eabi/4.9.3/../../../arm-none-eabi/lib/armv7-m/libc_nano.a(lib_a-malloc.o)
 .ARM.attributes
                0x000006e9       0x2d /usr/lib/gcc/arm-none-eabi/4.9.3/../../../arm-none-eabi/lib/armv7-m/libc_nano.a(lib_a-nano-freer.o)
 .ARM.attributes
                0x00000716       0x2d /usr/lib/gcc/arm-none-eabi/4.9.3/../../../arm-none-eabi/lib/armv7-m/libc_nano.a(lib_a-nano-mallocr.o)
 .ARM.attributes
                0x00000743       0x2d /usr/lib/gcc/arm-none-eabi/4.9.3/../../../arm-none-eabi/lib/armv7-m/libc_nano.a(lib_a-sbrkr.o)
 .ARM.attributes
                0x00000770       0x2d /usr/lib/gcc/arm-none-eabi/4.9.3/../../../arm-none-eabi/lib/armv7-m/libc_nano.a(lib_a-reent.o)
 .ARM.attributes
                0x0000079d       0x2d /usr/lib/gcc/arm-none-eabi/4.9.3/../../../arm-none-eabi/lib/armv7-m/libnosys.a(sbrk.o)
 .ARM.attributes
                0x000007ca       0x2d /usr/lib/gcc/arm-none-eabi/4.9.3/../../../arm-none-eabi/lib/armv7-m/libm.a(lib_a-sf_lrint.o)
 .ARM.attributes
                0x000007f7       0x2d /usr/lib/gcc/arm-none-eabi/4.9.3/../../../arm-none-eabi/lib/armv7-m/libm.a(lib_a-wf_pow.o)
 .ARM.attributes
                0x00000824       0x2d /usr/lib/gcc/arm-none-eabi/4.9.3/../../../arm-none-eabi/lib/armv7-m/libm.a(lib_a-wf_sqrt.o)
 .ARM.attributes
                0x00000851       0x2d /usr/lib/gcc/arm-none-eabi/4.9.3/../../../arm-none-eabi/lib/armv7-m/libm.a(lib_a-ef_pow.o)
 .ARM.attributes
                0x0000087e       0x2d /usr/lib/gcc/arm-none-eabi/4.9.3/../../../arm-none-eabi/lib/armv7-m/libm.a(lib_a-ef_sqrt.o)
 .ARM.attributes
                0x000008ab       0x2d /usr/lib/gcc/arm-none-eabi/4.9.3/../../../arm-none-eabi/lib/armv7-m/libm.a(lib_a-s_lib_ver.o)
 .ARM.attributes