Archive member included to satisfy reference by file (symbol)

/usr/lib/gcc/arm-none-eabi/4.9.3/../../../arm-none-eabi/lib/armv7-m/libc_nano.a(lib_a-atoi.o)
                              obj/main/NAZE/../controller/io/ledstrip.o (symbol from plugin) (atoi)
/usr/lib/gcc/arm-none-eabi/4.9.3/../../../arm-none-eabi/lib/armv7-m/libc_nano.a(lib_a-ctype_.o)
                              obj/main/NAZE/../controller/flight/gps_conversion.o (symbol from plugin) (__ctype_ptr__)
/usr/lib/gcc/arm-none-eabi/4.9.3/../../../arm-none-eabi/lib/armv7-m/libc_nano.a(lib_a-strtok.o)
                              obj/main/NAZE/../controller/io/serial_cli.o (symbol from plugin) (strtok)
/usr/lib/gcc/arm-none-eabi/4.9.3/../../../arm-none-eabi/lib/armv7-m/libc_nano.a(lib_a-strtok_r.o)
                              /usr/lib/gcc/arm-none-eabi/4.9.3/../../../arm-none-eabi/lib/armv7-m/libc_nano.a(lib_a-strtok.o) (__strtok_r)
/usr/lib/gcc/arm-none-eabi/4.9.3/../../../arm-none-eabi/lib/armv7-m/libc_nano.a(lib_a-strtol.o)
                              /usr/lib/gcc/arm-none-eabi/4.9.3/../../../arm-none-eabi/lib/armv7-m/libc_nano.a(lib_a-atoi.o) (_strtol_r)
/usr/lib/gcc/arm-none-eabi/4.9.3/../../../arm-none-eabi/lib/armv7-m/libc_nano.a(lib_a-impure.o)
                              /usr/lib/gcc/arm-none-eabi/4.9.3/../../../arm-none-eabi/lib/armv7-m/libc_nano.a(lib_a-strtok.o) (_impure_ptr)
/usr/lib/gcc/arm-none-eabi/4.9.3/../../../arm-none-eabi/lib/armv7-m/libc_nano.a(lib_a-malloc.o)
                              /usr/lib/gcc/arm-none-eabi/4.9.3/../../../arm-none-eabi/lib/armv7-m/libc_nano.a(lib_a-strtok.o) (malloc)
/usr/lib/gcc/arm-none-eabi/4.9.3/../../../arm-none-eabi/lib/armv7-m/libc_nano.a(lib_a-nano-freer.o)
                              /usr/lib/gcc/arm-none-eabi/4.9.3/../../../arm-none-eabi/lib/armv7-m/libc_nano.a(lib_a-malloc.o) (_free_r)
/usr/lib/gcc/arm-none-eabi/4.9.3/../../../arm-none-eabi/lib/armv7-m/libc_nano.a(lib_a-nano-mallocr.o)
                              /usr/lib/gcc/arm-none-eabi/4.9.3/../../../arm-none-eabi/lib/armv7-m/libc_nano.a(lib_a-malloc.o) (_malloc_r)
/usr/lib/gcc/arm-none-eabi/4.9.3/../../../arm-none-eabi/lib/armv7-m/libc_nano.a(lib_a-sbrkr.o)
                              /usr/lib/gcc/arm-none-eabi/4.9.3/../../../arm-none-eabi/lib/armv7-m/libc_nano.a(lib_a-nano-mallocr.o) (_sbrk_r)
/usr/lib/gcc/arm-none-eabi/4.9.3/../../../arm-none-eabi/lib/armv7-m/libc_nano.a(lib_a-reent.o)
                              /usr/lib/gcc/arm-none-eabi/4.9.3/../../../arm-none-eabi/lib/armv7-m/libc_nano.a(lib_a-sbrkr.o) (errno)
/usr/lib/gcc/arm-none-eabi/4.9.3/../../../arm-none-eabi/lib/armv7-m/libnosys.a(sbrk.o)
                              /usr/lib/gcc/arm-none-eabi/4.9.3/../../../arm-none-eabi/lib/armv7-m/libc_nano.a(lib_a-sbrkr.o) (_sbrk)
/usr/lib/gcc/arm-none-eabi/4.9.3/../../../arm-none-eabi/lib/armv7-m/libm.a(lib_a-sf_lrint.o)
                              /tmp/ccVAaSgR.ltrans1.ltrans.o (lrintf)
/usr/lib/gcc/arm-none-eabi/4.9.3/../../../arm-none-eabi/lib/armv7-m/libm.a(lib_a-wf_pow.o)
                              /tmp/ccVAaSgR.ltrans19.ltrans.o (powf)
/usr/lib/gcc/arm-none-eabi/4.9.3/../../../arm-none-eabi/lib/armv7-m/libm.a(lib_a-wf_sqrt.o)
                              /tmp/ccVAaSgR.ltrans1.ltrans.o (sqrtf)
/usr/lib/gcc/arm-none-eabi/4.9.3/../../../arm-none-eabi/lib/armv7-m/libm.a(lib_a-ef_pow.o)
                              /usr/lib/gcc/arm-none-eabi/4.9.3/../../../arm-none-eabi/lib/armv7-m/libm.a(lib_a-wf_pow.o) (__ieee754_powf)
/usr/lib/gcc/arm-none-eabi/4.9.3/../../../arm-none-eabi/lib/armv7-m/libm.a(lib_a-ef_sqrt.o)
                              /usr/lib/gcc/arm-none-eabi/4.9.3/../../../arm-none-eabi/lib/armv7-m/libm.a(lib_a-wf_sqrt.o) (__ieee754_sqrtf)
/usr/lib/gcc/arm-none-eabi/4.9.3/../../../arm-none-eabi/lib/armv7-m/libm.a(lib_a-s_lib_ver.o)
                              /usr/lib/gcc/arm-none-eabi/4.9.3/../../../arm-none-eabi/lib/armv7-m/libm.a(lib_a-wf_pow.o) (__fdlib_version)
/usr/lib/gcc/arm-none-eabi/4.9.3/../../../arm-none-eabi/lib/armv7-m/libm.a(lib_a-s_matherr.o)
                              /usr/lib/gcc/arm-none-eabi/4.9.3/../../../arm-none-eabi/lib/armv7-m/libm.a(lib_a-wf_pow.o) (matherr)
/usr/lib/gcc/arm-none-eabi/4.9.3/../../../arm-none-eabi/lib/armv7-m/libm.a(lib_a-s_rint.o)
                              /usr/lib/gcc/arm-none-eabi/4.9.3/../../../arm-none-eabi/lib/armv7-m/libm.a(lib_a-wf_pow.o) (rint)
/usr/lib/gcc/arm-none-eabi/4.9.3/../../../arm-none-eabi/lib/armv7-m/libm.a(lib_a-sf_fabs.o)
                              /usr/lib/gcc/arm-none-eabi/4.9.3/../../../arm-none-eabi/lib/armv7-m/libm.a(lib_a-ef_pow.o) (fabsf)
/usr/lib/gcc/arm-none-eabi/4.9.3/../../../arm-none-eabi/lib/armv7-m/libm.a(lib_a-sf_finite.o)
                              /usr/lib/gcc/arm-none-eabi/4.9.3/../../../arm-none-eabi/lib/armv7-m/libm.a(lib_a-wf_pow.o) (finitef)
/usr/lib/gcc/arm-none-eabi/4.9.3/../../../arm-none-eabi/lib/armv7-m/libm.a(lib_a-sf_fpclassify.o)
[...]
Memory Configuration

Name             Origin             Length             Attributes
FLASH            0x08000000         0x0001f000         xr
RAM              0x20000000         0x00005000         xrw
MEMORY_B1        0x60000000         0x00000000         xr
*default*        0x00000000         0xffffffff

Linker script and memory map

LOAD obj/main/NAZE/startup_stm32f10x_md_gcc.o
LOAD obj/main/NAZE/drivers/accgyro_adxl345.o
LOAD /tmp/ccVAaSgR.ltrans0.ltrans.o
LOAD /tmp/ccVAaSgR.ltrans1.ltrans.o
LOAD /tmp/ccVAaSgR.ltrans2.ltrans.o
LOAD /tmp/ccVAaSgR.ltrans3.ltrans.o
LOAD /tmp/ccVAaSgR.ltrans4.ltrans.o
LOAD /tmp/ccVAaSgR.ltrans5.ltrans.o
LOAD /tmp/ccVAaSgR.ltrans6.ltrans.o
LOAD /tmp/ccVAaSgR.ltrans7.ltrans.o
LOAD /tmp/ccVAaSgR.ltrans8.ltrans.o
LOAD /tmp/ccVAaSgR.ltrans9.ltrans.o
LOAD /tmp/ccVAaSgR.ltrans10.ltrans.o
LOAD /tmp/ccVAaSgR.ltrans11.ltrans.o
LOAD /tmp/ccVAaSgR.ltrans12.ltrans.o
LOAD /tmp/ccVAaSgR.ltrans13.ltrans.o
LOAD /tmp/ccVAaSgR.ltrans14.ltrans.o
LOAD /tmp/ccVAaSgR.ltrans15.ltrans.o
LOAD /tmp/ccVAaSgR.ltrans16.ltrans.o
LOAD /tmp/ccVAaSgR.ltrans17.ltrans.o
LOAD /tmp/ccVAaSgR.ltrans18.ltrans.o
LOAD /tmp/ccVAaSgR.ltrans19.ltrans.o
LOAD /tmp/ccVAaSgR.ltrans20.ltrans.o
LOAD /tmp/ccVAaSgR.ltrans21.ltrans.o
LOAD /tmp/ccVAaSgR.ltrans22.ltrans.o
LOAD /tmp/ccVAaSgR.ltrans23.ltrans.o
LOAD /tmp/ccVAaSgR.ltrans24.ltrans.o
LOAD /tmp/ccVAaSgR.ltrans25.ltrans.o
LOAD /tmp/ccVAaSgR.ltrans26.ltrans.o
LOAD /tmp/ccVAaSgR.ltrans27.ltrans.o
LOAD /tmp/ccVAaSgR.ltrans28.ltrans.o
LOAD /tmp/ccVAaSgR.ltrans29.ltrans.o
LOAD /tmp/ccVAaSgR.ltrans30.ltrans.o
LOAD obj/main/NAZE/drivers/accgyro_bma280.o
LOAD obj/main/NAZE/drivers/accgyro_l3g4200d.o
LOAD obj/main/NAZE/drivers/accgyro_mma845x.o
LOAD obj/main/NAZE/drivers/accgyro_mpu.o
LOAD obj/main/NAZE/drivers/accgyro_mpu3050.o
LOAD obj/main/NAZE/drivers/accgyro_mpu6050.o
LOAD obj/main/NAZE/drivers/accgyro_mpu6500.o
LOAD obj/main/NAZE/drivers/accgyro_spi_mpu6500.o
LOAD obj/main/NAZE/drivers/adc.o
LOAD obj/main/NAZE/drivers/adc_stm32f10x.o
LOAD obj/main/NAZE/drivers/barometer_bmp085.o
LOAD obj/main/NAZE/drivers/barometer_ms5611.o
LOAD obj/main/NAZE/drivers/barometer_bmp280.o
LOAD obj/main/NAZE/drivers/bus_spi.o
LOAD obj/main/NAZE/drivers/bus_i2c_stm32f10x.o
LOAD obj/main/NAZE/drivers/compass_hmc5883l.o
LOAD obj/main/NAZE/drivers/display_ug2864hsweg01.o
LOAD obj/main/NAZE/drivers/flash_m25p16.o
LOAD obj/main/NAZE/drivers/gpio_stm32f10x.o
LOAD obj/main/NAZE/drivers/inverter.o
LOAD obj/main/NAZE/drivers/light_led_stm32f10x.o
LOAD obj/main/NAZE/drivers/light_ws2811strip.o
LOAD obj/main/NAZE/drivers/light_ws2811strip_stm32f10x.o
LOAD obj/main/NAZE/drivers/sonar_hcsr04.o
LOAD obj/main/NAZE/drivers/pwm_mapping.o
LOAD obj/main/NAZE/drivers/pwm_output.o
LOAD obj/main/NAZE/drivers/pwm_rx.o
LOAD obj/main/NAZE/drivers/serial_softserial.o
LOAD obj/main/NAZE/drivers/serial_uart.o
LOAD obj/main/NAZE/drivers/serial_uart_stm32f10x.o
LOAD obj/main/NAZE/drivers/sound_beeper_stm32f10x.o
LOAD obj/main/NAZE/drivers/system_stm32f10x.o
LOAD obj/main/NAZE/drivers/timer.o
LOAD obj/main/NAZE/drivers/timer_stm32f10x.o
LOAD obj/main/NAZE/../controller/io/flashfs.o
LOAD obj/main/NAZE/hardware_revision.o
LOAD obj/main/NAZE/../controller/flight/gtune.o
LOAD obj/main/NAZE/../controller/flight/navigation.o
LOAD obj/main/NAZE/../controller/flight/gps_conversion.o
LOAD obj/main/NAZE/../controller/common/colorconversion.o
LOAD obj/main/NAZE/../controller/io/gps.o
LOAD obj/main/NAZE/../controller/io/ledstrip.o
LOAD obj/main/NAZE/../controller/io/display.o
LOAD obj/main/NAZE/../controller/telemetry/telemetry.o
LOAD obj/main/NAZE/../controller/telemetry/frsky.o
LOAD obj/main/NAZE/../controller/telemetry/hott.o
LOAD obj/main/NAZE/../controller/telemetry/smartport.o
LOAD obj/main/NAZE/../controller/telemetry/ltm.o
LOAD obj/main/NAZE/../controller/sensors/sonar.o
LOAD obj/main/NAZE/../controller/sensors/barometer.o
LOAD obj/main/NAZE/../controller/blackbox/blackbox.o
LOAD obj/main/NAZE/../controller/blackbox/blackbox_io.o
LOAD obj/main/NAZE/build_config.o
LOAD obj/main/NAZE/debug.o
LOAD obj/main/NAZE/../controller/version.o
LOAD obj/main/NAZE/../controller/config/config.o
LOAD obj/main/NAZE/../controller/config/runtime_config.o
LOAD obj/main/NAZE/../controller/common/maths.o
LOAD obj/main/NAZE/../controller/common/printf.o
LOAD obj/main/NAZE/../controller/common/typeconversion.o
LOAD obj/main/NAZE/../controller/common/encoding.o
LOAD obj/main/NAZE/../controller/common/filter.o
LOAD obj/main/NAZE/../controller/scheduler.o
LOAD obj/main/NAZE/../controller/scheduler_tasks.o
LOAD obj/main/NAZE/main.o
LOAD obj/main/NAZE/../controller/mw.o
LOAD obj/main/NAZE/../controller/flight/altitudehold.o
LOAD obj/main/NAZE/../controller/flight/failsafe.o
LOAD obj/main/NAZE/../controller/flight/pid.o
LOAD obj/main/NAZE/../controller/flight/imu.o
LOAD obj/main/NAZE/../controller/flight/mixer.o
LOAD obj/main/NAZE/drivers/bus_i2c_soft.o
LOAD obj/main/NAZE/drivers/serial.o
LOAD obj/main/NAZE/drivers/sound_beeper.o
LOAD obj/main/NAZE/drivers/system.o
LOAD obj/main/NAZE/drivers/dma.o
LOAD obj/main/NAZE/drivers/buf_writer.o
LOAD obj/main/NAZE/drivers/gyro_sync.o
LOAD obj/main/NAZE/../controller/io/beeper.o
LOAD obj/main/NAZE/../controller/io/rc_controls.o
LOAD obj/main/NAZE/../controller/io/rc_curves.o
LOAD obj/main/NAZE/../controller/io/serial.o
LOAD obj/main/NAZE/../controller/io/serial_1wire.o
LOAD obj/main/NAZE/../controller/io/serial_cli.o
LOAD obj/main/NAZE/../controller/io/serial_msp.o
LOAD obj/main/NAZE/../controller/io/statusindicator.o
LOAD obj/main/NAZE/../controller/rx/rx.o
LOAD obj/main/NAZE/../controller/rx/pwm.o
LOAD obj/main/NAZE/../controller/rx/msp.o
LOAD obj/main/NAZE/../controller/rx/sbus.o
LOAD obj/main/NAZE/../controller/rx/sumd.o
LOAD obj/main/NAZE/../controller/rx/sumh.o
LOAD obj/main/NAZE/../controller/rx/spektrum.o
LOAD obj/main/NAZE/../controller/rx/xbus.o
LOAD obj/main/NAZE/../controller/rx/ibus.o
LOAD obj/main/NAZE/../controller/sensors/acceleration.o
LOAD obj/main/NAZE/../controller/sensors/battery.o
LOAD obj/main/NAZE/../controller/sensors/boardalignment.o
LOAD obj/main/NAZE/../controller/sensors/compass.o
LOAD obj/main/NAZE/../controller/sensors/gyro.o
LOAD obj/main/NAZE/../controller/sensors/initialisation.o
LOAD obj/main/NAZE/../controller/pif_linker.o
LOAD obj/main/NAZE/core_cm3.o
LOAD obj/main/NAZE/system_stm32f10x.o
LOAD obj/main/NAZE/stm32f10x_dma.o
LOAD obj/main/NAZE/stm32f10x_dbgmcu.o
LOAD obj/main/NAZE/stm32f10x_dac.o
LOAD obj/main/NAZE/stm32f10x_rtc.o
LOAD obj/main/NAZE/stm32f10x_pwr.o
LOAD obj/main/NAZE/stm32f10x_i2c.o
LOAD obj/main/NAZE/stm32f10x_sdio.o
LOAD obj/main/NAZE/stm32f10x_rcc.o
LOAD obj/main/NAZE/stm32f10x_flash.o
LOAD obj/main/NAZE/stm32f10x_usart.o
LOAD obj/main/NAZE/stm32f10x_tim.o
LOAD obj/main/NAZE/stm32f10x_wwdg.o
LOAD obj/main/NAZE/misc.o
LOAD obj/main/NAZE/stm32f10x_iwdg.o
LOAD obj/main/NAZE/stm32f10x_adc.o
LOAD obj/main/NAZE/stm32f10x_spi.o
LOAD obj/main/NAZE/stm32f10x_bkp.o
LOAD obj/main/NAZE/stm32f10x_exti.o
LOAD obj/main/NAZE/stm32f10x_fsmc.o
LOAD obj/main/NAZE/stm32f10x_gpio.o
LOAD obj/main/NAZE/../../pif/source/communication/pif_i2c.o
LOAD obj/main/NAZE/../../pif/source/core/pif.o
LOAD obj/main/NAZE/../../pif/source/core/pif_obj_array.o
LOAD obj/main/NAZE/../../pif/source/core/pif_task.o
LOAD obj/main/NAZE/../../pif/source/core/pif_timer.o
LOAD obj/main/NAZE/../../pif/source/sensor/pif_imu_sensor.o
LOAD obj/main/NAZE/../../pif/source/sensor/pif_mpu6500.o
LOAD /usr/lib/gcc/arm-none-eabi/4.9.3/../../../arm-none-eabi/lib/armv7-m/libm.a
LOAD /usr/lib/gcc/arm-none-eabi/4.9.3/../../../arm-none-eabi/lib/armv7-m/libc_nano.a
LOAD /usr/lib/gcc/arm-none-eabi/4.9.3/../../../arm-none-eabi/lib/armv7-m/libnosys.a
START GROUP
LOAD /usr/lib/gcc/arm-none-eabi/4.9.3/armv7-m/libgcc.a
LOAD /usr/lib/gcc/arm-none-eabi/4.9.3/../../../arm-none-eabi/lib/armv7-m/libg_nano.a
LOAD /usr/lib/gcc/arm-none-eabi/4.9.3/../../../arm-none-eabi/lib/armv7-m/libc_nano.a
END GROUP
START GROUP
LOAD /usr/lib/gcc/arm-none-eabi/4.9.3/armv7-m/libgcc.a
LOAD /usr/lib/gcc/arm-none-eabi/4.9.3/../../../arm-none-eabi/lib/armv7-m/libc_nano.a
END GROUP
                0x20005000                _estack = (ORIGIN (RAM) + LENGTH (RAM))
                0x00000000                _Min_Heap_Size = 0x0
                0x00000400                _Min_Stack_Size = 0x400

.isr_vector     0x08000000      0x10c
                0x08000000                . = ALIGN (0x4)
                [!provide]                PROVIDE (isr_vector_table_base, .)
 *(.isr_vector)
 .isr_vector    0x08000000      0x10c obj/main/NAZE/startup_stm32f10x_md_gcc.o
                0x08000000                g_pfnVectors
                0x0800010c                . = ALIGN (0x4)

.text           0x08000110    0x1e488
                0x08000110                . = ALIGN (0x4)
 *(.text)
 .text          0x08000110     0x22c8 /tmp/ccVAaSgR.ltrans1.ltrans.o
                0x08000110                taskMainPidLoopChecker
 .text          0x080023d8     0x20f0 /tmp/ccVAaSgR.ltrans2.ltrans.o
                0x080023d8                taskHandleSerial
 .text          0x080044c8     0x1730 /tmp/ccVAaSgR.ltrans3.ltrans.o
                0x080044c8                taskUpdateRxMain
 .text          0x08005bf8      0xe58 /tmp/ccVAaSgR.ltrans4.ltrans.o
                0x08005bf8                bmp280_calculate.lto_priv.234
                0x08005db8                bmp280_get_ut.lto_priv.230
                0x08005dba                bmp280_start_ut.lto_priv.231
                0x08005dbc                ms5611_calculate.lto_priv.244
                0x08005f78                bmp085_calculate.lto_priv.239
                0x08006054                mpu3050ReadTemp.lto_priv.227
                0x0800608c                mpuIsDataReady
                0x080060a0                mpuGyroRead
                0x080060e8                mpuAccRead
                0x08006130                bmp280_get_up.lto_priv.233
                0x080061a4                ms5611_get_up.lto_priv.243
                0x080061b4                ms5611_get_ut.lto_priv.241
                0x080061c4                bmp085_get_up.lto_priv.238
                0x08006210                bmp085_get_ut.lto_priv.236
                0x08006244                mpuReadRegisterI2C.lto_priv.224
                0x0800625a                mma8452Read.lto_priv.248
                0x080062b4                bma280Read.lto_priv.246
                0x080062fa                adxl345Read.lto_priv.251
                0x080063c8                bmp280_start_up.lto_priv.232
                0x080063d2                ms5611_start_up.lto_priv.242
                0x080063dc                ms5611_start_ut.lto_priv.240
                0x080063e6                bmp085_start_up.lto_priv.237
                0x0800640c                bmp085_start_ut.lto_priv.235
                0x08006420                mpuWriteRegisterI2C.lto_priv.225
                0x0800642c                bma280Init.lto_priv.245
                0x08006450                adxl345Init.lto_priv.250
                0x080064a8                BMP085_EOC_EXTI_Handler
                0x080064fc                mpu6500ReadRegister
                0x08006528                mpu6500WriteRegister
                0x08006548                mpu3050Init.lto_priv.226
                0x08006590                pifMpuGyroRead
                0x080065f8                pifMpuAccRead
                0x08006714                mpu6500GyroInit
                0x0800690c                mpu6500AccInit
                0x08006920                mpu6050GyroInit.lto_priv.228
                0x08006984                mpu6050AccInit.lto_priv.249
                0x080069b0                mma8452Init.lto_priv.247
                0x08006a40                I2C2_EV_IRQHandler
                0x08006a44                I2C2_ER_IRQHandler
                0x08006a48                I2C1_EV_IRQHandler
                0x08006a4c                I2C1_ER_IRQHandler
 .text          0x08006a50      0xcc0 /tmp/ccVAaSgR.ltrans5.ltrans.o
                0x08006a50                taskTelemetry
 .text          0x08007710      0xb78 /tmp/ccVAaSgR.ltrans6.ltrans.o
                0x08007730                pwmOverflowCallback.lto_priv.514
                0x08007758                ppmEdgeCallback.lto_priv.515
                0x080078e4                ppmOverflowCallback.lto_priv.516
                0x08007924                pwmWriteStandard.lto_priv.511
                0x08007934                pwmWriteBrushed.lto_priv.512
                0x08007958                ws2811DMAHandler
                0x080079cc                applyChangedBits
                0x080079f6                serialICConfig.lto_priv.610
                0x08007b2a                pwmICConfig
                0x08007b64                pwmEdgeCallback.lto_priv.513
                0x08007bbc                pwmWriteServo
                0x08007bd4                EXTI9_5_IRQHandler
                0x08007bd6                EXTI1_IRQHandler
                0x08007bd8                EXTI0_IRQHandler
                0x08007bda                ws2811UpdateStrip
                0x08007dac                gpioExtiLineConfig
                0x08007dd6                gpioInit
                0x08007e3a                openSoftSerial
                0x08007fd4                pwmOutConfig.lto_priv.551
 .text          0x08008288      0x634 /tmp/ccVAaSgR.ltrans7.ltrans.o
                0x08008288                taskLedStrip
 .text          0x080088bc      0xcb4 /tmp/ccVAaSgR.ltrans8.ltrans.o
                0x080088bc                ibusReadRawRC.lto_priv.494
                0x080088c8                xBusReadRawRC.lto_priv.492
                0x08008988                spektrumReadRawRC.lto_priv.219
                0x080089b4                sumhReadRawRC.lto_priv.485
                0x080089cc                sumdReadRawRC.lto_priv.483
                0x080089e0                sbusReadRawRC.lto_priv.481
                0x08008a10                rxMspReadRawRC.lto_priv.496
                0x08008a20                ppmReadRawRC.lto_priv.498
                0x08008a30                pwmReadRawRC.lto_priv.497
                0x08008a40                nullReadRawRC.lto_priv.221
                0x08008a44                ibusDataReceive.lto_priv.495
                0x08008a90                xBusDataReceive.lto_priv.493
                0x08008b6c                spektrumDataReceive.lto_priv.220
                0x08008bbc                sumhDataReceive.lto_priv.486
                0x08008c08                sumdDataReceive.lto_priv.484
                0x08008cb4                sbusDataReceive.lto_priv.482
                0x08008d0c                cliVersion.lto_priv.277
                0x08008d40                cliTasks.lto_priv.276
                0x08008d90                FLASH_GetBank1Status
                0x08008db8                RCC_GetClocksFreq
                0x08008e4c                DMA_StructInit
                0x08008e66                DMA_Init
                0x08008ea2                DMA_DeInit
                0x08008f94                SystemInit
                0x08008fe0                alignSensors
                0x0800915c                calculateBatteryCapacityRemainingPercentage
                0x080091a4                batteryAdcToVoltage
                0x080091d0                updateBatteryVoltage.lto_priv.379
                0x08009208                getRxfailValue.lto_priv.374
                0x08009268                resumeRxSignal
                0x08009290                suspendRxSignal
                0x080092bc                warningLedRefresh
                0x08009304                packFlightModeFlags.lto_priv.415
                0x08009434                mspReleasePortIfAllocated
                0x08009474                read8.lto_priv.410
                0x0800948c                read16.lto_priv.411
                0x080094a0                read32.lto_priv.412
                0x080094b2                serialize8.lto_priv.409
                0x080094d4                tailSerialReply.lto_priv.407
                0x080094f8                headSerialResponse.lto_priv.253
                0x08009544                headSerialReply.lto_priv.408
                0x0800954a                serialize16.lto_priv.413
                0x0800955c                serialize32.lto_priv.414
 .text          0x08009570      0xa84 /tmp/ccVAaSgR.ltrans9.ltrans.o
                0x080096b8                blackboxWrite
                0x08009850                blackboxAdvanceIterationTimers.lto_priv.435
                0x0800988c                blackboxLogEvent
                0x0800993c                blackboxLogIteration.lto_priv.436
                0x08009e98                sendFieldDefinition.lto_priv.437
 .text          0x08009ff4      0x9e0 /tmp/ccVAaSgR.ltrans10.ltrans.o
                0x08009ff4                sensorsAutodetect.constprop.39
                0x0800a970                findNextSharedSerialPort.constprop.21
 .text          0x0800a9d4      0xc20 /tmp/ccVAaSgR.ltrans11.ltrans.o
                0x0800a9d4                dmaNoOpHandler
                0x0800aa2c                cliShowArgumentRangeError.lto_priv.279
                0x0800aa48                cliAux.lto_priv.262
                0x0800ab34                cliShowParseError.lto_priv.280
                0x0800ab40                cliMotorMix.lto_priv.270
                0x0800ad38                cliAdjustmentRange.lto_priv.261
                0x0800ae94                cliRxFail.lto_priv.272
                0x0800afc4                waitForSerialPortToFinishTransmitting
                0x0800afda                serialRemovePort
                0x0800b00c                closeSerialPort
                0x0800b034                openSerialPort
                0x0800b0d4                serialFindPortConfiguration
                0x0800b0fc                cliSerial.lto_priv.273
                0x0800b240                doesConfigurationUsePort
                0x0800b256                determinePortSharing
                0x0800b26a                findNextSerialPortConfig
                0x0800b29c                findSerialPortConfig
                0x0800b2a8                generateThrottleCurve
                0x0800b338                generatePitchRollCurve
                0x0800b36c                isRangeActive.part.3.lto_priv.372
                0x0800b3b4                isModeActivationConditionPresent
                0x0800b3d6                calculateThrottleStatus
                0x0800b40c                blackboxLogInflightAdjustmentEvent
                0x0800b434                beeperSilence
                0x0800b45c                beeper
                0x0800b4a0                beeperConfirmationBeeps
                0x0800b4d0                bufWriterFlush
                0x0800b4e8                cliPrompt.lto_priv.416
                0x0800b504                bufWriterAppend
                0x0800b520                DMA1_Channel7_IRQHandler
                0x0800b530                DMA1_Channel6_IRQHandler
                0x0800b540                DMA1_Channel3_IRQHandler
                0x0800b550                DMA1_Channel2_IRQHandler
                0x0800b560                failureMode
 .text          0x0800b5f4      0xd7c /tmp/ccVAaSgR.ltrans12.ltrans.o
                0x0800b60c                gpsNewFrame
                0x0800bbb4                gpsSetState.lto_priv.336
                0x0800bbd0                GPS_distance_cm_bearing.isra.3.lto_priv.606
                0x0800bc54                gpsNewData.part.2.lto_priv.281
 .text          0x0800c370      0xa68 /tmp/ccVAaSgR.ltrans13.ltrans.o
                0x0800c370                _doTask.lto_priv.522
                0x0800c434                pifMpu6500_ReadAccel
                0x0800c49e                pifMpu6500_ReadGyro
                0x0800c508                setAdjustment.constprop.19
                0x0800c594                headSerialError.constprop.13
                0x0800c59c                _processingTask.part.1.lto_priv.548
                0x0800c6cc                pifObjArray_Remove
                0x0800c70e                pifTaskManager_Remove
                0x0800c77c                pifObjArray_Add
                0x0800c7a8                pifTaskManager_Add
                0x0800c9ac                pifObjArray_Clear
                0x0800c9dc                pifI2cDevice_WriteRegByte
                0x0800ca74                GPIO_Init
                0x0800cb10                EXTI_Init.part.0.lto_priv.252
                0x0800cb70                EXTI_GetITStatus
                0x0800cb8c                TIM_ICInit
                0x0800cdb4                FLASH_WaitForLastOperation
 .text          0x0800cdd8      0xd68 /tmp/ccVAaSgR.ltrans14.ltrans.o
                0x0800cdd8                cliFeature.lto_priv.266
                0x0800ced0                cliExit.lto_priv.265
                0x0800cf4c                cliFlashErase.lto_priv.267
                0x0800cf78                cliFlashInfo.lto_priv.268
                0x0800cfb0                cliServo.lto_priv.274
                0x0800d0f4                cliServoMix.lto_priv.275
                0x0800d40c                cliRxRange.lto_priv.271
                0x0800d4ec                cliColor.lto_priv.263
                0x0800d5d0                cliLed.lto_priv.269
                0x0800d7f0                cliDump.lto_priv.264
 .text          0x0800db40      0xc1c /tmp/ccVAaSgR.ltrans15.ltrans.o
                0x0800db40                micros
                0x0800db78                beepInverted.lto_priv.518
                0x0800db8c                beepNormal.lto_priv.519
                0x0800e1e4                delayMicroseconds
                0x0800e1fa                delay
                0x0800e20e                SysTick_Handler
                0x0800e3a0                EXTI15_10_IRQHandler
                0x0800e3c0                registerExtiCallbackHandler
                0x0800e3f0                systemBeep
                0x0800e3fc                serialSetMode
                0x0800e402                isSerialTransmitBufferEmpty
                0x0800e408                serialSetBaudRate
                0x0800e40e                serialRead
                0x0800e414                serialRxBytesWaiting
                0x0800e41a                serialWrite
                0x0800e420                serialWriteBufShim
                0x0800e45c                writeMotors
                0x0800e500                stopMotors
                0x0800e548                mixerResetDisarmedMotors
                0x0800e580                loadCustomServoMixer
                0x0800e5d0                determineServoMiddleOrForwardFromChannel
                0x0800e604                imuComputeRotationMatrix.lto_priv.440
                0x0800e738                pidSetController
 .text          0x0800e75c      0x718 /tmp/ccVAaSgR.ltrans16.ltrans.o
                0x0800e7e6                isSoftSerialTransmitBufferEmpty
                0x0800e7f2                softSerialSetMode
                0x0800e7f6                softSerialWriteByte
                0x0800e814                softSerialTxBytesFree
                0x0800e836                softSerialRxBytesWaiting
                0x0800e854                softSerialReadByte
                0x0800e9b0                softSerialSetBaudRate
                0x0800e9c0                onSerialRxPinChange
                0x0800ea5e                usartIrqCallback
                0x0800eac2                uartStartTxDMA
                0x0800eb24                uartOpen
 .text          0x0800ee74      0xc0c /tmp/ccVAaSgR.ltrans17.ltrans.o
                0x0800ee7a                activateControlRateConfig
                0x0800eec0                isEEPROMContentValid.lto_priv.552
                0x0800ef04                readEEPROM
                0x0800f288                resetConf.lto_priv.278
                0x0800f73c                blackboxDeviceReserveBufferSpace
                0x0800f79c                isBlackboxDeviceFull
                0x0800f7c8                blackboxDeviceFlushForce
                0x0800f7ec                blackboxWriteTag2_3S32
                0x0800f90c                blackboxWriteUnsignedVB
                0x0800f92c                blackboxWriteSignedVB
                0x0800f934                blackboxPrint
                0x0800fa0c                blackboxPrintfHeaderLine
                0x0800fa5c                blackboxPrintf
 .text          0x0800fa80      0x988 /tmp/ccVAaSgR.ltrans18.ltrans.o
                0x0800fb44                wrap_18000.lto_priv.439
                0x0800fb68                GPS_set_next_wp
                0x0800fbf4                gpsUsePIDs
                0x0800fc94                GPS_reset_home_position
                0x0800fce8                calculate_Gtune
                0x0800fea4                flashfsAdvanceTailInBuffer.lto_priv.566
                0x0800fed4                flashfsGetDirtyDataBuffers.lto_priv.564
                0x0800ff0c                flashfsGetOffset
                0x0800ff2c                flashfsWriteBuffers.lto_priv.565
                0x08010080                flashfsFlushSync
                0x080100b8                flashfsFlushAsync
                0x080100fc                flashfsTransmitBufferUsed.lto_priv.438
                0x0801011c                flashfsEraseCompletely
                0x0801016c                TIM4_IRQHandler
                0x0801017c                TIM3_IRQHandler
                0x0801018c                TIM2_IRQHandler
                0x08010198                TIM1_UP_IRQHandler
                0x080101a8                TIM1_CC_IRQHandler
                0x080101b8                configTimeBase
                0x08010260                timerConfigure
                0x080102b4                lookupTimerIndex.lto_priv.312
                0x080102f0                timerChConfigCallbacks
                0x080103a8                USART3_IRQHandler
                0x080103b4                USART2_IRQHandler
                0x080103c0                USART1_IRQHandler
                0x080103cc                DMA1_Channel4_IRQHandler
 .text          0x08010408      0xa00 /tmp/ccVAaSgR.ltrans19.ltrans.o
                0x08010408                taskUpdateBaro
                0x080104e0                taskUpdateDisplay
                0x080104f8                taskCalculateAltitude
                0x080109c4                taskUpdateSonar
                0x08010a08                taskUpdateCompass
                0x08010b60                taskProcessGPS
 .text          0x08010e08      0x974 /tmp/ccVAaSgR.ltrans20.ltrans.o
                0x08010e54                drawHorizonalPercentageBar
                0x08010ea6                updateDisplay
                0x080115dc                applyDirectionalModeColor
                0x080116bc                reevalulateLedConfig
 .text          0x0801177c      0xb60 /tmp/ccVAaSgR.ltrans21.ltrans.o
                0x08011876                _putc.lto_priv.521
                0x08011884                setTaskEnabled
                0x080118e8                applyBiQuadFilter
                0x0801194e                BiQuadNewLpf
                0x08011a20                fastA2F
                0x08011b4c                ftoa
                0x08011c18                _i2a.lto_priv.223
                0x08011c40                tfp_format
                0x08011e16                tfp_sprintf
                0x08011e40                applyDeadband
                0x08011e5e                acosf
                0x08011ed8                atan2f
                0x08011fdc                sinf
                0x080120c4                cosf
                0x080120d8                disableFlightMode
                0x080120f8                enableFlightMode
                0x08012118                featureClear
                0x08012128                handleOneshotFeatureChangeOnRestart
                0x0801217c                writeEEPROM
                0x080122c8                saveConfigAndNotify
 .text          0x080122dc      0x930 /tmp/ccVAaSgR.ltrans22.ltrans.o
                0x080122e0                cliGpsPassthrough.lto_priv.398
                0x08012390                cliWrite.lto_priv.288
                0x080123a0                cliPrintf.lto_priv.257
                0x080123c8                cliPrintVar.lto_priv.289
                0x080124b4                cliRateProfile.lto_priv.286
                0x080124fc                cliProfile.lto_priv.287
                0x08012538                cliPlaySound.lto_priv.403
                0x080125d8                cliMotor.lto_priv.402
                0x08012678                cliPrint.lto_priv.284
                0x08012694                cliStatus.lto_priv.406
                0x080127bc                cliGet.lto_priv.397
                0x08012814                cliSet.lto_priv.405
                0x08012a18                cliMixer.lto_priv.401
                0x08012ab8                cliMap.lto_priv.400
                0x08012b5c                cliHelp.lto_priv.399
                0x08012ba0                cliReboot.lto_priv.285
                0x08012bd8                cliDefaults.lto_priv.396
                0x08012bf4                cliSave.lto_priv.404
 .text          0x08012c0c      0x714 /tmp/ccVAaSgR.ltrans23.ltrans.o
                0x08012c0c                hmc5883lRead
                0x08012c84                actI2cRead.lto_priv.217
                0x08012cb4                hmc5883lInit
                0x08012ec8                actI2cWrite.lto_priv.218
                0x08012ed8                m25p16_isReady
                0x08012f20                m25p16_waitForReady
                0x08012f40                m25p16_readBytes
                0x08012f8c                i2c_OLED_send_byte.lto_priv.588
                0x08012f96                i2c_OLED_send_char
                0x08012fcc                i2c_OLED_send_string
                0x08012fde                i2c_OLED_send_cmd.lto_priv.550
                0x08012fe8                ug2864hsweg01InitI2C.part.0.lto_priv.549
                0x080130c6                i2c_OLED_set_line
                0x080130de                i2c_OLED_set_xy
                0x08013108                i2cInit.lto_priv.222
 .text          0x08013320      0x41c /tmp/ccVAaSgR.ltrans24.ltrans.o
                0x08013340                i2c_ev_handler.lto_priv.625
                0x08013590                i2c_er_handler.lto_priv.626
                0x08013628                i2cRead
                0x080136a8                i2cWriteBuffer
                0x08013728                i2cWrite
 .text          0x0801373c      0x6ac /tmp/ccVAaSgR.ltrans25.ltrans.o
                0x0801373c                NVIC_Init.part.0.constprop.216
                0x08013778                spiTransfer.constprop.203
                0x080137b8                spiTransferByte.constprop.202
                0x080137d8                _alignSensors.constprop.198
                0x08013910                pifI2cDevice_Read.constprop.183
                0x080139ac                bmp085InitXCLRGpio.constprop.156
                0x080139e4                pifObjArray_Init.part.0.constprop.141
                0x08013a3c                initI2cDevice.constprop.137
                0x08013aa0                GPS_coord_to_degrees.constprop.115
                0x08013b60                grab_fields.constprop.114
                0x08013bac                drawRxChannel.constprop.110
                0x08013bf8                blackboxWriteSigned16VBArray.constprop.83
                0x08013c18                blackboxWriteSignedVBArray.constprop.82
                0x08013c32                mspAllocateSerialPorts.constprop.80
                0x08013cac                resetSerialConfig.constprop.76
                0x08013d08                parseRcChannels.constprop.66
                0x08013d44                itoa.constprop.61
                0x08013d66                spektrumInit.constprop.47
 .text          0x08013de8      0x53c /tmp/ccVAaSgR.ltrans26.ltrans.o
                0x08013edc                sonarRead
                0x08013f64                ltm_finalise.lto_priv.326
                0x08013f7c                ltm_serialise_8.lto_priv.327
                0x08013fa0                ltm_serialise_32.lto_priv.328
                0x08013fc2                ltm_serialise_16.lto_priv.330
                0x08013fd4                ltm_initialise_packet.lto_priv.329
                0x08014008                smartPortSendPackage.lto_priv.325
                0x08014070                workAroundForHottTelemetryOnUsart.isra.0.lto_priv.324
                0x0801409c                flushHottRxBuffer.lto_priv.323
                0x080140b8                serialize16.lto_priv.320
                0x080140cc                sendTelemetryTail.lto_priv.319
                0x080140dc                sendDataHead.lto_priv.321
                0x080140fc                sendLatLong.lto_priv.322
                0x08014174                telemetryCheckState
 .text          0x08014324      0x41c /tmp/ccVAaSgR.ltrans27.ltrans.o
                0x08014324                mwArm
                0x080146bc                mwDisarm
                0x08014724                HardFault_Handler
 .text          0x08014740      0x338 /tmp/ccVAaSgR.ltrans28.ltrans.o
                0x08014740                taskUpdateBattery
                0x08014948                taskUpdateBeeper
 .text          0x08014a78      0x598 /tmp/ccVAaSgR.ltrans29.ltrans.o
                0x08014a78                filterIsSetCheck
                0x08014ab8                scaleItermToRcInput
                0x08014b8c                pidLuxFloat.lto_priv.311
                0x08014fb8                pidResetErrorAngle
                0x08014fd4                failsafeActivate.lto_priv.373
 .text          0x08015010      0x200 /tmp/ccVAaSgR.ltrans30.ltrans.o
                0x08015010                taskUpdateAccelerometer
 .text          0x08015210      0x370 /usr/lib/gcc/arm-none-eabi/4.9.3/armv7-m/libgcc.a(_arm_addsubdf3.o)
                0x08015210                __aeabi_drsub
                0x08015218                __aeabi_dsub
                0x08015218                __subdf3
                0x0801521c                __adddf3
                0x0801521c                __aeabi_dadd
                0x08015494                __aeabi_ui2d
                0x08015494                __floatunsidf
                0x080154b4                __floatsidf
                0x080154b4                __aeabi_i2d
                0x080154d8                __extendsfdf2
                0x080154d8                __aeabi_f2d
                0x08015514                __aeabi_ul2d
                0x08015514                __floatundidf
                0x08015524                __floatdidf
                0x08015524                __aeabi_l2d
 .text          0x08015580      0x424 /usr/lib/gcc/arm-none-eabi/4.9.3/armv7-m/libgcc.a(_arm_muldivdf3.o)
                0x08015580                __aeabi_dmul
                0x08015580                __muldf3
                0x080157d4                __aeabi_ddiv
                0x080157d4                __divdf3
 .text          0x080159a4      0x110 /usr/lib/gcc/arm-none-eabi/4.9.3/armv7-m/libgcc.a(_arm_cmpdf2.o)
                0x080159a4                __gtdf2
                0x080159a4                __gedf2
                0x080159ac                __ltdf2
                0x080159ac                __ledf2
                0x080159b4                __cmpdf2
                0x080159b4                __eqdf2
                0x080159b4                __nedf2
                0x08015a30                __aeabi_cdrcmple
                0x08015a40                __aeabi_cdcmple
                0x08015a40                __aeabi_cdcmpeq
                0x08015a50                __aeabi_dcmpeq
                0x08015a64                __aeabi_dcmplt
                0x08015a78                __aeabi_dcmple
                0x08015a8c                __aeabi_dcmpge
                0x08015aa0                __aeabi_dcmpgt
 .text          0x08015ab4       0xa0 /usr/lib/gcc/arm-none-eabi/4.9.3/armv7-m/libgcc.a(_arm_truncdfsf2.o)
                0x08015ab4                __aeabi_d2f
                0x08015ab4                __truncdfsf2
 .text          0x08015b54      0x21c /usr/lib/gcc/arm-none-eabi/4.9.3/armv7-m/libgcc.a(_arm_addsubsf3.o)
                0x08015b54                __aeabi_frsub
                0x08015b5c                __subsf3
                0x08015b5c                __aeabi_fsub
                0x08015b60                __aeabi_fadd
                0x08015b60                __addsf3
                0x08015cc0                __aeabi_ui2f
                0x08015cc0                __floatunsisf
                0x08015cc8                __aeabi_i2f
                0x08015cc8                __floatsisf
                0x08015ce4                __floatundisf
                0x08015ce4                __aeabi_ul2f
                0x08015cf4                __floatdisf
                0x08015cf4                __aeabi_l2f
 .text          0x08015d70      0x2a0 /usr/lib/gcc/arm-none-eabi/4.9.3/armv7-m/libgcc.a(_arm_muldivsf3.o)
                0x08015d70                __mulsf3
                0x08015d70                __aeabi_fmul
                0x08015ed8                __divsf3
                0x08015ed8                __aeabi_fdiv
 .text          0x08016010       0xec /usr/lib/gcc/arm-none-eabi/4.9.3/armv7-m/libgcc.a(_arm_cmpsf2.o)
                0x08016010                __gtsf2
                0x08016010                __gesf2
                0x08016018                __lesf2
                0x08016018                __ltsf2
                0x08016020                __nesf2
                0x08016020                __eqsf2
                0x08016020                __cmpsf2
                0x08016080                __aeabi_cfrcmple
                0x08016088                __aeabi_cfcmple
                0x08016088                __aeabi_cfcmpeq
                0x08016098                __aeabi_fcmpeq
                0x080160ac                __aeabi_fcmplt
                0x080160c0                __aeabi_fcmple
                0x080160d4                __aeabi_fcmpge
                0x080160e8                __aeabi_fcmpgt
 .text          0x080160fc       0x4c /usr/lib/gcc/arm-none-eabi/4.9.3/armv7-m/libgcc.a(_arm_fixsfsi.o)
                0x080160fc                __fixsfsi
                0x080160fc                __aeabi_f2iz
 .text          0x08016148       0x40 /usr/lib/gcc/arm-none-eabi/4.9.3/armv7-m/libgcc.a(_arm_fixunssfsi.o)
                0x08016148                __aeabi_f2uiz
                0x08016148                __fixunssfsi
 .text          0x08016188       0x38 /usr/lib/gcc/arm-none-eabi/4.9.3/armv7-m/libgcc.a(_aeabi_ldivmod.o)
                0x08016188                __aeabi_ldivmod
 .text          0x080161c0       0x60 /usr/lib/gcc/arm-none-eabi/4.9.3/armv7-m/libgcc.a(bpabi.o)
                0x080161c0                __gnu_ldivmod_helper
                0x080161f0                __gnu_uldivmod_helper
 .text          0x08016220        0x4 /usr/lib/gcc/arm-none-eabi/4.9.3/armv7-m/libgcc.a(_dvmd_tls.o)
                0x08016220                __aeabi_ldiv0
                0x08016220                __aeabi_idiv0
 .text          0x08016224      0x2ac /usr/lib/gcc/arm-none-eabi/4.9.3/armv7-m/libgcc.a(_divdi3.o)
                0x08016224                __divdi3
 .text          0x080164d0      0x270 /usr/lib/gcc/arm-none-eabi/4.9.3/armv7-m/libgcc.a(_udivdi3.o)
                0x080164d0                __udivdi3
 *(.text*)
 .text.Reset_Handler
                0x08016740       0x9c obj/main/NAZE/startup_stm32f10x_md_gcc.o
                0x08016740                Reset_Handler
 .text.Default_Handler
                0x080167dc        0x2 obj/main/NAZE/startup_stm32f10x_md_gcc.o
                0x080167dc                EXTI2_IRQHandler
                0x080167dc                DebugMon_Handler
                0x080167dc                PVD_IRQHandler
                0x080167dc                PendSV_Handler
                0x080167dc                NMI_Handler
                0x080167dc                EXTI3_IRQHandler
                0x080167dc                UsageFault_Handler
                0x080167dc                ADC1_2_IRQHandler
                0x080167dc                SPI1_IRQHandler
                0x080167dc                TAMPER_IRQHandler
                0x080167dc                RTC_IRQHandler
                0x080167dc                CAN1_RX1_IRQHandler
                0x080167dc                RCC_IRQHandler
                0x080167dc                TIM1_TRG_COM_IRQHandler
                0x080167dc                DMA1_Channel1_IRQHandler
                0x080167dc                Default_Handler
                0x080167dc                SPI2_IRQHandler
                0x080167dc                MemManage_Handler
                0x080167dc                SVC_Handler
                0x080167dc                DMA1_Channel5_IRQHandler
                0x080167dc                EXTI4_IRQHandler
                0x080167dc                USB_LP_CAN1_RX0_IRQHandler
                0x080167dc                USB_HP_CAN1_TX_IRQHandler
                0x080167dc                WWDG_IRQHandler
                0x080167dc                TIM1_BRK_IRQHandler
                0x080167dc                RTCAlarm_IRQHandler
                0x080167dc                CAN1_SCE_IRQHandler
                0x080167dc                FLASH_IRQHandler
                0x080167dc                BusFault_Handler
                0x080167dc                USBWakeUp_IRQHandler
 *fill*         0x080167de        0x2 
 .text.startup  0x080167e0     0x23c8 /tmp/ccVAaSgR.ltrans0.ltrans.o
                0x080167e0                main
 .text.unlikely
                0x08018ba8       0x28 /tmp/ccVAaSgR.ltrans13.ltrans.o
                0x08018ba8                pifTask_ChangePeriod
 .text.unlikely
                0x08018bd0       0x28 /tmp/ccVAaSgR.ltrans25.ltrans.o
                0x08018bd0                rescheduleTask.part.0.constprop.60
 .text.atoi     0x08018bf8        0x8 /usr/lib/gcc/arm-none-eabi/4.9.3/../../../arm-none-eabi/lib/armv7-m/libc_nano.a(lib_a-atoi.o)
                0x08018bf8                atoi
 .text.strtok   0x08018c00       0x64 /usr/lib/gcc/arm-none-eabi/4.9.3/../../../arm-none-eabi/lib/armv7-m/libc_nano.a(lib_a-strtok.o)
                0x08018c00                strtok
 .text.__strtok_r
                0x08018c64       0x56 /usr/lib/gcc/arm-none-eabi/4.9.3/../../../arm-none-eabi/lib/armv7-m/libc_nano.a(lib_a-strtok_r.o)
                0x08018c64                __strtok_r
 .text.strtok_r
                0x08018cba        0x6 /usr/lib/gcc/arm-none-eabi/4.9.3/../../../arm-none-eabi/lib/armv7-m/libc_nano.a(lib_a-strtok_r.o)
                0x08018cba                strtok_r
 .text._strtol_r
                0x08018cc0      0x10c /usr/lib/gcc/arm-none-eabi/4.9.3/../../../arm-none-eabi/lib/armv7-m/libc_nano.a(lib_a-strtol.o)
                0x08018cc0                _strtol_r
 .text.strtol   0x08018dcc       0x1c /usr/lib/gcc/arm-none-eabi/4.9.3/../../../arm-none-eabi/lib/armv7-m/libc_nano.a(lib_a-strtol.o)
                0x08018dcc                strtol
 .text.malloc   0x08018de8       0x10 /usr/lib/gcc/arm-none-eabi/4.9.3/../../../arm-none-eabi/lib/armv7-m/libc_nano.a(lib_a-malloc.o)
                0x08018de8                malloc
 .text.free     0x08018df8       0x10 /usr/lib/gcc/arm-none-eabi/4.9.3/../../../arm-none-eabi/lib/armv7-m/libc_nano.a(lib_a-malloc.o)
                0x08018df8                free
 .text._free_r  0x08018e08       0x88 /usr/lib/gcc/arm-none-eabi/4.9.3/../../../arm-none-eabi/lib/armv7-m/libc_nano.a(lib_a-nano-freer.o)
                0x08018e08                _free_r
 .text._malloc_r
                0x08018e90       0xac /usr/lib/gcc/arm-none-eabi/4.9.3/../../../arm-none-eabi/lib/armv7-m/libc_nano.a(lib_a-nano-mallocr.o)
                0x08018e90                _malloc_r
 .text._sbrk_r  0x08018f3c       0x20 /usr/lib/gcc/arm-none-eabi/4.9.3/../../../arm-none-eabi/lib/armv7-m/libc_nano.a(lib_a-sbrkr.o)
                0x08018f3c                _sbrk_r
 .text._sbrk    0x08018f5c       0x1c /usr/lib/gcc/arm-none-eabi/4.9.3/../../../arm-none-eabi/lib/armv7-m/libnosys.a(sbrk.o)
                0x08018f5c                _sbrk
 .text.lrintf   0x08018f78       0x78 /usr/lib/gcc/arm-none-eabi/4.9.3/../../../arm-none-eabi/lib/armv7-m/libm.a(lib_a-sf_lrint.o)
                0x08018f78                lrintf
 .text.powf     0x08018ff0      0x314 /usr/lib/gcc/arm-none-eabi/4.9.3/../../../arm-none-eabi/lib/armv7-m/libm.a(lib_a-wf_pow.o)
                0x08018ff0                powf
 .text.sqrtf    0x08019304       0x9c /usr/lib/gcc/arm-none-eabi/4.9.3/../../../arm-none-eabi/lib/armv7-m/libm.a(lib_a-wf_sqrt.o)
                0x08019304                sqrtf
 .text.__ieee754_powf
                0x080193a0      0x6ec /usr/lib/gcc/arm-none-eabi/4.9.3/../../../arm-none-eabi/lib/armv7-m/libm.a(lib_a-ef_pow.o)
                0x080193a0                __ieee754_powf
 .text.__ieee754_sqrtf
                0x08019a8c       0xa8 /usr/lib/gcc/arm-none-eabi/4.9.3/../../../arm-none-eabi/lib/armv7-m/libm.a(lib_a-ef_sqrt.o)
                0x08019a8c                __ieee754_sqrtf
 .text.matherr  0x08019b34        0x4 /usr/lib/gcc/arm-none-eabi/4.9.3/../../../arm-none-eabi/lib/armv7-m/libm.a(lib_a-s_matherr.o)
                0x08019b34                matherr
 .text.rint     0x08019b38      0x11c /usr/lib/gcc/arm-none-eabi/4.9.3/../../../arm-none-eabi/lib/armv7-m/libm.a(lib_a-s_rint.o)
                0x08019b38                rint
 .text.fabsf    0x08019c54        0x8 /usr/lib/gcc/arm-none-eabi/4.9.3/../../../arm-none-eabi/lib/armv7-m/libm.a(lib_a-sf_fabs.o)
                0x08019c54                fabsf
 .text.finitef  0x08019c5c       0x10 /usr/lib/gcc/arm-none-eabi/4.9.3/../../../arm-none-eabi/lib/armv7-m/libm.a(lib_a-sf_finite.o)
                0x08019c5c                finitef
 .text.__fpclassifyf
                0x08019c6c       0x34 /usr/lib/gcc/arm-none-eabi/4.9.3/../../../arm-none-eabi/lib/armv7-m/libm.a(lib_a-sf_fpclassify.o)
                0x08019c6c                __fpclassifyf
 .text.nanf     0x08019ca0        0x8 /usr/lib/gcc/arm-none-eabi/4.9.3/../../../arm-none-eabi/lib/armv7-m/libm.a(lib_a-sf_nan.o)
                0x08019ca0                nanf
 .text.scalbnf  0x08019ca8       0xb0 /usr/lib/gcc/arm-none-eabi/4.9.3/../../../arm-none-eabi/lib/armv7-m/libm.a(lib_a-sf_scalbn.o)
                0x08019ca8                scalbnf
 .text.copysignf
                0x08019d58        0xc /usr/lib/gcc/arm-none-eabi/4.9.3/../../../arm-none-eabi/lib/armv7-m/libm.a(lib_a-sf_copysign.o)
                0x08019d58                copysignf
 .text.calloc   0x08019d64       0x14 /usr/lib/gcc/arm-none-eabi/4.9.3/../../../arm-none-eabi/lib/armv7-m/libc_nano.a(lib_a-calloc.o)
                0x08019d64                calloc
 .text.__errno  0x08019d78        0xc /usr/lib/gcc/arm-none-eabi/4.9.3/../../../arm-none-eabi/lib/armv7-m/libc_nano.a(lib_a-errno.o)
                0x08019d78                __errno
 .text.memcmp   0x08019d84       0x20 /usr/lib/gcc/arm-none-eabi/4.9.3/../../../arm-none-eabi/lib/armv7-m/libc_nano.a(lib_a-memcmp.o)
                0x08019d84                memcmp
 .text.memcpy   0x08019da4       0x16 /usr/lib/gcc/arm-none-eabi/4.9.3/../../../arm-none-eabi/lib/armv7-m/libc_nano.a(lib_a-memcpy.o)
                0x08019da4                memcpy
 .text.memset   0x08019dba       0x10 /usr/lib/gcc/arm-none-eabi/4.9.3/../../../arm-none-eabi/lib/armv7-m/libc_nano.a(lib_a-memset.o)
                0x08019dba                memset
 .text._calloc_r
                0x08019dca       0x1c /usr/lib/gcc/arm-none-eabi/4.9.3/../../../arm-none-eabi/lib/armv7-m/libc_nano.a(lib_a-nano-callocr.o)
                0x08019dca                _calloc_r
 *fill*         0x08019de6        0x2 
 .text.strcasecmp
                0x08019de8       0x3c /usr/lib/gcc/arm-none-eabi/4.9.3/../../../arm-none-eabi/lib/armv7-m/libc_nano.a(lib_a-strcasecmp.o)
                0x08019de8                strcasecmp
 .text.strcat   0x08019e24       0x1e /usr/lib/gcc/arm-none-eabi/4.9.3/../../../arm-none-eabi/lib/armv7-m/libc_nano.a(lib_a-strcat.o)
                0x08019e24                strcat
 .text.strchr   0x08019e42       0x1c /usr/lib/gcc/arm-none-eabi/4.9.3/../../../arm-none-eabi/lib/armv7-m/libc_nano.a(lib_a-strchr.o)
                0x08019e42                strchr
 .text.strlen   0x08019e5e       0x10 /usr/lib/gcc/arm-none-eabi/4.9.3/../../../arm-none-eabi/lib/armv7-m/libc_nano.a(lib_a-strlen.o)
                0x08019e5e                strlen
 *fill*         0x08019e6e        0x2 
 .text.strncasecmp
                0x08019e70       0x44 /usr/lib/gcc/arm-none-eabi/4.9.3/../../../arm-none-eabi/lib/armv7-m/libc_nano.a(lib_a-strncasecmp.o)
                0x08019e70                strncasecmp
 .text.strncpy  0x08019eb4       0x24 /usr/lib/gcc/arm-none-eabi/4.9.3/../../../arm-none-eabi/lib/armv7-m/libc_nano.a(lib_a-strncpy.o)
                0x08019eb4                strncpy
 .text.strstr   0x08019ed8       0x30 /usr/lib/gcc/arm-none-eabi/4.9.3/../../../arm-none-eabi/lib/armv7-m/libc_nano.a(lib_a-strstr.o)
                0x08019ed8                strstr
 *(.rodata)
 .rodata        0x08019f08       0xdc /tmp/ccVAaSgR.ltrans0.ltrans.o
                0x08019f70                hsv_white
 .rodata        0x08019fe4      0x2b4 /tmp/ccVAaSgR.ltrans1.ltrans.o
 .rodata        0x0801a298      0x18c /tmp/ccVAaSgR.ltrans2.ltrans.o
 .rodata        0x0801a424        0x8 /tmp/ccVAaSgR.ltrans5.ltrans.o
 .rodata        0x0801a42c       0x28 /tmp/ccVAaSgR.ltrans6.ltrans.o
 .rodata        0x0801a454       0x38 /tmp/ccVAaSgR.ltrans7.ltrans.o
                0x0801a454                hsv_green
                0x0801a458                hsv_red
                0x0801a45c                hsv_yellow
                0x0801a460                hsv_blue
                0x0801a488                hsv_orange
 .rodata        0x0801a48c       0x20 /tmp/ccVAaSgR.ltrans8.ltrans.o
                0x0801a4a0                shortGitRevision
                0x0801a4a4                buildTime
                0x0801a4a8                buildDate
 .rodata        0x0801a4ac       0x18 /tmp/ccVAaSgR.ltrans9.ltrans.o
 .rodata        0x0801a4c4       0x60 /tmp/ccVAaSgR.ltrans10.ltrans.o
 .rodata        0x0801a524      0x4cc /tmp/ccVAaSgR.ltrans11.ltrans.o
                0x0801a530                mixerAtail4.lto_priv.540
                0x0801a570                mixerDualcopter.lto_priv.539
                0x0801a590                mixerHex6H.lto_priv.538
                0x0801a5f0                mixerVtail4.lto_priv.537
                0x0801a630                mixerOctoFlatX.lto_priv.536
                0x0801a6b0                mixerOctoFlatP.lto_priv.535
                0x0801a730                mixerOctoX8.lto_priv.534
                0x0801a7b0                mixerHex6X.lto_priv.533
                0x0801a810                mixerY4.lto_priv.532
                0x0801a850                mixerSingleProp.lto_priv.531
                0x0801a860                mixerHex6P.lto_priv.530
                0x0801a8c0                mixerY6.lto_priv.529
                0x0801a920                mixerBicopter.lto_priv.528
                0x0801a940                mixerQuadX.lto_priv.527
                0x0801a980                mixerQuadP.lto_priv.526
                0x0801a9c0                mixerTricopter.lto_priv.525
 .rodata        0x0801a9f0      0x20f /tmp/ccVAaSgR.ltrans14.ltrans.o
                0x0801aa4c                servoMixers
                0x0801ab42                servoMixerSingle.lto_priv.547
                0x0801ab7a                servoMixerDual.lto_priv.546
                0x0801ab88                servoMixerAirplane.lto_priv.545
                0x0801abab                servoMixerFlyingWing.lto_priv.544
                0x0801abce                servoMixerGimbal.lto_priv.543
                0x0801abdc                servoMixerBI.lto_priv.542
                0x0801abf8                servoMixerTri.lto_priv.541
 .rodata        0x0801abff        0xc /tmp/ccVAaSgR.ltrans15.ltrans.o
 *fill*         0x0801ac0b        0x1 
 .rodata        0x0801ac0c       0x28 /tmp/ccVAaSgR.ltrans16.ltrans.o
 .rodata        0x0801ac34       0xc4 /tmp/ccVAaSgR.ltrans17.ltrans.o
 .rodata        0x0801acf8      0x144 /tmp/ccVAaSgR.ltrans19.ltrans.o
                0x0801acf8                gpsInitData.lto_priv.478
 .rodata        0x0801ae3c       0x22 /tmp/ccVAaSgR.ltrans20.ltrans.o
 *fill*         0x0801ae5e        0x2 
 .rodata        0x0801ae60     0x134c /tmp/ccVAaSgR.ltrans22.ltrans.o
                0x0801aec8                beeperTable.lto_priv.294
                0x0801b068                valueTable
                0x0801be3c                mixerNames.lto_priv.283
                0x0801bea4                cmdTable
                0x0801c084                beep_armedBeep.lto_priv.308
                0x0801c089                beep_disarmRepeatBeep.lto_priv.307
                0x0801c08d                beep_readyBeep.lto_priv.306
                0x0801c09c                beep_2longerBeeps.lto_priv.305
                0x0801c0a1                beep_2shortBeeps.lto_priv.304
                0x0801c0a6                beep_shortBeep.lto_priv.303
                0x0801c0a9                beep_lowBatteryBeep.lto_priv.302
                0x0801c0ac                beep_critBatteryBeep.lto_priv.301
                0x0801c0af                beep_armedGpsFix.lto_priv.300
                0x0801c0b8                beep_armingBeep.lto_priv.299
                0x0801c0bd                beep_disarmBeep.lto_priv.298
                0x0801c0c2                beep_txLostBeep.lto_priv.297
                0x0801c0c5                beep_sos.lto_priv.296
                0x0801c0d8                beep_gyroCalibrated.lto_priv.295
 .rodata        0x0801c1ac      0x2cc /tmp/ccVAaSgR.ltrans23.ltrans.o
 .rodata        0x0801c478       0x34 /tmp/ccVAaSgR.ltrans25.ltrans.o
                0x0801c478                baudRates
                0x0801c498                defaultBMP085Config.7284.lto_priv.229
 *(.rodata*)
 .rodata.timerHardware
                0x0801c4ac       0xe0 /tmp/ccVAaSgR.ltrans0.ltrans.o
                0x0801c4ac                timerHardware
 .rodata.str1.1
                0x0801c58c        0x6 /tmp/ccVAaSgR.ltrans0.ltrans.o
 .rodata.str1.1
                0x0801c592      0x215 /tmp/ccVAaSgR.ltrans1.ltrans.o
                                0x226 (size before relaxing)
 .rodata.str1.1
                0x0801c7a7      0x154 /tmp/ccVAaSgR.ltrans2.ltrans.o
                                0x174 (size before relaxing)
 *fill*         0x0801c8fb        0x1 
 .rodata.frSkyDataIdTable
                0x0801c8fc       0x20 /tmp/ccVAaSgR.ltrans5.ltrans.o
 .rodata.hsv_black
                0x0801c91c        0x4 /tmp/ccVAaSgR.ltrans7.ltrans.o
                0x0801c91c                hsv_black
 .rodata.str1.1
                0x0801c920       0x5e /tmp/ccVAaSgR.ltrans8.ltrans.o
                                 0x7b (size before relaxing)
 .rodata.str1.1
                0x0801c97e       0x3e /tmp/ccVAaSgR.ltrans9.ltrans.o
                                 0x41 (size before relaxing)
 .rodata.mixers
                0x0801c9bc       0xd0 /tmp/ccVAaSgR.ltrans11.ltrans.o
                0x0801c9bc                mixers
 .rodata.str1.1
                0x0801ca8c       0xf8 /tmp/ccVAaSgR.ltrans11.ltrans.o
                                0x106 (size before relaxing)
 .rodata.str1.1
                0x0801cb84      0x3f8 /tmp/ccVAaSgR.ltrans14.ltrans.o
                                0x451 (size before relaxing)
 .rodata.str1.1
                0x0801cf7c        0x9 /tmp/ccVAaSgR.ltrans17.ltrans.o
 .rodata.str1.1
                0x0801cf85       0xfb /tmp/ccVAaSgR.ltrans19.ltrans.o
                                 0xfc (size before relaxing)
 .rodata.cyclePageIds
                0x0801d080        0x5 /tmp/ccVAaSgR.ltrans20.ltrans.o
 .rodata.str1.1
                0x0801d085      0x144 /tmp/ccVAaSgR.ltrans20.ltrans.o
                                0x160 (size before relaxing)
 .rodata.str1.1
                0x0801d1c9       0x27 /tmp/ccVAaSgR.ltrans21.ltrans.o
 .rodata.str1.1
                0x0801d1f0     0x121b /tmp/ccVAaSgR.ltrans22.ltrans.o
                               0x1318 (size before relaxing)
 .rodata.serialPortIdentifiers
                0x0801e40b        0x5 /tmp/ccVAaSgR.ltrans25.ltrans.o
                0x0801e40b                serialPortIdentifiers
 .rodata.rcChannelLetters
                0x0801e410       0x15 /tmp/ccVAaSgR.ltrans25.ltrans.o
                0x0801e410                rcChannelLetters
 .rodata.str1.1
                0x0801e425       0x30 /tmp/ccVAaSgR.ltrans25.ltrans.o
                                 0x63 (size before relaxing)
 .rodata._ctype_
                0x0801e455      0x101 /usr/lib/gcc/arm-none-eabi/4.9.3/../../../arm-none-eabi/lib/armv7-m/libc_nano.a(lib_a-ctype_.o)
                0x0801e455                _ctype_
 .rodata.str1.1
                0x0801e556        0x0 /usr/lib/gcc/arm-none-eabi/4.9.3/../../../arm-none-eabi/lib/armv7-m/libc_nano.a(lib_a-impure.o)
                                  0x2 (size before relaxing)
 *fill*         0x0801e556        0x2 
 .rodata.TWO23  0x0801e558        0x8 /usr/lib/gcc/arm-none-eabi/4.9.3/../../../arm-none-eabi/lib/armv7-m/libm.a(lib_a-sf_lrint.o)
 .rodata.str1.4
                0x0801e560        0x5 /usr/lib/gcc/arm-none-eabi/4.9.3/../../../arm-none-eabi/lib/armv7-m/libm.a(lib_a-wf_pow.o)
                                  0x8 (size before relaxing)
 *fill*         0x0801e565        0x3 
 .rodata.str1.4
                0x0801e568        0x6 /usr/lib/gcc/arm-none-eabi/4.9.3/../../../arm-none-eabi/lib/armv7-m/libm.a(lib_a-wf_sqrt.o)
                                  0x8 (size before relaxing)
 *fill*         0x0801e56e        0x2 
 .rodata.dp_h   0x0801e570        0x8 /usr/lib/gcc/arm-none-eabi/4.9.3/../../../arm-none-eabi/lib/armv7-m/libm.a(lib_a-ef_pow.o)
 .rodata.dp_l   0x0801e578        0x8 /usr/lib/gcc/arm-none-eabi/4.9.3/../../../arm-none-eabi/lib/armv7-m/libm.a(lib_a-ef_pow.o)
 .rodata.bp     0x0801e580        0x8 /usr/lib/gcc/arm-none-eabi/4.9.3/../../../arm-none-eabi/lib/armv7-m/libm.a(lib_a-ef_pow.o)
 .rodata.str1.4
                0x0801e588        0x8 /usr/lib/gcc/arm-none-eabi/4.9.3/../../../arm-none-eabi/lib/armv7-m/libm.a(lib_a-ef_pow.o)
                                  0x4 (size before relaxing)
 .rodata.TWO52  0x0801e588       0x10 /usr/lib/gcc/arm-none-eabi/4.9.3/../../../arm-none-eabi/lib/armv7-m/libm.a(lib_a-s_rint.o)
 *(.glue_7)
 .glue_7        0x0801e598        0x0 linker stubs
 *(.glue_7t)
 .glue_7t       0x0801e598        0x0 linker stubs
 *(.eh_frame)
 *(.init)
 *(.fini)
                0x0801e598                . = ALIGN (0x4)
                0x0801e598                _etext = .

.vfp11_veneer   0x0801e598        0x0
 .vfp11_veneer  0x0801e598        0x0 linker stubs

.v4_bx          0x0801e598        0x0
 .v4_bx         0x0801e598        0x0 linker stubs

.iplt           0x0801e598        0x0
 .iplt          0x0801e598        0x0 obj/main/NAZE/startup_stm32f10x_md_gcc.o

.ARM.extab
 *(.ARM.extab* .gnu.linkonce.armextab.*)

.ARM            0x0801e598        0x8
                0x0801e598                __exidx_start = .
 *(.ARM.exidx*)
 .ARM.exidx     0x0801e598        0x8 /usr/lib/gcc/arm-none-eabi/4.9.3/armv7-m/libgcc.a(_divdi3.o)
 .ARM.exidx     0x0801e5a0        0x0 /usr/lib/gcc/arm-none-eabi/4.9.3/armv7-m/libgcc.a(_udivdi3.o)
                                  0x8 (size before relaxing)
                0x0801e5a0                __exidx_end = .

.rel.dyn        0x0801e5a0        0x0
 .rel.iplt      0x0801e5a0        0x0 obj/main/NAZE/startup_stm32f10x_md_gcc.o

.preinit_array  0x0801e5a0        0x0
                [!provide]                PROVIDE (__preinit_array_start, .)
 *(.preinit_array*)
                [!provide]                PROVIDE (__preinit_array_end, .)

.init_array     0x0801e5a0        0x0
                [!provide]                PROVIDE (__init_array_start, .)
 *(SORT(.init_array.*))
 *(.init_array*)
                [!provide]                PROVIDE (__init_array_end, .)

.fini_array     0x0801e5a0        0x0
                [!provide]                PROVIDE (__fini_array_start, .)
 *(.fini_array*)
 *(SORT(.fini_array.*))
                [!provide]                PROVIDE (__fini_array_end, .)
                0x0801e5a0                _sidata = .

.data           0x20000000      0x1ec load address 0x0801e5a0
                0x20000000                . = ALIGN (0x4)
                0x20000000                _sdata = .
 *(.data)
 .data          0x20000000        0x3 /tmp/ccVAaSgR.ltrans3.ltrans.o
                0x20000002                isUsingSticksToArm.lto_priv.384
 *fill*         0x20000003        0x1 
 .data          0x20000004        0x3 /tmp/ccVAaSgR.ltrans5.ltrans.o
                0x20000004                acc_1G
 .data          0x20000007        0x3 /tmp/ccVAaSgR.ltrans7.ltrans.o
 *fill*         0x2000000a        0x2 
 .data          0x2000000c        0x5 /tmp/ccVAaSgR.ltrans8.ltrans.o
                0x2000000c                hse_value
                0x20000010                standardBoardAlignment.lto_priv.505
 .data          0x20000011        0x1 /tmp/ccVAaSgR.ltrans10.ltrans.o
                0x20000011                isEOCConnected.lto_priv.622
 *fill*         0x20000012        0x2 
 .data          0x20000014        0x4 /tmp/ccVAaSgR.ltrans12.ltrans.o
                0x20000014                GPS_scaleLonDown.lto_priv.598
 .data          0x20000018       0x10 /tmp/ccVAaSgR.ltrans14.ltrans.o
                0x20000018                geometry.lto_priv.389
 .data          0x20000028        0x4 /tmp/ccVAaSgR.ltrans15.ltrans.o
                0x20000028                q0.lto_priv.431
 .data          0x2000002c        0x4 /tmp/ccVAaSgR.ltrans22.ltrans.o
 .data          0x20000030        0xc /tmp/ccVAaSgR.ltrans23.ltrans.o
 .data          0x2000003c        0x8 /tmp/ccVAaSgR.ltrans25.ltrans.o
                0x2000003c                pif_id
                0x20000040                rcReadRawFunc.lto_priv.349
 .data          0x20000044        0x4 /tmp/ccVAaSgR.ltrans26.ltrans.o
                0x20000044                measurement.lto_priv.614
 .data          0x20000048        0xc /tmp/ccVAaSgR.ltrans29.ltrans.o
 *(.data*)
 .data.GPS_hdop
                0x20000054        0x2 /tmp/ccVAaSgR.ltrans5.ltrans.o
                0x20000054                GPS_hdop
 .data.detectedSensors
                0x20000056        0x4 /tmp/ccVAaSgR.ltrans10.ltrans.o
                0x20000056                detectedSensors
 *fill*         0x2000005a        0x2 
 .data.pid_controller
                0x2000005c        0x4 /tmp/ccVAaSgR.ltrans15.ltrans.o
                0x2000005c                pid_controller
 .data.batteryCellCount
                0x20000060        0x1 /tmp/ccVAaSgR.ltrans22.ltrans.o
                0x20000060                batteryCellCount
 *fill*         0x20000061        0x3 
 .data.SystemCoreClock
                0x20000064        0x4 /tmp/ccVAaSgR.ltrans22.ltrans.o
                0x20000064                SystemCoreClock
 .data.cfTasks  0x20000068      0x118 /tmp/ccVAaSgR.ltrans25.ltrans.o
                0x20000068                cfTasks
 .data.__ctype_ptr__
                0x20000180        0x4 /usr/lib/gcc/arm-none-eabi/4.9.3/../../../arm-none-eabi/lib/armv7-m/libc_nano.a(lib_a-ctype_.o)
                0x20000180                __ctype_ptr__
 .data.impure_data
                0x20000184       0x60 /usr/lib/gcc/arm-none-eabi/4.9.3/../../../arm-none-eabi/lib/armv7-m/libc_nano.a(lib_a-impure.o)
 .data._impure_ptr
                0x200001e4        0x4 /usr/lib/gcc/arm-none-eabi/4.9.3/../../../arm-none-eabi/lib/armv7-m/libc_nano.a(lib_a-impure.o)
                0x200001e4                _impure_ptr
 .data.__fdlib_version
                0x200001e8        0x1 /usr/lib/gcc/arm-none-eabi/4.9.3/../../../arm-none-eabi/lib/armv7-m/libm.a(lib_a-s_lib_ver.o)
                0x200001e8                __fdlib_version
                0x200001ec                . = ALIGN (0x4)
 *fill*         0x200001e9        0x3 
                0x200001ec                _edata = .

.igot.plt       0x200001ec        0x0 load address 0x0801e78c
 .igot.plt      0x200001ec        0x0 obj/main/NAZE/startup_stm32f10x_md_gcc.o
                0x200001ec                . = ALIGN (0x4)

.bss            0x200001f0     0x3588 load address 0x0801e78c
                0x200001f0                _sbss = .
                0x200001f0                __bss_start__ = _sbss
 *(.bss)
 .bss           0x200001f0      0x504 /tmp/ccVAaSgR.ltrans0.ltrans.o
                0x200001f8                i2cOverClock.lto_priv.616
                0x2000021c                inputFilteringMode.lto_priv.611
                0x20000220                ppmDev
                0x2000034c                servos.lto_priv.613
                0x2000036d                displayPresent.lto_priv.587
                0x2000037c                gpsPacketLog
                0x20000396                ledStripDMABuffer
                0x200006c0                telemetryConfig.lto_priv.463
                0x200006c4                portConfig.lto_priv.466
                0x200006c8                frskyPortSharing.lto_priv.585
                0x200006c9                hottPortSharing.lto_priv.583
                0x200006cc                telemetryConfig.lto_priv.464
                0x200006d0                portConfig.lto_priv.468
                0x200006d4                smartPortPortSharing.lto_priv.580
                0x200006dc                portConfig.lto_priv.469
                0x200006e0                ltmPortSharing.lto_priv.578
                0x200006e1                couldBeBusy.lto_priv.605
                0x200006e4                tailAddress.lto_priv.563
 .bss           0x200006f4      0x3af /tmp/ccVAaSgR.ltrans1.ltrans.o
                0x2000070c                gyroLpfCutFreq.lto_priv.562
                0x20000780                gyroConfig.lto_priv.561
                0x200007dc                imuRuntimeConfig.lto_priv.500
                0x20000804                gyroScale.lto_priv.501
                0x20000814                smallAngleCosZ
                0x20000820                fc_acc
                0x20000824                accDeadband.lto_priv.557
                0x20000828                lookupYawRC
                0x2000083c                rxRefreshRate.lto_priv.480
                0x20000854                rcControlsConfig.lto_priv.556
                0x2000085c                escAndServoConfig.lto_priv.420
                0x20000860                throttleAngleScale
                0x20000864                mixerConfig.lto_priv.503
                0x20000868                currentMixer.lto_priv.508
                0x2000092c                rxConfig.lto_priv.559
                0x20000930                currentMixerMode.lto_priv.507
                0x20000954                gimbalConfig.lto_priv.558
                0x20000958                servoFilterState.lto_priv.504
                0x20000a78                motorControlEnable
                0x20000a7c                blackboxPort.lto_priv.453
                0x20000a80                blackboxHeaderBudget
                0x20000a84                blackboxMaxHeaderBytesPerIteration.lto_priv.451
                0x20000a88                xmitState.lto_priv.449
                0x20000a90                blackboxConditionCache.lto_priv.446
                0x20000a94                vbatReference.lto_priv.442
                0x20000a96                blackboxSlowFrameIterationTimer.lto_priv.450
                0x20000a98                blackboxPFrameIndex.lto_priv.445
                0x20000a9c                blackboxIteration.lto_priv.444
                0x20000aa0                blackboxModeActivationConditionPresent.lto_priv.443
                0x20000aa1                blackboxPortSharing.lto_priv.452
                0x20000aa2                blackboxLoggedAnyFrames.lto_priv.448
 *fill*         0x20000aa3        0x1 
 .bss           0x20000aa4      0x164 /tmp/ccVAaSgR.ltrans2.ltrans.o
                0x20000aa4                printfSerialPort.lto_priv.553
                0x20000ac4                servo
                0x20000ad4                GPS_ground_course
                0x20000ad6                GPS_update
                0x20000ad7                GPS_numCh
                0x20000ad8                GPS_svinfo_chn
                0x20000ae8                GPS_svinfo_svid
                0x20000af8                GPS_svinfo_quality
                0x20000b08                GPS_svinfo_cno
                0x20000b18                debug
                0x20000b20                blackboxState.lto_priv.418
                0x20000b84                pwmIOConfiguration.lto_priv.509
 .bss           0x20000c08      0x1d0 /tmp/ccVAaSgR.ltrans3.ltrans.o
                0x20000c0e                rxMspFrameDone.lto_priv.386
                0x20000c0f                ppmFrameCount.lto_priv.612
                0x20000c3d                rcSampleIndex.lto_priv.479
                0x20000c88                rcInvalidPulsPeriod
                0x20000cd1                rxFlightChannelsValid.lto_priv.574
                0x20000cec                rxConfig.lto_priv.344
                0x20000cf0                deadband3dThrottle.lto_priv.499
                0x20000cf4                disarmAt.lto_priv.441
                0x20000cfb                AccInflightCalibrationMeasurementDone
                0x20000cfc                AccInflightCalibrationSavetoEEProm
                0x20000cfe                calibratingA
                0x20000d00                InflightcalibratingA
                0x20000d02                AccInflightCalibrationActive
                0x20000d04                adjustmentStates
                0x20000d38                escAndServoConfig.lto_priv.383
                0x20000d3c                magHold
                0x20000d3e                headFreeModeHold
                0x20000d40                nav_mode
                0x20000d44                gpsProfile.lto_priv.424
                0x20000d48                GPS_hold
                0x20000d52                nav_rated.lto_priv.426
                0x20000d56                nav.lto_priv.425
                0x20000d84                poshold_ratePID.lto_priv.589
                0x20000dac                navPID.lto_priv.590
                0x20000dd4                isRXDataNew.lto_priv.428
                0x20000dd5                haveProcessedAnnexCodeOnce.lto_priv.417
                0x20000dd6                initialThrottleHold.lto_priv.427
 .bss           0x20000dd8       0x2c /tmp/ccVAaSgR.ltrans4.ltrans.o
 .bss           0x20000e04       0xf0 /tmp/ccVAaSgR.ltrans5.ltrans.o
                0x20000e04                frskyTelemetryEnabled.lto_priv.586
                0x20000e0e                accSmooth
                0x20000e14                vario
                0x20000e18                BaroAlt
                0x20000e1c                baroTemperature
                0x20000e24                telemetryConfig.lto_priv.317
                0x20000e28                amperage
                0x20000e2c                GPS_speed
                0x20000e2e                GPS_altitude
                0x20000e30                GPS_numSat
                0x20000e34                GPS_coord
                0x20000e3c                hottTelemetryEnabled.lto_priv.584
                0x20000e44                hottEAMMessage.lto_priv.470
                0x20000e74                telemetryConfig.lto_priv.318
                0x20000e78                hottGPSMessage.lto_priv.471
                0x20000ea4                GPS_distanceToHome
                0x20000ea6                GPS_directionToHome
                0x20000eb0                hottPort.lto_priv.577
                0x20000ec0                portConfig.lto_priv.467
                0x20000ec6                smartPortTelemetryEnabled.lto_priv.581
                0x20000ec8                smartPortSerialPort.lto_priv.576
                0x20000ecc                smartPortState
                0x20000ed0                smartPortLastRequestTime.lto_priv.582
                0x20000ed6                ltmEnabled.lto_priv.579
                0x20000ed8                ltmPort.lto_priv.575
                0x20000ee4                EstAlt.lto_priv.333
                0x20000ee8                rssi
                0x20000eec                GPS_home
 .bss           0x20000ef4      0x6c4 /tmp/ccVAaSgR.ltrans6.ltrans.o
 .bss           0x200015b8       0xa0 /tmp/ccVAaSgR.ltrans7.ltrans.o
                0x200015b8                ledStripInitialised.lto_priv.472
                0x200015ba                ledColorBuffer.lto_priv.473
                0x20001648                ledCount
                0x2000164c                rxSignalReceived.lto_priv.338
                0x20001654                highestYValueForNorth
                0x20001655                lowestXValueForEast
                0x20001656                lowestYValueForSouth
                0x20001657                highestXValueForWest
 .bss           0x20001658      0x300 /tmp/ccVAaSgR.ltrans8.ltrans.o
                0x20001658                ibusChannelData.lto_priv.353
                0x200016b9                xBusChannelCount.lto_priv.490
                0x200016ba                xBusFrameReceived.lto_priv.354
                0x200016bc                spekChannelData.lto_priv.371
                0x200016ec                sumhChannels.lto_priv.357
                0x2000170c                sumdChannels.lto_priv.362
                0x2000172c                sbusChannelData.lto_priv.365
                0x20001774                mspFrame.lto_priv.385
                0x20001798                captures.lto_priv.350
                0x200017b5                ibus.lto_priv.352
                0x200017d5                ibusFrameDone.lto_priv.351
                0x200017e0                xBusFramePosition.lto_priv.488
                0x200017e1                xBusDataIncoming.lto_priv.487
                0x200017e2                xBusFrameLength.lto_priv.489
                0x200017e3                xBusProvider.lto_priv.491
                0x200017e9                spekFrame.lto_priv.367
                0x200017f9                rcFrameComplete.lto_priv.366
                0x20001805                sumhFrame.lto_priv.356
                0x2000181a                sumhFrameDone.lto_priv.355
                0x20001821                sumdFrameDone.lto_priv.358
                0x20001822                crc.lto_priv.359
                0x20001824                sumdChannelCount.lto_priv.360
                0x20001825                sumd.lto_priv.361
                0x20001851                sbusFrame.lto_priv.364
                0x2000186a                sbusFrameDone.lto_priv.363
                0x20001878                boardRotation.lto_priv.506
                0x2000189c                batteryConfig
                0x200018a0                mAhDrawn
                0x200018a4                adcConfig
                0x200018b4                adcValues
                0x200018bc                vbatLatestADC
                0x200018c0                vbatFilterState.lto_priv.462
                0x200018e4                vbat
                0x200018e8                rxConfig.lto_priv.345
                0x200018ec                suspendRxSignalUntil.lto_priv.348
                0x200018f0                skipRxSamples.lto_priv.347
                0x200018f4                sysTickUptime.lto_priv.260
                0x200018f8                failsafeState.lto_priv.315
                0x2000191c                warningLedState.lto_priv.293
                0x20001920                warningLedTimer.lto_priv.429
                0x20001924                flightModeFlags
                0x20001928                rcModeActivationMask
                0x2000192c                activeBoxIdCount.lto_priv.387
                0x2000192d                activeBoxIds.lto_priv.388
                0x2000194c                currentPort.lto_priv.380
                0x20001950                writer.lto_priv.381
                0x20001954                mspSerialPort.lto_priv.382
 .bss           0x20001958        0x7 /tmp/ccVAaSgR.ltrans9.ltrans.o
 *fill*         0x2000195f        0x1 
 .bss           0x20001960      0x120 /tmp/ccVAaSgR.ltrans10.ltrans.o
                0x20001960                acc
                0x2000196c                gyro
                0x20001980                mpuDetectionResult
                0x20001984                mpuConfiguration
                0x20001990                mpuIntExtiConfig.lto_priv.623
                0x20001995                gyroAlign
                0x20001996                useFifo.lto_priv.624
                0x20001998                ms5611_c.lto_priv.620
                0x200019ac                bmp085.lto_priv.621
                0x200019d0                baro
                0x200019e8                extiHandlerConfigs.lto_priv.309
                0x20001a04                bmp280_cal.lto_priv.619
                0x20001a20                enabledSensors.lto_priv.259
                0x20001a24                mpuDividerDrops
                0x20001a28                targetLooptime
                0x20001a2c                hmc5883Config.lto_priv.615
                0x20001a30                mag
                0x20001a38                magneticDeclination
                0x20001a3c                serialConfig.lto_priv.291
                0x20001a40                findSharedSerialPortState.lto_priv.337
                0x20001a44                serialPortUsageList.lto_priv.290
 .bss           0x20001a80       0x48 /tmp/ccVAaSgR.ltrans11.ltrans.o
                0x20001a80                serialPortCount.lto_priv.390
                0x20001a82                lookupThrottleRC
                0x20001a9a                lookupPitchRollRC
                0x20001aa8                beeperIsOn.lto_priv.377
                0x20001aac                beeperNextToggleTime.lto_priv.376
                0x20001ab0                beeperPos.lto_priv.378
                0x20001ab4                currentBeeperEntry.lto_priv.375
                0x20001ab8                dmaHandlers.lto_priv.474
 .bss           0x20001ac8      0x242 /tmp/ccVAaSgR.ltrans12.ltrans.o
                0x20001cac                GPS_WP.lto_priv.592
                0x20001cb4                wp_distance.lto_priv.593
                0x20001cb8                target_bearing.lto_priv.594
                0x20001cbc                error.lto_priv.599
                0x20001cc4                posholdPID_PARAM.lto_priv.600
                0x20001cd4                poshold_ratePID_PARAM.lto_priv.601
                0x20001ce8                waypoint_speed_gov.lto_priv.597
                0x20001cec                original_target_bearing.lto_priv.596
                0x20001cf4                nav_bearing.lto_priv.595
                0x20001cf8                navPID_PARAM.lto_priv.602
                0x20001d08                nav_takeoff_bearing.lto_priv.603
 *fill*         0x20001d0a        0x2 
 .bss           0x20001d0c       0xd4 /tmp/ccVAaSgR.ltrans13.ltrans.o
                0x20001d0c                pif_act_timer1us
                0x20001d10                s_table.lto_priv.524
                0x20001d90                pidProfile.lto_priv.339
                0x20001d94                activeFeaturesLatch.lto_priv.255
                0x20001d9c                s_task_stack_ptr.lto_priv.456
                0x20001db4                s_it_current.lto_priv.454
                0x20001db8                s_table_number.lto_priv.523
                0x20001dbc                s_tasks.lto_priv.258
                0x20001dd8                s_task_cutin.lto_priv.455
 .bss           0x20001de0       0x44 /tmp/ccVAaSgR.ltrans14.ltrans.o
                0x20001de0                cliBuffer.lto_priv.395
                0x20001e10                bufferIndex.lto_priv.394
                0x20001e14                currentProfile
                0x20001e18                colors
                0x20001e1c                ledConfigs
                0x20001e20                servoConf.lto_priv.310
 .bss           0x20001e24      0x2c8 /tmp/ccVAaSgR.ltrans15.ltrans.o
                0x20001e24                usTicks.lto_priv.520
                0x20001e28                rcCommand
                0x20001e30                attitude
                0x20001e38                gyroADC
                0x20001e44                PIDweight
                0x20001e48                errorGyroI.lto_priv.342
                0x20001e54                stateFlags
                0x20001e55                motorLimitReached
                0x20001e88                axisPID
                0x20001e90                axisPID_P
                0x20001e9c                axisPID_I
                0x20001ea8                axisPID_D
                0x20001eb4                deltaFilterState.lto_priv.313
                0x20001f20                errorAngleI.lto_priv.314
                0x20001f28                dynP8
                0x20001f40                dynD8
                0x20001f43                motorCount
                0x20001f4c                pif_datetime
                0x20001f54                motor
                0x20001f6c                motors.lto_priv.510
                0x20001f9c                timerConfig
                0x2000203c                flight3DConfig.lto_priv.419
                0x20002040                escAndServoConfig.lto_priv.421
                0x20002044                servoRuleCount.lto_priv.423
                0x20002045                currentServoMixer.lto_priv.422
                0x200020b8                customServoMixers.lto_priv.517
                0x200020bc                q1.lto_priv.432
                0x200020c0                q2.lto_priv.433
                0x200020c4                q3.lto_priv.434
                0x200020c8                rMat.lto_priv.334
 .bss           0x200020ec      0x600 /tmp/ccVAaSgR.ltrans16.ltrans.o
 .bss           0x200026ec       0x9a /tmp/ccVAaSgR.ltrans17.ltrans.o
                0x20002704                bufferHead.lto_priv.567
                0x20002705                bufferTail.lto_priv.604
                0x20002706                flashWriteBuffer.lto_priv.568
 *fill*         0x20002786        0x2 
 .bss           0x20002788      0x120 /tmp/ccVAaSgR.ltrans18.ltrans.o
                0x200027ac                uartPort3.lto_priv.607
                0x20002800                uartPort2.lto_priv.608
                0x20002854                uartPort1.lto_priv.609
 .bss           0x200028a8      0x1a4 /tmp/ccVAaSgR.ltrans19.ltrans.o
                0x200028b8                barometerConfig.lto_priv.331
                0x20002994                pif_timer1us
                0x200029ac                sonarMaxTiltCos
                0x200029b0                calculatedAltitude.lto_priv.391
                0x200029b4                sonarCfAltCm
                0x200029bc                sonarMaxAltWithTiltCm
                0x200029c0                accSumCount
                0x200029c4                accSum
                0x200029d0                accVelScale
                0x200029d4                barometerConfig.lto_priv.332
                0x200029e0                AltHold
                0x200029e4                pidProfile.lto_priv.554
                0x200029e8                errorVelocityI
                0x200029ec                altHoldThrottleAdjustment
                0x200029f0                velocityControl
                0x200029f4                lastMeasurementAt.lto_priv.476
                0x200029f8                sonarHardware.lto_priv.475
                0x20002a04                magADC
                0x20002a20                magInit.lto_priv.502
                0x20002a24                gpsData
                0x20002a44                gpsConfig.lto_priv.477
 .bss           0x20002a4c       0x40 /tmp/ccVAaSgR.ltrans20.ltrans.o
                0x20002a70                GPS_packetCount
                0x20002a78                GPS_svInfoReceivedCount
                0x20002a84                GPS_garbageByteCount
 .bss           0x20002a8c       0x8a /tmp/ccVAaSgR.ltrans22.ltrans.o
                0x20002a8c                cliPort.lto_priv.393
                0x20002a90                gpsPort.lto_priv.335
                0x20002a94                pageState.lto_priv.341
                0x20002aa8                cliWriter.lto_priv.282
                0x20002aac                currentControlRateProfileIndex.lto_priv.340
                0x20002ab0                currentControlRateProfile
                0x20002ab4                motor_disarmed
                0x20002acc                pif_performance
                0x20002ad4                batteryState.lto_priv.316
                0x20002ad6                i2cErrorCount.lto_priv.392
                0x20002ad8                g_timer_1ms
                0x20002b00                beep_multiBeeps.lto_priv.292
 *fill*         0x20002b16        0x2 
 .bss           0x20002b18        0x5 /tmp/ccVAaSgR.ltrans23.ltrans.o
                0x20002b18                I2Cx.lto_priv.617
                0x20002b1c                I2Cx_index.lto_priv.618
 *fill*         0x20002b1d        0x3 
 .bss           0x20002b20       0x16 /tmp/ccVAaSgR.ltrans24.ltrans.o
 *fill*         0x20002b36        0x2 
 .bss           0x20002b38      0x998 /tmp/ccVAaSgR.ltrans25.ltrans.o
                0x20002b38                g_imu_sensor
                0x20002bac                pif_cumulative_timer1ms
                0x20002bb0                g_i2c_port
                0x20002be4                string.9033.lto_priv.591
                0x20002bf4                rcData
                0x20002c18                mspPorts.lto_priv.256
                0x20002cb0                masterConfig
                0x200034c8                rxRuntimeConfigPtr.lto_priv.369
                0x200034cc                rxRuntimeConfig
                0x200034cd                spek_chan_shift.lto_priv.368
                0x200034ce                spek_chan_mask.lto_priv.370
                0x200034cf                spekHiRes.lto_priv.254
 .bss           0x200034d0       0x21 /tmp/ccVAaSgR.ltrans26.ltrans.o
 *fill*         0x200034f1        0x3 
 .bss           0x200034f4      0x19d /tmp/ccVAaSgR.ltrans27.ltrans.o
                0x200034f4                gpsHistory.lto_priv.569
                0x20003508                blackboxHistory.lto_priv.571
                0x20003514                blackboxHistoryRing.lto_priv.572
                0x20003688                blackboxIFrameIndex.lto_priv.570
                0x2000368c                blackboxLastArmingBeep.lto_priv.573
                0x20003690                systemState.lto_priv.457
 *fill*         0x20003691        0x7 
 .bss           0x20003698       0x24 /tmp/ccVAaSgR.ltrans28.ltrans.o
                0x2000369c                batteryWarningVoltage
                0x2000369e                batteryCriticalVoltage
                0x200036a8                amperageLatestADC
                0x200036b8                armingBeepTimeMicros.lto_priv.447
 .bss           0x200036bc       0x54 /tmp/ccVAaSgR.ltrans29.ltrans.o
                0x200036c4                errorGyroIf.lto_priv.343
                0x200036d0                dT
                0x2000370c                failsafeConfig.lto_priv.346
 .bss           0x20003710       0x35 /tmp/ccVAaSgR.ltrans30.ltrans.o
                0x20003710                accADC
                0x2000371c                accelerationTrims.lto_priv.560
                0x20003744                isAccelUpdatedAtLeastOnce.lto_priv.430
 *(SORT(.bss*))
 *fill*         0x20003745        0x3 
 .bss.systemBeepPtr
                0x20003748        0x4 /tmp/ccVAaSgR.ltrans15.ltrans.o
                0x20003748                systemBeepPtr
 .bss.accTimeSum
                0x2000374c        0x4 /tmp/ccVAaSgR.ltrans19.ltrans.o
                0x2000374c                accTimeSum
 .bss.setVelocity
                0x20003750        0x4 /tmp/ccVAaSgR.ltrans19.ltrans.o
                0x20003750                setVelocity
 .bss.__malloc_sbrk_start
                0x20003754        0x4 /usr/lib/gcc/arm-none-eabi/4.9.3/../../../arm-none-eabi/lib/armv7-m/libc_nano.a(lib_a-nano-mallocr.o)
                0x20003754                __malloc_sbrk_start
 .bss.__malloc_free_list
                0x20003758        0x4 /usr/lib/gcc/arm-none-eabi/4.9.3/../../../arm-none-eabi/lib/armv7-m/libc_nano.a(lib_a-nano-mallocr.o)
                0x20003758                __malloc_free_list
 .bss.heap_end.4079
                0x2000375c        0x4 /usr/lib/gcc/arm-none-eabi/4.9.3/../../../arm-none-eabi/lib/armv7-m/libnosys.a(sbrk.o)
 .bss.calibratingG
                0x20003760        0x2 /tmp/ccVAaSgR.ltrans3.ltrans.o
                0x20003760                calibratingG
 .bss.GPS_angle
                0x20003762        0x4 /tmp/ccVAaSgR.ltrans15.ltrans.o
                0x20003762                GPS_angle
 .bss.calibratingB
                0x20003766        0x2 /tmp/ccVAaSgR.ltrans19.ltrans.o
                0x20003766                calibratingB
 .bss.cycleTime
                0x20003768        0x2 /tmp/ccVAaSgR.ltrans22.ltrans.o
                0x20003768                cycleTime
 .bss.ws2811LedDataTransferInProgress
                0x2000376a        0x1 /tmp/ccVAaSgR.ltrans7.ltrans.o
                0x2000376a                ws2811LedDataTransferInProgress
 .bss.armingFlags
                0x2000376b        0x1 /tmp/ccVAaSgR.ltrans8.ltrans.o
                0x2000376b                armingFlags
 .bss.accAlign  0x2000376c        0x1 /tmp/ccVAaSgR.ltrans10.ltrans.o
                0x2000376c                accAlign
 .bss.hardwareRevision
                0x2000376d        0x1 /tmp/ccVAaSgR.ltrans10.ltrans.o
                0x2000376d                hardwareRevision
 .bss.magAlign  0x2000376e        0x1 /tmp/ccVAaSgR.ltrans10.ltrans.o
                0x2000376e                magAlign
 .bss.cliMode   0x2000376f        0x1 /tmp/ccVAaSgR.ltrans14.ltrans.o
                0x2000376f                cliMode
 .bss.CHAR_FORMAT
                0x20003770        0x1 /tmp/ccVAaSgR.ltrans23.ltrans.o
 .bss.pif_error
                0x20003771        0x1 /tmp/ccVAaSgR.ltrans25.ltrans.o
                0x20003771                pif_error
 *(COMMON)
 *fill*         0x20003772        0x2 
 COMMON         0x20003774        0x4 /usr/lib/gcc/arm-none-eabi/4.9.3/../../../arm-none-eabi/lib/armv7-m/libc_nano.a(lib_a-reent.o)
                0x20003774                errno
                0x20003778                . = ALIGN (0x4)
                0x20003778                _ebss = .
                0x20003778                __bss_end__ = _ebss

._user_heap_stack
                0x20003778      0x400 load address 0x0801e78c
                0x20003778                . = ALIGN (0x4)
                0x20003778                PROVIDE (end, .)
                [!provide]                PROVIDE (_end, .)
                0x20003778                . = (. + _Min_Heap_Size)
                0x20003b78                . = (. + _Min_Stack_Size)
 *fill*         0x20003778      0x400 
                0x20003b78                . = ALIGN (0x4)

.memory_b1_text
 *(.mb1text)
 *(.mb1text*)
 *(.mb1rodata)
 *(.mb1rodata*)

/DISCARD/
 libc.a(*)
 libm.a(*)
 libgcc.a(*)

.ARM.attributes
                0x00000000       0x2f
 *(.ARM.attributes)
 .ARM.attributes
                0x00000000       0x21 obj/main/NAZE/startup_stm32f10x_md_gcc.o
 .ARM.attributes
                0x00000021       0x31 /tmp/ccVAaSgR.ltrans0.ltrans.o
 .ARM.attributes
                0x00000052       0x31 /tmp/ccVAaSgR.ltrans1.ltrans.o
 .ARM.attributes
                0x00000083       0x31 /tmp/ccVAaSgR.ltrans2.ltrans.o
 .ARM.attributes
                0x000000b4       0x31 /tmp/ccVAaSgR.ltrans3.ltrans.o
 .ARM.attributes
                0x000000e5       0x31 /tmp/ccVAaSgR.ltrans4.ltrans.o
 .ARM.attributes
                0x00000116       0x31 /tmp/ccVAaSgR.ltrans5.ltrans.o
 .ARM.attributes
                0x00000147       0x31 /tmp/ccVAaSgR.ltrans6.ltrans.o
 .ARM.attributes
                0x00000178       0x31 /tmp/ccVAaSgR.ltrans7.ltrans.o
 .ARM.attributes
                0x000001a9       0x31 /tmp/ccVAaSgR.ltrans8.ltrans.o
 .ARM.attributes
                0x000001da       0x31 /tmp/ccVAaSgR.ltrans9.ltrans.o
 .ARM.attributes
                0x0000020b       0x31 /tmp/ccVAaSgR.ltrans10.ltrans.o
 .ARM.attributes
                0x0000023c       0x31 /tmp/ccVAaSgR.ltrans11.ltrans.o
 .ARM.attributes
                0x0000026d       0x31 /tmp/ccVAaSgR.ltrans12.ltrans.o
 .ARM.attributes
                0x0000029e       0x31 /tmp/ccVAaSgR.ltrans13.ltrans.o
 .ARM.attributes
                0x000002cf       0x31 /tmp/ccVAaSgR.ltrans14.ltrans.o
 .ARM.attributes
                0x00000300       0x31 /tmp/ccVAaSgR.ltrans15.ltrans.o
 .ARM.attributes
                0x00000331       0x31 /tmp/ccVAaSgR.ltrans16.ltrans.o
 .ARM.attributes
                0x00000362       0x31 /tmp/ccVAaSgR.ltrans17.ltrans.o
 .ARM.attributes
                0x00000393       0x31 /tmp/ccVAaSgR.ltrans18.ltrans.o
 .ARM.attributes
                0x000003c4       0x31 /tmp/ccVAaSgR.ltrans19.ltrans.o
 .ARM.attributes
                0x000003f5       0x31 /tmp/ccVAaSgR.ltrans20.ltrans.o
 .ARM.attributes
                0x00000426       0x31 /tmp/ccVAaSgR.ltrans21.ltrans.o
 .ARM.attributes
                0x00000457       0x31 /tmp/ccVAaSgR.ltrans22.ltrans.o
 .ARM.attributes