Archive member included to satisfy reference by file (symbol)

/usr/lib/gcc/arm-none-eabi/4.9.3/../../../arm-none-eabi/lib/armv7-m/libc_nano.a(lib_a-atoi.o)
                              obj/main/NAZE/io/serial_cli.o (symbol from plugin) (atoi)
/usr/lib/gcc/arm-none-eabi/4.9.3/../../../arm-none-eabi/lib/armv7-m/libc_nano.a(lib_a-ctype_.o)
                              obj/main/NAZE/flight/gps_conversion.o (symbol from plugin) (__ctype_ptr__)
/usr/lib/gcc/arm-none-eabi/4.9.3/../../../arm-none-eabi/lib/armv7-m/libc_nano.a(lib_a-strtok.o)
                              obj/main/NAZE/io/serial_cli.o (symbol from plugin) (strtok)
/usr/lib/gcc/arm-none-eabi/4.9.3/../../../arm-none-eabi/lib/armv7-m/libc_nano.a(lib_a-strtok_r.o)
                              /usr/lib/gcc/arm-none-eabi/4.9.3/../../../arm-none-eabi/lib/armv7-m/libc_nano.a(lib_a-strtok.o) (__strtok_r)
/usr/lib/gcc/arm-none-eabi/4.9.3/../../../arm-none-eabi/lib/armv7-m/libc_nano.a(lib_a-strtol.o)
                              /usr/lib/gcc/arm-none-eabi/4.9.3/../../../arm-none-eabi/lib/armv7-m/libc_nano.a(lib_a-atoi.o) (_strtol_r)
/usr/lib/gcc/arm-none-eabi/4.9.3/../../../arm-none-eabi/lib/armv7-m/libc_nano.a(lib_a-impure.o)
                              /usr/lib/gcc/arm-none-eabi/4.9.3/../../../arm-none-eabi/lib/armv7-m/libc_nano.a(lib_a-strtok.o) (_impure_ptr)
/usr/lib/gcc/arm-none-eabi/4.9.3/../../../arm-none-eabi/lib/armv7-m/libc_nano.a(lib_a-malloc.o)
                              /usr/lib/gcc/arm-none-eabi/4.9.3/../../../arm-none-eabi/lib/armv7-m/libc_nano.a(lib_a-strtok.o) (malloc)
/usr/lib/gcc/arm-none-eabi/4.9.3/../../../arm-none-eabi/lib/armv7-m/libc_nano.a(lib_a-nano-freer.o)
                              /usr/lib/gcc/arm-none-eabi/4.9.3/../../../arm-none-eabi/lib/armv7-m/libc_nano.a(lib_a-malloc.o) (_free_r)
/usr/lib/gcc/arm-none-eabi/4.9.3/../../../arm-none-eabi/lib/armv7-m/libc_nano.a(lib_a-nano-mallocr.o)
                              /usr/lib/gcc/arm-none-eabi/4.9.3/../../../arm-none-eabi/lib/armv7-m/libc_nano.a(lib_a-malloc.o) (_malloc_r)
/usr/lib/gcc/arm-none-eabi/4.9.3/../../../arm-none-eabi/lib/armv7-m/libc_nano.a(lib_a-sbrkr.o)
                              /usr/lib/gcc/arm-none-eabi/4.9.3/../../../arm-none-eabi/lib/armv7-m/libc_nano.a(lib_a-nano-mallocr.o) (_sbrk_r)
/usr/lib/gcc/arm-none-eabi/4.9.3/../../../arm-none-eabi/lib/armv7-m/libc_nano.a(lib_a-reent.o)
                              /usr/lib/gcc/arm-none-eabi/4.9.3/../../../arm-none-eabi/lib/armv7-m/libc_nano.a(lib_a-sbrkr.o) (errno)
/usr/lib/gcc/arm-none-eabi/4.9.3/../../../arm-none-eabi/lib/armv7-m/libnosys.a(sbrk.o)
                              /usr/lib/gcc/arm-none-eabi/4.9.3/../../../arm-none-eabi/lib/armv7-m/libc_nano.a(lib_a-sbrkr.o) (_sbrk)
/usr/lib/gcc/arm-none-eabi/4.9.3/../../../arm-none-eabi/lib/armv7-m/libm.a(lib_a-sf_lrint.o)
                              /tmp/ccD9jzlS.ltrans1.ltrans.o (lrintf)
/usr/lib/gcc/arm-none-eabi/4.9.3/../../../arm-none-eabi/lib/armv7-m/libm.a(lib_a-wf_pow.o)
                              /tmp/ccD9jzlS.ltrans22.ltrans.o (powf)
/usr/lib/gcc/arm-none-eabi/4.9.3/../../../arm-none-eabi/lib/armv7-m/libm.a(lib_a-wf_sqrt.o)
                              /tmp/ccD9jzlS.ltrans1.ltrans.o (sqrtf)
/usr/lib/gcc/arm-none-eabi/4.9.3/../../../arm-none-eabi/lib/armv7-m/libm.a(lib_a-ef_pow.o)
                              /usr/lib/gcc/arm-none-eabi/4.9.3/../../../arm-none-eabi/lib/armv7-m/libm.a(lib_a-wf_pow.o) (__ieee754_powf)
/usr/lib/gcc/arm-none-eabi/4.9.3/../../../arm-none-eabi/lib/armv7-m/libm.a(lib_a-ef_sqrt.o)
                              /usr/lib/gcc/arm-none-eabi/4.9.3/../../../arm-none-eabi/lib/armv7-m/libm.a(lib_a-wf_sqrt.o) (__ieee754_sqrtf)
/usr/lib/gcc/arm-none-eabi/4.9.3/../../../arm-none-eabi/lib/armv7-m/libm.a(lib_a-s_lib_ver.o)
                              /usr/lib/gcc/arm-none-eabi/4.9.3/../../../arm-none-eabi/lib/armv7-m/libm.a(lib_a-wf_pow.o) (__fdlib_version)
/usr/lib/gcc/arm-none-eabi/4.9.3/../../../arm-none-eabi/lib/armv7-m/libm.a(lib_a-s_matherr.o)
                              /usr/lib/gcc/arm-none-eabi/4.9.3/../../../arm-none-eabi/lib/armv7-m/libm.a(lib_a-wf_pow.o) (matherr)
/usr/lib/gcc/arm-none-eabi/4.9.3/../../../arm-none-eabi/lib/armv7-m/libm.a(lib_a-s_rint.o)
                              /usr/lib/gcc/arm-none-eabi/4.9.3/../../../arm-none-eabi/lib/armv7-m/libm.a(lib_a-wf_pow.o) (rint)
/usr/lib/gcc/arm-none-eabi/4.9.3/../../../arm-none-eabi/lib/armv7-m/libm.a(lib_a-sf_fabs.o)
                              /usr/lib/gcc/arm-none-eabi/4.9.3/../../../arm-none-eabi/lib/armv7-m/libm.a(lib_a-ef_pow.o) (fabsf)
/usr/lib/gcc/arm-none-eabi/4.9.3/../../../arm-none-eabi/lib/armv7-m/libm.a(lib_a-sf_finite.o)
                              /usr/lib/gcc/arm-none-eabi/4.9.3/../../../arm-none-eabi/lib/armv7-m/libm.a(lib_a-wf_pow.o) (finitef)
/usr/lib/gcc/arm-none-eabi/4.9.3/../../../arm-none-eabi/lib/armv7-m/libm.a(lib_a-sf_fpclassify.o)
[...]
Memory Configuration

Name             Origin             Length             Attributes
FLASH            0x08000000         0x0001f000         xr
RAM              0x20000000         0x00005000         xrw
MEMORY_B1        0x60000000         0x00000000         xr
*default*        0x00000000         0xffffffff

Linker script and memory map

LOAD obj/main/NAZE/startup_stm32f10x_md_gcc.o
LOAD obj/main/NAZE/drivers/accgyro_mpu.o
LOAD /tmp/ccD9jzlS.ltrans0.ltrans.o
LOAD /tmp/ccD9jzlS.ltrans1.ltrans.o
LOAD /tmp/ccD9jzlS.ltrans2.ltrans.o
LOAD /tmp/ccD9jzlS.ltrans3.ltrans.o
LOAD /tmp/ccD9jzlS.ltrans4.ltrans.o
LOAD /tmp/ccD9jzlS.ltrans5.ltrans.o
LOAD /tmp/ccD9jzlS.ltrans6.ltrans.o
LOAD /tmp/ccD9jzlS.ltrans7.ltrans.o
LOAD /tmp/ccD9jzlS.ltrans8.ltrans.o
LOAD /tmp/ccD9jzlS.ltrans9.ltrans.o
LOAD /tmp/ccD9jzlS.ltrans10.ltrans.o
LOAD /tmp/ccD9jzlS.ltrans11.ltrans.o
LOAD /tmp/ccD9jzlS.ltrans12.ltrans.o
LOAD /tmp/ccD9jzlS.ltrans13.ltrans.o
LOAD /tmp/ccD9jzlS.ltrans14.ltrans.o
LOAD /tmp/ccD9jzlS.ltrans15.ltrans.o
LOAD /tmp/ccD9jzlS.ltrans16.ltrans.o
LOAD /tmp/ccD9jzlS.ltrans17.ltrans.o
LOAD /tmp/ccD9jzlS.ltrans18.ltrans.o
LOAD /tmp/ccD9jzlS.ltrans19.ltrans.o
LOAD /tmp/ccD9jzlS.ltrans20.ltrans.o
LOAD /tmp/ccD9jzlS.ltrans21.ltrans.o
LOAD /tmp/ccD9jzlS.ltrans22.ltrans.o
LOAD /tmp/ccD9jzlS.ltrans23.ltrans.o
LOAD /tmp/ccD9jzlS.ltrans24.ltrans.o
LOAD /tmp/ccD9jzlS.ltrans25.ltrans.o
LOAD /tmp/ccD9jzlS.ltrans26.ltrans.o
LOAD /tmp/ccD9jzlS.ltrans27.ltrans.o
LOAD /tmp/ccD9jzlS.ltrans28.ltrans.o
LOAD /tmp/ccD9jzlS.ltrans29.ltrans.o
LOAD obj/main/NAZE/drivers/accgyro_mpu3050.o
LOAD obj/main/NAZE/drivers/accgyro_mpu6050.o
LOAD obj/main/NAZE/drivers/accgyro_mpu6500.o
LOAD obj/main/NAZE/drivers/adc.o
LOAD obj/main/NAZE/drivers/adc_stm32f10x.o
LOAD obj/main/NAZE/drivers/barometer_bmp280.o
LOAD obj/main/NAZE/drivers/barometer_ms5611.o
LOAD obj/main/NAZE/drivers/bus_spi.o
LOAD obj/main/NAZE/drivers/bus_i2c_stm32f10x.o
LOAD obj/main/NAZE/drivers/compass_hmc5883l.o
LOAD obj/main/NAZE/drivers/compass_qmc5883l.o
LOAD obj/main/NAZE/drivers/display_ug2864hsweg01.o
LOAD obj/main/NAZE/drivers/flash_m25p16.o
LOAD obj/main/NAZE/drivers/gpio_stm32f10x.o
LOAD obj/main/NAZE/drivers/inverter.o
LOAD obj/main/NAZE/drivers/light_led_stm32f10x.o
LOAD obj/main/NAZE/drivers/light_ws2811strip.o
LOAD obj/main/NAZE/drivers/light_ws2811strip_stm32f10x.o
LOAD obj/main/NAZE/drivers/sonar_hcsr04.o
LOAD obj/main/NAZE/drivers/pwm_mapping.o
LOAD obj/main/NAZE/drivers/pwm_output.o
LOAD obj/main/NAZE/drivers/pwm_rx.o
LOAD obj/main/NAZE/drivers/serial_softserial.o
LOAD obj/main/NAZE/drivers/serial_uart.o
LOAD obj/main/NAZE/drivers/serial_uart_stm32f10x.o
LOAD obj/main/NAZE/drivers/sound_beeper_stm32f10x.o
LOAD obj/main/NAZE/drivers/system_stm32f10x.o
LOAD obj/main/NAZE/drivers/timer.o
LOAD obj/main/NAZE/drivers/timer_stm32f10x.o
LOAD obj/main/NAZE/io/flashfs.o
LOAD obj/main/NAZE/hardware_revision.o
LOAD obj/main/NAZE/flight/gtune.o
LOAD obj/main/NAZE/flight/navigation.o
LOAD obj/main/NAZE/flight/gps_conversion.o
LOAD obj/main/NAZE/common/colorconversion.o
LOAD obj/main/NAZE/io/gps.o
LOAD obj/main/NAZE/io/ledstrip.o
LOAD obj/main/NAZE/io/display.o
LOAD obj/main/NAZE/telemetry/telemetry.o
LOAD obj/main/NAZE/telemetry/frsky.o
LOAD obj/main/NAZE/telemetry/hott.o
LOAD obj/main/NAZE/telemetry/smartport.o
LOAD obj/main/NAZE/telemetry/ltm.o
LOAD obj/main/NAZE/sensors/sonar.o
LOAD obj/main/NAZE/sensors/barometer.o
LOAD obj/main/NAZE/blackbox/blackbox.o
LOAD obj/main/NAZE/blackbox/blackbox_io.o
LOAD obj/main/NAZE/pif/source/core/pif.o
LOAD obj/main/NAZE/pif/source/communication/pif_i2c.o
LOAD obj/main/NAZE/pif/source/core/pif_obj_array.o
LOAD obj/main/NAZE/pif/source/core/pif_log.o
LOAD obj/main/NAZE/pif/source/core/pif_ring_buffer.o
LOAD obj/main/NAZE/pif/source/core/pif_task.o
LOAD obj/main/NAZE/pif/source/core/pif_timer.o
LOAD obj/main/NAZE/pif/source/sensor/pif_hc_sr04.o
LOAD obj/main/NAZE/pif/source/sensor/pif_hmc5883.o
LOAD obj/main/NAZE/pif/source/sensor/pif_imu_sensor.o
LOAD obj/main/NAZE/pif/source/sensor/pif_mpu30x0.o
LOAD obj/main/NAZE/pif/source/sensor/pif_mpu60x0.o
LOAD obj/main/NAZE/pif/source/sensor/pif_mpu6500.o
LOAD obj/main/NAZE/pif/source/sensor/pif_qmc5883.o
LOAD obj/main/NAZE/pif/source/sensor/pif_bmp280.o
LOAD obj/main/NAZE/build_config.o
LOAD obj/main/NAZE/debug.o
LOAD obj/main/NAZE/version.o
LOAD obj/main/NAZE/config/config.o
LOAD obj/main/NAZE/config/runtime_config.o
LOAD obj/main/NAZE/common/maths.o
LOAD obj/main/NAZE/common/printf.o
LOAD obj/main/NAZE/common/typeconversion.o
LOAD obj/main/NAZE/common/encoding.o
LOAD obj/main/NAZE/common/filter.o
LOAD obj/main/NAZE/scheduler.o
LOAD obj/main/NAZE/scheduler_tasks.o
LOAD obj/main/NAZE/main.o
LOAD obj/main/NAZE/mw.o
LOAD obj/main/NAZE/flight/altitudehold.o
LOAD obj/main/NAZE/flight/failsafe.o
LOAD obj/main/NAZE/flight/pid.o
LOAD obj/main/NAZE/flight/imu.o
LOAD obj/main/NAZE/flight/mixer.o
LOAD obj/main/NAZE/drivers/bus_i2c.o
LOAD obj/main/NAZE/drivers/bus_i2c_soft.o
LOAD obj/main/NAZE/drivers/sensor.o
LOAD obj/main/NAZE/drivers/serial.o
LOAD obj/main/NAZE/drivers/sound_beeper.o
LOAD obj/main/NAZE/drivers/system.o
LOAD obj/main/NAZE/drivers/dma.o
LOAD obj/main/NAZE/drivers/buf_writer.o
LOAD obj/main/NAZE/drivers/gyro_sync.o
LOAD obj/main/NAZE/io/beeper.o
LOAD obj/main/NAZE/io/rc_controls.o
LOAD obj/main/NAZE/io/rc_curves.o
LOAD obj/main/NAZE/io/serial.o
LOAD obj/main/NAZE/io/serial_1wire.o
LOAD obj/main/NAZE/io/serial_cli.o
LOAD obj/main/NAZE/io/serial_msp.o
LOAD obj/main/NAZE/io/statusindicator.o
LOAD obj/main/NAZE/rx/rx.o
LOAD obj/main/NAZE/rx/pwm.o
LOAD obj/main/NAZE/rx/msp.o
LOAD obj/main/NAZE/rx/sbus.o
LOAD obj/main/NAZE/rx/sumd.o
LOAD obj/main/NAZE/rx/sumh.o
LOAD obj/main/NAZE/rx/spektrum.o
LOAD obj/main/NAZE/rx/xbus.o
LOAD obj/main/NAZE/rx/ibus.o
LOAD obj/main/NAZE/sensors/acceleration.o
LOAD obj/main/NAZE/sensors/battery.o
LOAD obj/main/NAZE/sensors/compass.o
LOAD obj/main/NAZE/sensors/gyro.o
LOAD obj/main/NAZE/sensors/initialisation.o
LOAD obj/main/NAZE/sensors/sensors.o
LOAD obj/main/NAZE/core_cm3.o
LOAD obj/main/NAZE/system_stm32f10x.o
LOAD obj/main/NAZE/stm32f10x_dma.o
LOAD obj/main/NAZE/stm32f10x_dbgmcu.o
LOAD obj/main/NAZE/stm32f10x_dac.o
LOAD obj/main/NAZE/stm32f10x_rtc.o
LOAD obj/main/NAZE/stm32f10x_pwr.o
LOAD obj/main/NAZE/stm32f10x_i2c.o
LOAD obj/main/NAZE/stm32f10x_sdio.o
LOAD obj/main/NAZE/stm32f10x_rcc.o
LOAD obj/main/NAZE/stm32f10x_flash.o
LOAD obj/main/NAZE/stm32f10x_usart.o
LOAD obj/main/NAZE/stm32f10x_tim.o
LOAD obj/main/NAZE/stm32f10x_wwdg.o
LOAD obj/main/NAZE/misc.o
LOAD obj/main/NAZE/stm32f10x_iwdg.o
LOAD obj/main/NAZE/stm32f10x_adc.o
LOAD obj/main/NAZE/stm32f10x_spi.o
LOAD obj/main/NAZE/stm32f10x_bkp.o
LOAD obj/main/NAZE/stm32f10x_exti.o
LOAD obj/main/NAZE/stm32f10x_fsmc.o
LOAD obj/main/NAZE/stm32f10x_gpio.o
LOAD /usr/lib/gcc/arm-none-eabi/4.9.3/../../../arm-none-eabi/lib/armv7-m/libm.a
LOAD /usr/lib/gcc/arm-none-eabi/4.9.3/../../../arm-none-eabi/lib/armv7-m/libc_nano.a
LOAD /usr/lib/gcc/arm-none-eabi/4.9.3/../../../arm-none-eabi/lib/armv7-m/libnosys.a
START GROUP
LOAD /usr/lib/gcc/arm-none-eabi/4.9.3/armv7-m/libgcc.a
LOAD /usr/lib/gcc/arm-none-eabi/4.9.3/../../../arm-none-eabi/lib/armv7-m/libg_nano.a
LOAD /usr/lib/gcc/arm-none-eabi/4.9.3/../../../arm-none-eabi/lib/armv7-m/libc_nano.a
END GROUP
START GROUP
LOAD /usr/lib/gcc/arm-none-eabi/4.9.3/armv7-m/libgcc.a
LOAD /usr/lib/gcc/arm-none-eabi/4.9.3/../../../arm-none-eabi/lib/armv7-m/libc_nano.a
END GROUP
                0x20005000                _estack = (ORIGIN (RAM) + LENGTH (RAM))
                0x00000000                _Min_Heap_Size = 0x0
                0x00000400                _Min_Stack_Size = 0x400

.isr_vector     0x08000000      0x10c
                0x08000000                . = ALIGN (0x4)
                [!provide]                PROVIDE (isr_vector_table_base, .)
 *(.isr_vector)
 .isr_vector    0x08000000      0x10c obj/main/NAZE/startup_stm32f10x_md_gcc.o
                0x08000000                g_pfnVectors
                0x0800010c                . = ALIGN (0x4)

.text           0x08000110    0x1dac0
                0x08000110                . = ALIGN (0x4)
 *(.text)
 .text          0x08000110     0x224c /tmp/ccD9jzlS.ltrans0.ltrans.o
                0x08000110                init
 .text          0x0800235c     0x227c /tmp/ccD9jzlS.ltrans1.ltrans.o
                0x0800235c                taskMainPidLoop
 .text          0x080045d8     0x1fcc /tmp/ccD9jzlS.ltrans2.ltrans.o
                0x080045d8                taskHandleSerial
 .text          0x080065a4     0x1698 /tmp/ccD9jzlS.ltrans3.ltrans.o
                0x080065a4                taskUpdateRxMain
 .text          0x08007c3c      0xccc /tmp/ccD9jzlS.ltrans4.ltrans.o
                0x08007c3c                taskTelemetry
 .text          0x08008908      0xb00 /tmp/ccD9jzlS.ltrans5.ltrans.o
                0x08008908                mpu6500AccDetect
                0x08008944                mpu6050AccDetect
                0x080089e0                bmp280Detect
                0x08008ab4                mpu6500GyroDetect
                0x08008b58                mpu6050GyroDetect
                0x08008bfc                mpu3050Detect
                0x080093d8                i2cHandleHardwareFailure.lto_priv.608
                0x080093f8                I2C2_EV_IRQHandler
                0x080093fc                I2C2_ER_IRQHandler
                0x08009400                I2C1_EV_IRQHandler
                0x08009404                I2C1_ER_IRQHandler
 .text          0x08009408      0xaec /tmp/ccD9jzlS.ltrans6.ltrans.o
                0x08009428                pwmOverflowCallback.lto_priv.489
                0x08009450                ppmOverflowCallback.lto_priv.491
                0x08009490                pwmWriteStandard.lto_priv.486
                0x080094a0                pwmWriteBrushed.lto_priv.487
                0x080094c4                _actHcSr04Trigger.lto_priv.451
                0x080094dc                ppmEdgeCallback.lto_priv.490
                0x08009678                _evtHcSr04Distance.lto_priv.452
                0x08009758                applyChangedBits
                0x08009782                serialICConfig.lto_priv.596
                0x080098b6                pwmICConfig
                0x080098f0                pwmEdgeCallback.lto_priv.488
                0x08009948                pwmWriteServo
                0x08009960                EXTI9_5_IRQHandler
                0x08009962                EXTI1_IRQHandler
                0x08009964                EXTI0_IRQHandler
                0x08009966                gpioExtiLineConfig
                0x08009990                gpioInit
                0x080099f4                openSoftSerial
                0x08009b8c                pwmOutConfig.lto_priv.524
                0x08009e40                m25p16_isReady
                0x08009e88                m25p16_waitForReady
                0x08009ea8                m25p16_readBytes
 .text          0x08009ef4      0xd3c /tmp/ccD9jzlS.ltrans7.ltrans.o
                0x08009ef4                _doTask.lto_priv.453
                0x08009f3c                _doTask.lto_priv.428
                0x08009f60                pifMpu6500_ReadAccel
                0x08009fca                pifMpu6500_ReadGyro
                0x0800a034                pifMpu60x0_ReadAccel
                0x0800a09e                pifMpu60x0_ReadGyro
                0x0800a108                pifMpu30x0_ReadGyro
                0x0800a16c                pifQmc5883_ReadMag
                0x0800a1c8                pifHmc5883_ReadMag
                0x0800a256                activateControlRateConfig
                0x0800a29c                isEEPROMContentValid.lto_priv.525
                0x0800a2e0                resetConf.lto_priv.236
                0x0800a744                _changeGain.isra.0.lto_priv.227
                0x0800a798                pifTaskManager_Yield
                0x0800a934                pifTaskManager_Remove
                0x0800a978                pifTaskManager_Add
                0x0800aa18                pifTask_SetTrigger
                0x0800aa34                _doTask.lto_priv.610
 .text          0x0800ac30      0xea0 /tmp/ccD9jzlS.ltrans8.ltrans.o
                0x0800ac30                taskSystem
                0x0800ad10                putcp.lto_priv.223
                0x0800ad6e                _putc.lto_priv.498
                0x0800ad7c                createTask.part.1.lto_priv.431
                0x0800ada8                applyBiQuadFilter
                0x0800ae0e                BiQuadNewLpf
                0x0800aee0                fastA2F
                0x0800b00c                ftoa
                0x0800b0d8                _i2a.lto_priv.228
                0x0800b100                tfp_format
                0x0800b2d6                applyDeadband
                0x0800b2f4                acosf
                0x0800b36c                atan2f
                0x0800b470                sinf
                0x0800b558                cosf
                0x0800b56c                disableFlightMode
                0x0800b58c                enableFlightMode
                0x0800b5ac                featureClear
                0x0800b5bc                handleOneshotFeatureChangeOnRestart
                0x0800b610                writeEEPROM
                0x0800b75c                readEEPROM
                0x0800babc                saveConfigAndNotify
 .text          0x0800bad0      0xa78 /tmp/ccD9jzlS.ltrans9.ltrans.o
                0x0800bdd4                _processingTask.lto_priv.429
                0x0800be78                _setParam.lto_priv.434
                0x0800bf84                _checkParam.lto_priv.432
                0x0800bfd4                _resetTable.lto_priv.433
                0x0800c000                pifLog_Printf
                0x0800c30c                _checkLoopTime.lto_priv.430
                0x0800c390                pifObjArray_Remove
                0x0800c3d2                pifObjArray_Add
                0x0800c3fe                pifObjArray_Clear
                0x0800c42e                pifI2cDevice_WriteRegByte
                0x0800c442                pifI2cDevice_ReadRegBit8
                0x0800c46e                pifI2cDevice_ReadRegBytes
                0x0800c472                pifI2cDevice_ReadRegByte
                0x0800c478                pifI2cPort_RemoveDevice
                0x0800c480                pif_Delay1ms
                0x0800c498                blackboxDeviceReserveBufferSpace
                0x0800c4f8                isBlackboxDeviceFull
                0x0800c524                blackboxDeviceFlushForce
 .text          0x0800c548      0xdc0 /tmp/ccD9jzlS.ltrans10.ltrans.o
                0x0800c560                padHalfLineBuffer
                0x0800c588                padLineBuffer
                0x0800c5ac                gpsNewFrame
                0x0800cb54                gpsSetState.lto_priv.309
                0x0800cb70                GPS_distance_cm_bearing.isra.3.lto_priv.592
                0x0800cbf4                gpsNewData.part.2.lto_priv.257
 .text          0x0800d308      0xc14 /tmp/ccD9jzlS.ltrans11.ltrans.o
                0x0800d308                dmaNoOpHandler
                0x0800d360                cliAux.lto_priv.241
                0x0800d450                cliShowParseError.lto_priv.237
                0x0800d45c                cliMotorMix.lto_priv.244
                0x0800d65c                cliAdjustmentRange.lto_priv.240
                0x0800d7bc                cliRxFail.lto_priv.249
                0x0800d8ec                waitForSerialPortToFinishTransmitting
                0x0800d902                serialRemovePort
                0x0800d934                closeSerialPort
                0x0800d95c                openSerialPort
                0x0800d9fc                serialFindPortConfiguration
                0x0800da24                cliSerial.lto_priv.251
                0x0800db68                doesConfigurationUsePort
                0x0800db7e                determinePortSharing
                0x0800db92                findNextSerialPortConfig
                0x0800dbc4                findSerialPortConfig
                0x0800dbd0                generateThrottleCurve
                0x0800dc60                generatePitchRollCurve
                0x0800dc94                isRangeActive.part.3.lto_priv.345
                0x0800dcdc                isModeActivationConditionPresent
                0x0800dcfe                calculateThrottleStatus
                0x0800dd34                blackboxLogInflightAdjustmentEvent
                0x0800dd5c                beeperSilence
                0x0800dd84                beeper
                0x0800ddc8                beeperConfirmationBeeps
                0x0800ddf8                bufWriterFlush
                0x0800de10                cliPrompt.lto_priv.388
                0x0800de2c                bufWriterAppend
                0x0800de48                DMA1_Channel7_IRQHandler
                0x0800de58                DMA1_Channel6_IRQHandler
                0x0800de68                DMA1_Channel3_IRQHandler
                0x0800de78                DMA1_Channel2_IRQHandler
                0x0800de88                failureMode
 .text          0x0800df1c      0xcc0 /tmp/ccD9jzlS.ltrans12.ltrans.o
                0x0800df44                ibusReadRawRC.lto_priv.471
                0x0800df50                xBusReadRawRC.lto_priv.469
                0x0800e010                spektrumReadRawRC.lto_priv.224
                0x0800e03c                sumhReadRawRC.lto_priv.462
                0x0800e054                sumdReadRawRC.lto_priv.460
                0x0800e068                sbusReadRawRC.lto_priv.458
                0x0800e098                rxMspReadRawRC.lto_priv.473
                0x0800e0a8                ppmReadRawRC.lto_priv.475
                0x0800e0b8                pwmReadRawRC.lto_priv.474
                0x0800e0c8                nullReadRawRC.lto_priv.226
                0x0800e0cc                ibusDataReceive.lto_priv.472
                0x0800e118                xBusDataReceive.lto_priv.470
                0x0800e1f4                spektrumDataReceive.lto_priv.225
                0x0800e244                sumhDataReceive.lto_priv.463
                0x0800e290                sumdDataReceive.lto_priv.461
                0x0800e33c                sbusDataReceive.lto_priv.459
                0x0800e394                TIM_ICInit
                0x0800e5bc                FLASH_WaitForLastOperation
                0x0800e5de                RCC_GetClocksFreq
                0x0800e670                DMA_Init
                0x0800e6ac                DMA_DeInit
                0x0800e79c                SystemInit
                0x0800e7e8                calculateBatteryCapacityRemainingPercentage
                0x0800e830                batteryAdcToVoltage
                0x0800e85c                updateBatteryVoltage.lto_priv.352
                0x0800e894                getRxfailValue.lto_priv.347
                0x0800e8f4                resumeRxSignal
                0x0800e91c                suspendRxSignal
                0x0800e948                warningLedRefresh
                0x0800e990                packFlightModeFlags.lto_priv.387
                0x0800eac0                mspReleasePortIfAllocated
                0x0800eb00                tailSerialReply.lto_priv.380
                0x0800eb24                headSerialResponse.lto_priv.229
                0x0800eb74                headSerialReply.lto_priv.381
                0x0800eb7a                read8.lto_priv.382
                0x0800eb90                read16.lto_priv.383
                0x0800eba4                read32.lto_priv.384
                0x0800ebb6                serialize16.lto_priv.385
                0x0800ebca                serialize32.lto_priv.386
 .text          0x0800ebdc      0xaa0 /tmp/ccD9jzlS.ltrans13.ltrans.o
                0x0800ee68                evtBaroRead
                0x0800eed4                blackboxAdvanceIterationTimers.lto_priv.408
                0x0800ef10                blackboxLogEvent
                0x0800efc4                blackboxLogIteration.lto_priv.409
                0x0800f520                sendFieldDefinition.lto_priv.410
 .text          0x0800f67c      0x41c /tmp/ccD9jzlS.ltrans14.ltrans.o
                0x0800f67c                mwArm
                0x0800fa14                mwDisarm
                0x0800fa7c                HardFault_Handler
 .text          0x0800fa98      0xc54 /tmp/ccD9jzlS.ltrans15.ltrans.o
                0x0800fa98                micros
                0x0800fad0                beepInverted.lto_priv.494
                0x0800fae4                beepNormal.lto_priv.495
                0x0800faf8                actI2cRead
                0x0800fb08                actI2cWrite
                0x08010170                delayMicroseconds
                0x08010186                delay
                0x0801019a                SysTick_Handler
                0x0801032c                EXTI15_10_IRQHandler
                0x0801034c                registerExtiCallbackHandler
                0x08010380                systemBeep
                0x0801038c                serialSetMode
                0x08010392                isSerialTransmitBufferEmpty
                0x08010398                serialSetBaudRate
                0x0801039e                serialRead
                0x080103a4                serialRxBytesWaiting
                0x080103aa                serialWrite
                0x080103b0                serialWriteBufShim
                0x080103ec                writeMotors
                0x08010490                stopMotors
                0x080104d8                mixerResetDisarmedMotors
                0x08010510                loadCustomServoMixer
                0x08010560                determineServoMiddleOrForwardFromChannel
                0x08010594                imuComputeRotationMatrix.lto_priv.413
                0x080106c8                pidSetController
 .text          0x080106ec      0x708 /tmp/ccD9jzlS.ltrans16.ltrans.o
                0x08010776                isSoftSerialTransmitBufferEmpty
                0x08010782                softSerialSetMode
                0x08010786                softSerialWriteByte
                0x080107a4                softSerialTxBytesFree
                0x080107c6                softSerialRxBytesWaiting
                0x080107e4                softSerialReadByte
                0x08010940                softSerialSetBaudRate
                0x08010950                onSerialRxPinChange
                0x080109ee                usartIrqCallback
                0x08010a52                uartStartTxDMA
                0x08010ab4                uartOpen
 .text          0x08010df4      0xaa8 /tmp/ccD9jzlS.ltrans17.ltrans.o
                0x08010df4                NVIC_Init.part.0.constprop.222
                0x08010e30                EXTI_Init.part.0.constprop.217
                0x08010e84                _alignSensors.constprop.213
                0x08010fbc                pifI2cDevice_Read.constprop.206
                0x08011094                pifI2cDevice_Write.constprop.204
                0x0801115c                pifI2cPort_AddDevice.constprop.202
                0x0801117c                spiTransferByte.constprop.156
                0x0801119c                spiTransfer.constprop.155
                0x080111dc                pifImuSensor_ReadRawMag.part.4.constprop.151
                0x08011224                pifHmc5883_SetGain.constprop.148
                0x08011290                GPS_coord_to_degrees.constprop.115
                0x08011350                grab_fields.constprop.114
                0x0801139c                tfp_sprintf.constprop.110
                0x080113cc                drawRxChannel.constprop.109
                0x08011418                pifTask_GetDeltaTime.constprop.87
                0x08011440                blackboxWriteSigned16VBArray.constprop.86
                0x08011460                blackboxWriteSignedVBArray.constprop.85
                0x0801147a                mspAllocateSerialPorts.constprop.83
                0x080114f4                pifObjArray_Init.part.0.constprop.80
                0x0801154c                resetSerialConfig.constprop.64
                0x080115a8                parseRcChannels.constprop.54
                0x080115e4                itoa.constprop.50
                0x08011606                spektrumInit.constprop.35
                0x08011688                initI2cDevice.constprop.26
                0x080116ec                findNextSharedSerialPort.constprop.18
                0x08011750                setAdjustment.constprop.16
                0x080117dc                headSerialError.constprop.10
                0x080117e4                GPIO_Init
                0x08011880                EXTI_GetITStatus
 .text          0x0801189c      0xc94 /tmp/ccD9jzlS.ltrans18.ltrans.o
                0x0801189c                cliHelp.lto_priv.374
                0x080118e0                cliMixer.lto_priv.376
                0x08011984                cliMap.lto_priv.375
                0x08011a28                cliGpsPassthrough.lto_priv.373
                0x08011ae0                cliFeature.lto_priv.370
                0x08011bd8                cliExit.lto_priv.369
                0x08011c54                cliFlashErase.lto_priv.371
                0x08011c80                cliFlashInfo.lto_priv.372
                0x08011cb8                cliServo.lto_priv.378
                0x08011dfc                cliRxRange.lto_priv.377
                0x08011ee8                cliDump.lto_priv.368
                0x08012218                cliServoMix.lto_priv.379
 .text          0x08012530      0x988 /tmp/ccD9jzlS.ltrans19.ltrans.o
                0x080125f4                wrap_18000.lto_priv.412
                0x08012618                GPS_set_next_wp
                0x080126a4                gpsUsePIDs
                0x08012744                GPS_reset_home_position
                0x08012798                calculate_Gtune
                0x08012954                flashfsAdvanceTailInBuffer.lto_priv.547
                0x08012984                flashfsGetDirtyDataBuffers.lto_priv.545
                0x080129bc                flashfsGetOffset
                0x080129dc                flashfsWriteBuffers.lto_priv.546
                0x08012b30                flashfsFlushSync
                0x08012b68                flashfsFlushAsync
                0x08012bac                flashfsTransmitBufferUsed.lto_priv.411
                0x08012bcc                flashfsEraseCompletely
                0x08012c1c                TIM4_IRQHandler
                0x08012c2c                TIM3_IRQHandler
                0x08012c3c                TIM2_IRQHandler
                0x08012c48                TIM1_UP_IRQHandler
                0x08012c58                TIM1_CC_IRQHandler
                0x08012c68                configTimeBase
                0x08012d10                timerConfigure
                0x08012d64                lookupTimerIndex.lto_priv.283
                0x08012da0                timerChConfigCallbacks
                0x08012e58                USART3_IRQHandler
                0x08012e64                USART2_IRQHandler
                0x08012e70                USART1_IRQHandler
                0x08012e7c                DMA1_Channel4_IRQHandler
 .text          0x08012eb8      0x5d4 /tmp/ccD9jzlS.ltrans20.ltrans.o
                0x08012eb8                i2cInit
                0x080130c8                i2c_ev_handler.lto_priv.617
                0x0801330c                i2c_er_handler.lto_priv.618
                0x08013394                i2cRead
                0x08013410                i2cWriteBuffer
 .text          0x0801348c      0x904 /tmp/ccD9jzlS.ltrans21.ltrans.o
                0x08013618                qmc5883lDetect
                0x08013710                hmc5883lDetect
                0x08013bf8                i2c_OLED_send_byte.lto_priv.572
                0x08013c10                i2c_OLED_send_char
                0x08013c44                i2c_OLED_send_string
                0x08013c56                i2c_OLED_send_cmd.lto_priv.523
                0x08013c6e                ug2864hsweg01InitI2C.part.0.lto_priv.522
                0x08013d4c                i2c_OLED_set_line
                0x08013d64                i2c_OLED_set_xy
 .text          0x08013d90      0x908 /tmp/ccD9jzlS.ltrans22.ltrans.o
 .text          0x08014698      0x780 /tmp/ccD9jzlS.ltrans23.ltrans.o
                0x08014698                drawHorizonalPercentageBar
                0x080146ea                updateDisplay
 .text          0x08014e18      0x7a0 /tmp/ccD9jzlS.ltrans24.ltrans.o
                0x08014e1c                serialize8.lto_priv.233
                0x08014e40                cliWrite.lto_priv.259
                0x08014e50                cliPrintf.lto_priv.256
                0x08014e78                cliVersion.lto_priv.254
                0x08014eac                cliPrintVar.lto_priv.260
                0x08014f98                cliRateProfile.lto_priv.248
                0x08014fdc                cliProfile.lto_priv.247
                0x08015018                cliPlaySound.lto_priv.246
                0x080150b8                cliMotor.lto_priv.245
                0x08015160                cliPrint.lto_priv.255
                0x0801517c                cliStatus.lto_priv.253
                0x080152f0                cliGet.lto_priv.243
                0x08015348                cliSet.lto_priv.252
                0x0801554c                cliReboot.lto_priv.258
                0x08015584                cliDefaults.lto_priv.242
                0x080155a0                cliSave.lto_priv.250
 .text          0x080155b8      0x5bc /tmp/ccD9jzlS.ltrans25.ltrans.o
                0x080156ac                recalculateBarometerTotal.lto_priv.308
                0x08015720                sonarRead
                0x080157b4                ltm_finalise.lto_priv.298
                0x080157cc                ltm_serialise_8.lto_priv.299
                0x080157f0                ltm_serialise_32.lto_priv.300
                0x08015812                ltm_serialise_16.lto_priv.302
                0x08015824                ltm_initialise_packet.lto_priv.301
                0x08015858                smartPortSendPackage.lto_priv.297
                0x080158c0                workAroundForHottTelemetryOnUsart.isra.0.lto_priv.296
                0x080158ec                flushHottRxBuffer.lto_priv.295
                0x08015908                serialize16.lto_priv.292
                0x0801591c                sendTelemetryTail.lto_priv.291
                0x0801592c                sendDataHead.lto_priv.293
                0x0801594c                sendLatLong.lto_priv.294
                0x080159c4                telemetryCheckState
 .text          0x08015b74      0x290 /tmp/ccD9jzlS.ltrans26.ltrans.o
                0x08015b74                blackboxPrint
                0x08015c48                blackboxPrintf
                0x08015c6c                blackboxWrite
                0x08015cbc                blackboxWriteTag2_3S32
                0x08015dda                blackboxWriteUnsignedVB
                0x08015df8                blackboxWriteSignedVB
 .text          0x08015e04      0x338 /tmp/ccD9jzlS.ltrans27.ltrans.o
                0x08015e04                taskUpdateBattery
                0x0801600c                taskUpdateBeeper
 *fill*         0x0801613c        0x4 
 .text          0x08016140      0x5b4 /tmp/ccD9jzlS.ltrans28.ltrans.o
                0x08016140                filterIsSetCheck
                0x08016180                scaleItermToRcInput
                0x08016260                pidLuxFloat.lto_priv.282
                0x0801669c                pidResetErrorAngle
                0x080166b8                failsafeActivate.lto_priv.346
 .text          0x080166f4      0x1e4 /tmp/ccD9jzlS.ltrans29.ltrans.o
                0x080166f4                taskUpdateAccelerometer
 .text          0x080168d8      0x370 /usr/lib/gcc/arm-none-eabi/4.9.3/armv7-m/libgcc.a(_arm_addsubdf3.o)
                0x080168d8                __aeabi_drsub
                0x080168e0                __aeabi_dsub
                0x080168e0                __subdf3
                0x080168e4                __adddf3
                0x080168e4                __aeabi_dadd
                0x08016b5c                __aeabi_ui2d
                0x08016b5c                __floatunsidf
                0x08016b7c                __floatsidf
                0x08016b7c                __aeabi_i2d
                0x08016ba0                __extendsfdf2
                0x08016ba0                __aeabi_f2d
                0x08016bdc                __aeabi_ul2d
                0x08016bdc                __floatundidf
                0x08016bec                __floatdidf
                0x08016bec                __aeabi_l2d
 .text          0x08016c48      0x424 /usr/lib/gcc/arm-none-eabi/4.9.3/armv7-m/libgcc.a(_arm_muldivdf3.o)
                0x08016c48                __aeabi_dmul
                0x08016c48                __muldf3
                0x08016e9c                __aeabi_ddiv
                0x08016e9c                __divdf3
 .text          0x0801706c      0x110 /usr/lib/gcc/arm-none-eabi/4.9.3/armv7-m/libgcc.a(_arm_cmpdf2.o)
                0x0801706c                __gtdf2
                0x0801706c                __gedf2
                0x08017074                __ltdf2
                0x08017074                __ledf2
                0x0801707c                __cmpdf2
                0x0801707c                __eqdf2
                0x0801707c                __nedf2
                0x080170f8                __aeabi_cdrcmple
                0x08017108                __aeabi_cdcmple
                0x08017108                __aeabi_cdcmpeq
                0x08017118                __aeabi_dcmpeq
                0x0801712c                __aeabi_dcmplt
                0x08017140                __aeabi_dcmple
                0x08017154                __aeabi_dcmpge
                0x08017168                __aeabi_dcmpgt
 .text          0x0801717c       0x40 /usr/lib/gcc/arm-none-eabi/4.9.3/armv7-m/libgcc.a(_arm_fixunsdfsi.o)
                0x0801717c                __fixunsdfsi
                0x0801717c                __aeabi_d2uiz
 .text          0x080171bc       0xa0 /usr/lib/gcc/arm-none-eabi/4.9.3/armv7-m/libgcc.a(_arm_truncdfsf2.o)
                0x080171bc                __aeabi_d2f
                0x080171bc                __truncdfsf2
 .text          0x0801725c      0x21c /usr/lib/gcc/arm-none-eabi/4.9.3/armv7-m/libgcc.a(_arm_addsubsf3.o)
                0x0801725c                __aeabi_frsub
                0x08017264                __subsf3
                0x08017264                __aeabi_fsub
                0x08017268                __aeabi_fadd
                0x08017268                __addsf3
                0x080173c8                __aeabi_ui2f
                0x080173c8                __floatunsisf
                0x080173d0                __aeabi_i2f
                0x080173d0                __floatsisf
                0x080173ec                __floatundisf
                0x080173ec                __aeabi_ul2f
                0x080173fc                __floatdisf
                0x080173fc                __aeabi_l2f
 .text          0x08017478      0x2a0 /usr/lib/gcc/arm-none-eabi/4.9.3/armv7-m/libgcc.a(_arm_muldivsf3.o)
                0x08017478                __mulsf3
                0x08017478                __aeabi_fmul
                0x080175e0                __divsf3
                0x080175e0                __aeabi_fdiv
 .text          0x08017718       0xec /usr/lib/gcc/arm-none-eabi/4.9.3/armv7-m/libgcc.a(_arm_cmpsf2.o)
                0x08017718                __gtsf2
                0x08017718                __gesf2
                0x08017720                __lesf2
                0x08017720                __ltsf2
                0x08017728                __nesf2
                0x08017728                __eqsf2
                0x08017728                __cmpsf2
                0x08017788                __aeabi_cfrcmple
                0x08017790                __aeabi_cfcmple
                0x08017790                __aeabi_cfcmpeq
                0x080177a0                __aeabi_fcmpeq
                0x080177b4                __aeabi_fcmplt
                0x080177c8                __aeabi_fcmple
                0x080177dc                __aeabi_fcmpge
                0x080177f0                __aeabi_fcmpgt
 .text          0x08017804       0x4c /usr/lib/gcc/arm-none-eabi/4.9.3/armv7-m/libgcc.a(_arm_fixsfsi.o)
                0x08017804                __fixsfsi
                0x08017804                __aeabi_f2iz
 .text          0x08017850       0x40 /usr/lib/gcc/arm-none-eabi/4.9.3/armv7-m/libgcc.a(_arm_fixunssfsi.o)
                0x08017850                __aeabi_f2uiz
                0x08017850                __fixunssfsi
 .text          0x08017890       0x38 /usr/lib/gcc/arm-none-eabi/4.9.3/armv7-m/libgcc.a(_aeabi_ldivmod.o)
                0x08017890                __aeabi_ldivmod
 .text          0x080178c8       0x60 /usr/lib/gcc/arm-none-eabi/4.9.3/armv7-m/libgcc.a(bpabi.o)
                0x080178c8                __gnu_ldivmod_helper
                0x080178f8                __gnu_uldivmod_helper
 .text          0x08017928        0x4 /usr/lib/gcc/arm-none-eabi/4.9.3/armv7-m/libgcc.a(_dvmd_tls.o)
                0x08017928                __aeabi_ldiv0
                0x08017928                __aeabi_idiv0
 .text          0x0801792c      0x2ac /usr/lib/gcc/arm-none-eabi/4.9.3/armv7-m/libgcc.a(_divdi3.o)
                0x0801792c                __divdi3
 .text          0x08017bd8      0x270 /usr/lib/gcc/arm-none-eabi/4.9.3/armv7-m/libgcc.a(_udivdi3.o)
                0x08017bd8                __udivdi3
 *(.text*)
 .text.Reset_Handler
                0x08017e48       0x9c obj/main/NAZE/startup_stm32f10x_md_gcc.o
                0x08017e48                Reset_Handler
 .text.Default_Handler
                0x08017ee4        0x2 obj/main/NAZE/startup_stm32f10x_md_gcc.o
                0x08017ee4                EXTI2_IRQHandler
                0x08017ee4                DebugMon_Handler
                0x08017ee4                PVD_IRQHandler
                0x08017ee4                PendSV_Handler
                0x08017ee4                NMI_Handler
                0x08017ee4                EXTI3_IRQHandler
                0x08017ee4                UsageFault_Handler
                0x08017ee4                ADC1_2_IRQHandler
                0x08017ee4                SPI1_IRQHandler
                0x08017ee4                TAMPER_IRQHandler
                0x08017ee4                RTC_IRQHandler
                0x08017ee4                CAN1_RX1_IRQHandler
                0x08017ee4                RCC_IRQHandler
                0x08017ee4                TIM1_TRG_COM_IRQHandler
                0x08017ee4                DMA1_Channel1_IRQHandler
                0x08017ee4                Default_Handler
                0x08017ee4                SPI2_IRQHandler
                0x08017ee4                MemManage_Handler
                0x08017ee4                SVC_Handler
                0x08017ee4                DMA1_Channel5_IRQHandler
                0x08017ee4                EXTI4_IRQHandler
                0x08017ee4                USB_LP_CAN1_RX0_IRQHandler
                0x08017ee4                USB_HP_CAN1_TX_IRQHandler
                0x08017ee4                WWDG_IRQHandler
                0x08017ee4                TIM1_BRK_IRQHandler
                0x08017ee4                RTCAlarm_IRQHandler
                0x08017ee4                CAN1_SCE_IRQHandler
                0x08017ee4                FLASH_IRQHandler
                0x08017ee4                BusFault_Handler
                0x08017ee4                USBWakeUp_IRQHandler
 *fill*         0x08017ee6        0x2 
 .text.startup  0x08017ee8      0x3e4 /tmp/ccD9jzlS.ltrans14.ltrans.o
                0x08017ee8                main
 .text.unlikely
                0x080182cc       0x50 /tmp/ccD9jzlS.ltrans26.ltrans.o
                0x080182cc                blackboxPrintfHeaderLine
 .text.atoi     0x0801831c        0x8 /usr/lib/gcc/arm-none-eabi/4.9.3/../../../arm-none-eabi/lib/armv7-m/libc_nano.a(lib_a-atoi.o)
                0x0801831c                atoi
 .text.strtok   0x08018324       0x64 /usr/lib/gcc/arm-none-eabi/4.9.3/../../../arm-none-eabi/lib/armv7-m/libc_nano.a(lib_a-strtok.o)
                0x08018324                strtok
 .text.__strtok_r
                0x08018388       0x56 /usr/lib/gcc/arm-none-eabi/4.9.3/../../../arm-none-eabi/lib/armv7-m/libc_nano.a(lib_a-strtok_r.o)
                0x08018388                __strtok_r
 .text.strtok_r
                0x080183de        0x6 /usr/lib/gcc/arm-none-eabi/4.9.3/../../../arm-none-eabi/lib/armv7-m/libc_nano.a(lib_a-strtok_r.o)
                0x080183de                strtok_r
 .text._strtol_r
                0x080183e4      0x10c /usr/lib/gcc/arm-none-eabi/4.9.3/../../../arm-none-eabi/lib/armv7-m/libc_nano.a(lib_a-strtol.o)
                0x080183e4                _strtol_r
 .text.strtol   0x080184f0       0x1c /usr/lib/gcc/arm-none-eabi/4.9.3/../../../arm-none-eabi/lib/armv7-m/libc_nano.a(lib_a-strtol.o)
                0x080184f0                strtol
 .text.malloc   0x0801850c       0x10 /usr/lib/gcc/arm-none-eabi/4.9.3/../../../arm-none-eabi/lib/armv7-m/libc_nano.a(lib_a-malloc.o)
                0x0801850c                malloc
 .text.free     0x0801851c       0x10 /usr/lib/gcc/arm-none-eabi/4.9.3/../../../arm-none-eabi/lib/armv7-m/libc_nano.a(lib_a-malloc.o)
                0x0801851c                free
 .text._free_r  0x0801852c       0x88 /usr/lib/gcc/arm-none-eabi/4.9.3/../../../arm-none-eabi/lib/armv7-m/libc_nano.a(lib_a-nano-freer.o)
                0x0801852c                _free_r
 .text._malloc_r
                0x080185b4       0xac /usr/lib/gcc/arm-none-eabi/4.9.3/../../../arm-none-eabi/lib/armv7-m/libc_nano.a(lib_a-nano-mallocr.o)
                0x080185b4                _malloc_r
 .text._sbrk_r  0x08018660       0x20 /usr/lib/gcc/arm-none-eabi/4.9.3/../../../arm-none-eabi/lib/armv7-m/libc_nano.a(lib_a-sbrkr.o)
                0x08018660                _sbrk_r
 .text._sbrk    0x08018680       0x1c /usr/lib/gcc/arm-none-eabi/4.9.3/../../../arm-none-eabi/lib/armv7-m/libnosys.a(sbrk.o)
                0x08018680                _sbrk
 .text.lrintf   0x0801869c       0x78 /usr/lib/gcc/arm-none-eabi/4.9.3/../../../arm-none-eabi/lib/armv7-m/libm.a(lib_a-sf_lrint.o)
                0x0801869c                lrintf
 .text.powf     0x08018714      0x314 /usr/lib/gcc/arm-none-eabi/4.9.3/../../../arm-none-eabi/lib/armv7-m/libm.a(lib_a-wf_pow.o)
                0x08018714                powf
 .text.sqrtf    0x08018a28       0x9c /usr/lib/gcc/arm-none-eabi/4.9.3/../../../arm-none-eabi/lib/armv7-m/libm.a(lib_a-wf_sqrt.o)
                0x08018a28                sqrtf
 .text.__ieee754_powf
                0x08018ac4      0x6ec /usr/lib/gcc/arm-none-eabi/4.9.3/../../../arm-none-eabi/lib/armv7-m/libm.a(lib_a-ef_pow.o)
                0x08018ac4                __ieee754_powf
 .text.__ieee754_sqrtf
                0x080191b0       0xa8 /usr/lib/gcc/arm-none-eabi/4.9.3/../../../arm-none-eabi/lib/armv7-m/libm.a(lib_a-ef_sqrt.o)
                0x080191b0                __ieee754_sqrtf
 .text.matherr  0x08019258        0x4 /usr/lib/gcc/arm-none-eabi/4.9.3/../../../arm-none-eabi/lib/armv7-m/libm.a(lib_a-s_matherr.o)
                0x08019258                matherr
 .text.rint     0x0801925c      0x11c /usr/lib/gcc/arm-none-eabi/4.9.3/../../../arm-none-eabi/lib/armv7-m/libm.a(lib_a-s_rint.o)
                0x0801925c                rint
 .text.fabsf    0x08019378        0x8 /usr/lib/gcc/arm-none-eabi/4.9.3/../../../arm-none-eabi/lib/armv7-m/libm.a(lib_a-sf_fabs.o)
                0x08019378                fabsf
 .text.finitef  0x08019380       0x10 /usr/lib/gcc/arm-none-eabi/4.9.3/../../../arm-none-eabi/lib/armv7-m/libm.a(lib_a-sf_finite.o)
                0x08019380                finitef
 .text.__fpclassifyf
                0x08019390       0x34 /usr/lib/gcc/arm-none-eabi/4.9.3/../../../arm-none-eabi/lib/armv7-m/libm.a(lib_a-sf_fpclassify.o)
                0x08019390                __fpclassifyf
 .text.nanf     0x080193c4        0x8 /usr/lib/gcc/arm-none-eabi/4.9.3/../../../arm-none-eabi/lib/armv7-m/libm.a(lib_a-sf_nan.o)
                0x080193c4                nanf
 .text.scalbnf  0x080193cc       0xb0 /usr/lib/gcc/arm-none-eabi/4.9.3/../../../arm-none-eabi/lib/armv7-m/libm.a(lib_a-sf_scalbn.o)
                0x080193cc                scalbnf
 .text.copysignf
                0x0801947c        0xc /usr/lib/gcc/arm-none-eabi/4.9.3/../../../arm-none-eabi/lib/armv7-m/libm.a(lib_a-sf_copysign.o)
                0x0801947c                copysignf
 .text.calloc   0x08019488       0x14 /usr/lib/gcc/arm-none-eabi/4.9.3/../../../arm-none-eabi/lib/armv7-m/libc_nano.a(lib_a-calloc.o)
                0x08019488                calloc
 .text.__errno  0x0801949c        0xc /usr/lib/gcc/arm-none-eabi/4.9.3/../../../arm-none-eabi/lib/armv7-m/libc_nano.a(lib_a-errno.o)
                0x0801949c                __errno
 .text.memcmp   0x080194a8       0x20 /usr/lib/gcc/arm-none-eabi/4.9.3/../../../arm-none-eabi/lib/armv7-m/libc_nano.a(lib_a-memcmp.o)
                0x080194a8                memcmp
 .text.memcpy   0x080194c8       0x16 /usr/lib/gcc/arm-none-eabi/4.9.3/../../../arm-none-eabi/lib/armv7-m/libc_nano.a(lib_a-memcpy.o)
                0x080194c8                memcpy
 .text.memset   0x080194de       0x10 /usr/lib/gcc/arm-none-eabi/4.9.3/../../../arm-none-eabi/lib/armv7-m/libc_nano.a(lib_a-memset.o)
                0x080194de                memset
 .text._calloc_r
                0x080194ee       0x1c /usr/lib/gcc/arm-none-eabi/4.9.3/../../../arm-none-eabi/lib/armv7-m/libc_nano.a(lib_a-nano-callocr.o)
                0x080194ee                _calloc_r
 *fill*         0x0801950a        0x2 
 .text.strcasecmp
                0x0801950c       0x3c /usr/lib/gcc/arm-none-eabi/4.9.3/../../../arm-none-eabi/lib/armv7-m/libc_nano.a(lib_a-strcasecmp.o)
                0x0801950c                strcasecmp
 .text.strcat   0x08019548       0x1e /usr/lib/gcc/arm-none-eabi/4.9.3/../../../arm-none-eabi/lib/armv7-m/libc_nano.a(lib_a-strcat.o)
                0x08019548                strcat
 .text.strchr   0x08019566       0x1c /usr/lib/gcc/arm-none-eabi/4.9.3/../../../arm-none-eabi/lib/armv7-m/libc_nano.a(lib_a-strchr.o)
                0x08019566                strchr
 .text.strcpy   0x08019582       0x10 /usr/lib/gcc/arm-none-eabi/4.9.3/../../../arm-none-eabi/lib/armv7-m/libc_nano.a(lib_a-strcpy.o)
                0x08019582                strcpy
 .text.strlen   0x08019592       0x10 /usr/lib/gcc/arm-none-eabi/4.9.3/../../../arm-none-eabi/lib/armv7-m/libc_nano.a(lib_a-strlen.o)
                0x08019592                strlen
 *fill*         0x080195a2        0x2 
 .text.strncasecmp
                0x080195a4       0x44 /usr/lib/gcc/arm-none-eabi/4.9.3/../../../arm-none-eabi/lib/armv7-m/libc_nano.a(lib_a-strncasecmp.o)
                0x080195a4                strncasecmp
 .text.strncpy  0x080195e8       0x24 /usr/lib/gcc/arm-none-eabi/4.9.3/../../../arm-none-eabi/lib/armv7-m/libc_nano.a(lib_a-strncpy.o)
                0x080195e8                strncpy
 .text.strstr   0x0801960c       0x30 /usr/lib/gcc/arm-none-eabi/4.9.3/../../../arm-none-eabi/lib/armv7-m/libc_nano.a(lib_a-strstr.o)
                0x0801960c                strstr
 *(.rodata)
 .rodata        0x0801963c      0x188 /tmp/ccD9jzlS.ltrans0.ltrans.o
 .rodata        0x080197c4      0x2b4 /tmp/ccD9jzlS.ltrans1.ltrans.o
 .rodata        0x08019a78      0x18c /tmp/ccD9jzlS.ltrans2.ltrans.o
 .rodata        0x08019c04        0x8 /tmp/ccD9jzlS.ltrans4.ltrans.o
 .rodata        0x08019c0c       0x28 /tmp/ccD9jzlS.ltrans6.ltrans.o
 .rodata        0x08019c34        0x4 /tmp/ccD9jzlS.ltrans9.ltrans.o
 .rodata        0x08019c38      0x4cc /tmp/ccD9jzlS.ltrans11.ltrans.o
                0x08019c44                mixerAtail4.lto_priv.514
                0x08019c84                mixerDualcopter.lto_priv.513
                0x08019ca4                mixerHex6H.lto_priv.512
                0x08019d04                mixerVtail4.lto_priv.511
                0x08019d44                mixerOctoFlatX.lto_priv.510
                0x08019dc4                mixerOctoFlatP.lto_priv.509
                0x08019e44                mixerOctoX8.lto_priv.508
                0x08019ec4                mixerHex6X.lto_priv.507
                0x08019f24                mixerY4.lto_priv.506
                0x08019f64                mixerSingleProp.lto_priv.505
                0x08019f74                mixerHex6P.lto_priv.504
                0x08019fd4                mixerY6.lto_priv.503
                0x0801a034                mixerBicopter.lto_priv.502
                0x0801a054                mixerQuadX.lto_priv.501
                0x0801a094                mixerQuadP.lto_priv.500
                0x0801a0d4                mixerTricopter.lto_priv.499
 .rodata        0x0801a104       0x14 /tmp/ccD9jzlS.ltrans12.ltrans.o
 .rodata        0x0801a118       0x18 /tmp/ccD9jzlS.ltrans13.ltrans.o
 .rodata        0x0801a130        0xc /tmp/ccD9jzlS.ltrans15.ltrans.o
 .rodata        0x0801a13c       0x28 /tmp/ccD9jzlS.ltrans16.ltrans.o
 .rodata        0x0801a164       0x20 /tmp/ccD9jzlS.ltrans17.ltrans.o
                0x0801a164                baudRates
 .rodata        0x0801a184      0x401 /tmp/ccD9jzlS.ltrans18.ltrans.o
                0x0801a184                cmdTable
                0x0801a334                mixerNames.lto_priv.261
                0x0801a3f8                servoMixers
                0x0801a4c8                servoMixerSingle.lto_priv.521
                0x0801a500                servoMixerDual.lto_priv.520
                0x0801a50e                servoMixerAirplane.lto_priv.519
                0x0801a531                servoMixerFlyingWing.lto_priv.518
                0x0801a554                servoMixerGimbal.lto_priv.517
                0x0801a562                servoMixerBI.lto_priv.516
                0x0801a57e                servoMixerTri.lto_priv.515
 *fill*         0x0801a585        0x3 
 .rodata        0x0801a588       0x28 /tmp/ccD9jzlS.ltrans20.ltrans.o
 .rodata        0x0801a5b0      0x303 /tmp/ccD9jzlS.ltrans21.ltrans.o
 *fill*         0x0801a8b3        0x1 
 .rodata        0x0801a8b4      0x144 /tmp/ccD9jzlS.ltrans22.ltrans.o
                0x0801a8b4                gpsInitData.lto_priv.455
 .rodata        0x0801a9f8       0x22 /tmp/ccD9jzlS.ltrans23.ltrans.o
 *fill*         0x0801aa1a        0x2 
 .rodata        0x0801aa1c     0x1060 /tmp/ccD9jzlS.ltrans24.ltrans.o
                0x0801aa84                beeperTable.lto_priv.266
                0x0801ab74                valueTable
                0x0801b948                beep_armedBeep.lto_priv.280
                0x0801b94d                beep_disarmRepeatBeep.lto_priv.279
                0x0801b951                beep_readyBeep.lto_priv.278
                0x0801b960                beep_2longerBeeps.lto_priv.277
                0x0801b965                beep_2shortBeeps.lto_priv.276
                0x0801b96a                beep_shortBeep.lto_priv.275
                0x0801b96d                beep_lowBatteryBeep.lto_priv.274
                0x0801b970                beep_critBatteryBeep.lto_priv.273
                0x0801b973                beep_armedGpsFix.lto_priv.272
                0x0801b97c                beep_armingBeep.lto_priv.271
                0x0801b981                beep_disarmBeep.lto_priv.270
                0x0801b986                beep_txLostBeep.lto_priv.269
                0x0801b989                beep_sos.lto_priv.268
                0x0801b99c                beep_gyroCalibrated.lto_priv.267
                0x0801ba70                shortGitRevision
                0x0801ba74                buildTime
                0x0801ba78                buildDate
 *(.rodata*)
 .rodata.gyro_detect
                0x0801ba7c       0x40 /tmp/ccD9jzlS.ltrans0.ltrans.o
 .rodata.timerHardware
                0x0801babc       0xe0 /tmp/ccD9jzlS.ltrans0.ltrans.o
                0x0801babc                timerHardware
 .rodata.str1.1
                0x0801bb9c        0x8 /tmp/ccD9jzlS.ltrans0.ltrans.o
 .rodata.str1.1
                0x0801bba4      0x215 /tmp/ccD9jzlS.ltrans1.ltrans.o
                                0x226 (size before relaxing)
 .rodata.str1.1
                0x0801bdb9      0x154 /tmp/ccD9jzlS.ltrans2.ltrans.o
                                0x174 (size before relaxing)
 *fill*         0x0801bf0d        0x1 
 .rodata.frSkyDataIdTable
                0x0801bf0e       0x20 /tmp/ccD9jzlS.ltrans4.ltrans.o
 .rodata.str1.1
                0x0801bf2e       0x54 /tmp/ccD9jzlS.ltrans5.ltrans.o
 .rodata.str1.1
                0x0801bf82        0x9 /tmp/ccD9jzlS.ltrans7.ltrans.o
 .rodata.str1.1
                0x0801bf8b       0x27 /tmp/ccD9jzlS.ltrans8.ltrans.o
 .rodata.str1.1
                0x0801bfb2       0x32 /tmp/ccD9jzlS.ltrans9.ltrans.o
 .rodata.mixers
                0x0801bfe4       0xd0 /tmp/ccD9jzlS.ltrans11.ltrans.o
                0x0801bfe4                mixers
 .rodata.str1.1
                0x0801c0b4       0xf8 /tmp/ccD9jzlS.ltrans11.ltrans.o
                                0x106 (size before relaxing)
 .rodata.str1.1
                0x0801c1ac       0x3e /tmp/ccD9jzlS.ltrans13.ltrans.o
                                 0x41 (size before relaxing)
 .rodata.str1.1
                0x0801c1ea        0x6 /tmp/ccD9jzlS.ltrans14.ltrans.o
 .rodata.serialPortIdentifiers
                0x0801c1f0        0x5 /tmp/ccD9jzlS.ltrans17.ltrans.o
                0x0801c1f0                serialPortIdentifiers
 .rodata.str1.1
                0x0801c1f5       0x6e /tmp/ccD9jzlS.ltrans17.ltrans.o
 .rodata.rcChannelLetters
                0x0801c263       0x15 /tmp/ccD9jzlS.ltrans17.ltrans.o
                0x0801c263                rcChannelLetters
 .rodata.str1.1
                0x0801c278      0x7e1 /tmp/ccD9jzlS.ltrans18.ltrans.o
                                0x89c (size before relaxing)
 .rodata.str1.1
                0x0801ca59       0x54 /tmp/ccD9jzlS.ltrans21.ltrans.o
 .rodata.str1.1
                0x0801caad      0x139 /tmp/ccD9jzlS.ltrans22.ltrans.o
                                0x15d (size before relaxing)
 .rodata.cyclePageIds
                0x0801cbe6        0x5 /tmp/ccD9jzlS.ltrans23.ltrans.o
 .rodata.str1.1
                0x0801cbeb      0x145 /tmp/ccD9jzlS.ltrans23.ltrans.o
                                0x160 (size before relaxing)
 .rodata.str1.1
                0x0801cd30      0xd5b /tmp/ccD9jzlS.ltrans24.ltrans.o
                                0xe42 (size before relaxing)
 .rodata._ctype_
                0x0801da8b      0x101 /usr/lib/gcc/arm-none-eabi/4.9.3/../../../arm-none-eabi/lib/armv7-m/libc_nano.a(lib_a-ctype_.o)
                0x0801da8b                _ctype_
 .rodata.str1.1
                0x0801db8c        0x0 /usr/lib/gcc/arm-none-eabi/4.9.3/../../../arm-none-eabi/lib/armv7-m/libc_nano.a(lib_a-impure.o)
                                  0x2 (size before relaxing)
 .rodata.TWO23  0x0801db8c        0x8 /usr/lib/gcc/arm-none-eabi/4.9.3/../../../arm-none-eabi/lib/armv7-m/libm.a(lib_a-sf_lrint.o)
 .rodata.str1.4
                0x0801db94        0x5 /usr/lib/gcc/arm-none-eabi/4.9.3/../../../arm-none-eabi/lib/armv7-m/libm.a(lib_a-wf_pow.o)
                                  0x8 (size before relaxing)
 *fill*         0x0801db99        0x3 
 .rodata.str1.4
                0x0801db9c        0x6 /usr/lib/gcc/arm-none-eabi/4.9.3/../../../arm-none-eabi/lib/armv7-m/libm.a(lib_a-wf_sqrt.o)
                                  0x8 (size before relaxing)
 *fill*         0x0801dba2        0x2 
 .rodata.dp_h   0x0801dba4        0x8 /usr/lib/gcc/arm-none-eabi/4.9.3/../../../arm-none-eabi/lib/armv7-m/libm.a(lib_a-ef_pow.o)
 .rodata.dp_l   0x0801dbac        0x8 /usr/lib/gcc/arm-none-eabi/4.9.3/../../../arm-none-eabi/lib/armv7-m/libm.a(lib_a-ef_pow.o)
 .rodata.bp     0x0801dbb4        0x8 /usr/lib/gcc/arm-none-eabi/4.9.3/../../../arm-none-eabi/lib/armv7-m/libm.a(lib_a-ef_pow.o)
 .rodata.str1.4
                0x0801dbbc        0x8 /usr/lib/gcc/arm-none-eabi/4.9.3/../../../arm-none-eabi/lib/armv7-m/libm.a(lib_a-ef_pow.o)
                                  0x4 (size before relaxing)
 *fill*         0x0801dbbc        0x4 
 .rodata.TWO52  0x0801dbc0       0x10 /usr/lib/gcc/arm-none-eabi/4.9.3/../../../arm-none-eabi/lib/armv7-m/libm.a(lib_a-s_rint.o)
 *(.glue_7)
 .glue_7        0x0801dbd0        0x0 linker stubs
 *(.glue_7t)
 .glue_7t       0x0801dbd0        0x0 linker stubs
 *(.eh_frame)
 *(.init)
 *(.fini)
                0x0801dbd0                . = ALIGN (0x4)
                0x0801dbd0                _etext = .

.vfp11_veneer   0x0801dbd0        0x0
 .vfp11_veneer  0x0801dbd0        0x0 linker stubs

.v4_bx          0x0801dbd0        0x0
 .v4_bx         0x0801dbd0        0x0 linker stubs

.iplt           0x0801dbd0        0x0
 .iplt          0x0801dbd0        0x0 obj/main/NAZE/startup_stm32f10x_md_gcc.o

.ARM.extab
 *(.ARM.extab* .gnu.linkonce.armextab.*)

.ARM            0x0801dbd0        0x8
                0x0801dbd0                __exidx_start = .
 *(.ARM.exidx*)
 .ARM.exidx     0x0801dbd0        0x8 /usr/lib/gcc/arm-none-eabi/4.9.3/armv7-m/libgcc.a(_divdi3.o)
 .ARM.exidx     0x0801dbd8        0x0 /usr/lib/gcc/arm-none-eabi/4.9.3/armv7-m/libgcc.a(_udivdi3.o)
                                  0x8 (size before relaxing)
                0x0801dbd8                __exidx_end = .

.rel.dyn        0x0801dbd8        0x0
 .rel.iplt      0x0801dbd8        0x0 obj/main/NAZE/startup_stm32f10x_md_gcc.o

.preinit_array  0x0801dbd8        0x0
                [!provide]                PROVIDE (__preinit_array_start, .)
 *(.preinit_array*)
                [!provide]                PROVIDE (__preinit_array_end, .)

.init_array     0x0801dbd8        0x0
                [!provide]                PROVIDE (__init_array_start, .)
 *(SORT(.init_array.*))
 *(.init_array*)
                [!provide]                PROVIDE (__init_array_end, .)

.fini_array     0x0801dbd8        0x0
                [!provide]                PROVIDE (__fini_array_start, .)
 *(.fini_array*)
 *(SORT(.fini_array.*))
                [!provide]                PROVIDE (__fini_array_end, .)
                0x0801dbd8                _sidata = .

.data           0x20000000      0x1fc load address 0x0801dbd8
                0x20000000                . = ALIGN (0x4)
                0x20000000                _sdata = .
 *(.data)
 .data          0x20000000        0x3 /tmp/ccD9jzlS.ltrans3.ltrans.o
                0x20000002                isUsingSticksToArm.lto_priv.357
 .data          0x20000003        0x1 /tmp/ccD9jzlS.ltrans4.ltrans.o
 .data          0x20000004        0x4 /tmp/ccD9jzlS.ltrans8.ltrans.o
 .data          0x20000008        0x1 /tmp/ccD9jzlS.ltrans9.ltrans.o
 *fill*         0x20000009        0x3 
 .data          0x2000000c        0x4 /tmp/ccD9jzlS.ltrans10.ltrans.o
                0x2000000c                GPS_scaleLonDown.lto_priv.582
 .data          0x20000010        0x4 /tmp/ccD9jzlS.ltrans12.ltrans.o
                0x20000010                hse_value
 .data          0x20000014        0x4 /tmp/ccD9jzlS.ltrans15.ltrans.o
                0x20000014                q0.lto_priv.404
 .data          0x20000018        0x6 /tmp/ccD9jzlS.ltrans17.ltrans.o
                0x20000018                rcReadRawFunc.lto_priv.322
                0x2000001c                pif_id
 *fill*         0x2000001e        0x2 
 .data          0x20000020       0x10 /tmp/ccD9jzlS.ltrans18.ltrans.o
                0x20000020                geometry.lto_priv.362
 .data          0x20000030        0xc /tmp/ccD9jzlS.ltrans21.ltrans.o
 .data          0x2000003c        0x4 /tmp/ccD9jzlS.ltrans24.ltrans.o
 .data          0x20000040        0xc /tmp/ccD9jzlS.ltrans28.ltrans.o
 *(.data*)
 .data.hcsr04_name
                0x2000004c        0x4 /tmp/ccD9jzlS.ltrans0.ltrans.o
 .data.GPS_hdop
                0x20000050        0x2 /tmp/ccD9jzlS.ltrans4.ltrans.o
                0x20000050                GPS_hdop
 *fill*         0x20000052        0x2 
 .data.bmp280_name
                0x20000054        0x4 /tmp/ccD9jzlS.ltrans5.ltrans.o
 .data.mpu3050_name
                0x20000058        0x4 /tmp/ccD9jzlS.ltrans5.ltrans.o
 .data.mpu6500_name
                0x2000005c        0x4 /tmp/ccD9jzlS.ltrans5.ltrans.o
 .data.mpu6050_name
                0x20000060        0x4 /tmp/ccD9jzlS.ltrans5.ltrans.o
 .data.pid_controller
                0x20000064        0x4 /tmp/ccD9jzlS.ltrans15.ltrans.o
                0x20000064                pid_controller
 .data.qmc5883_name
                0x20000068        0x4 /tmp/ccD9jzlS.ltrans21.ltrans.o
 .data.hmc5883_name
                0x2000006c        0x4 /tmp/ccD9jzlS.ltrans21.ltrans.o
 .data.cfTasks  0x20000070      0x118 /tmp/ccD9jzlS.ltrans22.ltrans.o
                0x20000070                cfTasks
 .data.batteryCellCount
                0x20000188        0x1 /tmp/ccD9jzlS.ltrans24.ltrans.o
                0x20000188                batteryCellCount
 *fill*         0x20000189        0x3 
 .data.SystemCoreClock
                0x2000018c        0x4 /tmp/ccD9jzlS.ltrans24.ltrans.o
                0x2000018c                SystemCoreClock
 .data.__ctype_ptr__
                0x20000190        0x4 /usr/lib/gcc/arm-none-eabi/4.9.3/../../../arm-none-eabi/lib/armv7-m/libc_nano.a(lib_a-ctype_.o)
                0x20000190                __ctype_ptr__
 .data.impure_data
                0x20000194       0x60 /usr/lib/gcc/arm-none-eabi/4.9.3/../../../arm-none-eabi/lib/armv7-m/libc_nano.a(lib_a-impure.o)
 .data._impure_ptr
                0x200001f4        0x4 /usr/lib/gcc/arm-none-eabi/4.9.3/../../../arm-none-eabi/lib/armv7-m/libc_nano.a(lib_a-impure.o)
                0x200001f4                _impure_ptr
 .data.__fdlib_version
                0x200001f8        0x1 /usr/lib/gcc/arm-none-eabi/4.9.3/../../../arm-none-eabi/lib/armv7-m/libm.a(lib_a-s_lib_ver.o)
                0x200001f8                __fdlib_version
                0x200001fc                . = ALIGN (0x4)
 *fill*         0x200001f9        0x3 
                0x200001fc                _edata = .

.igot.plt       0x200001fc        0x0 load address 0x0801ddd4
 .igot.plt      0x200001fc        0x0 obj/main/NAZE/startup_stm32f10x_md_gcc.o
                0x200001fc                . = ALIGN (0x4)

.bss            0x20000200     0x3184 load address 0x0801ddd4
                0x20000200                _sbss = .
                0x20000200                __bss_start__ = _sbss
 *(.bss)
 .bss           0x20000200      0x1fc /tmp/ccD9jzlS.ltrans0.ltrans.o
                0x20000208                i2cOverClock.lto_priv.607
                0x2000022c                inputFilteringMode.lto_priv.597
                0x20000230                ppmDev
                0x2000035c                servos.lto_priv.599
                0x2000037d                displayPresent.lto_priv.570
                0x20000384                mpuDetectionResult
                0x20000388                mpuIntExtiConfig.lto_priv.616
                0x2000038c                mpuDividerDrops.lto_priv.611
                0x20000398                gpsPacketLog
                0x200003b0                s_hcsr04.lto_priv.600
                0x200003d0                sonarHardware.lto_priv.601
                0x200003d4                telemetryConfig.lto_priv.441
                0x200003d8                portConfig.lto_priv.444
                0x200003dc                frskyPortSharing.lto_priv.568
                0x200003dd                hottPortSharing.lto_priv.566
                0x200003e0                telemetryConfig.lto_priv.442
                0x200003e4                portConfig.lto_priv.446
                0x200003e8                smartPortPortSharing.lto_priv.563
                0x200003f0                portConfig.lto_priv.447
                0x200003f4                ltmPortSharing.lto_priv.561
                0x200003f5                couldBeBusy.lto_priv.591
                0x200003f8                tailAddress.lto_priv.544
 .bss           0x200003fc      0x3af /tmp/ccD9jzlS.ltrans1.ltrans.o
                0x2000040c                gyroLpfCutFreq.lto_priv.535
                0x20000484                gyroConfig.lto_priv.534
                0x200004e0                imuRuntimeConfig.lto_priv.477
                0x20000508                gyroScale.lto_priv.478
                0x20000518                smallAngleCosZ
                0x20000524                fc_acc
                0x20000528                accDeadband.lto_priv.530
                0x2000052c                lookupYawRC
                0x20000544                rxRefreshRate.lto_priv.457
                0x2000055c                rcControlsConfig.lto_priv.529
                0x20000564                escAndServoConfig.lto_priv.392
                0x20000568                throttleAngleScale
                0x2000056c                mixerConfig.lto_priv.480
                0x20000570                currentMixer.lto_priv.483
                0x20000634                rxConfig.lto_priv.532
                0x20000638                currentMixerMode.lto_priv.482
                0x2000065c                gimbalConfig.lto_priv.531
                0x20000660                servoFilterState.lto_priv.481
                0x20000780                motorControlEnable
                0x20000784                blackboxPort.lto_priv.426
                0x20000788                blackboxHeaderBudget
                0x2000078c                blackboxMaxHeaderBytesPerIteration.lto_priv.424
                0x20000790                xmitState.lto_priv.422
                0x20000798                blackboxConditionCache.lto_priv.419
                0x2000079c                vbatReference.lto_priv.415
                0x2000079e                blackboxSlowFrameIterationTimer.lto_priv.423
                0x200007a0                blackboxPFrameIndex.lto_priv.418
                0x200007a4                blackboxIteration.lto_priv.417
                0x200007a8                blackboxModeActivationConditionPresent.lto_priv.416
                0x200007a9                blackboxPortSharing.lto_priv.425
                0x200007aa                blackboxLoggedAnyFrames.lto_priv.421
 *fill*         0x200007ab        0x1 
 .bss           0x200007ac      0x164 /tmp/ccD9jzlS.ltrans2.ltrans.o
                0x200007ac                printfSerialPort.lto_priv.526
                0x200007cc                servo
                0x200007dc                GPS_ground_course
                0x200007de                GPS_update
                0x200007df                GPS_numCh
                0x200007e0                GPS_svinfo_chn
                0x200007f0                GPS_svinfo_svid
                0x20000800                GPS_svinfo_quality
                0x20000810                GPS_svinfo_cno
                0x20000820                debug
                0x20000828                blackboxState.lto_priv.390
                0x2000088c                pwmIOConfiguration.lto_priv.484
 .bss           0x20000910      0x1c8 /tmp/ccD9jzlS.ltrans3.ltrans.o
                0x20000910                rxSignalReceived.lto_priv.554
                0x20000911                rxMspFrameDone.lto_priv.359
                0x20000912                ppmFrameCount.lto_priv.598
                0x2000093b                rcSampleIndex.lto_priv.456
                0x20000984                rcInvalidPulsPeriod
                0x200009cd                rxFlightChannelsValid.lto_priv.553
                0x200009e8                rxConfig.lto_priv.317
                0x200009ec                deadband3dThrottle.lto_priv.476
                0x200009f0                disarmAt.lto_priv.414
                0x200009f8                calibratingG.lto_priv.402
                0x200009fa                AccInflightCalibrationMeasurementDone
                0x200009fb                AccInflightCalibrationSavetoEEProm
                0x200009fe                calibratingA.lto_priv.355
                0x20000a00                InflightcalibratingA
                0x20000a02                AccInflightCalibrationActive
                0x20000a04                adjustmentStates
                0x20000a38                escAndServoConfig.lto_priv.356
                0x20000a3c                magHold
                0x20000a3e                headFreeModeHold
                0x20000a40                nav_mode
                0x20000a44                gpsProfile.lto_priv.396
                0x20000a48                GPS_hold
                0x20000a52                nav_rated.lto_priv.398
                0x20000a56                nav.lto_priv.397
                0x20000a84                poshold_ratePID.lto_priv.573
                0x20000aac                navPID.lto_priv.574
                0x20000ad4                isRXDataNew.lto_priv.400
                0x20000ad5                haveProcessedAnnexCodeOnce.lto_priv.389
                0x20000ad6                initialThrottleHold.lto_priv.399
 .bss           0x20000ad8       0xe8 /tmp/ccD9jzlS.ltrans4.ltrans.o
                0x20000ad8                frskyTelemetryEnabled.lto_priv.569
                0x20000ae2                accSmooth
                0x20000ae8                vario
                0x20000af0                telemetryConfig.lto_priv.287
                0x20000af4                amperage
                0x20000af8                GPS_speed
                0x20000afa                GPS_altitude
                0x20000afc                GPS_numSat
                0x20000b00                GPS_coord
                0x20000b08                hottTelemetryEnabled.lto_priv.567
                0x20000b10                hottEAMMessage.lto_priv.448
                0x20000b40                telemetryConfig.lto_priv.288
                0x20000b44                hottGPSMessage.lto_priv.449
                0x20000b70                GPS_distanceToHome
                0x20000b72                GPS_directionToHome
                0x20000b7c                hottPort.lto_priv.560
                0x20000b8c                portConfig.lto_priv.445
                0x20000b92                smartPortTelemetryEnabled.lto_priv.564
                0x20000b94                smartPortSerialPort.lto_priv.559
                0x20000b98                smartPortState
                0x20000b9c                smartPortLastRequestTime.lto_priv.565
                0x20000ba2                ltmEnabled.lto_priv.562
                0x20000ba4                ltmPort.lto_priv.558
                0x20000bb0                EstAlt.lto_priv.305
                0x20000bb4                rssi
                0x20000bb8                GPS_home
 .bss           0x20000bc0       0x74 /tmp/ccD9jzlS.ltrans5.ltrans.o
 .bss           0x20000c34      0x6b4 /tmp/ccD9jzlS.ltrans6.ltrans.o
 .bss           0x200012e8       0x18 /tmp/ccD9jzlS.ltrans7.ltrans.o
                0x200012e8                s_task_stack_ptr.lto_priv.540
                0x200012ec                s_task_stack.lto_priv.541
 .bss           0x20001300       0x18 /tmp/ccD9jzlS.ltrans8.ltrans.o
 .bss           0x20001318       0x7d /tmp/ccD9jzlS.ltrans9.ltrans.o
 *fill*         0x20001395        0x3 
 .bss           0x20001398      0x242 /tmp/ccD9jzlS.ltrans10.ltrans.o
                0x2000157c                GPS_WP.lto_priv.576
                0x20001584                wp_distance.lto_priv.577
                0x20001588                target_bearing.lto_priv.578
                0x2000158c                error.lto_priv.583
                0x20001594                posholdPID_PARAM.lto_priv.584
                0x200015a4                poshold_ratePID_PARAM.lto_priv.585
                0x200015b8                waypoint_speed_gov.lto_priv.581
                0x200015bc                original_target_bearing.lto_priv.580
                0x200015c4                nav_bearing.lto_priv.579
                0x200015c8                navPID_PARAM.lto_priv.586
                0x200015d8                nav_takeoff_bearing.lto_priv.587
 *fill*         0x200015da        0x2 
 .bss           0x200015dc       0x48 /tmp/ccD9jzlS.ltrans11.ltrans.o
                0x200015dc                serialPortCount.lto_priv.363
                0x200015de                lookupThrottleRC
                0x200015f6                lookupPitchRollRC
                0x20001604                beeperIsOn.lto_priv.350
                0x20001608                beeperNextToggleTime.lto_priv.349
                0x2000160c                beeperPos.lto_priv.351
                0x20001610                currentBeeperEntry.lto_priv.348
                0x20001614                dmaHandlers.lto_priv.493
 .bss           0x20001624      0x2cc /tmp/ccD9jzlS.ltrans12.ltrans.o
                0x20001624                ibusChannelData.lto_priv.326
                0x20001685                xBusChannelCount.lto_priv.467
                0x20001686                xBusFrameReceived.lto_priv.327
                0x20001688                spekChannelData.lto_priv.344
                0x200016b8                sumhChannels.lto_priv.330
                0x200016d8                sumdChannels.lto_priv.335
                0x200016f8                sbusChannelData.lto_priv.338
                0x20001740                mspFrame.lto_priv.358
                0x20001764                captures.lto_priv.323
                0x20001781                ibus.lto_priv.325
                0x200017a1                ibusFrameDone.lto_priv.324
                0x200017ac                xBusFramePosition.lto_priv.465
                0x200017ad                xBusDataIncoming.lto_priv.464
                0x200017ae                xBusFrameLength.lto_priv.466
                0x200017af                xBusProvider.lto_priv.468
                0x200017b5                spekFrame.lto_priv.340
                0x200017c5                rcFrameComplete.lto_priv.339
                0x200017d1                sumhFrame.lto_priv.329
                0x200017e6                sumhFrameDone.lto_priv.328
                0x200017ed                sumdFrameDone.lto_priv.331
                0x200017ee                crc.lto_priv.332
                0x200017f0                sumdChannelCount.lto_priv.333
                0x200017f1                sumd.lto_priv.334
                0x2000181d                sbusFrame.lto_priv.337
                0x20001836                sbusFrameDone.lto_priv.336
                0x20001838                batteryConfig
                0x2000183c                mAhDrawn
                0x20001840                adcConfig
                0x20001850                adcValues
                0x20001858                vbatLatestADC
                0x2000185c                vbatFilterState.lto_priv.440
                0x20001880                vbat
                0x20001884                rxConfig.lto_priv.318
                0x20001888                suspendRxSignalUntil.lto_priv.321
                0x2000188c                skipRxSamples.lto_priv.320
                0x20001890                sysTickUptime.lto_priv.235
                0x20001894                failsafeState.lto_priv.286
                0x200018b8                warningLedState.lto_priv.265
                0x200018bc                warningLedTimer.lto_priv.401
                0x200018c0                flightModeFlags
                0x200018c4                rcModeActivationMask
                0x200018c8                activeBoxIdCount.lto_priv.360
                0x200018c9                activeBoxIds.lto_priv.361
                0x200018e8                currentPort.lto_priv.234
                0x200018ec                mspSerialPort.lto_priv.354
 .bss           0x200018f0        0x7 /tmp/ccD9jzlS.ltrans13.ltrans.o
 *fill*         0x200018f7        0x1 
 .bss           0x200018f8      0x234 /tmp/ccD9jzlS.ltrans14.ltrans.o
                0x200018f8                gpsHistory.lto_priv.548
                0x2000190c                blackboxHistory.lto_priv.550
                0x20001918                blackboxHistoryRing.lto_priv.551
                0x20001a8c                blackboxIFrameIndex.lto_priv.549
                0x20001a90                blackboxLastArmingBeep.lto_priv.552
                0x20001a94                systemState.lto_priv.435
                0x20001a98                s_it_current.lto_priv.536
                0x20001a9c                s_table_number.lto_priv.542
                0x20001aa0                s_table.lto_priv.543
                0x20001b20                s_task_cutin.lto_priv.538
                0x20001b24                s_loop_count.lto_priv.537
                0x20001b28                s_pass_count.lto_priv.539
 .bss           0x20001b2c      0x2e4 /tmp/ccD9jzlS.ltrans15.ltrans.o
                0x20001b2c                usTicks.lto_priv.497
                0x20001b30                rcCommand
                0x20001b38                attitude
                0x20001b40                gyroADC
                0x20001b4c                PIDweight
                0x20001b50                errorGyroI.lto_priv.315
                0x20001b5c                targetLooptime
                0x20001b60                stateFlags
                0x20001b61                motorLimitReached
                0x20001b94                axisPID
                0x20001b9c                axisPID_P
                0x20001ba8                axisPID_I
                0x20001bb4                axisPID_D
                0x20001bc0                deltaFilterState.lto_priv.284
                0x20001c2c                errorAngleI.lto_priv.285
                0x20001c34                dynP8
                0x20001c4c                dynD8
                0x20001c4f                motorCount
                0x20001c50                pif_timer1ms
                0x20001c58                pif_datetime
                0x20001c60                extiHandlerConfigs.lto_priv.496
                0x20001c78                motor
                0x20001c90                motors.lto_priv.485
                0x20001cc0                timerConfig
                0x20001d60                flight3DConfig.lto_priv.391
                0x20001d64                escAndServoConfig.lto_priv.393
                0x20001d68                servoRuleCount.lto_priv.395
                0x20001d69                currentServoMixer.lto_priv.394
                0x20001ddc                customServoMixers.lto_priv.492
                0x20001de0                q1.lto_priv.405
                0x20001de4                q2.lto_priv.406
                0x20001de8                q3.lto_priv.407
                0x20001dec                rMat.lto_priv.306
 .bss           0x20001e10      0x600 /tmp/ccD9jzlS.ltrans16.ltrans.o
 .bss           0x20002410      0x9e8 /tmp/ccD9jzlS.ltrans17.ltrans.o
                0x20002410                sensor_link
                0x20002514                pif_cumulative_timer1ms
                0x20002518                g_i2c_port
                0x2000254c                hmc5883.lto_priv.606
                0x20002564                string.9099.lto_priv.575
                0x20002573                lineBuffer.lto_priv.571
                0x2000258a                rcData
                0x200025b0                pif_act_timer1us
                0x200025b4                mspPorts.lto_priv.232
                0x2000264c                masterConfig
                0x20002da4                rxRuntimeConfigPtr.lto_priv.342
                0x20002da8                rxRuntimeConfig
                0x20002da9                spek_chan_shift.lto_priv.341
                0x20002daa                spek_chan_mask.lto_priv.343
                0x20002dab                spekHiRes.lto_priv.230
                0x20002dac                serialConfig.lto_priv.263
                0x20002db0                findSharedSerialPortState.lto_priv.310
                0x20002db4                serialPortUsageList.lto_priv.262
                0x20002df0                pidProfile.lto_priv.311
                0x20002df4                activeFeaturesLatch.lto_priv.231
 .bss           0x20002df8       0x54 /tmp/ccD9jzlS.ltrans18.ltrans.o
                0x20002df8                gpsPort.lto_priv.307
                0x20002dfc                pageState.lto_priv.314
                0x20002e10                cliBuffer.lto_priv.367
                0x20002e40                bufferIndex.lto_priv.366
                0x20002e44                currentProfile
                0x20002e48                servoConf.lto_priv.281
 .bss           0x20002e4c      0x120 /tmp/ccD9jzlS.ltrans19.ltrans.o
                0x20002e70                uartPort3.lto_priv.593
                0x20002ec4                uartPort2.lto_priv.594
                0x20002f18                uartPort1.lto_priv.595
 .bss           0x20002f6c       0x1a /tmp/ccD9jzlS.ltrans20.ltrans.o
                0x20002f70                I2Cx_index.lto_priv.609
 *fill*         0x20002f86        0x2 
 .bss           0x20002f88       0x20 /tmp/ccD9jzlS.ltrans21.ltrans.o
                0x20002f9c                device.5612.lto_priv.615
 .bss           0x20002fa8       0xbc /tmp/ccD9jzlS.ltrans22.ltrans.o
                0x20002fa8                pif_timer1us
                0x20002fb0                calibratingB.lto_priv.313
                0x20002fb8                baroPressureSum.lto_priv.556
                0x20002fbc                barometerConfig.lto_priv.303
                0x20002fcc                sonarMaxTiltCos.lto_priv.450
                0x20002fd0                calculatedAltitude.lto_priv.364
                0x20002fd4                sonarCfAltCm
                0x20002fdc                sonarMaxAltWithTiltCm
                0x20002fe0                accSumCount
                0x20002fe4                accSum
                0x20002ff0                accVelScale
                0x20002ff4                barometerConfig.lto_priv.304
                0x20003000                AltHold
                0x20003004                pidProfile.lto_priv.527
                0x20003008                errorVelocityI
                0x2000300c                altHoldThrottleAdjustment
                0x20003010                velocityControl
                0x20003014                baroPressure.lto_priv.555
                0x20003018                baroReady.lto_priv.557
                0x2000301c                magADC
                0x20003038                magInit.lto_priv.479
                0x2000303c                gpsData
                0x2000305c                gpsConfig.lto_priv.454
 .bss           0x20003064       0x25 /tmp/ccD9jzlS.ltrans23.ltrans.o
                0x20003070                GPS_packetCount
                0x20003078                GPS_svInfoReceivedCount
                0x20003084                GPS_garbageByteCount
 *fill*         0x20003089        0x3 
 .bss           0x2000308c       0x9a /tmp/ccD9jzlS.ltrans24.ltrans.o
                0x2000308c                writer.lto_priv.353
                0x20003090                cliWriter.lto_priv.239
                0x20003094                currentControlRateProfileIndex.lto_priv.312
                0x20003098                currentControlRateProfile
                0x2000309c                motor_disarmed
                0x200030b4                pif_performance
                0x200030bc                batteryState.lto_priv.290
                0x200030c0                enabledSensors.lto_priv.289
                0x200030c4                i2cErrorCount.lto_priv.365
                0x200030c8                s_tasks.lto_priv.427
                0x200030e4                g_timer_1ms
                0x2000310c                cliPort.lto_priv.238
                0x20003110                beep_multiBeeps.lto_priv.264
 *fill*         0x20003126        0x2 
 .bss           0x20003128       0xf9 /tmp/ccD9jzlS.ltrans25.ltrans.o
 .bss           0x20003221       0x82 /tmp/ccD9jzlS.ltrans26.ltrans.o
                0x20003221                bufferHead.lto_priv.588
                0x20003222                bufferTail.lto_priv.589
                0x20003223                flashWriteBuffer.lto_priv.590
 *fill*         0x200032a3        0x5 
 .bss           0x200032a8       0x24 /tmp/ccD9jzlS.ltrans27.ltrans.o
                0x200032ac                batteryWarningVoltage
                0x200032ae                batteryCriticalVoltage
                0x200032b8                amperageLatestADC
                0x200032c8                armingBeepTimeMicros.lto_priv.420
 .bss           0x200032cc       0x54 /tmp/ccD9jzlS.ltrans28.ltrans.o
                0x200032d4                errorGyroIf.lto_priv.316
                0x200032e0                dT
                0x2000331c                failsafeConfig.lto_priv.319
 .bss           0x20003320       0x35 /tmp/ccD9jzlS.ltrans29.ltrans.o
                0x20003320                accADC
                0x2000332c                accelerationTrims.lto_priv.533
                0x20003354                isAccelUpdatedAtLeastOnce.lto_priv.403
 *(SORT(.bss*))
 *fill*         0x20003355        0x3 
 .bss.pif_log_flag
                0x20003358        0x4 /tmp/ccD9jzlS.ltrans9.ltrans.o
 .bss.systemBeepPtr
                0x2000335c        0x4 /tmp/ccD9jzlS.ltrans15.ltrans.o
                0x2000335c                systemBeepPtr
 .bss.accTimeSum
                0x20003360        0x4 /tmp/ccD9jzlS.ltrans22.ltrans.o
                0x20003360                accTimeSum
 .bss.setVelocity
                0x20003364        0x4 /tmp/ccD9jzlS.ltrans22.ltrans.o
                0x20003364                setVelocity
 .bss.__malloc_sbrk_start
                0x20003368        0x4 /usr/lib/gcc/arm-none-eabi/4.9.3/../../../arm-none-eabi/lib/armv7-m/libc_nano.a(lib_a-nano-mallocr.o)
                0x20003368                __malloc_sbrk_start
 .bss.__malloc_free_list
                0x2000336c        0x4 /usr/lib/gcc/arm-none-eabi/4.9.3/../../../arm-none-eabi/lib/armv7-m/libc_nano.a(lib_a-nano-mallocr.o)
                0x2000336c                __malloc_free_list
 .bss.heap_end.4079
                0x20003370        0x4 /usr/lib/gcc/arm-none-eabi/4.9.3/../../../arm-none-eabi/lib/armv7-m/libnosys.a(sbrk.o)
 .bss.GPS_angle
                0x20003374        0x4 /tmp/ccD9jzlS.ltrans15.ltrans.o
                0x20003374                GPS_angle
 .bss.cycleTime
                0x20003378        0x2 /tmp/ccD9jzlS.ltrans24.ltrans.o
                0x20003378                cycleTime
 .bss.hardwareRevision
                0x2000337a        0x1 /tmp/ccD9jzlS.ltrans2.ltrans.o
                0x2000337a                hardwareRevision
 .bss.armingFlags
                0x2000337b        0x1 /tmp/ccD9jzlS.ltrans12.ltrans.o
                0x2000337b                armingFlags
 .bss.pif_error
                0x2000337c        0x1 /tmp/ccD9jzlS.ltrans17.ltrans.o
                0x2000337c                pif_error
 .bss.cliMode   0x2000337d        0x1 /tmp/ccD9jzlS.ltrans18.ltrans.o
                0x2000337d                cliMode
 .bss.CHAR_FORMAT
                0x2000337e        0x1 /tmp/ccD9jzlS.ltrans21.ltrans.o
 *(COMMON)
 *fill*         0x2000337f        0x1 
 COMMON         0x20003380        0x4 /usr/lib/gcc/arm-none-eabi/4.9.3/../../../arm-none-eabi/lib/armv7-m/libc_nano.a(lib_a-reent.o)
                0x20003380                errno
                0x20003384                . = ALIGN (0x4)
                0x20003384                _ebss = .
                0x20003384                __bss_end__ = _ebss

._user_heap_stack
                0x20003384      0x400 load address 0x0801ddd4
                0x20003384                . = ALIGN (0x4)
                0x20003384                PROVIDE (end, .)
                [!provide]                PROVIDE (_end, .)
                0x20003384                . = (. + _Min_Heap_Size)
                0x20003784                . = (. + _Min_Stack_Size)
 *fill*         0x20003384      0x400 
                0x20003784                . = ALIGN (0x4)

.memory_b1_text
 *(.mb1text)
 *(.mb1text*)
 *(.mb1rodata)
 *(.mb1rodata*)

/DISCARD/
 libc.a(*)
 libm.a(*)
 libgcc.a(*)

.ARM.attributes
                0x00000000       0x2f
 *(.ARM.attributes)
 .ARM.attributes
                0x00000000       0x21 obj/main/NAZE/startup_stm32f10x_md_gcc.o
 .ARM.attributes
                0x00000021       0x31 /tmp/ccD9jzlS.ltrans0.ltrans.o
 .ARM.attributes
                0x00000052       0x31 /tmp/ccD9jzlS.ltrans1.ltrans.o
 .ARM.attributes
                0x00000083       0x31 /tmp/ccD9jzlS.ltrans2.ltrans.o
 .ARM.attributes
                0x000000b4       0x31 /tmp/ccD9jzlS.ltrans3.ltrans.o
 .ARM.attributes
                0x000000e5       0x31 /tmp/ccD9jzlS.ltrans4.ltrans.o
 .ARM.attributes
                0x00000116       0x31 /tmp/ccD9jzlS.ltrans5.ltrans.o
 .ARM.attributes
                0x00000147       0x31 /tmp/ccD9jzlS.ltrans6.ltrans.o
 .ARM.attributes
                0x00000178       0x31 /tmp/ccD9jzlS.ltrans7.ltrans.o
 .ARM.attributes
                0x000001a9       0x31 /tmp/ccD9jzlS.ltrans8.ltrans.o
 .ARM.attributes
                0x000001da       0x31 /tmp/ccD9jzlS.ltrans9.ltrans.o
 .ARM.attributes
                0x0000020b       0x31 /tmp/ccD9jzlS.ltrans10.ltrans.o
 .ARM.attributes
                0x0000023c       0x31 /tmp/ccD9jzlS.ltrans11.ltrans.o
 .ARM.attributes
                0x0000026d       0x31 /tmp/ccD9jzlS.ltrans12.ltrans.o
 .ARM.attributes
                0x0000029e       0x31 /tmp/ccD9jzlS.ltrans13.ltrans.o
 .ARM.attributes
                0x000002cf       0x31 /tmp/ccD9jzlS.ltrans14.ltrans.o
 .ARM.attributes
                0x00000300       0x31 /tmp/ccD9jzlS.ltrans15.ltrans.o
 .ARM.attributes
                0x00000331       0x31 /tmp/ccD9jzlS.ltrans16.ltrans.o
 .ARM.attributes
                0x00000362       0x31 /tmp/ccD9jzlS.ltrans17.ltrans.o
 .ARM.attributes
                0x00000393       0x31 /tmp/ccD9jzlS.ltrans18.ltrans.o
 .ARM.attributes
                0x000003c4       0x31 /tmp/ccD9jzlS.ltrans19.ltrans.o
 .ARM.attributes
                0x000003f5       0x31 /tmp/ccD9jzlS.ltrans20.ltrans.o
 .ARM.attributes
                0x00000426       0x31 /tmp/ccD9jzlS.ltrans21.ltrans.o
 .ARM.attributes
                0x00000457       0x31 /tmp/ccD9jzlS.ltrans22.ltrans.o
 .ARM.attributes
                0x00000488       0x31 /tmp/ccD9jzlS.ltrans23.ltrans.o
 .ARM.attributes
                0x000004b9       0x31 /tmp/ccD9jzlS.ltrans24.ltrans.o
 .ARM.attributes
                0x000004ea       0x31 /tmp/ccD9jzlS.ltrans25.ltrans.o
 .ARM.attributes
                0x0000051b       0x31 /tmp/ccD9jzlS.ltrans26.ltrans.o
 .ARM.attributes
                0x0000054c       0x31 /tmp/ccD9jzlS.ltrans27.ltrans.o
 .ARM.attributes
                0x0000057d       0x31 /tmp/ccD9jzlS.ltrans28.ltrans.o
 .ARM.attributes
                0x000005ae       0x31 /tmp/ccD9jzlS.ltrans29.ltrans.o
 .ARM.attributes
                0x000005df       0x2d /usr/lib/gcc/arm-none-eabi/4.9.3/../../../arm-none-eabi/lib/armv7-m/libc_nano.a(lib_a-atoi.o)
 .ARM.attributes
                0x0000060c       0x2d /usr/lib/gcc/arm-none-eabi/4.9.3/../../../arm-none-eabi/lib/armv7-m/libc_nano.a(lib_a-ctype_.o)
 .ARM.attributes
                0x00000639       0x2d /usr/lib/gcc/arm-none-eabi/4.9.3/../../../arm-none-eabi/lib/armv7-m/libc_nano.a(lib_a-strtok.o)
 .ARM.attributes
                0x00000666       0x2d /usr/lib/gcc/arm-none-eabi/4.9.3/../../../arm-none-eabi/lib/armv7-m/libc_nano.a(lib_a-strtok_r.o)
 .ARM.attributes
                0x00000693       0x2d /usr/lib/gcc/arm-none-eabi/4.9.3/../../../arm-none-eabi/lib/armv7-m/libc_nano.a(lib_a-strtol.o)
 .ARM.attributes
                0x000006c0       0x2d /usr/lib/gcc/arm-none-eabi/4.9.3/../../../arm-none-eabi/lib/armv7-m/libc_nano.a(lib_a-impure.o)
 .ARM.attributes
                0x000006ed       0x2d /usr/lib/gcc/arm-none-eabi/4.9.3/../../../arm-none-eabi/lib/armv7-m/libc_nano.a(lib_a-malloc.o)
 .ARM.attributes
                0x0000071a       0x2d /usr/lib/gcc/arm-none-eabi/4.9.3/../../../arm-none-eabi/lib/armv7-m/libc_nano.a(lib_a-nano-freer.o)
 .ARM.attributes
                0x00000747       0x2d /usr/lib/gcc/arm-none-eabi/4.9.3/../../../arm-none-eabi/lib/armv7-m/libc_nano.a(lib_a-nano-mallocr.o)
 .ARM.attributes
                0x00000774       0x2d /usr/lib/gcc/arm-none-eabi/4.9.3/../../../arm-none-eabi/lib/armv7-m/libc_nano.a(lib_a-sbrkr.o)
 .ARM.attributes
                0x000007a1       0x2d /usr/lib/gcc/arm-none-eabi/4.9.3/../../../arm-none-eabi/lib/armv7-m/libc_nano.a(lib_a-reent.o)
 .ARM.attributes
                0x000007ce       0x2d /usr/lib/gcc/arm-none-eabi/4.9.3/../../../arm-none-eabi/lib/armv7-m/libnosys.a(sbrk.o)
 .ARM.attributes
                0x000007fb       0x2d /usr/lib/gcc/arm-none-eabi/4.9.3/../../../arm-none-eabi/lib/armv7-m/libm.a(lib_a-sf_lrint.o)
 .ARM.attributes
                0x00000828       0x2d /usr/lib/gcc/arm-none-eabi/4.9.3/../../../arm-none-eabi/lib/armv7-m/libm.a(lib_a-wf_pow.o)
 .ARM.attributes
                0x00000855       0x2d /usr/lib/gcc/arm-none-eabi/4.9.3/../../../arm-none-eabi/lib/armv7-m/libm.a(lib_a-wf_sqrt.o)
 .ARM.attributes
                0x00000882       0x2d /usr/lib/gcc/arm-none-eabi/4.9.3/../../../arm-none-eabi/lib/armv7-m/libm.a(lib_a-ef_pow.o)
 .ARM.attributes
                0x000008af       0x2d /usr/lib/gcc/arm-none-eabi/4.9.3/../../../arm-none-eabi/lib/armv7-m/libm.a(lib_a-ef_sqrt.o)
 .ARM.attributes