Archive member included to satisfy reference by file (symbol)

/usr/lib/gcc/arm-none-eabi/4.9.3/../../../arm-none-eabi/lib/armv7-m/libc_nano.a(lib_a-atoi.o)
                              obj/main/NAZE/io/serial_cli.o (symbol from plugin) (atoi)
/usr/lib/gcc/arm-none-eabi/4.9.3/../../../arm-none-eabi/lib/armv7-m/libc_nano.a(lib_a-ctype_.o)
                              obj/main/NAZE/io/serial_cli.o (symbol from plugin) (__ctype_ptr__)
/usr/lib/gcc/arm-none-eabi/4.9.3/../../../arm-none-eabi/lib/armv7-m/libc_nano.a(lib_a-strtol.o)
                              /usr/lib/gcc/arm-none-eabi/4.9.3/../../../arm-none-eabi/lib/armv7-m/libc_nano.a(lib_a-atoi.o) (_strtol_r)
/usr/lib/gcc/arm-none-eabi/4.9.3/../../../arm-none-eabi/lib/armv7-m/libc_nano.a(lib_a-impure.o)
                              /usr/lib/gcc/arm-none-eabi/4.9.3/../../../arm-none-eabi/lib/armv7-m/libc_nano.a(lib_a-strtol.o) (_impure_ptr)
/usr/lib/gcc/arm-none-eabi/4.9.3/../../../arm-none-eabi/lib/armv7-m/libm.a(lib_a-sf_lrint.o)
                              /tmp/ccHvhHOs.ltrans1.ltrans.o (lrintf)
/usr/lib/gcc/arm-none-eabi/4.9.3/../../../arm-none-eabi/lib/armv7-m/libm.a(lib_a-wf_pow.o)
                              /tmp/ccHvhHOs.ltrans14.ltrans.o (powf)
/usr/lib/gcc/arm-none-eabi/4.9.3/../../../arm-none-eabi/lib/armv7-m/libm.a(lib_a-wf_sqrt.o)
                              /tmp/ccHvhHOs.ltrans3.ltrans.o (sqrtf)
/usr/lib/gcc/arm-none-eabi/4.9.3/../../../arm-none-eabi/lib/armv7-m/libm.a(lib_a-ef_pow.o)
                              /usr/lib/gcc/arm-none-eabi/4.9.3/../../../arm-none-eabi/lib/armv7-m/libm.a(lib_a-wf_pow.o) (__ieee754_powf)
/usr/lib/gcc/arm-none-eabi/4.9.3/../../../arm-none-eabi/lib/armv7-m/libm.a(lib_a-ef_sqrt.o)
                              /usr/lib/gcc/arm-none-eabi/4.9.3/../../../arm-none-eabi/lib/armv7-m/libm.a(lib_a-wf_sqrt.o) (__ieee754_sqrtf)
/usr/lib/gcc/arm-none-eabi/4.9.3/../../../arm-none-eabi/lib/armv7-m/libm.a(lib_a-s_lib_ver.o)
                              /usr/lib/gcc/arm-none-eabi/4.9.3/../../../arm-none-eabi/lib/armv7-m/libm.a(lib_a-wf_pow.o) (__fdlib_version)
/usr/lib/gcc/arm-none-eabi/4.9.3/../../../arm-none-eabi/lib/armv7-m/libm.a(lib_a-s_matherr.o)
                              /usr/lib/gcc/arm-none-eabi/4.9.3/../../../arm-none-eabi/lib/armv7-m/libm.a(lib_a-wf_pow.o) (matherr)
/usr/lib/gcc/arm-none-eabi/4.9.3/../../../arm-none-eabi/lib/armv7-m/libm.a(lib_a-s_rint.o)
                              /usr/lib/gcc/arm-none-eabi/4.9.3/../../../arm-none-eabi/lib/armv7-m/libm.a(lib_a-wf_pow.o) (rint)
/usr/lib/gcc/arm-none-eabi/4.9.3/../../../arm-none-eabi/lib/armv7-m/libm.a(lib_a-sf_fabs.o)
                              /usr/lib/gcc/arm-none-eabi/4.9.3/../../../arm-none-eabi/lib/armv7-m/libm.a(lib_a-ef_pow.o) (fabsf)
/usr/lib/gcc/arm-none-eabi/4.9.3/../../../arm-none-eabi/lib/armv7-m/libm.a(lib_a-sf_finite.o)
                              /usr/lib/gcc/arm-none-eabi/4.9.3/../../../arm-none-eabi/lib/armv7-m/libm.a(lib_a-wf_pow.o) (finitef)
/usr/lib/gcc/arm-none-eabi/4.9.3/../../../arm-none-eabi/lib/armv7-m/libm.a(lib_a-sf_fpclassify.o)
                              /usr/lib/gcc/arm-none-eabi/4.9.3/../../../arm-none-eabi/lib/armv7-m/libm.a(lib_a-wf_pow.o) (__fpclassifyf)
/usr/lib/gcc/arm-none-eabi/4.9.3/../../../arm-none-eabi/lib/armv7-m/libm.a(lib_a-sf_nan.o)
                              /usr/lib/gcc/arm-none-eabi/4.9.3/../../../arm-none-eabi/lib/armv7-m/libm.a(lib_a-ef_pow.o) (nanf)
/usr/lib/gcc/arm-none-eabi/4.9.3/../../../arm-none-eabi/lib/armv7-m/libm.a(lib_a-sf_scalbn.o)
                              /usr/lib/gcc/arm-none-eabi/4.9.3/../../../arm-none-eabi/lib/armv7-m/libm.a(lib_a-ef_pow.o) (scalbnf)
/usr/lib/gcc/arm-none-eabi/4.9.3/../../../arm-none-eabi/lib/armv7-m/libm.a(lib_a-sf_copysign.o)
                              /usr/lib/gcc/arm-none-eabi/4.9.3/../../../arm-none-eabi/lib/armv7-m/libm.a(lib_a-sf_scalbn.o) (copysignf)
/usr/lib/gcc/arm-none-eabi/4.9.3/../../../arm-none-eabi/lib/armv7-m/libc_nano.a(lib_a-calloc.o)
                              /tmp/ccHvhHOs.ltrans0.ltrans.o (calloc)
/usr/lib/gcc/arm-none-eabi/4.9.3/../../../arm-none-eabi/lib/armv7-m/libc_nano.a(lib_a-errno.o)
                              /usr/lib/gcc/arm-none-eabi/4.9.3/../../../arm-none-eabi/lib/armv7-m/libm.a(lib_a-wf_pow.o) (__errno)
/usr/lib/gcc/arm-none-eabi/4.9.3/../../../arm-none-eabi/lib/armv7-m/libc_nano.a(lib_a-malloc.o)
                              /tmp/ccHvhHOs.ltrans20.ltrans.o (malloc)
/usr/lib/gcc/arm-none-eabi/4.9.3/../../../arm-none-eabi/lib/armv7-m/libc_nano.a(lib_a-memcpy.o)
                              /tmp/ccHvhHOs.ltrans8.ltrans.o (memcpy)
/usr/lib/gcc/arm-none-eabi/4.9.3/../../../arm-none-eabi/lib/armv7-m/libc_nano.a(lib_a-memset.o)
                              /tmp/ccHvhHOs.ltrans0.ltrans.o (memset)
/usr/lib/gcc/arm-none-eabi/4.9.3/../../../arm-none-eabi/lib/armv7-m/libc_nano.a(lib_a-nano-callocr.o)
[...]
Memory Configuration

Name             Origin             Length             Attributes
FLASH            0x08000000         0x0001f000         xr
RAM              0x20000000         0x00005000         xrw
MEMORY_B1        0x60000000         0x00000000         xr
*default*        0x00000000         0xffffffff

Linker script and memory map

LOAD obj/main/NAZE/startup_stm32f10x_md_gcc.o
LOAD obj/main/NAZE/drivers/accgyro_mpu.o
LOAD /tmp/ccHvhHOs.ltrans0.ltrans.o
LOAD /tmp/ccHvhHOs.ltrans1.ltrans.o
LOAD /tmp/ccHvhHOs.ltrans2.ltrans.o
LOAD /tmp/ccHvhHOs.ltrans3.ltrans.o
LOAD /tmp/ccHvhHOs.ltrans4.ltrans.o
LOAD /tmp/ccHvhHOs.ltrans5.ltrans.o
LOAD /tmp/ccHvhHOs.ltrans6.ltrans.o
LOAD /tmp/ccHvhHOs.ltrans7.ltrans.o
LOAD /tmp/ccHvhHOs.ltrans8.ltrans.o
LOAD /tmp/ccHvhHOs.ltrans9.ltrans.o
LOAD /tmp/ccHvhHOs.ltrans10.ltrans.o
LOAD /tmp/ccHvhHOs.ltrans11.ltrans.o
LOAD /tmp/ccHvhHOs.ltrans12.ltrans.o
LOAD /tmp/ccHvhHOs.ltrans13.ltrans.o
LOAD /tmp/ccHvhHOs.ltrans14.ltrans.o
LOAD /tmp/ccHvhHOs.ltrans15.ltrans.o
LOAD /tmp/ccHvhHOs.ltrans16.ltrans.o
LOAD /tmp/ccHvhHOs.ltrans17.ltrans.o
LOAD /tmp/ccHvhHOs.ltrans18.ltrans.o
LOAD /tmp/ccHvhHOs.ltrans19.ltrans.o
LOAD /tmp/ccHvhHOs.ltrans20.ltrans.o
LOAD /tmp/ccHvhHOs.ltrans21.ltrans.o
LOAD /tmp/ccHvhHOs.ltrans22.ltrans.o
LOAD /tmp/ccHvhHOs.ltrans23.ltrans.o
LOAD /tmp/ccHvhHOs.ltrans24.ltrans.o
LOAD obj/main/NAZE/drivers/accgyro_mpu3050.o
LOAD obj/main/NAZE/drivers/accgyro_mpu6050.o
LOAD obj/main/NAZE/drivers/accgyro_mpu6500.o
LOAD obj/main/NAZE/drivers/adc.o
LOAD obj/main/NAZE/drivers/adc_stm32f10x.o
LOAD obj/main/NAZE/drivers/barometer_bmp280.o
LOAD obj/main/NAZE/drivers/bus_spi.o
LOAD obj/main/NAZE/drivers/bus_i2c_stm32f10x.o
LOAD obj/main/NAZE/drivers/compass_hmc5883l.o
LOAD obj/main/NAZE/drivers/compass_qmc5883l.o
LOAD obj/main/NAZE/drivers/display_ug2864hsweg01.o
LOAD obj/main/NAZE/drivers/flash_m25p16.o
LOAD obj/main/NAZE/drivers/gpio_stm32f10x.o
LOAD obj/main/NAZE/drivers/inverter.o
LOAD obj/main/NAZE/drivers/light_led_stm32f10x.o
LOAD obj/main/NAZE/drivers/light_ws2811strip.o
LOAD obj/main/NAZE/drivers/light_ws2811strip_stm32f10x.o
LOAD obj/main/NAZE/drivers/sonar_hcsr04.o
LOAD obj/main/NAZE/drivers/pwm_mapping.o
LOAD obj/main/NAZE/drivers/pwm_output.o
LOAD obj/main/NAZE/drivers/pwm_rx.o
LOAD obj/main/NAZE/drivers/serial_softserial.o
LOAD obj/main/NAZE/drivers/serial_uart.o
LOAD obj/main/NAZE/drivers/serial_uart_stm32f10x.o
LOAD obj/main/NAZE/drivers/sound_beeper_stm32f10x.o
LOAD obj/main/NAZE/drivers/system_stm32f10x.o
LOAD obj/main/NAZE/drivers/timer.o
LOAD obj/main/NAZE/drivers/timer_stm32f10x.o
LOAD obj/main/NAZE/io/flashfs.o
LOAD obj/main/NAZE/hardware_revision.o
LOAD obj/main/NAZE/flight/gtune.o
LOAD obj/main/NAZE/flight/navigation.o
LOAD obj/main/NAZE/flight/gps_conversion.o
LOAD obj/main/NAZE/common/colorconversion.o
LOAD obj/main/NAZE/io/gps.o
LOAD obj/main/NAZE/io/ledstrip.o
LOAD obj/main/NAZE/io/display.o
LOAD obj/main/NAZE/telemetry/telemetry.o
LOAD obj/main/NAZE/telemetry/frsky.o
LOAD obj/main/NAZE/telemetry/hott.o
LOAD obj/main/NAZE/telemetry/smartport.o
LOAD obj/main/NAZE/telemetry/ltm.o
LOAD obj/main/NAZE/sensors/sonar.o
LOAD obj/main/NAZE/sensors/barometer.o
LOAD obj/main/NAZE/blackbox/blackbox.o
LOAD obj/main/NAZE/blackbox/blackbox_io.o
LOAD obj/main/NAZE/pif/source/core/pif.o
LOAD obj/main/NAZE/pif/source/core/pif_comm.o
LOAD obj/main/NAZE/pif/source/core/pif_i2c.o
LOAD obj/main/NAZE/pif/source/core/pif_list.o
LOAD obj/main/NAZE/pif/source/core/pif_log.o
LOAD obj/main/NAZE/pif/source/core/pif_ring_buffer.o
LOAD obj/main/NAZE/pif/source/core/pif_task.o
LOAD obj/main/NAZE/pif/source/core/pif_timer.o
LOAD obj/main/NAZE/pif/source/protocol/pif_msp.o
LOAD obj/main/NAZE/pif/source/sensor/pif_bmp280.o
LOAD obj/main/NAZE/pif/source/sensor/pif_hc_sr04.o
LOAD obj/main/NAZE/pif/source/sensor/pif_hmc5883.o
LOAD obj/main/NAZE/pif/source/sensor/pif_imu_sensor.o
LOAD obj/main/NAZE/pif/source/sensor/pif_mpu30x0.o
LOAD obj/main/NAZE/pif/source/sensor/pif_mpu60x0.o
LOAD obj/main/NAZE/pif/source/sensor/pif_mpu6500.o
LOAD obj/main/NAZE/pif/source/sensor/pif_qmc5883.o
LOAD obj/main/NAZE/build_config.o
LOAD obj/main/NAZE/debug.o
LOAD obj/main/NAZE/version.o
LOAD obj/main/NAZE/config/config.o
LOAD obj/main/NAZE/config/runtime_config.o
LOAD obj/main/NAZE/common/maths.o
LOAD obj/main/NAZE/common/printf.o
LOAD obj/main/NAZE/common/typeconversion.o
LOAD obj/main/NAZE/common/encoding.o
LOAD obj/main/NAZE/common/filter.o
LOAD obj/main/NAZE/scheduler.o
LOAD obj/main/NAZE/scheduler_tasks.o
LOAD obj/main/NAZE/main.o
LOAD obj/main/NAZE/mw.o
LOAD obj/main/NAZE/flight/altitudehold.o
LOAD obj/main/NAZE/flight/failsafe.o
LOAD obj/main/NAZE/flight/pid.o
LOAD obj/main/NAZE/flight/imu.o
LOAD obj/main/NAZE/flight/mixer.o
LOAD obj/main/NAZE/drivers/bus_i2c.o
LOAD obj/main/NAZE/drivers/bus_i2c_soft.o
LOAD obj/main/NAZE/drivers/sensor.o
LOAD obj/main/NAZE/drivers/serial.o
LOAD obj/main/NAZE/drivers/sound_beeper.o
LOAD obj/main/NAZE/drivers/system.o
LOAD obj/main/NAZE/drivers/dma.o
LOAD obj/main/NAZE/drivers/gyro_sync.o
LOAD obj/main/NAZE/io/beeper.o
LOAD obj/main/NAZE/io/rc_controls.o
LOAD obj/main/NAZE/io/rc_curves.o
LOAD obj/main/NAZE/io/serial.o
LOAD obj/main/NAZE/io/serial_cli.o
LOAD obj/main/NAZE/io/serial_msp.o
LOAD obj/main/NAZE/io/statusindicator.o
LOAD obj/main/NAZE/rx/rx.o
LOAD obj/main/NAZE/rx/pwm.o
LOAD obj/main/NAZE/rx/msp.o
LOAD obj/main/NAZE/rx/sbus.o
LOAD obj/main/NAZE/rx/sumd.o
LOAD obj/main/NAZE/rx/sumh.o
LOAD obj/main/NAZE/rx/spektrum.o
LOAD obj/main/NAZE/rx/xbus.o
LOAD obj/main/NAZE/rx/ibus.o
LOAD obj/main/NAZE/sensors/acceleration.o
LOAD obj/main/NAZE/sensors/battery.o
LOAD obj/main/NAZE/sensors/compass.o
LOAD obj/main/NAZE/sensors/gyro.o
LOAD obj/main/NAZE/sensors/initialisation.o
LOAD obj/main/NAZE/sensors/sensors.o
LOAD obj/main/NAZE/core_cm3.o
LOAD obj/main/NAZE/system_stm32f10x.o
LOAD obj/main/NAZE/stm32f10x_dma.o
LOAD obj/main/NAZE/stm32f10x_dbgmcu.o
LOAD obj/main/NAZE/stm32f10x_dac.o
LOAD obj/main/NAZE/stm32f10x_rtc.o
LOAD obj/main/NAZE/stm32f10x_pwr.o
LOAD obj/main/NAZE/stm32f10x_i2c.o
LOAD obj/main/NAZE/stm32f10x_sdio.o
LOAD obj/main/NAZE/stm32f10x_rcc.o
LOAD obj/main/NAZE/stm32f10x_flash.o
LOAD obj/main/NAZE/stm32f10x_usart.o
LOAD obj/main/NAZE/stm32f10x_tim.o
LOAD obj/main/NAZE/stm32f10x_wwdg.o
LOAD obj/main/NAZE/misc.o
LOAD obj/main/NAZE/stm32f10x_iwdg.o
LOAD obj/main/NAZE/stm32f10x_adc.o
LOAD obj/main/NAZE/stm32f10x_spi.o
LOAD obj/main/NAZE/stm32f10x_bkp.o
LOAD obj/main/NAZE/stm32f10x_exti.o
LOAD obj/main/NAZE/stm32f10x_fsmc.o
LOAD obj/main/NAZE/stm32f10x_gpio.o
LOAD /usr/lib/gcc/arm-none-eabi/4.9.3/../../../arm-none-eabi/lib/armv7-m/libm.a
LOAD /usr/lib/gcc/arm-none-eabi/4.9.3/../../../arm-none-eabi/lib/armv7-m/libc_nano.a
LOAD /usr/lib/gcc/arm-none-eabi/4.9.3/../../../arm-none-eabi/lib/armv7-m/libnosys.a
START GROUP
LOAD /usr/lib/gcc/arm-none-eabi/4.9.3/armv7-m/libgcc.a
LOAD /usr/lib/gcc/arm-none-eabi/4.9.3/../../../arm-none-eabi/lib/armv7-m/libg_nano.a
LOAD /usr/lib/gcc/arm-none-eabi/4.9.3/../../../arm-none-eabi/lib/armv7-m/libc_nano.a
END GROUP
START GROUP
LOAD /usr/lib/gcc/arm-none-eabi/4.9.3/armv7-m/libgcc.a
LOAD /usr/lib/gcc/arm-none-eabi/4.9.3/../../../arm-none-eabi/lib/armv7-m/libc_nano.a
END GROUP
                0x20005000                _estack = (ORIGIN (RAM) + LENGTH (RAM))
                0x00000000                _Min_Heap_Size = 0x0
                0x00000400                _Min_Stack_Size = 0x400

.isr_vector     0x08000000      0x10c
                0x08000000                . = ALIGN (0x4)
                [!provide]                PROVIDE (isr_vector_table_base, .)
 *(.isr_vector)
 .isr_vector    0x08000000      0x10c obj/main/NAZE/startup_stm32f10x_md_gcc.o
                0x08000000                g_pfnVectors
                0x0800010c                . = ALIGN (0x4)

.text           0x08000110    0x16ed0
                0x08000110                . = ALIGN (0x4)
 *(.text)
 .text          0x08000110     0x18dc /tmp/ccHvhHOs.ltrans1.ltrans.o
                0x08000110                evtMspReceive.lto_priv.366
 .text          0x080019ec     0x11fc /tmp/ccHvhHOs.ltrans2.ltrans.o
                0x080019ec                taskUpdateRxMain
 .text          0x08002be8     0x1c98 /tmp/ccHvhHOs.ltrans3.ltrans.o
                0x08002be8                taskMainPidLoop
 .text          0x08004880      0x394 /tmp/ccHvhHOs.ltrans4.ltrans.o
                0x08004880                cliDump.lto_priv.330
 *fill*         0x08004c14        0x4 
 .text          0x08004c18      0xa8c /tmp/ccHvhHOs.ltrans5.ltrans.o
                0x08004c18                mpu6500AccDetect
                0x08004c54                mpu6050AccDetect
                0x08004cf0                mpu6500GyroDetect
                0x08004d64                mpu6050GyroDetect
                0x08004dd8                mpu3050Detect
                0x08004e54                bmp280Detect
                0x08005674                i2cHandleHardwareFailure.lto_priv.271
                0x08005694                I2C2_EV_IRQHandler
                0x08005698                I2C2_ER_IRQHandler
                0x0800569c                I2C1_EV_IRQHandler
                0x080056a0                I2C1_ER_IRQHandler
 .text          0x080056a4      0xaf8 /tmp/ccHvhHOs.ltrans6.ltrans.o
                0x080056a4                _doTask.lto_priv.358
                0x080056ec                _evtTimerRxTimeout.lto_priv.368
                0x08005700                _doTask.lto_priv.357
                0x08005724                pifQmc5883_ReadMag
                0x08005780                pifMpu6500_ReadAccel
                0x080057ea                pifMpu6500_ReadGyro
                0x08005854                pifMpu60x0_ReadAccel
                0x080058be                pifMpu60x0_ReadGyro
                0x08005928                pifMpu30x0_ReadGyro
                0x0800598c                pifHmc5883_ReadMag
                0x08005a1a                _evtParsing.lto_priv.369
                0x08005b80                _doTask.lto_priv.468
                0x08005d7c                _evtSending.lto_priv.370
                0x08005e10                _changeGain.isra.0.lto_priv.206
                0x08005e64                pifMsp_AddAnswer
                0x08005ebc                pifMsp_AddAnswer32
                0x08005f1c                pifMsp_AddAnswer16
                0x08005f70                pifMsp_AddAnswer8
                0x08005fbc                pifMsp_ReadData32
                0x08005fda                pifMsp_ReadData16
                0x08005fea                pifTaskManager_Yield
 .text          0x0800619c      0x8dc /tmp/ccHvhHOs.ltrans7.ltrans.o
                0x0800619c                _doTask.lto_priv.356
                0x08006224                _doTask.lto_priv.327
                0x08006328                _evtParsing.lto_priv.325
                0x08006528                pifLog_CmdSetStatus
                0x08006600                pifLog_CmdPrintVersion
                0x08006624                pifLog_CmdPrintTask
                0x080066f4                pifLog_CmdHelp
                0x08006766                pifFixList_Init.part.1.lto_priv.209
                0x080067c2                pifFixList_Remove
                0x080067f2                pifFixList_AddFirst
                0x08006820                pifI2cDevice_WriteRegByte
                0x08006834                pifI2cDevice_ReadRegBit8
                0x08006860                pifI2cDevice_ReadRegBytes
                0x08006864                pifI2cDevice_ReadRegByte
                0x0800686a                pifI2cPort_RemoveDevice
                0x08006872                pif_PrintFormat
 .text          0x08006a78     0x1050 /tmp/ccHvhHOs.ltrans8.ltrans.o
                0x08006aa0                _putc.lto_priv.392
                0x08006ab0                createTask.part.1.lto_priv.418
                0x08006ae0                applyBiQuadFilter
                0x08006b46                BiQuadNewLpf
                0x08006c18                fastA2F
                0x08006d44                itoa
                0x08006d6a                ftoa
                0x08006e38                applyDeadband
                0x08006e56                acosf
                0x08006ed0                atan2f
                0x08006fd4                sinf
                0x080070bc                cosf
                0x080070d0                disableFlightMode
                0x080070f0                enableFlightMode
                0x08007110                handleOneshotFeatureChangeOnRestart
                0x08007164                activateControlRateConfig
                0x080071ac                isEEPROMContentValid.lto_priv.423
                0x080071f0                writeEEPROM
                0x0800733c                readEEPROM
                0x08007690                saveConfigAndNotify
                0x080076a4                resetConf.lto_priv.212
 .text          0x08007ac8      0x9f0 /tmp/ccHvhHOs.ltrans9.ltrans.o
                0x08007ac8                actUartStartTransfer.lto_priv.205
                0x08007af4                pwmOverflowCallback.lto_priv.382
                0x08007b1c                ppmOverflowCallback.lto_priv.384
                0x08007b5c                pwmWriteStandard.lto_priv.379
                0x08007b6c                pwmWriteBrushed.lto_priv.380
                0x08007b90                _actHcSr04Trigger.lto_priv.354
                0x08007ba8                ppmEdgeCallback.lto_priv.383
                0x08007d40                _evtHcSr04Distance.lto_priv.355
                0x08007db0                usartIrqCallback
                0x08007e3e                uartReconfigure.lto_priv.207
                0x08007f68                actCommSetBaudRate.lto_priv.204
                0x08007f90                pwmICConfig
                0x08008188                pwmEdgeCallback.lto_priv.381
                0x080081e0                pwmWriteServo
                0x080081f8                pwmOutConfig.lto_priv.422
                0x080084ac                EXTI9_5_IRQHandler
                0x080084b0                EXTI1_IRQHandler
                0x080084b4                EXTI0_IRQHandler
 .text          0x080084b8      0x818 /tmp/ccHvhHOs.ltrans10.ltrans.o
                0x080084b8                NVIC_Init.part.0.constprop.203
                0x080084f4                EXTI_Init.part.0.constprop.198
                0x08008548                _alignSensors.constprop.194
                0x08008680                pifI2cDevice_Read.constprop.189
                0x08008720                pifI2cDevice_Write.constprop.187
                0x080087b4                pifI2cPort_AddDevice.constprop.185
                0x080087d4                spiTransferByte.constprop.138
                0x080087f4                spiTransfer.constprop.137
                0x08008834                pifImuSensor_ReadRawMag.part.4.constprop.134
                0x0800887c                pifHmc5883_SetGain.constprop.131
                0x080088e8                timerConfigure.constprop.105
                0x08008940                uartOpen.constprop.97
                0x08008c28                pifTask_GetDeltaTime.constprop.90
                0x08008c60                pif_Printf.constprop.87
                0x08008c80                pifRingBuffer_InitHeap.constprop.85
 .text          0x08008cd0      0x7b8 /tmp/ccHvhHOs.ltrans11.ltrans.o
                0x08008cd0                cliFlashErase.lto_priv.333
                0x08008d00                cliFlashInfo.lto_priv.334
                0x08008d3c                cliServo.lto_priv.241
                0x08008e54                cliServoMix.lto_priv.343
                0x08009174                cliRxRange.lto_priv.242
                0x0800924c                cliMotorMix.lto_priv.338
                0x08009444                dumpValues.lto_priv.240
 .text          0x08009488      0xc68 /tmp/ccHvhHOs.ltrans12.ltrans.o
                0x08009488                micros
                0x080094c0                beepInverted.lto_priv.388
                0x080094d4                beepNormal.lto_priv.389
                0x080094e8                actI2cRead
                0x080094f8                actI2cWrite
                0x08009bfc                delayMicroseconds
                0x08009c12                delay
                0x08009c26                SysTick_Handler
                0x08009d8c                EXTI15_10_IRQHandler
                0x08009dac                registerExtiCallbackHandler
                0x08009de0                systemBeep
                0x08009dec                writeMotors
                0x08009e94                stopMotors
                0x08009edc                mixerResetDisarmedMotors
                0x08009f14                loadCustomServoMixer
                0x08009f64                determineServoMiddleOrForwardFromChannel
                0x08009f98                imuComputeRotationMatrix.lto_priv.320
                0x0800a0cc                pidSetController
 .text          0x0800a0f0      0x8d4 /tmp/ccHvhHOs.ltrans13.ltrans.o
                0x0800a178                pif_HexToString
                0x0800a1e0                pif_DecToString
                0x0800a272                pif_BinToString
                0x0800a2c0                pif_Delay1ms
                0x0800a2d8                recalculateBarometerTotal.lto_priv.281
                0x0800a34c                evtBaroRead
                0x0800a3b4                calculate_Gtune
                0x0800a574                flashfsFlushSync
                0x0800a6d8                flashfsGetOffset
                0x0800a700                flashfsEraseCompletely
                0x0800a74c                TIM4_IRQHandler
                0x0800a75c                TIM3_IRQHandler
                0x0800a76c                TIM2_IRQHandler
                0x0800a778                TIM1_UP_IRQHandler
                0x0800a788                TIM1_CC_IRQHandler
                0x0800a798                configTimeBase
                0x0800a840                lookupTimerIndex.lto_priv.272
                0x0800a87c                timerChConfigCallbacks
                0x0800a934                USART3_IRQHandler
                0x0800a940                USART2_IRQHandler
                0x0800a94c                USART1_IRQHandler
                0x0800a958                DMA1_Channel4_IRQHandler
 *fill*         0x0800a9c4        0x4 
 .text          0x0800a9c8      0xc9c /tmp/ccHvhHOs.ltrans14.ltrans.o
                0x0800a9c8                taskCalculateAltitude
                0x0800aec0                taskUpdateBaro
                0x0800af70                taskUpdateCompass
                0x0800b0d8                filterIsSetCheck
                0x0800b11c                scaleItermToRcInput
                0x0800b200                pidLuxFloat.lto_priv.270
                0x0800b604                pidResetErrorAngle
                0x0800b624                failsafeActivate.lto_priv.297
 .text          0x0800b664      0x60c /tmp/ccHvhHOs.ltrans15.ltrans.o
                0x0800b664                i2cInit
                0x0800b878                i2c_ev_handler.lto_priv.475
                0x0800bb20                i2c_er_handler.lto_priv.476
                0x0800bbbc                i2cRead
 .text          0x0800bc70      0x7c8 /tmp/ccHvhHOs.ltrans16.ltrans.o
                0x0800bd98                qmc5883lDetect
                0x0800bdf8                hmc5883lDetect
                0x0800be78                ECHO_EXTI_IRQHandler.lto_priv.454
                0x0800bee4                gpioExtiLineConfig
                0x0800bf0e                gpioInit
                0x0800c384                m25p16_isReady
                0x0800c3cc                m25p16_waitForReady
                0x0800c3ec                m25p16_readBytes
 .text          0x0800c438      0x47c /tmp/ccHvhHOs.ltrans17.ltrans.o
                0x0800c438                cliRateProfile.lto_priv.238
                0x0800c484                cliProfile.lto_priv.239
                0x0800c4c4                cliPlaySound.lto_priv.340
                0x0800c56c                cliMotor.lto_priv.339
                0x0800c5e4                cliMixer.lto_priv.337
                0x0800c68c                cliMap.lto_priv.336
                0x0800c740                cliPrintVar.lto_priv.220
                0x0800c830                cliReboot.lto_priv.235
                0x0800c878                cliDefaults.lto_priv.329
                0x0800c898                cliSave.lto_priv.341
 .text          0x0800c8b4      0x628 /tmp/ccHvhHOs.ltrans18.ltrans.o
                0x0800c8b4                cliVersion.lto_priv.247
                0x0800c8f0                cliTasks.lto_priv.345
                0x0800c9a4                cliStatus.lto_priv.344
                0x0800cb44                cliGet.lto_priv.335
                0x0800cbac                cliSet.lto_priv.342
                0x0800cdac                packFlightModeFlags.lto_priv.213
 .text          0x0800cedc      0x860 /tmp/ccHvhHOs.ltrans19.ltrans.o
                0x0800cedc                evtMspOtherPacket
                0x0800cf18                dmaNoOpHandler
                0x0800cf7c                cliShowArgumentRangeError.lto_priv.233
                0x0800cf98                cliAux.lto_priv.244
                0x0800d060                cliShowParseError.lto_priv.234
                0x0800d06c                cliAdjustmentRange.lto_priv.243
                0x0800d184                cliRxFail.lto_priv.245
                0x0800d2b8                serialRemovePort
                0x0800d2e8                serialFindPortConfiguration
                0x0800d320                cliSerial.lto_priv.246
                0x0800d474                doesConfigurationUsePort
                0x0800d48a                generateThrottleCurve
                0x0800d51c                generatePitchRollCurve
                0x0800d550                isRangeActive.part.2.lto_priv.296
                0x0800d598                calculateThrottleStatus
                0x0800d5cc                beeperSilence
                0x0800d5f4                beeper
                0x0800d638                beeperConfirmationBeeps
                0x0800d668                DMA1_Channel7_IRQHandler
                0x0800d678                DMA1_Channel6_IRQHandler
                0x0800d688                DMA1_Channel3_IRQHandler
                0x0800d698                DMA1_Channel2_IRQHandler
                0x0800d6a8                failureMode
 .text          0x0800d73c      0x698 /tmp/ccHvhHOs.ltrans20.ltrans.o
                0x0800d764                rxMspReadRawRC.lto_priv.362
                0x0800d770                ppmReadRawRC.lto_priv.364
                0x0800d780                pwmReadRawRC.lto_priv.363
                0x0800d790                nullReadRawRC.lto_priv.295
                0x0800d794                pifRingBuffer_CreateHeap.constprop.84
                0x0800d7cc                pifLog_Printf.constprop.76
                0x0800d7f4                resetSerialConfig.constprop.54
                0x0800d85c                isModeActivationConditionPresent.constprop.47
                0x0800d87a                parseRcChannels.constprop.43
                0x0800d8b4                findNextSerialPortConfig.constprop.27
                0x0800d8e8                initI2cDevice.constprop.19
                0x0800d94c                setAdjustment.isra.0.constprop.12
                0x0800d9b0                GPIO_Init
                0x0800da4c                FLASH_WaitForLastOperation
                0x0800da6e                RCC_GetClocksFreq
                0x0800db00                DMA_Init
                0x0800db3c                DMA_DeInit
                0x0800dc2c                SystemInit
                0x0800dc78                batteryAdcToVoltage
                0x0800dca4                updateBatteryVoltage.lto_priv.304
                0x0800dcdc                getRxfailValue.lto_priv.298
                0x0800dd38                resumeRxSignal
                0x0800dd60                suspendRxSignal
                0x0800dd8c                warningLedRefresh
 .text          0x0800ddd4      0x688 /tmp/ccHvhHOs.ltrans21.ltrans.o
                0x0800de68                pifTask_SetTrigger
                0x0800de94                _checkLoopTime.lto_priv.417
                0x0800def0                _processingTask.lto_priv.416
                0x0800df98                _setParam.lto_priv.421
                0x0800e0a0                _checkParam.lto_priv.419
                0x0800e104                pifTaskManager_Add
                0x0800e19c                _resetTable.lto_priv.420
                0x0800e1c8                pifTaskManager_Remove
                0x0800e20c                pifRingBuffer_GetRemainSize
                0x0800e222                pifRingBuffer_GetFillSize
                0x0800e234                pifRingBuffer_Remove
                0x0800e25a                _evtSending.lto_priv.326
                0x0800e312                pifRingBuffer_PutString
                0x0800e374                pifRingBuffer_PutData
                0x0800e3cc                pifRingBuffer_PutByte
                0x0800e408                pifRingBuffer_Clear
                0x0800e420                _printLog.lto_priv.208
 .text          0x0800e45c      0x130 /tmp/ccHvhHOs.ltrans22.ltrans.o
                0x0800e45c                cliFeature.lto_priv.332
                0x0800e568                cliExit.lto_priv.331
 .text          0x0800e58c      0x530 /tmp/ccHvhHOs.ltrans23.ltrans.o
                0x0800e58c                taskUpdateBattery
                0x0800e794                taskUpdateBeeper
                0x0800e86c                taskUpdateAccelerometer
 .text          0x0800eabc      0x220 /tmp/ccHvhHOs.ltrans24.ltrans.o
                0x0800eabc                taskSystem
                0x0800ec34                mwArm
                0x0800eca8                mwDisarm
                0x0800ecc4                HardFault_Handler
 .text          0x0800ecdc      0x370 /usr/lib/gcc/arm-none-eabi/4.9.3/armv7-m/libgcc.a(_arm_addsubdf3.o)
                0x0800ecdc                __aeabi_drsub
                0x0800ece4                __aeabi_dsub
                0x0800ece4                __subdf3
                0x0800ece8                __adddf3
                0x0800ece8                __aeabi_dadd
                0x0800ef60                __aeabi_ui2d
                0x0800ef60                __floatunsidf
                0x0800ef80                __floatsidf
                0x0800ef80                __aeabi_i2d
                0x0800efa4                __extendsfdf2
                0x0800efa4                __aeabi_f2d
                0x0800efe0                __aeabi_ul2d
                0x0800efe0                __floatundidf
                0x0800eff0                __floatdidf
                0x0800eff0                __aeabi_l2d
 .text          0x0800f04c      0x424 /usr/lib/gcc/arm-none-eabi/4.9.3/armv7-m/libgcc.a(_arm_muldivdf3.o)
                0x0800f04c                __aeabi_dmul
                0x0800f04c                __muldf3
                0x0800f2a0                __aeabi_ddiv
                0x0800f2a0                __divdf3
 .text          0x0800f470      0x110 /usr/lib/gcc/arm-none-eabi/4.9.3/armv7-m/libgcc.a(_arm_cmpdf2.o)
                0x0800f470                __gtdf2
                0x0800f470                __gedf2
                0x0800f478                __ltdf2
                0x0800f478                __ledf2
                0x0800f480                __cmpdf2
                0x0800f480                __eqdf2
                0x0800f480                __nedf2
                0x0800f4fc                __aeabi_cdrcmple
                0x0800f50c                __aeabi_cdcmple
                0x0800f50c                __aeabi_cdcmpeq
                0x0800f51c                __aeabi_dcmpeq
                0x0800f530                __aeabi_dcmplt
                0x0800f544                __aeabi_dcmple
                0x0800f558                __aeabi_dcmpge
                0x0800f56c                __aeabi_dcmpgt
 .text          0x0800f580       0x40 /usr/lib/gcc/arm-none-eabi/4.9.3/armv7-m/libgcc.a(_arm_fixunsdfsi.o)
                0x0800f580                __fixunsdfsi
                0x0800f580                __aeabi_d2uiz
 .text          0x0800f5c0       0xa0 /usr/lib/gcc/arm-none-eabi/4.9.3/armv7-m/libgcc.a(_arm_truncdfsf2.o)
                0x0800f5c0                __aeabi_d2f
                0x0800f5c0                __truncdfsf2
 .text          0x0800f660      0x21c /usr/lib/gcc/arm-none-eabi/4.9.3/armv7-m/libgcc.a(_arm_addsubsf3.o)
                0x0800f660                __aeabi_frsub
                0x0800f668                __subsf3
                0x0800f668                __aeabi_fsub
                0x0800f66c                __aeabi_fadd
                0x0800f66c                __addsf3
                0x0800f7cc                __aeabi_ui2f
                0x0800f7cc                __floatunsisf
                0x0800f7d4                __aeabi_i2f
                0x0800f7d4                __floatsisf
                0x0800f7f0                __floatundisf
                0x0800f7f0                __aeabi_ul2f
                0x0800f800                __floatdisf
                0x0800f800                __aeabi_l2f
 .text          0x0800f87c      0x2a0 /usr/lib/gcc/arm-none-eabi/4.9.3/armv7-m/libgcc.a(_arm_muldivsf3.o)
                0x0800f87c                __mulsf3
                0x0800f87c                __aeabi_fmul
                0x0800f9e4                __divsf3
                0x0800f9e4                __aeabi_fdiv
 .text          0x0800fb1c       0xec /usr/lib/gcc/arm-none-eabi/4.9.3/armv7-m/libgcc.a(_arm_cmpsf2.o)
                0x0800fb1c                __gtsf2
                0x0800fb1c                __gesf2
                0x0800fb24                __lesf2
                0x0800fb24                __ltsf2
                0x0800fb2c                __nesf2
                0x0800fb2c                __eqsf2
                0x0800fb2c                __cmpsf2
                0x0800fb8c                __aeabi_cfrcmple
                0x0800fb94                __aeabi_cfcmple
                0x0800fb94                __aeabi_cfcmpeq
                0x0800fba4                __aeabi_fcmpeq
                0x0800fbb8                __aeabi_fcmplt
                0x0800fbcc                __aeabi_fcmple
                0x0800fbe0                __aeabi_fcmpge
                0x0800fbf4                __aeabi_fcmpgt
 .text          0x0800fc08       0x4c /usr/lib/gcc/arm-none-eabi/4.9.3/armv7-m/libgcc.a(_arm_fixsfsi.o)
                0x0800fc08                __fixsfsi
                0x0800fc08                __aeabi_f2iz
 .text          0x0800fc54       0x40 /usr/lib/gcc/arm-none-eabi/4.9.3/armv7-m/libgcc.a(_arm_fixunssfsi.o)
                0x0800fc54                __aeabi_f2uiz
                0x0800fc54                __fixunssfsi
 .text          0x0800fc94       0x38 /usr/lib/gcc/arm-none-eabi/4.9.3/armv7-m/libgcc.a(_aeabi_ldivmod.o)
                0x0800fc94                __aeabi_ldivmod
 .text          0x0800fccc       0x60 /usr/lib/gcc/arm-none-eabi/4.9.3/armv7-m/libgcc.a(bpabi.o)
                0x0800fccc                __gnu_ldivmod_helper
                0x0800fcfc                __gnu_uldivmod_helper
 .text          0x0800fd2c        0x4 /usr/lib/gcc/arm-none-eabi/4.9.3/armv7-m/libgcc.a(_dvmd_tls.o)
                0x0800fd2c                __aeabi_ldiv0
                0x0800fd2c                __aeabi_idiv0
 .text          0x0800fd30      0x2ac /usr/lib/gcc/arm-none-eabi/4.9.3/armv7-m/libgcc.a(_divdi3.o)
                0x0800fd30                __divdi3
 .text          0x0800ffdc      0x270 /usr/lib/gcc/arm-none-eabi/4.9.3/armv7-m/libgcc.a(_udivdi3.o)
                0x0800ffdc                __udivdi3
 *(.text*)
 .text.Reset_Handler
                0x0801024c       0x9c obj/main/NAZE/startup_stm32f10x_md_gcc.o
                0x0801024c                Reset_Handler
 .text.Default_Handler
                0x080102e8        0x2 obj/main/NAZE/startup_stm32f10x_md_gcc.o
                0x080102e8                EXTI2_IRQHandler
                0x080102e8                DebugMon_Handler
                0x080102e8                PVD_IRQHandler
                0x080102e8                PendSV_Handler
                0x080102e8                NMI_Handler
                0x080102e8                EXTI3_IRQHandler
                0x080102e8                UsageFault_Handler
                0x080102e8                ADC1_2_IRQHandler
                0x080102e8                SPI1_IRQHandler
                0x080102e8                TAMPER_IRQHandler
                0x080102e8                RTC_IRQHandler
                0x080102e8                CAN1_RX1_IRQHandler
                0x080102e8                RCC_IRQHandler
                0x080102e8                TIM1_TRG_COM_IRQHandler
                0x080102e8                DMA1_Channel1_IRQHandler
                0x080102e8                Default_Handler
                0x080102e8                SPI2_IRQHandler
                0x080102e8                MemManage_Handler
                0x080102e8                SVC_Handler
                0x080102e8                DMA1_Channel5_IRQHandler
                0x080102e8                EXTI4_IRQHandler
                0x080102e8                USB_LP_CAN1_RX0_IRQHandler
                0x080102e8                USB_HP_CAN1_TX_IRQHandler
                0x080102e8                WWDG_IRQHandler
                0x080102e8                TIM1_BRK_IRQHandler
                0x080102e8                RTCAlarm_IRQHandler
                0x080102e8                CAN1_SCE_IRQHandler
                0x080102e8                FLASH_IRQHandler
                0x080102e8                BusFault_Handler
                0x080102e8                USBWakeUp_IRQHandler
 *fill*         0x080102ea        0x2 
 .text.startup  0x080102ec     0x2328 /tmp/ccHvhHOs.ltrans0.ltrans.o
                0x080102ec                main
 .text.atoi     0x08012614        0x8 /usr/lib/gcc/arm-none-eabi/4.9.3/../../../arm-none-eabi/lib/armv7-m/libc_nano.a(lib_a-atoi.o)
                0x08012614                atoi
 .text._strtol_r
                0x0801261c      0x10c /usr/lib/gcc/arm-none-eabi/4.9.3/../../../arm-none-eabi/lib/armv7-m/libc_nano.a(lib_a-strtol.o)
                0x0801261c                _strtol_r
 .text.strtol   0x08012728       0x1c /usr/lib/gcc/arm-none-eabi/4.9.3/../../../arm-none-eabi/lib/armv7-m/libc_nano.a(lib_a-strtol.o)
                0x08012728                strtol
 .text.lrintf   0x08012744       0x78 /usr/lib/gcc/arm-none-eabi/4.9.3/../../../arm-none-eabi/lib/armv7-m/libm.a(lib_a-sf_lrint.o)
                0x08012744                lrintf
 .text.powf     0x080127bc      0x314 /usr/lib/gcc/arm-none-eabi/4.9.3/../../../arm-none-eabi/lib/armv7-m/libm.a(lib_a-wf_pow.o)
                0x080127bc                powf
 .text.sqrtf    0x08012ad0       0x9c /usr/lib/gcc/arm-none-eabi/4.9.3/../../../arm-none-eabi/lib/armv7-m/libm.a(lib_a-wf_sqrt.o)
                0x08012ad0                sqrtf
 .text.__ieee754_powf
                0x08012b6c      0x6ec /usr/lib/gcc/arm-none-eabi/4.9.3/../../../arm-none-eabi/lib/armv7-m/libm.a(lib_a-ef_pow.o)
                0x08012b6c                __ieee754_powf
 .text.__ieee754_sqrtf
                0x08013258       0xa8 /usr/lib/gcc/arm-none-eabi/4.9.3/../../../arm-none-eabi/lib/armv7-m/libm.a(lib_a-ef_sqrt.o)
                0x08013258                __ieee754_sqrtf
 .text.matherr  0x08013300        0x4 /usr/lib/gcc/arm-none-eabi/4.9.3/../../../arm-none-eabi/lib/armv7-m/libm.a(lib_a-s_matherr.o)
                0x08013300                matherr
 .text.rint     0x08013304      0x11c /usr/lib/gcc/arm-none-eabi/4.9.3/../../../arm-none-eabi/lib/armv7-m/libm.a(lib_a-s_rint.o)
                0x08013304                rint
 .text.fabsf    0x08013420        0x8 /usr/lib/gcc/arm-none-eabi/4.9.3/../../../arm-none-eabi/lib/armv7-m/libm.a(lib_a-sf_fabs.o)
                0x08013420                fabsf
 .text.finitef  0x08013428       0x10 /usr/lib/gcc/arm-none-eabi/4.9.3/../../../arm-none-eabi/lib/armv7-m/libm.a(lib_a-sf_finite.o)
                0x08013428                finitef
 .text.__fpclassifyf
                0x08013438       0x34 /usr/lib/gcc/arm-none-eabi/4.9.3/../../../arm-none-eabi/lib/armv7-m/libm.a(lib_a-sf_fpclassify.o)
                0x08013438                __fpclassifyf
 .text.nanf     0x0801346c        0x8 /usr/lib/gcc/arm-none-eabi/4.9.3/../../../arm-none-eabi/lib/armv7-m/libm.a(lib_a-sf_nan.o)
                0x0801346c                nanf
 .text.scalbnf  0x08013474       0xb0 /usr/lib/gcc/arm-none-eabi/4.9.3/../../../arm-none-eabi/lib/armv7-m/libm.a(lib_a-sf_scalbn.o)
                0x08013474                scalbnf
 .text.copysignf
                0x08013524        0xc /usr/lib/gcc/arm-none-eabi/4.9.3/../../../arm-none-eabi/lib/armv7-m/libm.a(lib_a-sf_copysign.o)
                0x08013524                copysignf
 .text.calloc   0x08013530       0x14 /usr/lib/gcc/arm-none-eabi/4.9.3/../../../arm-none-eabi/lib/armv7-m/libc_nano.a(lib_a-calloc.o)
                0x08013530                calloc
 .text.__errno  0x08013544        0xc /usr/lib/gcc/arm-none-eabi/4.9.3/../../../arm-none-eabi/lib/armv7-m/libc_nano.a(lib_a-errno.o)
                0x08013544                __errno
 .text.malloc   0x08013550       0x10 /usr/lib/gcc/arm-none-eabi/4.9.3/../../../arm-none-eabi/lib/armv7-m/libc_nano.a(lib_a-malloc.o)
                0x08013550                malloc
 .text.free     0x08013560       0x10 /usr/lib/gcc/arm-none-eabi/4.9.3/../../../arm-none-eabi/lib/armv7-m/libc_nano.a(lib_a-malloc.o)
                0x08013560                free
 .text.memcpy   0x08013570       0x16 /usr/lib/gcc/arm-none-eabi/4.9.3/../../../arm-none-eabi/lib/armv7-m/libc_nano.a(lib_a-memcpy.o)
                0x08013570                memcpy
 .text.memset   0x08013586       0x10 /usr/lib/gcc/arm-none-eabi/4.9.3/../../../arm-none-eabi/lib/armv7-m/libc_nano.a(lib_a-memset.o)
                0x08013586                memset
 .text._calloc_r
                0x08013596       0x1c /usr/lib/gcc/arm-none-eabi/4.9.3/../../../arm-none-eabi/lib/armv7-m/libc_nano.a(lib_a-nano-callocr.o)
                0x08013596                _calloc_r
 *fill*         0x080135b2        0x2 
 .text._free_r  0x080135b4       0x88 /usr/lib/gcc/arm-none-eabi/4.9.3/../../../arm-none-eabi/lib/armv7-m/libc_nano.a(lib_a-nano-freer.o)
                0x080135b4                _free_r
 .text._malloc_r
                0x0801363c       0xac /usr/lib/gcc/arm-none-eabi/4.9.3/../../../arm-none-eabi/lib/armv7-m/libc_nano.a(lib_a-nano-mallocr.o)
                0x0801363c                _malloc_r
 .text._sbrk_r  0x080136e8       0x20 /usr/lib/gcc/arm-none-eabi/4.9.3/../../../arm-none-eabi/lib/armv7-m/libc_nano.a(lib_a-sbrkr.o)
                0x080136e8                _sbrk_r
 .text.strcasecmp
                0x08013708       0x3c /usr/lib/gcc/arm-none-eabi/4.9.3/../../../arm-none-eabi/lib/armv7-m/libc_nano.a(lib_a-strcasecmp.o)
                0x08013708                strcasecmp
 .text.strcat   0x08013744       0x1e /usr/lib/gcc/arm-none-eabi/4.9.3/../../../arm-none-eabi/lib/armv7-m/libc_nano.a(lib_a-strcat.o)
                0x08013744                strcat
 .text.strchr   0x08013762       0x1c /usr/lib/gcc/arm-none-eabi/4.9.3/../../../arm-none-eabi/lib/armv7-m/libc_nano.a(lib_a-strchr.o)
                0x08013762                strchr
 .text.strcpy   0x0801377e       0x10 /usr/lib/gcc/arm-none-eabi/4.9.3/../../../arm-none-eabi/lib/armv7-m/libc_nano.a(lib_a-strcpy.o)
                0x0801377e                strcpy
 .text.strlen   0x0801378e       0x10 /usr/lib/gcc/arm-none-eabi/4.9.3/../../../arm-none-eabi/lib/armv7-m/libc_nano.a(lib_a-strlen.o)
                0x0801378e                strlen
 *fill*         0x0801379e        0x2 
 .text.strncasecmp
                0x080137a0       0x44 /usr/lib/gcc/arm-none-eabi/4.9.3/../../../arm-none-eabi/lib/armv7-m/libc_nano.a(lib_a-strncasecmp.o)
                0x080137a0                strncasecmp
 .text.strncpy  0x080137e4       0x24 /usr/lib/gcc/arm-none-eabi/4.9.3/../../../arm-none-eabi/lib/armv7-m/libc_nano.a(lib_a-strncpy.o)
                0x080137e4                strncpy
 .text.strstr   0x08013808       0x30 /usr/lib/gcc/arm-none-eabi/4.9.3/../../../arm-none-eabi/lib/armv7-m/libc_nano.a(lib_a-strstr.o)
                0x08013808                strstr
 .text._sbrk    0x08013838       0x1c /usr/lib/gcc/arm-none-eabi/4.9.3/../../../arm-none-eabi/lib/armv7-m/libnosys.a(sbrk.o)
                0x08013838                _sbrk
 *(.rodata)
 .rodata        0x08013854      0x188 /tmp/ccHvhHOs.ltrans0.ltrans.o
 .rodata        0x080139dc      0x198 /tmp/ccHvhHOs.ltrans1.ltrans.o
                0x08013b68                shortGitRevision
                0x08013b6c                buildTime
                0x08013b70                buildDate
 .rodata        0x08013b74       0x58 /tmp/ccHvhHOs.ltrans7.ltrans.o
 .rodata        0x08013bcc        0xc /tmp/ccHvhHOs.ltrans9.ltrans.o
 .rodata        0x08013bd8      0x64d /tmp/ccHvhHOs.ltrans11.ltrans.o
                0x08013bd8                servoMixers
                0x08013ca8                mixerAtail4.lto_priv.408
                0x08013ce8                mixerDualcopter.lto_priv.407
                0x08013d08                mixerHex6H.lto_priv.406
                0x08013d68                mixerVtail4.lto_priv.405
                0x08013da8                mixerOctoFlatX.lto_priv.404
                0x08013e28                mixerOctoFlatP.lto_priv.403
                0x08013ea8                mixerOctoX8.lto_priv.402
                0x08013f28                mixerHex6X.lto_priv.401
                0x08013f88                mixerY4.lto_priv.400
                0x08013fc8                mixerSingleProp.lto_priv.399
                0x08013fd8                mixerHex6P.lto_priv.398
                0x08014038                mixerY6.lto_priv.397
                0x08014098                mixerBicopter.lto_priv.396
                0x080140b8                mixerQuadX.lto_priv.395
                0x080140f8                mixerQuadP.lto_priv.394
                0x08014138                mixerTricopter.lto_priv.393
                0x08014168                servoMixerSingle.lto_priv.415
                0x080141a0                servoMixerDual.lto_priv.414
                0x080141ae                servoMixerAirplane.lto_priv.413
                0x080141d1                servoMixerFlyingWing.lto_priv.412
                0x080141f4                servoMixerGimbal.lto_priv.411
                0x08014202                servoMixerBI.lto_priv.410
                0x0801421e                servoMixerTri.lto_priv.409
 .rodata        0x08014225        0xc /tmp/ccHvhHOs.ltrans12.ltrans.o
 *fill*         0x08014231        0x3 
 .rodata        0x08014234       0x28 /tmp/ccHvhHOs.ltrans15.ltrans.o
 .rodata        0x0801425c       0x30 /tmp/ccHvhHOs.ltrans16.ltrans.o
 .rodata        0x0801428c      0x183 /tmp/ccHvhHOs.ltrans17.ltrans.o
                0x0801428c                beeperTable.lto_priv.254
                0x0801434c                mixerNames.lto_priv.236
                0x080143b4                beep_armedBeep.lto_priv.268
                0x080143b9                beep_disarmRepeatBeep.lto_priv.267
                0x080143bd                beep_readyBeep.lto_priv.266
                0x080143cc                beep_2longerBeeps.lto_priv.265
                0x080143d1                beep_2shortBeeps.lto_priv.264
                0x080143d6                beep_shortBeep.lto_priv.263
                0x080143d9                beep_lowBatteryBeep.lto_priv.262
                0x080143dc                beep_critBatteryBeep.lto_priv.261
                0x080143df                beep_armedGpsFix.lto_priv.260
                0x080143e8                beep_armingBeep.lto_priv.259
                0x080143ed                beep_disarmBeep.lto_priv.258
                0x080143f2                beep_txLostBeep.lto_priv.257
                0x080143f5                beep_sos.lto_priv.256
                0x08014408                beep_gyroCalibrated.lto_priv.255
 *fill*         0x0801440f        0x1 
 .rodata        0x08014410      0xcb4 /tmp/ccHvhHOs.ltrans18.ltrans.o
                0x08014440                valueTable
                0x08014fd0                lookupTables.lto_priv.221
                0x08015020                lookupDeltaMethod.lto_priv.232
                0x08015028                lookupTableGyroLpf.lto_priv.231
                0x08015040                lookupTableGyroFilter.lto_priv.230
                0x08015050                lookupTableSerialRX.lto_priv.229
                0x08015070                lookupTablePidController.lto_priv.228
                0x0801507c                lookupTableGimbalMode.lto_priv.227
                0x08015084                lookupTableCurrentSensor.lto_priv.226
                0x08015090                lookupTableAlignment.lto_priv.225
                0x080150b4                lookupTableUnit.lto_priv.224
                0x080150bc                lookupTableOffOn.lto_priv.223
 .rodata        0x080150c4       0x2c /tmp/ccHvhHOs.ltrans19.ltrans.o
                0x080150d0                baudRates
 .rodata        0x080150f0       0x18 /tmp/ccHvhHOs.ltrans20.ltrans.o
                0x08015104                type_ch
 .rodata        0x08015108       0x5c /tmp/ccHvhHOs.ltrans22.ltrans.o
                0x08015108                featureNames.lto_priv.237
 .rodata        0x08015164      0x1f0 /tmp/ccHvhHOs.ltrans24.ltrans.o
 *(.rodata*)
 .rodata.gyro_detect
                0x08015354       0x40 /tmp/ccHvhHOs.ltrans0.ltrans.o
 .rodata.timerHardware
                0x08015394       0xe0 /tmp/ccHvhHOs.ltrans0.ltrans.o
 .rodata.str1.1
                0x08015474       0x1a /tmp/ccHvhHOs.ltrans0.ltrans.o
 .rodata.str1.1
                0x0801548e      0x113 /tmp/ccHvhHOs.ltrans1.ltrans.o
 .rodata.str1.1
                0x080155a1      0x180 /tmp/ccHvhHOs.ltrans4.ltrans.o
                                0x19f (size before relaxing)
 .rodata.str1.1
                0x08015721       0x1f /tmp/ccHvhHOs.ltrans5.ltrans.o
 .rodata.str1.1
                0x08015740      0x1ec /tmp/ccHvhHOs.ltrans7.ltrans.o
                                0x203 (size before relaxing)
 .rodata.str1.1
                0x0801592c       0x30 /tmp/ccHvhHOs.ltrans8.ltrans.o
 .rodata.str1.1
                0x0801595c       0x20 /tmp/ccHvhHOs.ltrans10.ltrans.o
 .rodata.mixers
                0x0801595c       0xd0 /tmp/ccHvhHOs.ltrans11.ltrans.o
                0x0801595c                mixers
 .rodata.str1.1
                0x08015a2c      0x15a /tmp/ccHvhHOs.ltrans11.ltrans.o
                                0x173 (size before relaxing)
 .rodata.str1.1
                0x08015b86       0x22 /tmp/ccHvhHOs.ltrans13.ltrans.o
 .rodata.str1.1
                0x08015ba8       0x10 /tmp/ccHvhHOs.ltrans16.ltrans.o
 .rodata.str1.1
                0x08015bb8      0x214 /tmp/ccHvhHOs.ltrans17.ltrans.o
                                0x270 (size before relaxing)
 .rodata.str1.1
                0x08015dcc      0xb25 /tmp/ccHvhHOs.ltrans18.ltrans.o
                                0xb94 (size before relaxing)
 .rodata.str1.1
                0x080168f1       0xa2 /tmp/ccHvhHOs.ltrans19.ltrans.o
                                 0xb0 (size before relaxing)
 .rodata.rcChannelLetters
                0x08016993       0x15 /tmp/ccHvhHOs.ltrans20.ltrans.o
                0x08016993                rcChannelLetters
 .rodata.str1.1
                0x080169a8      0x132 /tmp/ccHvhHOs.ltrans22.ltrans.o
                                0x15d (size before relaxing)
 .rodata.str1.1
                0x08016ada      0x3c1 /tmp/ccHvhHOs.ltrans24.ltrans.o
                                0x403 (size before relaxing)
 .rodata._ctype_
                0x08016e9b      0x101 /usr/lib/gcc/arm-none-eabi/4.9.3/../../../arm-none-eabi/lib/armv7-m/libc_nano.a(lib_a-ctype_.o)
                0x08016e9b                _ctype_
 .rodata.str1.1
                0x08016f9c        0x0 /usr/lib/gcc/arm-none-eabi/4.9.3/../../../arm-none-eabi/lib/armv7-m/libc_nano.a(lib_a-impure.o)
                                  0x2 (size before relaxing)
 .rodata.TWO23  0x08016f9c        0x8 /usr/lib/gcc/arm-none-eabi/4.9.3/../../../arm-none-eabi/lib/armv7-m/libm.a(lib_a-sf_lrint.o)
 .rodata.str1.4
                0x08016fa4        0x5 /usr/lib/gcc/arm-none-eabi/4.9.3/../../../arm-none-eabi/lib/armv7-m/libm.a(lib_a-wf_pow.o)
                                  0x8 (size before relaxing)
 *fill*         0x08016fa9        0x3 
 .rodata.str1.4
                0x08016fac        0x6 /usr/lib/gcc/arm-none-eabi/4.9.3/../../../arm-none-eabi/lib/armv7-m/libm.a(lib_a-wf_sqrt.o)
                                  0x8 (size before relaxing)
 *fill*         0x08016fb2        0x2 
 .rodata.dp_h   0x08016fb4        0x8 /usr/lib/gcc/arm-none-eabi/4.9.3/../../../arm-none-eabi/lib/armv7-m/libm.a(lib_a-ef_pow.o)
 .rodata.dp_l   0x08016fbc        0x8 /usr/lib/gcc/arm-none-eabi/4.9.3/../../../arm-none-eabi/lib/armv7-m/libm.a(lib_a-ef_pow.o)
 .rodata.bp     0x08016fc4        0x8 /usr/lib/gcc/arm-none-eabi/4.9.3/../../../arm-none-eabi/lib/armv7-m/libm.a(lib_a-ef_pow.o)
 .rodata.str1.4
                0x08016fcc        0x8 /usr/lib/gcc/arm-none-eabi/4.9.3/../../../arm-none-eabi/lib/armv7-m/libm.a(lib_a-ef_pow.o)
                                  0x4 (size before relaxing)
 *fill*         0x08016fcc        0x4 
 .rodata.TWO52  0x08016fd0       0x10 /usr/lib/gcc/arm-none-eabi/4.9.3/../../../arm-none-eabi/lib/armv7-m/libm.a(lib_a-s_rint.o)
 *(.glue_7)
 .glue_7        0x08016fe0        0x0 linker stubs
 *(.glue_7t)
 .glue_7t       0x08016fe0        0x0 linker stubs
 *(.eh_frame)
 *(.init)
 *(.fini)
                0x08016fe0                . = ALIGN (0x4)
                0x08016fe0                _etext = .

.vfp11_veneer   0x08016fe0        0x0
 .vfp11_veneer  0x08016fe0        0x0 linker stubs

.v4_bx          0x08016fe0        0x0
 .v4_bx         0x08016fe0        0x0 linker stubs

.iplt           0x08016fe0        0x0
 .iplt          0x08016fe0        0x0 obj/main/NAZE/startup_stm32f10x_md_gcc.o

.ARM.extab
 *(.ARM.extab* .gnu.linkonce.armextab.*)

.ARM            0x08016fe0        0x8
                0x08016fe0                __exidx_start = .
 *(.ARM.exidx*)
 .ARM.exidx     0x08016fe0        0x8 /usr/lib/gcc/arm-none-eabi/4.9.3/armv7-m/libgcc.a(_divdi3.o)
 .ARM.exidx     0x08016fe8        0x0 /usr/lib/gcc/arm-none-eabi/4.9.3/armv7-m/libgcc.a(_udivdi3.o)
                                  0x8 (size before relaxing)
                0x08016fe8                __exidx_end = .

.rel.dyn        0x08016fe8        0x0
 .rel.iplt      0x08016fe8        0x0 obj/main/NAZE/startup_stm32f10x_md_gcc.o

.preinit_array  0x08016fe8        0x0
                [!provide]                PROVIDE (__preinit_array_start, .)
 *(.preinit_array*)
                [!provide]                PROVIDE (__preinit_array_end, .)

.init_array     0x08016fe8        0x0
                [!provide]                PROVIDE (__init_array_start, .)
 *(SORT(.init_array.*))
 *(.init_array*)
                [!provide]                PROVIDE (__init_array_end, .)

.fini_array     0x08016fe8        0x0
                [!provide]                PROVIDE (__fini_array_start, .)
 *(.fini_array*)
 *(SORT(.fini_array.*))
                [!provide]                PROVIDE (__fini_array_end, .)
                0x08016fe8                _sidata = .

.data           0x20000000      0x1a8 load address 0x08016fe8
                0x20000000                . = ALIGN (0x4)
                0x20000000                _sdata = .
 *(.data)
 .data          0x20000000       0x11 /tmp/ccHvhHOs.ltrans1.ltrans.o
                0x20000000                geometry.lto_priv.248
                0x20000010                isUsingSticksToArm.lto_priv.283
 *fill*         0x20000011        0x3 
 .data          0x20000014        0x8 /tmp/ccHvhHOs.ltrans2.ltrans.o
                0x20000018                rcReadRawFunc.lto_priv.360
 .data          0x2000001c        0x1 /tmp/ccHvhHOs.ltrans6.ltrans.o
 *fill*         0x2000001d        0x1 
 .data          0x2000001e        0x2 /tmp/ccHvhHOs.ltrans10.ltrans.o
                0x2000001e                pif_id
 .data          0x20000020        0x4 /tmp/ccHvhHOs.ltrans12.ltrans.o
                0x20000020                q0.lto_priv.316
 .data          0x20000024        0xc /tmp/ccHvhHOs.ltrans14.ltrans.o
 .data          0x20000030        0xc /tmp/ccHvhHOs.ltrans16.ltrans.o
 .data          0x2000003c        0x4 /tmp/ccHvhHOs.ltrans17.ltrans.o
 .data          0x20000040        0x5 /tmp/ccHvhHOs.ltrans20.ltrans.o
                0x20000040                hse_value
                0x20000044                s_minute.lto_priv.216
 *fill*         0x20000045        0x3 
 .data          0x20000048        0x4 /tmp/ccHvhHOs.ltrans24.ltrans.o
 *(.data*)
 .data.hcsr04_name
                0x2000004c        0x4 /tmp/ccHvhHOs.ltrans0.ltrans.o
 .data.bmp280_name
                0x20000050        0x4 /tmp/ccHvhHOs.ltrans5.ltrans.o
 .data.mpu3050_name
                0x20000054        0x4 /tmp/ccHvhHOs.ltrans5.ltrans.o
 .data.mpu6500_name
                0x20000058        0x4 /tmp/ccHvhHOs.ltrans5.ltrans.o
 .data.mpu6050_name
                0x2000005c        0x4 /tmp/ccHvhHOs.ltrans5.ltrans.o
 .data.pid_controller
                0x20000060        0x4 /tmp/ccHvhHOs.ltrans12.ltrans.o
                0x20000060                pid_controller
 .data.qmc5883_name
                0x20000064        0x4 /tmp/ccHvhHOs.ltrans16.ltrans.o
 .data.hmc5883_name
                0x20000068        0x4 /tmp/ccHvhHOs.ltrans16.ltrans.o
 .data.batteryCellCount
                0x2000006c        0x1 /tmp/ccHvhHOs.ltrans18.ltrans.o
                0x2000006c                batteryCellCount
 *fill*         0x2000006d        0x3 
 .data.SystemCoreClock
                0x20000070        0x4 /tmp/ccHvhHOs.ltrans18.ltrans.o
                0x20000070                SystemCoreClock
 .data.cfTasks  0x20000074       0xc8 /tmp/ccHvhHOs.ltrans18.ltrans.o
                0x20000074                cfTasks
 .data.__ctype_ptr__
                0x2000013c        0x4 /usr/lib/gcc/arm-none-eabi/4.9.3/../../../arm-none-eabi/lib/armv7-m/libc_nano.a(lib_a-ctype_.o)
                0x2000013c                __ctype_ptr__
 .data.impure_data
                0x20000140       0x60 /usr/lib/gcc/arm-none-eabi/4.9.3/../../../arm-none-eabi/lib/armv7-m/libc_nano.a(lib_a-impure.o)
 .data._impure_ptr
                0x200001a0        0x4 /usr/lib/gcc/arm-none-eabi/4.9.3/../../../arm-none-eabi/lib/armv7-m/libc_nano.a(lib_a-impure.o)
                0x200001a0                _impure_ptr
 .data.__fdlib_version
                0x200001a4        0x1 /usr/lib/gcc/arm-none-eabi/4.9.3/../../../arm-none-eabi/lib/armv7-m/libm.a(lib_a-s_lib_ver.o)
                0x200001a4                __fdlib_version
                0x200001a8                . = ALIGN (0x4)
 *fill*         0x200001a5        0x3 
                0x200001a8                _edata = .

.igot.plt       0x200001a8        0x0 load address 0x08017190
 .igot.plt      0x200001a8        0x0 obj/main/NAZE/startup_stm32f10x_md_gcc.o
                0x200001a8                . = ALIGN (0x4)

.bss            0x200001a8     0x1d74 load address 0x08017190
                0x200001a8                _sbss = .
                0x200001a8                __bss_start__ = _sbss
 *(.bss)
 .bss           0x200001a8      0x378 /tmp/ccHvhHOs.ltrans0.ltrans.o
                0x200001a8                s_it_current.lto_priv.433
                0x200001ac                s_table_number.lto_priv.439
                0x200001b0                s_table.lto_priv.440
                0x20000238                i2cOverClock.lto_priv.457
                0x2000025c                inputFilteringMode.lto_priv.449
                0x200002d8                ppmDev
                0x20000404                servos.lto_priv.451
                0x20000428                mpuIntExtiConfig.lto_priv.474
                0x2000042c                mpuDetectionResult
                0x2000042e                mpuDividerDrops.lto_priv.470
                0x200004e8                s_hcsr04.lto_priv.452
                0x20000508                sonarHardware.lto_priv.453
                0x2000050c                couldBeBusy.lto_priv.445
                0x20000510                tailAddress.lto_priv.444
                0x20000514                s_task_cutin.lto_priv.435
                0x20000518                s_loop_count.lto_priv.434
                0x2000051c                s_pass_count.lto_priv.436
 .bss           0x20000520       0xf0 /tmp/ccHvhHOs.ltrans1.ltrans.o
                0x20000520                i2cErrorCount.lto_priv.217
                0x20000524                enabledSensors.lto_priv.218
                0x20000528                pif_performance
                0x20000530                accSmooth
                0x20000538                gyroADC
                0x20000544                magADC
                0x20000550                servo
                0x20000560                currentProfile
                0x20000564                motor
                0x2000057c                rxRuntimeConfig
                0x2000057e                attitude
                0x20000584                EstAlt.lto_priv.278
                0x20000588                vario
                0x2000058c                calculatedAltitude.lto_priv.279
                0x20000590                mAhDrawn
                0x20000594                rssi
                0x20000598                amperage
                0x2000059c                currentControlRateProfile
                0x200005a0                activeBoxIds.lto_priv.214
                0x200005bc                activeBoxIdCount.lto_priv.215
                0x200005be                debug
                0x200005c8                serialPortUsageList.lto_priv.249
                0x200005ec                magHold
                0x200005ee                rxMspFrameDone.lto_priv.294
                0x200005f0                escAndServoConfig.lto_priv.282
                0x200005f4                motor_disarmed
                0x2000060c                calibratingA.lto_priv.285
                0x2000060e                stateFlags
                0x2000060f                isRebootScheduled.lto_priv.321
 .bss           0x20000610      0x12c /tmp/ccHvhHOs.ltrans2.ltrans.o
                0x20000611                ppmFrameCount.lto_priv.450
                0x20000639                rcSampleIndex.lto_priv.359
                0x20000684                rcInvalidPulsPeriod
                0x200006e8                rxConfig.lto_priv.288
                0x200006ec                deadband3dThrottle.lto_priv.365
                0x200006f0                disarmAt.lto_priv.328
                0x200006f8                calibratingG.lto_priv.314
                0x200006fa                AccInflightCalibrationMeasurementDone
                0x200006fb                AccInflightCalibrationSavetoEEProm
                0x200006fe                InflightcalibratingA
                0x20000700                AccInflightCalibrationActive
                0x20000704                adjustmentStates
                0x20000736                headFreeModeHold
                0x20000738                isRXDataNew.lto_priv.312
                0x20000739                haveProcessedAnnexCodeOnce.lto_priv.305
                0x2000073a                initialThrottleHold.lto_priv.311
 .bss           0x2000073c      0x385 /tmp/ccHvhHOs.ltrans3.ltrans.o
                0x2000074c                gyroLpfCutFreq.lto_priv.432
                0x200007c4                gyroConfig.lto_priv.431
                0x20000820                imuRuntimeConfig.lto_priv.371
                0x20000848                gyroScale.lto_priv.372
                0x20000858                smallAngleCosZ
                0x20000864                fc_acc
                0x20000868                accDeadband.lto_priv.427
                0x2000086c                lookupYawRC
                0x20000884                rxRefreshRate.lto_priv.361
                0x2000089c                rcControlsConfig.lto_priv.426
                0x200008a4                escAndServoConfig.lto_priv.307
                0x200008a8                throttleAngleScale
                0x200008ac                mixerConfig.lto_priv.374
                0x200008b0                currentMixer.lto_priv.377
                0x20000974                rxConfig.lto_priv.429
                0x20000978                currentMixerMode.lto_priv.376
                0x2000099c                gimbalConfig.lto_priv.428
                0x200009a0                servoFilterState.lto_priv.375
                0x20000ac0                motorControlEnable
 *fill*         0x20000ac1        0x3 
 .bss           0x20000ac4        0x4 /tmp/ccHvhHOs.ltrans4.ltrans.o
                0x20000ac4                servoConf.lto_priv.269
 .bss           0x20000ac8       0xa5 /tmp/ccHvhHOs.ltrans5.ltrans.o
 *fill*         0x20000b6d        0x3 
 .bss           0x20000b70       0x18 /tmp/ccHvhHOs.ltrans6.ltrans.o
                0x20000b70                s_task_stack_ptr.lto_priv.437
                0x20000b74                s_task_stack.lto_priv.438
 .bss           0x20000b88        0x1 /tmp/ccHvhHOs.ltrans7.ltrans.o
 *fill*         0x20000b89        0x3 
 .bss           0x20000b8c       0x1c /tmp/ccHvhHOs.ltrans8.ltrans.o
 .bss           0x20000ba8      0x214 /tmp/ccHvhHOs.ltrans9.ltrans.o
 .bss           0x20000dbc      0x280 /tmp/ccHvhHOs.ltrans10.ltrans.o
                0x20000dbc                sensor_link
                0x20000ec0                pif_cumulative_timer1ms
                0x20000ec4                g_i2c_port
                0x20000ef4                hmc5883.lto_priv.455
                0x20000f0c                uartPort1.lto_priv.448
                0x20000f70                uartPort2.lto_priv.447
                0x20000fd4                uartPort3.lto_priv.446
                0x20001038                pif_act_timer1us
 .bss           0x2000103c      0x29c /tmp/ccHvhHOs.ltrans12.ltrans.o
                0x2000103c                usTicks.lto_priv.391
                0x20001040                addr.lto_priv.461
                0x20001041                reg.lto_priv.459
                0x20001042                writing.lto_priv.463
                0x20001043                reading.lto_priv.458
                0x20001044                write_p.lto_priv.464
                0x20001048                read_p.lto_priv.462
                0x2000104c                bytes.lto_priv.460
                0x2000104d                busy.lto_priv.465
                0x2000104e                error.lto_priv.466
                0x20001050                I2Cx.lto_priv.456
                0x20001054                rcCommand
                0x2000105c                PIDweight
                0x20001060                targetLooptime
                0x20001064                errorGyroI.lto_priv.286
                0x20001070                motorLimitReached
                0x200010a4                axisPID
                0x200010ac                deltaFilterState.lto_priv.273
                0x20001118                errorAngleI.lto_priv.274
                0x20001120                dynP8
                0x20001138                dynD8
                0x2000113b                motorCount
                0x20001140                extiHandlerConfigs.lto_priv.390
                0x20001158                motors.lto_priv.378
                0x20001188                timerConfig
                0x20001228                flight3DConfig.lto_priv.306
                0x2000122c                escAndServoConfig.lto_priv.308
                0x20001230                servoRuleCount.lto_priv.310
                0x20001231                currentServoMixer.lto_priv.309
                0x200012a4                customServoMixers.lto_priv.385
                0x200012a8                q1.lto_priv.317
                0x200012ac                q2.lto_priv.318
                0x200012b0                q3.lto_priv.319
                0x200012b4                rMat.lto_priv.280
 .bss           0x200012d8      0x17c /tmp/ccHvhHOs.ltrans13.ltrans.o
 .bss           0x20001454       0xf0 /tmp/ccHvhHOs.ltrans14.ltrans.o
                0x20001454                pif_timer1us
                0x2000145c                calibratingB.lto_priv.284
                0x20001464                baroPressureSum.lto_priv.442
                0x20001468                barometerConfig.lto_priv.276
                0x20001494                sonarMaxTiltCos.lto_priv.353
                0x20001498                sonarCfAltCm
                0x200014a0                sonarMaxAltWithTiltCm
                0x200014a4                accSumCount
                0x200014a8                accSum
                0x200014b4                accVelScale
                0x200014b8                barometerConfig.lto_priv.277
                0x200014c4                AltHold
                0x200014c8                pidProfile.lto_priv.424
                0x200014cc                errorVelocityI
                0x200014d0                altHoldThrottleAdjustment
                0x200014d4                velocityControl
                0x200014d8                baroPressure.lto_priv.441
                0x200014dc                baroReady.lto_priv.443
                0x200014f0                magInit.lto_priv.373
                0x200014f8                errorGyroIf.lto_priv.287
                0x20001504                dT
                0x20001540                failsafeConfig.lto_priv.290
 .bss           0x20001544        0x4 /tmp/ccHvhHOs.ltrans15.ltrans.o
                0x20001544                I2Cx_index.lto_priv.467
 .bss           0x20001548       0x1c /tmp/ccHvhHOs.ltrans16.ltrans.o
                0x20001558                device.5364.lto_priv.469
 .bss           0x20001564       0x7a /tmp/ccHvhHOs.ltrans17.ltrans.o
                0x20001564                s_log.lto_priv.324
                0x200015c8                beep_multiBeeps.lto_priv.252
 *fill*         0x200015de        0x2 
 .bss           0x200015e0       0x48 /tmp/ccHvhHOs.ltrans18.ltrans.o
                0x200015e0                batteryState.lto_priv.299
                0x200015e4                s_tasks.lto_priv.346
                0x200015fc                g_timer_1ms
                0x20001620                currentControlRateProfileIndex.lto_priv.222
                0x20001622                flightModeFlags
                0x20001624                rcModeActivationMask
 .bss           0x20001628       0x50 /tmp/ccHvhHOs.ltrans19.ltrans.o
                0x20001628                p_msp.lto_priv.322
                0x2000162c                p_serial.lto_priv.323
                0x20001630                serialPortCount.lto_priv.386
                0x20001632                lookupThrottleRC
                0x2000164a                lookupPitchRollRC
                0x20001658                beeperIsOn.lto_priv.302
                0x2000165c                beeperNextToggleTime.lto_priv.301
                0x20001660                beeperPos.lto_priv.303
                0x20001664                currentBeeperEntry.lto_priv.300
                0x20001668                dmaHandlers.lto_priv.387
 .bss           0x20001678      0x80a /tmp/ccHvhHOs.ltrans20.ltrans.o
                0x20001678                mspFrame.lto_priv.211
                0x2000169c                captures.lto_priv.293
                0x200016b4                masterConfig
                0x20001dc0                serialConfig.lto_priv.250
                0x20001dc4                findSerialPortConfigState.lto_priv.367
                0x20001dc8                pidProfile.lto_priv.210
                0x20001dcc                batteryConfig
                0x20001dd0                adcConfig
                0x20001de0                adcValues
                0x20001de8                vbatLatestADC
                0x20001dec                vbatFilterState.lto_priv.352
                0x20001e10                vbat
                0x20001e14                rxConfig.lto_priv.289
                0x20001e18                activeFeaturesLatch.lto_priv.251
                0x20001e1c                rcData
                0x20001e40                suspendRxSignalUntil.lto_priv.292
                0x20001e44                skipRxSamples.lto_priv.291
                0x20001e48                sysTickUptime.lto_priv.219
                0x20001e4c                failsafeState.lto_priv.275
                0x20001e70                warningLedState.lto_priv.253
                0x20001e74                warningLedTimer.lto_priv.313
                0x20001e78                pif_timer1ms
                0x20001e7a                pif_datetime
 *fill*         0x20001e82        0x2 
 .bss           0x20001e84        0x8 /tmp/ccHvhHOs.ltrans21.ltrans.o
 *fill*         0x20001e8c        0x4 
 .bss           0x20001e90       0x59 /tmp/ccHvhHOs.ltrans23.ltrans.o
                0x20001e94                batteryWarningVoltage
                0x20001e96                batteryCriticalVoltage
                0x20001eb4                accADC
                0x20001ec0                accelerationTrims.lto_priv.430
                0x20001ee8                isAccelUpdatedAtLeastOnce.lto_priv.315
 *fill*         0x20001ee9        0x3 
 .bss           0x20001eec        0x5 /tmp/ccHvhHOs.ltrans24.ltrans.o
                0x20001ef0                systemState.lto_priv.347
 *(SORT(.bss*))
 *fill*         0x20001ef1        0x3 
 .bss.pif_log_flag
                0x20001ef4        0x4 /tmp/ccHvhHOs.ltrans7.ltrans.o
 .bss.systemBeepPtr
                0x20001ef8        0x4 /tmp/ccHvhHOs.ltrans12.ltrans.o
                0x20001ef8                systemBeepPtr
 .bss.accTimeSum
                0x20001efc        0x4 /tmp/ccHvhHOs.ltrans14.ltrans.o
                0x20001efc                accTimeSum
 .bss.setVelocity
                0x20001f00        0x4 /tmp/ccHvhHOs.ltrans14.ltrans.o
                0x20001f00                setVelocity
 .bss.__malloc_sbrk_start
                0x20001f04        0x4 /usr/lib/gcc/arm-none-eabi/4.9.3/../../../arm-none-eabi/lib/armv7-m/libc_nano.a(lib_a-nano-mallocr.o)
                0x20001f04                __malloc_sbrk_start
 .bss.__malloc_free_list
                0x20001f08        0x4 /usr/lib/gcc/arm-none-eabi/4.9.3/../../../arm-none-eabi/lib/armv7-m/libc_nano.a(lib_a-nano-mallocr.o)
                0x20001f08                __malloc_free_list
 .bss.heap_end.4079
                0x20001f0c        0x4 /usr/lib/gcc/arm-none-eabi/4.9.3/../../../arm-none-eabi/lib/armv7-m/libnosys.a(sbrk.o)
 .bss.cycleTime
                0x20001f10        0x2 /tmp/ccHvhHOs.ltrans1.ltrans.o
                0x20001f10                cycleTime
 .bss.armingFlags
                0x20001f12        0x1 /tmp/ccHvhHOs.ltrans1.ltrans.o
                0x20001f12                armingFlags
 .bss.hardwareRevision
                0x20001f13        0x1 /tmp/ccHvhHOs.ltrans1.ltrans.o
                0x20001f13                hardwareRevision
 .bss.pif_error
                0x20001f14        0x1 /tmp/ccHvhHOs.ltrans10.ltrans.o
                0x20001f14                pif_error
 .bss.cliMode   0x20001f15        0x1 /tmp/ccHvhHOs.ltrans22.ltrans.o
                0x20001f15                cliMode
 *(COMMON)
 *fill*         0x20001f16        0x2 
 COMMON         0x20001f18        0x4 /usr/lib/gcc/arm-none-eabi/4.9.3/../../../arm-none-eabi/lib/armv7-m/libc_nano.a(lib_a-reent.o)
                0x20001f18                errno
                0x20001f1c                . = ALIGN (0x4)
                0x20001f1c                _ebss = .
                0x20001f1c                __bss_end__ = _ebss

._user_heap_stack
                0x20001f1c      0x400 load address 0x08017190
                0x20001f1c                . = ALIGN (0x4)
                0x20001f1c                PROVIDE (end, .)
                [!provide]                PROVIDE (_end, .)
                0x20001f1c                . = (. + _Min_Heap_Size)
                0x2000231c                . = (. + _Min_Stack_Size)
 *fill*         0x20001f1c      0x400 
                0x2000231c                . = ALIGN (0x4)

.memory_b1_text
 *(.mb1text)
 *(.mb1text*)
 *(.mb1rodata)
 *(.mb1rodata*)

/DISCARD/
 libc.a(*)
 libm.a(*)
 libgcc.a(*)

.ARM.attributes
                0x00000000       0x2f
 *(.ARM.attributes)
 .ARM.attributes
                0x00000000       0x21 obj/main/NAZE/startup_stm32f10x_md_gcc.o
 .ARM.attributes
                0x00000021       0x31 /tmp/ccHvhHOs.ltrans0.ltrans.o
 .ARM.attributes
                0x00000052       0x31 /tmp/ccHvhHOs.ltrans1.ltrans.o
 .ARM.attributes
                0x00000083       0x31 /tmp/ccHvhHOs.ltrans2.ltrans.o
 .ARM.attributes
                0x000000b4       0x31 /tmp/ccHvhHOs.ltrans3.ltrans.o
 .ARM.attributes
                0x000000e5       0x31 /tmp/ccHvhHOs.ltrans4.ltrans.o
 .ARM.attributes
                0x00000116       0x31 /tmp/ccHvhHOs.ltrans5.ltrans.o
 .ARM.attributes
                0x00000147       0x31 /tmp/ccHvhHOs.ltrans6.ltrans.o
 .ARM.attributes
                0x00000178       0x31 /tmp/ccHvhHOs.ltrans7.ltrans.o
 .ARM.attributes
                0x000001a9       0x31 /tmp/ccHvhHOs.ltrans8.ltrans.o
 .ARM.attributes
                0x000001da       0x31 /tmp/ccHvhHOs.ltrans9.ltrans.o
 .ARM.attributes
                0x0000020b       0x31 /tmp/ccHvhHOs.ltrans10.ltrans.o
 .ARM.attributes
                0x0000023c       0x31 /tmp/ccHvhHOs.ltrans11.ltrans.o
 .ARM.attributes
                0x0000026d       0x31 /tmp/ccHvhHOs.ltrans12.ltrans.o
 .ARM.attributes
                0x0000029e       0x31 /tmp/ccHvhHOs.ltrans13.ltrans.o
 .ARM.attributes
                0x000002cf       0x31 /tmp/ccHvhHOs.ltrans14.ltrans.o
 .ARM.attributes
                0x00000300       0x31 /tmp/ccHvhHOs.ltrans15.ltrans.o
 .ARM.attributes
                0x00000331       0x31 /tmp/ccHvhHOs.ltrans16.ltrans.o
 .ARM.attributes
                0x00000362       0x31 /tmp/ccHvhHOs.ltrans17.ltrans.o
 .ARM.attributes
                0x00000393       0x31 /tmp/ccHvhHOs.ltrans18.ltrans.o
 .ARM.attributes
                0x000003c4       0x31 /tmp/ccHvhHOs.ltrans19.ltrans.o
 .ARM.attributes
                0x000003f5       0x31 /tmp/ccHvhHOs.ltrans20.ltrans.o
 .ARM.attributes
                0x00000426       0x31 /tmp/ccHvhHOs.ltrans21.ltrans.o
 .ARM.attributes
                0x00000457       0x31 /tmp/ccHvhHOs.ltrans22.ltrans.o
 .ARM.attributes
                0x00000488       0x31 /tmp/ccHvhHOs.ltrans23.ltrans.o
 .ARM.attributes
                0x000004b9       0x31 /tmp/ccHvhHOs.ltrans24.ltrans.o
 .ARM.attributes
                0x000004ea       0x2d /usr/lib/gcc/arm-none-eabi/4.9.3/../../../arm-none-eabi/lib/armv7-m/libc_nano.a(lib_a-atoi.o)
 .ARM.attributes
                0x00000517       0x2d /usr/lib/gcc/arm-none-eabi/4.9.3/../../../arm-none-eabi/lib/armv7-m/libc_nano.a(lib_a-ctype_.o)
 .ARM.attributes
                0x00000544       0x2d /usr/lib/gcc/arm-none-eabi/4.9.3/../../../arm-none-eabi/lib/armv7-m/libc_nano.a(lib_a-strtol.o)
 .ARM.attributes
                0x00000571       0x2d /usr/lib/gcc/arm-none-eabi/4.9.3/../../../arm-none-eabi/lib/armv7-m/libc_nano.a(lib_a-impure.o)
 .ARM.attributes
                0x0000059e       0x2d /usr/lib/gcc/arm-none-eabi/4.9.3/../../../arm-none-eabi/lib/armv7-m/libm.a(lib_a-sf_lrint.o)
 .ARM.attributes
                0x000005cb       0x2d /usr/lib/gcc/arm-none-eabi/4.9.3/../../../arm-none-eabi/lib/armv7-m/libm.a(lib_a-wf_pow.o)
 .ARM.attributes
                0x000005f8       0x2d /usr/lib/gcc/arm-none-eabi/4.9.3/../../../arm-none-eabi/lib/armv7-m/libm.a(lib_a-wf_sqrt.o)
 .ARM.attributes
                0x00000625       0x2d /usr/lib/gcc/arm-none-eabi/4.9.3/../../../arm-none-eabi/lib/armv7-m/libm.a(lib_a-ef_pow.o)
 .ARM.attributes
                0x00000652       0x2d /usr/lib/gcc/arm-none-eabi/4.9.3/../../../arm-none-eabi/lib/armv7-m/libm.a(lib_a-ef_sqrt.o)
 .ARM.attributes
                0x0000067f       0x2d /usr/lib/gcc/arm-none-eabi/4.9.3/../../../arm-none-eabi/lib/armv7-m/libm.a(lib_a-s_lib_ver.o)
 .ARM.attributes
                0x000006ac       0x2d /usr/lib/gcc/arm-none-eabi/4.9.3/../../../arm-none-eabi/lib/armv7-m/libm.a(lib_a-s_matherr.o)
 .ARM.attributes
                0x000006d9       0x2d /usr/lib/gcc/arm-none-eabi/4.9.3/../../../arm-none-eabi/lib/armv7-m/libm.a(lib_a-s_rint.o)
 .ARM.attributes
                0x00000706       0x2d /usr/lib/gcc/arm-none-eabi/4.9.3/../../../arm-none-eabi/lib/armv7-m/libm.a(lib_a-sf_fabs.o)
 .ARM.attributes
                0x00000733       0x2d /usr/lib/gcc/arm-none-eabi/4.9.3/../../../arm-none-eabi/lib/armv7-m/libm.a(lib_a-sf_finite.o)
 .ARM.attributes
                0x00000760       0x2d /usr/lib/gcc/arm-none-eabi/4.9.3/../../../arm-none-eabi/lib/armv7-m/libm.a(lib_a-sf_fpclassify.o)
 .ARM.attributes
                0x0000078d       0x2d /usr/lib/gcc/arm-none-eabi/4.9.3/../../../arm-none-eabi/lib/armv7-m/libm.a(lib_a-sf_nan.o)
 .ARM.attributes
                0x000007ba       0x2d /usr/lib/gcc/arm-none-eabi/4.9.3/../../../arm-none-eabi/lib/armv7-m/libm.a(lib_a-sf_scalbn.o)
 .ARM.attributes
                0x000007e7       0x2d /usr/lib/gcc/arm-none-eabi/4.9.3/../../../arm-none-eabi/lib/armv7-m/libm.a(lib_a-sf_copysign.o)
 .ARM.attributes
                0x00000814       0x2d /usr/lib/gcc/arm-none-eabi/4.9.3/../../../arm-none-eabi/lib/armv7-m/libc_nano.a(lib_a-calloc.o)
 .ARM.attributes
                0x00000841       0x2d /usr/lib/gcc/arm-none-eabi/4.9.3/../../../arm-none-eabi/lib/armv7-m/libc_nano.a(lib_a-errno.o)
 .ARM.attributes
                0x0000086e       0x2d /usr/lib/gcc/arm-none-eabi/4.9.3/../../../arm-none-eabi/lib/armv7-m/libc_nano.a(lib_a-malloc.o)
 .ARM.attributes
                0x0000089b       0x2d /usr/lib/gcc/arm-none-eabi/4.9.3/../../../arm-none-eabi/lib/armv7-m/libc_nano.a(lib_a-memcpy.o)
 .ARM.attributes
                0x000008c8       0x2d /usr/lib/gcc/arm-none-eabi/4.9.3/../../../arm-none-eabi/lib/armv7-m/libc_nano.a(lib_a-memset.o)
 .ARM.attributes
                0x000008f5       0x2d /usr/lib/gcc/arm-none-eabi/4.9.3/../../../arm-none-eabi/lib/armv7-m/libc_nano.a(lib_a-nano-callocr.o)
 .ARM.attributes
                0x00000922       0x2d /usr/lib/gcc/arm-none-eabi/4.9.3/../../../arm-none-eabi/lib/armv7-m/libc_nano.a(lib_a-nano-freer.o)
 .ARM.attributes
                0x0000094f       0x2d /usr/lib/gcc/arm-none-eabi/4.9.3/../../../arm-none-eabi/lib/armv7-m/libc_nano.a(lib_a-nano-mallocr.o)
 .ARM.attributes
                0x0000097c       0x2d /usr/lib/gcc/arm-none-eabi/4.9.3/../../../arm-none-eabi/lib/armv7-m/libc_nano.a(lib_a-sbrkr.o)
 .ARM.attributes
                0x000009a9       0x2d /usr/lib/gcc/arm-none-eabi/4.9.3/../../../arm-none-eabi/lib/armv7-m/libc_nano.a(lib_a-strcasecmp.o)
 .ARM.attributes
                0x000009d6       0x2d /usr/lib/gcc/arm-none-eabi/4.9.3/../../../arm-none-eabi/lib/armv7-m/libc_nano.a(lib_a-strcat.o)
 .ARM.attributes
                0x00000a03       0x2d /usr/lib/gcc/arm-none-eabi/4.9.3/../../../arm-none-eabi/lib/armv7-m/libc_nano.a(lib_a-strchr.o)
 .ARM.attributes
                0x00000a30       0x2d /usr/lib/gcc/arm-none-eabi/4.9.3/../../../arm-none-eabi/lib/armv7-m/libc_nano.a(lib_a-strcpy.o)
 .ARM.attributes
                0x00000a5d       0x2d /usr/lib/gcc/arm-none-eabi/4.9.3/../../../arm-none-eabi/lib/armv7-m/libc_nano.a(lib_a-strlen.o)
 .ARM.attributes
                0x00000a8a       0x2d /usr/lib/gcc/arm-none-eabi/4.9.3/../../../arm-none-eabi/lib/armv7-m/libc_nano.a(lib_a-strncasecmp.o)
 .ARM.attributes
                0x00000ab7       0x2d /usr/lib/gcc/arm-none-eabi/4.9.3/../../../arm-none-eabi/lib/armv7-m/libc_nano.a(lib_a-strncpy.o)
 .ARM.attributes
                0x00000ae4       0x2d /usr/lib/gcc/arm-none-eabi/4.9.3/../../../arm-none-eabi/lib/armv7-m/libc_nano.a(lib_a-strstr.o)
 .ARM.attributes
                0x00000b11       0x2d /usr/lib/gcc/arm-none-eabi/4.9.3/../../../arm-none-eabi/lib/armv7-m/libc_nano.a(lib_a-reent.o)
 .ARM.attributes
                0x00000b3e       0x2d /usr/lib/gcc/arm-none-eabi/4.9.3/../../../arm-none-eabi/lib/armv7-m/libnosys.a(sbrk.o)
 .ARM.attributes
                0x00000b6b       0x1d /usr/lib/gcc/arm-none-eabi/4.9.3/armv7-m/libgcc.a(_arm_addsubdf3.o)
 .ARM.attributes
                0x00000b88       0x1d /usr/lib/gcc/arm-none-eabi/4.9.3/armv7-m/libgcc.a(_arm_muldivdf3.o)
 .ARM.attributes
                0x00000ba5       0x1d /usr/lib/gcc/arm-none-eabi/4.9.3/armv7-m/libgcc.a(_arm_cmpdf2.o)
 .ARM.attributes
                0x00000bc2       0x1d /usr/lib/gcc/arm-none-eabi/4.9.3/armv7-m/libgcc.a(_arm_fixunsdfsi.o)
 .ARM.attributes
                0x00000bdf       0x1d /usr/lib/gcc/arm-none-eabi/4.9.3/armv7-m/libgcc.a(_arm_truncdfsf2.o)
 .ARM.attributes
                0x00000bfc       0x1d /usr/lib/gcc/arm-none-eabi/4.9.3/armv7-m/libgcc.a(_arm_addsubsf3.o)
 .ARM.attributes
                0x00000c19       0x1d /usr/lib/gcc/arm-none-eabi/4.9.3/armv7-m/libgcc.a(_arm_muldivsf3.o)
 .ARM.attributes
                0x00000c36       0x1d /usr/lib/gcc/arm-none-eabi/4.9.3/armv7-m/libgcc.a(_arm_cmpsf2.o)
 .ARM.attributes
                0x00000c53       0x1d /usr/lib/gcc/arm-none-eabi/4.9.3/armv7-m/libgcc.a(_arm_fixsfsi.o)
 .ARM.attributes
                0x00000c70       0x1d /usr/lib/gcc/arm-none-eabi/4.9.3/armv7-m/libgcc.a(_arm_fixunssfsi.o)
 .ARM.attributes
                0x00000c8d       0x1d /usr/lib/gcc/arm-none-eabi/4.9.3/armv7-m/libgcc.a(_aeabi_ldivmod.o)
 .ARM.attributes
                0x00000caa       0x2d /usr/lib/gcc/arm-none-eabi/4.9.3/armv7-m/libgcc.a(bpabi.o)
 .ARM.attributes
                0x00000cd7       0x1d /usr/lib/gcc/arm-none-eabi/4.9.3/armv7-m/libgcc.a(_dvmd_tls.o)
 .ARM.attributes
                0x00000cf4       0x2d /usr/lib/gcc/arm-none-eabi/4.9.3/armv7-m/libgcc.a(_divdi3.o)
 .ARM.attributes
                0x00000d21       0x2d /usr/lib/gcc/arm-none-eabi/4.9.3/armv7-m/libgcc.a(_udivdi3.o)
OUTPUT(obj/main/cleanflight_NAZE.elf elf32-littlearm)

.debug_info     0x00000000    0x44b95
 .debug_info    0x00000000     0x8333 /tmp/ccHvhHOs.ltrans0.ltrans.o
 .debug_info    0x00008333     0x4b72 /tmp/ccHvhHOs.ltrans1.ltrans.o
 .debug_info    0x0000cea5     0x2e1e /tmp/ccHvhHOs.ltrans2.ltrans.o
 .debug_info    0x0000fcc3     0x2839 /tmp/ccHvhHOs.ltrans3.ltrans.o
 .debug_info    0x000124fc     0x1174 /tmp/ccHvhHOs.ltrans4.ltrans.o
 .debug_info    0x00013670     0x38e6 /tmp/ccHvhHOs.ltrans5.ltrans.o
 .debug_info    0x00016f56     0x2637 /tmp/ccHvhHOs.ltrans6.ltrans.o
 .debug_info    0x0001958d     0x1dbd /tmp/ccHvhHOs.ltrans7.ltrans.o
 .debug_info    0x0001b34a     0x3376 /tmp/ccHvhHOs.ltrans8.ltrans.o
 .debug_info    0x0001e6c0     0x2901 /tmp/ccHvhHOs.ltrans9.ltrans.o
 .debug_info    0x00020fc1     0x323d /tmp/ccHvhHOs.ltrans10.ltrans.o
 .debug_info    0x000241fe     0x1843 /tmp/ccHvhHOs.ltrans11.ltrans.o
 .debug_info    0x00025a41     0x2827 /tmp/ccHvhHOs.ltrans12.ltrans.o
 .debug_info    0x00028268     0x265d /tmp/ccHvhHOs.ltrans13.ltrans.o
 .debug_info    0x0002a8c5     0x19fa /tmp/ccHvhHOs.ltrans14.ltrans.o
 .debug_info    0x0002c2bf     0x113f /tmp/ccHvhHOs.ltrans15.ltrans.o
 .debug_info    0x0002d3fe     0x25b3 /tmp/ccHvhHOs.ltrans16.ltrans.o
 .debug_info    0x0002f9b1     0x1aad /tmp/ccHvhHOs.ltrans17.ltrans.o
 .debug_info    0x0003145e     0x1577 /tmp/ccHvhHOs.ltrans18.ltrans.o
 .debug_info    0x000329d5     0x26f7 /tmp/ccHvhHOs.ltrans19.ltrans.o
 .debug_info    0x000350cc     0x2d1c /tmp/ccHvhHOs.ltrans20.ltrans.o
 .debug_info    0x00037de8     0x150e /tmp/ccHvhHOs.ltrans21.ltrans.o
 .debug_info    0x000392f6      0x5fb /tmp/ccHvhHOs.ltrans22.ltrans.o
 .debug_info    0x000398f1      0xe75 /tmp/ccHvhHOs.ltrans23.ltrans.o
 .debug_info    0x0003a766     0x126a /tmp/ccHvhHOs.ltrans24.ltrans.o
 .debug_info    0x0003b9d0      0x7ed /usr/lib/gcc/arm-none-eabi/4.9.3/../../../arm-none-eabi/lib/armv7-m/libc_nano.a(lib_a-atoi.o)
 .debug_info    0x0003c1bd       0x6f /usr/lib/gcc/arm-none-eabi/4.9.3/../../../arm-none-eabi/lib/armv7-m/libc_nano.a(lib_a-ctype_.o)
 .debug_info    0x0003c22c      0x853 /usr/lib/gcc/arm-none-eabi/4.9.3/../../../arm-none-eabi/lib/armv7-m/libc_nano.a(lib_a-strtol.o)
 .debug_info    0x0003ca7f      0x7d3 /usr/lib/gcc/arm-none-eabi/4.9.3/../../../arm-none-eabi/lib/armv7-m/libc_nano.a(lib_a-impure.o)
 .debug_info    0x0003d252      0x14a /usr/lib/gcc/arm-none-eabi/4.9.3/../../../arm-none-eabi/lib/armv7-m/libm.a(lib_a-sf_lrint.o)
 .debug_info    0x0003d39c      0x342 /usr/lib/gcc/arm-none-eabi/4.9.3/../../../arm-none-eabi/lib/armv7-m/libm.a(lib_a-wf_pow.o)
 .debug_info    0x0003d6de      0x20d /usr/lib/gcc/arm-none-eabi/4.9.3/../../../arm-none-eabi/lib/armv7-m/libm.a(lib_a-wf_sqrt.o)
 .debug_info    0x0003d8eb      0x6dc /usr/lib/gcc/arm-none-eabi/4.9.3/../../../arm-none-eabi/lib/armv7-m/libm.a(lib_a-ef_pow.o)
 .debug_info    0x0003dfc7      0x1cc /usr/lib/gcc/arm-none-eabi/4.9.3/../../../arm-none-eabi/lib/armv7-m/libm.a(lib_a-ef_sqrt.o)
 .debug_info    0x0003e193       0xbe /usr/lib/gcc/arm-none-eabi/4.9.3/../../../arm-none-eabi/lib/armv7-m/libm.a(lib_a-s_lib_ver.o)
 .debug_info    0x0003e251      0x129 /usr/lib/gcc/arm-none-eabi/4.9.3/../../../arm-none-eabi/lib/armv7-m/libm.a(lib_a-s_matherr.o)
 .debug_info    0x0003e37a      0x20a /usr/lib/gcc/arm-none-eabi/4.9.3/../../../arm-none-eabi/lib/armv7-m/libm.a(lib_a-s_rint.o)
 .debug_info    0x0003e584       0xcc /usr/lib/gcc/arm-none-eabi/4.9.3/../../../arm-none-eabi/lib/armv7-m/libm.a(lib_a-sf_fabs.o)
 .debug_info    0x0003e650       0xcc /usr/lib/gcc/arm-none-eabi/4.9.3/../../../arm-none-eabi/lib/armv7-m/libm.a(lib_a-sf_finite.o)
 .debug_info    0x0003e71c       0xca /usr/lib/gcc/arm-none-eabi/4.9.3/../../../arm-none-eabi/lib/armv7-m/libm.a(lib_a-sf_fpclassify.o)
 .debug_info    0x0003e7e6       0xce /usr/lib/gcc/arm-none-eabi/4.9.3/../../../arm-none-eabi/lib/armv7-m/libm.a(lib_a-sf_nan.o)
 .debug_info    0x0003e8b4      0x21c /usr/lib/gcc/arm-none-eabi/4.9.3/../../../arm-none-eabi/lib/armv7-m/libm.a(lib_a-sf_scalbn.o)
 .debug_info    0x0003ead0      0x12e /usr/lib/gcc/arm-none-eabi/4.9.3/../../../arm-none-eabi/lib/armv7-m/libm.a(lib_a-sf_copysign.o)
 .debug_info    0x0003ebfe      0x78e /usr/lib/gcc/arm-none-eabi/4.9.3/../../../arm-none-eabi/lib/armv7-m/libc_nano.a(lib_a-calloc.o)
 .debug_info    0x0003f38c      0x735 /usr/lib/gcc/arm-none-eabi/4.9.3/../../../arm-none-eabi/lib/armv7-m/libc_nano.a(lib_a-errno.o)
 .debug_info    0x0003fac1      0x7c1 /usr/lib/gcc/arm-none-eabi/4.9.3/../../../arm-none-eabi/lib/armv7-m/libc_nano.a(lib_a-malloc.o)
 .debug_info    0x00040282      0x104 /usr/lib/gcc/arm-none-eabi/4.9.3/../../../arm-none-eabi/lib/armv7-m/libc_nano.a(lib_a-memcpy.o)
 .debug_info    0x00040386       0xd3 /usr/lib/gcc/arm-none-eabi/4.9.3/../../../arm-none-eabi/lib/armv7-m/libc_nano.a(lib_a-memset.o)
 .debug_info    0x00040459      0x7e8 /usr/lib/gcc/arm-none-eabi/4.9.3/../../../arm-none-eabi/lib/armv7-m/libc_nano.a(lib_a-nano-callocr.o)
 .debug_info    0x00040c41      0x81a /usr/lib/gcc/arm-none-eabi/4.9.3/../../../arm-none-eabi/lib/armv7-m/libc_nano.a(lib_a-nano-freer.o)
 .debug_info    0x0004145b      0x8fb /usr/lib/gcc/arm-none-eabi/4.9.3/../../../arm-none-eabi/lib/armv7-m/libc_nano.a(lib_a-nano-mallocr.o)
 .debug_info    0x00041d56      0x7a0 /usr/lib/gcc/arm-none-eabi/4.9.3/../../../arm-none-eabi/lib/armv7-m/libc_nano.a(lib_a-sbrkr.o)
 .debug_info    0x000424f6      0x14f /usr/lib/gcc/arm-none-eabi/4.9.3/../../../arm-none-eabi/lib/armv7-m/libc_nano.a(lib_a-strcasecmp.o)
 .debug_info    0x00042645       0xc8 /usr/lib/gcc/arm-none-eabi/4.9.3/../../../arm-none-eabi/lib/armv7-m/libc_nano.a(lib_a-strcat.o)
 .debug_info    0x0004270d       0xe3 /usr/lib/gcc/arm-none-eabi/4.9.3/../../../arm-none-eabi/lib/armv7-m/libc_nano.a(lib_a-strchr.o)
 .debug_info    0x000427f0       0xbd /usr/lib/gcc/arm-none-eabi/4.9.3/../../../arm-none-eabi/lib/armv7-m/libc_nano.a(lib_a-strcpy.o)
 .debug_info    0x000428ad       0xcd /usr/lib/gcc/arm-none-eabi/4.9.3/../../../arm-none-eabi/lib/armv7-m/libc_nano.a(lib_a-strlen.o)
 .debug_info    0x0004297a      0x169 /usr/lib/gcc/arm-none-eabi/4.9.3/../../../arm-none-eabi/lib/armv7-m/libc_nano.a(lib_a-strncasecmp.o)
 .debug_info    0x00042ae3       0xf5 /usr/lib/gcc/arm-none-eabi/4.9.3/../../../arm-none-eabi/lib/armv7-m/libc_nano.a(lib_a-strncpy.o)
 .debug_info    0x00042bd8       0xdb /usr/lib/gcc/arm-none-eabi/4.9.3/../../../arm-none-eabi/lib/armv7-m/libc_nano.a(lib_a-strstr.o)
 .debug_info    0x00042cb3      0x8fb /usr/lib/gcc/arm-none-eabi/4.9.3/../../../arm-none-eabi/lib/armv7-m/libc_nano.a(lib_a-reent.o)
 .debug_info    0x000435ae       0x99 /usr/lib/gcc/arm-none-eabi/4.9.3/../../../arm-none-eabi/lib/armv7-m/libnosys.a(sbrk.o)
 .debug_info    0x00043647       0xba /usr/lib/gcc/arm-none-eabi/4.9.3/armv7-m/libgcc.a(_arm_addsubdf3.o)
 .debug_info    0x00043701       0xba /usr/lib/gcc/arm-none-eabi/4.9.3/armv7-m/libgcc.a(_arm_muldivdf3.o)
 .debug_info    0x000437bb       0xba /usr/lib/gcc/arm-none-eabi/4.9.3/armv7-m/libgcc.a(_arm_cmpdf2.o)
 .debug_info    0x00043875       0xba /usr/lib/gcc/arm-none-eabi/4.9.3/armv7-m/libgcc.a(_arm_fixunsdfsi.o)
 .debug_info    0x0004392f       0xba /usr/lib/gcc/arm-none-eabi/4.9.3/armv7-m/libgcc.a(_arm_truncdfsf2.o)
 .debug_info    0x000439e9       0xba /usr/lib/gcc/arm-none-eabi/4.9.3/armv7-m/libgcc.a(_arm_addsubsf3.o)
 .debug_info    0x00043aa3       0xba /usr/lib/gcc/arm-none-eabi/4.9.3/armv7-m/libgcc.a(_arm_muldivsf3.o)
 .debug_info    0x00043b5d       0xba /usr/lib/gcc/arm-none-eabi/4.9.3/armv7-m/libgcc.a(_arm_cmpsf2.o)
 .debug_info    0x00043c17       0xba /usr/lib/gcc/arm-none-eabi/4.9.3/armv7-m/libgcc.a(_arm_fixsfsi.o)
 .debug_info    0x00043cd1       0xba /usr/lib/gcc/arm-none-eabi/4.9.3/armv7-m/libgcc.a(_arm_fixunssfsi.o)
 .debug_info    0x00043d8b       0xb5 /usr/lib/gcc/arm-none-eabi/4.9.3/armv7-m/libgcc.a(_aeabi_ldivmod.o)
 .debug_info    0x00043e40      0x164 /usr/lib/gcc/arm-none-eabi/4.9.3/armv7-m/libgcc.a(bpabi.o)
 .debug_info    0x00043fa4       0xb9 /usr/lib/gcc/arm-none-eabi/4.9.3/armv7-m/libgcc.a(_dvmd_tls.o)
 .debug_info    0x0004405d      0x5bc /usr/lib/gcc/arm-none-eabi/4.9.3/armv7-m/libgcc.a(_divdi3.o)
 .debug_info    0x00044619      0x57c /usr/lib/gcc/arm-none-eabi/4.9.3/armv7-m/libgcc.a(_udivdi3.o)

.debug_abbrev   0x00000000     0xa412
 .debug_abbrev  0x00000000      0x68a /tmp/ccHvhHOs.ltrans0.ltrans.o
 .debug_abbrev  0x0000068a      0x490 /tmp/ccHvhHOs.ltrans1.ltrans.o
 .debug_abbrev  0x00000b1a      0x4df /tmp/ccHvhHOs.ltrans2.ltrans.o
 .debug_abbrev  0x00000ff9      0x468 /tmp/ccHvhHOs.ltrans3.ltrans.o
 .debug_abbrev  0x00001461      0x265 /tmp/ccHvhHOs.ltrans4.ltrans.o
 .debug_abbrev  0x000016c6      0x5ba /tmp/ccHvhHOs.ltrans5.ltrans.o
 .debug_abbrev  0x00001c80      0x5b6 /tmp/ccHvhHOs.ltrans6.ltrans.o
 .debug_abbrev  0x00002236      0x5f4 /tmp/ccHvhHOs.ltrans7.ltrans.o
 .debug_abbrev  0x0000282a      0x679 /tmp/ccHvhHOs.ltrans8.ltrans.o
 .debug_abbrev  0x00002ea3      0x53e /tmp/ccHvhHOs.ltrans9.ltrans.o
 .debug_abbrev  0x000033e1      0x47d /tmp/ccHvhHOs.ltrans10.ltrans.o
 .debug_abbrev  0x0000385e      0x445 /tmp/ccHvhHOs.ltrans11.ltrans.o
 .debug_abbrev  0x00003ca3      0x687 /tmp/ccHvhHOs.ltrans12.ltrans.o
 .debug_abbrev  0x0000432a      0x6ea /tmp/ccHvhHOs.ltrans13.ltrans.o
 .debug_abbrev  0x00004a14      0x4c7 /tmp/ccHvhHOs.ltrans14.ltrans.o
 .debug_abbrev  0x00004edb      0x3fc /tmp/ccHvhHOs.ltrans15.ltrans.o
 .debug_abbrev  0x000052d7      0x59f /tmp/ccHvhHOs.ltrans16.ltrans.o
 .debug_abbrev  0x00005876      0x43b /tmp/ccHvhHOs.ltrans17.ltrans.o
 .debug_abbrev  0x00005cb1      0x40a /tmp/ccHvhHOs.ltrans18.ltrans.o
 .debug_abbrev  0x000060bb      0x54e /tmp/ccHvhHOs.ltrans19.ltrans.o
 .debug_abbrev  0x00006609      0x642 /tmp/ccHvhHOs.ltrans20.ltrans.o
 .debug_abbrev  0x00006c4b      0x524 /tmp/ccHvhHOs.ltrans21.ltrans.o
 .debug_abbrev  0x0000716f      0x22a /tmp/ccHvhHOs.ltrans22.ltrans.o
 .debug_abbrev  0x00007399      0x44d /tmp/ccHvhHOs.ltrans23.ltrans.o
 .debug_abbrev  0x000077e6      0x407 /tmp/ccHvhHOs.ltrans24.ltrans.o
 .debug_abbrev  0x00007bed      0x176 /usr/lib/gcc/arm-none-eabi/4.9.3/../../../arm-none-eabi/lib/armv7-m/libc_nano.a(lib_a-atoi.o)
 .debug_abbrev  0x00007d63       0x4e /usr/lib/gcc/arm-none-eabi/4.9.3/../../../arm-none-eabi/lib/armv7-m/libc_nano.a(lib_a-ctype_.o)
 .debug_abbrev  0x00007db1      0x1ac /usr/lib/gcc/arm-none-eabi/4.9.3/../../../arm-none-eabi/lib/armv7-m/libc_nano.a(lib_a-strtol.o)
 .debug_abbrev  0x00007f5d      0x136 /usr/lib/gcc/arm-none-eabi/4.9.3/../../../arm-none-eabi/lib/armv7-m/libc_nano.a(lib_a-impure.o)
 .debug_abbrev  0x00008093       0xbe /usr/lib/gcc/arm-none-eabi/4.9.3/../../../arm-none-eabi/lib/armv7-m/libm.a(lib_a-sf_lrint.o)
 .debug_abbrev  0x00008151      0x14d /usr/lib/gcc/arm-none-eabi/4.9.3/../../../arm-none-eabi/lib/armv7-m/libm.a(lib_a-wf_pow.o)
 .debug_abbrev  0x0000829e      0x13a /usr/lib/gcc/arm-none-eabi/4.9.3/../../../arm-none-eabi/lib/armv7-m/libm.a(lib_a-wf_sqrt.o)
 .debug_abbrev  0x000083d8      0x1cd /usr/lib/gcc/arm-none-eabi/4.9.3/../../../arm-none-eabi/lib/armv7-m/libm.a(lib_a-ef_pow.o)
 .debug_abbrev  0x000085a5       0xe0 /usr/lib/gcc/arm-none-eabi/4.9.3/../../../arm-none-eabi/lib/armv7-m/libm.a(lib_a-ef_sqrt.o)
 .debug_abbrev  0x00008685       0x4f /usr/lib/gcc/arm-none-eabi/4.9.3/../../../arm-none-eabi/lib/armv7-m/libm.a(lib_a-s_lib_ver.o)
 .debug_abbrev  0x000086d4       0x9a /usr/lib/gcc/arm-none-eabi/4.9.3/../../../arm-none-eabi/lib/armv7-m/libm.a(lib_a-s_matherr.o)
 .debug_abbrev  0x0000876e      0x12b /usr/lib/gcc/arm-none-eabi/4.9.3/../../../arm-none-eabi/lib/armv7-m/libm.a(lib_a-s_rint.o)
 .debug_abbrev  0x00008899       0x6f /usr/lib/gcc/arm-none-eabi/4.9.3/../../../arm-none-eabi/lib/armv7-m/libm.a(lib_a-sf_fabs.o)