Archive member included to satisfy reference by file (symbol)

/usr/lib/gcc/arm-none-eabi/4.9.3/../../../arm-none-eabi/lib/armv7-m/libc_nano.a(lib_a-atoi.o)
                              obj/main/NAZE/io/ledstrip.o (symbol from plugin) (atoi)
/usr/lib/gcc/arm-none-eabi/4.9.3/../../../arm-none-eabi/lib/armv7-m/libc_nano.a(lib_a-ctype_.o)
                              obj/main/NAZE/flight/gps_conversion.o (symbol from plugin) (__ctype_ptr__)
/usr/lib/gcc/arm-none-eabi/4.9.3/../../../arm-none-eabi/lib/armv7-m/libc_nano.a(lib_a-memcpy.o)
                              obj/main/NAZE/io/ledstrip.o (symbol from plugin) (memcpy)
/usr/lib/gcc/arm-none-eabi/4.9.3/../../../arm-none-eabi/lib/armv7-m/libc_nano.a(lib_a-strtok.o)
                              obj/main/NAZE/io/serial_cli.o (symbol from plugin) (strtok)
/usr/lib/gcc/arm-none-eabi/4.9.3/../../../arm-none-eabi/lib/armv7-m/libc_nano.a(lib_a-strtok_r.o)
                              /usr/lib/gcc/arm-none-eabi/4.9.3/../../../arm-none-eabi/lib/armv7-m/libc_nano.a(lib_a-strtok.o) (__strtok_r)
/usr/lib/gcc/arm-none-eabi/4.9.3/../../../arm-none-eabi/lib/armv7-m/libc_nano.a(lib_a-strtol.o)
                              /usr/lib/gcc/arm-none-eabi/4.9.3/../../../arm-none-eabi/lib/armv7-m/libc_nano.a(lib_a-atoi.o) (_strtol_r)
/usr/lib/gcc/arm-none-eabi/4.9.3/../../../arm-none-eabi/lib/armv7-m/libc_nano.a(lib_a-impure.o)
                              /usr/lib/gcc/arm-none-eabi/4.9.3/../../../arm-none-eabi/lib/armv7-m/libc_nano.a(lib_a-strtok.o) (_impure_ptr)
/usr/lib/gcc/arm-none-eabi/4.9.3/../../../arm-none-eabi/lib/armv7-m/libc_nano.a(lib_a-malloc.o)
                              /usr/lib/gcc/arm-none-eabi/4.9.3/../../../arm-none-eabi/lib/armv7-m/libc_nano.a(lib_a-strtok.o) (malloc)
/usr/lib/gcc/arm-none-eabi/4.9.3/../../../arm-none-eabi/lib/armv7-m/libc_nano.a(lib_a-nano-freer.o)
                              /usr/lib/gcc/arm-none-eabi/4.9.3/../../../arm-none-eabi/lib/armv7-m/libc_nano.a(lib_a-malloc.o) (_free_r)
/usr/lib/gcc/arm-none-eabi/4.9.3/../../../arm-none-eabi/lib/armv7-m/libc_nano.a(lib_a-nano-mallocr.o)
                              /usr/lib/gcc/arm-none-eabi/4.9.3/../../../arm-none-eabi/lib/armv7-m/libc_nano.a(lib_a-malloc.o) (_malloc_r)
/usr/lib/gcc/arm-none-eabi/4.9.3/../../../arm-none-eabi/lib/armv7-m/libc_nano.a(lib_a-sbrkr.o)
                              /usr/lib/gcc/arm-none-eabi/4.9.3/../../../arm-none-eabi/lib/armv7-m/libc_nano.a(lib_a-nano-mallocr.o) (_sbrk_r)
/usr/lib/gcc/arm-none-eabi/4.9.3/../../../arm-none-eabi/lib/armv7-m/libc_nano.a(lib_a-reent.o)
                              /usr/lib/gcc/arm-none-eabi/4.9.3/../../../arm-none-eabi/lib/armv7-m/libc_nano.a(lib_a-sbrkr.o) (errno)
/usr/lib/gcc/arm-none-eabi/4.9.3/../../../arm-none-eabi/lib/armv7-m/libnosys.a(sbrk.o)
                              /usr/lib/gcc/arm-none-eabi/4.9.3/../../../arm-none-eabi/lib/armv7-m/libc_nano.a(lib_a-sbrkr.o) (_sbrk)
/usr/lib/gcc/arm-none-eabi/4.9.3/../../../arm-none-eabi/lib/armv7-m/libm.a(lib_a-sf_log2.o)
                              /tmp/ccGrItoW.ltrans25.ltrans.o (log2f)
/usr/lib/gcc/arm-none-eabi/4.9.3/../../../arm-none-eabi/lib/armv7-m/libm.a(lib_a-sf_lrint.o)
                              /tmp/ccGrItoW.ltrans2.ltrans.o (lrintf)
/usr/lib/gcc/arm-none-eabi/4.9.3/../../../arm-none-eabi/lib/armv7-m/libm.a(lib_a-wf_log.o)
                              /usr/lib/gcc/arm-none-eabi/4.9.3/../../../arm-none-eabi/lib/armv7-m/libm.a(lib_a-sf_log2.o) (logf)
/usr/lib/gcc/arm-none-eabi/4.9.3/../../../arm-none-eabi/lib/armv7-m/libm.a(lib_a-wf_pow.o)
                              /tmp/ccGrItoW.ltrans16.ltrans.o (powf)
/usr/lib/gcc/arm-none-eabi/4.9.3/../../../arm-none-eabi/lib/armv7-m/libm.a(lib_a-wf_sqrt.o)
                              /tmp/ccGrItoW.ltrans14.ltrans.o (sqrtf)
/usr/lib/gcc/arm-none-eabi/4.9.3/../../../arm-none-eabi/lib/armv7-m/libm.a(lib_a-ef_log.o)
                              /usr/lib/gcc/arm-none-eabi/4.9.3/../../../arm-none-eabi/lib/armv7-m/libm.a(lib_a-wf_log.o) (__ieee754_logf)
/usr/lib/gcc/arm-none-eabi/4.9.3/../../../arm-none-eabi/lib/armv7-m/libm.a(lib_a-ef_pow.o)
                              /usr/lib/gcc/arm-none-eabi/4.9.3/../../../arm-none-eabi/lib/armv7-m/libm.a(lib_a-wf_pow.o) (__ieee754_powf)
/usr/lib/gcc/arm-none-eabi/4.9.3/../../../arm-none-eabi/lib/armv7-m/libm.a(lib_a-ef_sqrt.o)
                              /usr/lib/gcc/arm-none-eabi/4.9.3/../../../arm-none-eabi/lib/armv7-m/libm.a(lib_a-wf_sqrt.o) (__ieee754_sqrtf)
/usr/lib/gcc/arm-none-eabi/4.9.3/../../../arm-none-eabi/lib/armv7-m/libm.a(lib_a-s_lib_ver.o)
                              /usr/lib/gcc/arm-none-eabi/4.9.3/../../../arm-none-eabi/lib/armv7-m/libm.a(lib_a-wf_log.o) (__fdlib_version)
/usr/lib/gcc/arm-none-eabi/4.9.3/../../../arm-none-eabi/lib/armv7-m/libm.a(lib_a-s_matherr.o)
                              /usr/lib/gcc/arm-none-eabi/4.9.3/../../../arm-none-eabi/lib/armv7-m/libm.a(lib_a-wf_log.o) (matherr)
[...]
Memory Configuration

Name             Origin             Length             Attributes
FLASH            0x08000000         0x0001f000         xr
FLASH_CONFIG     0x0801f000         0x00001000         r
RAM              0x20000000         0x00005000         xrw
MEMORY_B1        0x60000000         0x00000000         xr
*default*        0x00000000         0xffffffff

Linker script and memory map

LOAD obj/main/NAZE/startup_stm32f10x_md_gcc.o
LOAD obj/main/NAZE/drivers/adc.o
LOAD /tmp/ccGrItoW.ltrans0.ltrans.o
LOAD /tmp/ccGrItoW.ltrans1.ltrans.o
LOAD /tmp/ccGrItoW.ltrans2.ltrans.o
LOAD /tmp/ccGrItoW.ltrans3.ltrans.o
LOAD /tmp/ccGrItoW.ltrans4.ltrans.o
LOAD /tmp/ccGrItoW.ltrans5.ltrans.o
LOAD /tmp/ccGrItoW.ltrans6.ltrans.o
LOAD /tmp/ccGrItoW.ltrans7.ltrans.o
LOAD /tmp/ccGrItoW.ltrans8.ltrans.o
LOAD /tmp/ccGrItoW.ltrans9.ltrans.o
LOAD /tmp/ccGrItoW.ltrans10.ltrans.o
LOAD /tmp/ccGrItoW.ltrans11.ltrans.o
LOAD /tmp/ccGrItoW.ltrans12.ltrans.o
LOAD /tmp/ccGrItoW.ltrans13.ltrans.o
LOAD /tmp/ccGrItoW.ltrans14.ltrans.o
LOAD /tmp/ccGrItoW.ltrans15.ltrans.o
LOAD /tmp/ccGrItoW.ltrans16.ltrans.o
LOAD /tmp/ccGrItoW.ltrans17.ltrans.o
LOAD /tmp/ccGrItoW.ltrans18.ltrans.o
LOAD /tmp/ccGrItoW.ltrans19.ltrans.o
LOAD /tmp/ccGrItoW.ltrans20.ltrans.o
LOAD /tmp/ccGrItoW.ltrans21.ltrans.o
LOAD /tmp/ccGrItoW.ltrans22.ltrans.o
LOAD /tmp/ccGrItoW.ltrans23.ltrans.o
LOAD /tmp/ccGrItoW.ltrans24.ltrans.o
LOAD /tmp/ccGrItoW.ltrans25.ltrans.o
LOAD /tmp/ccGrItoW.ltrans26.ltrans.o
LOAD /tmp/ccGrItoW.ltrans27.ltrans.o
LOAD /tmp/ccGrItoW.ltrans28.ltrans.o
LOAD /tmp/ccGrItoW.ltrans29.ltrans.o
LOAD /tmp/ccGrItoW.ltrans30.ltrans.o
LOAD /tmp/ccGrItoW.ltrans31.ltrans.o
LOAD obj/main/NAZE/drivers/adc_stm32f10x.o
LOAD obj/main/NAZE/drivers/bus_i2c_stm32f10x.o
LOAD obj/main/NAZE/drivers/gpio_stm32f10x.o
LOAD obj/main/NAZE/drivers/light_led_stm32f10x.o
LOAD obj/main/NAZE/drivers/serial_uart.o
LOAD obj/main/NAZE/drivers/serial_uart_stm32f10x.o
LOAD obj/main/NAZE/drivers/system_stm32f10x.o
LOAD obj/main/NAZE/drivers/accgyro_adxl345.o
LOAD obj/main/NAZE/drivers/accgyro_bma280.o
LOAD obj/main/NAZE/drivers/accgyro_l3g4200d.o
LOAD obj/main/NAZE/drivers/accgyro_mma845x.o
LOAD obj/main/NAZE/drivers/accgyro_mpu.o
LOAD obj/main/NAZE/drivers/accgyro_mpu3050.o
LOAD obj/main/NAZE/drivers/accgyro_mpu6050.o
LOAD obj/main/NAZE/drivers/accgyro_mpu6500.o
LOAD obj/main/NAZE/drivers/accgyro_spi_mpu6500.o
LOAD obj/main/NAZE/drivers/barometer_bmp085.o
LOAD obj/main/NAZE/drivers/barometer_ms5611.o
LOAD obj/main/NAZE/drivers/barometer_bmp280.o
LOAD obj/main/NAZE/drivers/bus_spi.o
LOAD obj/main/NAZE/drivers/compass_hmc5883l.o
LOAD obj/main/NAZE/drivers/display_ug2864hsweg01.o
LOAD obj/main/NAZE/drivers/flash_m25p16.o
LOAD obj/main/NAZE/drivers/inverter.o
LOAD obj/main/NAZE/drivers/light_ws2811strip.o
LOAD obj/main/NAZE/drivers/light_ws2811strip_stm32f10x.o
LOAD obj/main/NAZE/drivers/sonar_hcsr04.o
LOAD obj/main/NAZE/drivers/pwm_mapping.o
LOAD obj/main/NAZE/drivers/pwm_output.o
LOAD obj/main/NAZE/drivers/pwm_rx.o
LOAD obj/main/NAZE/drivers/serial_softserial.o
LOAD obj/main/NAZE/drivers/sound_beeper_stm32f10x.o
LOAD obj/main/NAZE/drivers/timer.o
LOAD obj/main/NAZE/drivers/timer_stm32f10x.o
LOAD obj/main/NAZE/io/flashfs.o
LOAD obj/main/NAZE/hardware_revision.o
LOAD obj/main/NAZE/flight/gtune.o
LOAD obj/main/NAZE/flight/navigation.o
LOAD obj/main/NAZE/flight/gps_conversion.o
LOAD obj/main/NAZE/common/colorconversion.o
LOAD obj/main/NAZE/io/gps.o
LOAD obj/main/NAZE/io/ledstrip.o
LOAD obj/main/NAZE/io/display.o
LOAD obj/main/NAZE/telemetry/telemetry.o
LOAD obj/main/NAZE/telemetry/frsky.o
LOAD obj/main/NAZE/telemetry/hott.o
LOAD obj/main/NAZE/telemetry/smartport.o
LOAD obj/main/NAZE/telemetry/ltm.o
LOAD obj/main/NAZE/telemetry/mavlink.o
LOAD obj/main/NAZE/telemetry/ibus.o
LOAD obj/main/NAZE/sensors/sonar.o
LOAD obj/main/NAZE/sensors/barometer.o
LOAD obj/main/NAZE/blackbox/blackbox.o
LOAD obj/main/NAZE/blackbox/blackbox_io.o
LOAD obj/main/NAZE/config/feature.o
LOAD obj/main/NAZE/config/profile.o
LOAD obj/main/NAZE/fc/boot.o
LOAD obj/main/NAZE/fc/fc_debug.o
LOAD obj/main/NAZE/fc/cleanflight_fc.o
LOAD obj/main/NAZE/fc/fc_tasks.o
LOAD obj/main/NAZE/fc/rate_profile.o
LOAD obj/main/NAZE/fc/rc_adjustments.o
LOAD obj/main/NAZE/fc/rc_controls.o
LOAD obj/main/NAZE/fc/rc_curves.o
LOAD obj/main/NAZE/fc/fc_serial.o
LOAD obj/main/NAZE/fc/config.o
LOAD obj/main/NAZE/fc/runtime_config.o
LOAD obj/main/NAZE/fc/msp_server_fc.o
LOAD obj/main/NAZE/flight/altitudehold.o
LOAD obj/main/NAZE/flight/failsafe.o
LOAD obj/main/NAZE/flight/pid.o
LOAD obj/main/NAZE/flight/pid_luxfloat.o
LOAD obj/main/NAZE/flight/pid_mwrewrite.o
LOAD obj/main/NAZE/flight/pid_mw23.o
LOAD obj/main/NAZE/flight/imu.o
LOAD obj/main/NAZE/flight/mixer.o
LOAD obj/main/NAZE/flight/servos.o
LOAD obj/main/NAZE/drivers/bus_i2c_soft.o
LOAD obj/main/NAZE/drivers/exti.o
LOAD obj/main/NAZE/drivers/io.o
LOAD obj/main/NAZE/drivers/rcc.o
LOAD obj/main/NAZE/drivers/sound_beeper.o
LOAD obj/main/NAZE/drivers/gyro_sync.o
LOAD obj/main/NAZE/io/beeper.o
LOAD obj/main/NAZE/io/gimbal.o
LOAD obj/main/NAZE/io/servos.o
LOAD obj/main/NAZE/io/motors.o
LOAD obj/main/NAZE/io/serial_4way.o
LOAD obj/main/NAZE/io/serial_4way_avrootloader.o
LOAD obj/main/NAZE/io/serial_4way_stk500v2.o
LOAD obj/main/NAZE/io/serial_cli.o
LOAD obj/main/NAZE/io/statusindicator.o
LOAD obj/main/NAZE/rx/rx.o
LOAD obj/main/NAZE/rx/pwm.o
LOAD obj/main/NAZE/rx/msp.o
LOAD obj/main/NAZE/rx/sbus.o
LOAD obj/main/NAZE/rx/sumd.o
LOAD obj/main/NAZE/rx/sumh.o
LOAD obj/main/NAZE/rx/spektrum.o
LOAD obj/main/NAZE/rx/xbus.o
LOAD obj/main/NAZE/rx/ibus.o
LOAD obj/main/NAZE/rx/srxl.o
LOAD obj/main/NAZE/sensors/sensors.o
LOAD obj/main/NAZE/sensors/acceleration.o
LOAD obj/main/NAZE/sensors/battery.o
LOAD obj/main/NAZE/sensors/voltage.o
LOAD obj/main/NAZE/sensors/amperage.o
LOAD obj/main/NAZE/sensors/boardalignment.o
LOAD obj/main/NAZE/sensors/compass.o
LOAD obj/main/NAZE/sensors/gyro.o
LOAD obj/main/NAZE/sensors/initialisation.o
LOAD obj/main/NAZE/build/build_config.o
LOAD obj/main/NAZE/build/debug.o
LOAD obj/main/NAZE/build/version.o
LOAD obj/main/NAZE/config/config_streamer.o
LOAD obj/main/NAZE/config/parameter_group.o
LOAD obj/main/NAZE/config/config_eeprom.o
LOAD obj/main/NAZE/common/encoding.o
LOAD obj/main/NAZE/common/filter.o
LOAD obj/main/NAZE/common/maths.o
LOAD obj/main/NAZE/common/printf.o
LOAD obj/main/NAZE/common/streambuf.o
LOAD obj/main/NAZE/common/typeconversion.o
LOAD obj/main/NAZE/common/crc.o
LOAD obj/main/NAZE/common/pilot.o
LOAD obj/main/NAZE/drivers/buf_writer.o
LOAD obj/main/NAZE/drivers/dma.o
LOAD obj/main/NAZE/drivers/serial.o
LOAD obj/main/NAZE/drivers/system.o
LOAD obj/main/NAZE/scheduler/scheduler.o
LOAD obj/main/NAZE/io/serial.o
LOAD obj/main/NAZE/msp/msp.o
LOAD obj/main/NAZE/msp/msp_serial.o
LOAD obj/main/NAZE/msp/msp_server.o
LOAD obj/main/NAZE/core_cm3.o
LOAD obj/main/NAZE/system_stm32f10x.o
LOAD obj/main/NAZE/stm32f10x_dma.o
LOAD obj/main/NAZE/stm32f10x_dbgmcu.o
LOAD obj/main/NAZE/stm32f10x_dac.o
LOAD obj/main/NAZE/stm32f10x_rtc.o
LOAD obj/main/NAZE/stm32f10x_pwr.o
LOAD obj/main/NAZE/stm32f10x_i2c.o
LOAD obj/main/NAZE/stm32f10x_sdio.o
LOAD obj/main/NAZE/stm32f10x_rcc.o
LOAD obj/main/NAZE/stm32f10x_flash.o
LOAD obj/main/NAZE/stm32f10x_usart.o
LOAD obj/main/NAZE/stm32f10x_tim.o
LOAD obj/main/NAZE/stm32f10x_wwdg.o
LOAD obj/main/NAZE/misc.o
LOAD obj/main/NAZE/stm32f10x_iwdg.o
LOAD obj/main/NAZE/stm32f10x_adc.o
LOAD obj/main/NAZE/stm32f10x_spi.o
LOAD obj/main/NAZE/stm32f10x_bkp.o
LOAD obj/main/NAZE/stm32f10x_exti.o
LOAD obj/main/NAZE/stm32f10x_fsmc.o
LOAD obj/main/NAZE/stm32f10x_gpio.o
LOAD /usr/lib/gcc/arm-none-eabi/4.9.3/../../../arm-none-eabi/lib/armv7-m/libm.a
LOAD /usr/lib/gcc/arm-none-eabi/4.9.3/../../../arm-none-eabi/lib/armv7-m/libc_nano.a
LOAD /usr/lib/gcc/arm-none-eabi/4.9.3/../../../arm-none-eabi/lib/armv7-m/libnosys.a
START GROUP
LOAD /usr/lib/gcc/arm-none-eabi/4.9.3/armv7-m/libgcc.a
LOAD /usr/lib/gcc/arm-none-eabi/4.9.3/../../../arm-none-eabi/lib/armv7-m/libg_nano.a
LOAD /usr/lib/gcc/arm-none-eabi/4.9.3/../../../arm-none-eabi/lib/armv7-m/libc_nano.a
END GROUP
START GROUP
LOAD /usr/lib/gcc/arm-none-eabi/4.9.3/armv7-m/libgcc.a
LOAD /usr/lib/gcc/arm-none-eabi/4.9.3/../../../arm-none-eabi/lib/armv7-m/libc_nano.a
END GROUP
                0x20005000                _estack = (ORIGIN (RAM) + LENGTH (RAM))
                0x0801f000                __config_start = (ORIGIN (FLASH) + LENGTH (FLASH))
                0x08020000                __config_end = (ORIGIN (FLASH_CONFIG) + LENGTH (FLASH_CONFIG))
                0x00000000                _Min_Heap_Size = 0x0
                0x00000400                _Min_Stack_Size = 0x400

.isr_vector     0x08000000      0x10c
                0x08000000                . = ALIGN (0x4)
                [!provide]                PROVIDE (isr_vector_table_base, .)
 *(.isr_vector)
 .isr_vector    0x08000000      0x10c obj/main/NAZE/startup_stm32f10x_md_gcc.o
                0x08000000                g_pfnVectors
                0x0800010c                . = ALIGN (0x4)

.text           0x08000110    0x1e1c0
                0x08000110                . = ALIGN (0x4)
 *(.text)
 .text          0x08000110     0x1a00 /tmp/ccGrItoW.ltrans1.ltrans.o
                0x08000110                mspSerialProcess
 .text          0x08001b10     0x1634 /tmp/ccGrItoW.ltrans2.ltrans.o
                0x08001b10                taskPid
 .text          0x08003144     0x15d0 /tmp/ccGrItoW.ltrans3.ltrans.o
                0x08003144                taskTelemetry
 .text          0x08004714     0x1280 /tmp/ccGrItoW.ltrans4.ltrans.o
                0x08004714                taskUpdateRxMain
 .text          0x08005994      0xca4 /tmp/ccGrItoW.ltrans5.ltrans.o
                0x08005d94                usartIrqHandler
                0x08005df8                uartStartTxDMA
                0x08005e5a                gpioInit
                0x08005ebe                uartOpen
                0x0800624e                i2cInit
                0x0800651c                i2cRead
                0x080065a0                i2cWrite
                0x0800662c                I2C2_EV_IRQHandler
                0x08006630                I2C2_ER_IRQHandler
                0x08006632                I2C1_EV_IRQHandler
                0x08006636                I2C1_ER_IRQHandler
 .text          0x08006638      0xd50 /tmp/ccGrItoW.ltrans6.ltrans.o
                0x08006638                ws2811DMAHandler
                0x0800666e                bmp280_calculate.lto_priv.194
                0x08006830                bmp280_get_ut.lto_priv.190
                0x08006832                bmp280_start_ut.lto_priv.191
                0x08006834                ms5611_calculate.lto_priv.199
                0x080069f0                bmp085_calculate.lto_priv.204
                0x08006acc                hcsr04_extiHandler
                0x08006b04                hmc5883lRead
                0x08006b7c                bmp280_get_up.lto_priv.193
                0x08006bf0                ms5611_get_up.lto_priv.198
                0x08006c00                ms5611_get_ut.lto_priv.196
                0x08006c10                bmp085_get_up.lto_priv.203
                0x08006c5c                bmp085_get_ut.lto_priv.201
                0x08006c90                bmp280_start_up.lto_priv.192
                0x08006c9a                ms5611_start_up.lto_priv.197
                0x08006ca4                ms5611_start_ut.lto_priv.195
                0x08006cae                bmp085_start_up.lto_priv.202
                0x08006cd4                bmp085_start_ut.lto_priv.200
                0x08006ce8                hmc5883lInit
                0x08006f0c                pwmOutConfig.lto_priv.491
                0x080071b8                ws2811UpdateStrip
                0x080072a4                m25p16_isReady
                0x080072ec                m25p16_waitForReady
                0x0800730c                m25p16_readBytes
                0x08007358                bmp085InitXCLRGpio
 .text          0x08007388      0xdbc /tmp/ccGrItoW.ltrans7.ltrans.o
                0x08007388                cliFeature.lto_priv.233
                0x08007480                cliExit.lto_priv.232
                0x08007500                cliFlashErase.lto_priv.234
                0x0800752c                cliFlashInfo.lto_priv.235
                0x08007564                cliServo.lto_priv.242
                0x08007670                cliModeColor.lto_priv.230
                0x0800772c                cliServoMix.lto_priv.243
                0x08007a2c                cliColor.lto_priv.229
                0x08007af8                cliLed.lto_priv.236
                0x08007d1c                cliRxRange.lto_priv.238
                0x08007ddc                cliDump.lto_priv.231
 .text          0x08008144      0xac8 /tmp/ccGrItoW.ltrans8.ltrans.o
                0x08008144                mspSerialPassthroughFn
                0x08008154                msp4WayIfFn
                0x08008168                pgResetFn_serialConfig
                0x080081b4                calcHorizonLevelStrength
                0x080082b0                pidSetController
                0x080082d4                pidInitFilters
                0x08008364                getdT
                0x08008394                findBoxByBoxId.lto_priv.175
                0x080083b4                disableFlightMode
                0x080083d4                enableFlightMode
                0x080083f4                failsafeActivate.lto_priv.333
                0x08008430                handleOneshotFeatureChangeOnRestart
                0x08008484                mspRebootFn
                0x080084a4                writeEEPROM
                0x08008688                resetConf.lto_priv.176
                0x08008740                generateThrottleCurve
                0x080087d4                generateYawCurve
                0x08008808                generatePitchRollCurve
                0x08008844                readEEPROM
                0x08008bdc                changeProfile
                0x08008bf8                saveConfigAndNotify
 .text          0x08008c0c      0xe3c /tmp/ccGrItoW.ltrans9.ltrans.o
                0x08008c0c                pgResetFn_servoProfile
                0x08008c2c                pidMultiWii23
                0x08008f58                pidMultiWiiRewrite
                0x08009218                pidLuxFloat
                0x08009608                EXTI_IRQHandler
                0x08009640                EXTIEnable
                0x0800966c                EXTIConfig
                0x0800976c                loadCustomServoMixer
                0x080097bc                determineServoMiddleOrForwardFromChannel
                0x080097f0                writeMotors
                0x080098a0                calculateMotorOff
                0x080098c4                stopMotors
                0x080098f8                mixerResetDisarmedMotors
                0x08009914                imuComputeRotationMatrix.lto_priv.364
 .text          0x08009a48      0xeb8 /tmp/ccGrItoW.ltrans10.ltrans.o
                0x08009a48                pgResetFn_voltageMeterConfig
                0x08009a58                pgResetFn_accelerometerConfig
                0x08009a84                srxlReadRawRC.lto_priv.436
                0x08009a90                srxlFrameStatus
                0x08009b24                ibusReadRawRC.lto_priv.444
                0x08009b34                ibusFrameStatus
                0x08009b9c                xBusReadRawRC.lto_priv.438
                0x08009bb4                xBusFrameStatus
                0x08009ca0                spektrumReadRawRC.lto_priv.171
                0x08009ccc                spektrumFrameStatus
                0x08009d3c                sumhReadRawRC.lto_priv.429
                0x08009d54                sumhFrameStatus
                0x08009dbc                sumdReadRawRC.lto_priv.427
                0x08009dd0                sumdFrameStatus
                0x08009e58                sbusReadRawRC.lto_priv.425
                0x08009e88                sbusFrameStatus
                0x0800a008                rxMspFrameStatus
                0x0800a01c                rxMspReadRawRC.lto_priv.423
                0x0800a028                ppmReadRawRC.lto_priv.422
                0x0800a038                pwmReadRawRC.lto_priv.421
                0x0800a048                nullFrameStatus.lto_priv.419
                0x0800a04c                nullReadRawRC.lto_priv.418
                0x0800a050                pgResetFn_failsafeChannelConfigs
                0x0800a0bc                pgResetFn_channelRanges
                0x0800a0d4                pgResetFn_amperageMeterConfig
                0x0800a0e0                srxlDataReceive.lto_priv.437
                0x0800a178                ibusDataReceive.lto_priv.445
                0x0800a1c4                xBusDataReceive.lto_priv.443
                0x0800a258                spektrumDataReceive.lto_priv.172
                0x0800a2a8                sumhDataReceive.lto_priv.430
                0x0800a2f4                sumdDataReceive.lto_priv.428
                0x0800a3a0                sbusDataReceive.lto_priv.426
                0x0800a3f8                cliVersion.lto_priv.246
                0x0800a42c                cliTasks.lto_priv.245
                0x0800a4f8                cliStatus.lto_priv.244
                0x0800a614                alignSensors
                0x0800a790                voltageMeterUpdate
                0x0800a7ec                batteryCapacityRemainingPercentage
                0x0800a83c                getRxfailValue.lto_priv.334
                0x0800a8a8                resumeRxSignal
                0x0800a8d4                suspendRxSignal
 .text          0x0800a900      0xb54 /tmp/ccGrItoW.ltrans11.ltrans.o
                0x0800a988                pgResetFn_colors
                0x0800a9a0                applyLedBlinkLayer.lto_priv.292
                0x0800aa20                applyLarsonScannerLayer.lto_priv.293
                0x0800aacc                applyLedThrustRingLayer.lto_priv.299
                0x0800abdc                pgResetFn_specialColors
                0x0800abe8                pgResetFn_modeColors
                0x0800abf4                pgResetFn_ledConfigs
                0x0800ac00                applyLedIndicatorLayer.lto_priv.298
                0x0800acd0                applyLedGpsLayer.lto_priv.296
                0x0800ad64                applyLedRssiLayer.lto_priv.295
                0x0800adcc                applyLedBatteryLayer.lto_priv.294
                0x0800ae28                sonarRead
                0x0800aeb0                transmitIbusPacket.lto_priv.305
                0x0800af08                sendIbusMeasurement.lto_priv.306
                0x0800af30                mavlinkStreamTrigger.lto_priv.307
                0x0800af6c                crc_accumulate.lto_priv.173
                0x0800af88                ltm_finalise.lto_priv.308
                0x0800afa0                ltm_serialise_8.lto_priv.309
                0x0800afc4                ltm_serialise_32.lto_priv.310
                0x0800afe6                ltm_serialise_16.lto_priv.312
                0x0800aff8                ltm_initialise_packet.lto_priv.311
                0x0800b02c                smartPortSendPackage.lto_priv.313
                0x0800b094                workAroundForHottTelemetryOnUsart.isra.0.lto_priv.315
                0x0800b0c0                flushHottRxBuffer.lto_priv.314
                0x0800b0dc                serialize16.lto_priv.317
                0x0800b0f0                sendTelemetryTail.lto_priv.316
                0x0800b100                sendDataHead.lto_priv.318
                0x0800b120                sendLatLong.lto_priv.319
                0x0800b198                telemetryCheckState
 .text          0x0800b454      0x990 /tmp/ccGrItoW.ltrans12.ltrans.o
                0x0800b6e4                blackboxLogIteration.lto_priv.376
                0x0800bc4c                blackboxAdvanceIterationTimers.lto_priv.375
                0x0800bc88                sendFieldDefinition.lto_priv.377
 .text          0x0800bde4      0x9cc /tmp/ccGrItoW.ltrans13.ltrans.o
                0x0800bde4                sensorsAutodetect
 .text          0x0800c7b0      0xb90 /tmp/ccGrItoW.ltrans14.ltrans.o
                0x0800c7c8                pgResetFn_gpsConfig
                0x0800c808                gpsNewFrame
                0x0800cde4                gpsSetState.lto_priv.325
                0x0800ce00                GPS_distance_cm_bearing.isra.3.lto_priv.526
                0x0800ce84                wrap_18000.lto_priv.379
                0x0800cea8                GPS_set_next_wp
                0x0800cf34                gpsUsePIDs
                0x0800cfd4                GPS_reset_home_position
                0x0800d028                flashfsAdvanceTailInBuffer.lto_priv.495
                0x0800d058                flashfsGetDirtyDataBuffers.lto_priv.493
                0x0800d090                flashfsGetOffset
                0x0800d0b0                flashfsWriteBuffers.lto_priv.494
                0x0800d204                flashfsFlushSync
                0x0800d23c                flashfsFlushAsync
                0x0800d280                flashfsTransmitBufferUsed.lto_priv.378
                0x0800d2a0                flashfsEraseCompletely
                0x0800d2f0                TIM4_IRQHandler
                0x0800d300                TIM3_IRQHandler
                0x0800d310                TIM2_IRQHandler
                0x0800d320                TIM1_UP_IRQHandler
                0x0800d330                TIM1_CC_IRQHandler
 .text          0x0800d340      0x998 /tmp/ccGrItoW.ltrans15.ltrans.o
                0x0800d422                pwmOverflowCallback.lto_priv.455
                0x0800d44c                ppmEdgeCallback.lto_priv.456
                0x0800d5cc                ppmOverflowCallback.lto_priv.457
                0x0800d60c                pwmWriteStandard.lto_priv.452
                0x0800d61c                pwmWriteBrushed.lto_priv.453
                0x0800d810                timCCxHandler.lto_priv.544
                0x0800d898                configTimeBase
                0x0800d940                timerConfigure
                0x0800d992                lookupTimerIndex.lto_priv.281
                0x0800d9cc                timerChConfigCallbacks
                0x0800da84                openSoftSerial
                0x0800dc2a                pwmICConfig
                0x0800dc68                pwmEdgeCallback.lto_priv.454
                0x0800dcc0                pwmWriteServo
 .text          0x0800dcd8      0xa24 /tmp/ccGrItoW.ltrans16.ltrans.o
                0x0800dcd8                taskUpdateBaro
                0x0800ddb8                taskCalculateAltitude
                0x0800e290                taskUpdateSonar
                0x0800e2d4                taskUpdateCompass
                0x0800e424                taskProcessGPS
 .text          0x0800e6fc      0xa78 /tmp/ccGrItoW.ltrans17.ltrans.o
                0x0800e784                cliShowArgumentRangeError.lto_priv.247
                0x0800e7a0                cliAux.lto_priv.228
                0x0800e87c                cliShowParseError.lto_priv.248
                0x0800e888                cliMotorMix.lto_priv.237
                0x0800ea80                cliAdjustmentRange.lto_priv.227
                0x0800ebc0                cliSerialPassthrough.lto_priv.241
                0x0800ecf8                cliSerial.lto_priv.240
                0x0800ee3c                cliRxFail.lto_priv.239
                0x0800ef58                cliPrompt.lto_priv.177
                0x0800ef74                StkRcvPacket.lto_priv.274
                0x0800f048                _CMD_LOAD_ADDRESS.isra.1.lto_priv.266
                0x0800f09c                Stk_SignOn
                0x0800f0c4                _CMD_PROGRAM_MEM_ISP.lto_priv.267
                0x0800f13c                _CMD_READ_MEM_ISP.lto_priv.269
 .text          0x0800f174      0x92c /tmp/ccGrItoW.ltrans18.ltrans.o
                0x0800f174                nopConsumer.lto_priv.169
                0x0800f1ba                serialRemovePort
                0x0800f1ec                closeSerialPort
                0x0800f214                mspSerialReleasePortIfAllocated
                0x0800f250                doesConfigurationUsePort
                0x0800f278                determinePortSharing
                0x0800f28c                findSerialPortConfig
                0x0800f2bc                findSerialPortUsageByIdentifier
                0x0800f2e0                setTaskEnabled
                0x0800f394                micros
                0x0800f3cc                delayMicroseconds
                0x0800f3e2                delay
                0x0800f3f6                failureMode
                0x0800f494                SysTick_Handler
                0x0800f4a4                serialEndWrite
                0x0800f4ae                serialBeginWrite
                0x0800f4b8                serialSetMode
                0x0800f4be                openSerialPort
                0x0800f54c                mspSerialAllocatePorts
                0x0800f604                isSerialTransmitBufferEmpty
                0x0800f60a                waitForSerialPortToFinishTransmitting
                0x0800f620                serialSetBaudRate
                0x0800f626                serialRead
                0x0800f62c                serialRxBytesWaiting
                0x0800f632                serialWrite
                0x0800f674                mspSerialEncode
                0x0800f6fc                serialWriteBufShim
                0x0800f6fe                DMA1_Channel7_IRQHandler
                0x0800f708                DMA1_Channel6_IRQHandler
                0x0800f710                DMA1_Channel5_IRQHandler
                0x0800f718                DMA1_Channel4_IRQHandler
                0x0800f720                DMA1_Channel3_IRQHandler
                0x0800f728                DMA1_Channel2_IRQHandler
                0x0800f730                DMA1_Channel1_IRQHandler
                0x0800f738                bufWriterFlush
                0x0800f750                fastA2F
                0x0800f87c                ftoa
                0x0800f948                _i2a.lto_priv.174
                0x0800f970                ui2a
                0x0800f9be                uli2a
                0x0800fa0c                sbufReadU32
                0x0800fa38                sbufReadU16
                0x0800fa4e                sbufWriteData
                0x0800fa62                sbufWriteU32
                0x0800fa8a                sbufWriteU16
 .text          0x0800faa0      0x7cc /tmp/ccGrItoW.ltrans19.ltrans.o
                0x0800faa0                beepInverted.lto_priv.460
                0x0800fab4                beepNormal.lto_priv.461
                0x0800fb40                systemBeep
                0x0800fb4c                beeperSilence
                0x0800fb78                esc4wayProcess
                0x08010180                beeper
                0x080101cc                beeperConfirmationBeeps
                0x08010204                IOGetByTag
                0x08010250                EXTI15_10_IRQHandler
                0x08010254                EXTI9_5_IRQHandler
                0x08010258                EXTI4_IRQHandler
                0x0801025c                EXTI3_IRQHandler
                0x08010260                EXTI2_IRQHandler
                0x08010264                EXTI1_IRQHandler
                0x08010268                EXTI0_IRQHandler
 .text          0x0801026c      0x928 /tmp/ccGrItoW.ltrans20.ltrans.o
                0x0801026c                spiTransfer.constprop.139
                0x080102c8                spiTransferByte.constprop.137
                0x08010300                GPS_coord_to_degrees.constprop.95
                0x080103c0                grab_fields.constprop.94
                0x08010404                serialPassthrough.constprop.93
                0x0801053c                tfp_sprintf.constprop.89
                0x08010568                mavlinkSerialWrite.constprop.82
                0x0801058c                mavlink_msg_to_send_buffer.constprop.81
                0x080105bc                mavlink_finalize_message_chan.constprop.79
                0x0801066c                calculateThrottleStatus.constprop.60
                0x080106a0                blackboxWriteSigned16VBArray.constprop.56
                0x080106c0                blackboxWriteSignedVBArray.constprop.55
                0x080106da                getLatestVoltageForADCChannel.constprop.54
                0x0801070c                spektrumInit.constprop.41
                0x080107a4                parseRcChannels.constprop.25
                0x080107e0                findNextSharedSerialPort.constprop.20
                0x08010820                setAdjustment.constprop.18
                0x08010840                itoa.constprop.0
                0x08010862                GPIO_Init
                0x080108fe                NVIC_Init.part.0.lto_priv.280
                0x08010948                TIM_ICInit
                0x08010b70                FLASH_WaitForLastOperation
 .text          0x08010b94      0x7b8 /tmp/ccGrItoW.ltrans21.ltrans.o
                0x08010b94                taskPidCheck
                0x08010bd0                taskGyroCheck
                0x08010c20                taskGyro
                0x08010f28                mwArm
                0x08011274                mwDisarm
                0x080112f8                isCalibrating
                0x08011330                HardFault_Handler
 .text          0x0801134c      0x920 /tmp/ccGrItoW.ltrans22.ltrans.o
                0x0801134c                applyLedHsv.lto_priv.523
                0x08011380                applyLedWarningLayer.lto_priv.297
                0x0801143c                getLedQuadrant.lto_priv.300
                0x080114b8                reevaluateLedConfig
                0x08011568                gpsNewData.part.2.lto_priv.326
                0x08011c5c                gpsHandlePassthrough.lto_priv.226
 .text          0x08011c6c      0x6c0 /tmp/ccGrItoW.ltrans23.ltrans.o
                0x08011c6c                taskUpdateRxCheck
                0x08011db8                taskUpdateBattery
                0x08011fdc                taskUpdateBeeper
                0x08012108                taskHandleSerial
 .text          0x0801232c      0xbf4 /tmp/ccGrItoW.ltrans24.ltrans.o
                0x0801232c                taskUpdateAttitude
                0x08012cfc                taskUpdateAccelerometer
 .text          0x08012f20      0x910 /tmp/ccGrItoW.ltrans25.ltrans.o
                0x08012f20                putcp.lto_priv.170
                0x08012f7e                _putc.lto_priv.466
                0x08012f8c                tfp_format
                0x08013162                tfp_printf
                0x08013198                applyDeadband
                0x080131b6                acosf
                0x08013230                atan2f
                0x08013334                sinf
                0x0801341c                cosf
                0x08013430                biquadFilterApply
                0x08013488                biquadFilterCalculateNotchQ.lto_priv.212
                0x080134d0                biquadFilterInit.lto_priv.211
                0x080135d4                pt1FilterApply4
                0x08013638                scanEEPROM.part.4.lto_priv.288
                0x08013680                pgActivateProfile
                0x080136b4                pgResetInstance.lto_priv.290
                0x080136fc                pgResetCurrent
                0x0801370e                pgReset
                0x08013726                write_word.lto_priv.289
                0x080137f8                config_streamer_write
 .text          0x08013830      0x6a8 /tmp/ccGrItoW.ltrans26.ltrans.o
                0x08013830                bmp085_extiHandler
                0x0801383c                mpu6500ReadTemp.lto_priv.205
                0x08013874                mpu3050ReadTemp.lto_priv.207
                0x080138ac                mpuGyroRead
                0x080138f4                mpuAccRead
                0x08013964                mpu6500ReadRegister
                0x08013990                mpu6500WriteRegister
                0x080139b0                mpu3050Init.lto_priv.206
                0x080139f8                mpuWriteRegisterI2C.lto_priv.210
                0x08013a04                bma280Init.lto_priv.183
                0x08013a24                adxl345Init.lto_priv.188
                0x08013a78                mpuReadRegisterI2C.lto_priv.209
                0x08013a8e                mma8452Read.lto_priv.186
                0x08013ae8                bma280Read.lto_priv.184
                0x08013b2e                adxl345Read.lto_priv.189
                0x08013c70                mpu6500GyroInit
                0x08013d30                mpu6500AccInit
                0x08013d40                mpu6050GyroInit.lto_priv.208
                0x08013dc4                mpu6050AccInit.lto_priv.187
                0x08013dec                mma8452Init.lto_priv.185
                0x08013e78                UART_TX_DMA_IRQHandler
                0x08013eb4                USART3_IRQHandler
                0x08013ec0                USART2_IRQHandler
                0x08013ecc                USART1_IRQHandler
 .text          0x08013ed8      0x74c /tmp/ccGrItoW.ltrans27.ltrans.o
                0x08013f5e                cliGpsPassthrough.lto_priv.350
                0x08013f9c                cliWrite.lto_priv.254
                0x08013fc0                cliPrintf.lto_priv.223
                0x08013fe8                cliPrintVar.lto_priv.255
                0x080140b8                cliRateProfile.lto_priv.252
                0x08014104                cliProfile.lto_priv.253
                0x08014138                cliMotor.lto_priv.354
                0x080141d4                cliPrint.lto_priv.178
                0x08014200                cliGet.lto_priv.349
                0x08014260                cliSet.lto_priv.356
                0x08014430                cliMixer.lto_priv.353
                0x080144d0                cliMap.lto_priv.352
                0x08014570                cliHelp.lto_priv.351
                0x080145b4                cliReboot.lto_priv.251
                0x080145f0                cliDefaults.lto_priv.348
                0x0801460c                cliSave.lto_priv.355
 .text          0x08014624      0x48c /tmp/ccGrItoW.ltrans28.ltrans.o
                0x08014670                ReadBit.lto_priv.259
                0x08014714                StkSendByte.lto_priv.257
                0x0801479c                StkSendPacketFooter.lto_priv.258
                0x080147d4                StkSendPacketHeader.lto_priv.256
                0x08014834                crc16Byte.lto_priv.276
                0x08014858                BL_SendBuf.lto_priv.272
                0x080148c4                suart_getc.lto_priv.275
                0x08014948                BL_GetACK.lto_priv.273
                0x08014960                BL_SendCMDSetAddress.isra.1.lto_priv.271
                0x080149a2                BL_ReadA.lto_priv.270
                0x08014a38                BL_WriteA.lto_priv.268
 .text          0x08014ab0      0x3a0 /tmp/ccGrItoW.ltrans29.ltrans.o
                0x08014ab0                pgResetFn_controlRateProfiles
                0x08014ad0                taskLedStrip
                0x08014d90                isRangeActive.part.0.lto_priv.332
                0x08014dd8                rcModeIsActivationConditionPresent
                0x08014dfa                blackboxLogInflightAdjustmentEvent
 .text          0x08014e50      0x39c /tmp/ccGrItoW.ltrans30.ltrans.o
                0x08014e50                featureClear
                0x08014e60                blackboxDeviceReserveBufferSpace
                0x08014ebc                isBlackboxDeviceFull
                0x08014ee8                blackboxDeviceFlushForce
                0x08014f0c                blackboxPrint
                0x08014fe0                blackboxPrintf
                0x08015004                blackboxWrite
                0x08015054                blackboxWriteTag2_3S32
                0x08015172                blackboxWriteUnsignedVB
                0x08015190                blackboxWriteSignedVB
                0x08015198                blackboxPrintfHeaderLine
 .text          0x080151ec      0x250 /tmp/ccGrItoW.ltrans31.ltrans.o
                0x080151ec                FLASH_GetBank1Status
                0x08015214                RCC_GetClocksFreq
                0x080152a8                DMA_StructInit
                0x080152c2                DMA_Init
                0x080152fe                DMA_DeInit
                0x080153f0                SystemInit
 .text          0x0801543c      0x370 /usr/lib/gcc/arm-none-eabi/4.9.3/armv7-m/libgcc.a(_arm_addsubdf3.o)
                0x0801543c                __aeabi_drsub
                0x08015444                __aeabi_dsub
                0x08015444                __subdf3
                0x08015448                __adddf3
                0x08015448                __aeabi_dadd
                0x080156c0                __aeabi_ui2d
                0x080156c0                __floatunsidf
                0x080156e0                __floatsidf
                0x080156e0                __aeabi_i2d
                0x08015704                __extendsfdf2
                0x08015704                __aeabi_f2d
                0x08015740                __aeabi_ul2d
                0x08015740                __floatundidf
                0x08015750                __floatdidf
                0x08015750                __aeabi_l2d
 .text          0x080157ac      0x424 /usr/lib/gcc/arm-none-eabi/4.9.3/armv7-m/libgcc.a(_arm_muldivdf3.o)
                0x080157ac                __aeabi_dmul
                0x080157ac                __muldf3
                0x08015a00                __aeabi_ddiv
                0x08015a00                __divdf3
 .text          0x08015bd0      0x110 /usr/lib/gcc/arm-none-eabi/4.9.3/armv7-m/libgcc.a(_arm_cmpdf2.o)
                0x08015bd0                __gtdf2
                0x08015bd0                __gedf2
                0x08015bd8                __ltdf2
                0x08015bd8                __ledf2
                0x08015be0                __cmpdf2
                0x08015be0                __eqdf2
                0x08015be0                __nedf2
                0x08015c5c                __aeabi_cdrcmple
                0x08015c6c                __aeabi_cdcmple
                0x08015c6c                __aeabi_cdcmpeq
                0x08015c7c                __aeabi_dcmpeq
                0x08015c90                __aeabi_dcmplt
                0x08015ca4                __aeabi_dcmple
                0x08015cb8                __aeabi_dcmpge
                0x08015ccc                __aeabi_dcmpgt
 .text          0x08015ce0       0xa0 /usr/lib/gcc/arm-none-eabi/4.9.3/armv7-m/libgcc.a(_arm_truncdfsf2.o)
                0x08015ce0                __aeabi_d2f
                0x08015ce0                __truncdfsf2
 .text          0x08015d80      0x21c /usr/lib/gcc/arm-none-eabi/4.9.3/armv7-m/libgcc.a(_arm_addsubsf3.o)
                0x08015d80                __aeabi_frsub
                0x08015d88                __subsf3
                0x08015d88                __aeabi_fsub
                0x08015d8c                __aeabi_fadd
                0x08015d8c                __addsf3
                0x08015eec                __aeabi_ui2f
                0x08015eec                __floatunsisf
                0x08015ef4                __aeabi_i2f
                0x08015ef4                __floatsisf
                0x08015f10                __floatundisf
                0x08015f10                __aeabi_ul2f
                0x08015f20                __floatdisf
                0x08015f20                __aeabi_l2f
 .text          0x08015f9c      0x2a0 /usr/lib/gcc/arm-none-eabi/4.9.3/armv7-m/libgcc.a(_arm_muldivsf3.o)
                0x08015f9c                __mulsf3
                0x08015f9c                __aeabi_fmul
                0x08016104                __divsf3
                0x08016104                __aeabi_fdiv
 .text          0x0801623c       0xec /usr/lib/gcc/arm-none-eabi/4.9.3/armv7-m/libgcc.a(_arm_cmpsf2.o)
                0x0801623c                __gtsf2
                0x0801623c                __gesf2
                0x08016244                __lesf2
                0x08016244                __ltsf2
                0x0801624c                __nesf2
                0x0801624c                __eqsf2
                0x0801624c                __cmpsf2
                0x080162ac                __aeabi_cfrcmple
                0x080162b4                __aeabi_cfcmple
                0x080162b4                __aeabi_cfcmpeq
                0x080162c4                __aeabi_fcmpeq
                0x080162d8                __aeabi_fcmplt
                0x080162ec                __aeabi_fcmple
                0x08016300                __aeabi_fcmpge
                0x08016314                __aeabi_fcmpgt
 .text          0x08016328       0x4c /usr/lib/gcc/arm-none-eabi/4.9.3/armv7-m/libgcc.a(_arm_fixsfsi.o)
                0x08016328                __fixsfsi
                0x08016328                __aeabi_f2iz
 .text          0x08016374       0x40 /usr/lib/gcc/arm-none-eabi/4.9.3/armv7-m/libgcc.a(_arm_fixunssfsi.o)
                0x08016374                __aeabi_f2uiz
                0x08016374                __fixunssfsi
 .text          0x080163b4       0x38 /usr/lib/gcc/arm-none-eabi/4.9.3/armv7-m/libgcc.a(_aeabi_ldivmod.o)
                0x080163b4                __aeabi_ldivmod
 .text          0x080163ec       0x28 /usr/lib/gcc/arm-none-eabi/4.9.3/armv7-m/libgcc.a(_popcountsi2.o)
                0x080163ec                __popcountsi2
 .text          0x08016414       0x60 /usr/lib/gcc/arm-none-eabi/4.9.3/armv7-m/libgcc.a(bpabi.o)
                0x08016414                __gnu_ldivmod_helper
                0x08016444                __gnu_uldivmod_helper
 .text          0x08016474        0x4 /usr/lib/gcc/arm-none-eabi/4.9.3/armv7-m/libgcc.a(_dvmd_tls.o)
                0x08016474                __aeabi_ldiv0
                0x08016474                __aeabi_idiv0
 .text          0x08016478      0x2ac /usr/lib/gcc/arm-none-eabi/4.9.3/armv7-m/libgcc.a(_divdi3.o)
                0x08016478                __divdi3
 .text          0x08016724      0x270 /usr/lib/gcc/arm-none-eabi/4.9.3/armv7-m/libgcc.a(_udivdi3.o)
                0x08016724                __udivdi3
 *(.text*)
 .text.Reset_Handler
                0x08016994       0x9c obj/main/NAZE/startup_stm32f10x_md_gcc.o
                0x08016994                Reset_Handler
 .text.Default_Handler
                0x08016a30        0x2 obj/main/NAZE/startup_stm32f10x_md_gcc.o
                0x08016a30                DebugMon_Handler
                0x08016a30                PVD_IRQHandler
                0x08016a30                PendSV_Handler
                0x08016a30                NMI_Handler
                0x08016a30                UsageFault_Handler
                0x08016a30                ADC1_2_IRQHandler
                0x08016a30                SPI1_IRQHandler
                0x08016a30                TAMPER_IRQHandler
                0x08016a30                RTC_IRQHandler
                0x08016a30                CAN1_RX1_IRQHandler
                0x08016a30                RCC_IRQHandler
                0x08016a30                TIM1_TRG_COM_IRQHandler
                0x08016a30                Default_Handler
                0x08016a30                SPI2_IRQHandler
                0x08016a30                MemManage_Handler
                0x08016a30                SVC_Handler
                0x08016a30                USB_LP_CAN1_RX0_IRQHandler
                0x08016a30                USB_HP_CAN1_TX_IRQHandler
                0x08016a30                WWDG_IRQHandler
                0x08016a30                TIM1_BRK_IRQHandler
                0x08016a30                RTCAlarm_IRQHandler
                0x08016a30                CAN1_SCE_IRQHandler
                0x08016a30                FLASH_IRQHandler
                0x08016a30                BusFault_Handler
                0x08016a30                USBWakeUp_IRQHandler
 *fill*         0x08016a32        0x2 
 .text.startup  0x08016a34     0x20c4 /tmp/ccGrItoW.ltrans0.ltrans.o
                0x08016a34                main
 .text.atoi     0x08018af8        0x8 /usr/lib/gcc/arm-none-eabi/4.9.3/../../../arm-none-eabi/lib/armv7-m/libc_nano.a(lib_a-atoi.o)
                0x08018af8                atoi
 .text.memcpy   0x08018b00       0x16 /usr/lib/gcc/arm-none-eabi/4.9.3/../../../arm-none-eabi/lib/armv7-m/libc_nano.a(lib_a-memcpy.o)
                0x08018b00                memcpy
 *fill*         0x08018b16        0x2 
 .text.strtok   0x08018b18       0x64 /usr/lib/gcc/arm-none-eabi/4.9.3/../../../arm-none-eabi/lib/armv7-m/libc_nano.a(lib_a-strtok.o)
                0x08018b18                strtok
 .text.__strtok_r
                0x08018b7c       0x56 /usr/lib/gcc/arm-none-eabi/4.9.3/../../../arm-none-eabi/lib/armv7-m/libc_nano.a(lib_a-strtok_r.o)
                0x08018b7c                __strtok_r
 .text.strtok_r
                0x08018bd2        0x6 /usr/lib/gcc/arm-none-eabi/4.9.3/../../../arm-none-eabi/lib/armv7-m/libc_nano.a(lib_a-strtok_r.o)
                0x08018bd2                strtok_r
 .text._strtol_r
                0x08018bd8      0x10c /usr/lib/gcc/arm-none-eabi/4.9.3/../../../arm-none-eabi/lib/armv7-m/libc_nano.a(lib_a-strtol.o)
                0x08018bd8                _strtol_r
 .text.strtol   0x08018ce4       0x1c /usr/lib/gcc/arm-none-eabi/4.9.3/../../../arm-none-eabi/lib/armv7-m/libc_nano.a(lib_a-strtol.o)
                0x08018ce4                strtol
 .text.malloc   0x08018d00       0x10 /usr/lib/gcc/arm-none-eabi/4.9.3/../../../arm-none-eabi/lib/armv7-m/libc_nano.a(lib_a-malloc.o)
                0x08018d00                malloc
 .text._malloc_r
                0x08018d10       0xac /usr/lib/gcc/arm-none-eabi/4.9.3/../../../arm-none-eabi/lib/armv7-m/libc_nano.a(lib_a-nano-mallocr.o)
                0x08018d10                _malloc_r
 .text._sbrk_r  0x08018dbc       0x20 /usr/lib/gcc/arm-none-eabi/4.9.3/../../../arm-none-eabi/lib/armv7-m/libc_nano.a(lib_a-sbrkr.o)
                0x08018dbc                _sbrk_r
 .text._sbrk    0x08018ddc       0x1c /usr/lib/gcc/arm-none-eabi/4.9.3/../../../arm-none-eabi/lib/armv7-m/libnosys.a(sbrk.o)
                0x08018ddc                _sbrk
 .text.log2f    0x08018df8       0x14 /usr/lib/gcc/arm-none-eabi/4.9.3/../../../arm-none-eabi/lib/armv7-m/libm.a(lib_a-sf_log2.o)
                0x08018df8                log2f
 .text.lrintf   0x08018e0c       0x78 /usr/lib/gcc/arm-none-eabi/4.9.3/../../../arm-none-eabi/lib/armv7-m/libm.a(lib_a-sf_lrint.o)
                0x08018e0c                lrintf
 .text.logf     0x08018e84       0xe8 /usr/lib/gcc/arm-none-eabi/4.9.3/../../../arm-none-eabi/lib/armv7-m/libm.a(lib_a-wf_log.o)
                0x08018e84                logf
 .text.powf     0x08018f6c      0x314 /usr/lib/gcc/arm-none-eabi/4.9.3/../../../arm-none-eabi/lib/armv7-m/libm.a(lib_a-wf_pow.o)
                0x08018f6c                powf
 .text.sqrtf    0x08019280       0x9c /usr/lib/gcc/arm-none-eabi/4.9.3/../../../arm-none-eabi/lib/armv7-m/libm.a(lib_a-wf_sqrt.o)
                0x08019280                sqrtf
 .text.__ieee754_logf
                0x0801931c      0x280 /usr/lib/gcc/arm-none-eabi/4.9.3/../../../arm-none-eabi/lib/armv7-m/libm.a(lib_a-ef_log.o)
                0x0801931c                __ieee754_logf
 .text.__ieee754_powf
                0x0801959c      0x6ec /usr/lib/gcc/arm-none-eabi/4.9.3/../../../arm-none-eabi/lib/armv7-m/libm.a(lib_a-ef_pow.o)
                0x0801959c                __ieee754_powf
 .text.__ieee754_sqrtf
                0x08019c88       0xa8 /usr/lib/gcc/arm-none-eabi/4.9.3/../../../arm-none-eabi/lib/armv7-m/libm.a(lib_a-ef_sqrt.o)
                0x08019c88                __ieee754_sqrtf
 .text.matherr  0x08019d30        0x4 /usr/lib/gcc/arm-none-eabi/4.9.3/../../../arm-none-eabi/lib/armv7-m/libm.a(lib_a-s_matherr.o)
                0x08019d30                matherr
 .text.nan      0x08019d34        0xc /usr/lib/gcc/arm-none-eabi/4.9.3/../../../arm-none-eabi/lib/armv7-m/libm.a(lib_a-s_nan.o)
                0x08019d34                nan
 .text.rint     0x08019d40      0x11c /usr/lib/gcc/arm-none-eabi/4.9.3/../../../arm-none-eabi/lib/armv7-m/libm.a(lib_a-s_rint.o)
                0x08019d40                rint
 .text.fabsf    0x08019e5c        0x8 /usr/lib/gcc/arm-none-eabi/4.9.3/../../../arm-none-eabi/lib/armv7-m/libm.a(lib_a-sf_fabs.o)
                0x08019e5c                fabsf
 .text.finitef  0x08019e64       0x10 /usr/lib/gcc/arm-none-eabi/4.9.3/../../../arm-none-eabi/lib/armv7-m/libm.a(lib_a-sf_finite.o)
                0x08019e64                finitef
 .text.__fpclassifyf
                0x08019e74       0x34 /usr/lib/gcc/arm-none-eabi/4.9.3/../../../arm-none-eabi/lib/armv7-m/libm.a(lib_a-sf_fpclassify.o)
                0x08019e74                __fpclassifyf
 .text.nanf     0x08019ea8        0x8 /usr/lib/gcc/arm-none-eabi/4.9.3/../../../arm-none-eabi/lib/armv7-m/libm.a(lib_a-sf_nan.o)
                0x08019ea8                nanf
 .text.scalbnf  0x08019eb0       0xb0 /usr/lib/gcc/arm-none-eabi/4.9.3/../../../arm-none-eabi/lib/armv7-m/libm.a(lib_a-sf_scalbn.o)
                0x08019eb0                scalbnf
 .text.copysignf
                0x08019f60        0xc /usr/lib/gcc/arm-none-eabi/4.9.3/../../../arm-none-eabi/lib/armv7-m/libm.a(lib_a-sf_copysign.o)
                0x08019f60                copysignf
 .text.__errno  0x08019f6c        0xc /usr/lib/gcc/arm-none-eabi/4.9.3/../../../arm-none-eabi/lib/armv7-m/libc_nano.a(lib_a-errno.o)
                0x08019f6c                __errno
 .text.memcmp   0x08019f78       0x20 /usr/lib/gcc/arm-none-eabi/4.9.3/../../../arm-none-eabi/lib/armv7-m/libc_nano.a(lib_a-memcmp.o)
                0x08019f78                memcmp
 .text.memmove  0x08019f98       0x36 /usr/lib/gcc/arm-none-eabi/4.9.3/../../../arm-none-eabi/lib/armv7-m/libc_nano.a(lib_a-memmove.o)
                0x08019f98                memmove
 .text.memset   0x08019fce       0x10 /usr/lib/gcc/arm-none-eabi/4.9.3/../../../arm-none-eabi/lib/armv7-m/libc_nano.a(lib_a-memset.o)
                0x08019fce                memset
 *fill*         0x08019fde        0x2 
 .text.strcasecmp
                0x08019fe0       0x3c /usr/lib/gcc/arm-none-eabi/4.9.3/../../../arm-none-eabi/lib/armv7-m/libc_nano.a(lib_a-strcasecmp.o)
                0x08019fe0                strcasecmp
 .text.strcat   0x0801a01c       0x1e /usr/lib/gcc/arm-none-eabi/4.9.3/../../../arm-none-eabi/lib/armv7-m/libc_nano.a(lib_a-strcat.o)
                0x0801a01c                strcat
 .text.strchr   0x0801a03a       0x1c /usr/lib/gcc/arm-none-eabi/4.9.3/../../../arm-none-eabi/lib/armv7-m/libc_nano.a(lib_a-strchr.o)
                0x0801a03a                strchr
 .text.strlen   0x0801a056       0x10 /usr/lib/gcc/arm-none-eabi/4.9.3/../../../arm-none-eabi/lib/armv7-m/libc_nano.a(lib_a-strlen.o)
                0x0801a056                strlen
 *fill*         0x0801a066        0x2 
 .text.strncasecmp
                0x0801a068       0x44 /usr/lib/gcc/arm-none-eabi/4.9.3/../../../arm-none-eabi/lib/armv7-m/libc_nano.a(lib_a-strncasecmp.o)
                0x0801a068                strncasecmp
 .text.strncpy  0x0801a0ac       0x24 /usr/lib/gcc/arm-none-eabi/4.9.3/../../../arm-none-eabi/lib/armv7-m/libc_nano.a(lib_a-strncpy.o)
                0x0801a0ac                strncpy
 .text.strstr   0x0801a0d0       0x30 /usr/lib/gcc/arm-none-eabi/4.9.3/../../../arm-none-eabi/lib/armv7-m/libc_nano.a(lib_a-strstr.o)
                0x0801a0d0                strstr
 *(.rodata)
 .rodata        0x0801a100       0xc0 /tmp/ccGrItoW.ltrans0.ltrans.o
 .rodata        0x0801a1c0      0x128 /tmp/ccGrItoW.ltrans1.ltrans.o
                0x0801a1fc                boxes.lto_priv.283
                0x0801a2dc                shortGitRevision
                0x0801a2e0                buildTime
                0x0801a2e4                buildDate
 .rodata        0x0801a2e8      0x2b4 /tmp/ccGrItoW.ltrans2.ltrans.o
 .rodata        0x0801a59c       0x1c /tmp/ccGrItoW.ltrans3.ltrans.o
 .rodata        0x0801a5b8       0x50 /tmp/ccGrItoW.ltrans5.ltrans.o
 .rodata        0x0801a608      0x207 /tmp/ccGrItoW.ltrans7.ltrans.o
                0x0801a664                servoMixers
                0x0801a752                servoMixerSingle.lto_priv.490
                0x0801a78a                servoMixerDual.lto_priv.489
                0x0801a798                servoMixerAirplane.lto_priv.488
                0x0801a7bb                servoMixerFlyingWing.lto_priv.487
                0x0801a7de                servoMixerGimbal.lto_priv.486
                0x0801a7ec                servoMixerBI.lto_priv.485
                0x0801a808                servoMixerTri.lto_priv.484
 .rodata        0x0801a80f       0x23 /tmp/ccGrItoW.ltrans9.ltrans.o
 *fill*         0x0801a832        0x2 
 .rodata        0x0801a834       0xe8 /tmp/ccGrItoW.ltrans10.ltrans.o
 .rodata        0x0801a91c       0xac /tmp/ccGrItoW.ltrans11.ltrans.o
 .rodata        0x0801a9c8       0x18 /tmp/ccGrItoW.ltrans12.ltrans.o
 .rodata        0x0801a9e0       0x58 /tmp/ccGrItoW.ltrans13.ltrans.o
 .rodata        0x0801aa38       0x28 /tmp/ccGrItoW.ltrans15.ltrans.o
 .rodata        0x0801aa60      0x144 /tmp/ccGrItoW.ltrans16.ltrans.o
                0x0801aa60                gpsInitData.lto_priv.417
 .rodata        0x0801aba4      0x59c /tmp/ccGrItoW.ltrans17.ltrans.o
                0x0801aba4                mixers
                0x0801ac80                mixerAtail4.lto_priv.483
                0x0801acc0                mixerDualcopter.lto_priv.482
                0x0801ace0                mixerHex6H.lto_priv.481
                0x0801ad40                mixerVtail4.lto_priv.480
                0x0801ad80                mixerOctoFlatX.lto_priv.479
                0x0801ae00                mixerOctoFlatP.lto_priv.478
                0x0801ae80                mixerOctoX8.lto_priv.477
                0x0801af00                mixerHex6X.lto_priv.476
                0x0801af60                mixerY4.lto_priv.475
                0x0801afa0                mixerSingleProp.lto_priv.474
                0x0801afb0                mixerHex6P.lto_priv.473
                0x0801b010                mixerY6.lto_priv.472
                0x0801b070                mixerBicopter.lto_priv.471
                0x0801b090                mixerQuadX.lto_priv.470
                0x0801b0d0                mixerQuadP.lto_priv.469
                0x0801b110                mixerTricopter.lto_priv.468
 .rodata        0x0801b140       0x24 /tmp/ccGrItoW.ltrans18.ltrans.o
                0x0801b140                baudRates
                0x0801b160                taskCount
 .rodata        0x0801b164      0x140 /tmp/ccGrItoW.ltrans19.ltrans.o
                0x0801b240                ioDefUsedMask.lto_priv.463
 .rodata        0x0801b2a4      0xf14 /tmp/ccGrItoW.ltrans27.ltrans.o
                0x0801b324                valueTable
                0x0801be70                mixerNames.lto_priv.249
                0x0801bed8                cmdTable
 .rodata        0x0801c1b8       0x94 /tmp/ccGrItoW.ltrans29.ltrans.o
                0x0801c1c4                hsv
 .rodata        0x0801c24c       0x14 /tmp/ccGrItoW.ltrans31.ltrans.o
 *(.rodata*)
 .rodata.timerHardware
                0x0801c260       0xe0 /tmp/ccGrItoW.ltrans0.ltrans.o
                0x0801c260                timerHardware
 .rodata.str1.1
                0x0801c340      0x12b /tmp/ccGrItoW.ltrans1.ltrans.o
                                0x12f (size before relaxing)
 .rodata.str1.1
                0x0801c46b      0x1fe /tmp/ccGrItoW.ltrans2.ltrans.o
                                0x227 (size before relaxing)
 *fill*         0x0801c669        0x1 
 .rodata.frSkyDataIdTable
                0x0801c66a       0x24 /tmp/ccGrItoW.ltrans3.ltrans.o
 .rodata.str1.1
                0x0801c68e      0x426 /tmp/ccGrItoW.ltrans7.ltrans.o
                                0x475 (size before relaxing)
 .rodata.serialPortIdentifiers
                0x0801cab4        0x5 /tmp/ccGrItoW.ltrans8.ltrans.o
                0x0801cab4                serialPortIdentifiers
 .rodata.str1.1
                0x0801cab9        0x9 /tmp/ccGrItoW.ltrans8.ltrans.o
 .rodata.str1.1
                0x0801cac2      0x213 /tmp/ccGrItoW.ltrans10.ltrans.o
                                0x247 (size before relaxing)
 .rodata.str1.1
                0x0801ccd5       0x33 /tmp/ccGrItoW.ltrans12.ltrans.o
                                 0x36 (size before relaxing)
 .rodata.str1.1
                0x0801cd08       0xfb /tmp/ccGrItoW.ltrans16.ltrans.o
                                 0xfc (size before relaxing)
 .rodata.str1.1
                0x0801ce03      0x1d9 /tmp/ccGrItoW.ltrans17.ltrans.o
                                0x218 (size before relaxing)
 .rodata.str1.1
                0x0801cfdc       0x63 /tmp/ccGrItoW.ltrans18.ltrans.o
                                 0x92 (size before relaxing)
 .rodata.str1.1
                0x0801d03f       0xab /tmp/ccGrItoW.ltrans19.ltrans.o
                                 0xb2 (size before relaxing)
 .rodata.str1.1
                0x0801d0ea        0xf /tmp/ccGrItoW.ltrans20.ltrans.o
 .rodata.rcChannelLetters
                0x0801d0ea       0x15 /tmp/ccGrItoW.ltrans20.ltrans.o
                0x0801d0ea                rcChannelLetters
 .rodata.str1.1
                0x0801d0ff        0xb /tmp/ccGrItoW.ltrans21.ltrans.o
 .rodata.str1.1
                0x0801d10a       0x30 /tmp/ccGrItoW.ltrans23.ltrans.o
                                 0x33 (size before relaxing)
 .rodata.str1.1
                0x0801d13a     0x1047 /tmp/ccGrItoW.ltrans27.ltrans.o
                               0x1135 (size before relaxing)
 .rodata._ctype_
                0x0801e181      0x101 /usr/lib/gcc/arm-none-eabi/4.9.3/../../../arm-none-eabi/lib/armv7-m/libc_nano.a(lib_a-ctype_.o)
                0x0801e181                _ctype_
 .rodata.str1.1
                0x0801e282        0x0 /usr/lib/gcc/arm-none-eabi/4.9.3/../../../arm-none-eabi/lib/armv7-m/libc_nano.a(lib_a-impure.o)
                                  0x2 (size before relaxing)
 *fill*         0x0801e282        0x2 
 .rodata.TWO23  0x0801e284        0x8 /usr/lib/gcc/arm-none-eabi/4.9.3/../../../arm-none-eabi/lib/armv7-m/libm.a(lib_a-sf_lrint.o)
 .rodata.str1.4
                0x0801e28c        0x5 /usr/lib/gcc/arm-none-eabi/4.9.3/../../../arm-none-eabi/lib/armv7-m/libm.a(lib_a-wf_log.o)
                                  0xc (size before relaxing)
 *fill*         0x0801e291        0x3 
 .rodata.str1.4
                0x0801e294        0x5 /usr/lib/gcc/arm-none-eabi/4.9.3/../../../arm-none-eabi/lib/armv7-m/libm.a(lib_a-wf_pow.o)
                                  0x8 (size before relaxing)
 *fill*         0x0801e299        0x3 
 .rodata.str1.4
                0x0801e29c        0x8 /usr/lib/gcc/arm-none-eabi/4.9.3/../../../arm-none-eabi/lib/armv7-m/libm.a(lib_a-wf_sqrt.o)
 .rodata.dp_h   0x0801e2a4        0x8 /usr/lib/gcc/arm-none-eabi/4.9.3/../../../arm-none-eabi/lib/armv7-m/libm.a(lib_a-ef_pow.o)
 .rodata.dp_l   0x0801e2ac        0x8 /usr/lib/gcc/arm-none-eabi/4.9.3/../../../arm-none-eabi/lib/armv7-m/libm.a(lib_a-ef_pow.o)
 .rodata.bp     0x0801e2b4        0x8 /usr/lib/gcc/arm-none-eabi/4.9.3/../../../arm-none-eabi/lib/armv7-m/libm.a(lib_a-ef_pow.o)
 .rodata.str1.4
                0x0801e2bc        0x4 /usr/lib/gcc/arm-none-eabi/4.9.3/../../../arm-none-eabi/lib/armv7-m/libm.a(lib_a-ef_pow.o)
 *fill*         0x0801e2bc        0x4 
 .rodata.TWO52  0x0801e2c0       0x10 /usr/lib/gcc/arm-none-eabi/4.9.3/../../../arm-none-eabi/lib/armv7-m/libm.a(lib_a-s_rint.o)
 *(.glue_7)
 .glue_7        0x0801e2d0        0x0 linker stubs
 *(.glue_7t)
 .glue_7t       0x0801e2d0        0x0 linker stubs
 *(.eh_frame)
 *(.init)
 *(.fini)
                0x0801e2d0                . = ALIGN (0x4)
                0x0801e2d0                _etext = .

.vfp11_veneer   0x0801e2d0        0x0
 .vfp11_veneer  0x0801e2d0        0x0 linker stubs

.v4_bx          0x0801e2d0        0x0
 .v4_bx         0x0801e2d0        0x0 linker stubs

.iplt           0x0801e2d0        0x0
 .iplt          0x0801e2d0        0x0 obj/main/NAZE/startup_stm32f10x_md_gcc.o

.ARM.extab
 *(.ARM.extab* .gnu.linkonce.armextab.*)

.ARM            0x0801e2d0        0x8
                0x0801e2d0                __exidx_start = .
 *(.ARM.exidx*)
 .ARM.exidx     0x0801e2d0        0x8 /usr/lib/gcc/arm-none-eabi/4.9.3/armv7-m/libgcc.a(_divdi3.o)
 .ARM.exidx     0x0801e2d8        0x0 /usr/lib/gcc/arm-none-eabi/4.9.3/armv7-m/libgcc.a(_udivdi3.o)
                                  0x8 (size before relaxing)
                0x0801e2d8                __exidx_end = .

.preinit_array  0x0801e2d8        0x0
                [!provide]                PROVIDE (__preinit_array_start, .)
 *(.preinit_array*)
                [!provide]                PROVIDE (__preinit_array_end, .)

.init_array     0x0801e2d8        0x0
                [!provide]                PROVIDE (__init_array_start, .)
 *(SORT(.init_array.*))
 *(.init_array*)
                [!provide]                PROVIDE (__init_array_end, .)

.fini_array     0x0801e2d8        0x0
                [!provide]                PROVIDE (__fini_array_start, .)
 *(.fini_array*)
 *(SORT(.fini_array.*))
                [!provide]                PROVIDE (__fini_array_end, .)

.pg_registry    0x0801e2d8      0x340
                0x0801e2d8                PROVIDE (__pg_registry_start, .)
 *(.pg_registry)
 .pg_registry   0x0801e2d8       0x40 /tmp/ccGrItoW.ltrans0.ltrans.o
                0x0801e2d8                flashchipConfig_Registry
                0x0801e2e8                servoConfig_Registry
                0x0801e2f8                debugConfig_Registry
                0x0801e308                systemConfig_Registry
 .pg_registry   0x0801e318      0x1b0 /tmp/ccGrItoW.ltrans1.ltrans.o
                0x0801e318                pidProfile_Registry
                0x0801e328                profileSelection_Registry
                0x0801e338                featureConfig_Registry
                0x0801e348                sensorAlignmentConfig_Registry
                0x0801e358                rcControlsConfig_Registry
                0x0801e368                motor3DConfig_Registry
                0x0801e378                blackboxConfig_Registry
                0x0801e388                specialColors_Registry
                0x0801e398                modeColors_Registry
                0x0801e3a8                ledConfigs_Registry
                0x0801e3b8                colors_Registry
                0x0801e3c8                failsafeChannelConfigs_Registry
                0x0801e3d8                amperageMeterConfig_Registry
                0x0801e3e8                boardAlignment_Registry
                0x0801e3f8                accelerometerConfig_Registry
                0x0801e408                compassConfig_Registry
                0x0801e418                gpsConfig_Registry
                0x0801e428                failsafeConfig_Registry
                0x0801e438                motorConfig_Registry
                0x0801e448                adjustmentProfile_Registry
                0x0801e458                modeActivationProfile_Registry
                0x0801e468                armingConfig_Registry
                0x0801e478                mspServerConfig_Registry
                0x0801e488                batteryConfig_Registry
                0x0801e498                customServoMixer_Registry
                0x0801e4a8                servoProfile_Registry
                0x0801e4b8                mixerConfig_Registry
 .pg_registry   0x0801e4c8       0x20 /tmp/ccGrItoW.ltrans2.ltrans.o
                0x0801e4c8                gimbalConfig_Registry
                0x0801e4d8                airplaneConfig_Registry
 .pg_registry   0x0801e4e8       0x40 /tmp/ccGrItoW.ltrans3.ltrans.o
                0x0801e4e8                frskyTelemetryConfig_Registry
                0x0801e4f8                hottTelemetryConfig_Registry
                0x0801e508                telemetryConfig_Registry
                0x0801e518                ibusTelemetryConfig_Registry
 .pg_registry   0x0801e528       0x10 /tmp/ccGrItoW.ltrans4.ltrans.o
                0x0801e528                gpsProfile_Registry
 .pg_registry   0x0801e538       0x10 /tmp/ccGrItoW.ltrans7.ltrans.o
                0x0801e538                customMotorMixer_Registry
 .pg_registry   0x0801e548       0x40 /tmp/ccGrItoW.ltrans8.ltrans.o
                0x0801e548                throttleCorrectionConfig_Registry
                0x0801e558                imuConfig_Registry
                0x0801e568                sensorTrims_Registry
                0x0801e578                rateProfileSelection_Registry
 .pg_registry   0x0801e588       0x10 /tmp/ccGrItoW.ltrans10.ltrans.o
                0x0801e588                channelRanges_Registry
 .pg_registry   0x0801e598       0x20 /tmp/ccGrItoW.ltrans13.ltrans.o
                0x0801e598                sensorSelectionConfig_Registry
                0x0801e5a8                gyroConfig_Registry
 .pg_registry   0x0801e5b8       0x10 /tmp/ccGrItoW.ltrans15.ltrans.o
                0x0801e5b8                pwmRxConfig_Registry
 .pg_registry   0x0801e5c8       0x10 /tmp/ccGrItoW.ltrans16.ltrans.o
                0x0801e5c8                barometerConfig_Registry
 .pg_registry   0x0801e5d8       0x30 /tmp/ccGrItoW.ltrans20.ltrans.o
                0x0801e5d8                serialConfig_Registry
                0x0801e5e8                voltageMeterConfig_Registry
                0x0801e5f8                rxConfig_Registry
 .pg_registry   0x0801e608       0x10 /tmp/ccGrItoW.ltrans27.ltrans.o
                0x0801e608                controlRateProfiles_Registry
 *(SORT(.pg_registry.*))
                0x0801e618                PROVIDE (__pg_registry_end, .)

.pg_resetdata   0x0801e618       0xde
                0x0801e618                PROVIDE (__pg_resetdata_start, .)
 *(.pg_resetdata)
 .pg_resetdata  0x0801e618        0x6 /tmp/ccGrItoW.ltrans0.ltrans.o
                0x0801e618                pgResetTemplate_servoConfig
                0x0801e61c                pgResetTemplate_systemConfig
 *fill*         0x0801e61e        0x2 
 .pg_resetdata  0x0801e620       0x72 /tmp/ccGrItoW.ltrans1.ltrans.o
                0x0801e620                pgResetTemplate_rcControlsConfig
                0x0801e628                pgResetTemplate_motor3DConfig
                0x0801e62e                pgResetTemplate_blackboxConfig
                0x0801e632                pgResetTemplate_compassConfig
                0x0801e634                pgResetTemplate_failsafeConfig
                0x0801e63c                pgResetTemplate_motorConfig
                0x0801e648                pgResetTemplate_armingConfig
                0x0801e64c                pgResetTemplate_batteryConfig
                0x0801e654                pgResetTemplate_mixerConfig
                0x0801e664                pgResetTemplate_pidProfile
 .pg_resetdata  0x0801e692        0x1 /tmp/ccGrItoW.ltrans2.ltrans.o
                0x0801e692                pgResetTemplate_airplaneConfig
 *fill*         0x0801e693        0x1 
 .pg_resetdata  0x0801e694        0x7 /tmp/ccGrItoW.ltrans3.ltrans.o
                0x0801e694                pgResetTemplate_hottTelemetryConfig
                0x0801e696                pgResetTemplate_telemetryConfig
                0x0801e69a                pgResetTemplate_ibusTelemetryConfig
 *fill*         0x0801e69b        0x1 
 .pg_resetdata  0x0801e69c        0xc /tmp/ccGrItoW.ltrans4.ltrans.o
                0x0801e69c                pgResetTemplate_gpsProfile
 .pg_resetdata  0x0801e6a8        0x8 /tmp/ccGrItoW.ltrans5.ltrans.o
                0x0801e6a8                pgResetTemplate_flashchipConfig
 .pg_resetdata  0x0801e6b0        0xc /tmp/ccGrItoW.ltrans8.ltrans.o
                0x0801e6b0                pgResetTemplate_throttleCorrectionConfig
                0x0801e6b4                pgResetTemplate_imuConfig
 .pg_resetdata  0x0801e6bc        0xe /tmp/ccGrItoW.ltrans13.ltrans.o
                0x0801e6bc                pgResetTemplate_gyroConfig
 *fill*         0x0801e6ca        0x2 
 .pg_resetdata  0x0801e6cc       0x10 /tmp/ccGrItoW.ltrans16.ltrans.o
                0x0801e6cc                pgResetTemplate_barometerConfig
 .pg_resetdata  0x0801e6dc       0x1a /tmp/ccGrItoW.ltrans20.ltrans.o
                0x0801e6dc                pgResetTemplate_rxConfig
                0x0801e6f6                PROVIDE (__pg_resetdata_end, .)
                0x0801e6f6                _sidata = .

.rel.dyn        0x0801e6f8        0x0
 .rel.iplt      0x0801e6f8        0x0 obj/main/NAZE/startup_stm32f10x_md_gcc.o

.data           0x20000000      0x46c load address 0x0801e6f6
                0x20000000                . = ALIGN (0x4)
                0x20000000                _sdata = .
 *(.data)
 .data          0x20000000       0x11 /tmp/ccGrItoW.ltrans1.ltrans.o
                0x20000000                geometry.lto_priv.250
                0x20000010                isUsingSticksToArm.lto_priv.286
 *fill*         0x20000011        0x1 
 .data          0x20000012        0x3 /tmp/ccGrItoW.ltrans3.ltrans.o
                0x20000012                GPS_hdop
 .data          0x20000015        0x2 /tmp/ccGrItoW.ltrans4.ltrans.o
                0x20000015                rxIsInFailsafeMode.lto_priv.336
                0x20000016                rxIsInFailsafeModeNotDataDriven.lto_priv.339
 *fill*         0x20000017        0x1 
 .data          0x20000018        0xc /tmp/ccGrItoW.ltrans6.ltrans.o
 .data          0x20000024        0x4 /tmp/ccGrItoW.ltrans8.ltrans.o
                0x20000024                pid_controller
 .data          0x20000028        0x4 /tmp/ccGrItoW.ltrans9.ltrans.o
                0x20000028                q0.lto_priv.359
 .data          0x2000002c        0x1 /tmp/ccGrItoW.ltrans10.ltrans.o
                0x2000002c                standardBoardAlignment.lto_priv.449
 *fill*         0x2000002d        0x3 
 .data          0x20000030        0x8 /tmp/ccGrItoW.ltrans11.ltrans.o
                0x20000034                measurement.lto_priv.547
 .data          0x20000038        0x1 /tmp/ccGrItoW.ltrans13.ltrans.o
                0x20000038                isEOCConnected.lto_priv.552
 *fill*         0x20000039        0x3 
 .data          0x2000003c      0x304 /tmp/ccGrItoW.ltrans18.ltrans.o
                0x2000003c                realtimeGuardInterval.lto_priv.397
                0x20000040                cfTasks
 .data          0x20000340       0x1c /tmp/ccGrItoW.ltrans19.ltrans.o
                0x20000340                pwmMotorsEnabled.lto_priv.278
 .data          0x2000035c        0x4 /tmp/ccGrItoW.ltrans22.ltrans.o
                0x2000035c                GPS_scaleLonDown.lto_priv.528
 .data          0x20000360        0x1 /tmp/ccGrItoW.ltrans29.ltrans.o
 *fill*         0x20000361        0x3 
 .data          0x20000364        0x4 /tmp/ccGrItoW.ltrans31.ltrans.o
                0x20000364                hse_value
 *(.data*)
 .data.batteryCellCount
                0x20000368        0x1 /tmp/ccGrItoW.ltrans10.ltrans.o
                0x20000368                batteryCellCount
 *fill*         0x20000369        0x3 
 .data.SystemCoreClock
                0x2000036c        0x4 /tmp/ccGrItoW.ltrans10.ltrans.o
                0x2000036c                SystemCoreClock
 .data.detectedSensors
                0x20000370        0x4 /tmp/ccGrItoW.ltrans13.ltrans.o
                0x20000370                detectedSensors
 .data.dmaChannels
                0x20000374       0x8c /tmp/ccGrItoW.ltrans18.ltrans.o
                0x20000374                dmaChannels
 .data.__ctype_ptr__
                0x20000400        0x4 /usr/lib/gcc/arm-none-eabi/4.9.3/../../../arm-none-eabi/lib/armv7-m/libc_nano.a(lib_a-ctype_.o)
                0x20000400                __ctype_ptr__
 .data.impure_data
                0x20000404       0x60 /usr/lib/gcc/arm-none-eabi/4.9.3/../../../arm-none-eabi/lib/armv7-m/libc_nano.a(lib_a-impure.o)
 .data._impure_ptr
                0x20000464        0x4 /usr/lib/gcc/arm-none-eabi/4.9.3/../../../arm-none-eabi/lib/armv7-m/libc_nano.a(lib_a-impure.o)
                0x20000464                _impure_ptr
 .data.__fdlib_version
                0x20000468        0x1 /usr/lib/gcc/arm-none-eabi/4.9.3/../../../arm-none-eabi/lib/armv7-m/libm.a(lib_a-s_lib_ver.o)
                0x20000468                __fdlib_version
                0x2000046c                . = ALIGN (0x4)
 *fill*         0x20000469        0x3 
                0x2000046c                _edata = .

.igot.plt       0x2000046c        0x0 load address 0x0801eb62
 .igot.plt      0x2000046c        0x0 obj/main/NAZE/startup_stm32f10x_md_gcc.o
                0x2000046c                . = ALIGN (0x4)

.bss            0x20000470     0x3838 load address 0x0801eb62
                0x20000470                _sbss = .
                0x20000470                __bss_start__ = _sbss
 *(.bss)
 .bss           0x20000470      0x50c /tmp/ccGrItoW.ltrans0.ltrans.o
                0x20000472                i2cOverClock.lto_priv.559
                0x20000494                ppmDev
                0x200005c0                servos.lto_priv.546
                0x200005e8                gpsPacketLog
                0x2000060c                ledStripDMABuffer
                0x20000940                portConfig.lto_priv.406
                0x20000944                frskyPortSharing.lto_priv.519
                0x20000945                hottPortSharing.lto_priv.517
                0x20000948                portConfig.lto_priv.408
                0x2000094c                smartPortPortSharing.lto_priv.514
                0x20000950                portConfig.lto_priv.409
                0x20000954                ltmPortSharing.lto_priv.512
                0x20000958                portConfig.lto_priv.410
                0x2000095c                mavlinkPortSharing.lto_priv.510
                0x20000960                ibusSerialPortConfig.lto_priv.509
                0x20000964                ibusPortSharing.lto_priv.507
                0x20000970                couldBeBusy.lto_priv.543
                0x20000974                tailAddress.lto_priv.492
 .bss           0x2000097c      0x958 /tmp/ccGrItoW.ltrans1.ltrans.o
                0x2000097c                mspPorts
                0x20000a1c                cliPort.lto_priv.225
                0x20000a20                printfSerialPort.lto_priv.181
                0x20000a40                cliWriter.lto_priv.224
                0x20000a44                colors_SystemArray
                0x20000a84                mixerConfig_System
                0x20000a94                i2cErrorCount.lto_priv.221
                0x20000a98                enabledSensors.lto_priv.182
                0x20000a9c                flightModeFlags
                0x20000aa0                rcModeActivationMask.lto_priv.279
                0x20000aa4                activeBoxIds.lto_priv.448
                0x20000aa8                profileSelection_System
                0x20000aaa                averageSystemLoadPercent
                0x20000aac                gyroDeltaUs
                0x20000ab0                acc
                0x20000abc                accSmooth
                0x20000ac4                gyroADC
                0x20000ad0                magADC
                0x20000adc                servo
                0x20000aec                servoProfile_ProfileCurrent
                0x20000af0                customServoMixer_SystemArray
                0x20000b60                motor
                0x20000b78                attitude
                0x20000b80                EstAlt.lto_priv.304
                0x20000b84                vario
                0x20000b88                calculatedAltitude.lto_priv.320
                0x20000b8c                batteryConfig_System
                0x20000b94                vbat
                0x20000b98                amperageMeters
                0x20000ba8                rssi
                0x20000bab                armingConfig_System
                0x20000bb0                currentControlRateProfile
                0x20000bb4                pidProfile_ProfileCurrent
                0x20000bb8                modeActivationProfile_ProfileCurrent
                0x20000bbc                adjustmentProfile_ProfileCurrent
                0x20000bc0                motorConfig_System
                0x20000bcc                failsafeConfig_System
                0x20000bd4                gpsConfig_System
                0x20000bd8                compassConfig_ProfileCurrent
                0x20000bdc                stateFlags
                0x20000bdd                GPS_numSat
                0x20000be0                GPS_coord
                0x20000be8                GPS_altitude
                0x20000bea                GPS_speed
                0x20000bec                GPS_ground_course
                0x20000bee                GPS_distanceToHome
                0x20000bf0                GPS_directionToHome
                0x20000bf2                GPS_update
                0x20000bf4                GPS_home
                0x20000bfc                GPS_hold
                0x20000c04                AltHold
                0x20000c08                GPS_numCh
                0x20000c09                GPS_svinfo_chn
                0x20000c19                GPS_svinfo_svid
                0x20000c29                GPS_svinfo_quality
                0x20000c39                GPS_svinfo_cno
                0x20000c4a                debug
                0x20000c54                accelerometerConfig_ProfileCurrent
                0x20000c58                featureConfig_System
                0x20000c5c                boardAlignment_System
                0x20000c62                amperageMeterConfig_SystemArray
                0x20000c6a                failsafeChannelConfigs_SystemArray
                0x20000c90                serialPortUsageList.lto_priv.179
                0x20000ccc                ledConfigs_SystemArray
                0x20000d4c                modeColors_SystemArray
                0x20000d70                specialColors_System
                0x20000d7b                blackboxConfig_System
                0x20000d7e                batteryState.lto_priv.222
                0x20000d80                motor3DConfig_System
                0x20000d88                rcControlsConfig_ProfileCurrent
                0x20000d8c                sensorAlignmentConfig_System
                0x20000d90                escHardware
                0x20000e50                pwmIOConfiguration.lto_priv.451
                0x20000ec8                escCount.lto_priv.263
                0x20000eca                magHold
                0x20000ecc                mspFrame.lto_priv.218
                0x20000ef0                rxMspFrameDone.lto_priv.217
                0x20000ef2                motor_disarmed
                0x20000f0a                calibratingA
                0x20000f0c                blackboxState.lto_priv.291
                0x20000f0d                nav_mode
                0x20000f10                passThroughPort.lto_priv.284
 .bss           0x200012d4      0x222 /tmp/ccGrItoW.ltrans2.ltrans.o
                0x200012d4                gyroReadyCounter
                0x200012dc                debugMode
                0x200012e4                currentMixer
                0x200013cc                servoFilterState.lto_priv.447
                0x200014ac                motorControlEnable
                0x200014cc                blackboxPort.lto_priv.396
                0x200014d0                blackboxHeaderBudget
                0x200014d4                blackboxMaxHeaderBytesPerIteration.lto_priv.394
                0x200014d8                xmitState.lto_priv.392
                0x200014e0                blackboxConditionCache.lto_priv.389
                0x200014e4                vbatReference.lto_priv.385
                0x200014e6                blackboxSlowFrameIterationTimer.lto_priv.393
                0x200014e8                blackboxPFrameIndex.lto_priv.388
                0x200014ec                blackboxIteration.lto_priv.387
                0x200014f0                blackboxModeActivationConditionPresent.lto_priv.386
                0x200014f1                blackboxPortSharing.lto_priv.395
                0x200014f5                blackboxLoggedAnyFrames.lto_priv.391
 *fill*         0x200014f6        0x2 
 .bss           0x200014f8       0xdb /tmp/ccGrItoW.ltrans3.ltrans.o
                0x200014f8                frskyTelemetryEnabled.lto_priv.520
                0x20001504                BaroAlt
                0x20001508                baroTemperature
                0x2000150c                telemetryConfig_System
                0x20001514                frskyTelemetryConfig_System
                0x20001521                hottTelemetryEnabled.lto_priv.518
                0x20001528                hottEAMMessage.lto_priv.411
                0x20001559                hottGPSMessage.lto_priv.412
                0x2000158c                hottPort.lto_priv.506
                0x2000159c                portConfig.lto_priv.407
                0x200015a2                smartPortTelemetryEnabled.lto_priv.515
                0x200015a4                smartPortSerialPort.lto_priv.505
                0x200015a8                smartPortState
                0x200015ac                smartPortLastRequestTime.lto_priv.516
                0x200015b3                ltmEnabled.lto_priv.513
                0x200015b4                ltmPort.lto_priv.504
                0x200015bd                mavlinkTelemetryEnabled.lto_priv.511
                0x200015c4                ibusTelemetryEnabled.lto_priv.508
                0x200015c8                ibusSerialPort.lto_priv.502
                0x200015cc                outboundBytesToIgnoreOnRxCount.lto_priv.503
                0x200015d1                ibusBaseAddress.lto_priv.405
 *fill*         0x200015d3        0x1 
 .bss           0x200015d4      0x1a8 /tmp/ccGrItoW.ltrans4.ltrans.o
                0x200015d4                rxUpdateAt.lto_priv.335
                0x200015fc                rxSignalReceived.lto_priv.337
                0x200015fd                rxSignalReceivedNotDataDriven.lto_priv.338
                0x200015ff                rcSampleIndex.lto_priv.420
                0x20001648                rcInvalidPulsPeriod
                0x20001691                rxFlightChannelsValid.lto_priv.501
                0x200016ac                disarmAt.lto_priv.384
                0x200016b4                calibratingG.lto_priv.380
                0x200016b6                AccInflightCalibrationMeasurementDone
                0x200016b7                AccInflightCalibrationSavetoEEProm
                0x200016ba                InflightcalibratingA
                0x200016bc                AccInflightCalibrationActive
                0x200016be                headFreeModeHold
                0x200016c0                gpsProfile_ProfileCurrent
                0x200016c6                nav_rated.lto_priv.366
                0x200016ca                nav.lto_priv.365
                0x200016f8                poshold_ratePID.lto_priv.524
                0x20001720                navPID.lto_priv.525
                0x20001748                isRXDataNew.lto_priv.367
                0x20001754                initialRawThrottleHold.lto_priv.368
                0x20001756                initialThrottleHold.lto_priv.369
 .bss           0x2000177c      0x61c /tmp/ccGrItoW.ltrans5.ltrans.o
 .bss           0x20001d98       0xec /tmp/ccGrItoW.ltrans6.ltrans.o
                0x20001db4                isConversionComplete.lto_priv.553
 .bss           0x20001e84       0xf8 /tmp/ccGrItoW.ltrans7.ltrans.o
                0x20001e84                cliBuffer.lto_priv.347
                0x20001eb4                bufferIndex.lto_priv.346
                0x20001eb8                customMotorMixer_SystemArray
                0x20001f78                servoConf.lto_priv.277
 .bss           0x20001f7c       0xbc /tmp/ccGrItoW.ltrans8.ltrans.o
                0x20001f84                lookupThrottleRC.lto_priv.370
                0x20001f9c                lookupYawRC.lto_priv.371
                0x20001faa                lookupPitchRollRC.lto_priv.372
                0x20001fbc                adjustmentStates
                0x20001fec                accelerationTrims.lto_priv.363
                0x20001ff0                sensorTrims_System
                0x20001ffc                magneticDeclination
                0x20002010                imuConfig_System
                0x20002018                throttleCorrectionConfig_ProfileCurrent
                0x2000201c                imuRuntimeConfig.lto_priv.357
                0x20002020                accDeadband.lto_priv.358
                0x20002024                fc_acc
                0x20002028                throttleAngleScale
 .bss           0x20002038      0x308 /tmp/ccGrItoW.ltrans9.ltrans.o
                0x20002038                rcCommand
                0x20002040                lastITerm
                0x2000204c                motorLimitReached
                0x2000205c                ITermAngle.lto_priv.329
                0x20002064                dynP8
                0x200020a0                dynD8
                0x200020a4                axisPID
                0x200020ac                axisPID_P
                0x200020b8                axisPID_I
                0x200020c4                axisPID_D
                0x200020d0                motorCount
                0x200020d1                PIDweight
                0x200020ec                gyroADCf
                0x200020f8                lastITermf
                0x2000211c                dtermFilterNotch
                0x20002170                dtermFilterLpf
                0x200021c4                extiGroupPriority.lto_priv.462
                0x200021cb                servoRuleCount.lto_priv.374
                0x200021cc                currentServoMixer.lto_priv.373
                0x2000223c                customServoMixers.lto_priv.458
                0x20002240                motors.lto_priv.285
                0x20002270                timerConfig
                0x20002310                q1.lto_priv.360
                0x20002314                q2.lto_priv.361
                0x20002318                q3.lto_priv.362
                0x2000231c                rMat.lto_priv.321
 .bss           0x20002340      0x2d0 /tmp/ccGrItoW.ltrans10.ltrans.o
                0x20002360                srxlFrameReceived.lto_priv.431
                0x20002361                srxlFrameLength.lto_priv.434
                0x20002385                srxlChannelCount.lto_priv.435
                0x200023ea                xBusFrameReceived.lto_priv.439
                0x2000240d                xBusDataIncoming.lto_priv.440
                0x2000240e                xBusFramePosition.lto_priv.441
                0x2000240f                xBusChannelCount.lto_priv.442
                0x200024d4                sbusChannelData.lto_priv.424
                0x20002536                captures.lto_priv.340
                0x20002558                srxlFramePosition.lto_priv.433
                0x20002559                srxlDataIncoming.lto_priv.432
                0x20002598                boardRotation.lto_priv.450
                0x200025bc                adcConfig
                0x200025cc                adcValues
                0x200025d4                suspendRxSignalUntil.lto_priv.331
                0x200025d8                skipRxSamples.lto_priv.330
                0x200025dc                failsafeState.lto_priv.282
                0x20002600                channelRanges_SystemArray
 .bss           0x20002610       0x39 /tmp/ccGrItoW.ltrans11.ltrans.o
 .bss           0x20002649        0x7 /tmp/ccGrItoW.ltrans12.ltrans.o
 .bss           0x20002650      0x1d1 /tmp/ccGrItoW.ltrans13.ltrans.o
                0x20002650                gyro
                0x20002664                mpuDetectionResult
                0x20002668                mpuConfiguration
                0x20002674                mpuIntExtiConfig.lto_priv.554
                0x2000267c                gyroFilterPt1.lto_priv.382
                0x200026a0                gyroConfig_System
                0x200026b0                gyroFilterNotch.lto_priv.383
                0x20002704                gyroFilterLPF.lto_priv.381
                0x2000275b                accAlign
                0x2000275c                useFifo.lto_priv.555
                0x20002764                bmp085.lto_priv.551
                0x20002788                baro
                0x200027a0                extiChannelRecs
                0x200027e0                ms5611_c.lto_priv.550
                0x200027f4                bmp280_cal.lto_priv.549
                0x20002810                magAlign
                0x20002814                hmc5883Config.lto_priv.548
                0x20002818                mag
                0x20002820                magInit.lto_priv.323
 *fill*         0x20002821        0x3 
 .bss           0x20002824      0x18f /tmp/ccGrItoW.ltrans14.ltrans.o
 *fill*         0x200029b3        0x1 
 .bss           0x200029b4      0x5ed /tmp/ccGrItoW.ltrans15.ltrans.o
 *fill*         0x20002fa1        0x3 
 .bss           0x20002fa4      0x1b0 /tmp/ccGrItoW.ltrans16.ltrans.o
                0x200030a4                sonarMaxTiltCos
                0x200030a8                sonarCfAltCm
                0x200030b0                sonarMaxAltWithTiltCm
                0x200030b4                accSumCount
                0x200030b8                accSum
                0x200030c4                accVelScale
                0x200030d0                errorVelocityI
                0x200030d4                altHoldThrottleAdjustment
                0x200030d8                velocityControl
                0x200030dc                lastMeasurementAt.lto_priv.416
                0x200030e0                sonarHardware.lto_priv.415
                0x200030fc                cachedRccCsrValue
                0x20003100                gpsData
 .bss           0x20003154       0x21 /tmp/ccGrItoW.ltrans17.ltrans.o
                0x20003158                hiLoTsh.lto_priv.261
                0x2000315c                StkCmd.lto_priv.264
                0x20003160                lastBitTime.lto_priv.260
                0x20003164                SeqNumber.lto_priv.262
                0x20003165                stkInBuf.lto_priv.265
 *fill*         0x20003175        0x3 
 .bss           0x20003178       0x5c /tmp/ccGrItoW.ltrans18.ltrans.o
                0x20003178                totalWaitingTasksSamples.lto_priv.398
                0x2000317c                totalWaitingTasks.lto_priv.399
                0x20003180                serialPortCount.lto_priv.459
                0x20003184                currentTask.lto_priv.322
                0x20003188                taskQueueSize.lto_priv.220
                0x2000318c                taskQueueArray
                0x200031d0                usTicks.lto_priv.464
 .bss           0x200031d4      0x150 /tmp/ccGrItoW.ltrans19.ltrans.o
                0x200031dc                beeperIsOn.lto_priv.343
                0x200031e0                blinkMask.lto_priv.327
                0x200031e4                beeperNextToggleTime.lto_priv.342
                0x200031e8                beeperPos.lto_priv.344
                0x200031ec                currentBeeperEntry.lto_priv.341
                0x200031f5                beep_multiBeeps.lto_priv.345
                0x2000320c                ioRecs
 .bss           0x20003324      0x322 /tmp/ccGrItoW.ltrans20.ltrans.o
                0x20003324                string.8253.lto_priv.527
                0x20003334                led_config
                0x2000334c                sysTickUptime.lto_priv.180
                0x20003350                mavlinkPort.lto_priv.301
                0x20003354                mavBuffer.lto_priv.303
                0x2000345b                mavMsg.lto_priv.302
                0x2000359c                activeFeaturesLatch.lto_priv.219
                0x200035a0                rcData
                0x200035c4                rxConfig_System
                0x200035e0                voltageMeterStates
                0x20003604                voltageMeterConfig_SystemArray
                0x20003608                rxRuntimeConfigPtr.lto_priv.215
                0x2000360c                rxRuntimeConfig
                0x20003618                spek_chan_shift.lto_priv.214
                0x20003619                spek_chan_mask.lto_priv.216
                0x2000361a                spekHiRes.lto_priv.213
                0x2000361b                findSharedSerialPortState.lto_priv.328
                0x2000361c                serialConfig_System
 *fill*         0x20003646        0x2 
 .bss           0x20003648      0x209 /tmp/ccGrItoW.ltrans21.ltrans.o