Archive member included to satisfy reference by file (symbol)

/usr/lib/gcc/arm-none-eabi/4.9.3/../../../arm-none-eabi/lib/armv7-m/libc_nano.a(lib_a-atoi.o)
                              obj/main/NAZE/../controller/io/ledstrip.o (symbol from plugin) (atoi)
/usr/lib/gcc/arm-none-eabi/4.9.3/../../../arm-none-eabi/lib/armv7-m/libc_nano.a(lib_a-ctype_.o)
                              obj/main/NAZE/../controller/flight/gps_conversion.o (symbol from plugin) (__ctype_ptr__)
/usr/lib/gcc/arm-none-eabi/4.9.3/../../../arm-none-eabi/lib/armv7-m/libc_nano.a(lib_a-strtok.o)
                              obj/main/NAZE/../controller/io/serial_cli.o (symbol from plugin) (strtok)
/usr/lib/gcc/arm-none-eabi/4.9.3/../../../arm-none-eabi/lib/armv7-m/libc_nano.a(lib_a-strtok_r.o)
                              /usr/lib/gcc/arm-none-eabi/4.9.3/../../../arm-none-eabi/lib/armv7-m/libc_nano.a(lib_a-strtok.o) (__strtok_r)
/usr/lib/gcc/arm-none-eabi/4.9.3/../../../arm-none-eabi/lib/armv7-m/libc_nano.a(lib_a-strtol.o)
                              /usr/lib/gcc/arm-none-eabi/4.9.3/../../../arm-none-eabi/lib/armv7-m/libc_nano.a(lib_a-atoi.o) (_strtol_r)
/usr/lib/gcc/arm-none-eabi/4.9.3/../../../arm-none-eabi/lib/armv7-m/libc_nano.a(lib_a-impure.o)
                              /usr/lib/gcc/arm-none-eabi/4.9.3/../../../arm-none-eabi/lib/armv7-m/libc_nano.a(lib_a-strtok.o) (_impure_ptr)
/usr/lib/gcc/arm-none-eabi/4.9.3/../../../arm-none-eabi/lib/armv7-m/libc_nano.a(lib_a-malloc.o)
                              /usr/lib/gcc/arm-none-eabi/4.9.3/../../../arm-none-eabi/lib/armv7-m/libc_nano.a(lib_a-strtok.o) (malloc)
/usr/lib/gcc/arm-none-eabi/4.9.3/../../../arm-none-eabi/lib/armv7-m/libc_nano.a(lib_a-nano-freer.o)
                              /usr/lib/gcc/arm-none-eabi/4.9.3/../../../arm-none-eabi/lib/armv7-m/libc_nano.a(lib_a-malloc.o) (_free_r)
/usr/lib/gcc/arm-none-eabi/4.9.3/../../../arm-none-eabi/lib/armv7-m/libc_nano.a(lib_a-nano-mallocr.o)
                              /usr/lib/gcc/arm-none-eabi/4.9.3/../../../arm-none-eabi/lib/armv7-m/libc_nano.a(lib_a-malloc.o) (_malloc_r)
/usr/lib/gcc/arm-none-eabi/4.9.3/../../../arm-none-eabi/lib/armv7-m/libc_nano.a(lib_a-sbrkr.o)
                              /usr/lib/gcc/arm-none-eabi/4.9.3/../../../arm-none-eabi/lib/armv7-m/libc_nano.a(lib_a-nano-mallocr.o) (_sbrk_r)
/usr/lib/gcc/arm-none-eabi/4.9.3/../../../arm-none-eabi/lib/armv7-m/libc_nano.a(lib_a-reent.o)
                              /usr/lib/gcc/arm-none-eabi/4.9.3/../../../arm-none-eabi/lib/armv7-m/libc_nano.a(lib_a-sbrkr.o) (errno)
/usr/lib/gcc/arm-none-eabi/4.9.3/../../../arm-none-eabi/lib/armv7-m/libnosys.a(sbrk.o)
                              /usr/lib/gcc/arm-none-eabi/4.9.3/../../../arm-none-eabi/lib/armv7-m/libc_nano.a(lib_a-sbrkr.o) (_sbrk)
/usr/lib/gcc/arm-none-eabi/4.9.3/../../../arm-none-eabi/lib/armv7-m/libm.a(lib_a-sf_lrint.o)
                              /tmp/ccCKkoq5.ltrans1.ltrans.o (lrintf)
/usr/lib/gcc/arm-none-eabi/4.9.3/../../../arm-none-eabi/lib/armv7-m/libm.a(lib_a-wf_pow.o)
                              /tmp/ccCKkoq5.ltrans23.ltrans.o (powf)
/usr/lib/gcc/arm-none-eabi/4.9.3/../../../arm-none-eabi/lib/armv7-m/libm.a(lib_a-wf_sqrt.o)
                              /tmp/ccCKkoq5.ltrans1.ltrans.o (sqrtf)
/usr/lib/gcc/arm-none-eabi/4.9.3/../../../arm-none-eabi/lib/armv7-m/libm.a(lib_a-ef_pow.o)
                              /usr/lib/gcc/arm-none-eabi/4.9.3/../../../arm-none-eabi/lib/armv7-m/libm.a(lib_a-wf_pow.o) (__ieee754_powf)
/usr/lib/gcc/arm-none-eabi/4.9.3/../../../arm-none-eabi/lib/armv7-m/libm.a(lib_a-ef_sqrt.o)
                              /usr/lib/gcc/arm-none-eabi/4.9.3/../../../arm-none-eabi/lib/armv7-m/libm.a(lib_a-wf_sqrt.o) (__ieee754_sqrtf)
/usr/lib/gcc/arm-none-eabi/4.9.3/../../../arm-none-eabi/lib/armv7-m/libm.a(lib_a-s_lib_ver.o)
                              /usr/lib/gcc/arm-none-eabi/4.9.3/../../../arm-none-eabi/lib/armv7-m/libm.a(lib_a-wf_pow.o) (__fdlib_version)
/usr/lib/gcc/arm-none-eabi/4.9.3/../../../arm-none-eabi/lib/armv7-m/libm.a(lib_a-s_matherr.o)
                              /usr/lib/gcc/arm-none-eabi/4.9.3/../../../arm-none-eabi/lib/armv7-m/libm.a(lib_a-wf_pow.o) (matherr)
/usr/lib/gcc/arm-none-eabi/4.9.3/../../../arm-none-eabi/lib/armv7-m/libm.a(lib_a-s_rint.o)
                              /usr/lib/gcc/arm-none-eabi/4.9.3/../../../arm-none-eabi/lib/armv7-m/libm.a(lib_a-wf_pow.o) (rint)
/usr/lib/gcc/arm-none-eabi/4.9.3/../../../arm-none-eabi/lib/armv7-m/libm.a(lib_a-sf_fabs.o)
                              /usr/lib/gcc/arm-none-eabi/4.9.3/../../../arm-none-eabi/lib/armv7-m/libm.a(lib_a-ef_pow.o) (fabsf)
/usr/lib/gcc/arm-none-eabi/4.9.3/../../../arm-none-eabi/lib/armv7-m/libm.a(lib_a-sf_finite.o)
                              /usr/lib/gcc/arm-none-eabi/4.9.3/../../../arm-none-eabi/lib/armv7-m/libm.a(lib_a-wf_pow.o) (finitef)
/usr/lib/gcc/arm-none-eabi/4.9.3/../../../arm-none-eabi/lib/armv7-m/libm.a(lib_a-sf_fpclassify.o)
[...]
Memory Configuration

Name             Origin             Length             Attributes
FLASH            0x08000000         0x0001f000         xr
RAM              0x20000000         0x00005000         xrw
MEMORY_B1        0x60000000         0x00000000         xr
*default*        0x00000000         0xffffffff

Linker script and memory map

LOAD obj/main/NAZE/startup_stm32f10x_md_gcc.o
LOAD obj/main/NAZE/drivers/accgyro_adxl345.o
LOAD /tmp/ccCKkoq5.ltrans0.ltrans.o
LOAD /tmp/ccCKkoq5.ltrans1.ltrans.o
LOAD /tmp/ccCKkoq5.ltrans2.ltrans.o
LOAD /tmp/ccCKkoq5.ltrans3.ltrans.o
LOAD /tmp/ccCKkoq5.ltrans4.ltrans.o
LOAD /tmp/ccCKkoq5.ltrans5.ltrans.o
LOAD /tmp/ccCKkoq5.ltrans6.ltrans.o
LOAD /tmp/ccCKkoq5.ltrans7.ltrans.o
LOAD /tmp/ccCKkoq5.ltrans8.ltrans.o
LOAD /tmp/ccCKkoq5.ltrans9.ltrans.o
LOAD /tmp/ccCKkoq5.ltrans10.ltrans.o
LOAD /tmp/ccCKkoq5.ltrans11.ltrans.o
LOAD /tmp/ccCKkoq5.ltrans12.ltrans.o
LOAD /tmp/ccCKkoq5.ltrans13.ltrans.o
LOAD /tmp/ccCKkoq5.ltrans14.ltrans.o
LOAD /tmp/ccCKkoq5.ltrans15.ltrans.o
LOAD /tmp/ccCKkoq5.ltrans16.ltrans.o
LOAD /tmp/ccCKkoq5.ltrans17.ltrans.o
LOAD /tmp/ccCKkoq5.ltrans18.ltrans.o
LOAD /tmp/ccCKkoq5.ltrans19.ltrans.o
LOAD /tmp/ccCKkoq5.ltrans20.ltrans.o
LOAD /tmp/ccCKkoq5.ltrans21.ltrans.o
LOAD /tmp/ccCKkoq5.ltrans22.ltrans.o
LOAD /tmp/ccCKkoq5.ltrans23.ltrans.o
LOAD /tmp/ccCKkoq5.ltrans24.ltrans.o
LOAD /tmp/ccCKkoq5.ltrans25.ltrans.o
LOAD /tmp/ccCKkoq5.ltrans26.ltrans.o
LOAD /tmp/ccCKkoq5.ltrans27.ltrans.o
LOAD /tmp/ccCKkoq5.ltrans28.ltrans.o
LOAD obj/main/NAZE/drivers/accgyro_bma280.o
LOAD obj/main/NAZE/drivers/accgyro_l3g4200d.o
LOAD obj/main/NAZE/drivers/accgyro_mma845x.o
LOAD obj/main/NAZE/drivers/accgyro_mpu.o
LOAD obj/main/NAZE/drivers/accgyro_mpu3050.o
LOAD obj/main/NAZE/drivers/accgyro_mpu6050.o
LOAD obj/main/NAZE/drivers/accgyro_mpu6500.o
LOAD obj/main/NAZE/drivers/accgyro_spi_mpu6500.o
LOAD obj/main/NAZE/drivers/adc.o
LOAD obj/main/NAZE/drivers/adc_stm32f10x.o
LOAD obj/main/NAZE/drivers/barometer_bmp085.o
LOAD obj/main/NAZE/drivers/barometer_ms5611.o
LOAD obj/main/NAZE/drivers/barometer_bmp280.o
LOAD obj/main/NAZE/drivers/bus_spi.o
LOAD obj/main/NAZE/drivers/bus_i2c_stm32f10x.o
LOAD obj/main/NAZE/drivers/compass_hmc5883l.o
LOAD obj/main/NAZE/drivers/compass_qmc5883l.o
LOAD obj/main/NAZE/drivers/display_ug2864hsweg01.o
LOAD obj/main/NAZE/drivers/flash_m25p16.o
LOAD obj/main/NAZE/drivers/gpio_stm32f10x.o
LOAD obj/main/NAZE/drivers/inverter.o
LOAD obj/main/NAZE/drivers/light_led_stm32f10x.o
LOAD obj/main/NAZE/drivers/light_ws2811strip.o
LOAD obj/main/NAZE/drivers/light_ws2811strip_stm32f10x.o
LOAD obj/main/NAZE/drivers/sonar_hcsr04.o
LOAD obj/main/NAZE/drivers/pwm_mapping.o
LOAD obj/main/NAZE/drivers/pwm_output.o
LOAD obj/main/NAZE/drivers/pwm_rx.o
LOAD obj/main/NAZE/drivers/serial_softserial.o
LOAD obj/main/NAZE/drivers/serial_uart.o
LOAD obj/main/NAZE/drivers/serial_uart_stm32f10x.o
LOAD obj/main/NAZE/drivers/sound_beeper_stm32f10x.o
LOAD obj/main/NAZE/drivers/system_stm32f10x.o
LOAD obj/main/NAZE/drivers/timer.o
LOAD obj/main/NAZE/drivers/timer_stm32f10x.o
LOAD obj/main/NAZE/../controller/io/flashfs.o
LOAD obj/main/NAZE/hardware_revision.o
LOAD obj/main/NAZE/../controller/flight/gtune.o
LOAD obj/main/NAZE/../controller/flight/navigation.o
LOAD obj/main/NAZE/../controller/flight/gps_conversion.o
LOAD obj/main/NAZE/../controller/common/colorconversion.o
LOAD obj/main/NAZE/../controller/io/gps.o
LOAD obj/main/NAZE/../controller/io/ledstrip.o
LOAD obj/main/NAZE/../controller/io/display.o
LOAD obj/main/NAZE/../controller/telemetry/telemetry.o
LOAD obj/main/NAZE/../controller/telemetry/frsky.o
LOAD obj/main/NAZE/../controller/telemetry/hott.o
LOAD obj/main/NAZE/../controller/telemetry/smartport.o
LOAD obj/main/NAZE/../controller/telemetry/ltm.o
LOAD obj/main/NAZE/../controller/sensors/sonar.o
LOAD obj/main/NAZE/../controller/sensors/barometer.o
LOAD obj/main/NAZE/../controller/blackbox/blackbox.o
LOAD obj/main/NAZE/../controller/blackbox/blackbox_io.o
LOAD obj/main/NAZE/build_config.o
LOAD obj/main/NAZE/debug.o
LOAD obj/main/NAZE/../controller/version.o
LOAD obj/main/NAZE/../controller/config/config.o
LOAD obj/main/NAZE/../controller/config/runtime_config.o
LOAD obj/main/NAZE/../controller/common/maths.o
LOAD obj/main/NAZE/../controller/common/printf.o
LOAD obj/main/NAZE/../controller/common/typeconversion.o
LOAD obj/main/NAZE/../controller/common/encoding.o
LOAD obj/main/NAZE/../controller/common/filter.o
LOAD obj/main/NAZE/../controller/scheduler.o
LOAD obj/main/NAZE/../controller/scheduler_tasks.o
LOAD obj/main/NAZE/main.o
LOAD obj/main/NAZE/../controller/mw.o
LOAD obj/main/NAZE/../controller/flight/altitudehold.o
LOAD obj/main/NAZE/../controller/flight/failsafe.o
LOAD obj/main/NAZE/../controller/flight/pid.o
LOAD obj/main/NAZE/../controller/flight/imu.o
LOAD obj/main/NAZE/../controller/flight/mixer.o
LOAD obj/main/NAZE/drivers/bus_i2c_soft.o
LOAD obj/main/NAZE/drivers/serial.o
LOAD obj/main/NAZE/drivers/sound_beeper.o
LOAD obj/main/NAZE/drivers/system.o
LOAD obj/main/NAZE/drivers/dma.o
LOAD obj/main/NAZE/drivers/buf_writer.o
LOAD obj/main/NAZE/drivers/gyro_sync.o
LOAD obj/main/NAZE/../controller/io/beeper.o
LOAD obj/main/NAZE/../controller/io/rc_controls.o
LOAD obj/main/NAZE/../controller/io/rc_curves.o
LOAD obj/main/NAZE/../controller/io/serial.o
LOAD obj/main/NAZE/../controller/io/serial_1wire.o
LOAD obj/main/NAZE/../controller/io/serial_cli.o
LOAD obj/main/NAZE/../controller/io/serial_msp.o
LOAD obj/main/NAZE/../controller/io/statusindicator.o
LOAD obj/main/NAZE/../controller/rx/rx.o
LOAD obj/main/NAZE/../controller/rx/pwm.o
LOAD obj/main/NAZE/../controller/rx/msp.o
LOAD obj/main/NAZE/../controller/rx/sbus.o
LOAD obj/main/NAZE/../controller/rx/sumd.o
LOAD obj/main/NAZE/../controller/rx/sumh.o
LOAD obj/main/NAZE/../controller/rx/spektrum.o
LOAD obj/main/NAZE/../controller/rx/xbus.o
LOAD obj/main/NAZE/../controller/rx/ibus.o
LOAD obj/main/NAZE/../controller/sensors/acceleration.o
LOAD obj/main/NAZE/../controller/sensors/battery.o
LOAD obj/main/NAZE/../controller/sensors/boardalignment.o
LOAD obj/main/NAZE/../controller/sensors/compass.o
LOAD obj/main/NAZE/../controller/sensors/gyro.o
LOAD obj/main/NAZE/../controller/sensors/initialisation.o
LOAD obj/main/NAZE/../controller/pif_linker.o
LOAD obj/main/NAZE/core_cm3.o
LOAD obj/main/NAZE/system_stm32f10x.o
LOAD obj/main/NAZE/stm32f10x_dma.o
LOAD obj/main/NAZE/stm32f10x_dbgmcu.o
LOAD obj/main/NAZE/stm32f10x_dac.o
LOAD obj/main/NAZE/stm32f10x_rtc.o
LOAD obj/main/NAZE/stm32f10x_pwr.o
LOAD obj/main/NAZE/stm32f10x_i2c.o
LOAD obj/main/NAZE/stm32f10x_sdio.o
LOAD obj/main/NAZE/stm32f10x_rcc.o
LOAD obj/main/NAZE/stm32f10x_flash.o
LOAD obj/main/NAZE/stm32f10x_usart.o
LOAD obj/main/NAZE/stm32f10x_tim.o
LOAD obj/main/NAZE/stm32f10x_wwdg.o
LOAD obj/main/NAZE/misc.o
LOAD obj/main/NAZE/stm32f10x_iwdg.o
LOAD obj/main/NAZE/stm32f10x_adc.o
LOAD obj/main/NAZE/stm32f10x_spi.o
LOAD obj/main/NAZE/stm32f10x_bkp.o
LOAD obj/main/NAZE/stm32f10x_exti.o
LOAD obj/main/NAZE/stm32f10x_fsmc.o
LOAD obj/main/NAZE/stm32f10x_gpio.o
LOAD obj/main/NAZE/../../pif/source/communication/pif_i2c.o
LOAD obj/main/NAZE/../../pif/source/core/pif.o
LOAD obj/main/NAZE/../../pif/source/core/pif_obj_array.o
LOAD obj/main/NAZE/../../pif/source/core/pif_task.o
LOAD obj/main/NAZE/../../pif/source/core/pif_timer.o
LOAD obj/main/NAZE/../../pif/source/rc/pif_rc.o
LOAD obj/main/NAZE/../../pif/source/rc/pif_rc_ppm.o
LOAD obj/main/NAZE/../../pif/source/sensor/pif_imu_sensor.o
LOAD obj/main/NAZE/../../pif/source/sensor/pif_bmp280.o
LOAD obj/main/NAZE/../../pif/source/sensor/pif_hc_sr04.o
LOAD obj/main/NAZE/../../pif/source/sensor/pif_mpu6500.o
LOAD obj/main/NAZE/../../pif/source/sensor/pif_qmc5883.o
LOAD obj/main/NAZE/../../pif/source/sound/pif_buzzer.o
LOAD /usr/lib/gcc/arm-none-eabi/4.9.3/../../../arm-none-eabi/lib/armv7-m/libm.a
LOAD /usr/lib/gcc/arm-none-eabi/4.9.3/../../../arm-none-eabi/lib/armv7-m/libc_nano.a
LOAD /usr/lib/gcc/arm-none-eabi/4.9.3/../../../arm-none-eabi/lib/armv7-m/libnosys.a
START GROUP
LOAD /usr/lib/gcc/arm-none-eabi/4.9.3/armv7-m/libgcc.a
LOAD /usr/lib/gcc/arm-none-eabi/4.9.3/../../../arm-none-eabi/lib/armv7-m/libg_nano.a
LOAD /usr/lib/gcc/arm-none-eabi/4.9.3/../../../arm-none-eabi/lib/armv7-m/libc_nano.a
END GROUP
START GROUP
LOAD /usr/lib/gcc/arm-none-eabi/4.9.3/armv7-m/libgcc.a
LOAD /usr/lib/gcc/arm-none-eabi/4.9.3/../../../arm-none-eabi/lib/armv7-m/libc_nano.a
END GROUP
                0x20005000                _estack = (ORIGIN (RAM) + LENGTH (RAM))
                0x00000000                _Min_Heap_Size = 0x0
                0x00000400                _Min_Stack_Size = 0x400

.isr_vector     0x08000000      0x10c
                0x08000000                . = ALIGN (0x4)
                [!provide]                PROVIDE (isr_vector_table_base, .)
 *(.isr_vector)
 .isr_vector    0x08000000      0x10c obj/main/NAZE/startup_stm32f10x_md_gcc.o
                0x08000000                g_pfnVectors
                0x0800010c                . = ALIGN (0x4)

.text           0x08000110    0x1d670
                0x08000110                . = ALIGN (0x4)
 *(.text)
 .text          0x08000110     0x2550 /tmp/ccCKkoq5.ltrans0.ltrans.o
                0x08000110                init
 .text          0x08002660     0x22d0 /tmp/ccCKkoq5.ltrans1.ltrans.o
                0x08002660                taskMainPidLoopChecker
 .text          0x08004930     0x20f0 /tmp/ccCKkoq5.ltrans2.ltrans.o
                0x08004930                taskHandleSerial
 .text          0x08006a20     0x172c /tmp/ccCKkoq5.ltrans3.ltrans.o
                0x08006a20                taskUpdateRxMain
 *fill*         0x0800814c        0x4 
 .text          0x08008150      0xa28 /tmp/ccCKkoq5.ltrans4.ltrans.o
                0x08008394                mpuIsDataReady
                0x080083d4                pifMpuGyroRead
                0x0800843c                pifMpuAccRead
                0x0800857c                mpu6500GyroInit
                0x0800875c                mpu6500AccInit
                0x08008770                i2cInit.lto_priv.226
                0x08008a30                i2cRead
                0x08008aac                mpuReadRegisterI2C.lto_priv.482
                0x08008ac0                i2cWriteBuffer
                0x08008b3c                mpuWriteRegisterI2C.lto_priv.483
                0x08008b56                I2C2_EV_IRQHandler
                0x08008b5a                I2C2_ER_IRQHandler
                0x08008b5c                I2C1_EV_IRQHandler
                0x08008b60                I2C1_ER_IRQHandler
                0x08008b62                bmp280Detect.part.0.lto_priv.530
 .text          0x08008b78      0xcc0 /tmp/ccCKkoq5.ltrans5.ltrans.o
                0x08008b78                taskTelemetry
 .text          0x08009838      0xcc8 /tmp/ccCKkoq5.ltrans6.ltrans.o
                0x0800988e                cliShowArgumentRangeError.lto_priv.258
                0x080098a8                cliAux.lto_priv.241
                0x08009994                cliShowParseError.lto_priv.259
                0x080099a0                cliColor.lto_priv.242
                0x08009a80                cliLed.lto_priv.245
                0x08009c98                cliRxRange.lto_priv.249
                0x08009d74                cliMotorMix.lto_priv.246
                0x08009f6c                cliAdjustmentRange.lto_priv.240
                0x0800a0c8                cliRxFail.lto_priv.250
                0x0800a200                cliPrompt.lto_priv.390
                0x0800a21c                waitForSerialPortToFinishTransmitting
                0x0800a232                serialRemovePort
                0x0800a264                closeSerialPort
                0x0800a28c                openSerialPort
                0x0800a32c                serialFindPortConfiguration
                0x0800a354                cliSerial.lto_priv.252
                0x0800a498                doesConfigurationUsePort
                0x0800a4ae                determinePortSharing
                0x0800a4c2                findNextSerialPortConfig
                0x0800a4f4                findSerialPortConfig
 .text          0x0800a500      0xd7c /tmp/ccCKkoq5.ltrans7.ltrans.o
                0x0800a528                ibusReadRawRC.lto_priv.471
                0x0800a534                xBusReadRawRC.lto_priv.469
                0x0800a5f4                spektrumReadRawRC.lto_priv.223
                0x0800a620                sumhReadRawRC.lto_priv.462
                0x0800a638                sumdReadRawRC.lto_priv.460
                0x0800a64c                sbusReadRawRC.lto_priv.458
                0x0800a67c                rxMspReadRawRC.lto_priv.473
                0x0800a68c                ppmReadRawRC.lto_priv.475
                0x0800a69c                pwmReadRawRC.lto_priv.474
                0x0800a6ac                nullReadRawRC.lto_priv.225
                0x0800a6b0                ibusDataReceive.lto_priv.472
                0x0800a6fc                xBusDataReceive.lto_priv.470
                0x0800a7d8                spektrumDataReceive.lto_priv.224
                0x0800a828                sumhDataReceive.lto_priv.463
                0x0800a874                sumdDataReceive.lto_priv.461
                0x0800a920                sbusDataReceive.lto_priv.459
                0x0800a978                TIM_ICInit
                0x0800aba0                FLASH_WaitForLastOperation
                0x0800abc2                RCC_GetClocksFreq
                0x0800ac54                DMA_StructInit
                0x0800ac6e                DMA_Init
                0x0800acaa                DMA_DeInit
                0x0800ad9c                SystemInit
                0x0800ade8                alignSensors
                0x0800af64                calculateBatteryCapacityRemainingPercentage
                0x0800afac                batteryAdcToVoltage
                0x0800afd8                updateBatteryVoltage.lto_priv.352
                0x0800b010                getRxfailValue.lto_priv.351
                0x0800b070                resumeRxSignal
                0x0800b098                suspendRxSignal
                0x0800b0c4                warningLedRefresh
                0x0800b10c                packFlightModeFlags.lto_priv.389
                0x0800b23c                mspReleasePortIfAllocated
 .text          0x0800b27c      0x634 /tmp/ccCKkoq5.ltrans8.ltrans.o
                0x0800b27c                taskLedStrip
 .text          0x0800b8b0      0xc1c /tmp/ccCKkoq5.ltrans9.ltrans.o
                0x0800b8b0                _evtBuzzerFinish.lto_priv.499
                0x0800b8bc                dmaNoOpHandler
                0x0800b8be                micros
                0x0800b8f4                beepInverted.lto_priv.500
                0x0800b908                beepNormal.lto_priv.501
                0x0800b91c                _evtBuzzerChange.lto_priv.498
                0x0800bc24                generateThrottleCurve
                0x0800bcb4                generatePitchRollCurve
                0x0800bce8                isRangeActive.part.3.lto_priv.349
                0x0800bd30                isModeActivationConditionPresent
                0x0800bd52                calculateThrottleStatus
                0x0800bd88                blackboxLogInflightAdjustmentEvent
                0x0800bdb0                beeperSilence
                0x0800bdd8                beeper
                0x0800be3c                beeperConfirmationBeeps
                0x0800be6c                bufWriterFlush
                0x0800be84                bufWriterAppend
                0x0800bea0                DMA1_Channel7_IRQHandler
                0x0800beb4                DMA1_Channel6_IRQHandler
                0x0800bec8                DMA1_Channel3_IRQHandler
                0x0800bedc                DMA1_Channel2_IRQHandler
                0x0800bef0                delayMicroseconds
                0x0800bf06                delay
                0x0800bf1a                SysTick_Handler
                0x0800c0ac                EXTI15_10_IRQHandler
                0x0800c0cc                systemBeep
                0x0800c0d8                failureMode
                0x0800c16c                serialSetMode
                0x0800c172                isSerialTransmitBufferEmpty
                0x0800c178                serialSetBaudRate
                0x0800c17e                serialRead
                0x0800c184                serialRxBytesWaiting
                0x0800c18a                serialWrite
                0x0800c190                serialWriteBufShim
                0x0800c1cc                writeMotors
                0x0800c270                stopMotors
                0x0800c2b8                mixerResetDisarmedMotors
                0x0800c2f0                loadCustomServoMixer
                0x0800c340                determineServoMiddleOrForwardFromChannel
                0x0800c374                imuComputeRotationMatrix.lto_priv.414
                0x0800c4a8                pidSetController
 .text          0x0800c4cc      0xa84 /tmp/ccCKkoq5.ltrans10.ltrans.o
                0x0800c614                blackboxWrite
                0x0800c7ac                blackboxAdvanceIterationTimers.lto_priv.409
                0x0800c7e8                blackboxLogEvent
                0x0800c898                blackboxLogIteration.lto_priv.410
                0x0800cdf4                sendFieldDefinition.lto_priv.411
 .text          0x0800cf50      0xa48 /tmp/ccCKkoq5.ltrans11.ltrans.o
                0x0800cf50                _doTask.lto_priv.229
                0x0800d014                pifMpu6500_ReadAccel
                0x0800d07e                pifMpu6500_ReadGyro
                0x0800d0e8                _processingTask.part.1.lto_priv.433
                0x0800d218                pifTask_SetTrigger
                0x0800d234                pifTask_ChangePeriod
                0x0800d25c                pifObjArray_Remove
                0x0800d29e                pifTaskManager_Remove
                0x0800d30c                pifObjArray_Add
                0x0800d338                pifTaskManager_Add
                0x0800d53c                pifObjArray_Clear
                0x0800d56c                pif_Delay1us
                0x0800d58c                _doTask.lto_priv.231
                0x0800d5c0                pifI2cDevice_WriteRegByte
                0x0800d658                pifI2cDevice_ReadRegBit8
                0x0800d684                pifI2cDevice_ReadRegByte
                0x0800d68a                pifQmc5883_ReadMag
                0x0800d6e6                _doTask.lto_priv.230
                0x0800d8e4                GPIO_Init
                0x0800d980                SPI_I2S_DeInit.part.0.lto_priv.533
 .text          0x0800d998      0xd74 /tmp/ccCKkoq5.ltrans12.ltrans.o
                0x0800d9b0                gpsNewFrame
                0x0800df58                gpsSetState.lto_priv.314
                0x0800df74                GPS_distance_cm_bearing.isra.3.lto_priv.590
                0x0800dff8                gpsNewData.part.2.lto_priv.261
 .text          0x0800e70c      0xd0c /tmp/ccCKkoq5.ltrans13.ltrans.o
                0x0800e70c                cliPlaySound.lto_priv.378
                0x0800e7ac                cliMotor.lto_priv.377
                0x0800e848                cliServo.lto_priv.379
                0x0800e98c                cliHelp.lto_priv.374
                0x0800e9d0                cliMixer.lto_priv.376
                0x0800ea74                cliMap.lto_priv.375
                0x0800eb18                cliGpsPassthrough.lto_priv.373
                0x0800ebd4                cliFeature.lto_priv.370
                0x0800eccc                cliExit.lto_priv.369
                0x0800ed4c                cliDump.lto_priv.368
                0x0800f09c                cliFlashErase.lto_priv.371
                0x0800f0c8                cliFlashInfo.lto_priv.372
                0x0800f100                cliServoMix.lto_priv.380
 .text          0x0800f418      0x718 /tmp/ccCKkoq5.ltrans14.ltrans.o
                0x0800f4a2                isSoftSerialTransmitBufferEmpty
                0x0800f4ae                softSerialSetMode
                0x0800f4b2                softSerialWriteByte
                0x0800f4d0                softSerialTxBytesFree
                0x0800f4f2                softSerialRxBytesWaiting
                0x0800f510                softSerialReadByte
                0x0800f66c                softSerialSetBaudRate
                0x0800f67c                onSerialRxPinChange
                0x0800f71a                usartIrqCallback
                0x0800f77e                uartStartTxDMA
                0x0800f7e0                uartOpen
 .text          0x0800fb30      0xc0c /tmp/ccCKkoq5.ltrans15.ltrans.o
                0x0800fb36                activateControlRateConfig
                0x0800fb7c                isEEPROMContentValid.lto_priv.535
                0x0800fbc0                readEEPROM
                0x0800ff44                resetConf.lto_priv.237
                0x080103f8                blackboxDeviceReserveBufferSpace
                0x08010458                isBlackboxDeviceFull
                0x08010484                blackboxDeviceFlushForce
                0x080104a8                blackboxWriteTag2_3S32
                0x080105c8                blackboxWriteUnsignedVB
                0x080105e8                blackboxWriteSignedVB
                0x080105f0                blackboxPrint
                0x080106c8                blackboxPrintfHeaderLine
                0x08010718                blackboxPrintf
 .text          0x0801073c      0x988 /tmp/ccCKkoq5.ltrans16.ltrans.o
                0x08010800                wrap_18000.lto_priv.413
                0x08010824                GPS_set_next_wp
                0x080108b0                gpsUsePIDs
                0x08010950                GPS_reset_home_position
                0x080109a4                calculate_Gtune
                0x08010b60                flashfsAdvanceTailInBuffer.lto_priv.549
                0x08010b90                flashfsGetDirtyDataBuffers.lto_priv.547
                0x08010bc8                flashfsGetOffset
                0x08010be8                flashfsWriteBuffers.lto_priv.548
                0x08010d3c                flashfsFlushSync
                0x08010d74                flashfsFlushAsync
                0x08010db8                flashfsTransmitBufferUsed.lto_priv.412
                0x08010dd8                flashfsEraseCompletely
                0x08010e28                TIM4_IRQHandler
                0x08010e38                TIM3_IRQHandler
                0x08010e48                TIM2_IRQHandler
                0x08010e54                TIM1_UP_IRQHandler
                0x08010e64                TIM1_CC_IRQHandler
                0x08010e74                configTimeBase
                0x08010f1c                timerConfigure
                0x08010f70                lookupTimerIndex.lto_priv.288
                0x08010fac                timerChConfigCallbacks
                0x08011064                USART3_IRQHandler
                0x08011070                USART2_IRQHandler
                0x0801107c                USART1_IRQHandler
                0x08011088                DMA1_Channel4_IRQHandler
 .text          0x080110c4      0x41c /tmp/ccCKkoq5.ltrans17.ltrans.o
                0x080110c4                mwArm
                0x0801145c                mwDisarm
                0x080114c4                HardFault_Handler
 .text          0x080114e0      0x87c /tmp/ccCKkoq5.ltrans18.ltrans.o
                0x080114e0                _doTask.lto_priv.502
                0x0801157c                NVIC_Init.part.0.constprop.220
                0x080115b8                EXTI_Init.part.0.constprop.215
                0x0801160c                _alignSensors.constprop.210
                0x08011744                pifI2cPort_AddDevice.constprop.202
                0x08011764                pifI2cDevice_Read.constprop.201
                0x08011804                spiTransferByte.constprop.164
                0x08011824                spiTransfer.constprop.163
                0x08011864                pifObjArray_Init.part.0.constprop.160
                0x080118bc                initI2cDevice.constprop.156
                0x0801191c                GPS_coord_to_degrees.constprop.114
                0x080119dc                grab_fields.constprop.113
                0x08011a28                drawRxChannel.constprop.109
                0x08011a74                blackboxWriteSigned16VBArray.constprop.82
                0x08011a94                blackboxWriteSignedVBArray.constprop.81
                0x08011aae                mspAllocateSerialPorts.constprop.79
                0x08011b28                resetSerialConfig.constprop.75
                0x08011b84                parseRcChannels.constprop.65
                0x08011bc0                itoa.constprop.60
                0x08011be2                spektrumInit.constprop.47
                0x08011c64                findNextSharedSerialPort.constprop.20
                0x08011cc8                setAdjustment.constprop.18
                0x08011d54                headSerialError.constprop.12
 .text          0x08011d5c      0x974 /tmp/ccCKkoq5.ltrans19.ltrans.o
                0x08011da8                drawHorizonalPercentageBar
                0x08011dfa                updateDisplay
                0x08012530                applyDirectionalModeColor
                0x08012610                reevalulateLedConfig
 .text          0x080126d0      0x750 /tmp/ccCKkoq5.ltrans20.ltrans.o
                0x080126d0                ws2811DMAHandler
                0x080126f8                actI2cWrite.lto_priv.222
                0x08012708                qmc5883lRead
                0x08012774                qmc5883lInit
                0x08012820                actI2cRead.lto_priv.221
                0x08012830                ECHO_EXTI_IRQHandler.lto_priv.601
                0x080128a0                ws2811UpdateStrip
                0x08012a5c                gpioExtiLineConfig
                0x08012a86                gpioInit
                0x08012aea                m25p16_init
                0x08012bd4                m25p16_isReady
                0x08012c1c                m25p16_waitForReady
                0x08012c3c                m25p16_readBytes
                0x08012c88                i2c_OLED_send_byte.lto_priv.573
                0x08012ca0                i2c_OLED_send_char
                0x08012cd4                i2c_OLED_send_string
                0x08012ce6                i2c_OLED_send_cmd.lto_priv.532
                0x08012cfe                ug2864hsweg01InitI2C.part.0.lto_priv.531
                0x08012ddc                i2c_OLED_set_line
                0x08012df4                i2c_OLED_set_xy
 .text          0x08012e20      0x800 /tmp/ccCKkoq5.ltrans21.ltrans.o
                0x08012e40                pwmOverflowCallback.lto_priv.493
                0x08012e68                ppmEdgeCallback.lto_priv.494
                0x08012f68                ppmOverflowCallback.lto_priv.495
                0x08012f6a                _evtRcPpmReceive.lto_priv.496
                0x08012f94                pwmWriteStandard.lto_priv.490
                0x08012fa4                pwmWriteBrushed.lto_priv.491
                0x08012fc8                _evtHcSr04Distance.lto_priv.453
                0x08012fd4                _actHcSr04Trigger.lto_priv.452
                0x08012fec                applyChangedBits
                0x08013016                serialICConfig.lto_priv.594
                0x0801314a                openSoftSerial
                0x080132b4                pwmICConfig
                0x080132f0                pwmEdgeCallback.lto_priv.492
                0x08013348                pwmWriteServo
                0x08013360                pwmOutConfig.lto_priv.534
                0x08013614                EXTI9_5_IRQHandler
                0x08013618                EXTI1_IRQHandler
                0x0801361c                EXTI0_IRQHandler
 .text          0x08013620      0xb5c /tmp/ccCKkoq5.ltrans22.ltrans.o
                0x0801371a                _putc.lto_priv.505
                0x08013728                setTaskEnabled
                0x08013778                applyBiQuadFilter
                0x080137de                BiQuadNewLpf
                0x080138b0                fastA2F
                0x080139dc                ftoa
                0x08013aa8                _i2a.lto_priv.227
                0x08013ad0                tfp_format
                0x08013ca6                tfp_sprintf
                0x08013cd0                applyDeadband
                0x08013cee                acosf
                0x08013d68                atan2f
                0x08013e6c                sinf
                0x08013f54                cosf
                0x08013f68                sensorsSet
                0x08013f78                disableFlightMode
                0x08013f98                enableFlightMode
                0x08013fb8                featureClear
                0x08013fc8                handleOneshotFeatureChangeOnRestart
                0x0801401c                writeEEPROM
                0x08014168                saveConfigAndNotify
 .text          0x0801417c      0x890 /tmp/ccCKkoq5.ltrans23.ltrans.o
                0x0801417c                taskUpdateDisplay
                0x08014194                taskCalculateAltitude
                0x08014618                taskUpdateCompass
                0x08014764                taskProcessGPS
 .text          0x08014a0c      0x710 /tmp/ccCKkoq5.ltrans24.ltrans.o
                0x08014a10                read8.lto_priv.384
                0x08014a24                read16.lto_priv.385
                0x08014a38                read32.lto_priv.386
                0x08014a4a                serialize8.lto_priv.383
                0x08014a68                tailSerialReply.lto_priv.381
                0x08014a88                headSerialResponse.lto_priv.228
                0x08014ad0                headSerialReply.lto_priv.382
                0x08014ad6                serialize16.lto_priv.387
                0x08014ae8                serialize32.lto_priv.388
                0x08014afa                cliWrite.lto_priv.263
                0x08014b08                cliPrintf.lto_priv.257
                0x08014b30                cliVersion.lto_priv.256
                0x08014b64                cliTasks.lto_priv.255
                0x08014bb4                cliPrintVar.lto_priv.264
                0x08014ca0                cliRateProfile.lto_priv.248
                0x08014ce4                cliProfile.lto_priv.247
                0x08014d20                cliPrint.lto_priv.260
                0x08014d3c                cliStatus.lto_priv.254
                0x08014e54                cliGet.lto_priv.244
                0x08014eac                cliSet.lto_priv.253
                0x080150b0                cliReboot.lto_priv.262
                0x080150e8                cliDefaults.lto_priv.243
                0x08015104                cliSave.lto_priv.251
 .text          0x0801511c      0x61c /tmp/ccCKkoq5.ltrans25.ltrans.o
                0x0801511c                evtBaroRead.lto_priv.506
                0x080152dc                sonarRead
                0x0801536c                ltm_finalise.lto_priv.304
                0x08015384                ltm_serialise_8.lto_priv.305
                0x080153a8                ltm_serialise_32.lto_priv.306
                0x080153ca                ltm_serialise_16.lto_priv.308
                0x080153dc                ltm_initialise_packet.lto_priv.307
                0x08015410                smartPortSendPackage.lto_priv.303
                0x08015478                workAroundForHottTelemetryOnUsart.isra.0.lto_priv.302
                0x080154a4                flushHottRxBuffer.lto_priv.301
                0x080154c0                serialize16.lto_priv.298
                0x080154d4                sendTelemetryTail.lto_priv.297
                0x080154e4                sendDataHead.lto_priv.299
                0x08015508                sendLatLong.lto_priv.300
                0x08015580                telemetryCheckState
 .text          0x08015738      0x940 /tmp/ccCKkoq5.ltrans26.ltrans.o
                0x08015738                filterIsSetCheck
                0x08015778                scaleItermToRcInput
                0x0801584c                pidMultiWii23.lto_priv.273
                0x08015bf4                pidLuxFloat.lto_priv.272
                0x08016020                pidResetErrorAngle
                0x08016038                failsafeActivate.lto_priv.350
 .text          0x08016078      0x27c /tmp/ccCKkoq5.ltrans27.ltrans.o
                0x08016078                taskUpdateBeeper
                0x080160ec                taskUpdateBattery
 .text          0x080162f4      0x200 /tmp/ccCKkoq5.ltrans28.ltrans.o
                0x080162f4                taskUpdateAccelerometer
 .text          0x080164f4      0x370 /usr/lib/gcc/arm-none-eabi/4.9.3/armv7-m/libgcc.a(_arm_addsubdf3.o)
                0x080164f4                __aeabi_drsub
                0x080164fc                __aeabi_dsub
                0x080164fc                __subdf3
                0x08016500                __adddf3
                0x08016500                __aeabi_dadd
                0x08016778                __aeabi_ui2d
                0x08016778                __floatunsidf
                0x08016798                __floatsidf
                0x08016798                __aeabi_i2d
                0x080167bc                __extendsfdf2
                0x080167bc                __aeabi_f2d
                0x080167f8                __aeabi_ul2d
                0x080167f8                __floatundidf
                0x08016808                __floatdidf
                0x08016808                __aeabi_l2d
 .text          0x08016864      0x424 /usr/lib/gcc/arm-none-eabi/4.9.3/armv7-m/libgcc.a(_arm_muldivdf3.o)
                0x08016864                __aeabi_dmul
                0x08016864                __muldf3
                0x08016ab8                __aeabi_ddiv
                0x08016ab8                __divdf3
 .text          0x08016c88      0x110 /usr/lib/gcc/arm-none-eabi/4.9.3/armv7-m/libgcc.a(_arm_cmpdf2.o)
                0x08016c88                __gtdf2
                0x08016c88                __gedf2
                0x08016c90                __ltdf2
                0x08016c90                __ledf2
                0x08016c98                __cmpdf2
                0x08016c98                __eqdf2
                0x08016c98                __nedf2
                0x08016d14                __aeabi_cdrcmple
                0x08016d24                __aeabi_cdcmple
                0x08016d24                __aeabi_cdcmpeq
                0x08016d34                __aeabi_dcmpeq
                0x08016d48                __aeabi_dcmplt
                0x08016d5c                __aeabi_dcmple
                0x08016d70                __aeabi_dcmpge
                0x08016d84                __aeabi_dcmpgt
 .text          0x08016d98       0xa0 /usr/lib/gcc/arm-none-eabi/4.9.3/armv7-m/libgcc.a(_arm_truncdfsf2.o)
                0x08016d98                __aeabi_d2f
                0x08016d98                __truncdfsf2
 .text          0x08016e38      0x21c /usr/lib/gcc/arm-none-eabi/4.9.3/armv7-m/libgcc.a(_arm_addsubsf3.o)
                0x08016e38                __aeabi_frsub
                0x08016e40                __subsf3
                0x08016e40                __aeabi_fsub
                0x08016e44                __aeabi_fadd
                0x08016e44                __addsf3
                0x08016fa4                __aeabi_ui2f
                0x08016fa4                __floatunsisf
                0x08016fac                __aeabi_i2f
                0x08016fac                __floatsisf
                0x08016fc8                __floatundisf
                0x08016fc8                __aeabi_ul2f
                0x08016fd8                __floatdisf
                0x08016fd8                __aeabi_l2f
 .text          0x08017054      0x2a0 /usr/lib/gcc/arm-none-eabi/4.9.3/armv7-m/libgcc.a(_arm_muldivsf3.o)
                0x08017054                __mulsf3
                0x08017054                __aeabi_fmul
                0x080171bc                __divsf3
                0x080171bc                __aeabi_fdiv
 .text          0x080172f4       0xec /usr/lib/gcc/arm-none-eabi/4.9.3/armv7-m/libgcc.a(_arm_cmpsf2.o)
                0x080172f4                __gtsf2
                0x080172f4                __gesf2
                0x080172fc                __lesf2
                0x080172fc                __ltsf2
                0x08017304                __nesf2
                0x08017304                __eqsf2
                0x08017304                __cmpsf2
                0x08017364                __aeabi_cfrcmple
                0x0801736c                __aeabi_cfcmple
                0x0801736c                __aeabi_cfcmpeq
                0x0801737c                __aeabi_fcmpeq
                0x08017390                __aeabi_fcmplt
                0x080173a4                __aeabi_fcmple
                0x080173b8                __aeabi_fcmpge
                0x080173cc                __aeabi_fcmpgt
 .text          0x080173e0       0x4c /usr/lib/gcc/arm-none-eabi/4.9.3/armv7-m/libgcc.a(_arm_fixsfsi.o)
                0x080173e0                __fixsfsi
                0x080173e0                __aeabi_f2iz
 .text          0x0801742c       0x40 /usr/lib/gcc/arm-none-eabi/4.9.3/armv7-m/libgcc.a(_arm_fixunssfsi.o)
                0x0801742c                __aeabi_f2uiz
                0x0801742c                __fixunssfsi
 .text          0x0801746c       0x38 /usr/lib/gcc/arm-none-eabi/4.9.3/armv7-m/libgcc.a(_aeabi_ldivmod.o)
                0x0801746c                __aeabi_ldivmod
 .text          0x080174a4       0x60 /usr/lib/gcc/arm-none-eabi/4.9.3/armv7-m/libgcc.a(bpabi.o)
                0x080174a4                __gnu_ldivmod_helper
                0x080174d4                __gnu_uldivmod_helper
 .text          0x08017504        0x4 /usr/lib/gcc/arm-none-eabi/4.9.3/armv7-m/libgcc.a(_dvmd_tls.o)
                0x08017504                __aeabi_ldiv0
                0x08017504                __aeabi_idiv0
 .text          0x08017508      0x2ac /usr/lib/gcc/arm-none-eabi/4.9.3/armv7-m/libgcc.a(_divdi3.o)
                0x08017508                __divdi3
 .text          0x080177b4      0x270 /usr/lib/gcc/arm-none-eabi/4.9.3/armv7-m/libgcc.a(_udivdi3.o)
                0x080177b4                __udivdi3
 *(.text*)
 .text.Reset_Handler
                0x08017a24       0x9c obj/main/NAZE/startup_stm32f10x_md_gcc.o
                0x08017a24                Reset_Handler
 .text.Default_Handler
                0x08017ac0        0x2 obj/main/NAZE/startup_stm32f10x_md_gcc.o
                0x08017ac0                EXTI2_IRQHandler
                0x08017ac0                DebugMon_Handler
                0x08017ac0                PVD_IRQHandler
                0x08017ac0                PendSV_Handler
                0x08017ac0                NMI_Handler
                0x08017ac0                EXTI3_IRQHandler
                0x08017ac0                UsageFault_Handler
                0x08017ac0                ADC1_2_IRQHandler
                0x08017ac0                SPI1_IRQHandler
                0x08017ac0                TAMPER_IRQHandler
                0x08017ac0                RTC_IRQHandler
                0x08017ac0                CAN1_RX1_IRQHandler
                0x08017ac0                RCC_IRQHandler
                0x08017ac0                TIM1_TRG_COM_IRQHandler
                0x08017ac0                DMA1_Channel1_IRQHandler
                0x08017ac0                Default_Handler
                0x08017ac0                SPI2_IRQHandler
                0x08017ac0                MemManage_Handler
                0x08017ac0                SVC_Handler
                0x08017ac0                DMA1_Channel5_IRQHandler
                0x08017ac0                EXTI4_IRQHandler
                0x08017ac0                USB_LP_CAN1_RX0_IRQHandler
                0x08017ac0                USB_HP_CAN1_TX_IRQHandler
                0x08017ac0                WWDG_IRQHandler
                0x08017ac0                TIM1_BRK_IRQHandler
                0x08017ac0                RTCAlarm_IRQHandler
                0x08017ac0                CAN1_SCE_IRQHandler
                0x08017ac0                FLASH_IRQHandler
                0x08017ac0                BusFault_Handler
                0x08017ac0                USBWakeUp_IRQHandler
 *fill*         0x08017ac2        0x2 
 .text.startup  0x08017ac4      0x320 /tmp/ccCKkoq5.ltrans17.ltrans.o
                0x08017ac4                main
 .text.unlikely
                0x08017de4       0x28 /tmp/ccCKkoq5.ltrans18.ltrans.o
                0x08017de4                rescheduleTask.part.0.constprop.59
 .text.atoi     0x08017e0c        0x8 /usr/lib/gcc/arm-none-eabi/4.9.3/../../../arm-none-eabi/lib/armv7-m/libc_nano.a(lib_a-atoi.o)
                0x08017e0c                atoi
 .text.strtok   0x08017e14       0x64 /usr/lib/gcc/arm-none-eabi/4.9.3/../../../arm-none-eabi/lib/armv7-m/libc_nano.a(lib_a-strtok.o)
                0x08017e14                strtok
 .text.__strtok_r
                0x08017e78       0x56 /usr/lib/gcc/arm-none-eabi/4.9.3/../../../arm-none-eabi/lib/armv7-m/libc_nano.a(lib_a-strtok_r.o)
                0x08017e78                __strtok_r
 .text.strtok_r
                0x08017ece        0x6 /usr/lib/gcc/arm-none-eabi/4.9.3/../../../arm-none-eabi/lib/armv7-m/libc_nano.a(lib_a-strtok_r.o)
                0x08017ece                strtok_r
 .text._strtol_r
                0x08017ed4      0x10c /usr/lib/gcc/arm-none-eabi/4.9.3/../../../arm-none-eabi/lib/armv7-m/libc_nano.a(lib_a-strtol.o)
                0x08017ed4                _strtol_r
 .text.strtol   0x08017fe0       0x1c /usr/lib/gcc/arm-none-eabi/4.9.3/../../../arm-none-eabi/lib/armv7-m/libc_nano.a(lib_a-strtol.o)
                0x08017fe0                strtol
 .text.malloc   0x08017ffc       0x10 /usr/lib/gcc/arm-none-eabi/4.9.3/../../../arm-none-eabi/lib/armv7-m/libc_nano.a(lib_a-malloc.o)
                0x08017ffc                malloc
 .text.free     0x0801800c       0x10 /usr/lib/gcc/arm-none-eabi/4.9.3/../../../arm-none-eabi/lib/armv7-m/libc_nano.a(lib_a-malloc.o)
                0x0801800c                free
 .text._free_r  0x0801801c       0x88 /usr/lib/gcc/arm-none-eabi/4.9.3/../../../arm-none-eabi/lib/armv7-m/libc_nano.a(lib_a-nano-freer.o)
                0x0801801c                _free_r
 .text._malloc_r
                0x080180a4       0xac /usr/lib/gcc/arm-none-eabi/4.9.3/../../../arm-none-eabi/lib/armv7-m/libc_nano.a(lib_a-nano-mallocr.o)
                0x080180a4                _malloc_r
 .text._sbrk_r  0x08018150       0x20 /usr/lib/gcc/arm-none-eabi/4.9.3/../../../arm-none-eabi/lib/armv7-m/libc_nano.a(lib_a-sbrkr.o)
                0x08018150                _sbrk_r
 .text._sbrk    0x08018170       0x1c /usr/lib/gcc/arm-none-eabi/4.9.3/../../../arm-none-eabi/lib/armv7-m/libnosys.a(sbrk.o)
                0x08018170                _sbrk
 .text.lrintf   0x0801818c       0x78 /usr/lib/gcc/arm-none-eabi/4.9.3/../../../arm-none-eabi/lib/armv7-m/libm.a(lib_a-sf_lrint.o)
                0x0801818c                lrintf
 .text.powf     0x08018204      0x314 /usr/lib/gcc/arm-none-eabi/4.9.3/../../../arm-none-eabi/lib/armv7-m/libm.a(lib_a-wf_pow.o)
                0x08018204                powf
 .text.sqrtf    0x08018518       0x9c /usr/lib/gcc/arm-none-eabi/4.9.3/../../../arm-none-eabi/lib/armv7-m/libm.a(lib_a-wf_sqrt.o)
                0x08018518                sqrtf
 .text.__ieee754_powf
                0x080185b4      0x6ec /usr/lib/gcc/arm-none-eabi/4.9.3/../../../arm-none-eabi/lib/armv7-m/libm.a(lib_a-ef_pow.o)
                0x080185b4                __ieee754_powf
 .text.__ieee754_sqrtf
                0x08018ca0       0xa8 /usr/lib/gcc/arm-none-eabi/4.9.3/../../../arm-none-eabi/lib/armv7-m/libm.a(lib_a-ef_sqrt.o)
                0x08018ca0                __ieee754_sqrtf
 .text.matherr  0x08018d48        0x4 /usr/lib/gcc/arm-none-eabi/4.9.3/../../../arm-none-eabi/lib/armv7-m/libm.a(lib_a-s_matherr.o)
                0x08018d48                matherr
 .text.rint     0x08018d4c      0x11c /usr/lib/gcc/arm-none-eabi/4.9.3/../../../arm-none-eabi/lib/armv7-m/libm.a(lib_a-s_rint.o)
                0x08018d4c                rint
 .text.fabsf    0x08018e68        0x8 /usr/lib/gcc/arm-none-eabi/4.9.3/../../../arm-none-eabi/lib/armv7-m/libm.a(lib_a-sf_fabs.o)
                0x08018e68                fabsf
 .text.finitef  0x08018e70       0x10 /usr/lib/gcc/arm-none-eabi/4.9.3/../../../arm-none-eabi/lib/armv7-m/libm.a(lib_a-sf_finite.o)
                0x08018e70                finitef
 .text.__fpclassifyf
                0x08018e80       0x34 /usr/lib/gcc/arm-none-eabi/4.9.3/../../../arm-none-eabi/lib/armv7-m/libm.a(lib_a-sf_fpclassify.o)
                0x08018e80                __fpclassifyf
 .text.nanf     0x08018eb4        0x8 /usr/lib/gcc/arm-none-eabi/4.9.3/../../../arm-none-eabi/lib/armv7-m/libm.a(lib_a-sf_nan.o)
                0x08018eb4                nanf
 .text.scalbnf  0x08018ebc       0xb0 /usr/lib/gcc/arm-none-eabi/4.9.3/../../../arm-none-eabi/lib/armv7-m/libm.a(lib_a-sf_scalbn.o)
                0x08018ebc                scalbnf
 .text.copysignf
                0x08018f6c        0xc /usr/lib/gcc/arm-none-eabi/4.9.3/../../../arm-none-eabi/lib/armv7-m/libm.a(lib_a-sf_copysign.o)
                0x08018f6c                copysignf
 .text.calloc   0x08018f78       0x14 /usr/lib/gcc/arm-none-eabi/4.9.3/../../../arm-none-eabi/lib/armv7-m/libc_nano.a(lib_a-calloc.o)
                0x08018f78                calloc
 .text.__errno  0x08018f8c        0xc /usr/lib/gcc/arm-none-eabi/4.9.3/../../../arm-none-eabi/lib/armv7-m/libc_nano.a(lib_a-errno.o)
                0x08018f8c                __errno
 .text.memcmp   0x08018f98       0x20 /usr/lib/gcc/arm-none-eabi/4.9.3/../../../arm-none-eabi/lib/armv7-m/libc_nano.a(lib_a-memcmp.o)
                0x08018f98                memcmp
 .text.memcpy   0x08018fb8       0x16 /usr/lib/gcc/arm-none-eabi/4.9.3/../../../arm-none-eabi/lib/armv7-m/libc_nano.a(lib_a-memcpy.o)
                0x08018fb8                memcpy
 .text.memset   0x08018fce       0x10 /usr/lib/gcc/arm-none-eabi/4.9.3/../../../arm-none-eabi/lib/armv7-m/libc_nano.a(lib_a-memset.o)
                0x08018fce                memset
 .text._calloc_r
                0x08018fde       0x1c /usr/lib/gcc/arm-none-eabi/4.9.3/../../../arm-none-eabi/lib/armv7-m/libc_nano.a(lib_a-nano-callocr.o)
                0x08018fde                _calloc_r
 *fill*         0x08018ffa        0x2 
 .text.strcasecmp
                0x08018ffc       0x3c /usr/lib/gcc/arm-none-eabi/4.9.3/../../../arm-none-eabi/lib/armv7-m/libc_nano.a(lib_a-strcasecmp.o)
                0x08018ffc                strcasecmp
 .text.strcat   0x08019038       0x1e /usr/lib/gcc/arm-none-eabi/4.9.3/../../../arm-none-eabi/lib/armv7-m/libc_nano.a(lib_a-strcat.o)
                0x08019038                strcat
 .text.strchr   0x08019056       0x1c /usr/lib/gcc/arm-none-eabi/4.9.3/../../../arm-none-eabi/lib/armv7-m/libc_nano.a(lib_a-strchr.o)
                0x08019056                strchr
 .text.strlen   0x08019072       0x10 /usr/lib/gcc/arm-none-eabi/4.9.3/../../../arm-none-eabi/lib/armv7-m/libc_nano.a(lib_a-strlen.o)
                0x08019072                strlen
 *fill*         0x08019082        0x2 
 .text.strncasecmp
                0x08019084       0x44 /usr/lib/gcc/arm-none-eabi/4.9.3/../../../arm-none-eabi/lib/armv7-m/libc_nano.a(lib_a-strncasecmp.o)
                0x08019084                strncasecmp
 .text.strncpy  0x080190c8       0x24 /usr/lib/gcc/arm-none-eabi/4.9.3/../../../arm-none-eabi/lib/armv7-m/libc_nano.a(lib_a-strncpy.o)
                0x080190c8                strncpy
 .text.strstr   0x080190ec       0x30 /usr/lib/gcc/arm-none-eabi/4.9.3/../../../arm-none-eabi/lib/armv7-m/libc_nano.a(lib_a-strstr.o)
                0x080190ec                strstr
 *(.rodata)
 .rodata        0x0801911c      0x10c /tmp/ccCKkoq5.ltrans0.ltrans.o
                0x080191b4                hsv_white
 .rodata        0x08019228      0x2b4 /tmp/ccCKkoq5.ltrans1.ltrans.o
 .rodata        0x080194dc      0x18c /tmp/ccCKkoq5.ltrans2.ltrans.o
 .rodata        0x08019668       0x28 /tmp/ccCKkoq5.ltrans4.ltrans.o
 .rodata        0x08019690        0x8 /tmp/ccCKkoq5.ltrans5.ltrans.o
 .rodata        0x08019698      0x4f0 /tmp/ccCKkoq5.ltrans6.ltrans.o
                0x080196c8                mixerAtail4.lto_priv.522
                0x08019708                mixerDualcopter.lto_priv.521
                0x08019728                mixerHex6H.lto_priv.520
                0x08019788                mixerVtail4.lto_priv.519
                0x080197c8                mixerOctoFlatX.lto_priv.518
                0x08019848                mixerOctoFlatP.lto_priv.517
                0x080198c8                mixerOctoX8.lto_priv.516
                0x08019948                mixerHex6X.lto_priv.515
                0x080199a8                mixerY4.lto_priv.514
                0x080199e8                mixerSingleProp.lto_priv.513
                0x080199f8                mixerHex6P.lto_priv.512
                0x08019a58                mixerY6.lto_priv.511
                0x08019ab8                mixerBicopter.lto_priv.510
                0x08019ad8                mixerQuadX.lto_priv.509
                0x08019b18                mixerQuadP.lto_priv.508
                0x08019b58                mixerTricopter.lto_priv.507
 .rodata        0x08019b88       0x14 /tmp/ccCKkoq5.ltrans7.ltrans.o
 .rodata        0x08019b9c       0x38 /tmp/ccCKkoq5.ltrans8.ltrans.o
                0x08019b9c                hsv_green
                0x08019ba0                hsv_red
                0x08019ba4                hsv_yellow
                0x08019ba8                hsv_blue
                0x08019bd0                hsv_orange
 .rodata        0x08019bd4        0xc /tmp/ccCKkoq5.ltrans9.ltrans.o
 .rodata        0x08019be0       0x18 /tmp/ccCKkoq5.ltrans10.ltrans.o
 .rodata        0x08019bf8      0x54c /tmp/ccCKkoq5.ltrans13.ltrans.o
                0x08019bf8                beeperTable.lto_priv.270
                0x08019cb8                cmdTable
                0x08019e98                mixerNames.lto_priv.265
                0x08019f5c                servoMixers
                0x0801a02c                servoMixerSingle.lto_priv.529
                0x0801a064                servoMixerDual.lto_priv.528
                0x0801a072                servoMixerAirplane.lto_priv.527
                0x0801a095                servoMixerFlyingWing.lto_priv.526
                0x0801a0b8                servoMixerGimbal.lto_priv.525
                0x0801a0c6                servoMixerBI.lto_priv.524
                0x0801a0e2                servoMixerTri.lto_priv.523
                0x0801a0e9                beep_armedBeep.lto_priv.287
                0x0801a0ee                beep_disarmRepeatBeep.lto_priv.286
                0x0801a0f2                beep_readyBeep.lto_priv.285
                0x0801a101                beep_2longerBeeps.lto_priv.284
                0x0801a106                beep_2shortBeeps.lto_priv.283
                0x0801a10b                beep_shortBeep.lto_priv.282
                0x0801a10e                beep_lowBatteryBeep.lto_priv.281
                0x0801a111                beep_critBatteryBeep.lto_priv.280
                0x0801a114                beep_armedGpsFix.lto_priv.279
                0x0801a11d                beep_armingBeep.lto_priv.278
                0x0801a122                beep_disarmBeep.lto_priv.277
                0x0801a127                beep_txLostBeep.lto_priv.276
                0x0801a12a                beep_sos.lto_priv.275
                0x0801a13d                beep_gyroCalibrated.lto_priv.274
 .rodata        0x0801a144       0x28 /tmp/ccCKkoq5.ltrans14.ltrans.o
 .rodata        0x0801a16c       0xc4 /tmp/ccCKkoq5.ltrans15.ltrans.o
 .rodata        0x0801a230       0x20 /tmp/ccCKkoq5.ltrans18.ltrans.o
                0x0801a230                baudRates
 .rodata        0x0801a250       0x22 /tmp/ccCKkoq5.ltrans19.ltrans.o
 .rodata        0x0801a272      0x2a3 /tmp/ccCKkoq5.ltrans20.ltrans.o
 *fill*         0x0801a515        0x3 
 .rodata        0x0801a518       0x28 /tmp/ccCKkoq5.ltrans21.ltrans.o
 .rodata        0x0801a540      0x144 /tmp/ccCKkoq5.ltrans23.ltrans.o
                0x0801a540                gpsInitData.lto_priv.455
 .rodata        0x0801a684      0xff4 /tmp/ccCKkoq5.ltrans24.ltrans.o
                0x0801a7cc                valueTable
                0x0801b66c                shortGitRevision
                0x0801b670                buildTime
                0x0801b674                buildDate
 *(.rodata*)
 .rodata.timerHardware
                0x0801b678       0xe0 /tmp/ccCKkoq5.ltrans0.ltrans.o
                0x0801b678                timerHardware
 .rodata.str1.1
                0x0801b758       0x16 /tmp/ccCKkoq5.ltrans0.ltrans.o
 .rodata.str1.1
                0x0801b76e      0x215 /tmp/ccCKkoq5.ltrans1.ltrans.o
                                0x226 (size before relaxing)
 .rodata.str1.1
                0x0801b983      0x154 /tmp/ccCKkoq5.ltrans2.ltrans.o
                                0x174 (size before relaxing)
 *fill*         0x0801bad7        0x1 
 .rodata.frSkyDataIdTable
                0x0801bad8       0x20 /tmp/ccCKkoq5.ltrans5.ltrans.o
 .rodata.mixers
                0x0801baf8       0xd0 /tmp/ccCKkoq5.ltrans6.ltrans.o
                0x0801baf8                mixers
 .rodata.str1.1
                0x0801bbc8      0x13a /tmp/ccCKkoq5.ltrans6.ltrans.o
                                0x148 (size before relaxing)
 .rodata.hsv_black
                0x0801bd02        0x4 /tmp/ccCKkoq5.ltrans8.ltrans.o
                0x0801bd02                hsv_black
 .rodata.str1.1
                0x0801bd06       0x3e /tmp/ccCKkoq5.ltrans10.ltrans.o
                                 0x41 (size before relaxing)
 .rodata.str1.1
                0x0801bd44      0x919 /tmp/ccCKkoq5.ltrans13.ltrans.o
                                0x9c4 (size before relaxing)
 .rodata.str1.1
                0x0801c65d        0x9 /tmp/ccCKkoq5.ltrans15.ltrans.o
 .rodata.str1.1
                0x0801c666        0x6 /tmp/ccCKkoq5.ltrans17.ltrans.o
 .rodata.serialPortIdentifiers
                0x0801c66c        0x5 /tmp/ccCKkoq5.ltrans18.ltrans.o
                0x0801c66c                serialPortIdentifiers
 .rodata.rcChannelLetters
                0x0801c671       0x15 /tmp/ccCKkoq5.ltrans18.ltrans.o
                0x0801c671                rcChannelLetters
 .rodata.str1.1
                0x0801c686       0x3b /tmp/ccCKkoq5.ltrans18.ltrans.o
                                 0x58 (size before relaxing)
 .rodata.cyclePageIds
                0x0801c6c1        0x5 /tmp/ccCKkoq5.ltrans19.ltrans.o
 .rodata.str1.1
                0x0801c6c6      0x13f /tmp/ccCKkoq5.ltrans19.ltrans.o
                                0x160 (size before relaxing)
 .rodata.str1.1
                0x0801c805       0x27 /tmp/ccCKkoq5.ltrans22.ltrans.o
 .rodata.str1.1
                0x0801c82c       0xfb /tmp/ccCKkoq5.ltrans23.ltrans.o
                                 0xfc (size before relaxing)
 .rodata.str1.1
                0x0801c927      0xd11 /tmp/ccCKkoq5.ltrans24.ltrans.o
                                0xdc0 (size before relaxing)
 .rodata._ctype_
                0x0801d638      0x101 /usr/lib/gcc/arm-none-eabi/4.9.3/../../../arm-none-eabi/lib/armv7-m/libc_nano.a(lib_a-ctype_.o)
                0x0801d638                _ctype_
 .rodata.str1.1
                0x0801d739        0x0 /usr/lib/gcc/arm-none-eabi/4.9.3/../../../arm-none-eabi/lib/armv7-m/libc_nano.a(lib_a-impure.o)
                                  0x2 (size before relaxing)
 *fill*         0x0801d739        0x3 
 .rodata.TWO23  0x0801d73c        0x8 /usr/lib/gcc/arm-none-eabi/4.9.3/../../../arm-none-eabi/lib/armv7-m/libm.a(lib_a-sf_lrint.o)
 .rodata.str1.4
                0x0801d744        0x5 /usr/lib/gcc/arm-none-eabi/4.9.3/../../../arm-none-eabi/lib/armv7-m/libm.a(lib_a-wf_pow.o)
                                  0x8 (size before relaxing)
 *fill*         0x0801d749        0x3 
 .rodata.str1.4
                0x0801d74c        0x6 /usr/lib/gcc/arm-none-eabi/4.9.3/../../../arm-none-eabi/lib/armv7-m/libm.a(lib_a-wf_sqrt.o)
                                  0x8 (size before relaxing)
 *fill*         0x0801d752        0x2 
 .rodata.dp_h   0x0801d754        0x8 /usr/lib/gcc/arm-none-eabi/4.9.3/../../../arm-none-eabi/lib/armv7-m/libm.a(lib_a-ef_pow.o)
 .rodata.dp_l   0x0801d75c        0x8 /usr/lib/gcc/arm-none-eabi/4.9.3/../../../arm-none-eabi/lib/armv7-m/libm.a(lib_a-ef_pow.o)
 .rodata.bp     0x0801d764        0x8 /usr/lib/gcc/arm-none-eabi/4.9.3/../../../arm-none-eabi/lib/armv7-m/libm.a(lib_a-ef_pow.o)
 .rodata.str1.4
                0x0801d76c        0x8 /usr/lib/gcc/arm-none-eabi/4.9.3/../../../arm-none-eabi/lib/armv7-m/libm.a(lib_a-ef_pow.o)
                                  0x4 (size before relaxing)
 *fill*         0x0801d76c        0x4 
 .rodata.TWO52  0x0801d770       0x10 /usr/lib/gcc/arm-none-eabi/4.9.3/../../../arm-none-eabi/lib/armv7-m/libm.a(lib_a-s_rint.o)
 *(.glue_7)
 .glue_7        0x0801d780        0x0 linker stubs
 *(.glue_7t)
 .glue_7t       0x0801d780        0x0 linker stubs
 *(.eh_frame)
 *(.init)
 *(.fini)
                0x0801d780                . = ALIGN (0x4)
                0x0801d780                _etext = .

.vfp11_veneer   0x0801d780        0x0
 .vfp11_veneer  0x0801d780        0x0 linker stubs

.v4_bx          0x0801d780        0x0
 .v4_bx         0x0801d780        0x0 linker stubs

.iplt           0x0801d780        0x0
 .iplt          0x0801d780        0x0 obj/main/NAZE/startup_stm32f10x_md_gcc.o

.ARM.extab
 *(.ARM.extab* .gnu.linkonce.armextab.*)

.ARM            0x0801d780        0x8
                0x0801d780                __exidx_start = .
 *(.ARM.exidx*)
 .ARM.exidx     0x0801d780        0x8 /usr/lib/gcc/arm-none-eabi/4.9.3/armv7-m/libgcc.a(_divdi3.o)
 .ARM.exidx     0x0801d788        0x0 /usr/lib/gcc/arm-none-eabi/4.9.3/armv7-m/libgcc.a(_udivdi3.o)
                                  0x8 (size before relaxing)
                0x0801d788                __exidx_end = .

.rel.dyn        0x0801d788        0x0
 .rel.iplt      0x0801d788        0x0 obj/main/NAZE/startup_stm32f10x_md_gcc.o

.preinit_array  0x0801d788        0x0
                [!provide]                PROVIDE (__preinit_array_start, .)
 *(.preinit_array*)
                [!provide]                PROVIDE (__preinit_array_end, .)

.init_array     0x0801d788        0x0
                [!provide]                PROVIDE (__init_array_start, .)
 *(SORT(.init_array.*))
 *(.init_array*)
                [!provide]                PROVIDE (__init_array_end, .)

.fini_array     0x0801d788        0x0
                [!provide]                PROVIDE (__fini_array_start, .)
 *(.fini_array*)
 *(SORT(.fini_array.*))
                [!provide]                PROVIDE (__fini_array_end, .)
                0x0801d788                _sidata = .

.data           0x20000000      0x1d0 load address 0x0801d788
                0x20000000                . = ALIGN (0x4)
                0x20000000                _sdata = .
 *(.data)
 .data          0x20000000        0x3 /tmp/ccCKkoq5.ltrans3.ltrans.o
                0x20000002                isUsingSticksToArm.lto_priv.357
 *fill*         0x20000003        0x1 
 .data          0x20000004        0x3 /tmp/ccCKkoq5.ltrans5.ltrans.o
                0x20000004                acc_1G
 *fill*         0x20000007        0x1 
 .data          0x20000008        0x5 /tmp/ccCKkoq5.ltrans7.ltrans.o
                0x20000008                hse_value
                0x2000000c                standardBoardAlignment.lto_priv.484
 .data          0x2000000d        0x3 /tmp/ccCKkoq5.ltrans8.ltrans.o
 .data          0x20000010        0x4 /tmp/ccCKkoq5.ltrans9.ltrans.o
                0x20000010                q0.lto_priv.405
 .data          0x20000014        0x4 /tmp/ccCKkoq5.ltrans12.ltrans.o
                0x20000014                GPS_scaleLonDown.lto_priv.583
 .data          0x20000018       0x14 /tmp/ccCKkoq5.ltrans13.ltrans.o
                0x2000001c                geometry.lto_priv.362
 .data          0x2000002c        0x8 /tmp/ccCKkoq5.ltrans18.ltrans.o
                0x2000002c                pif_id
                0x20000030                rcReadRawFunc.lto_priv.326
 .data          0x20000034        0x4 /tmp/ccCKkoq5.ltrans25.ltrans.o
                0x20000034                measurement.lto_priv.599
 .data          0x20000038        0xc /tmp/ccCKkoq5.ltrans26.ltrans.o
 *(.data*)
 .data.baro     0x20000044       0x1c /tmp/ccCKkoq5.ltrans0.ltrans.o
 .data.GPS_hdop
                0x20000060        0x2 /tmp/ccCKkoq5.ltrans5.ltrans.o
                0x20000060                GPS_hdop
 *fill*         0x20000062        0x2 
 .data.pid_controller
                0x20000064        0x4 /tmp/ccCKkoq5.ltrans9.ltrans.o
                0x20000064                pid_controller
 .data.cfTasks  0x20000068       0xf0 /tmp/ccCKkoq5.ltrans18.ltrans.o
                0x20000068                cfTasks
 .data.detectedSensors
                0x20000158        0x4 /tmp/ccCKkoq5.ltrans24.ltrans.o
                0x20000158                detectedSensors
 .data.batteryCellCount
                0x2000015c        0x1 /tmp/ccCKkoq5.ltrans24.ltrans.o
                0x2000015c                batteryCellCount
 *fill*         0x2000015d        0x3 
 .data.SystemCoreClock
                0x20000160        0x4 /tmp/ccCKkoq5.ltrans24.ltrans.o
                0x20000160                SystemCoreClock
 .data.__ctype_ptr__
                0x20000164        0x4 /usr/lib/gcc/arm-none-eabi/4.9.3/../../../arm-none-eabi/lib/armv7-m/libc_nano.a(lib_a-ctype_.o)
                0x20000164                __ctype_ptr__
 .data.impure_data
                0x20000168       0x60 /usr/lib/gcc/arm-none-eabi/4.9.3/../../../arm-none-eabi/lib/armv7-m/libc_nano.a(lib_a-impure.o)
 .data._impure_ptr
                0x200001c8        0x4 /usr/lib/gcc/arm-none-eabi/4.9.3/../../../arm-none-eabi/lib/armv7-m/libc_nano.a(lib_a-impure.o)
                0x200001c8                _impure_ptr
 .data.__fdlib_version
                0x200001cc        0x1 /usr/lib/gcc/arm-none-eabi/4.9.3/../../../arm-none-eabi/lib/armv7-m/libm.a(lib_a-s_lib_ver.o)
                0x200001cc                __fdlib_version
                0x200001d0                . = ALIGN (0x4)
 *fill*         0x200001cd        0x3 
                0x200001d0                _edata = .

.igot.plt       0x200001d0        0x0 load address 0x0801d958
 .igot.plt      0x200001d0        0x0 obj/main/NAZE/startup_stm32f10x_md_gcc.o
                0x200001d0                . = ALIGN (0x4)

.bss            0x200001d0     0x3444 load address 0x0801d958
                0x200001d0                _sbss = .
                0x200001d0                __bss_start__ = _sbss
 *(.bss)
 .bss           0x200001d0      0x594 /tmp/ccCKkoq5.ltrans0.ltrans.o
                0x200001d8                i2cOverClock.lto_priv.604
                0x200001fc                inputFilteringMode.lto_priv.595
                0x20000200                s_rc_ppm.lto_priv.596
                0x20000334                servos.lto_priv.598
                0x20000355                displayPresent.lto_priv.572
                0x20000360                mpuConfiguration
                0x2000036c                mpuIntExtiConfig.lto_priv.607
                0x20000370                bmp280InitDone.lto_priv.606
                0x20000380                bmp280.lto_priv.605
                0x200003c0                mpuDividerDrops
                0x200003cc                gpsPacketLog
                0x200003e4                sonarHardware.lto_priv.600
                0x200003e8                s_hcsr04.lto_priv.602
                0x20000410                ledStripDMABuffer
                0x2000073c                telemetryConfig.lto_priv.440
                0x20000740                portConfig.lto_priv.443
                0x20000744                frskyPortSharing.lto_priv.570
                0x20000745                hottPortSharing.lto_priv.568
                0x20000748                telemetryConfig.lto_priv.441
                0x2000074c                portConfig.lto_priv.445
                0x20000750                smartPortPortSharing.lto_priv.565
                0x20000758                portConfig.lto_priv.446
                0x2000075c                ltmPortSharing.lto_priv.563
                0x20000760                tailAddress.lto_priv.546
 .bss           0x20000764      0x3b7 /tmp/ccCKkoq5.ltrans1.ltrans.o
                0x2000077c                gyroAlign
                0x20000780                gyroLpfCutFreq.lto_priv.545
                0x200007f4                gyroConfig.lto_priv.544
                0x20000850                imuRuntimeConfig.lto_priv.477
                0x20000878                gyroScale.lto_priv.478
                0x20000888                magneticDeclination
                0x2000088c                smallAngleCosZ
                0x20000898                fc_acc
                0x2000089c                accDeadband.lto_priv.540
                0x200008a0                lookupYawRC
                0x200008b4                rxRefreshRate.lto_priv.457
                0x200008cc                rcControlsConfig.lto_priv.539
                0x200008d4                escAndServoConfig.lto_priv.394
                0x200008d8                throttleAngleScale
                0x200008dc                mixerConfig.lto_priv.480
                0x200008e0                currentMixer.lto_priv.487
                0x200009a4                rxConfig.lto_priv.542
                0x200009a8                currentMixerMode.lto_priv.486
                0x200009cc                gimbalConfig.lto_priv.541
                0x200009d0                servoFilterState.lto_priv.481
                0x20000af0                motorControlEnable
                0x20000af4                blackboxPort.lto_priv.427
                0x20000af8                blackboxHeaderBudget
                0x20000afc                blackboxMaxHeaderBytesPerIteration.lto_priv.425
                0x20000b00                xmitState.lto_priv.423
                0x20000b08                blackboxConditionCache.lto_priv.420
                0x20000b0c                vbatReference.lto_priv.416
                0x20000b0e                blackboxSlowFrameIterationTimer.lto_priv.424
                0x20000b10                blackboxPFrameIndex.lto_priv.419
                0x20000b14                blackboxIteration.lto_priv.418
                0x20000b18                blackboxModeActivationConditionPresent.lto_priv.417
                0x20000b19                blackboxPortSharing.lto_priv.426
                0x20000b1a                blackboxLoggedAnyFrames.lto_priv.422
 *fill*         0x20000b1b        0x1 
 .bss           0x20000b1c      0x164 /tmp/ccCKkoq5.ltrans2.ltrans.o
                0x20000b1c                printfSerialPort.lto_priv.536
                0x20000b3c                servo
                0x20000b4c                GPS_ground_course
                0x20000b4e                GPS_update
                0x20000b4f                GPS_numCh
                0x20000b50                GPS_svinfo_chn
                0x20000b60                GPS_svinfo_svid
                0x20000b70                GPS_svinfo_quality
                0x20000b80                GPS_svinfo_cno
                0x20000b90                debug
                0x20000b98                blackboxState.lto_priv.392
                0x20000bfc                pwmIOConfiguration.lto_priv.488
 .bss           0x20000c80      0x1cc /tmp/ccCKkoq5.ltrans3.ltrans.o
                0x20000c86                rxMspFrameDone.lto_priv.359
                0x20000c87                ppmComplete.lto_priv.597
                0x20000cb1                rcSampleIndex.lto_priv.456
                0x20000cfc                rcInvalidPulsPeriod
                0x20000d45                rxFlightChannelsValid.lto_priv.557
                0x20000d60                rxConfig.lto_priv.321
                0x20000d64                deadband3dThrottle.lto_priv.476
                0x20000d68                disarmAt.lto_priv.415
                0x20000d6f                AccInflightCalibrationMeasurementDone
                0x20000d70                AccInflightCalibrationSavetoEEProm
                0x20000d72                calibratingA
                0x20000d74                InflightcalibratingA
                0x20000d76                AccInflightCalibrationActive
                0x20000d78                adjustmentStates
                0x20000dac                escAndServoConfig.lto_priv.356
                0x20000db0                magHold
                0x20000db2                headFreeModeHold
                0x20000db4                nav_mode
                0x20000db8                gpsProfile.lto_priv.398
                0x20000dbc                GPS_hold
                0x20000dc6                nav_rated.lto_priv.400
                0x20000dca                nav.lto_priv.399
                0x20000df8                poshold_ratePID.lto_priv.574
                0x20000e20                navPID.lto_priv.575
                0x20000e48                isRXDataNew.lto_priv.402
                0x20000e49                haveProcessedAnnexCodeOnce.lto_priv.391
                0x20000e4a                initialThrottleHold.lto_priv.401
 .bss           0x20000e4c       0x2e /tmp/ccCKkoq5.ltrans4.ltrans.o
 *fill*         0x20000e7a        0x2 
 .bss           0x20000e7c       0xf0 /tmp/ccCKkoq5.ltrans5.ltrans.o
                0x20000e7c                frskyTelemetryEnabled.lto_priv.571
                0x20000e86                accSmooth
                0x20000e8c                vario
                0x20000e90                BaroAlt
                0x20000e94                baroTemperature
                0x20000e9c                telemetryConfig.lto_priv.294
                0x20000ea0                amperage
                0x20000ea4                GPS_speed
                0x20000ea6                GPS_altitude
                0x20000ea8                GPS_numSat
                0x20000eac                GPS_coord
                0x20000eb4                hottTelemetryEnabled.lto_priv.569
                0x20000ebc                hottEAMMessage.lto_priv.447
                0x20000eec                telemetryConfig.lto_priv.295
                0x20000ef0                hottGPSMessage.lto_priv.448
                0x20000f1c                GPS_distanceToHome
                0x20000f1e                GPS_directionToHome
                0x20000f28                hottPort.lto_priv.562
                0x20000f38                portConfig.lto_priv.444
                0x20000f3e                smartPortTelemetryEnabled.lto_priv.566
                0x20000f40                smartPortSerialPort.lto_priv.561
                0x20000f44                smartPortState
                0x20000f48                smartPortLastRequestTime.lto_priv.567
                0x20000f4e                ltmEnabled.lto_priv.564
                0x20000f50                ltmPort.lto_priv.560
                0x20000f5c                EstAlt.lto_priv.311
                0x20000f60                rssi
                0x20000f64                GPS_home
 .bss           0x20000f6c        0xa /tmp/ccCKkoq5.ltrans6.ltrans.o
                0x20000f6c                colors
                0x20000f70                ledConfigs
                0x20000f74                serialPortCount.lto_priv.363
 *fill*         0x20000f76        0x2 
 .bss           0x20000f78      0x2f1 /tmp/ccCKkoq5.ltrans7.ltrans.o
                0x20000f78                ibusChannelData.lto_priv.330
                0x20000fd9                xBusChannelCount.lto_priv.467
                0x20000fda                xBusFrameReceived.lto_priv.331
                0x20000fdc                spekChannelData.lto_priv.348
                0x2000100c                sumhChannels.lto_priv.334
                0x2000102c                sumdChannels.lto_priv.339
                0x2000104c                sbusChannelData.lto_priv.342
                0x20001094                mspFrame.lto_priv.358
                0x200010b8                captures.lto_priv.327
                0x200010d5                ibus.lto_priv.329
                0x200010f5                ibusFrameDone.lto_priv.328
                0x20001100                xBusFramePosition.lto_priv.465
                0x20001101                xBusDataIncoming.lto_priv.464
                0x20001102                xBusFrameLength.lto_priv.466
                0x20001103                xBusProvider.lto_priv.468
                0x20001109                spekFrame.lto_priv.344
                0x20001119                rcFrameComplete.lto_priv.343
                0x20001125                sumhFrame.lto_priv.333
                0x2000113a                sumhFrameDone.lto_priv.332
                0x20001141                sumdFrameDone.lto_priv.335
                0x20001142                crc.lto_priv.336
                0x20001144                sumdChannelCount.lto_priv.337
                0x20001145                sumd.lto_priv.338
                0x20001171                sbusFrame.lto_priv.341
                0x2000118a                sbusFrameDone.lto_priv.340
                0x20001198                boardRotation.lto_priv.485
                0x200011bc                batteryConfig
                0x200011c0                mAhDrawn
                0x200011c4                adcConfig
                0x200011d4                adcValues
                0x200011dc                vbatLatestADC
                0x200011e0                vbatFilterState.lto_priv.439
                0x20001204                vbat
                0x20001208                rxConfig.lto_priv.322
                0x2000120c                suspendRxSignalUntil.lto_priv.325
                0x20001210                skipRxSamples.lto_priv.324
                0x20001214                sysTickUptime.lto_priv.236
                0x20001218                failsafeState.lto_priv.292
                0x2000123c                warningLedState.lto_priv.268
                0x20001240                warningLedTimer.lto_priv.403
                0x20001244                flightModeFlags
                0x20001248                rcModeActivationMask
                0x2000124c                activeBoxIdCount.lto_priv.360
                0x2000124d                activeBoxIds.lto_priv.361
 *fill*         0x20001269        0x3 
 .bss           0x2000126c       0xa0 /tmp/ccCKkoq5.ltrans8.ltrans.o
                0x2000126c                ledStripInitialised.lto_priv.449
                0x2000126e                ledColorBuffer.lto_priv.450
                0x200012fc                ledCount
                0x20001300                rxSignalReceived.lto_priv.316
                0x20001308                highestYValueForNorth
                0x20001309                lowestXValueForEast
                0x2000130a                lowestYValueForSouth
                0x2000130b                highestXValueForWest
 .bss           0x2000130c      0x324 /tmp/ccCKkoq5.ltrans9.ltrans.o
                0x20001310                usTicks.lto_priv.504
                0x20001314                g_buzzer
                0x20001334                armingBeepTimeMicros.lto_priv.421
                0x20001338                rcCommand
                0x20001340                attitude
                0x20001348                gyroADC
                0x20001354                PIDweight
                0x20001358                errorGyroI.lto_priv.289
                0x20001364                targetLooptime
                0x20001368                stateFlags
                0x20001369                motorLimitReached
                0x2000136c                errorGyroILimit.lto_priv.290
                0x2000139c                axisPID
                0x200013a4                axisPID_P
                0x200013b0                axisPID_I
                0x200013bc                axisPID_D
                0x200013c8                deltaFilterState.lto_priv.291
                0x20001434                lookupThrottleRC
                0x2000144c                lookupPitchRollRC
                0x2000145c                dmaHandlers.lto_priv.451
                0x20001474                pif_datetime
                0x2000147c                extiHandlerConfigs.lto_priv.503
                0x20001494                motor
                0x200014ac                motors.lto_priv.489
                0x200014dc                motorCount
                0x200014e0                timerConfig
                0x20001580                flight3DConfig.lto_priv.393
                0x20001584                escAndServoConfig.lto_priv.395
                0x20001588                servoRuleCount.lto_priv.397
                0x20001589                currentServoMixer.lto_priv.396
                0x200015fc                customServoMixers.lto_priv.497
                0x20001600                q1.lto_priv.406
                0x20001604                q2.lto_priv.407
                0x20001608                q3.lto_priv.408
                0x2000160c                rMat.lto_priv.312
 .bss           0x20001630        0x7 /tmp/ccCKkoq5.ltrans10.ltrans.o
 *fill*         0x20001637        0x1 
 .bss           0x20001638       0xcc /tmp/ccCKkoq5.ltrans11.ltrans.o
                0x20001638                pif_act_timer1us
                0x2000163c                s_table.lto_priv.432
                0x200016c0                s_task_stack_ptr.lto_priv.430
                0x200016d8                s_it_current.lto_priv.428
                0x200016dc                s_table_number.lto_priv.431
                0x200016e0                s_tasks.lto_priv.235
                0x200016fc                s_task_cutin.lto_priv.429
 .bss           0x20001704      0x242 /tmp/ccCKkoq5.ltrans12.ltrans.o
                0x200018e8                GPS_WP.lto_priv.577
                0x200018f0                wp_distance.lto_priv.578
                0x200018f4                target_bearing.lto_priv.579
                0x200018f8                error.lto_priv.584
                0x20001900                posholdPID_PARAM.lto_priv.585
                0x20001910                poshold_ratePID_PARAM.lto_priv.586
                0x20001924                waypoint_speed_gov.lto_priv.582
                0x20001928                original_target_bearing.lto_priv.581
                0x20001930                nav_bearing.lto_priv.580
                0x20001934                navPID_PARAM.lto_priv.587
                0x20001944                nav_takeoff_bearing.lto_priv.588
 *fill*         0x20001946        0x2 
 .bss           0x20001948       0x82 /tmp/ccCKkoq5.ltrans13.ltrans.o
                0x20001948                motor_disarmed
                0x20001960                currentProfile
                0x20001964                gpsPort.lto_priv.313
                0x20001968                pageState.lto_priv.319
                0x2000197c                cliBuffer.lto_priv.367
                0x200019ac                bufferIndex.lto_priv.366
                0x200019b0                servoConf.lto_priv.271
                0x200019b4                beep_multiBeeps.lto_priv.269
 .bss           0x200019ca      0x600 /tmp/ccCKkoq5.ltrans14.ltrans.o
 *fill*         0x20001fca        0x2 
 .bss           0x20001fcc       0x9a /tmp/ccCKkoq5.ltrans15.ltrans.o
                0x20001fe4                bufferHead.lto_priv.550
                0x20001fe5                bufferTail.lto_priv.589
                0x20001fe6                flashWriteBuffer.lto_priv.551
 *fill*         0x20002066        0x2 
 .bss           0x20002068      0x120 /tmp/ccCKkoq5.ltrans16.ltrans.o
                0x2000208a                couldBeBusy.lto_priv.603
                0x2000208c                uartPort3.lto_priv.591
                0x200020e0                uartPort2.lto_priv.592
                0x20002134                uartPort1.lto_priv.593
 .bss           0x20002188      0x1ac /tmp/ccCKkoq5.ltrans17.ltrans.o
                0x20002188                gpsHistory.lto_priv.552
                0x2000219c                blackboxHistory.lto_priv.554
                0x200021a8                blackboxHistoryRing.lto_priv.555
                0x2000231c                blackboxIFrameIndex.lto_priv.553
                0x20002320                blackboxLastArmingBeep.lto_priv.556
                0x20002324                systemState.lto_priv.434
 .bss           0x20002334      0x9e4 /tmp/ccCKkoq5.ltrans18.ltrans.o
                0x20002334                g_imu_sensor
                0x200023a8                g_i2c_port
                0x200023dc                pif_cumulative_timer1ms
                0x200023e0                string.9070.lto_priv.576
                0x200023f0                rcData
                0x20002414                mspPorts.lto_priv.234
                0x200024ac                masterConfig
                0x20002cc4                rxRuntimeConfigPtr.lto_priv.346
                0x20002cc8                rxRuntimeConfig
                0x20002cc9                spek_chan_shift.lto_priv.345
                0x20002cca                spek_chan_mask.lto_priv.347
                0x20002ccb                spekHiRes.lto_priv.232
                0x20002ccc                serialConfig.lto_priv.267
                0x20002cd0                findSharedSerialPortState.lto_priv.315
                0x20002cd4                serialPortUsageList.lto_priv.266
                0x20002d10                pidProfile.lto_priv.317
                0x20002d14                activeFeaturesLatch.lto_priv.233
 .bss           0x20002d18       0x40 /tmp/ccCKkoq5.ltrans19.ltrans.o
                0x20002d3c                GPS_packetCount
                0x20002d44                GPS_svInfoReceivedCount
                0x20002d50                GPS_garbageByteCount
 .bss           0x20002d58       0x1c /tmp/ccCKkoq5.ltrans20.ltrans.o
 .bss           0x20002d74      0x564 /tmp/ccCKkoq5.ltrans21.ltrans.o
 .bss           0x200032d8       0xc8 /tmp/ccCKkoq5.ltrans23.ltrans.o
                0x200032d8                baroReady.lto_priv.559
                0x200032dc                pif_timer1us
                0x200032e4                calibratingB
                0x200032ec                baroPressureSum.lto_priv.558
                0x200032f0                barometerConfig.lto_priv.309
                0x20003300                sonarMaxTiltCos
                0x20003304                calculatedAltitude.lto_priv.364
                0x20003308                sonarCfAltCm
                0x20003310                sonarMaxAltWithTiltCm
                0x20003314                accSumCount
                0x20003318                accSum
                0x20003324                accVelScale
                0x20003328                barometerConfig.lto_priv.310
                0x20003334                AltHold
                0x20003338                pidProfile.lto_priv.537
                0x2000333c                errorVelocityI
                0x20003340                altHoldThrottleAdjustment
                0x20003344                velocityControl
                0x20003348                mag
                0x20003358                magADC
                0x20003374                magInit.lto_priv.479
                0x20003378                gpsData
                0x20003398                gpsConfig.lto_priv.454
 .bss           0x200033a0       0x64 /tmp/ccCKkoq5.ltrans24.ltrans.o
                0x200033a0                currentPort.lto_priv.353
                0x200033a4                writer.lto_priv.354
                0x200033a8                mspSerialPort.lto_priv.355
                0x200033ac                cliWriter.lto_priv.239
                0x200033b0                currentControlRateProfileIndex.lto_priv.318
                0x200033b4                currentControlRateProfile
                0x200033b8                pif_performance
                0x200033c0                batteryState.lto_priv.293
                0x200033c4                enabledSensors.lto_priv.296
                0x200033c8                acc
                0x200033d4                i2cErrorCount.lto_priv.365
                0x200033d8                g_timer_1ms
                0x20003400                cliPort.lto_priv.238
 .bss           0x20003404       0xfd /tmp/ccCKkoq5.ltrans25.ltrans.o
 *fill*         0x20003501        0x3 
 .bss           0x20003504       0x8c /tmp/ccCKkoq5.ltrans26.ltrans.o
                0x20003514                dynP8
                0x2000352c                dynD8
                0x20003530                errorGyroIf.lto_priv.320
                0x2000353c                gyro
                0x20003550                dT
                0x2000358c                failsafeConfig.lto_priv.323
 .bss           0x20003590       0x20 /tmp/ccCKkoq5.ltrans27.ltrans.o
                0x20003594                batteryWarningVoltage
                0x20003596                batteryCriticalVoltage
                0x200035a0                amperageLatestADC
 .bss           0x200035b0       0x35 /tmp/ccCKkoq5.ltrans28.ltrans.o
                0x200035b0                accADC
                0x200035bc                accelerationTrims.lto_priv.543
                0x200035e4                isAccelUpdatedAtLeastOnce.lto_priv.404
 *(SORT(.bss*))
 *fill*         0x200035e5        0x3 
 .bss.systemBeepPtr
                0x200035e8        0x4 /tmp/ccCKkoq5.ltrans9.ltrans.o
                0x200035e8                systemBeepPtr
 .bss.accTimeSum
                0x200035ec        0x4 /tmp/ccCKkoq5.ltrans23.ltrans.o
                0x200035ec                accTimeSum
 .bss.setVelocity
                0x200035f0        0x4 /tmp/ccCKkoq5.ltrans23.ltrans.o
                0x200035f0                setVelocity
 .bss.__malloc_sbrk_start
                0x200035f4        0x4 /usr/lib/gcc/arm-none-eabi/4.9.3/../../../arm-none-eabi/lib/armv7-m/libc_nano.a(lib_a-nano-mallocr.o)
                0x200035f4                __malloc_sbrk_start
 .bss.__malloc_free_list
                0x200035f8        0x4 /usr/lib/gcc/arm-none-eabi/4.9.3/../../../arm-none-eabi/lib/armv7-m/libc_nano.a(lib_a-nano-mallocr.o)
                0x200035f8                __malloc_free_list
 .bss.heap_end.4079
                0x200035fc        0x4 /usr/lib/gcc/arm-none-eabi/4.9.3/../../../arm-none-eabi/lib/armv7-m/libnosys.a(sbrk.o)
 .bss.calibratingG
                0x20003600        0x2 /tmp/ccCKkoq5.ltrans3.ltrans.o
                0x20003600                calibratingG
 .bss.GPS_angle
                0x20003602        0x4 /tmp/ccCKkoq5.ltrans9.ltrans.o
                0x20003602                GPS_angle
 .bss.cycleTime
                0x20003606        0x2 /tmp/ccCKkoq5.ltrans24.ltrans.o
                0x20003606                cycleTime
 .bss.hardwareRevision
                0x20003608        0x1 /tmp/ccCKkoq5.ltrans2.ltrans.o
                0x20003608                hardwareRevision
 .bss.armingFlags
                0x20003609        0x1 /tmp/ccCKkoq5.ltrans7.ltrans.o
                0x20003609                armingFlags
 .bss.ws2811LedDataTransferInProgress
                0x2000360a        0x1 /tmp/ccCKkoq5.ltrans8.ltrans.o
                0x2000360a                ws2811LedDataTransferInProgress
 .bss.cliMode   0x2000360b        0x1 /tmp/ccCKkoq5.ltrans13.ltrans.o
                0x2000360b                cliMode
 .bss.pif_error
                0x2000360c        0x1 /tmp/ccCKkoq5.ltrans18.ltrans.o
                0x2000360c                pif_error
 .bss.CHAR_FORMAT
                0x2000360d        0x1 /tmp/ccCKkoq5.ltrans20.ltrans.o
 .bss.magAlign  0x2000360e        0x1 /tmp/ccCKkoq5.ltrans23.ltrans.o
                0x2000360e                magAlign
 .bss.accAlign  0x2000360f        0x1 /tmp/ccCKkoq5.ltrans28.ltrans.o
                0x2000360f                accAlign
 *(COMMON)
 COMMON         0x20003610        0x4 /usr/lib/gcc/arm-none-eabi/4.9.3/../../../arm-none-eabi/lib/armv7-m/libc_nano.a(lib_a-reent.o)
                0x20003610                errno
                0x20003614                . = ALIGN (0x4)
                0x20003614                _ebss = .
                0x20003614                __bss_end__ = _ebss

._user_heap_stack
                0x20003614      0x400 load address 0x0801d958
                0x20003614                . = ALIGN (0x4)
                0x20003614                PROVIDE (end, .)
                [!provide]                PROVIDE (_end, .)
                0x20003614                . = (. + _Min_Heap_Size)
                0x20003a14                . = (. + _Min_Stack_Size)
 *fill*         0x20003614      0x400 
                0x20003a14                . = ALIGN (0x4)

.memory_b1_text
 *(.mb1text)
 *(.mb1text*)
 *(.mb1rodata)
 *(.mb1rodata*)

/DISCARD/
 libc.a(*)
 libm.a(*)
 libgcc.a(*)

.ARM.attributes
                0x00000000       0x2f
 *(.ARM.attributes)
 .ARM.attributes
                0x00000000       0x21 obj/main/NAZE/startup_stm32f10x_md_gcc.o
 .ARM.attributes
                0x00000021       0x31 /tmp/ccCKkoq5.ltrans0.ltrans.o
 .ARM.attributes
                0x00000052       0x31 /tmp/ccCKkoq5.ltrans1.ltrans.o
 .ARM.attributes
                0x00000083       0x31 /tmp/ccCKkoq5.ltrans2.ltrans.o
 .ARM.attributes
                0x000000b4       0x31 /tmp/ccCKkoq5.ltrans3.ltrans.o
 .ARM.attributes
                0x000000e5       0x31 /tmp/ccCKkoq5.ltrans4.ltrans.o
 .ARM.attributes
                0x00000116       0x31 /tmp/ccCKkoq5.ltrans5.ltrans.o
 .ARM.attributes
                0x00000147       0x31 /tmp/ccCKkoq5.ltrans6.ltrans.o
 .ARM.attributes
                0x00000178       0x31 /tmp/ccCKkoq5.ltrans7.ltrans.o
 .ARM.attributes
                0x000001a9       0x31 /tmp/ccCKkoq5.ltrans8.ltrans.o
 .ARM.attributes
                0x000001da       0x31 /tmp/ccCKkoq5.ltrans9.ltrans.o
 .ARM.attributes
                0x0000020b       0x31 /tmp/ccCKkoq5.ltrans10.ltrans.o
 .ARM.attributes
                0x0000023c       0x31 /tmp/ccCKkoq5.ltrans11.ltrans.o
 .ARM.attributes
                0x0000026d       0x31 /tmp/ccCKkoq5.ltrans12.ltrans.o
 .ARM.attributes
                0x0000029e       0x31 /tmp/ccCKkoq5.ltrans13.ltrans.o
 .ARM.attributes
                0x000002cf       0x31 /tmp/ccCKkoq5.ltrans14.ltrans.o
 .ARM.attributes
                0x00000300       0x31 /tmp/ccCKkoq5.ltrans15.ltrans.o
 .ARM.attributes
                0x00000331       0x31 /tmp/ccCKkoq5.ltrans16.ltrans.o
 .ARM.attributes
                0x00000362       0x31 /tmp/ccCKkoq5.ltrans17.ltrans.o
 .ARM.attributes
                0x00000393       0x31 /tmp/ccCKkoq5.ltrans18.ltrans.o
 .ARM.attributes
                0x000003c4       0x31 /tmp/ccCKkoq5.ltrans19.ltrans.o
 .ARM.attributes
                0x000003f5       0x31 /tmp/ccCKkoq5.ltrans20.ltrans.o
 .ARM.attributes
                0x00000426       0x31 /tmp/ccCKkoq5.ltrans21.ltrans.o
 .ARM.attributes
                0x00000457       0x31 /tmp/ccCKkoq5.ltrans22.ltrans.o
 .ARM.attributes
                0x00000488       0x31 /tmp/ccCKkoq5.ltrans23.ltrans.o
 .ARM.attributes
                0x000004b9       0x31 /tmp/ccCKkoq5.ltrans24.ltrans.o
 .ARM.attributes
                0x000004ea       0x31 /tmp/ccCKkoq5.ltrans25.ltrans.o
 .ARM.attributes
                0x0000051b       0x31 /tmp/ccCKkoq5.ltrans26.ltrans.o
 .ARM.attributes
                0x0000054c       0x31 /tmp/ccCKkoq5.ltrans27.ltrans.o
 .ARM.attributes
                0x0000057d       0x31 /tmp/ccCKkoq5.ltrans28.ltrans.o
 .ARM.attributes
                0x000005ae       0x2d /usr/lib/gcc/arm-none-eabi/4.9.3/../../../arm-none-eabi/lib/armv7-m/libc_nano.a(lib_a-atoi.o)
 .ARM.attributes
                0x000005db       0x2d /usr/lib/gcc/arm-none-eabi/4.9.3/../../../arm-none-eabi/lib/armv7-m/libc_nano.a(lib_a-ctype_.o)
 .ARM.attributes
                0x00000608       0x2d /usr/lib/gcc/arm-none-eabi/4.9.3/../../../arm-none-eabi/lib/armv7-m/libc_nano.a(lib_a-strtok.o)
 .ARM.attributes
                0x00000635       0x2d /usr/lib/gcc/arm-none-eabi/4.9.3/../../../arm-none-eabi/lib/armv7-m/libc_nano.a(lib_a-strtok_r.o)
 .ARM.attributes
                0x00000662       0x2d /usr/lib/gcc/arm-none-eabi/4.9.3/../../../arm-none-eabi/lib/armv7-m/libc_nano.a(lib_a-strtol.o)
 .ARM.attributes
                0x0000068f       0x2d /usr/lib/gcc/arm-none-eabi/4.9.3/../../../arm-none-eabi/lib/armv7-m/libc_nano.a(lib_a-impure.o)
 .ARM.attributes
                0x000006bc       0x2d /usr/lib/gcc/arm-none-eabi/4.9.3/../../../arm-none-eabi/lib/armv7-m/libc_nano.a(lib_a-malloc.o)
 .ARM.attributes
                0x000006e9       0x2d /usr/lib/gcc/arm-none-eabi/4.9.3/../../../arm-none-eabi/lib/armv7-m/libc_nano.a(lib_a-nano-freer.o)
 .ARM.attributes
                0x00000716       0x2d /usr/lib/gcc/arm-none-eabi/4.9.3/../../../arm-none-eabi/lib/armv7-m/libc_nano.a(lib_a-nano-mallocr.o)
 .ARM.attributes
                0x00000743       0x2d /usr/lib/gcc/arm-none-eabi/4.9.3/../../../arm-none-eabi/lib/armv7-m/libc_nano.a(lib_a-sbrkr.o)
 .ARM.attributes
                0x00000770       0x2d /usr/lib/gcc/arm-none-eabi/4.9.3/../../../arm-none-eabi/lib/armv7-m/libc_nano.a(lib_a-reent.o)
 .ARM.attributes