Archive member included to satisfy reference by file (symbol)

/usr/lib/gcc/arm-none-eabi/4.9.3/../../../arm-none-eabi/lib/armv7-m/libc_nano.a(lib_a-atoi.o)
                              obj/main/NAZE/../controller/io/ledstrip.o (symbol from plugin) (atoi)
/usr/lib/gcc/arm-none-eabi/4.9.3/../../../arm-none-eabi/lib/armv7-m/libc_nano.a(lib_a-ctype_.o)
                              obj/main/NAZE/../controller/flight/gps_conversion.o (symbol from plugin) (__ctype_ptr__)
/usr/lib/gcc/arm-none-eabi/4.9.3/../../../arm-none-eabi/lib/armv7-m/libc_nano.a(lib_a-strtok.o)
                              obj/main/NAZE/../controller/io/serial_cli.o (symbol from plugin) (strtok)
/usr/lib/gcc/arm-none-eabi/4.9.3/../../../arm-none-eabi/lib/armv7-m/libc_nano.a(lib_a-strtok_r.o)
                              /usr/lib/gcc/arm-none-eabi/4.9.3/../../../arm-none-eabi/lib/armv7-m/libc_nano.a(lib_a-strtok.o) (__strtok_r)
/usr/lib/gcc/arm-none-eabi/4.9.3/../../../arm-none-eabi/lib/armv7-m/libc_nano.a(lib_a-strtol.o)
                              /usr/lib/gcc/arm-none-eabi/4.9.3/../../../arm-none-eabi/lib/armv7-m/libc_nano.a(lib_a-atoi.o) (_strtol_r)
/usr/lib/gcc/arm-none-eabi/4.9.3/../../../arm-none-eabi/lib/armv7-m/libc_nano.a(lib_a-impure.o)
                              /usr/lib/gcc/arm-none-eabi/4.9.3/../../../arm-none-eabi/lib/armv7-m/libc_nano.a(lib_a-strtok.o) (_impure_ptr)
/usr/lib/gcc/arm-none-eabi/4.9.3/../../../arm-none-eabi/lib/armv7-m/libc_nano.a(lib_a-malloc.o)
                              /usr/lib/gcc/arm-none-eabi/4.9.3/../../../arm-none-eabi/lib/armv7-m/libc_nano.a(lib_a-strtok.o) (malloc)
/usr/lib/gcc/arm-none-eabi/4.9.3/../../../arm-none-eabi/lib/armv7-m/libc_nano.a(lib_a-nano-freer.o)
                              /usr/lib/gcc/arm-none-eabi/4.9.3/../../../arm-none-eabi/lib/armv7-m/libc_nano.a(lib_a-malloc.o) (_free_r)
/usr/lib/gcc/arm-none-eabi/4.9.3/../../../arm-none-eabi/lib/armv7-m/libc_nano.a(lib_a-nano-mallocr.o)
                              /usr/lib/gcc/arm-none-eabi/4.9.3/../../../arm-none-eabi/lib/armv7-m/libc_nano.a(lib_a-malloc.o) (_malloc_r)
/usr/lib/gcc/arm-none-eabi/4.9.3/../../../arm-none-eabi/lib/armv7-m/libc_nano.a(lib_a-sbrkr.o)
                              /usr/lib/gcc/arm-none-eabi/4.9.3/../../../arm-none-eabi/lib/armv7-m/libc_nano.a(lib_a-nano-mallocr.o) (_sbrk_r)
/usr/lib/gcc/arm-none-eabi/4.9.3/../../../arm-none-eabi/lib/armv7-m/libc_nano.a(lib_a-reent.o)
                              /usr/lib/gcc/arm-none-eabi/4.9.3/../../../arm-none-eabi/lib/armv7-m/libc_nano.a(lib_a-sbrkr.o) (errno)
/usr/lib/gcc/arm-none-eabi/4.9.3/../../../arm-none-eabi/lib/armv7-m/libnosys.a(sbrk.o)
                              /usr/lib/gcc/arm-none-eabi/4.9.3/../../../arm-none-eabi/lib/armv7-m/libc_nano.a(lib_a-sbrkr.o) (_sbrk)
/usr/lib/gcc/arm-none-eabi/4.9.3/../../../arm-none-eabi/lib/armv7-m/libm.a(lib_a-sf_lrint.o)
                              /tmp/ccYz1CwH.ltrans1.ltrans.o (lrintf)
/usr/lib/gcc/arm-none-eabi/4.9.3/../../../arm-none-eabi/lib/armv7-m/libm.a(lib_a-wf_pow.o)
                              /tmp/ccYz1CwH.ltrans18.ltrans.o (powf)
/usr/lib/gcc/arm-none-eabi/4.9.3/../../../arm-none-eabi/lib/armv7-m/libm.a(lib_a-wf_sqrt.o)
                              /tmp/ccYz1CwH.ltrans1.ltrans.o (sqrtf)
/usr/lib/gcc/arm-none-eabi/4.9.3/../../../arm-none-eabi/lib/armv7-m/libm.a(lib_a-ef_pow.o)
                              /usr/lib/gcc/arm-none-eabi/4.9.3/../../../arm-none-eabi/lib/armv7-m/libm.a(lib_a-wf_pow.o) (__ieee754_powf)
/usr/lib/gcc/arm-none-eabi/4.9.3/../../../arm-none-eabi/lib/armv7-m/libm.a(lib_a-ef_sqrt.o)
                              /usr/lib/gcc/arm-none-eabi/4.9.3/../../../arm-none-eabi/lib/armv7-m/libm.a(lib_a-wf_sqrt.o) (__ieee754_sqrtf)
/usr/lib/gcc/arm-none-eabi/4.9.3/../../../arm-none-eabi/lib/armv7-m/libm.a(lib_a-s_lib_ver.o)
                              /usr/lib/gcc/arm-none-eabi/4.9.3/../../../arm-none-eabi/lib/armv7-m/libm.a(lib_a-wf_pow.o) (__fdlib_version)
/usr/lib/gcc/arm-none-eabi/4.9.3/../../../arm-none-eabi/lib/armv7-m/libm.a(lib_a-s_matherr.o)
                              /usr/lib/gcc/arm-none-eabi/4.9.3/../../../arm-none-eabi/lib/armv7-m/libm.a(lib_a-wf_pow.o) (matherr)
/usr/lib/gcc/arm-none-eabi/4.9.3/../../../arm-none-eabi/lib/armv7-m/libm.a(lib_a-s_rint.o)
                              /usr/lib/gcc/arm-none-eabi/4.9.3/../../../arm-none-eabi/lib/armv7-m/libm.a(lib_a-wf_pow.o) (rint)
/usr/lib/gcc/arm-none-eabi/4.9.3/../../../arm-none-eabi/lib/armv7-m/libm.a(lib_a-sf_fabs.o)
                              /usr/lib/gcc/arm-none-eabi/4.9.3/../../../arm-none-eabi/lib/armv7-m/libm.a(lib_a-ef_pow.o) (fabsf)
/usr/lib/gcc/arm-none-eabi/4.9.3/../../../arm-none-eabi/lib/armv7-m/libm.a(lib_a-sf_finite.o)
                              /usr/lib/gcc/arm-none-eabi/4.9.3/../../../arm-none-eabi/lib/armv7-m/libm.a(lib_a-wf_pow.o) (finitef)
/usr/lib/gcc/arm-none-eabi/4.9.3/../../../arm-none-eabi/lib/armv7-m/libm.a(lib_a-sf_fpclassify.o)
[...]
Memory Configuration

Name             Origin             Length             Attributes
FLASH            0x08000000         0x0001f000         xr
RAM              0x20000000         0x00005000         xrw
MEMORY_B1        0x60000000         0x00000000         xr
*default*        0x00000000         0xffffffff

Linker script and memory map

LOAD obj/main/NAZE/startup_stm32f10x_md_gcc.o
LOAD obj/main/NAZE/drivers/accgyro_adxl345.o
LOAD /tmp/ccYz1CwH.ltrans0.ltrans.o
LOAD /tmp/ccYz1CwH.ltrans1.ltrans.o
LOAD /tmp/ccYz1CwH.ltrans2.ltrans.o
LOAD /tmp/ccYz1CwH.ltrans3.ltrans.o
LOAD /tmp/ccYz1CwH.ltrans4.ltrans.o
LOAD /tmp/ccYz1CwH.ltrans5.ltrans.o
LOAD /tmp/ccYz1CwH.ltrans6.ltrans.o
LOAD /tmp/ccYz1CwH.ltrans7.ltrans.o
LOAD /tmp/ccYz1CwH.ltrans8.ltrans.o
LOAD /tmp/ccYz1CwH.ltrans9.ltrans.o
LOAD /tmp/ccYz1CwH.ltrans10.ltrans.o
LOAD /tmp/ccYz1CwH.ltrans11.ltrans.o
LOAD /tmp/ccYz1CwH.ltrans12.ltrans.o
LOAD /tmp/ccYz1CwH.ltrans13.ltrans.o
LOAD /tmp/ccYz1CwH.ltrans14.ltrans.o
LOAD /tmp/ccYz1CwH.ltrans15.ltrans.o
LOAD /tmp/ccYz1CwH.ltrans16.ltrans.o
LOAD /tmp/ccYz1CwH.ltrans17.ltrans.o
LOAD /tmp/ccYz1CwH.ltrans18.ltrans.o
LOAD /tmp/ccYz1CwH.ltrans19.ltrans.o
LOAD /tmp/ccYz1CwH.ltrans20.ltrans.o
LOAD /tmp/ccYz1CwH.ltrans21.ltrans.o
LOAD /tmp/ccYz1CwH.ltrans22.ltrans.o
LOAD /tmp/ccYz1CwH.ltrans23.ltrans.o
LOAD /tmp/ccYz1CwH.ltrans24.ltrans.o
LOAD /tmp/ccYz1CwH.ltrans25.ltrans.o
LOAD /tmp/ccYz1CwH.ltrans26.ltrans.o
LOAD /tmp/ccYz1CwH.ltrans27.ltrans.o
LOAD /tmp/ccYz1CwH.ltrans28.ltrans.o
LOAD /tmp/ccYz1CwH.ltrans29.ltrans.o
LOAD obj/main/NAZE/drivers/accgyro_bma280.o
LOAD obj/main/NAZE/drivers/accgyro_l3g4200d.o
LOAD obj/main/NAZE/drivers/accgyro_mma845x.o
LOAD obj/main/NAZE/drivers/accgyro_mpu.o
LOAD obj/main/NAZE/drivers/accgyro_mpu3050.o
LOAD obj/main/NAZE/drivers/accgyro_mpu6050.o
LOAD obj/main/NAZE/drivers/accgyro_mpu6500.o
LOAD obj/main/NAZE/drivers/accgyro_spi_mpu6500.o
LOAD obj/main/NAZE/drivers/adc.o
LOAD obj/main/NAZE/drivers/adc_stm32f10x.o
LOAD obj/main/NAZE/drivers/barometer_bmp085.o
LOAD obj/main/NAZE/drivers/barometer_ms5611.o
LOAD obj/main/NAZE/drivers/barometer_bmp280.o
LOAD obj/main/NAZE/drivers/bus_spi.o
LOAD obj/main/NAZE/drivers/bus_i2c_stm32f10x.o
LOAD obj/main/NAZE/drivers/compass_hmc5883l.o
LOAD obj/main/NAZE/drivers/display_ug2864hsweg01.o
LOAD obj/main/NAZE/drivers/flash_m25p16.o
LOAD obj/main/NAZE/drivers/gpio_stm32f10x.o
LOAD obj/main/NAZE/drivers/inverter.o
LOAD obj/main/NAZE/drivers/light_led_stm32f10x.o
LOAD obj/main/NAZE/drivers/light_ws2811strip.o
LOAD obj/main/NAZE/drivers/light_ws2811strip_stm32f10x.o
LOAD obj/main/NAZE/drivers/sonar_hcsr04.o
LOAD obj/main/NAZE/drivers/pwm_mapping.o
LOAD obj/main/NAZE/drivers/pwm_output.o
LOAD obj/main/NAZE/drivers/pwm_rx.o
LOAD obj/main/NAZE/drivers/serial_softserial.o
LOAD obj/main/NAZE/drivers/serial_uart.o
LOAD obj/main/NAZE/drivers/serial_uart_stm32f10x.o
LOAD obj/main/NAZE/drivers/sound_beeper_stm32f10x.o
LOAD obj/main/NAZE/drivers/system_stm32f10x.o
LOAD obj/main/NAZE/drivers/timer.o
LOAD obj/main/NAZE/drivers/timer_stm32f10x.o
LOAD obj/main/NAZE/../controller/io/flashfs.o
LOAD obj/main/NAZE/hardware_revision.o
LOAD obj/main/NAZE/../controller/flight/gtune.o
LOAD obj/main/NAZE/../controller/flight/navigation.o
LOAD obj/main/NAZE/../controller/flight/gps_conversion.o
LOAD obj/main/NAZE/../controller/common/colorconversion.o
LOAD obj/main/NAZE/../controller/io/gps.o
LOAD obj/main/NAZE/../controller/io/ledstrip.o
LOAD obj/main/NAZE/../controller/io/display.o
LOAD obj/main/NAZE/../controller/telemetry/telemetry.o
LOAD obj/main/NAZE/../controller/telemetry/frsky.o
LOAD obj/main/NAZE/../controller/telemetry/hott.o
LOAD obj/main/NAZE/../controller/telemetry/smartport.o
LOAD obj/main/NAZE/../controller/telemetry/ltm.o
LOAD obj/main/NAZE/../controller/sensors/sonar.o
LOAD obj/main/NAZE/../controller/sensors/barometer.o
LOAD obj/main/NAZE/../controller/blackbox/blackbox.o
LOAD obj/main/NAZE/../controller/blackbox/blackbox_io.o
LOAD obj/main/NAZE/build_config.o
LOAD obj/main/NAZE/debug.o
LOAD obj/main/NAZE/../controller/version.o
LOAD obj/main/NAZE/../controller/config/config.o
LOAD obj/main/NAZE/../controller/config/runtime_config.o
LOAD obj/main/NAZE/../controller/common/maths.o
LOAD obj/main/NAZE/../controller/common/printf.o
LOAD obj/main/NAZE/../controller/common/typeconversion.o
LOAD obj/main/NAZE/../controller/common/encoding.o
LOAD obj/main/NAZE/../controller/common/filter.o
LOAD obj/main/NAZE/../controller/scheduler.o
LOAD obj/main/NAZE/../controller/scheduler_tasks.o
LOAD obj/main/NAZE/main.o
LOAD obj/main/NAZE/../controller/mw.o
LOAD obj/main/NAZE/../controller/flight/altitudehold.o
LOAD obj/main/NAZE/../controller/flight/failsafe.o
LOAD obj/main/NAZE/../controller/flight/pid.o
LOAD obj/main/NAZE/../controller/flight/imu.o
LOAD obj/main/NAZE/../controller/flight/mixer.o
LOAD obj/main/NAZE/drivers/bus_i2c_soft.o
LOAD obj/main/NAZE/drivers/serial.o
LOAD obj/main/NAZE/drivers/sound_beeper.o
LOAD obj/main/NAZE/drivers/system.o
LOAD obj/main/NAZE/drivers/dma.o
LOAD obj/main/NAZE/drivers/buf_writer.o
LOAD obj/main/NAZE/drivers/gyro_sync.o
LOAD obj/main/NAZE/../controller/io/beeper.o
LOAD obj/main/NAZE/../controller/io/rc_controls.o
LOAD obj/main/NAZE/../controller/io/rc_curves.o
LOAD obj/main/NAZE/../controller/io/serial.o
LOAD obj/main/NAZE/../controller/io/serial_1wire.o
LOAD obj/main/NAZE/../controller/io/serial_cli.o
LOAD obj/main/NAZE/../controller/io/serial_msp.o
LOAD obj/main/NAZE/../controller/io/statusindicator.o
LOAD obj/main/NAZE/../controller/rx/rx.o
LOAD obj/main/NAZE/../controller/rx/pwm.o
LOAD obj/main/NAZE/../controller/rx/msp.o
LOAD obj/main/NAZE/../controller/rx/sbus.o
LOAD obj/main/NAZE/../controller/rx/sumd.o
LOAD obj/main/NAZE/../controller/rx/sumh.o
LOAD obj/main/NAZE/../controller/rx/spektrum.o
LOAD obj/main/NAZE/../controller/rx/xbus.o
LOAD obj/main/NAZE/../controller/rx/ibus.o
LOAD obj/main/NAZE/../controller/sensors/acceleration.o
LOAD obj/main/NAZE/../controller/sensors/battery.o
LOAD obj/main/NAZE/../controller/sensors/boardalignment.o
LOAD obj/main/NAZE/../controller/sensors/compass.o
LOAD obj/main/NAZE/../controller/sensors/gyro.o
LOAD obj/main/NAZE/../controller/sensors/initialisation.o
LOAD obj/main/NAZE/../controller/pif_linker.o
LOAD obj/main/NAZE/core_cm3.o
LOAD obj/main/NAZE/system_stm32f10x.o
LOAD obj/main/NAZE/stm32f10x_dma.o
LOAD obj/main/NAZE/stm32f10x_dbgmcu.o
LOAD obj/main/NAZE/stm32f10x_dac.o
LOAD obj/main/NAZE/stm32f10x_rtc.o
LOAD obj/main/NAZE/stm32f10x_pwr.o
LOAD obj/main/NAZE/stm32f10x_i2c.o
LOAD obj/main/NAZE/stm32f10x_sdio.o
LOAD obj/main/NAZE/stm32f10x_rcc.o
LOAD obj/main/NAZE/stm32f10x_flash.o
LOAD obj/main/NAZE/stm32f10x_usart.o
LOAD obj/main/NAZE/stm32f10x_tim.o
LOAD obj/main/NAZE/stm32f10x_wwdg.o
LOAD obj/main/NAZE/misc.o
LOAD obj/main/NAZE/stm32f10x_iwdg.o
LOAD obj/main/NAZE/stm32f10x_adc.o
LOAD obj/main/NAZE/stm32f10x_spi.o
LOAD obj/main/NAZE/stm32f10x_bkp.o
LOAD obj/main/NAZE/stm32f10x_exti.o
LOAD obj/main/NAZE/stm32f10x_fsmc.o
LOAD obj/main/NAZE/stm32f10x_gpio.o
LOAD obj/main/NAZE/../../pif/source/core/pif.o
LOAD obj/main/NAZE/../../pif/source/core/pif_obj_array.o
LOAD obj/main/NAZE/../../pif/source/core/pif_task.o
LOAD obj/main/NAZE/../../pif/source/core/pif_timer.o
LOAD /usr/lib/gcc/arm-none-eabi/4.9.3/../../../arm-none-eabi/lib/armv7-m/libm.a
LOAD /usr/lib/gcc/arm-none-eabi/4.9.3/../../../arm-none-eabi/lib/armv7-m/libc_nano.a
LOAD /usr/lib/gcc/arm-none-eabi/4.9.3/../../../arm-none-eabi/lib/armv7-m/libnosys.a
START GROUP
LOAD /usr/lib/gcc/arm-none-eabi/4.9.3/armv7-m/libgcc.a
LOAD /usr/lib/gcc/arm-none-eabi/4.9.3/../../../arm-none-eabi/lib/armv7-m/libg_nano.a
LOAD /usr/lib/gcc/arm-none-eabi/4.9.3/../../../arm-none-eabi/lib/armv7-m/libc_nano.a
END GROUP
START GROUP
LOAD /usr/lib/gcc/arm-none-eabi/4.9.3/armv7-m/libgcc.a
LOAD /usr/lib/gcc/arm-none-eabi/4.9.3/../../../arm-none-eabi/lib/armv7-m/libc_nano.a
END GROUP
                0x20005000                _estack = (ORIGIN (RAM) + LENGTH (RAM))
                0x00000000                _Min_Heap_Size = 0x0
                0x00000400                _Min_Stack_Size = 0x400

.isr_vector     0x08000000      0x10c
                0x08000000                . = ALIGN (0x4)
                [!provide]                PROVIDE (isr_vector_table_base, .)
 *(.isr_vector)
 .isr_vector    0x08000000      0x10c obj/main/NAZE/startup_stm32f10x_md_gcc.o
                0x08000000                g_pfnVectors
                0x0800010c                . = ALIGN (0x4)

.text           0x08000110    0x1dc70
                0x08000110                . = ALIGN (0x4)
 *(.text)
 .text          0x08000110     0x22d8 /tmp/ccYz1CwH.ltrans1.ltrans.o
                0x08000110                taskMainPidLoopChecker
 .text          0x080023e8     0x20f0 /tmp/ccYz1CwH.ltrans2.ltrans.o
                0x080023e8                taskHandleSerial
 .text          0x080044d8     0x1730 /tmp/ccYz1CwH.ltrans3.ltrans.o
                0x080044d8                taskUpdateRxMain
 .text          0x08005c08     0x102c /tmp/ccYz1CwH.ltrans4.ltrans.o
                0x08005e58                bmp280_calculate.lto_priv.210
                0x08006018                bmp280_get_ut.lto_priv.206
                0x0800601a                bmp280_start_ut.lto_priv.207
                0x0800601c                ms5611_calculate.lto_priv.220
                0x080061d8                bmp085_calculate.lto_priv.215
                0x080062b4                mpu3050ReadTemp.lto_priv.203
                0x080062ec                mpuIsDataReady
                0x08006304                mpuGyroRead
                0x0800634c                mpuAccRead
                0x0800644c                BMP085_EOC_EXTI_Handler
                0x080064a0                mpu6500ReadRegister
                0x080064cc                mpu6500WriteRegister
                0x080064ec                mpu3050Init.lto_priv.202
                0x080065ec                mpu6500GyroInit
                0x08006668                mpu6500AccInit
                0x0800667c                mpu6050GyroInit.lto_priv.204
                0x080066e0                mpu6050AccInit.lto_priv.225
                0x0800670c                i2cRead
                0x08006790                bmp280_get_up.lto_priv.209
                0x08006804                ms5611_get_up.lto_priv.219
                0x08006814                ms5611_get_ut.lto_priv.217
                0x08006824                bmp085_get_up.lto_priv.214
                0x08006874                bmp085_get_ut.lto_priv.212
                0x080068ac                mpuReadRegisterI2C.lto_priv.200
                0x080068c0                mma8452Read.lto_priv.224
                0x0800691a                bma280Read.lto_priv.222
                0x08006960                adxl345Read.lto_priv.227
                0x08006a30                i2cWrite
                0x08006abc                bmp280_start_up.lto_priv.208
                0x08006ac4                ms5611_start_up.lto_priv.218
                0x08006acc                ms5611_start_ut.lto_priv.216
                0x08006ad4                bmp085_start_up.lto_priv.213
                0x08006af8                bmp085_start_ut.lto_priv.211
                0x08006b0c                mpuWriteRegisterI2C.lto_priv.201
                0x08006b16                mma8452Init.lto_priv.223
                0x08006ba8                bma280Init.lto_priv.221
                0x08006bcc                adxl345Init.lto_priv.226
                0x08006c24                I2C2_EV_IRQHandler
                0x08006c28                I2C2_ER_IRQHandler
                0x08006c2c                I2C1_EV_IRQHandler
                0x08006c30                I2C1_ER_IRQHandler
 .text          0x08006c34      0xcc0 /tmp/ccYz1CwH.ltrans5.ltrans.o
                0x08006c34                taskTelemetry
 .text          0x080078f4      0xb78 /tmp/ccYz1CwH.ltrans6.ltrans.o
                0x08007914                pwmOverflowCallback.lto_priv.491
                0x0800793c                ppmEdgeCallback.lto_priv.492
                0x08007ac8                ppmOverflowCallback.lto_priv.493
                0x08007b08                pwmWriteStandard.lto_priv.488
                0x08007b18                pwmWriteBrushed.lto_priv.489
                0x08007b3c                ws2811DMAHandler
                0x08007bb0                applyChangedBits
                0x08007bda                serialICConfig.lto_priv.587
                0x08007d0e                pwmICConfig
                0x08007d48                pwmEdgeCallback.lto_priv.490
                0x08007da0                pwmWriteServo
                0x08007db8                EXTI9_5_IRQHandler
                0x08007dba                EXTI1_IRQHandler
                0x08007dbc                EXTI0_IRQHandler
                0x08007dbe                ws2811UpdateStrip
                0x08007f90                gpioExtiLineConfig
                0x08007fba                gpioInit
                0x0800801e                openSoftSerial
                0x080081b8                pwmOutConfig.lto_priv.528
 .text          0x0800846c      0x634 /tmp/ccYz1CwH.ltrans7.ltrans.o
                0x0800846c                taskLedStrip
 .text          0x08008aa0      0xa14 /tmp/ccYz1CwH.ltrans8.ltrans.o
                0x08008aa0                sensorsAutodetect.constprop.37
                0x080093f8                pifObjArray_Init.part.0.constprop.27
                0x08009450                findNextSharedSerialPort.constprop.19
 .text          0x080094b4      0xcb4 /tmp/ccYz1CwH.ltrans9.ltrans.o
                0x080094b4                ibusReadRawRC.lto_priv.471
                0x080094c0                xBusReadRawRC.lto_priv.469
                0x08009580                spektrumReadRawRC.lto_priv.196
                0x080095ac                sumhReadRawRC.lto_priv.462
                0x080095c4                sumdReadRawRC.lto_priv.460
                0x080095d8                sbusReadRawRC.lto_priv.458
                0x08009608                rxMspReadRawRC.lto_priv.473
                0x08009618                ppmReadRawRC.lto_priv.475
                0x08009628                pwmReadRawRC.lto_priv.474
                0x08009638                nullReadRawRC.lto_priv.198
                0x0800963c                ibusDataReceive.lto_priv.472
                0x08009688                xBusDataReceive.lto_priv.470
                0x08009764                spektrumDataReceive.lto_priv.197
                0x080097b4                sumhDataReceive.lto_priv.463
                0x08009800                sumdDataReceive.lto_priv.461
                0x080098ac                sbusDataReceive.lto_priv.459
                0x08009904                cliVersion.lto_priv.252
                0x08009938                cliTasks.lto_priv.251
                0x08009988                FLASH_GetBank1Status
                0x080099b0                RCC_GetClocksFreq
                0x08009a44                DMA_StructInit
                0x08009a5e                DMA_Init
                0x08009a9a                DMA_DeInit
                0x08009b8c                SystemInit
                0x08009bd8                alignSensors
                0x08009d54                calculateBatteryCapacityRemainingPercentage
                0x08009d9c                batteryAdcToVoltage
                0x08009dc8                updateBatteryVoltage.lto_priv.354
                0x08009e00                getRxfailValue.lto_priv.349
                0x08009e60                resumeRxSignal
                0x08009e88                suspendRxSignal
                0x08009eb4                warningLedRefresh
                0x08009efc                packFlightModeFlags.lto_priv.390
                0x0800a02c                mspReleasePortIfAllocated
                0x0800a06c                read8.lto_priv.385
                0x0800a084                read16.lto_priv.386
                0x0800a098                read32.lto_priv.387
                0x0800a0aa                serialize8.lto_priv.384
                0x0800a0cc                tailSerialReply.lto_priv.382
                0x0800a0f0                headSerialResponse.lto_priv.229
                0x0800a13c                headSerialReply.lto_priv.383
                0x0800a142                serialize16.lto_priv.388
                0x0800a154                serialize32.lto_priv.389
 .text          0x0800a168      0xa84 /tmp/ccYz1CwH.ltrans10.ltrans.o
                0x0800a2b0                blackboxWrite
                0x0800a448                blackboxAdvanceIterationTimers.lto_priv.411
                0x0800a484                blackboxLogEvent
                0x0800a534                blackboxLogIteration.lto_priv.412
                0x0800aa90                sendFieldDefinition.lto_priv.413
 .text          0x0800abec      0xc20 /tmp/ccYz1CwH.ltrans11.ltrans.o
                0x0800abec                dmaNoOpHandler
                0x0800ac44                cliShowArgumentRangeError.lto_priv.254
                0x0800ac60                cliAux.lto_priv.237
                0x0800ad4c                cliShowParseError.lto_priv.255
                0x0800ad58                cliMotorMix.lto_priv.245
                0x0800af50                cliAdjustmentRange.lto_priv.236
                0x0800b0ac                cliRxFail.lto_priv.247
                0x0800b1dc                waitForSerialPortToFinishTransmitting
                0x0800b1f2                serialRemovePort
                0x0800b224                closeSerialPort
                0x0800b24c                openSerialPort
                0x0800b2ec                serialFindPortConfiguration
                0x0800b314                cliSerial.lto_priv.248
                0x0800b458                doesConfigurationUsePort
                0x0800b46e                determinePortSharing
                0x0800b482                findNextSerialPortConfig
                0x0800b4b4                findSerialPortConfig
                0x0800b4c0                generateThrottleCurve
                0x0800b550                generatePitchRollCurve
                0x0800b584                isRangeActive.part.3.lto_priv.347
                0x0800b5cc                isModeActivationConditionPresent
                0x0800b5ee                calculateThrottleStatus
                0x0800b624                blackboxLogInflightAdjustmentEvent
                0x0800b64c                beeperSilence
                0x0800b674                beeper
                0x0800b6b8                beeperConfirmationBeeps
                0x0800b6e8                bufWriterFlush
                0x0800b700                cliPrompt.lto_priv.391
                0x0800b71c                bufWriterAppend
                0x0800b738                DMA1_Channel7_IRQHandler
                0x0800b748                DMA1_Channel6_IRQHandler
                0x0800b758                DMA1_Channel3_IRQHandler
                0x0800b768                DMA1_Channel2_IRQHandler
                0x0800b778                failureMode
 .text          0x0800b80c      0xd7c /tmp/ccYz1CwH.ltrans12.ltrans.o
                0x0800b824                gpsNewFrame
                0x0800bdcc                gpsSetState.lto_priv.311
                0x0800bde8                GPS_distance_cm_bearing.isra.3.lto_priv.583
                0x0800be6c                gpsNewData.part.2.lto_priv.256
 .text          0x0800c588      0xd68 /tmp/ccYz1CwH.ltrans13.ltrans.o
                0x0800c588                cliFeature.lto_priv.241
                0x0800c680                cliExit.lto_priv.240
                0x0800c6fc                cliFlashErase.lto_priv.242
                0x0800c728                cliFlashInfo.lto_priv.243
                0x0800c760                cliServo.lto_priv.249
                0x0800c8a4                cliServoMix.lto_priv.250
                0x0800cbbc                cliRxRange.lto_priv.246
                0x0800cc9c                cliColor.lto_priv.238
                0x0800cd80                cliLed.lto_priv.244
                0x0800cfa0                cliDump.lto_priv.239
 .text          0x0800d2f0      0xc18 /tmp/ccYz1CwH.ltrans14.ltrans.o
                0x0800d2f0                micros
                0x0800d328                beepInverted.lto_priv.495
                0x0800d33c                beepNormal.lto_priv.496
                0x0800d994                delayMicroseconds
                0x0800d9aa                delay
                0x0800d9be                SysTick_Handler
                0x0800db4c                EXTI15_10_IRQHandler
                0x0800db6c                registerExtiCallbackHandler
                0x0800db9c                systemBeep
                0x0800dba8                serialSetMode
                0x0800dbae                isSerialTransmitBufferEmpty
                0x0800dbb4                serialSetBaudRate
                0x0800dbba                serialRead
                0x0800dbc0                serialRxBytesWaiting
                0x0800dbc6                serialWrite
                0x0800dbcc                serialWriteBufShim
                0x0800dc08                writeMotors
                0x0800dcac                stopMotors
                0x0800dcf4                mixerResetDisarmedMotors
                0x0800dd2c                loadCustomServoMixer
                0x0800dd7c                determineServoMiddleOrForwardFromChannel
                0x0800ddb0                imuComputeRotationMatrix.lto_priv.416
                0x0800dee4                pidSetController
 .text          0x0800df08      0x718 /tmp/ccYz1CwH.ltrans15.ltrans.o
                0x0800df92                isSoftSerialTransmitBufferEmpty
                0x0800df9e                softSerialSetMode
                0x0800dfa2                softSerialWriteByte
                0x0800dfc0                softSerialTxBytesFree
                0x0800dfe2                softSerialRxBytesWaiting
                0x0800e000                softSerialReadByte
                0x0800e15c                softSerialSetBaudRate
                0x0800e16c                onSerialRxPinChange
                0x0800e20a                usartIrqCallback
                0x0800e26e                uartStartTxDMA
                0x0800e2d0                uartOpen
 .text          0x0800e620      0xc0c /tmp/ccYz1CwH.ltrans16.ltrans.o
                0x0800e626                activateControlRateConfig
                0x0800e66c                isEEPROMContentValid.lto_priv.529
                0x0800e6b0                readEEPROM
                0x0800ea34                resetConf.lto_priv.253
                0x0800eee8                blackboxDeviceReserveBufferSpace
                0x0800ef48                isBlackboxDeviceFull
                0x0800ef74                blackboxDeviceFlushForce
                0x0800ef98                blackboxWriteTag2_3S32
                0x0800f0b8                blackboxWriteUnsignedVB
                0x0800f0d8                blackboxWriteSignedVB
                0x0800f0e0                blackboxPrint
                0x0800f1b8                blackboxPrintfHeaderLine
                0x0800f208                blackboxPrintf
 .text          0x0800f22c      0x988 /tmp/ccYz1CwH.ltrans17.ltrans.o
                0x0800f2f0                wrap_18000.lto_priv.415
                0x0800f314                GPS_set_next_wp
                0x0800f3a0                gpsUsePIDs
                0x0800f440                GPS_reset_home_position
                0x0800f494                calculate_Gtune
                0x0800f650                flashfsAdvanceTailInBuffer.lto_priv.543
                0x0800f680                flashfsGetDirtyDataBuffers.lto_priv.541
                0x0800f6b8                flashfsGetOffset
                0x0800f6d8                flashfsWriteBuffers.lto_priv.542
                0x0800f82c                flashfsFlushSync
                0x0800f864                flashfsFlushAsync
                0x0800f8a8                flashfsTransmitBufferUsed.lto_priv.414
                0x0800f8c8                flashfsEraseCompletely
                0x0800f918                TIM4_IRQHandler
                0x0800f928                TIM3_IRQHandler
                0x0800f938                TIM2_IRQHandler
                0x0800f944                TIM1_UP_IRQHandler
                0x0800f954                TIM1_CC_IRQHandler
                0x0800f964                configTimeBase
                0x0800fa0c                timerConfigure
                0x0800fa60                lookupTimerIndex.lto_priv.287
                0x0800fa9c                timerChConfigCallbacks
                0x0800fb54                USART3_IRQHandler
                0x0800fb60                USART2_IRQHandler
                0x0800fb6c                USART1_IRQHandler
                0x0800fb78                DMA1_Channel4_IRQHandler
 .text          0x0800fbb4      0xa18 /tmp/ccYz1CwH.ltrans18.ltrans.o
                0x0800fbb4                taskUpdateBaro
                0x0800fca4                taskUpdateDisplay
                0x0800fcbc                taskCalculateAltitude
                0x08010188                taskUpdateSonar
                0x080101cc                taskUpdateCompass
                0x08010324                taskProcessGPS
 .text          0x080105cc      0x8d0 /tmp/ccYz1CwH.ltrans19.ltrans.o
                0x080105cc                _doTask.lto_priv.499
                0x08010688                setAdjustment.constprop.17
                0x08010714                headSerialError.constprop.11
                0x0801071c                _processingTask.part.2.lto_priv.525
                0x08010848                pifObjArray_Remove
                0x0801088a                pifTaskManager_Remove
                0x080108f8                pifTaskManager_Add
                0x08010b08                pifObjArray_Clear
                0x08010b38                GPIO_Init
                0x08010bd4                EXTI_Init.part.0.lto_priv.228
                0x08010c34                EXTI_GetITStatus
                0x08010c50                TIM_ICInit
                0x08010e78                FLASH_WaitForLastOperation
 .text          0x08010e9c      0x974 /tmp/ccYz1CwH.ltrans20.ltrans.o
                0x08010ee8                drawHorizonalPercentageBar
                0x08010f3a                updateDisplay
                0x08011670                applyDirectionalModeColor
                0x08011750                reevalulateLedConfig
 .text          0x08011810      0xb54 /tmp/ccYz1CwH.ltrans21.ltrans.o
                0x0801190a                _putc.lto_priv.498
                0x08011918                setTaskEnabled
                0x08011970                applyBiQuadFilter
                0x080119d6                BiQuadNewLpf
                0x08011aa8                fastA2F
                0x08011bd4                ftoa
                0x08011ca0                _i2a.lto_priv.199
                0x08011cc8                tfp_format
                0x08011e9e                tfp_sprintf
                0x08011ec8                applyDeadband
                0x08011ee6                acosf
                0x08011f60                atan2f
                0x08012064                sinf
                0x0801214c                cosf
                0x08012160                disableFlightMode
                0x08012180                enableFlightMode
                0x080121a0                featureClear
                0x080121b0                handleOneshotFeatureChangeOnRestart
                0x08012204                writeEEPROM
                0x08012350                saveConfigAndNotify
 .text          0x08012364      0x914 /tmp/ccYz1CwH.ltrans22.ltrans.o
                0x08012368                cliGpsPassthrough.lto_priv.373
                0x08012418                cliWrite.lto_priv.263
                0x08012428                cliPrintf.lto_priv.233
                0x08012450                cliPrintVar.lto_priv.264
                0x0801253c                cliRateProfile.lto_priv.261
                0x08012584                cliProfile.lto_priv.262
                0x080125c0                cliPlaySound.lto_priv.378
                0x08012660                cliMotor.lto_priv.377
                0x08012700                cliPrint.lto_priv.259
                0x0801271c                cliStatus.lto_priv.381
                0x08012828                cliGet.lto_priv.372
                0x08012880                cliSet.lto_priv.380
                0x08012a84                cliMixer.lto_priv.376
                0x08012b24                cliMap.lto_priv.375
                0x08012bc8                cliHelp.lto_priv.374
                0x08012c0c                cliReboot.lto_priv.260
                0x08012c44                cliDefaults.lto_priv.371
                0x08012c60                cliSave.lto_priv.379
 .text          0x08012c78      0x6f4 /tmp/ccYz1CwH.ltrans23.ltrans.o
                0x08012c78                hmc5883lRead
                0x08012d10                hmc5883lInit
                0x08012f24                m25p16_isReady
                0x08012f6c                m25p16_waitForReady
                0x08012f8c                m25p16_readBytes
                0x08012fd8                i2c_OLED_send_byte.lto_priv.565
                0x08012fe2                i2c_OLED_send_char
                0x08013018                i2c_OLED_send_string
                0x0801302a                i2c_OLED_send_cmd.lto_priv.527
                0x08013034                ug2864hsweg01InitI2C.part.0.lto_priv.526
                0x08013112                i2c_OLED_set_line
                0x0801312a                i2c_OLED_set_xy
                0x08013154                i2cInit
 .text          0x0801336c      0x53c /tmp/ccYz1CwH.ltrans24.ltrans.o
                0x08013460                sonarRead
                0x080134e8                ltm_finalise.lto_priv.301
                0x08013500                ltm_serialise_8.lto_priv.302
                0x08013524                ltm_serialise_32.lto_priv.303
                0x08013546                ltm_serialise_16.lto_priv.305
                0x08013558                ltm_initialise_packet.lto_priv.304
                0x0801358c                smartPortSendPackage.lto_priv.300
                0x080135f4                workAroundForHottTelemetryOnUsart.isra.0.lto_priv.299
                0x08013620                flushHottRxBuffer.lto_priv.298
                0x0801363c                serialize16.lto_priv.295
                0x08013650                sendTelemetryTail.lto_priv.294
                0x08013660                sendDataHead.lto_priv.296
                0x08013680                sendLatLong.lto_priv.297
                0x080136f8                telemetryCheckState
 .text          0x080138a8      0x41c /tmp/ccYz1CwH.ltrans25.ltrans.o
                0x080138a8                mwArm
                0x08013c40                mwDisarm
                0x08013ca8                HardFault_Handler
 .text          0x08013cc4      0x414 /tmp/ccYz1CwH.ltrans26.ltrans.o
                0x08013cc4                NVIC_Init.part.0.constprop.195
                0x08013d00                spiTransfer.constprop.181
                0x08013d40                spiTransferByte.constprop.180
                0x08013d60                bmp085InitXCLRGpio.constprop.150
                0x08013d98                GPS_coord_to_degrees.constprop.114
                0x08013e58                grab_fields.constprop.113
                0x08013e9c                drawRxChannel.constprop.109
                0x08013ee8                blackboxWriteSigned16VBArray.constprop.82
                0x08013f08                blackboxWriteSignedVBArray.constprop.81
                0x08013f22                mspAllocateSerialPorts.constprop.79
                0x08013f9c                resetSerialConfig.constprop.75
                0x08013ff8                parseRcChannels.constprop.65
                0x08014034                itoa.constprop.60
                0x08014056                spektrumInit.constprop.45
 .text          0x080140d8      0x338 /tmp/ccYz1CwH.ltrans27.ltrans.o
                0x080140d8                taskUpdateBattery
                0x080142e0                taskUpdateBeeper
 .text          0x08014410      0x598 /tmp/ccYz1CwH.ltrans28.ltrans.o
                0x08014410                filterIsSetCheck
                0x08014450                scaleItermToRcInput
                0x08014524                pidLuxFloat.lto_priv.286
                0x08014950                pidResetErrorAngle
                0x0801496c                failsafeActivate.lto_priv.348
 .text          0x080149a8      0x200 /tmp/ccYz1CwH.ltrans29.ltrans.o
                0x080149a8                taskUpdateAccelerometer
 .text          0x08014ba8      0x370 /usr/lib/gcc/arm-none-eabi/4.9.3/armv7-m/libgcc.a(_arm_addsubdf3.o)
                0x08014ba8                __aeabi_drsub
                0x08014bb0                __aeabi_dsub
                0x08014bb0                __subdf3
                0x08014bb4                __adddf3
                0x08014bb4                __aeabi_dadd
                0x08014e2c                __aeabi_ui2d
                0x08014e2c                __floatunsidf
                0x08014e4c                __floatsidf
                0x08014e4c                __aeabi_i2d
                0x08014e70                __extendsfdf2
                0x08014e70                __aeabi_f2d
                0x08014eac                __aeabi_ul2d
                0x08014eac                __floatundidf
                0x08014ebc                __floatdidf
                0x08014ebc                __aeabi_l2d
 .text          0x08014f18      0x424 /usr/lib/gcc/arm-none-eabi/4.9.3/armv7-m/libgcc.a(_arm_muldivdf3.o)
                0x08014f18                __aeabi_dmul
                0x08014f18                __muldf3
                0x0801516c                __aeabi_ddiv
                0x0801516c                __divdf3
 .text          0x0801533c      0x110 /usr/lib/gcc/arm-none-eabi/4.9.3/armv7-m/libgcc.a(_arm_cmpdf2.o)
                0x0801533c                __gtdf2
                0x0801533c                __gedf2
                0x08015344                __ltdf2
                0x08015344                __ledf2
                0x0801534c                __cmpdf2
                0x0801534c                __eqdf2
                0x0801534c                __nedf2
                0x080153c8                __aeabi_cdrcmple
                0x080153d8                __aeabi_cdcmple
                0x080153d8                __aeabi_cdcmpeq
                0x080153e8                __aeabi_dcmpeq
                0x080153fc                __aeabi_dcmplt
                0x08015410                __aeabi_dcmple
                0x08015424                __aeabi_dcmpge
                0x08015438                __aeabi_dcmpgt
 .text          0x0801544c       0xa0 /usr/lib/gcc/arm-none-eabi/4.9.3/armv7-m/libgcc.a(_arm_truncdfsf2.o)
                0x0801544c                __aeabi_d2f
                0x0801544c                __truncdfsf2
 .text          0x080154ec      0x21c /usr/lib/gcc/arm-none-eabi/4.9.3/armv7-m/libgcc.a(_arm_addsubsf3.o)
                0x080154ec                __aeabi_frsub
                0x080154f4                __subsf3
                0x080154f4                __aeabi_fsub
                0x080154f8                __aeabi_fadd
                0x080154f8                __addsf3
                0x08015658                __aeabi_ui2f
                0x08015658                __floatunsisf
                0x08015660                __aeabi_i2f
                0x08015660                __floatsisf
                0x0801567c                __floatundisf
                0x0801567c                __aeabi_ul2f
                0x0801568c                __floatdisf
                0x0801568c                __aeabi_l2f
 .text          0x08015708      0x2a0 /usr/lib/gcc/arm-none-eabi/4.9.3/armv7-m/libgcc.a(_arm_muldivsf3.o)
                0x08015708                __mulsf3
                0x08015708                __aeabi_fmul
                0x08015870                __divsf3
                0x08015870                __aeabi_fdiv
 .text          0x080159a8       0xec /usr/lib/gcc/arm-none-eabi/4.9.3/armv7-m/libgcc.a(_arm_cmpsf2.o)
                0x080159a8                __gtsf2
                0x080159a8                __gesf2
                0x080159b0                __lesf2
                0x080159b0                __ltsf2
                0x080159b8                __nesf2
                0x080159b8                __eqsf2
                0x080159b8                __cmpsf2
                0x08015a18                __aeabi_cfrcmple
                0x08015a20                __aeabi_cfcmple
                0x08015a20                __aeabi_cfcmpeq
                0x08015a30                __aeabi_fcmpeq
                0x08015a44                __aeabi_fcmplt
                0x08015a58                __aeabi_fcmple
                0x08015a6c                __aeabi_fcmpge
                0x08015a80                __aeabi_fcmpgt
 .text          0x08015a94       0x4c /usr/lib/gcc/arm-none-eabi/4.9.3/armv7-m/libgcc.a(_arm_fixsfsi.o)
                0x08015a94                __fixsfsi
                0x08015a94                __aeabi_f2iz
 .text          0x08015ae0       0x40 /usr/lib/gcc/arm-none-eabi/4.9.3/armv7-m/libgcc.a(_arm_fixunssfsi.o)
                0x08015ae0                __aeabi_f2uiz
                0x08015ae0                __fixunssfsi
 .text          0x08015b20       0x38 /usr/lib/gcc/arm-none-eabi/4.9.3/armv7-m/libgcc.a(_aeabi_ldivmod.o)
                0x08015b20                __aeabi_ldivmod
 .text          0x08015b58       0x60 /usr/lib/gcc/arm-none-eabi/4.9.3/armv7-m/libgcc.a(bpabi.o)
                0x08015b58                __gnu_ldivmod_helper
                0x08015b88                __gnu_uldivmod_helper
 .text          0x08015bb8        0x4 /usr/lib/gcc/arm-none-eabi/4.9.3/armv7-m/libgcc.a(_dvmd_tls.o)
                0x08015bb8                __aeabi_ldiv0
                0x08015bb8                __aeabi_idiv0
 .text          0x08015bbc      0x2ac /usr/lib/gcc/arm-none-eabi/4.9.3/armv7-m/libgcc.a(_divdi3.o)
                0x08015bbc                __divdi3
 .text          0x08015e68      0x270 /usr/lib/gcc/arm-none-eabi/4.9.3/armv7-m/libgcc.a(_udivdi3.o)
                0x08015e68                __udivdi3
 *(.text*)
 .text.Reset_Handler
                0x080160d8       0x9c obj/main/NAZE/startup_stm32f10x_md_gcc.o
                0x080160d8                Reset_Handler
 .text.Default_Handler
                0x08016174        0x2 obj/main/NAZE/startup_stm32f10x_md_gcc.o
                0x08016174                EXTI2_IRQHandler
                0x08016174                DebugMon_Handler
                0x08016174                PVD_IRQHandler
                0x08016174                PendSV_Handler
                0x08016174                NMI_Handler
                0x08016174                EXTI3_IRQHandler
                0x08016174                UsageFault_Handler
                0x08016174                ADC1_2_IRQHandler
                0x08016174                SPI1_IRQHandler
                0x08016174                TAMPER_IRQHandler
                0x08016174                RTC_IRQHandler
                0x08016174                CAN1_RX1_IRQHandler
                0x08016174                RCC_IRQHandler
                0x08016174                TIM1_TRG_COM_IRQHandler
                0x08016174                DMA1_Channel1_IRQHandler
                0x08016174                Default_Handler
                0x08016174                SPI2_IRQHandler
                0x08016174                MemManage_Handler
                0x08016174                SVC_Handler
                0x08016174                DMA1_Channel5_IRQHandler
                0x08016174                EXTI4_IRQHandler
                0x08016174                USB_LP_CAN1_RX0_IRQHandler
                0x08016174                USB_HP_CAN1_TX_IRQHandler
                0x08016174                WWDG_IRQHandler
                0x08016174                TIM1_BRK_IRQHandler
                0x08016174                RTCAlarm_IRQHandler
                0x08016174                CAN1_SCE_IRQHandler
                0x08016174                FLASH_IRQHandler
                0x08016174                BusFault_Handler
                0x08016174                USBWakeUp_IRQHandler
 *fill*         0x08016176        0x2 
 .text.startup  0x08016178     0x2294 /tmp/ccYz1CwH.ltrans0.ltrans.o
                0x08016178                main
 .text.atoi     0x0801840c        0x8 /usr/lib/gcc/arm-none-eabi/4.9.3/../../../arm-none-eabi/lib/armv7-m/libc_nano.a(lib_a-atoi.o)
                0x0801840c                atoi
 .text.strtok   0x08018414       0x64 /usr/lib/gcc/arm-none-eabi/4.9.3/../../../arm-none-eabi/lib/armv7-m/libc_nano.a(lib_a-strtok.o)
                0x08018414                strtok
 .text.__strtok_r
                0x08018478       0x56 /usr/lib/gcc/arm-none-eabi/4.9.3/../../../arm-none-eabi/lib/armv7-m/libc_nano.a(lib_a-strtok_r.o)
                0x08018478                __strtok_r
 .text.strtok_r
                0x080184ce        0x6 /usr/lib/gcc/arm-none-eabi/4.9.3/../../../arm-none-eabi/lib/armv7-m/libc_nano.a(lib_a-strtok_r.o)
                0x080184ce                strtok_r
 .text._strtol_r
                0x080184d4      0x10c /usr/lib/gcc/arm-none-eabi/4.9.3/../../../arm-none-eabi/lib/armv7-m/libc_nano.a(lib_a-strtol.o)
                0x080184d4                _strtol_r
 .text.strtol   0x080185e0       0x1c /usr/lib/gcc/arm-none-eabi/4.9.3/../../../arm-none-eabi/lib/armv7-m/libc_nano.a(lib_a-strtol.o)
                0x080185e0                strtol
 .text.malloc   0x080185fc       0x10 /usr/lib/gcc/arm-none-eabi/4.9.3/../../../arm-none-eabi/lib/armv7-m/libc_nano.a(lib_a-malloc.o)
                0x080185fc                malloc
 .text.free     0x0801860c       0x10 /usr/lib/gcc/arm-none-eabi/4.9.3/../../../arm-none-eabi/lib/armv7-m/libc_nano.a(lib_a-malloc.o)
                0x0801860c                free
 .text._free_r  0x0801861c       0x88 /usr/lib/gcc/arm-none-eabi/4.9.3/../../../arm-none-eabi/lib/armv7-m/libc_nano.a(lib_a-nano-freer.o)
                0x0801861c                _free_r
 .text._malloc_r
                0x080186a4       0xac /usr/lib/gcc/arm-none-eabi/4.9.3/../../../arm-none-eabi/lib/armv7-m/libc_nano.a(lib_a-nano-mallocr.o)
                0x080186a4                _malloc_r
 .text._sbrk_r  0x08018750       0x20 /usr/lib/gcc/arm-none-eabi/4.9.3/../../../arm-none-eabi/lib/armv7-m/libc_nano.a(lib_a-sbrkr.o)
                0x08018750                _sbrk_r
 .text._sbrk    0x08018770       0x1c /usr/lib/gcc/arm-none-eabi/4.9.3/../../../arm-none-eabi/lib/armv7-m/libnosys.a(sbrk.o)
                0x08018770                _sbrk
 .text.lrintf   0x0801878c       0x78 /usr/lib/gcc/arm-none-eabi/4.9.3/../../../arm-none-eabi/lib/armv7-m/libm.a(lib_a-sf_lrint.o)
                0x0801878c                lrintf
 .text.powf     0x08018804      0x314 /usr/lib/gcc/arm-none-eabi/4.9.3/../../../arm-none-eabi/lib/armv7-m/libm.a(lib_a-wf_pow.o)
                0x08018804                powf
 .text.sqrtf    0x08018b18       0x9c /usr/lib/gcc/arm-none-eabi/4.9.3/../../../arm-none-eabi/lib/armv7-m/libm.a(lib_a-wf_sqrt.o)
                0x08018b18                sqrtf
 .text.__ieee754_powf
                0x08018bb4      0x6ec /usr/lib/gcc/arm-none-eabi/4.9.3/../../../arm-none-eabi/lib/armv7-m/libm.a(lib_a-ef_pow.o)
                0x08018bb4                __ieee754_powf
 .text.__ieee754_sqrtf
                0x080192a0       0xa8 /usr/lib/gcc/arm-none-eabi/4.9.3/../../../arm-none-eabi/lib/armv7-m/libm.a(lib_a-ef_sqrt.o)
                0x080192a0                __ieee754_sqrtf
 .text.matherr  0x08019348        0x4 /usr/lib/gcc/arm-none-eabi/4.9.3/../../../arm-none-eabi/lib/armv7-m/libm.a(lib_a-s_matherr.o)
                0x08019348                matherr
 .text.rint     0x0801934c      0x11c /usr/lib/gcc/arm-none-eabi/4.9.3/../../../arm-none-eabi/lib/armv7-m/libm.a(lib_a-s_rint.o)
                0x0801934c                rint
 .text.fabsf    0x08019468        0x8 /usr/lib/gcc/arm-none-eabi/4.9.3/../../../arm-none-eabi/lib/armv7-m/libm.a(lib_a-sf_fabs.o)
                0x08019468                fabsf
 .text.finitef  0x08019470       0x10 /usr/lib/gcc/arm-none-eabi/4.9.3/../../../arm-none-eabi/lib/armv7-m/libm.a(lib_a-sf_finite.o)
                0x08019470                finitef
 .text.__fpclassifyf
                0x08019480       0x34 /usr/lib/gcc/arm-none-eabi/4.9.3/../../../arm-none-eabi/lib/armv7-m/libm.a(lib_a-sf_fpclassify.o)
                0x08019480                __fpclassifyf
 .text.nanf     0x080194b4        0x8 /usr/lib/gcc/arm-none-eabi/4.9.3/../../../arm-none-eabi/lib/armv7-m/libm.a(lib_a-sf_nan.o)
                0x080194b4                nanf
 .text.scalbnf  0x080194bc       0xb0 /usr/lib/gcc/arm-none-eabi/4.9.3/../../../arm-none-eabi/lib/armv7-m/libm.a(lib_a-sf_scalbn.o)
                0x080194bc                scalbnf
 .text.copysignf
                0x0801956c        0xc /usr/lib/gcc/arm-none-eabi/4.9.3/../../../arm-none-eabi/lib/armv7-m/libm.a(lib_a-sf_copysign.o)
                0x0801956c                copysignf
 .text.calloc   0x08019578       0x14 /usr/lib/gcc/arm-none-eabi/4.9.3/../../../arm-none-eabi/lib/armv7-m/libc_nano.a(lib_a-calloc.o)
                0x08019578                calloc
 .text.__errno  0x0801958c        0xc /usr/lib/gcc/arm-none-eabi/4.9.3/../../../arm-none-eabi/lib/armv7-m/libc_nano.a(lib_a-errno.o)
                0x0801958c                __errno
 .text.memcmp   0x08019598       0x20 /usr/lib/gcc/arm-none-eabi/4.9.3/../../../arm-none-eabi/lib/armv7-m/libc_nano.a(lib_a-memcmp.o)
                0x08019598                memcmp
 .text.memcpy   0x080195b8       0x16 /usr/lib/gcc/arm-none-eabi/4.9.3/../../../arm-none-eabi/lib/armv7-m/libc_nano.a(lib_a-memcpy.o)
                0x080195b8                memcpy
 .text.memset   0x080195ce       0x10 /usr/lib/gcc/arm-none-eabi/4.9.3/../../../arm-none-eabi/lib/armv7-m/libc_nano.a(lib_a-memset.o)
                0x080195ce                memset
 .text._calloc_r
                0x080195de       0x1c /usr/lib/gcc/arm-none-eabi/4.9.3/../../../arm-none-eabi/lib/armv7-m/libc_nano.a(lib_a-nano-callocr.o)
                0x080195de                _calloc_r
 *fill*         0x080195fa        0x2 
 .text.strcasecmp
                0x080195fc       0x3c /usr/lib/gcc/arm-none-eabi/4.9.3/../../../arm-none-eabi/lib/armv7-m/libc_nano.a(lib_a-strcasecmp.o)
                0x080195fc                strcasecmp
 .text.strcat   0x08019638       0x1e /usr/lib/gcc/arm-none-eabi/4.9.3/../../../arm-none-eabi/lib/armv7-m/libc_nano.a(lib_a-strcat.o)
                0x08019638                strcat
 .text.strchr   0x08019656       0x1c /usr/lib/gcc/arm-none-eabi/4.9.3/../../../arm-none-eabi/lib/armv7-m/libc_nano.a(lib_a-strchr.o)
                0x08019656                strchr
 .text.strlen   0x08019672       0x10 /usr/lib/gcc/arm-none-eabi/4.9.3/../../../arm-none-eabi/lib/armv7-m/libc_nano.a(lib_a-strlen.o)
                0x08019672                strlen
 *fill*         0x08019682        0x2 
 .text.strncasecmp
                0x08019684       0x44 /usr/lib/gcc/arm-none-eabi/4.9.3/../../../arm-none-eabi/lib/armv7-m/libc_nano.a(lib_a-strncasecmp.o)
                0x08019684                strncasecmp
 .text.strncpy  0x080196c8       0x24 /usr/lib/gcc/arm-none-eabi/4.9.3/../../../arm-none-eabi/lib/armv7-m/libc_nano.a(lib_a-strncpy.o)
                0x080196c8                strncpy
 .text.strstr   0x080196ec       0x30 /usr/lib/gcc/arm-none-eabi/4.9.3/../../../arm-none-eabi/lib/armv7-m/libc_nano.a(lib_a-strstr.o)
                0x080196ec                strstr
 *(.rodata)
 .rodata        0x0801971c       0xdc /tmp/ccYz1CwH.ltrans0.ltrans.o
                0x08019784                hsv_white
 .rodata        0x080197f8      0x2b4 /tmp/ccYz1CwH.ltrans1.ltrans.o
 .rodata        0x08019aac      0x18c /tmp/ccYz1CwH.ltrans2.ltrans.o
 .rodata        0x08019c38        0x8 /tmp/ccYz1CwH.ltrans5.ltrans.o
 .rodata        0x08019c40       0x28 /tmp/ccYz1CwH.ltrans6.ltrans.o
 .rodata        0x08019c68       0x38 /tmp/ccYz1CwH.ltrans7.ltrans.o
                0x08019c68                hsv_green
                0x08019c6c                hsv_red
                0x08019c70                hsv_yellow
                0x08019c74                hsv_blue
                0x08019c9c                hsv_orange
 .rodata        0x08019ca0       0x60 /tmp/ccYz1CwH.ltrans8.ltrans.o
 .rodata        0x08019d00       0x20 /tmp/ccYz1CwH.ltrans9.ltrans.o
                0x08019d14                shortGitRevision
                0x08019d18                buildTime
                0x08019d1c                buildDate
 .rodata        0x08019d20       0x18 /tmp/ccYz1CwH.ltrans10.ltrans.o
 .rodata        0x08019d38      0x4cc /tmp/ccYz1CwH.ltrans11.ltrans.o
                0x08019d44                mixerAtail4.lto_priv.517
                0x08019d84                mixerDualcopter.lto_priv.516
                0x08019da4                mixerHex6H.lto_priv.515
                0x08019e04                mixerVtail4.lto_priv.514
                0x08019e44                mixerOctoFlatX.lto_priv.513
                0x08019ec4                mixerOctoFlatP.lto_priv.512
                0x08019f44                mixerOctoX8.lto_priv.511
                0x08019fc4                mixerHex6X.lto_priv.510
                0x0801a024                mixerY4.lto_priv.509
                0x0801a064                mixerSingleProp.lto_priv.508
                0x0801a074                mixerHex6P.lto_priv.507
                0x0801a0d4                mixerY6.lto_priv.506
                0x0801a134                mixerBicopter.lto_priv.505
                0x0801a154                mixerQuadX.lto_priv.504
                0x0801a194                mixerQuadP.lto_priv.503
                0x0801a1d4                mixerTricopter.lto_priv.502
 .rodata        0x0801a204      0x20f /tmp/ccYz1CwH.ltrans13.ltrans.o
                0x0801a260                servoMixers
                0x0801a356                servoMixerSingle.lto_priv.524
                0x0801a38e                servoMixerDual.lto_priv.523
                0x0801a39c                servoMixerAirplane.lto_priv.522
                0x0801a3bf                servoMixerFlyingWing.lto_priv.521
                0x0801a3e2                servoMixerGimbal.lto_priv.520
                0x0801a3f0                servoMixerBI.lto_priv.519
                0x0801a40c                servoMixerTri.lto_priv.518
 .rodata        0x0801a413        0xc /tmp/ccYz1CwH.ltrans14.ltrans.o
 *fill*         0x0801a41f        0x1 
 .rodata        0x0801a420       0x28 /tmp/ccYz1CwH.ltrans15.ltrans.o
 .rodata        0x0801a448       0xc4 /tmp/ccYz1CwH.ltrans16.ltrans.o
 .rodata        0x0801a50c      0x144 /tmp/ccYz1CwH.ltrans18.ltrans.o
                0x0801a50c                gpsInitData.lto_priv.455
 .rodata        0x0801a650       0x22 /tmp/ccYz1CwH.ltrans20.ltrans.o
 *fill*         0x0801a672        0x2 
 .rodata        0x0801a674     0x134c /tmp/ccYz1CwH.ltrans22.ltrans.o
                0x0801a6dc                beeperTable.lto_priv.269
                0x0801a87c                valueTable
                0x0801b650                mixerNames.lto_priv.258
                0x0801b6b8                cmdTable
                0x0801b898                beep_armedBeep.lto_priv.283
                0x0801b89d                beep_disarmRepeatBeep.lto_priv.282
                0x0801b8a1                beep_readyBeep.lto_priv.281
                0x0801b8b0                beep_2longerBeeps.lto_priv.280
                0x0801b8b5                beep_2shortBeeps.lto_priv.279
                0x0801b8ba                beep_shortBeep.lto_priv.278
                0x0801b8bd                beep_lowBatteryBeep.lto_priv.277
                0x0801b8c0                beep_critBatteryBeep.lto_priv.276
                0x0801b8c3                beep_armedGpsFix.lto_priv.275
                0x0801b8cc                beep_armingBeep.lto_priv.274
                0x0801b8d1                beep_disarmBeep.lto_priv.273
                0x0801b8d6                beep_txLostBeep.lto_priv.272
                0x0801b8d9                beep_sos.lto_priv.271
                0x0801b8ec                beep_gyroCalibrated.lto_priv.270
 .rodata        0x0801b9c0      0x2cc /tmp/ccYz1CwH.ltrans23.ltrans.o
 .rodata        0x0801bc8c       0x34 /tmp/ccYz1CwH.ltrans26.ltrans.o
                0x0801bc8c                baudRates
                0x0801bcac                defaultBMP085Config.7280.lto_priv.205
 *(.rodata*)
 .rodata.timerHardware
                0x0801bcc0       0xe0 /tmp/ccYz1CwH.ltrans0.ltrans.o
                0x0801bcc0                timerHardware
 .rodata.str1.1
                0x0801bda0        0x6 /tmp/ccYz1CwH.ltrans0.ltrans.o
 .rodata.str1.1
                0x0801bda6      0x215 /tmp/ccYz1CwH.ltrans1.ltrans.o
                                0x226 (size before relaxing)
 .rodata.str1.1
                0x0801bfbb      0x154 /tmp/ccYz1CwH.ltrans2.ltrans.o
                                0x174 (size before relaxing)
 *fill*         0x0801c10f        0x1 
 .rodata.frSkyDataIdTable
                0x0801c110       0x20 /tmp/ccYz1CwH.ltrans5.ltrans.o
 .rodata.hsv_black
                0x0801c130        0x4 /tmp/ccYz1CwH.ltrans7.ltrans.o
                0x0801c130                hsv_black
 .rodata.str1.1
                0x0801c134       0xba /tmp/ccYz1CwH.ltrans9.ltrans.o
                                 0xde (size before relaxing)
 .rodata.str1.1
                0x0801c1ee       0x3e /tmp/ccYz1CwH.ltrans10.ltrans.o
                                 0x41 (size before relaxing)
 .rodata.mixers
                0x0801c22c       0xd0 /tmp/ccYz1CwH.ltrans11.ltrans.o
                0x0801c22c                mixers
 .rodata.str1.1
                0x0801c2fc       0xf8 /tmp/ccYz1CwH.ltrans11.ltrans.o
                                0x106 (size before relaxing)
 .rodata.str1.1
                0x0801c3f4      0x3dc /tmp/ccYz1CwH.ltrans13.ltrans.o
                                0x451 (size before relaxing)
 .rodata.str1.1
                0x0801c7d0        0x9 /tmp/ccYz1CwH.ltrans16.ltrans.o
 .rodata.str1.1
                0x0801c7d9       0xfb /tmp/ccYz1CwH.ltrans18.ltrans.o
                                 0xfc (size before relaxing)
 .rodata.cyclePageIds
                0x0801c8d4        0x5 /tmp/ccYz1CwH.ltrans20.ltrans.o
 .rodata.str1.1
                0x0801c8d9      0x139 /tmp/ccYz1CwH.ltrans20.ltrans.o
                                0x160 (size before relaxing)
 .rodata.str1.1
                0x0801ca12       0x27 /tmp/ccYz1CwH.ltrans21.ltrans.o
 .rodata.str1.1
                0x0801ca39     0x11ea /tmp/ccYz1CwH.ltrans22.ltrans.o
                               0x12ec (size before relaxing)
 .rodata.serialPortIdentifiers
                0x0801dc23        0x5 /tmp/ccYz1CwH.ltrans26.ltrans.o
                0x0801dc23                serialPortIdentifiers
 .rodata.rcChannelLetters
                0x0801dc28       0x15 /tmp/ccYz1CwH.ltrans26.ltrans.o
                0x0801dc28                rcChannelLetters
 .rodata._ctype_
                0x0801dc3d      0x101 /usr/lib/gcc/arm-none-eabi/4.9.3/../../../arm-none-eabi/lib/armv7-m/libc_nano.a(lib_a-ctype_.o)
                0x0801dc3d                _ctype_
 .rodata.str1.1
                0x0801dd3e        0x0 /usr/lib/gcc/arm-none-eabi/4.9.3/../../../arm-none-eabi/lib/armv7-m/libc_nano.a(lib_a-impure.o)
                                  0x2 (size before relaxing)
 *fill*         0x0801dd3e        0x2 
 .rodata.TWO23  0x0801dd40        0x8 /usr/lib/gcc/arm-none-eabi/4.9.3/../../../arm-none-eabi/lib/armv7-m/libm.a(lib_a-sf_lrint.o)
 .rodata.str1.4
                0x0801dd48        0x5 /usr/lib/gcc/arm-none-eabi/4.9.3/../../../arm-none-eabi/lib/armv7-m/libm.a(lib_a-wf_pow.o)
                                  0x8 (size before relaxing)
 *fill*         0x0801dd4d        0x3 
 .rodata.str1.4
                0x0801dd50        0x6 /usr/lib/gcc/arm-none-eabi/4.9.3/../../../arm-none-eabi/lib/armv7-m/libm.a(lib_a-wf_sqrt.o)
                                  0x8 (size before relaxing)
 *fill*         0x0801dd56        0x2 
 .rodata.dp_h   0x0801dd58        0x8 /usr/lib/gcc/arm-none-eabi/4.9.3/../../../arm-none-eabi/lib/armv7-m/libm.a(lib_a-ef_pow.o)
 .rodata.dp_l   0x0801dd60        0x8 /usr/lib/gcc/arm-none-eabi/4.9.3/../../../arm-none-eabi/lib/armv7-m/libm.a(lib_a-ef_pow.o)
 .rodata.bp     0x0801dd68        0x8 /usr/lib/gcc/arm-none-eabi/4.9.3/../../../arm-none-eabi/lib/armv7-m/libm.a(lib_a-ef_pow.o)
 .rodata.str1.4
                0x0801dd70        0x8 /usr/lib/gcc/arm-none-eabi/4.9.3/../../../arm-none-eabi/lib/armv7-m/libm.a(lib_a-ef_pow.o)
                                  0x4 (size before relaxing)
 .rodata.TWO52  0x0801dd70       0x10 /usr/lib/gcc/arm-none-eabi/4.9.3/../../../arm-none-eabi/lib/armv7-m/libm.a(lib_a-s_rint.o)
 *(.glue_7)
 .glue_7        0x0801dd80        0x0 linker stubs
 *(.glue_7t)
 .glue_7t       0x0801dd80        0x0 linker stubs
 *(.eh_frame)
 *(.init)
 *(.fini)
                0x0801dd80                . = ALIGN (0x4)
                0x0801dd80                _etext = .

.vfp11_veneer   0x0801dd80        0x0
 .vfp11_veneer  0x0801dd80        0x0 linker stubs

.v4_bx          0x0801dd80        0x0
 .v4_bx         0x0801dd80        0x0 linker stubs

.iplt           0x0801dd80        0x0
 .iplt          0x0801dd80        0x0 obj/main/NAZE/startup_stm32f10x_md_gcc.o

.ARM.extab
 *(.ARM.extab* .gnu.linkonce.armextab.*)

.ARM            0x0801dd80        0x8
                0x0801dd80                __exidx_start = .
 *(.ARM.exidx*)
 .ARM.exidx     0x0801dd80        0x8 /usr/lib/gcc/arm-none-eabi/4.9.3/armv7-m/libgcc.a(_divdi3.o)
 .ARM.exidx     0x0801dd88        0x0 /usr/lib/gcc/arm-none-eabi/4.9.3/armv7-m/libgcc.a(_udivdi3.o)
                                  0x8 (size before relaxing)
                0x0801dd88                __exidx_end = .

.rel.dyn        0x0801dd88        0x0
 .rel.iplt      0x0801dd88        0x0 obj/main/NAZE/startup_stm32f10x_md_gcc.o

.preinit_array  0x0801dd88        0x0
                [!provide]                PROVIDE (__preinit_array_start, .)
 *(.preinit_array*)
                [!provide]                PROVIDE (__preinit_array_end, .)

.init_array     0x0801dd88        0x0
                [!provide]                PROVIDE (__init_array_start, .)
 *(SORT(.init_array.*))
 *(.init_array*)
                [!provide]                PROVIDE (__init_array_end, .)

.fini_array     0x0801dd88        0x0
                [!provide]                PROVIDE (__fini_array_start, .)
 *(.fini_array*)
 *(SORT(.fini_array.*))
                [!provide]                PROVIDE (__fini_array_end, .)
                0x0801dd88                _sidata = .

.data           0x20000000      0x1ec load address 0x0801dd88
                0x20000000                . = ALIGN (0x4)
                0x20000000                _sdata = .
 *(.data)
 .data          0x20000000        0x3 /tmp/ccYz1CwH.ltrans3.ltrans.o
                0x20000002                isUsingSticksToArm.lto_priv.359
 *fill*         0x20000003        0x1 
 .data          0x20000004        0x3 /tmp/ccYz1CwH.ltrans5.ltrans.o
                0x20000004                acc_1G
 .data          0x20000007        0x3 /tmp/ccYz1CwH.ltrans7.ltrans.o
 .data          0x2000000a        0x1 /tmp/ccYz1CwH.ltrans8.ltrans.o
                0x2000000a                isEOCConnected.lto_priv.599
 *fill*         0x2000000b        0x1 
 .data          0x2000000c        0x5 /tmp/ccYz1CwH.ltrans9.ltrans.o
                0x2000000c                hse_value
                0x20000010                standardBoardAlignment.lto_priv.482
 *fill*         0x20000011        0x3 
 .data          0x20000014        0x4 /tmp/ccYz1CwH.ltrans12.ltrans.o
                0x20000014                GPS_scaleLonDown.lto_priv.575
 .data          0x20000018       0x10 /tmp/ccYz1CwH.ltrans13.ltrans.o
                0x20000018                geometry.lto_priv.364
 .data          0x20000028        0x4 /tmp/ccYz1CwH.ltrans14.ltrans.o
                0x20000028                q0.lto_priv.406
 .data          0x2000002c        0x2 /tmp/ccYz1CwH.ltrans19.ltrans.o
                0x2000002c                pif_id
 *fill*         0x2000002e        0x2 
 .data          0x20000030        0x4 /tmp/ccYz1CwH.ltrans22.ltrans.o
 .data          0x20000034        0xc /tmp/ccYz1CwH.ltrans23.ltrans.o
 .data          0x20000040        0x4 /tmp/ccYz1CwH.ltrans24.ltrans.o
                0x20000040                measurement.lto_priv.591
 .data          0x20000044        0x4 /tmp/ccYz1CwH.ltrans26.ltrans.o
                0x20000044                rcReadRawFunc.lto_priv.324
 .data          0x20000048        0xc /tmp/ccYz1CwH.ltrans28.ltrans.o
 *(.data*)
 .data.GPS_hdop
                0x20000054        0x2 /tmp/ccYz1CwH.ltrans5.ltrans.o
                0x20000054                GPS_hdop
 .data.detectedSensors
                0x20000056        0x4 /tmp/ccYz1CwH.ltrans8.ltrans.o
                0x20000056                detectedSensors
 *fill*         0x2000005a        0x2 
 .data.cfTasks  0x2000005c      0x118 /tmp/ccYz1CwH.ltrans9.ltrans.o
                0x2000005c                cfTasks
 .data.pid_controller
                0x20000174        0x4 /tmp/ccYz1CwH.ltrans14.ltrans.o
                0x20000174                pid_controller
 .data.currentTaskId
                0x20000178        0x1 /tmp/ccYz1CwH.ltrans18.ltrans.o
                0x20000178                currentTaskId
 .data.batteryCellCount
                0x20000179        0x1 /tmp/ccYz1CwH.ltrans22.ltrans.o
                0x20000179                batteryCellCount
 *fill*         0x2000017a        0x2 
 .data.SystemCoreClock
                0x2000017c        0x4 /tmp/ccYz1CwH.ltrans22.ltrans.o
                0x2000017c                SystemCoreClock
 .data.__ctype_ptr__
                0x20000180        0x4 /usr/lib/gcc/arm-none-eabi/4.9.3/../../../arm-none-eabi/lib/armv7-m/libc_nano.a(lib_a-ctype_.o)
                0x20000180                __ctype_ptr__
 .data.impure_data
                0x20000184       0x60 /usr/lib/gcc/arm-none-eabi/4.9.3/../../../arm-none-eabi/lib/armv7-m/libc_nano.a(lib_a-impure.o)
 .data._impure_ptr
                0x200001e4        0x4 /usr/lib/gcc/arm-none-eabi/4.9.3/../../../arm-none-eabi/lib/armv7-m/libc_nano.a(lib_a-impure.o)
                0x200001e4                _impure_ptr
 .data.__fdlib_version
                0x200001e8        0x1 /usr/lib/gcc/arm-none-eabi/4.9.3/../../../arm-none-eabi/lib/armv7-m/libm.a(lib_a-s_lib_ver.o)
                0x200001e8                __fdlib_version
                0x200001ec                . = ALIGN (0x4)
 *fill*         0x200001e9        0x3 
                0x200001ec                _edata = .

.igot.plt       0x200001ec        0x0 load address 0x0801df74
 .igot.plt      0x200001ec        0x0 obj/main/NAZE/startup_stm32f10x_md_gcc.o
                0x200001ec                . = ALIGN (0x4)

.bss            0x200001f0     0x34d0 load address 0x0801df74
                0x200001f0                _sbss = .
                0x200001f0                __bss_start__ = _sbss
 *(.bss)
 .bss           0x200001f0      0x504 /tmp/ccYz1CwH.ltrans0.ltrans.o
                0x200001f8                i2cOverClock.lto_priv.593
                0x2000021c                inputFilteringMode.lto_priv.588
                0x20000220                ppmDev
                0x2000034c                servos.lto_priv.590
                0x2000036d                displayPresent.lto_priv.564
                0x2000037c                gpsPacketLog
                0x20000396                ledStripDMABuffer
                0x200006c0                telemetryConfig.lto_priv.440
                0x200006c4                portConfig.lto_priv.443
                0x200006c8                frskyPortSharing.lto_priv.562
                0x200006c9                hottPortSharing.lto_priv.560
                0x200006cc                telemetryConfig.lto_priv.441
                0x200006d0                portConfig.lto_priv.445
                0x200006d4                smartPortPortSharing.lto_priv.557
                0x200006dc                portConfig.lto_priv.446
                0x200006e0                ltmPortSharing.lto_priv.555
                0x200006e1                couldBeBusy.lto_priv.582
                0x200006e4                tailAddress.lto_priv.540
 .bss           0x200006f4      0x3af /tmp/ccYz1CwH.ltrans1.ltrans.o
                0x2000070c                gyroLpfCutFreq.lto_priv.539
                0x20000780                gyroConfig.lto_priv.538
                0x200007dc                imuRuntimeConfig.lto_priv.477
                0x20000804                gyroScale.lto_priv.478
                0x20000814                smallAngleCosZ
                0x20000820                fc_acc
                0x20000824                accDeadband.lto_priv.534
                0x20000828                lookupYawRC
                0x2000083c                rxRefreshRate.lto_priv.457
                0x20000854                rcControlsConfig.lto_priv.533
                0x2000085c                escAndServoConfig.lto_priv.395
                0x20000860                throttleAngleScale
                0x20000864                mixerConfig.lto_priv.480
                0x20000868                currentMixer.lto_priv.485
                0x2000092c                rxConfig.lto_priv.536
                0x20000930                currentMixerMode.lto_priv.484
                0x20000954                gimbalConfig.lto_priv.535
                0x20000958                servoFilterState.lto_priv.481
                0x20000a78                motorControlEnable
                0x20000a7c                blackboxPort.lto_priv.429
                0x20000a80                blackboxHeaderBudget
                0x20000a84                blackboxMaxHeaderBytesPerIteration.lto_priv.427
                0x20000a88                xmitState.lto_priv.425
                0x20000a90                blackboxConditionCache.lto_priv.422
                0x20000a94                vbatReference.lto_priv.418
                0x20000a96                blackboxSlowFrameIterationTimer.lto_priv.426
                0x20000a98                blackboxPFrameIndex.lto_priv.421
                0x20000a9c                blackboxIteration.lto_priv.420
                0x20000aa0                blackboxModeActivationConditionPresent.lto_priv.419
                0x20000aa1                blackboxPortSharing.lto_priv.428
                0x20000aa2                blackboxLoggedAnyFrames.lto_priv.424
 *fill*         0x20000aa3        0x1 
 .bss           0x20000aa4      0x164 /tmp/ccYz1CwH.ltrans2.ltrans.o
                0x20000aa4                printfSerialPort.lto_priv.530
                0x20000ac4                servo
                0x20000ad4                GPS_ground_course
                0x20000ad6                GPS_update
                0x20000ad7                GPS_numCh
                0x20000ad8                GPS_svinfo_chn
                0x20000ae8                GPS_svinfo_svid
                0x20000af8                GPS_svinfo_quality
                0x20000b08                GPS_svinfo_cno
                0x20000b18                debug
                0x20000b20                blackboxState.lto_priv.393
                0x20000b84                pwmIOConfiguration.lto_priv.486
 .bss           0x20000c08      0x1d0 /tmp/ccYz1CwH.ltrans3.ltrans.o
                0x20000c0e                rxMspFrameDone.lto_priv.361
                0x20000c0f                ppmFrameCount.lto_priv.589
                0x20000c3d                rcSampleIndex.lto_priv.456
                0x20000c88                rcInvalidPulsPeriod
                0x20000cd1                rxFlightChannelsValid.lto_priv.551
                0x20000cec                rxConfig.lto_priv.319
                0x20000cf0                deadband3dThrottle.lto_priv.476
                0x20000cf4                disarmAt.lto_priv.417
                0x20000cfb                AccInflightCalibrationMeasurementDone
                0x20000cfc                AccInflightCalibrationSavetoEEProm
                0x20000cfe                calibratingA
                0x20000d00                InflightcalibratingA
                0x20000d02                AccInflightCalibrationActive
                0x20000d04                adjustmentStates
                0x20000d38                escAndServoConfig.lto_priv.358
                0x20000d3c                magHold
                0x20000d3e                headFreeModeHold
                0x20000d40                nav_mode
                0x20000d44                gpsProfile.lto_priv.399
                0x20000d48                GPS_hold
                0x20000d52                nav_rated.lto_priv.401
                0x20000d56                nav.lto_priv.400
                0x20000d84                poshold_ratePID.lto_priv.566
                0x20000dac                navPID.lto_priv.567
                0x20000dd4                isRXDataNew.lto_priv.403
                0x20000dd5                haveProcessedAnnexCodeOnce.lto_priv.392
                0x20000dd6                initialThrottleHold.lto_priv.402
 .bss           0x20000dd8       0x35 /tmp/ccYz1CwH.ltrans4.ltrans.o
 *fill*         0x20000e0d        0x3 
 .bss           0x20000e10       0xf0 /tmp/ccYz1CwH.ltrans5.ltrans.o
                0x20000e10                frskyTelemetryEnabled.lto_priv.563
                0x20000e1a                accSmooth
                0x20000e20                vario
                0x20000e24                BaroAlt
                0x20000e28                baroTemperature
                0x20000e30                telemetryConfig.lto_priv.292
                0x20000e34                amperage
                0x20000e38                GPS_speed
                0x20000e3a                GPS_altitude
                0x20000e3c                GPS_numSat
                0x20000e40                GPS_coord
                0x20000e48                hottTelemetryEnabled.lto_priv.561
                0x20000e50                hottEAMMessage.lto_priv.447
                0x20000e80                telemetryConfig.lto_priv.293
                0x20000e84                hottGPSMessage.lto_priv.448
                0x20000eb0                GPS_distanceToHome
                0x20000eb2                GPS_directionToHome
                0x20000ebc                hottPort.lto_priv.554
                0x20000ecc                portConfig.lto_priv.444
                0x20000ed2                smartPortTelemetryEnabled.lto_priv.558
                0x20000ed4                smartPortSerialPort.lto_priv.553
                0x20000ed8                smartPortState
                0x20000edc                smartPortLastRequestTime.lto_priv.559
                0x20000ee2                ltmEnabled.lto_priv.556
                0x20000ee4                ltmPort.lto_priv.552
                0x20000ef0                EstAlt.lto_priv.308
                0x20000ef4                rssi
                0x20000ef8                GPS_home
 .bss           0x20000f00      0x6c4 /tmp/ccYz1CwH.ltrans6.ltrans.o
 .bss           0x200015c4       0xa0 /tmp/ccYz1CwH.ltrans7.ltrans.o
                0x200015c4                ledStripInitialised.lto_priv.449
                0x200015c6                ledColorBuffer.lto_priv.450
                0x20001654                ledCount
                0x20001658                rxSignalReceived.lto_priv.313
                0x20001660                highestYValueForNorth
                0x20001661                lowestXValueForEast
                0x20001662                lowestYValueForSouth
                0x20001663                highestXValueForWest
 .bss           0x20001664      0x120 /tmp/ccYz1CwH.ltrans8.ltrans.o
                0x20001664                acc
                0x20001670                gyro
                0x20001684                mpuDetectionResult
                0x20001688                mpuConfiguration
                0x20001694                mpuIntExtiConfig.lto_priv.600
                0x20001699                gyroAlign
                0x2000169a                useFifo.lto_priv.601
                0x2000169c                ms5611_c.lto_priv.597
                0x200016b0                bmp085.lto_priv.598
                0x200016d4                baro
                0x200016ec                extiHandlerConfigs.lto_priv.284
                0x20001708                bmp280_cal.lto_priv.596
                0x20001724                enabledSensors.lto_priv.234
                0x20001728                mpuDividerDrops
                0x2000172c                targetLooptime
                0x20001730                hmc5883Config.lto_priv.592
                0x20001734                mag
                0x2000173c                magneticDeclination
                0x20001740                serialConfig.lto_priv.266
                0x20001744                findSharedSerialPortState.lto_priv.312
                0x20001748                serialPortUsageList.lto_priv.265
 .bss           0x20001784      0x300 /tmp/ccYz1CwH.ltrans9.ltrans.o
                0x20001784                ibusChannelData.lto_priv.328
                0x200017e5                xBusChannelCount.lto_priv.467
                0x200017e6                xBusFrameReceived.lto_priv.329
                0x200017e8                spekChannelData.lto_priv.346
                0x20001818                sumhChannels.lto_priv.332
                0x20001838                sumdChannels.lto_priv.337
                0x20001858                sbusChannelData.lto_priv.340
                0x200018a0                mspFrame.lto_priv.360
                0x200018c4                captures.lto_priv.325
                0x200018e1                ibus.lto_priv.327
                0x20001901                ibusFrameDone.lto_priv.326
                0x2000190c                xBusFramePosition.lto_priv.465
                0x2000190d                xBusDataIncoming.lto_priv.464
                0x2000190e                xBusFrameLength.lto_priv.466
                0x2000190f                xBusProvider.lto_priv.468
                0x20001915                spekFrame.lto_priv.342
                0x20001925                rcFrameComplete.lto_priv.341
                0x20001931                sumhFrame.lto_priv.331
                0x20001946                sumhFrameDone.lto_priv.330
                0x2000194d                sumdFrameDone.lto_priv.333
                0x2000194e                crc.lto_priv.334
                0x20001950                sumdChannelCount.lto_priv.335
                0x20001951                sumd.lto_priv.336
                0x2000197d                sbusFrame.lto_priv.339
                0x20001996                sbusFrameDone.lto_priv.338
                0x200019a4                boardRotation.lto_priv.483
                0x200019c8                batteryConfig
                0x200019cc                mAhDrawn
                0x200019d0                adcConfig
                0x200019e0                adcValues
                0x200019e8                vbatLatestADC
                0x200019ec                vbatFilterState.lto_priv.439
                0x20001a10                vbat
                0x20001a14                rxConfig.lto_priv.320
                0x20001a18                suspendRxSignalUntil.lto_priv.323
                0x20001a1c                skipRxSamples.lto_priv.322
                0x20001a20                sysTickUptime.lto_priv.235
                0x20001a24                failsafeState.lto_priv.290
                0x20001a48                warningLedState.lto_priv.268
                0x20001a4c                warningLedTimer.lto_priv.404
                0x20001a50                flightModeFlags
                0x20001a54                rcModeActivationMask
                0x20001a58                activeBoxIdCount.lto_priv.362
                0x20001a59                activeBoxIds.lto_priv.363
                0x20001a78                currentPort.lto_priv.355
                0x20001a7c                writer.lto_priv.356
                0x20001a80                mspSerialPort.lto_priv.357
 .bss           0x20001a84        0x7 /tmp/ccYz1CwH.ltrans10.ltrans.o
 *fill*         0x20001a8b        0x1 
 .bss           0x20001a8c       0x48 /tmp/ccYz1CwH.ltrans11.ltrans.o
                0x20001a8c                serialPortCount.lto_priv.365
                0x20001a8e                lookupThrottleRC
                0x20001aa6                lookupPitchRollRC
                0x20001ab4                beeperIsOn.lto_priv.352
                0x20001ab8                beeperNextToggleTime.lto_priv.351
                0x20001abc                beeperPos.lto_priv.353
                0x20001ac0                currentBeeperEntry.lto_priv.350
                0x20001ac4                dmaHandlers.lto_priv.451
 .bss           0x20001ad4      0x242 /tmp/ccYz1CwH.ltrans12.ltrans.o
                0x20001cb8                GPS_WP.lto_priv.569
                0x20001cc0                wp_distance.lto_priv.570
                0x20001cc4                target_bearing.lto_priv.571
                0x20001cc8                error.lto_priv.576
                0x20001cd0                posholdPID_PARAM.lto_priv.577
                0x20001ce0                poshold_ratePID_PARAM.lto_priv.578
                0x20001cf4                waypoint_speed_gov.lto_priv.574
                0x20001cf8                original_target_bearing.lto_priv.573
                0x20001d00                nav_bearing.lto_priv.572
                0x20001d04                navPID_PARAM.lto_priv.579
                0x20001d14                nav_takeoff_bearing.lto_priv.580
 *fill*         0x20001d16        0x2 
 .bss           0x20001d18       0x44 /tmp/ccYz1CwH.ltrans13.ltrans.o
                0x20001d18                cliBuffer.lto_priv.370
                0x20001d48                bufferIndex.lto_priv.369
                0x20001d4c                currentProfile
                0x20001d50                colors
                0x20001d54                ledConfigs
                0x20001d58                servoConf.lto_priv.285
 .bss           0x20001d5c      0x2f0 /tmp/ccYz1CwH.ltrans14.ltrans.o
                0x20001d5c                usTicks.lto_priv.497
                0x20001d60                rcCommand
                0x20001d68                attitude
                0x20001d70                gyroADC
                0x20001d7c                PIDweight
                0x20001d80                errorGyroI.lto_priv.317
                0x20001d8c                stateFlags
                0x20001d8d                motorLimitReached
                0x20001dc0                axisPID
                0x20001dc8                axisPID_P
                0x20001dd4                axisPID_I
                0x20001de0                axisPID_D
                0x20001dec                deltaFilterState.lto_priv.288
                0x20001e58                errorAngleI.lto_priv.289
                0x20001e60                dynP8
                0x20001e78                dynD8
                0x20001e7b                motorCount
                0x20001e84                pif_datetime
                0x20001e8c                g_timer_1ms
                0x20001eb4                motor
                0x20001ecc                motors.lto_priv.487
                0x20001efc                timerConfig
                0x20001f9c                flight3DConfig.lto_priv.394
                0x20001fa0                escAndServoConfig.lto_priv.396
                0x20001fa4                servoRuleCount.lto_priv.398
                0x20001fa5                currentServoMixer.lto_priv.397
                0x20002018                customServoMixers.lto_priv.494
                0x2000201c                q1.lto_priv.407
                0x20002020                q2.lto_priv.408
                0x20002024                q3.lto_priv.409
                0x20002028                rMat.lto_priv.309
 .bss           0x2000204c      0x600 /tmp/ccYz1CwH.ltrans15.ltrans.o
 .bss           0x2000264c       0x9a /tmp/ccYz1CwH.ltrans16.ltrans.o
                0x20002664                bufferHead.lto_priv.544
                0x20002665                bufferTail.lto_priv.581
                0x20002666                flashWriteBuffer.lto_priv.545
 *fill*         0x200026e6        0x2 
 .bss           0x200026e8      0x120 /tmp/ccYz1CwH.ltrans17.ltrans.o
                0x2000270c                uartPort3.lto_priv.584
                0x20002760                uartPort2.lto_priv.585
                0x200027b4                uartPort1.lto_priv.586
 .bss           0x20002808      0x1a4 /tmp/ccYz1CwH.ltrans18.ltrans.o
                0x20002818                barometerConfig.lto_priv.306
                0x200028f4                pif_timer1us
                0x2000290c                sonarMaxTiltCos
                0x20002910                calculatedAltitude.lto_priv.366
                0x20002914                sonarCfAltCm
                0x2000291c                sonarMaxAltWithTiltCm
                0x20002920                accSumCount
                0x20002924                accSum
                0x20002930                accVelScale
                0x20002934                barometerConfig.lto_priv.307
                0x20002940                AltHold
                0x20002944                pidProfile.lto_priv.531
                0x20002948                errorVelocityI
                0x2000294c                altHoldThrottleAdjustment
                0x20002950                velocityControl
                0x20002954                lastMeasurementAt.lto_priv.453
                0x20002958                sonarHardware.lto_priv.452
                0x20002964                magADC
                0x20002980                magInit.lto_priv.479
                0x20002984                gpsData
                0x200029a4                gpsConfig.lto_priv.454
 .bss           0x200029ac       0xd8 /tmp/ccYz1CwH.ltrans19.ltrans.o
                0x200029ac                pif_cumulative_timer1ms
                0x200029b0                pif_act_timer1us
                0x200029b4                s_table.lto_priv.501
                0x20002a34                pidProfile.lto_priv.314
                0x20002a38                activeFeaturesLatch.lto_priv.231
                0x20002a3c                s_current_task.lto_priv.410
                0x20002a40                s_task_stack_ptr.lto_priv.433
                0x20002a58                s_it_current.lto_priv.431
                0x20002a5c                s_table_number.lto_priv.500
                0x20002a60                s_tasks.lto_priv.430
                0x20002a7c                s_task_cutin.lto_priv.432
 .bss           0x20002a84       0x40 /tmp/ccYz1CwH.ltrans20.ltrans.o
                0x20002aa8                GPS_packetCount
                0x20002ab0                GPS_svInfoReceivedCount
                0x20002abc                GPS_garbageByteCount
 .bss           0x20002ac4       0x62 /tmp/ccYz1CwH.ltrans22.ltrans.o
                0x20002ac4                cliPort.lto_priv.368
                0x20002ac8                gpsPort.lto_priv.310
                0x20002acc                pageState.lto_priv.316
                0x20002ae0                cliWriter.lto_priv.257
                0x20002ae4                currentControlRateProfileIndex.lto_priv.315
                0x20002ae8                currentControlRateProfile
                0x20002aec                motor_disarmed
                0x20002b04                pif_performance
                0x20002b0c                batteryState.lto_priv.291
                0x20002b0e                i2cErrorCount.lto_priv.367
                0x20002b10                beep_multiBeeps.lto_priv.267
 *fill*         0x20002b26        0x2 
 .bss           0x20002b28        0x5 /tmp/ccYz1CwH.ltrans23.ltrans.o
                0x20002b28                I2Cx.lto_priv.594
                0x20002b2c                I2Cx_index.lto_priv.595
 *fill*         0x20002b2d        0x3 
 .bss           0x20002b30       0x21 /tmp/ccYz1CwH.ltrans24.ltrans.o
 *fill*         0x20002b51        0x3 
 .bss           0x20002b54      0x19d /tmp/ccYz1CwH.ltrans25.ltrans.o
                0x20002b54                gpsHistory.lto_priv.546
                0x20002b68                blackboxHistory.lto_priv.548
                0x20002b74                blackboxHistoryRing.lto_priv.549
                0x20002ce8                blackboxIFrameIndex.lto_priv.547
                0x20002cec                blackboxLastArmingBeep.lto_priv.550
                0x20002cf0                systemState.lto_priv.434
 *fill*         0x20002cf1        0x3 
 .bss           0x20002cf4      0x8ec /tmp/ccYz1CwH.ltrans26.ltrans.o
                0x20002cf4                string.8845.lto_priv.568
                0x20002d04                rcData
                0x20002d28                mspPorts.lto_priv.232
                0x20002dc0                masterConfig
                0x200035d8                rxRuntimeConfigPtr.lto_priv.344
                0x200035dc                rxRuntimeConfig
                0x200035dd                spek_chan_shift.lto_priv.343
                0x200035de                spek_chan_mask.lto_priv.345
                0x200035df                spekHiRes.lto_priv.230
 .bss           0x200035e0       0x24 /tmp/ccYz1CwH.ltrans27.ltrans.o
                0x200035e4                batteryWarningVoltage
                0x200035e6                batteryCriticalVoltage
                0x200035f0                amperageLatestADC
                0x20003600                armingBeepTimeMicros.lto_priv.423
 .bss           0x20003604       0x54 /tmp/ccYz1CwH.ltrans28.ltrans.o
                0x2000360c                errorGyroIf.lto_priv.318
                0x20003618                dT
                0x20003654                failsafeConfig.lto_priv.321
 .bss           0x20003658       0x35 /tmp/ccYz1CwH.ltrans29.ltrans.o
                0x20003658                accADC
                0x20003664                accelerationTrims.lto_priv.537
                0x2000368c                isAccelUpdatedAtLeastOnce.lto_priv.405
 *(SORT(.bss*))
 *fill*         0x2000368d        0x3 
 .bss.systemBeepPtr
                0x20003690        0x4 /tmp/ccYz1CwH.ltrans14.ltrans.o
                0x20003690                systemBeepPtr
 .bss.accTimeSum
                0x20003694        0x4 /tmp/ccYz1CwH.ltrans18.ltrans.o
                0x20003694                accTimeSum
 .bss.setVelocity
                0x20003698        0x4 /tmp/ccYz1CwH.ltrans18.ltrans.o
                0x20003698                setVelocity
 .bss.__malloc_sbrk_start
                0x2000369c        0x4 /usr/lib/gcc/arm-none-eabi/4.9.3/../../../arm-none-eabi/lib/armv7-m/libc_nano.a(lib_a-nano-mallocr.o)
                0x2000369c                __malloc_sbrk_start
 .bss.__malloc_free_list
                0x200036a0        0x4 /usr/lib/gcc/arm-none-eabi/4.9.3/../../../arm-none-eabi/lib/armv7-m/libc_nano.a(lib_a-nano-mallocr.o)
                0x200036a0                __malloc_free_list
 .bss.heap_end.4079
                0x200036a4        0x4 /usr/lib/gcc/arm-none-eabi/4.9.3/../../../arm-none-eabi/lib/armv7-m/libnosys.a(sbrk.o)
 .bss.calibratingG
                0x200036a8        0x2 /tmp/ccYz1CwH.ltrans3.ltrans.o
                0x200036a8                calibratingG
 .bss.GPS_angle
                0x200036aa        0x4 /tmp/ccYz1CwH.ltrans14.ltrans.o
                0x200036aa                GPS_angle
 .bss.calibratingB
                0x200036ae        0x2 /tmp/ccYz1CwH.ltrans18.ltrans.o
                0x200036ae                calibratingB
 .bss.cycleTime
                0x200036b0        0x2 /tmp/ccYz1CwH.ltrans22.ltrans.o
                0x200036b0                cycleTime
 .bss.ws2811LedDataTransferInProgress
                0x200036b2        0x1 /tmp/ccYz1CwH.ltrans7.ltrans.o
                0x200036b2                ws2811LedDataTransferInProgress
 .bss.accAlign  0x200036b3        0x1 /tmp/ccYz1CwH.ltrans8.ltrans.o
                0x200036b3                accAlign
 .bss.hardwareRevision
                0x200036b4        0x1 /tmp/ccYz1CwH.ltrans8.ltrans.o
                0x200036b4                hardwareRevision
 .bss.magAlign  0x200036b5        0x1 /tmp/ccYz1CwH.ltrans8.ltrans.o
                0x200036b5                magAlign
 .bss.armingFlags
                0x200036b6        0x1 /tmp/ccYz1CwH.ltrans9.ltrans.o
                0x200036b6                armingFlags
 .bss.cliMode   0x200036b7        0x1 /tmp/ccYz1CwH.ltrans13.ltrans.o
                0x200036b7                cliMode
 .bss.pif_error
                0x200036b8        0x1 /tmp/ccYz1CwH.ltrans19.ltrans.o
                0x200036b8                pif_error
 .bss.CHAR_FORMAT
                0x200036b9        0x1 /tmp/ccYz1CwH.ltrans23.ltrans.o
 *(COMMON)
 *fill*         0x200036ba        0x2 
 COMMON         0x200036bc        0x4 /usr/lib/gcc/arm-none-eabi/4.9.3/../../../arm-none-eabi/lib/armv7-m/libc_nano.a(lib_a-reent.o)
                0x200036bc                errno
                0x200036c0                . = ALIGN (0x4)
                0x200036c0                _ebss = .
                0x200036c0                __bss_end__ = _ebss

._user_heap_stack
                0x200036c0      0x400 load address 0x0801df74
                0x200036c0                . = ALIGN (0x4)
                0x200036c0                PROVIDE (end, .)
                [!provide]                PROVIDE (_end, .)
                0x200036c0                . = (. + _Min_Heap_Size)
                0x20003ac0                . = (. + _Min_Stack_Size)
 *fill*         0x200036c0      0x400 
                0x20003ac0                . = ALIGN (0x4)

.memory_b1_text
 *(.mb1text)
 *(.mb1text*)
 *(.mb1rodata)
 *(.mb1rodata*)

/DISCARD/
 libc.a(*)
 libm.a(*)
 libgcc.a(*)

.ARM.attributes
                0x00000000       0x2f
 *(.ARM.attributes)
 .ARM.attributes
                0x00000000       0x21 obj/main/NAZE/startup_stm32f10x_md_gcc.o
 .ARM.attributes
                0x00000021       0x31 /tmp/ccYz1CwH.ltrans0.ltrans.o
 .ARM.attributes
                0x00000052       0x31 /tmp/ccYz1CwH.ltrans1.ltrans.o
 .ARM.attributes
                0x00000083       0x31 /tmp/ccYz1CwH.ltrans2.ltrans.o
 .ARM.attributes
                0x000000b4       0x31 /tmp/ccYz1CwH.ltrans3.ltrans.o
 .ARM.attributes
                0x000000e5       0x31 /tmp/ccYz1CwH.ltrans4.ltrans.o
 .ARM.attributes
                0x00000116       0x31 /tmp/ccYz1CwH.ltrans5.ltrans.o
 .ARM.attributes
                0x00000147       0x31 /tmp/ccYz1CwH.ltrans6.ltrans.o
 .ARM.attributes
                0x00000178       0x31 /tmp/ccYz1CwH.ltrans7.ltrans.o
 .ARM.attributes
                0x000001a9       0x31 /tmp/ccYz1CwH.ltrans8.ltrans.o
 .ARM.attributes
                0x000001da       0x31 /tmp/ccYz1CwH.ltrans9.ltrans.o
 .ARM.attributes
                0x0000020b       0x31 /tmp/ccYz1CwH.ltrans10.ltrans.o
 .ARM.attributes
                0x0000023c       0x31 /tmp/ccYz1CwH.ltrans11.ltrans.o
 .ARM.attributes
                0x0000026d       0x31 /tmp/ccYz1CwH.ltrans12.ltrans.o
 .ARM.attributes
                0x0000029e       0x31 /tmp/ccYz1CwH.ltrans13.ltrans.o
 .ARM.attributes
                0x000002cf       0x31 /tmp/ccYz1CwH.ltrans14.ltrans.o
 .ARM.attributes
                0x00000300       0x31 /tmp/ccYz1CwH.ltrans15.ltrans.o
 .ARM.attributes
                0x00000331       0x31 /tmp/ccYz1CwH.ltrans16.ltrans.o
 .ARM.attributes
                0x00000362       0x31 /tmp/ccYz1CwH.ltrans17.ltrans.o
 .ARM.attributes
                0x00000393       0x31 /tmp/ccYz1CwH.ltrans18.ltrans.o
 .ARM.attributes
                0x000003c4       0x31 /tmp/ccYz1CwH.ltrans19.ltrans.o
 .ARM.attributes
                0x000003f5       0x31 /tmp/ccYz1CwH.ltrans20.ltrans.o
 .ARM.attributes
                0x00000426       0x31 /tmp/ccYz1CwH.ltrans21.ltrans.o
 .ARM.attributes
                0x00000457       0x31 /tmp/ccYz1CwH.ltrans22.ltrans.o
 .ARM.attributes
                0x00000488       0x31 /tmp/ccYz1CwH.ltrans23.ltrans.o
 .ARM.attributes
                0x000004b9       0x31 /tmp/ccYz1CwH.ltrans24.ltrans.o
 .ARM.attributes
                0x000004ea       0x31 /tmp/ccYz1CwH.ltrans25.ltrans.o
 .ARM.attributes
                0x0000051b       0x31 /tmp/ccYz1CwH.ltrans26.ltrans.o
 .ARM.attributes
                0x0000054c       0x31 /tmp/ccYz1CwH.ltrans27.ltrans.o
 .ARM.attributes
                0x0000057d       0x31 /tmp/ccYz1CwH.ltrans28.ltrans.o
 .ARM.attributes
                0x000005ae       0x31 /tmp/ccYz1CwH.ltrans29.ltrans.o
 .ARM.attributes
                0x000005df       0x2d /usr/lib/gcc/arm-none-eabi/4.9.3/../../../arm-none-eabi/lib/armv7-m/libc_nano.a(lib_a-atoi.o)
 .ARM.attributes
                0x0000060c       0x2d /usr/lib/gcc/arm-none-eabi/4.9.3/../../../arm-none-eabi/lib/armv7-m/libc_nano.a(lib_a-ctype_.o)
 .ARM.attributes
                0x00000639       0x2d /usr/lib/gcc/arm-none-eabi/4.9.3/../../../arm-none-eabi/lib/armv7-m/libc_nano.a(lib_a-strtok.o)
 .ARM.attributes
                0x00000666       0x2d /usr/lib/gcc/arm-none-eabi/4.9.3/../../../arm-none-eabi/lib/armv7-m/libc_nano.a(lib_a-strtok_r.o)
 .ARM.attributes
                0x00000693       0x2d /usr/lib/gcc/arm-none-eabi/4.9.3/../../../arm-none-eabi/lib/armv7-m/libc_nano.a(lib_a-strtol.o)
 .ARM.attributes
                0x000006c0       0x2d /usr/lib/gcc/arm-none-eabi/4.9.3/../../../arm-none-eabi/lib/armv7-m/libc_nano.a(lib_a-impure.o)
 .ARM.attributes