Archive member included to satisfy reference by file (symbol)

/usr/lib/gcc/arm-none-eabi/4.9.3/../../../arm-none-eabi/lib/armv7-m/libc_nano.a(lib_a-atoi.o)
                              obj/main/NAZE/../controller/io/ledstrip.o (symbol from plugin) (atoi)
/usr/lib/gcc/arm-none-eabi/4.9.3/../../../arm-none-eabi/lib/armv7-m/libc_nano.a(lib_a-ctype_.o)
                              obj/main/NAZE/../controller/flight/gps_conversion.o (symbol from plugin) (__ctype_ptr__)
/usr/lib/gcc/arm-none-eabi/4.9.3/../../../arm-none-eabi/lib/armv7-m/libc_nano.a(lib_a-strtok.o)
                              obj/main/NAZE/../controller/io/serial_cli.o (symbol from plugin) (strtok)
/usr/lib/gcc/arm-none-eabi/4.9.3/../../../arm-none-eabi/lib/armv7-m/libc_nano.a(lib_a-strtok_r.o)
                              /usr/lib/gcc/arm-none-eabi/4.9.3/../../../arm-none-eabi/lib/armv7-m/libc_nano.a(lib_a-strtok.o) (__strtok_r)
/usr/lib/gcc/arm-none-eabi/4.9.3/../../../arm-none-eabi/lib/armv7-m/libc_nano.a(lib_a-strtol.o)
                              /usr/lib/gcc/arm-none-eabi/4.9.3/../../../arm-none-eabi/lib/armv7-m/libc_nano.a(lib_a-atoi.o) (_strtol_r)
/usr/lib/gcc/arm-none-eabi/4.9.3/../../../arm-none-eabi/lib/armv7-m/libc_nano.a(lib_a-impure.o)
                              /usr/lib/gcc/arm-none-eabi/4.9.3/../../../arm-none-eabi/lib/armv7-m/libc_nano.a(lib_a-strtok.o) (_impure_ptr)
/usr/lib/gcc/arm-none-eabi/4.9.3/../../../arm-none-eabi/lib/armv7-m/libc_nano.a(lib_a-malloc.o)
                              /usr/lib/gcc/arm-none-eabi/4.9.3/../../../arm-none-eabi/lib/armv7-m/libc_nano.a(lib_a-strtok.o) (malloc)
/usr/lib/gcc/arm-none-eabi/4.9.3/../../../arm-none-eabi/lib/armv7-m/libc_nano.a(lib_a-nano-freer.o)
                              /usr/lib/gcc/arm-none-eabi/4.9.3/../../../arm-none-eabi/lib/armv7-m/libc_nano.a(lib_a-malloc.o) (_free_r)
/usr/lib/gcc/arm-none-eabi/4.9.3/../../../arm-none-eabi/lib/armv7-m/libc_nano.a(lib_a-nano-mallocr.o)
                              /usr/lib/gcc/arm-none-eabi/4.9.3/../../../arm-none-eabi/lib/armv7-m/libc_nano.a(lib_a-malloc.o) (_malloc_r)
/usr/lib/gcc/arm-none-eabi/4.9.3/../../../arm-none-eabi/lib/armv7-m/libc_nano.a(lib_a-sbrkr.o)
                              /usr/lib/gcc/arm-none-eabi/4.9.3/../../../arm-none-eabi/lib/armv7-m/libc_nano.a(lib_a-nano-mallocr.o) (_sbrk_r)
/usr/lib/gcc/arm-none-eabi/4.9.3/../../../arm-none-eabi/lib/armv7-m/libc_nano.a(lib_a-reent.o)
                              /usr/lib/gcc/arm-none-eabi/4.9.3/../../../arm-none-eabi/lib/armv7-m/libc_nano.a(lib_a-sbrkr.o) (errno)
/usr/lib/gcc/arm-none-eabi/4.9.3/../../../arm-none-eabi/lib/armv7-m/libnosys.a(sbrk.o)
                              /usr/lib/gcc/arm-none-eabi/4.9.3/../../../arm-none-eabi/lib/armv7-m/libc_nano.a(lib_a-sbrkr.o) (_sbrk)
/usr/lib/gcc/arm-none-eabi/4.9.3/../../../arm-none-eabi/lib/armv7-m/libm.a(lib_a-sf_lrint.o)
                              /tmp/ccyCSzti.ltrans1.ltrans.o (lrintf)
/usr/lib/gcc/arm-none-eabi/4.9.3/../../../arm-none-eabi/lib/armv7-m/libm.a(lib_a-wf_pow.o)
                              /tmp/ccyCSzti.ltrans21.ltrans.o (powf)
/usr/lib/gcc/arm-none-eabi/4.9.3/../../../arm-none-eabi/lib/armv7-m/libm.a(lib_a-wf_sqrt.o)
                              /tmp/ccyCSzti.ltrans1.ltrans.o (sqrtf)
/usr/lib/gcc/arm-none-eabi/4.9.3/../../../arm-none-eabi/lib/armv7-m/libm.a(lib_a-ef_pow.o)
                              /usr/lib/gcc/arm-none-eabi/4.9.3/../../../arm-none-eabi/lib/armv7-m/libm.a(lib_a-wf_pow.o) (__ieee754_powf)
/usr/lib/gcc/arm-none-eabi/4.9.3/../../../arm-none-eabi/lib/armv7-m/libm.a(lib_a-ef_sqrt.o)
                              /usr/lib/gcc/arm-none-eabi/4.9.3/../../../arm-none-eabi/lib/armv7-m/libm.a(lib_a-wf_sqrt.o) (__ieee754_sqrtf)
/usr/lib/gcc/arm-none-eabi/4.9.3/../../../arm-none-eabi/lib/armv7-m/libm.a(lib_a-s_lib_ver.o)
                              /usr/lib/gcc/arm-none-eabi/4.9.3/../../../arm-none-eabi/lib/armv7-m/libm.a(lib_a-wf_pow.o) (__fdlib_version)
/usr/lib/gcc/arm-none-eabi/4.9.3/../../../arm-none-eabi/lib/armv7-m/libm.a(lib_a-s_matherr.o)
                              /usr/lib/gcc/arm-none-eabi/4.9.3/../../../arm-none-eabi/lib/armv7-m/libm.a(lib_a-wf_pow.o) (matherr)
/usr/lib/gcc/arm-none-eabi/4.9.3/../../../arm-none-eabi/lib/armv7-m/libm.a(lib_a-s_rint.o)
                              /usr/lib/gcc/arm-none-eabi/4.9.3/../../../arm-none-eabi/lib/armv7-m/libm.a(lib_a-wf_pow.o) (rint)
/usr/lib/gcc/arm-none-eabi/4.9.3/../../../arm-none-eabi/lib/armv7-m/libm.a(lib_a-sf_fabs.o)
                              /usr/lib/gcc/arm-none-eabi/4.9.3/../../../arm-none-eabi/lib/armv7-m/libm.a(lib_a-ef_pow.o) (fabsf)
/usr/lib/gcc/arm-none-eabi/4.9.3/../../../arm-none-eabi/lib/armv7-m/libm.a(lib_a-sf_finite.o)
                              /usr/lib/gcc/arm-none-eabi/4.9.3/../../../arm-none-eabi/lib/armv7-m/libm.a(lib_a-wf_pow.o) (finitef)
/usr/lib/gcc/arm-none-eabi/4.9.3/../../../arm-none-eabi/lib/armv7-m/libm.a(lib_a-sf_fpclassify.o)
[...]
Memory Configuration

Name             Origin             Length             Attributes
FLASH            0x08000000         0x0001f000         xr
RAM              0x20000000         0x00005000         xrw
MEMORY_B1        0x60000000         0x00000000         xr
*default*        0x00000000         0xffffffff

Linker script and memory map

LOAD obj/main/NAZE/startup_stm32f10x_md_gcc.o
LOAD obj/main/NAZE/drivers/accgyro_adxl345.o
LOAD /tmp/ccyCSzti.ltrans0.ltrans.o
LOAD /tmp/ccyCSzti.ltrans1.ltrans.o
LOAD /tmp/ccyCSzti.ltrans2.ltrans.o
LOAD /tmp/ccyCSzti.ltrans3.ltrans.o
LOAD /tmp/ccyCSzti.ltrans4.ltrans.o
LOAD /tmp/ccyCSzti.ltrans5.ltrans.o
LOAD /tmp/ccyCSzti.ltrans6.ltrans.o
LOAD /tmp/ccyCSzti.ltrans7.ltrans.o
LOAD /tmp/ccyCSzti.ltrans8.ltrans.o
LOAD /tmp/ccyCSzti.ltrans9.ltrans.o
LOAD /tmp/ccyCSzti.ltrans10.ltrans.o
LOAD /tmp/ccyCSzti.ltrans11.ltrans.o
LOAD /tmp/ccyCSzti.ltrans12.ltrans.o
LOAD /tmp/ccyCSzti.ltrans13.ltrans.o
LOAD /tmp/ccyCSzti.ltrans14.ltrans.o
LOAD /tmp/ccyCSzti.ltrans15.ltrans.o
LOAD /tmp/ccyCSzti.ltrans16.ltrans.o
LOAD /tmp/ccyCSzti.ltrans17.ltrans.o
LOAD /tmp/ccyCSzti.ltrans18.ltrans.o
LOAD /tmp/ccyCSzti.ltrans19.ltrans.o
LOAD /tmp/ccyCSzti.ltrans20.ltrans.o
LOAD /tmp/ccyCSzti.ltrans21.ltrans.o
LOAD /tmp/ccyCSzti.ltrans22.ltrans.o
LOAD /tmp/ccyCSzti.ltrans23.ltrans.o
LOAD /tmp/ccyCSzti.ltrans24.ltrans.o
LOAD /tmp/ccyCSzti.ltrans25.ltrans.o
LOAD /tmp/ccyCSzti.ltrans26.ltrans.o
LOAD /tmp/ccyCSzti.ltrans27.ltrans.o
LOAD /tmp/ccyCSzti.ltrans28.ltrans.o
LOAD obj/main/NAZE/drivers/accgyro_bma280.o
LOAD obj/main/NAZE/drivers/accgyro_l3g4200d.o
LOAD obj/main/NAZE/drivers/accgyro_mma845x.o
LOAD obj/main/NAZE/drivers/accgyro_mpu.o
LOAD obj/main/NAZE/drivers/accgyro_mpu3050.o
LOAD obj/main/NAZE/drivers/accgyro_mpu6050.o
LOAD obj/main/NAZE/drivers/accgyro_mpu6500.o
LOAD obj/main/NAZE/drivers/accgyro_spi_mpu6500.o
LOAD obj/main/NAZE/drivers/adc.o
LOAD obj/main/NAZE/drivers/adc_stm32f10x.o
LOAD obj/main/NAZE/drivers/barometer_bmp085.o
LOAD obj/main/NAZE/drivers/barometer_ms5611.o
LOAD obj/main/NAZE/drivers/barometer_bmp280.o
LOAD obj/main/NAZE/drivers/bus_spi.o
LOAD obj/main/NAZE/drivers/bus_i2c_stm32f10x.o
LOAD obj/main/NAZE/drivers/compass_hmc5883l.o
LOAD obj/main/NAZE/drivers/display_ug2864hsweg01.o
LOAD obj/main/NAZE/drivers/flash_m25p16.o
LOAD obj/main/NAZE/drivers/gpio_stm32f10x.o
LOAD obj/main/NAZE/drivers/inverter.o
LOAD obj/main/NAZE/drivers/light_led_stm32f10x.o
LOAD obj/main/NAZE/drivers/light_ws2811strip.o
LOAD obj/main/NAZE/drivers/light_ws2811strip_stm32f10x.o
LOAD obj/main/NAZE/drivers/sonar_hcsr04.o
LOAD obj/main/NAZE/drivers/pwm_mapping.o
LOAD obj/main/NAZE/drivers/pwm_output.o
LOAD obj/main/NAZE/drivers/pwm_rx.o
LOAD obj/main/NAZE/drivers/serial_softserial.o
LOAD obj/main/NAZE/drivers/serial_uart.o
LOAD obj/main/NAZE/drivers/serial_uart_stm32f10x.o
LOAD obj/main/NAZE/drivers/sound_beeper_stm32f10x.o
LOAD obj/main/NAZE/drivers/system_stm32f10x.o
LOAD obj/main/NAZE/drivers/timer.o
LOAD obj/main/NAZE/drivers/timer_stm32f10x.o
LOAD obj/main/NAZE/../controller/io/flashfs.o
LOAD obj/main/NAZE/hardware_revision.o
LOAD obj/main/NAZE/../controller/flight/gtune.o
LOAD obj/main/NAZE/../controller/flight/navigation.o
LOAD obj/main/NAZE/../controller/flight/gps_conversion.o
LOAD obj/main/NAZE/../controller/common/colorconversion.o
LOAD obj/main/NAZE/../controller/io/gps.o
LOAD obj/main/NAZE/../controller/io/ledstrip.o
LOAD obj/main/NAZE/../controller/io/display.o
LOAD obj/main/NAZE/../controller/telemetry/telemetry.o
LOAD obj/main/NAZE/../controller/telemetry/frsky.o
LOAD obj/main/NAZE/../controller/telemetry/hott.o
LOAD obj/main/NAZE/../controller/telemetry/smartport.o
LOAD obj/main/NAZE/../controller/telemetry/ltm.o
LOAD obj/main/NAZE/../controller/sensors/sonar.o
LOAD obj/main/NAZE/../controller/sensors/barometer.o
LOAD obj/main/NAZE/../controller/blackbox/blackbox.o
LOAD obj/main/NAZE/../controller/blackbox/blackbox_io.o
LOAD obj/main/NAZE/build_config.o
LOAD obj/main/NAZE/debug.o
LOAD obj/main/NAZE/../controller/version.o
LOAD obj/main/NAZE/../controller/config/config.o
LOAD obj/main/NAZE/../controller/config/runtime_config.o
LOAD obj/main/NAZE/../controller/common/maths.o
LOAD obj/main/NAZE/../controller/common/printf.o
LOAD obj/main/NAZE/../controller/common/typeconversion.o
LOAD obj/main/NAZE/../controller/common/encoding.o
LOAD obj/main/NAZE/../controller/common/filter.o
LOAD obj/main/NAZE/../controller/scheduler.o
LOAD obj/main/NAZE/../controller/scheduler_tasks.o
LOAD obj/main/NAZE/main.o
LOAD obj/main/NAZE/../controller/mw.o
LOAD obj/main/NAZE/../controller/flight/altitudehold.o
LOAD obj/main/NAZE/../controller/flight/failsafe.o
LOAD obj/main/NAZE/../controller/flight/pid.o
LOAD obj/main/NAZE/../controller/flight/imu.o
LOAD obj/main/NAZE/../controller/flight/mixer.o
LOAD obj/main/NAZE/drivers/bus_i2c_soft.o
LOAD obj/main/NAZE/drivers/serial.o
LOAD obj/main/NAZE/drivers/sound_beeper.o
LOAD obj/main/NAZE/drivers/system.o
LOAD obj/main/NAZE/drivers/dma.o
LOAD obj/main/NAZE/drivers/buf_writer.o
LOAD obj/main/NAZE/drivers/gyro_sync.o
LOAD obj/main/NAZE/../controller/io/beeper.o
LOAD obj/main/NAZE/../controller/io/rc_controls.o
LOAD obj/main/NAZE/../controller/io/rc_curves.o
LOAD obj/main/NAZE/../controller/io/serial.o
LOAD obj/main/NAZE/../controller/io/serial_1wire.o
LOAD obj/main/NAZE/../controller/io/serial_cli.o
LOAD obj/main/NAZE/../controller/io/serial_msp.o
LOAD obj/main/NAZE/../controller/io/statusindicator.o
LOAD obj/main/NAZE/../controller/rx/rx.o
LOAD obj/main/NAZE/../controller/rx/pwm.o
LOAD obj/main/NAZE/../controller/rx/msp.o
LOAD obj/main/NAZE/../controller/rx/sbus.o
LOAD obj/main/NAZE/../controller/rx/sumd.o
LOAD obj/main/NAZE/../controller/rx/sumh.o
LOAD obj/main/NAZE/../controller/rx/spektrum.o
LOAD obj/main/NAZE/../controller/rx/xbus.o
LOAD obj/main/NAZE/../controller/rx/ibus.o
LOAD obj/main/NAZE/../controller/sensors/acceleration.o
LOAD obj/main/NAZE/../controller/sensors/battery.o
LOAD obj/main/NAZE/../controller/sensors/boardalignment.o
LOAD obj/main/NAZE/../controller/sensors/compass.o
LOAD obj/main/NAZE/../controller/sensors/gyro.o
LOAD obj/main/NAZE/../controller/sensors/initialisation.o
LOAD obj/main/NAZE/../controller/pif_linker.o
LOAD obj/main/NAZE/core_cm3.o
LOAD obj/main/NAZE/system_stm32f10x.o
LOAD obj/main/NAZE/stm32f10x_dma.o
LOAD obj/main/NAZE/stm32f10x_dbgmcu.o
LOAD obj/main/NAZE/stm32f10x_dac.o
LOAD obj/main/NAZE/stm32f10x_rtc.o
LOAD obj/main/NAZE/stm32f10x_pwr.o
LOAD obj/main/NAZE/stm32f10x_i2c.o
LOAD obj/main/NAZE/stm32f10x_sdio.o
LOAD obj/main/NAZE/stm32f10x_rcc.o
LOAD obj/main/NAZE/stm32f10x_flash.o
LOAD obj/main/NAZE/stm32f10x_usart.o
LOAD obj/main/NAZE/stm32f10x_tim.o
LOAD obj/main/NAZE/stm32f10x_wwdg.o
LOAD obj/main/NAZE/misc.o
LOAD obj/main/NAZE/stm32f10x_iwdg.o
LOAD obj/main/NAZE/stm32f10x_adc.o
LOAD obj/main/NAZE/stm32f10x_spi.o
LOAD obj/main/NAZE/stm32f10x_bkp.o
LOAD obj/main/NAZE/stm32f10x_exti.o
LOAD obj/main/NAZE/stm32f10x_fsmc.o
LOAD obj/main/NAZE/stm32f10x_gpio.o
LOAD obj/main/NAZE/../../pif/source/communication/pif_i2c.o
LOAD obj/main/NAZE/../../pif/source/core/pif.o
LOAD obj/main/NAZE/../../pif/source/core/pif_obj_array.o
LOAD obj/main/NAZE/../../pif/source/core/pif_task.o
LOAD obj/main/NAZE/../../pif/source/core/pif_timer.o
LOAD obj/main/NAZE/../../pif/source/sensor/pif_imu_sensor.o
LOAD obj/main/NAZE/../../pif/source/sensor/pif_bmp280.o
LOAD obj/main/NAZE/../../pif/source/sensor/pif_mpu6500.o
LOAD /usr/lib/gcc/arm-none-eabi/4.9.3/../../../arm-none-eabi/lib/armv7-m/libm.a
LOAD /usr/lib/gcc/arm-none-eabi/4.9.3/../../../arm-none-eabi/lib/armv7-m/libc_nano.a
LOAD /usr/lib/gcc/arm-none-eabi/4.9.3/../../../arm-none-eabi/lib/armv7-m/libnosys.a
START GROUP
LOAD /usr/lib/gcc/arm-none-eabi/4.9.3/armv7-m/libgcc.a
LOAD /usr/lib/gcc/arm-none-eabi/4.9.3/../../../arm-none-eabi/lib/armv7-m/libg_nano.a
LOAD /usr/lib/gcc/arm-none-eabi/4.9.3/../../../arm-none-eabi/lib/armv7-m/libc_nano.a
END GROUP
START GROUP
LOAD /usr/lib/gcc/arm-none-eabi/4.9.3/armv7-m/libgcc.a
LOAD /usr/lib/gcc/arm-none-eabi/4.9.3/../../../arm-none-eabi/lib/armv7-m/libc_nano.a
END GROUP
                0x20005000                _estack = (ORIGIN (RAM) + LENGTH (RAM))
                0x00000000                _Min_Heap_Size = 0x0
                0x00000400                _Min_Stack_Size = 0x400

.isr_vector     0x08000000      0x10c
                0x08000000                . = ALIGN (0x4)
                [!provide]                PROVIDE (isr_vector_table_base, .)
 *(.isr_vector)
 .isr_vector    0x08000000      0x10c obj/main/NAZE/startup_stm32f10x_md_gcc.o
                0x08000000                g_pfnVectors
                0x0800010c                . = ALIGN (0x4)

.text           0x08000110    0x1d6f8
                0x08000110                . = ALIGN (0x4)
 *(.text)
 .text          0x08000110     0x2530 /tmp/ccyCSzti.ltrans0.ltrans.o
                0x08000110                init
 .text          0x08002640     0x22d0 /tmp/ccyCSzti.ltrans1.ltrans.o
                0x08002640                taskMainPidLoopChecker
 .text          0x08004910     0x20f0 /tmp/ccyCSzti.ltrans2.ltrans.o
                0x08004910                taskHandleSerial
 .text          0x08006a00     0x1730 /tmp/ccyCSzti.ltrans3.ltrans.o
                0x08006a00                taskUpdateRxMain
 .text          0x08008130      0xcc0 /tmp/ccyCSzti.ltrans4.ltrans.o
                0x08008130                taskTelemetry
 .text          0x08008df0      0x818 /tmp/ccyCSzti.ltrans5.ltrans.o
                0x08009040                mpuIsDataReady
                0x08009138                pifMpuGyroRead
                0x080091a0                pifMpuAccRead
                0x080092bc                mpu6500GyroInit
                0x080094b4                mpu6500AccInit
                0x080094c8                i2cRead
                0x08009548                mpuReadRegisterI2C.lto_priv.465
                0x0800955c                i2cWriteBuffer
                0x080095dc                i2cWrite
                0x080095f0                mpuWriteRegisterI2C.lto_priv.466
                0x080095fa                I2C2_EV_IRQHandler
                0x080095fe                I2C2_ER_IRQHandler
                0x08009600                I2C1_EV_IRQHandler
                0x08009604                I2C1_ER_IRQHandler
 .text          0x08009608      0xcc8 /tmp/ccyCSzti.ltrans6.ltrans.o
                0x0800965e                cliShowArgumentRangeError.lto_priv.237
                0x08009678                cliAux.lto_priv.220
                0x08009764                cliShowParseError.lto_priv.238
                0x08009770                cliColor.lto_priv.221
                0x08009850                cliLed.lto_priv.224
                0x08009a68                cliRxRange.lto_priv.228
                0x08009b44                cliMotorMix.lto_priv.225
                0x08009d3c                cliAdjustmentRange.lto_priv.219
                0x08009e98                cliRxFail.lto_priv.229
                0x08009fd0                cliPrompt.lto_priv.373
                0x08009fec                waitForSerialPortToFinishTransmitting
                0x0800a002                serialRemovePort
                0x0800a034                closeSerialPort
                0x0800a05c                openSerialPort
                0x0800a0fc                serialFindPortConfiguration
                0x0800a124                cliSerial.lto_priv.231
                0x0800a268                doesConfigurationUsePort
                0x0800a27e                determinePortSharing
                0x0800a292                findNextSerialPortConfig
                0x0800a2c4                findSerialPortConfig
 .text          0x0800a2d0      0xd7c /tmp/ccyCSzti.ltrans7.ltrans.o
                0x0800a2f8                ibusReadRawRC.lto_priv.454
                0x0800a304                xBusReadRawRC.lto_priv.452
                0x0800a3c4                spektrumReadRawRC.lto_priv.203
                0x0800a3f0                sumhReadRawRC.lto_priv.445
                0x0800a408                sumdReadRawRC.lto_priv.443
                0x0800a41c                sbusReadRawRC.lto_priv.441
                0x0800a44c                rxMspReadRawRC.lto_priv.456
                0x0800a45c                ppmReadRawRC.lto_priv.458
                0x0800a46c                pwmReadRawRC.lto_priv.457
                0x0800a47c                nullReadRawRC.lto_priv.205
                0x0800a480                ibusDataReceive.lto_priv.455
                0x0800a4cc                xBusDataReceive.lto_priv.453
                0x0800a5a8                spektrumDataReceive.lto_priv.204
                0x0800a5f8                sumhDataReceive.lto_priv.446
                0x0800a644                sumdDataReceive.lto_priv.444
                0x0800a6f0                sbusDataReceive.lto_priv.442
                0x0800a748                TIM_ICInit
                0x0800a970                FLASH_WaitForLastOperation
                0x0800a992                RCC_GetClocksFreq
                0x0800aa24                DMA_StructInit
                0x0800aa3e                DMA_Init
                0x0800aa7a                DMA_DeInit
                0x0800ab6c                SystemInit
                0x0800abb8                alignSensors
                0x0800ad34                calculateBatteryCapacityRemainingPercentage
                0x0800ad7c                batteryAdcToVoltage
                0x0800ada8                updateBatteryVoltage.lto_priv.335
                0x0800ade0                getRxfailValue.lto_priv.330
                0x0800ae40                resumeRxSignal
                0x0800ae68                suspendRxSignal
                0x0800ae94                warningLedRefresh
                0x0800aedc                packFlightModeFlags.lto_priv.372
                0x0800b00c                mspReleasePortIfAllocated
 .text          0x0800b04c      0xb78 /tmp/ccyCSzti.ltrans8.ltrans.o
                0x0800b06c                pwmOverflowCallback.lto_priv.476
                0x0800b094                ppmEdgeCallback.lto_priv.477
                0x0800b220                ppmOverflowCallback.lto_priv.478
                0x0800b260                pwmWriteStandard.lto_priv.473
                0x0800b270                pwmWriteBrushed.lto_priv.474
                0x0800b294                ws2811DMAHandler
                0x0800b308                applyChangedBits
                0x0800b332                serialICConfig.lto_priv.573
                0x0800b466                pwmICConfig
                0x0800b4a0                pwmEdgeCallback.lto_priv.475
                0x0800b4f8                pwmWriteServo
                0x0800b510                EXTI9_5_IRQHandler
                0x0800b512                EXTI1_IRQHandler
                0x0800b514                EXTI0_IRQHandler
                0x0800b516                ws2811UpdateStrip
                0x0800b6e8                gpioExtiLineConfig
                0x0800b712                gpioInit
                0x0800b776                openSoftSerial
                0x0800b910                pwmOutConfig.lto_priv.512
 .text          0x0800bbc4      0x634 /tmp/ccyCSzti.ltrans9.ltrans.o
                0x0800bbc4                taskLedStrip
 .text          0x0800c1f8      0xa84 /tmp/ccyCSzti.ltrans10.ltrans.o
                0x0800c340                blackboxWrite
                0x0800c4d8                blackboxAdvanceIterationTimers.lto_priv.392
                0x0800c514                blackboxLogEvent
                0x0800c5c4                blackboxLogIteration.lto_priv.393
                0x0800cb20                sendFieldDefinition.lto_priv.394
 .text          0x0800cc7c      0xd74 /tmp/ccyCSzti.ltrans11.ltrans.o
                0x0800cc94                gpsNewFrame
                0x0800d23c                gpsSetState.lto_priv.293
                0x0800d258                GPS_distance_cm_bearing.isra.3.lto_priv.569
                0x0800d2dc                gpsNewData.part.2.lto_priv.240
 .text          0x0800d9f0      0xbec /tmp/ccyCSzti.ltrans12.ltrans.o
                0x0800d9f0                dmaNoOpHandler
                0x0800d9f2                micros
                0x0800da28                beepInverted.lto_priv.480
                0x0800da3c                beepNormal.lto_priv.481
                0x0800dd14                generateThrottleCurve
                0x0800dda4                generatePitchRollCurve
                0x0800ddd8                isRangeActive.part.3.lto_priv.328
                0x0800de20                isModeActivationConditionPresent
                0x0800de42                calculateThrottleStatus
                0x0800de78                blackboxLogInflightAdjustmentEvent
                0x0800dea0                bufWriterFlush
                0x0800deb8                bufWriterAppend
                0x0800ded4                DMA1_Channel7_IRQHandler
                0x0800dee8                DMA1_Channel6_IRQHandler
                0x0800defc                DMA1_Channel3_IRQHandler
                0x0800df10                DMA1_Channel2_IRQHandler
                0x0800df24                delayMicroseconds
                0x0800df3a                delay
                0x0800df4e                SysTick_Handler
                0x0800e0e0                EXTI15_10_IRQHandler
                0x0800e100                systemBeep
                0x0800e10c                beeperSilence
                0x0800e13c                beeper
                0x0800e188                beeperConfirmationBeeps
                0x0800e1b8                failureMode
                0x0800e24c                registerExtiCallbackHandler
                0x0800e27c                serialSetMode
                0x0800e282                isSerialTransmitBufferEmpty
                0x0800e288                serialSetBaudRate
                0x0800e28e                serialRead
                0x0800e294                serialRxBytesWaiting
                0x0800e29a                serialWrite
                0x0800e2a0                serialWriteBufShim
                0x0800e2dc                writeMotors
                0x0800e380                stopMotors
                0x0800e3c8                mixerResetDisarmedMotors
                0x0800e400                loadCustomServoMixer
                0x0800e450                determineServoMiddleOrForwardFromChannel
                0x0800e484                imuComputeRotationMatrix.lto_priv.397
                0x0800e5b8                pidSetController
 .text          0x0800e5dc      0xd0c /tmp/ccyCSzti.ltrans13.ltrans.o
                0x0800e5dc                cliPlaySound.lto_priv.361
                0x0800e67c                cliMotor.lto_priv.360
                0x0800e718                cliServo.lto_priv.362
                0x0800e85c                cliHelp.lto_priv.357
                0x0800e8a0                cliMixer.lto_priv.359
                0x0800e944                cliMap.lto_priv.358
                0x0800e9e8                cliGpsPassthrough.lto_priv.356
                0x0800eaa4                cliFeature.lto_priv.353
                0x0800eb9c                cliExit.lto_priv.352
                0x0800ec1c                cliDump.lto_priv.351
                0x0800ef6c                cliFlashErase.lto_priv.354
                0x0800ef98                cliFlashInfo.lto_priv.355
                0x0800efd0                cliServoMix.lto_priv.363
 .text          0x0800f2e8      0x718 /tmp/ccyCSzti.ltrans14.ltrans.o
                0x0800f372                isSoftSerialTransmitBufferEmpty
                0x0800f37e                softSerialSetMode
                0x0800f382                softSerialWriteByte
                0x0800f3a0                softSerialTxBytesFree
                0x0800f3c2                softSerialRxBytesWaiting
                0x0800f3e0                softSerialReadByte
                0x0800f53c                softSerialSetBaudRate
                0x0800f54c                onSerialRxPinChange
                0x0800f5ea                usartIrqCallback
                0x0800f64e                uartStartTxDMA
                0x0800f6b0                uartOpen
 .text          0x0800fa00      0xc0c /tmp/ccyCSzti.ltrans15.ltrans.o
                0x0800fa06                activateControlRateConfig
                0x0800fa4c                isEEPROMContentValid.lto_priv.513
                0x0800fa90                readEEPROM
                0x0800fe14                resetConf.lto_priv.216
                0x080102c8                blackboxDeviceReserveBufferSpace
                0x08010328                isBlackboxDeviceFull
                0x08010354                blackboxDeviceFlushForce
                0x08010378                blackboxWriteTag2_3S32
                0x08010498                blackboxWriteUnsignedVB
                0x080104b8                blackboxWriteSignedVB
                0x080104c0                blackboxPrint
                0x08010598                blackboxPrintfHeaderLine
                0x080105e8                blackboxPrintf
 .text          0x0801060c      0x988 /tmp/ccyCSzti.ltrans16.ltrans.o
                0x080106d0                wrap_18000.lto_priv.396
                0x080106f4                GPS_set_next_wp
                0x08010780                gpsUsePIDs
                0x08010820                GPS_reset_home_position
                0x08010874                calculate_Gtune
                0x08010a30                flashfsAdvanceTailInBuffer.lto_priv.527
                0x08010a60                flashfsGetDirtyDataBuffers.lto_priv.525
                0x08010a98                flashfsGetOffset
                0x08010ab8                flashfsWriteBuffers.lto_priv.526
                0x08010c0c                flashfsFlushSync
                0x08010c44                flashfsFlushAsync
                0x08010c88                flashfsTransmitBufferUsed.lto_priv.395
                0x08010ca8                flashfsEraseCompletely
                0x08010cf8                TIM4_IRQHandler
                0x08010d08                TIM3_IRQHandler
                0x08010d18                TIM2_IRQHandler
                0x08010d24                TIM1_UP_IRQHandler
                0x08010d34                TIM1_CC_IRQHandler
                0x08010d44                configTimeBase
                0x08010dec                timerConfigure
                0x08010e40                lookupTimerIndex.lto_priv.267
                0x08010e7c                timerChConfigCallbacks
                0x08010f34                USART3_IRQHandler
                0x08010f40                USART2_IRQHandler
                0x08010f4c                USART1_IRQHandler
                0x08010f58                DMA1_Channel4_IRQHandler
 .text          0x08010f94      0x940 /tmp/ccyCSzti.ltrans17.ltrans.o
                0x08010f94                _doTask.lto_priv.209
                0x08011074                pifMpu6500_ReadAccel
                0x080110de                pifMpu6500_ReadGyro
                0x08011148                _processingTask.part.1.lto_priv.416
                0x08011278                pifObjArray_Remove
                0x080112ba                pifTaskManager_Remove
                0x08011328                pifObjArray_Add
                0x08011354                pifTaskManager_Add
                0x08011558                pifObjArray_Clear
                0x08011588                pifI2cDevice_WriteRegByte
                0x08011620                _doTask.lto_priv.210
                0x08011820                GPIO_Init
                0x080118bc                SPI_I2S_DeInit.part.0.lto_priv.511
 .text          0x080118d4      0x41c /tmp/ccyCSzti.ltrans18.ltrans.o
                0x080118d4                mwArm
                0x08011c6c                mwDisarm
                0x08011cd4                HardFault_Handler
 .text          0x08011cf0      0x974 /tmp/ccyCSzti.ltrans19.ltrans.o
                0x08011d3c                drawHorizonalPercentageBar
                0x08011d8e                updateDisplay
                0x080124c4                applyDirectionalModeColor
                0x080125a4                reevalulateLedConfig
 .text          0x08012664      0xb70 /tmp/ccyCSzti.ltrans20.ltrans.o
                0x0801275e                _putc.lto_priv.484
                0x0801276c                setTaskEnabled
                0x080127d0                applyBiQuadFilter
                0x08012836                BiQuadNewLpf
                0x08012908                fastA2F
                0x08012a34                ftoa
                0x08012b00                _i2a.lto_priv.207
                0x08012b28                tfp_format
                0x08012cfe                tfp_sprintf
                0x08012d28                applyDeadband
                0x08012d46                acosf
                0x08012dc0                atan2f
                0x08012ec4                sinf
                0x08012fac                cosf
                0x08012fc0                sensorsSet
                0x08012fd0                disableFlightMode
                0x08012ff0                enableFlightMode
                0x08013010                featureClear
                0x08013020                handleOneshotFeatureChangeOnRestart
                0x08013074                writeEEPROM
                0x080131c0                saveConfigAndNotify
 .text          0x080131d4      0x8d0 /tmp/ccyCSzti.ltrans21.ltrans.o
                0x080131d4                taskUpdateDisplay
                0x080131ec                taskCalculateAltitude
                0x08013670                taskUpdateSonar
                0x080136b0                taskUpdateCompass
                0x080137fc                taskProcessGPS
 .text          0x08013aa4      0x7c0 /tmp/ccyCSzti.ltrans22.ltrans.o
                0x08013aa4                NVIC_Init.part.0.constprop.200
                0x08013ae0                EXTI_Init.part.0.constprop.195
                0x08013b34                _alignSensors.constprop.191
                0x08013c6c                pifI2cDevice_Read.constprop.182
                0x08013d08                spiTransferByte.constprop.144
                0x08013d28                spiTransfer.constprop.143
                0x08013d68                pifObjArray_Init.part.0.constprop.140
                0x08013dc0                initI2cDevice.constprop.136
                0x08013e24                GPS_coord_to_degrees.constprop.114
                0x08013ee4                grab_fields.constprop.113
                0x08013f30                drawRxChannel.constprop.109
                0x08013f7c                blackboxWriteSigned16VBArray.constprop.82
                0x08013f9c                blackboxWriteSignedVBArray.constprop.81
                0x08013fb6                mspAllocateSerialPorts.constprop.79
                0x08014030                resetSerialConfig.constprop.75
                0x0801408c                parseRcChannels.constprop.65
                0x080140c8                itoa.constprop.60
                0x080140ea                spektrumInit.constprop.46
                0x0801416c                findNextSharedSerialPort.constprop.20
                0x080141d0                setAdjustment.constprop.18
                0x0801425c                headSerialError.constprop.12
 .text          0x08014264      0x714 /tmp/ccyCSzti.ltrans23.ltrans.o
                0x08014284                hmc5883lRead
                0x080142fc                actI2cRead.lto_priv.201
                0x0801430c                hmc5883lInit
                0x08014520                actI2cWrite.lto_priv.202
                0x08014530                m25p16_isReady
                0x08014578                m25p16_waitForReady
                0x08014598                m25p16_readBytes
                0x080145e4                i2c_OLED_send_byte.lto_priv.551
                0x080145ee                i2c_OLED_send_char
                0x08014624                i2c_OLED_send_string
                0x08014636                i2c_OLED_send_cmd.lto_priv.510
                0x08014640                ug2864hsweg01InitI2C.part.0.lto_priv.509
                0x0801471e                i2c_OLED_set_line
                0x08014736                i2c_OLED_set_xy
                0x08014760                i2cInit.lto_priv.206
 .text          0x08014978      0x710 /tmp/ccyCSzti.ltrans24.ltrans.o
                0x0801497c                read8.lto_priv.367
                0x08014990                read16.lto_priv.368
                0x080149a4                read32.lto_priv.369
                0x080149b6                serialize8.lto_priv.366
                0x080149d4                tailSerialReply.lto_priv.364
                0x080149f4                headSerialResponse.lto_priv.208
                0x08014a3c                headSerialReply.lto_priv.365
                0x08014a42                serialize16.lto_priv.370
                0x08014a54                serialize32.lto_priv.371
                0x08014a66                cliWrite.lto_priv.242
                0x08014a74                cliPrintf.lto_priv.236
                0x08014a9c                cliVersion.lto_priv.235
                0x08014ad0                cliTasks.lto_priv.234
                0x08014b20                cliPrintVar.lto_priv.243
                0x08014c0c                cliRateProfile.lto_priv.227
                0x08014c50                cliProfile.lto_priv.226
                0x08014c8c                cliPrint.lto_priv.239
                0x08014ca8                cliStatus.lto_priv.233
                0x08014dc0                cliGet.lto_priv.223
                0x08014e18                cliSet.lto_priv.232
                0x0801501c                cliReboot.lto_priv.241
                0x08015054                cliDefaults.lto_priv.222
                0x08015070                cliSave.lto_priv.230
 .text          0x08015088      0x624 /tmp/ccyCSzti.ltrans25.ltrans.o
                0x08015088                evtBaroRead.lto_priv.485
                0x08015248                sonarRead
                0x080152e0                ltm_finalise.lto_priv.283
                0x080152f8                ltm_serialise_8.lto_priv.284
                0x0801531c                ltm_serialise_32.lto_priv.285
                0x0801533e                ltm_serialise_16.lto_priv.287
                0x08015350                ltm_initialise_packet.lto_priv.286
                0x08015384                smartPortSendPackage.lto_priv.282
                0x080153ec                workAroundForHottTelemetryOnUsart.isra.0.lto_priv.281
                0x08015418                flushHottRxBuffer.lto_priv.280
                0x08015434                serialize16.lto_priv.277
                0x08015448                sendTelemetryTail.lto_priv.276
                0x08015458                sendDataHead.lto_priv.278
                0x0801547c                sendLatLong.lto_priv.279
                0x080154f4                telemetryCheckState
 *fill*         0x080156ac        0x4 
 .text          0x080156b0      0x940 /tmp/ccyCSzti.ltrans26.ltrans.o
                0x080156b0                filterIsSetCheck
                0x080156f0                scaleItermToRcInput
                0x080157c4                pidMultiWii23.lto_priv.252
                0x08015b6c                pidLuxFloat.lto_priv.251
                0x08015f98                pidResetErrorAngle
                0x08015fb0                failsafeActivate.lto_priv.329
 .text          0x08015ff0      0x338 /tmp/ccyCSzti.ltrans27.ltrans.o
                0x08015ff0                taskUpdateBattery
                0x080161f8                taskUpdateBeeper
 .text          0x08016328      0x200 /tmp/ccyCSzti.ltrans28.ltrans.o
                0x08016328                taskUpdateAccelerometer
 .text          0x08016528      0x370 /usr/lib/gcc/arm-none-eabi/4.9.3/armv7-m/libgcc.a(_arm_addsubdf3.o)
                0x08016528                __aeabi_drsub
                0x08016530                __aeabi_dsub
                0x08016530                __subdf3
                0x08016534                __adddf3
                0x08016534                __aeabi_dadd
                0x080167ac                __aeabi_ui2d
                0x080167ac                __floatunsidf
                0x080167cc                __floatsidf
                0x080167cc                __aeabi_i2d
                0x080167f0                __extendsfdf2
                0x080167f0                __aeabi_f2d
                0x0801682c                __aeabi_ul2d
                0x0801682c                __floatundidf
                0x0801683c                __floatdidf
                0x0801683c                __aeabi_l2d
 .text          0x08016898      0x424 /usr/lib/gcc/arm-none-eabi/4.9.3/armv7-m/libgcc.a(_arm_muldivdf3.o)
                0x08016898                __aeabi_dmul
                0x08016898                __muldf3
                0x08016aec                __aeabi_ddiv
                0x08016aec                __divdf3
 .text          0x08016cbc      0x110 /usr/lib/gcc/arm-none-eabi/4.9.3/armv7-m/libgcc.a(_arm_cmpdf2.o)
                0x08016cbc                __gtdf2
                0x08016cbc                __gedf2
                0x08016cc4                __ltdf2
                0x08016cc4                __ledf2
                0x08016ccc                __cmpdf2
                0x08016ccc                __eqdf2
                0x08016ccc                __nedf2
                0x08016d48                __aeabi_cdrcmple
                0x08016d58                __aeabi_cdcmple
                0x08016d58                __aeabi_cdcmpeq
                0x08016d68                __aeabi_dcmpeq
                0x08016d7c                __aeabi_dcmplt
                0x08016d90                __aeabi_dcmple
                0x08016da4                __aeabi_dcmpge
                0x08016db8                __aeabi_dcmpgt
 .text          0x08016dcc       0xa0 /usr/lib/gcc/arm-none-eabi/4.9.3/armv7-m/libgcc.a(_arm_truncdfsf2.o)
                0x08016dcc                __aeabi_d2f
                0x08016dcc                __truncdfsf2
 .text          0x08016e6c      0x21c /usr/lib/gcc/arm-none-eabi/4.9.3/armv7-m/libgcc.a(_arm_addsubsf3.o)
                0x08016e6c                __aeabi_frsub
                0x08016e74                __subsf3
                0x08016e74                __aeabi_fsub
                0x08016e78                __aeabi_fadd
                0x08016e78                __addsf3
                0x08016fd8                __aeabi_ui2f
                0x08016fd8                __floatunsisf
                0x08016fe0                __aeabi_i2f
                0x08016fe0                __floatsisf
                0x08016ffc                __floatundisf
                0x08016ffc                __aeabi_ul2f
                0x0801700c                __floatdisf
                0x0801700c                __aeabi_l2f
 .text          0x08017088      0x2a0 /usr/lib/gcc/arm-none-eabi/4.9.3/armv7-m/libgcc.a(_arm_muldivsf3.o)
                0x08017088                __mulsf3
                0x08017088                __aeabi_fmul
                0x080171f0                __divsf3
                0x080171f0                __aeabi_fdiv
 .text          0x08017328       0xec /usr/lib/gcc/arm-none-eabi/4.9.3/armv7-m/libgcc.a(_arm_cmpsf2.o)
                0x08017328                __gtsf2
                0x08017328                __gesf2
                0x08017330                __lesf2
                0x08017330                __ltsf2
                0x08017338                __nesf2
                0x08017338                __eqsf2
                0x08017338                __cmpsf2
                0x08017398                __aeabi_cfrcmple
                0x080173a0                __aeabi_cfcmple
                0x080173a0                __aeabi_cfcmpeq
                0x080173b0                __aeabi_fcmpeq
                0x080173c4                __aeabi_fcmplt
                0x080173d8                __aeabi_fcmple
                0x080173ec                __aeabi_fcmpge
                0x08017400                __aeabi_fcmpgt
 .text          0x08017414       0x4c /usr/lib/gcc/arm-none-eabi/4.9.3/armv7-m/libgcc.a(_arm_fixsfsi.o)
                0x08017414                __fixsfsi
                0x08017414                __aeabi_f2iz
 .text          0x08017460       0x40 /usr/lib/gcc/arm-none-eabi/4.9.3/armv7-m/libgcc.a(_arm_fixunssfsi.o)
                0x08017460                __aeabi_f2uiz
                0x08017460                __fixunssfsi
 .text          0x080174a0       0x38 /usr/lib/gcc/arm-none-eabi/4.9.3/armv7-m/libgcc.a(_aeabi_ldivmod.o)
                0x080174a0                __aeabi_ldivmod
 .text          0x080174d8       0x60 /usr/lib/gcc/arm-none-eabi/4.9.3/armv7-m/libgcc.a(bpabi.o)
                0x080174d8                __gnu_ldivmod_helper
                0x08017508                __gnu_uldivmod_helper
 .text          0x08017538        0x4 /usr/lib/gcc/arm-none-eabi/4.9.3/armv7-m/libgcc.a(_dvmd_tls.o)
                0x08017538                __aeabi_ldiv0
                0x08017538                __aeabi_idiv0
 .text          0x0801753c      0x2ac /usr/lib/gcc/arm-none-eabi/4.9.3/armv7-m/libgcc.a(_divdi3.o)
                0x0801753c                __divdi3
 .text          0x080177e8      0x270 /usr/lib/gcc/arm-none-eabi/4.9.3/armv7-m/libgcc.a(_udivdi3.o)
                0x080177e8                __udivdi3
 *(.text*)
 .text.Reset_Handler
                0x08017a58       0x9c obj/main/NAZE/startup_stm32f10x_md_gcc.o
                0x08017a58                Reset_Handler
 .text.Default_Handler
                0x08017af4        0x2 obj/main/NAZE/startup_stm32f10x_md_gcc.o
                0x08017af4                EXTI2_IRQHandler
                0x08017af4                DebugMon_Handler
                0x08017af4                PVD_IRQHandler
                0x08017af4                PendSV_Handler
                0x08017af4                NMI_Handler
                0x08017af4                EXTI3_IRQHandler
                0x08017af4                UsageFault_Handler
                0x08017af4                ADC1_2_IRQHandler
                0x08017af4                SPI1_IRQHandler
                0x08017af4                TAMPER_IRQHandler
                0x08017af4                RTC_IRQHandler
                0x08017af4                CAN1_RX1_IRQHandler
                0x08017af4                RCC_IRQHandler
                0x08017af4                TIM1_TRG_COM_IRQHandler
                0x08017af4                DMA1_Channel1_IRQHandler
                0x08017af4                Default_Handler
                0x08017af4                SPI2_IRQHandler
                0x08017af4                MemManage_Handler
                0x08017af4                SVC_Handler
                0x08017af4                DMA1_Channel5_IRQHandler
                0x08017af4                EXTI4_IRQHandler
                0x08017af4                USB_LP_CAN1_RX0_IRQHandler
                0x08017af4                USB_HP_CAN1_TX_IRQHandler
                0x08017af4                WWDG_IRQHandler
                0x08017af4                TIM1_BRK_IRQHandler
                0x08017af4                RTCAlarm_IRQHandler
                0x08017af4                CAN1_SCE_IRQHandler
                0x08017af4                FLASH_IRQHandler
                0x08017af4                BusFault_Handler
                0x08017af4                USBWakeUp_IRQHandler
 *fill*         0x08017af6        0x2 
 .text.unlikely
                0x08017af8       0x28 /tmp/ccyCSzti.ltrans17.ltrans.o
                0x08017af8                pifTask_ChangePeriod
 .text.startup  0x08017b20      0x334 /tmp/ccyCSzti.ltrans18.ltrans.o
                0x08017b20                main
 .text.unlikely
                0x08017e54       0x28 /tmp/ccyCSzti.ltrans22.ltrans.o
                0x08017e54                rescheduleTask.part.0.constprop.59
 .text.atoi     0x08017e7c        0x8 /usr/lib/gcc/arm-none-eabi/4.9.3/../../../arm-none-eabi/lib/armv7-m/libc_nano.a(lib_a-atoi.o)
                0x08017e7c                atoi
 .text.strtok   0x08017e84       0x64 /usr/lib/gcc/arm-none-eabi/4.9.3/../../../arm-none-eabi/lib/armv7-m/libc_nano.a(lib_a-strtok.o)
                0x08017e84                strtok
 .text.__strtok_r
                0x08017ee8       0x56 /usr/lib/gcc/arm-none-eabi/4.9.3/../../../arm-none-eabi/lib/armv7-m/libc_nano.a(lib_a-strtok_r.o)
                0x08017ee8                __strtok_r
 .text.strtok_r
                0x08017f3e        0x6 /usr/lib/gcc/arm-none-eabi/4.9.3/../../../arm-none-eabi/lib/armv7-m/libc_nano.a(lib_a-strtok_r.o)
                0x08017f3e                strtok_r
 .text._strtol_r
                0x08017f44      0x10c /usr/lib/gcc/arm-none-eabi/4.9.3/../../../arm-none-eabi/lib/armv7-m/libc_nano.a(lib_a-strtol.o)
                0x08017f44                _strtol_r
 .text.strtol   0x08018050       0x1c /usr/lib/gcc/arm-none-eabi/4.9.3/../../../arm-none-eabi/lib/armv7-m/libc_nano.a(lib_a-strtol.o)
                0x08018050                strtol
 .text.malloc   0x0801806c       0x10 /usr/lib/gcc/arm-none-eabi/4.9.3/../../../arm-none-eabi/lib/armv7-m/libc_nano.a(lib_a-malloc.o)
                0x0801806c                malloc
 .text.free     0x0801807c       0x10 /usr/lib/gcc/arm-none-eabi/4.9.3/../../../arm-none-eabi/lib/armv7-m/libc_nano.a(lib_a-malloc.o)
                0x0801807c                free
 .text._free_r  0x0801808c       0x88 /usr/lib/gcc/arm-none-eabi/4.9.3/../../../arm-none-eabi/lib/armv7-m/libc_nano.a(lib_a-nano-freer.o)
                0x0801808c                _free_r
 .text._malloc_r
                0x08018114       0xac /usr/lib/gcc/arm-none-eabi/4.9.3/../../../arm-none-eabi/lib/armv7-m/libc_nano.a(lib_a-nano-mallocr.o)
                0x08018114                _malloc_r
 .text._sbrk_r  0x080181c0       0x20 /usr/lib/gcc/arm-none-eabi/4.9.3/../../../arm-none-eabi/lib/armv7-m/libc_nano.a(lib_a-sbrkr.o)
                0x080181c0                _sbrk_r
 .text._sbrk    0x080181e0       0x1c /usr/lib/gcc/arm-none-eabi/4.9.3/../../../arm-none-eabi/lib/armv7-m/libnosys.a(sbrk.o)
                0x080181e0                _sbrk
 .text.lrintf   0x080181fc       0x78 /usr/lib/gcc/arm-none-eabi/4.9.3/../../../arm-none-eabi/lib/armv7-m/libm.a(lib_a-sf_lrint.o)
                0x080181fc                lrintf
 .text.powf     0x08018274      0x314 /usr/lib/gcc/arm-none-eabi/4.9.3/../../../arm-none-eabi/lib/armv7-m/libm.a(lib_a-wf_pow.o)
                0x08018274                powf
 .text.sqrtf    0x08018588       0x9c /usr/lib/gcc/arm-none-eabi/4.9.3/../../../arm-none-eabi/lib/armv7-m/libm.a(lib_a-wf_sqrt.o)
                0x08018588                sqrtf
 .text.__ieee754_powf
                0x08018624      0x6ec /usr/lib/gcc/arm-none-eabi/4.9.3/../../../arm-none-eabi/lib/armv7-m/libm.a(lib_a-ef_pow.o)
                0x08018624                __ieee754_powf
 .text.__ieee754_sqrtf
                0x08018d10       0xa8 /usr/lib/gcc/arm-none-eabi/4.9.3/../../../arm-none-eabi/lib/armv7-m/libm.a(lib_a-ef_sqrt.o)
                0x08018d10                __ieee754_sqrtf
 .text.matherr  0x08018db8        0x4 /usr/lib/gcc/arm-none-eabi/4.9.3/../../../arm-none-eabi/lib/armv7-m/libm.a(lib_a-s_matherr.o)
                0x08018db8                matherr
 .text.rint     0x08018dbc      0x11c /usr/lib/gcc/arm-none-eabi/4.9.3/../../../arm-none-eabi/lib/armv7-m/libm.a(lib_a-s_rint.o)
                0x08018dbc                rint
 .text.fabsf    0x08018ed8        0x8 /usr/lib/gcc/arm-none-eabi/4.9.3/../../../arm-none-eabi/lib/armv7-m/libm.a(lib_a-sf_fabs.o)
                0x08018ed8                fabsf
 .text.finitef  0x08018ee0       0x10 /usr/lib/gcc/arm-none-eabi/4.9.3/../../../arm-none-eabi/lib/armv7-m/libm.a(lib_a-sf_finite.o)
                0x08018ee0                finitef
 .text.__fpclassifyf
                0x08018ef0       0x34 /usr/lib/gcc/arm-none-eabi/4.9.3/../../../arm-none-eabi/lib/armv7-m/libm.a(lib_a-sf_fpclassify.o)
                0x08018ef0                __fpclassifyf
 .text.nanf     0x08018f24        0x8 /usr/lib/gcc/arm-none-eabi/4.9.3/../../../arm-none-eabi/lib/armv7-m/libm.a(lib_a-sf_nan.o)
                0x08018f24                nanf
 .text.scalbnf  0x08018f2c       0xb0 /usr/lib/gcc/arm-none-eabi/4.9.3/../../../arm-none-eabi/lib/armv7-m/libm.a(lib_a-sf_scalbn.o)
                0x08018f2c                scalbnf
 .text.copysignf
                0x08018fdc        0xc /usr/lib/gcc/arm-none-eabi/4.9.3/../../../arm-none-eabi/lib/armv7-m/libm.a(lib_a-sf_copysign.o)
                0x08018fdc                copysignf
 .text.calloc   0x08018fe8       0x14 /usr/lib/gcc/arm-none-eabi/4.9.3/../../../arm-none-eabi/lib/armv7-m/libc_nano.a(lib_a-calloc.o)
                0x08018fe8                calloc
 .text.__errno  0x08018ffc        0xc /usr/lib/gcc/arm-none-eabi/4.9.3/../../../arm-none-eabi/lib/armv7-m/libc_nano.a(lib_a-errno.o)
                0x08018ffc                __errno
 .text.memcmp   0x08019008       0x20 /usr/lib/gcc/arm-none-eabi/4.9.3/../../../arm-none-eabi/lib/armv7-m/libc_nano.a(lib_a-memcmp.o)
                0x08019008                memcmp
 .text.memcpy   0x08019028       0x16 /usr/lib/gcc/arm-none-eabi/4.9.3/../../../arm-none-eabi/lib/armv7-m/libc_nano.a(lib_a-memcpy.o)
                0x08019028                memcpy
 .text.memset   0x0801903e       0x10 /usr/lib/gcc/arm-none-eabi/4.9.3/../../../arm-none-eabi/lib/armv7-m/libc_nano.a(lib_a-memset.o)
                0x0801903e                memset
 .text._calloc_r
                0x0801904e       0x1c /usr/lib/gcc/arm-none-eabi/4.9.3/../../../arm-none-eabi/lib/armv7-m/libc_nano.a(lib_a-nano-callocr.o)
                0x0801904e                _calloc_r
 *fill*         0x0801906a        0x2 
 .text.strcasecmp
                0x0801906c       0x3c /usr/lib/gcc/arm-none-eabi/4.9.3/../../../arm-none-eabi/lib/armv7-m/libc_nano.a(lib_a-strcasecmp.o)
                0x0801906c                strcasecmp
 .text.strcat   0x080190a8       0x1e /usr/lib/gcc/arm-none-eabi/4.9.3/../../../arm-none-eabi/lib/armv7-m/libc_nano.a(lib_a-strcat.o)
                0x080190a8                strcat
 .text.strchr   0x080190c6       0x1c /usr/lib/gcc/arm-none-eabi/4.9.3/../../../arm-none-eabi/lib/armv7-m/libc_nano.a(lib_a-strchr.o)
                0x080190c6                strchr
 .text.strlen   0x080190e2       0x10 /usr/lib/gcc/arm-none-eabi/4.9.3/../../../arm-none-eabi/lib/armv7-m/libc_nano.a(lib_a-strlen.o)
                0x080190e2                strlen
 *fill*         0x080190f2        0x2 
 .text.strncasecmp
                0x080190f4       0x44 /usr/lib/gcc/arm-none-eabi/4.9.3/../../../arm-none-eabi/lib/armv7-m/libc_nano.a(lib_a-strncasecmp.o)
                0x080190f4                strncasecmp
 .text.strncpy  0x08019138       0x24 /usr/lib/gcc/arm-none-eabi/4.9.3/../../../arm-none-eabi/lib/armv7-m/libc_nano.a(lib_a-strncpy.o)
                0x08019138                strncpy
 .text.strstr   0x0801915c       0x30 /usr/lib/gcc/arm-none-eabi/4.9.3/../../../arm-none-eabi/lib/armv7-m/libc_nano.a(lib_a-strstr.o)
                0x0801915c                strstr
 *(.rodata)
 .rodata        0x0801918c      0x13c /tmp/ccyCSzti.ltrans0.ltrans.o
                0x08019254                hsv_white
 .rodata        0x080192c8      0x2b4 /tmp/ccyCSzti.ltrans1.ltrans.o
 .rodata        0x0801957c      0x18c /tmp/ccyCSzti.ltrans2.ltrans.o
 .rodata        0x08019708        0x8 /tmp/ccyCSzti.ltrans4.ltrans.o
 .rodata        0x08019710      0x4f0 /tmp/ccyCSzti.ltrans6.ltrans.o
                0x08019740                mixerAtail4.lto_priv.501
                0x08019780                mixerDualcopter.lto_priv.500
                0x080197a0                mixerHex6H.lto_priv.499
                0x08019800                mixerVtail4.lto_priv.498
                0x08019840                mixerOctoFlatX.lto_priv.497
                0x080198c0                mixerOctoFlatP.lto_priv.496
                0x08019940                mixerOctoX8.lto_priv.495
                0x080199c0                mixerHex6X.lto_priv.494
                0x08019a20                mixerY4.lto_priv.493
                0x08019a60                mixerSingleProp.lto_priv.492
                0x08019a70                mixerHex6P.lto_priv.491
                0x08019ad0                mixerY6.lto_priv.490
                0x08019b30                mixerBicopter.lto_priv.489
                0x08019b50                mixerQuadX.lto_priv.488
                0x08019b90                mixerQuadP.lto_priv.487
                0x08019bd0                mixerTricopter.lto_priv.486
 .rodata        0x08019c00       0x14 /tmp/ccyCSzti.ltrans7.ltrans.o
 .rodata        0x08019c14       0x28 /tmp/ccyCSzti.ltrans8.ltrans.o
 .rodata        0x08019c3c       0x38 /tmp/ccyCSzti.ltrans9.ltrans.o
                0x08019c3c                hsv_green
                0x08019c40                hsv_red
                0x08019c44                hsv_yellow
                0x08019c48                hsv_blue
                0x08019c70                hsv_orange
 .rodata        0x08019c74       0x18 /tmp/ccyCSzti.ltrans10.ltrans.o
 .rodata        0x08019c8c        0xc /tmp/ccyCSzti.ltrans12.ltrans.o
 .rodata        0x08019c98      0x54c /tmp/ccyCSzti.ltrans13.ltrans.o
                0x08019c98                beeperTable.lto_priv.249
                0x08019d58                cmdTable
                0x08019f38                mixerNames.lto_priv.244
                0x08019ffc                servoMixers
                0x0801a0cc                servoMixerSingle.lto_priv.508
                0x0801a104                servoMixerDual.lto_priv.507
                0x0801a112                servoMixerAirplane.lto_priv.506
                0x0801a135                servoMixerFlyingWing.lto_priv.505
                0x0801a158                servoMixerGimbal.lto_priv.504
                0x0801a166                servoMixerBI.lto_priv.503
                0x0801a182                servoMixerTri.lto_priv.502
                0x0801a189                beep_armedBeep.lto_priv.266
                0x0801a18e                beep_disarmRepeatBeep.lto_priv.265
                0x0801a192                beep_readyBeep.lto_priv.264
                0x0801a1a1                beep_2longerBeeps.lto_priv.263
                0x0801a1a6                beep_2shortBeeps.lto_priv.262
                0x0801a1ab                beep_shortBeep.lto_priv.261
                0x0801a1ae                beep_lowBatteryBeep.lto_priv.260
                0x0801a1b1                beep_critBatteryBeep.lto_priv.259
                0x0801a1b4                beep_armedGpsFix.lto_priv.258
                0x0801a1bd                beep_armingBeep.lto_priv.257
                0x0801a1c2                beep_disarmBeep.lto_priv.256
                0x0801a1c7                beep_txLostBeep.lto_priv.255
                0x0801a1ca                beep_sos.lto_priv.254
                0x0801a1dd                beep_gyroCalibrated.lto_priv.253
 .rodata        0x0801a1e4       0x28 /tmp/ccyCSzti.ltrans14.ltrans.o
 .rodata        0x0801a20c       0xc4 /tmp/ccyCSzti.ltrans15.ltrans.o
 .rodata        0x0801a2d0       0x22 /tmp/ccyCSzti.ltrans19.ltrans.o
 *fill*         0x0801a2f2        0x2 
 .rodata        0x0801a2f4      0x144 /tmp/ccyCSzti.ltrans21.ltrans.o
                0x0801a2f4                gpsInitData.lto_priv.438
 .rodata        0x0801a438       0x20 /tmp/ccyCSzti.ltrans22.ltrans.o
                0x0801a438                baudRates
 .rodata        0x0801a458      0x2cc /tmp/ccyCSzti.ltrans23.ltrans.o
 .rodata        0x0801a724      0xff4 /tmp/ccyCSzti.ltrans24.ltrans.o
                0x0801a86c                valueTable
                0x0801b70c                shortGitRevision
                0x0801b710                buildTime
                0x0801b714                buildDate
 *(.rodata*)
 .rodata.timerHardware
                0x0801b718       0xe0 /tmp/ccyCSzti.ltrans0.ltrans.o
                0x0801b718                timerHardware
 .rodata.str1.1
                0x0801b7f8        0x7 /tmp/ccyCSzti.ltrans0.ltrans.o
 .rodata.str1.1
                0x0801b7ff      0x215 /tmp/ccyCSzti.ltrans1.ltrans.o
                                0x226 (size before relaxing)
 .rodata.str1.1
                0x0801ba14      0x154 /tmp/ccyCSzti.ltrans2.ltrans.o
                                0x174 (size before relaxing)
 .rodata.frSkyDataIdTable
                0x0801bb68       0x20 /tmp/ccyCSzti.ltrans4.ltrans.o
 .rodata.mixers
                0x0801bb88       0xd0 /tmp/ccyCSzti.ltrans6.ltrans.o
                0x0801bb88                mixers
 .rodata.str1.1
                0x0801bc58      0x13a /tmp/ccyCSzti.ltrans6.ltrans.o
                                0x148 (size before relaxing)
 .rodata.hsv_black
                0x0801bd92        0x4 /tmp/ccyCSzti.ltrans9.ltrans.o
                0x0801bd92                hsv_black
 .rodata.str1.1
                0x0801bd96       0x3e /tmp/ccyCSzti.ltrans10.ltrans.o
                                 0x41 (size before relaxing)
 .rodata.str1.1
                0x0801bdd4      0x919 /tmp/ccyCSzti.ltrans13.ltrans.o
                                0x9c4 (size before relaxing)
 .rodata.str1.1
                0x0801c6ed        0x9 /tmp/ccyCSzti.ltrans15.ltrans.o
 .rodata.str1.1
                0x0801c6f6        0x6 /tmp/ccyCSzti.ltrans18.ltrans.o
 .rodata.cyclePageIds
                0x0801c6fc        0x5 /tmp/ccyCSzti.ltrans19.ltrans.o
 .rodata.str1.1
                0x0801c701      0x14a /tmp/ccyCSzti.ltrans19.ltrans.o
                                0x160 (size before relaxing)
 .rodata.str1.1
                0x0801c84b       0x27 /tmp/ccyCSzti.ltrans20.ltrans.o
 .rodata.str1.1
                0x0801c872       0xfb /tmp/ccyCSzti.ltrans21.ltrans.o
                                 0xfc (size before relaxing)
 .rodata.serialPortIdentifiers
                0x0801c96d        0x5 /tmp/ccyCSzti.ltrans22.ltrans.o
                0x0801c96d                serialPortIdentifiers
 .rodata.rcChannelLetters
                0x0801c972       0x15 /tmp/ccyCSzti.ltrans22.ltrans.o
                0x0801c972                rcChannelLetters
 .rodata.str1.1
                0x0801c987       0x30 /tmp/ccyCSzti.ltrans22.ltrans.o
                                 0x5e (size before relaxing)
 .rodata.str1.1
                0x0801c9b7      0xd09 /tmp/ccyCSzti.ltrans24.ltrans.o
                                0xdb8 (size before relaxing)
 .rodata._ctype_
                0x0801d6c0      0x101 /usr/lib/gcc/arm-none-eabi/4.9.3/../../../arm-none-eabi/lib/armv7-m/libc_nano.a(lib_a-ctype_.o)
                0x0801d6c0                _ctype_
 .rodata.str1.1
                0x0801d7c1        0x0 /usr/lib/gcc/arm-none-eabi/4.9.3/../../../arm-none-eabi/lib/armv7-m/libc_nano.a(lib_a-impure.o)
                                  0x2 (size before relaxing)
 *fill*         0x0801d7c1        0x3 
 .rodata.TWO23  0x0801d7c4        0x8 /usr/lib/gcc/arm-none-eabi/4.9.3/../../../arm-none-eabi/lib/armv7-m/libm.a(lib_a-sf_lrint.o)
 .rodata.str1.4
                0x0801d7cc        0x5 /usr/lib/gcc/arm-none-eabi/4.9.3/../../../arm-none-eabi/lib/armv7-m/libm.a(lib_a-wf_pow.o)
                                  0x8 (size before relaxing)
 *fill*         0x0801d7d1        0x3 
 .rodata.str1.4
                0x0801d7d4        0x6 /usr/lib/gcc/arm-none-eabi/4.9.3/../../../arm-none-eabi/lib/armv7-m/libm.a(lib_a-wf_sqrt.o)
                                  0x8 (size before relaxing)
 *fill*         0x0801d7da        0x2 
 .rodata.dp_h   0x0801d7dc        0x8 /usr/lib/gcc/arm-none-eabi/4.9.3/../../../arm-none-eabi/lib/armv7-m/libm.a(lib_a-ef_pow.o)
 .rodata.dp_l   0x0801d7e4        0x8 /usr/lib/gcc/arm-none-eabi/4.9.3/../../../arm-none-eabi/lib/armv7-m/libm.a(lib_a-ef_pow.o)
 .rodata.bp     0x0801d7ec        0x8 /usr/lib/gcc/arm-none-eabi/4.9.3/../../../arm-none-eabi/lib/armv7-m/libm.a(lib_a-ef_pow.o)
 .rodata.str1.4
                0x0801d7f4        0x8 /usr/lib/gcc/arm-none-eabi/4.9.3/../../../arm-none-eabi/lib/armv7-m/libm.a(lib_a-ef_pow.o)
                                  0x4 (size before relaxing)
 *fill*         0x0801d7f4        0x4 
 .rodata.TWO52  0x0801d7f8       0x10 /usr/lib/gcc/arm-none-eabi/4.9.3/../../../arm-none-eabi/lib/armv7-m/libm.a(lib_a-s_rint.o)
 *(.glue_7)
 .glue_7        0x0801d808        0x0 linker stubs
 *(.glue_7t)
 .glue_7t       0x0801d808        0x0 linker stubs
 *(.eh_frame)
 *(.init)
 *(.fini)
                0x0801d808                . = ALIGN (0x4)
                0x0801d808                _etext = .

.vfp11_veneer   0x0801d808        0x0
 .vfp11_veneer  0x0801d808        0x0 linker stubs

.v4_bx          0x0801d808        0x0
 .v4_bx         0x0801d808        0x0 linker stubs

.iplt           0x0801d808        0x0
 .iplt          0x0801d808        0x0 obj/main/NAZE/startup_stm32f10x_md_gcc.o

.ARM.extab
 *(.ARM.extab* .gnu.linkonce.armextab.*)

.ARM            0x0801d808        0x8
                0x0801d808                __exidx_start = .
 *(.ARM.exidx*)
 .ARM.exidx     0x0801d808        0x8 /usr/lib/gcc/arm-none-eabi/4.9.3/armv7-m/libgcc.a(_divdi3.o)
 .ARM.exidx     0x0801d810        0x0 /usr/lib/gcc/arm-none-eabi/4.9.3/armv7-m/libgcc.a(_udivdi3.o)
                                  0x8 (size before relaxing)
                0x0801d810                __exidx_end = .

.rel.dyn        0x0801d810        0x0
 .rel.iplt      0x0801d810        0x0 obj/main/NAZE/startup_stm32f10x_md_gcc.o

.preinit_array  0x0801d810        0x0
                [!provide]                PROVIDE (__preinit_array_start, .)
 *(.preinit_array*)
                [!provide]                PROVIDE (__preinit_array_end, .)

.init_array     0x0801d810        0x0
                [!provide]                PROVIDE (__init_array_start, .)
 *(SORT(.init_array.*))
 *(.init_array*)
                [!provide]                PROVIDE (__init_array_end, .)

.fini_array     0x0801d810        0x0
                [!provide]                PROVIDE (__fini_array_start, .)
 *(.fini_array*)
 *(SORT(.fini_array.*))
                [!provide]                PROVIDE (__fini_array_end, .)
                0x0801d810                _sidata = .

.data           0x20000000      0x1f0 load address 0x0801d810
                0x20000000                . = ALIGN (0x4)
                0x20000000                _sdata = .
 *(.data)
 .data          0x20000000        0x3 /tmp/ccyCSzti.ltrans3.ltrans.o
                0x20000002                isUsingSticksToArm.lto_priv.340
 *fill*         0x20000003        0x1 
 .data          0x20000004        0x3 /tmp/ccyCSzti.ltrans4.ltrans.o
                0x20000004                acc_1G
 *fill*         0x20000007        0x1 
 .data          0x20000008        0x5 /tmp/ccyCSzti.ltrans7.ltrans.o
                0x20000008                hse_value
                0x2000000c                standardBoardAlignment.lto_priv.467
 .data          0x2000000d        0x3 /tmp/ccyCSzti.ltrans9.ltrans.o
 .data          0x20000010        0x4 /tmp/ccyCSzti.ltrans11.ltrans.o
                0x20000010                GPS_scaleLonDown.lto_priv.561
 .data          0x20000014        0x4 /tmp/ccyCSzti.ltrans12.ltrans.o
                0x20000014                q0.lto_priv.388
 .data          0x20000018       0x14 /tmp/ccyCSzti.ltrans13.ltrans.o
                0x2000001c                geometry.lto_priv.345
 .data          0x2000002c        0x8 /tmp/ccyCSzti.ltrans22.ltrans.o
                0x2000002c                pif_id
                0x20000030                rcReadRawFunc.lto_priv.305
 .data          0x20000034        0xc /tmp/ccyCSzti.ltrans23.ltrans.o
 .data          0x20000040        0x4 /tmp/ccyCSzti.ltrans25.ltrans.o
                0x20000040                measurement.lto_priv.577
 .data          0x20000044        0xc /tmp/ccyCSzti.ltrans26.ltrans.o
 *(.data*)
 .data.baro     0x20000050       0x1c /tmp/ccyCSzti.ltrans0.ltrans.o
 .data.GPS_hdop
                0x2000006c        0x2 /tmp/ccyCSzti.ltrans4.ltrans.o
                0x2000006c                GPS_hdop
 *fill*         0x2000006e        0x2 
 .data.pid_controller
                0x20000070        0x4 /tmp/ccyCSzti.ltrans12.ltrans.o
                0x20000070                pid_controller
 .data.cfTasks  0x20000074      0x104 /tmp/ccyCSzti.ltrans22.ltrans.o
                0x20000074                cfTasks
 .data.detectedSensors
                0x20000178        0x4 /tmp/ccyCSzti.ltrans24.ltrans.o
                0x20000178                detectedSensors
 .data.batteryCellCount
                0x2000017c        0x1 /tmp/ccyCSzti.ltrans24.ltrans.o
                0x2000017c                batteryCellCount
 *fill*         0x2000017d        0x3 
 .data.SystemCoreClock
                0x20000180        0x4 /tmp/ccyCSzti.ltrans24.ltrans.o
                0x20000180                SystemCoreClock
 .data.__ctype_ptr__
                0x20000184        0x4 /usr/lib/gcc/arm-none-eabi/4.9.3/../../../arm-none-eabi/lib/armv7-m/libc_nano.a(lib_a-ctype_.o)
                0x20000184                __ctype_ptr__
 .data.impure_data
                0x20000188       0x60 /usr/lib/gcc/arm-none-eabi/4.9.3/../../../arm-none-eabi/lib/armv7-m/libc_nano.a(lib_a-impure.o)
 .data._impure_ptr
                0x200001e8        0x4 /usr/lib/gcc/arm-none-eabi/4.9.3/../../../arm-none-eabi/lib/armv7-m/libc_nano.a(lib_a-impure.o)
                0x200001e8                _impure_ptr
 .data.__fdlib_version
                0x200001ec        0x1 /usr/lib/gcc/arm-none-eabi/4.9.3/../../../arm-none-eabi/lib/armv7-m/libm.a(lib_a-s_lib_ver.o)
                0x200001ec                __fdlib_version
                0x200001f0                . = ALIGN (0x4)
 *fill*         0x200001ed        0x3 
                0x200001f0                _edata = .

.igot.plt       0x200001f0        0x0 load address 0x0801da00
 .igot.plt      0x200001f0        0x0 obj/main/NAZE/startup_stm32f10x_md_gcc.o
                0x200001f0                . = ALIGN (0x4)

.bss            0x200001f0     0x3550 load address 0x0801da00
                0x200001f0                _sbss = .
                0x200001f0                __bss_start__ = _sbss
 *(.bss)
 .bss           0x200001f0      0x564 /tmp/ccyCSzti.ltrans0.ltrans.o
                0x200001f8                i2cOverClock.lto_priv.579
                0x2000021c                inputFilteringMode.lto_priv.574
                0x20000220                ppmDev
                0x2000034c                servos.lto_priv.576
                0x2000036d                displayPresent.lto_priv.550
                0x20000378                mpuConfiguration
                0x20000384                mpuIntExtiConfig.lto_priv.582
                0x200003d8                mpuDividerDrops
                0x200003dc                hmc5883Config.lto_priv.578
                0x200003e8                gpsPacketLog
                0x20000402                ledStripDMABuffer
                0x2000072c                telemetryConfig.lto_priv.423
                0x20000730                portConfig.lto_priv.426
                0x20000734                frskyPortSharing.lto_priv.548
                0x20000735                hottPortSharing.lto_priv.546
                0x20000738                telemetryConfig.lto_priv.424
                0x2000073c                portConfig.lto_priv.428
                0x20000740                smartPortPortSharing.lto_priv.543
                0x20000748                portConfig.lto_priv.429
                0x2000074c                ltmPortSharing.lto_priv.541
                0x2000074d                couldBeBusy.lto_priv.568
                0x20000750                tailAddress.lto_priv.524
 .bss           0x20000754      0x3b7 /tmp/ccyCSzti.ltrans1.ltrans.o
                0x2000076c                gyroAlign
                0x20000770                gyroLpfCutFreq.lto_priv.523
                0x200007e4                gyroConfig.lto_priv.522
                0x20000840                imuRuntimeConfig.lto_priv.460
                0x20000868                gyroScale.lto_priv.461
                0x20000878                magneticDeclination
                0x2000087c                smallAngleCosZ
                0x20000888                fc_acc
                0x2000088c                accDeadband.lto_priv.518
                0x20000890                lookupYawRC
                0x200008a4                rxRefreshRate.lto_priv.440
                0x200008bc                rcControlsConfig.lto_priv.517
                0x200008c4                escAndServoConfig.lto_priv.377
                0x200008c8                throttleAngleScale
                0x200008cc                mixerConfig.lto_priv.463
                0x200008d0                currentMixer.lto_priv.470
                0x20000994                rxConfig.lto_priv.520
                0x20000998                currentMixerMode.lto_priv.469
                0x200009bc                gimbalConfig.lto_priv.519
                0x200009c0                servoFilterState.lto_priv.464
                0x20000ae0                motorControlEnable
                0x20000ae4                blackboxPort.lto_priv.410
                0x20000ae8                blackboxHeaderBudget
                0x20000aec                blackboxMaxHeaderBytesPerIteration.lto_priv.408
                0x20000af0                xmitState.lto_priv.406
                0x20000af8                blackboxConditionCache.lto_priv.403
                0x20000afc                vbatReference.lto_priv.399
                0x20000afe                blackboxSlowFrameIterationTimer.lto_priv.407
                0x20000b00                blackboxPFrameIndex.lto_priv.402
                0x20000b04                blackboxIteration.lto_priv.401
                0x20000b08                blackboxModeActivationConditionPresent.lto_priv.400
                0x20000b09                blackboxPortSharing.lto_priv.409
                0x20000b0a                blackboxLoggedAnyFrames.lto_priv.405
 *fill*         0x20000b0b        0x1 
 .bss           0x20000b0c      0x164 /tmp/ccyCSzti.ltrans2.ltrans.o
                0x20000b0c                printfSerialPort.lto_priv.514
                0x20000b2c                servo
                0x20000b3c                GPS_ground_course
                0x20000b3e                GPS_update
                0x20000b3f                GPS_numCh
                0x20000b40                GPS_svinfo_chn
                0x20000b50                GPS_svinfo_svid
                0x20000b60                GPS_svinfo_quality
                0x20000b70                GPS_svinfo_cno
                0x20000b80                debug
                0x20000b88                blackboxState.lto_priv.375
                0x20000bec                pwmIOConfiguration.lto_priv.471
 .bss           0x20000c70      0x1d0 /tmp/ccyCSzti.ltrans3.ltrans.o
                0x20000c76                rxMspFrameDone.lto_priv.342
                0x20000c77                ppmFrameCount.lto_priv.575
                0x20000ca5                rcSampleIndex.lto_priv.439
                0x20000cf0                rcInvalidPulsPeriod
                0x20000d39                rxFlightChannelsValid.lto_priv.535
                0x20000d54                rxConfig.lto_priv.300
                0x20000d58                deadband3dThrottle.lto_priv.459
                0x20000d5c                disarmAt.lto_priv.398
                0x20000d63                AccInflightCalibrationMeasurementDone
                0x20000d64                AccInflightCalibrationSavetoEEProm
                0x20000d66                calibratingA
                0x20000d68                InflightcalibratingA
                0x20000d6a                AccInflightCalibrationActive
                0x20000d6c                adjustmentStates
                0x20000da0                escAndServoConfig.lto_priv.339
                0x20000da4                magHold
                0x20000da6                headFreeModeHold
                0x20000da8                nav_mode
                0x20000dac                gpsProfile.lto_priv.381
                0x20000db0                GPS_hold
                0x20000dba                nav_rated.lto_priv.383
                0x20000dbe                nav.lto_priv.382
                0x20000dec                poshold_ratePID.lto_priv.552
                0x20000e14                navPID.lto_priv.553
                0x20000e3c                isRXDataNew.lto_priv.385
                0x20000e3d                haveProcessedAnnexCodeOnce.lto_priv.374
                0x20000e3e                initialThrottleHold.lto_priv.384
 .bss           0x20000e40       0xf0 /tmp/ccyCSzti.ltrans4.ltrans.o
                0x20000e40                frskyTelemetryEnabled.lto_priv.549
                0x20000e4a                accSmooth
                0x20000e50                vario
                0x20000e54                BaroAlt
                0x20000e58                baroTemperature
                0x20000e60                telemetryConfig.lto_priv.273
                0x20000e64                amperage
                0x20000e68                GPS_speed
                0x20000e6a                GPS_altitude
                0x20000e6c                GPS_numSat
                0x20000e70                GPS_coord
                0x20000e78                hottTelemetryEnabled.lto_priv.547
                0x20000e80                hottEAMMessage.lto_priv.430
                0x20000eb0                telemetryConfig.lto_priv.274
                0x20000eb4                hottGPSMessage.lto_priv.431
                0x20000ee0                GPS_distanceToHome
                0x20000ee2                GPS_directionToHome
                0x20000eec                hottPort.lto_priv.540
                0x20000efc                portConfig.lto_priv.427
                0x20000f02                smartPortTelemetryEnabled.lto_priv.544
                0x20000f04                smartPortSerialPort.lto_priv.539
                0x20000f08                smartPortState
                0x20000f0c                smartPortLastRequestTime.lto_priv.545
                0x20000f12                ltmEnabled.lto_priv.542
                0x20000f14                ltmPort.lto_priv.538
                0x20000f20                EstAlt.lto_priv.290
                0x20000f24                rssi
                0x20000f28                GPS_home
 .bss           0x20000f30       0x28 /tmp/ccyCSzti.ltrans5.ltrans.o
 .bss           0x20000f58        0xa /tmp/ccyCSzti.ltrans6.ltrans.o
                0x20000f58                colors
                0x20000f5c                ledConfigs
                0x20000f60                serialPortCount.lto_priv.346
 *fill*         0x20000f62        0x2 
 .bss           0x20000f64      0x2f1 /tmp/ccyCSzti.ltrans7.ltrans.o
                0x20000f64                ibusChannelData.lto_priv.309
                0x20000fc5                xBusChannelCount.lto_priv.450
                0x20000fc6                xBusFrameReceived.lto_priv.310
                0x20000fc8                spekChannelData.lto_priv.327
                0x20000ff8                sumhChannels.lto_priv.313
                0x20001018                sumdChannels.lto_priv.318
                0x20001038                sbusChannelData.lto_priv.321
                0x20001080                mspFrame.lto_priv.341
                0x200010a4                captures.lto_priv.306
                0x200010c1                ibus.lto_priv.308
                0x200010e1                ibusFrameDone.lto_priv.307
                0x200010ec                xBusFramePosition.lto_priv.448
                0x200010ed                xBusDataIncoming.lto_priv.447
                0x200010ee                xBusFrameLength.lto_priv.449
                0x200010ef                xBusProvider.lto_priv.451
                0x200010f5                spekFrame.lto_priv.323
                0x20001105                rcFrameComplete.lto_priv.322
                0x20001111                sumhFrame.lto_priv.312
                0x20001126                sumhFrameDone.lto_priv.311
                0x2000112d                sumdFrameDone.lto_priv.314
                0x2000112e                crc.lto_priv.315
                0x20001130                sumdChannelCount.lto_priv.316
                0x20001131                sumd.lto_priv.317
                0x2000115d                sbusFrame.lto_priv.320
                0x20001176                sbusFrameDone.lto_priv.319
                0x20001184                boardRotation.lto_priv.468
                0x200011a8                batteryConfig
                0x200011ac                mAhDrawn
                0x200011b0                adcConfig
                0x200011c0                adcValues
                0x200011c8                vbatLatestADC
                0x200011cc                vbatFilterState.lto_priv.422
                0x200011f0                vbat
                0x200011f4                rxConfig.lto_priv.301
                0x200011f8                suspendRxSignalUntil.lto_priv.304
                0x200011fc                skipRxSamples.lto_priv.303
                0x20001200                sysTickUptime.lto_priv.215
                0x20001204                failsafeState.lto_priv.271
                0x20001228                warningLedState.lto_priv.248
                0x2000122c                warningLedTimer.lto_priv.386
                0x20001230                flightModeFlags
                0x20001234                rcModeActivationMask
                0x20001238                activeBoxIdCount.lto_priv.343
                0x20001239                activeBoxIds.lto_priv.344
 *fill*         0x20001255        0x3 
 .bss           0x20001258      0x6c4 /tmp/ccyCSzti.ltrans8.ltrans.o
 .bss           0x2000191c       0xa0 /tmp/ccyCSzti.ltrans9.ltrans.o
                0x2000191c                ledStripInitialised.lto_priv.432
                0x2000191e                ledColorBuffer.lto_priv.433
                0x200019ac                ledCount
                0x200019b0                rxSignalReceived.lto_priv.295
                0x200019b8                highestYValueForNorth
                0x200019b9                lowestXValueForEast
                0x200019ba                lowestYValueForSouth
                0x200019bb                highestXValueForWest
 .bss           0x200019bc        0x7 /tmp/ccyCSzti.ltrans10.ltrans.o
 *fill*         0x200019c3        0x1 
 .bss           0x200019c4      0x242 /tmp/ccyCSzti.ltrans11.ltrans.o
                0x20001ba8                GPS_WP.lto_priv.555
                0x20001bb0                wp_distance.lto_priv.556
                0x20001bb4                target_bearing.lto_priv.557
                0x20001bb8                error.lto_priv.562
                0x20001bc0                posholdPID_PARAM.lto_priv.563
                0x20001bd0                poshold_ratePID_PARAM.lto_priv.564
                0x20001be4                waypoint_speed_gov.lto_priv.560
                0x20001be8                original_target_bearing.lto_priv.559
                0x20001bf0                nav_bearing.lto_priv.558
                0x20001bf4                navPID_PARAM.lto_priv.565
                0x20001c04                nav_takeoff_bearing.lto_priv.566
 *fill*         0x20001c06        0x2 
 .bss           0x20001c08      0x30c /tmp/ccyCSzti.ltrans12.ltrans.o
                0x20001c08                usTicks.lto_priv.483
                0x20001c0c                rcCommand
                0x20001c14                attitude
                0x20001c1c                gyroADC
                0x20001c28                PIDweight
                0x20001c2c                errorGyroI.lto_priv.268
                0x20001c38                targetLooptime
                0x20001c3c                stateFlags
                0x20001c3d                motorLimitReached
                0x20001c40                errorGyroILimit.lto_priv.269
                0x20001c70                axisPID
                0x20001c78                axisPID_P
                0x20001c84                axisPID_I
                0x20001c90                axisPID_D
                0x20001c9c                deltaFilterState.lto_priv.270
                0x20001d08                lookupThrottleRC
                0x20001d20                lookupPitchRollRC
                0x20001d30                dmaHandlers.lto_priv.434
                0x20001d48                pif_datetime
                0x20001d50                extiHandlerConfigs.lto_priv.482
                0x20001d68                beeperIsOn.lto_priv.333
                0x20001d6c                beeperNextToggleTime.lto_priv.332
                0x20001d70                beeperPos.lto_priv.334
                0x20001d74                currentBeeperEntry.lto_priv.331
                0x20001d78                motor
                0x20001d90                motors.lto_priv.472
                0x20001dc0                motorCount
                0x20001dc4                timerConfig
                0x20001e64                flight3DConfig.lto_priv.376
                0x20001e68                escAndServoConfig.lto_priv.378
                0x20001e6c                servoRuleCount.lto_priv.380
                0x20001e6d                currentServoMixer.lto_priv.379
                0x20001ee0                customServoMixers.lto_priv.479
                0x20001ee4                q1.lto_priv.389
                0x20001ee8                q2.lto_priv.390
                0x20001eec                q3.lto_priv.391
                0x20001ef0                rMat.lto_priv.291
 .bss           0x20001f14       0x82 /tmp/ccyCSzti.ltrans13.ltrans.o
                0x20001f14                motor_disarmed
                0x20001f2c                currentProfile
                0x20001f30                gpsPort.lto_priv.292
                0x20001f34                pageState.lto_priv.298
                0x20001f48                cliBuffer.lto_priv.350
                0x20001f78                bufferIndex.lto_priv.349
                0x20001f7c                servoConf.lto_priv.250
                0x20001f80                beep_multiBeeps.lto_priv.247
 .bss           0x20001f96      0x600 /tmp/ccyCSzti.ltrans14.ltrans.o
 *fill*         0x20002596        0x2 
 .bss           0x20002598       0x9a /tmp/ccyCSzti.ltrans15.ltrans.o
                0x200025b0                bufferHead.lto_priv.528
                0x200025b1                bufferTail.lto_priv.567
                0x200025b2                flashWriteBuffer.lto_priv.529
 *fill*         0x20002632        0x2 
 .bss           0x20002634      0x120 /tmp/ccyCSzti.ltrans16.ltrans.o
                0x20002658                uartPort3.lto_priv.570
                0x200026ac                uartPort2.lto_priv.571
                0x20002700                uartPort1.lto_priv.572
 .bss           0x20002754       0xcc /tmp/ccyCSzti.ltrans17.ltrans.o
                0x20002754                pif_act_timer1us
                0x20002758                s_table.lto_priv.415
                0x200027dc                s_task_stack_ptr.lto_priv.413
                0x200027f4                s_it_current.lto_priv.411
                0x200027f8                s_table_number.lto_priv.414
                0x200027fc                s_tasks.lto_priv.214
                0x20002818                s_task_cutin.lto_priv.412
 .bss           0x20002820      0x1ac /tmp/ccyCSzti.ltrans18.ltrans.o
                0x20002820                gpsHistory.lto_priv.530
                0x20002834                blackboxHistory.lto_priv.532
                0x20002840                blackboxHistoryRing.lto_priv.533
                0x200029b4                blackboxIFrameIndex.lto_priv.531
                0x200029b8                blackboxLastArmingBeep.lto_priv.534
                0x200029bc                systemState.lto_priv.417
 .bss           0x200029cc       0x40 /tmp/ccyCSzti.ltrans19.ltrans.o
                0x200029f0                GPS_packetCount
                0x200029f8                GPS_svInfoReceivedCount
                0x20002a04                GPS_garbageByteCount
 .bss           0x20002a0c       0xd0 /tmp/ccyCSzti.ltrans21.ltrans.o
                0x20002a0c                baroReady.lto_priv.537
                0x20002a10                pif_timer1us
                0x20002a18                calibratingB
                0x20002a20                baroPressureSum.lto_priv.536
                0x20002a24                barometerConfig.lto_priv.288
                0x20002a34                sonarMaxTiltCos
                0x20002a38                calculatedAltitude.lto_priv.347
                0x20002a3c                sonarCfAltCm
                0x20002a44                sonarMaxAltWithTiltCm
                0x20002a48                accSumCount
                0x20002a4c                accSum
                0x20002a58                accVelScale
                0x20002a5c                barometerConfig.lto_priv.289
                0x20002a68                AltHold
                0x20002a6c                pidProfile.lto_priv.515
                0x20002a70                errorVelocityI
                0x20002a74                altHoldThrottleAdjustment
                0x20002a78                velocityControl
                0x20002a7c                lastMeasurementAt.lto_priv.436
                0x20002a80                sonarHardware.lto_priv.435
                0x20002a84                mag
                0x20002a94                magADC
                0x20002ab0                magInit.lto_priv.462
                0x20002ab4                gpsData
                0x20002ad4                gpsConfig.lto_priv.437
 .bss           0x20002adc      0x9e4 /tmp/ccyCSzti.ltrans22.ltrans.o
                0x20002adc                g_imu_sensor
                0x20002b50                pif_cumulative_timer1ms
                0x20002b54                g_i2c_port
                0x20002b88                string.9033.lto_priv.554
                0x20002b98                rcData
                0x20002bbc                mspPorts.lto_priv.213
                0x20002c54                masterConfig
                0x2000346c                rxRuntimeConfigPtr.lto_priv.325
                0x20003470                rxRuntimeConfig
                0x20003471                spek_chan_shift.lto_priv.324
                0x20003472                spek_chan_mask.lto_priv.326
                0x20003473                spekHiRes.lto_priv.211
                0x20003474                serialConfig.lto_priv.246
                0x20003478                findSharedSerialPortState.lto_priv.294
                0x2000347c                serialPortUsageList.lto_priv.245
                0x200034b8                pidProfile.lto_priv.296
                0x200034bc                activeFeaturesLatch.lto_priv.212
 .bss           0x200034c0        0x5 /tmp/ccyCSzti.ltrans23.ltrans.o
                0x200034c0                I2Cx.lto_priv.580
                0x200034c4                I2Cx_index.lto_priv.581
 *fill*         0x200034c5        0x3 
 .bss           0x200034c8       0x64 /tmp/ccyCSzti.ltrans24.ltrans.o
                0x200034c8                currentPort.lto_priv.336
                0x200034cc                writer.lto_priv.337
                0x200034d0                mspSerialPort.lto_priv.338
                0x200034d4                cliWriter.lto_priv.218
                0x200034d8                currentControlRateProfileIndex.lto_priv.297
                0x200034dc                currentControlRateProfile
                0x200034e0                pif_performance
                0x200034e8                batteryState.lto_priv.272
                0x200034ec                enabledSensors.lto_priv.275
                0x200034f0                acc
                0x200034fc                i2cErrorCount.lto_priv.348
                0x20003500                g_timer_1ms
                0x20003528                cliPort.lto_priv.217
 .bss           0x2000352c       0xfd /tmp/ccyCSzti.ltrans25.ltrans.o
 *fill*         0x20003629        0x3 
 .bss           0x2000362c       0x8c /tmp/ccyCSzti.ltrans26.ltrans.o
                0x2000363c                dynP8
                0x20003654                dynD8
                0x20003658                errorGyroIf.lto_priv.299
                0x20003664                gyro
                0x20003678                dT
                0x200036b4                failsafeConfig.lto_priv.302
 .bss           0x200036b8       0x24 /tmp/ccyCSzti.ltrans27.ltrans.o
                0x200036bc                batteryWarningVoltage
                0x200036be                batteryCriticalVoltage
                0x200036c8                amperageLatestADC
                0x200036d8                armingBeepTimeMicros.lto_priv.404
 .bss           0x200036dc       0x35 /tmp/ccyCSzti.ltrans28.ltrans.o
                0x200036dc                accADC
                0x200036e8                accelerationTrims.lto_priv.521
                0x20003710                isAccelUpdatedAtLeastOnce.lto_priv.387
 *(SORT(.bss*))
 *fill*         0x20003711        0x3 
 .bss.systemBeepPtr
                0x20003714        0x4 /tmp/ccyCSzti.ltrans12.ltrans.o
                0x20003714                systemBeepPtr
 .bss.accTimeSum
                0x20003718        0x4 /tmp/ccyCSzti.ltrans21.ltrans.o
                0x20003718                accTimeSum
 .bss.setVelocity
                0x2000371c        0x4 /tmp/ccyCSzti.ltrans21.ltrans.o
                0x2000371c                setVelocity
 .bss.__malloc_sbrk_start
                0x20003720        0x4 /usr/lib/gcc/arm-none-eabi/4.9.3/../../../arm-none-eabi/lib/armv7-m/libc_nano.a(lib_a-nano-mallocr.o)
                0x20003720                __malloc_sbrk_start
 .bss.__malloc_free_list
                0x20003724        0x4 /usr/lib/gcc/arm-none-eabi/4.9.3/../../../arm-none-eabi/lib/armv7-m/libc_nano.a(lib_a-nano-mallocr.o)
                0x20003724                __malloc_free_list
 .bss.heap_end.4079
                0x20003728        0x4 /usr/lib/gcc/arm-none-eabi/4.9.3/../../../arm-none-eabi/lib/armv7-m/libnosys.a(sbrk.o)
 .bss.calibratingG
                0x2000372c        0x2 /tmp/ccyCSzti.ltrans3.ltrans.o
                0x2000372c                calibratingG
 .bss.GPS_angle
                0x2000372e        0x4 /tmp/ccyCSzti.ltrans12.ltrans.o
                0x2000372e                GPS_angle
 .bss.cycleTime
                0x20003732        0x2 /tmp/ccyCSzti.ltrans24.ltrans.o
                0x20003732                cycleTime
 .bss.hardwareRevision
                0x20003734        0x1 /tmp/ccyCSzti.ltrans2.ltrans.o
                0x20003734                hardwareRevision
 .bss.armingFlags
                0x20003735        0x1 /tmp/ccyCSzti.ltrans7.ltrans.o
                0x20003735                armingFlags
 .bss.ws2811LedDataTransferInProgress
                0x20003736        0x1 /tmp/ccyCSzti.ltrans9.ltrans.o
                0x20003736                ws2811LedDataTransferInProgress
 .bss.cliMode   0x20003737        0x1 /tmp/ccyCSzti.ltrans13.ltrans.o
                0x20003737                cliMode
 .bss.magAlign  0x20003738        0x1 /tmp/ccyCSzti.ltrans21.ltrans.o
                0x20003738                magAlign
 .bss.pif_error
                0x20003739        0x1 /tmp/ccyCSzti.ltrans22.ltrans.o
                0x20003739                pif_error
 .bss.CHAR_FORMAT
                0x2000373a        0x1 /tmp/ccyCSzti.ltrans23.ltrans.o
 .bss.accAlign  0x2000373b        0x1 /tmp/ccyCSzti.ltrans28.ltrans.o
                0x2000373b                accAlign
 *(COMMON)
 COMMON         0x2000373c        0x4 /usr/lib/gcc/arm-none-eabi/4.9.3/../../../arm-none-eabi/lib/armv7-m/libc_nano.a(lib_a-reent.o)
                0x2000373c                errno
                0x20003740                . = ALIGN (0x4)
                0x20003740                _ebss = .
                0x20003740                __bss_end__ = _ebss

._user_heap_stack
                0x20003740      0x400 load address 0x0801da00
                0x20003740                . = ALIGN (0x4)
                0x20003740                PROVIDE (end, .)
                [!provide]                PROVIDE (_end, .)
                0x20003740                . = (. + _Min_Heap_Size)
                0x20003b40                . = (. + _Min_Stack_Size)
 *fill*         0x20003740      0x400 
                0x20003b40                . = ALIGN (0x4)

.memory_b1_text
 *(.mb1text)
 *(.mb1text*)
 *(.mb1rodata)
 *(.mb1rodata*)

/DISCARD/
 libc.a(*)
 libm.a(*)
 libgcc.a(*)

.ARM.attributes
                0x00000000       0x2f
 *(.ARM.attributes)
 .ARM.attributes
                0x00000000       0x21 obj/main/NAZE/startup_stm32f10x_md_gcc.o
 .ARM.attributes
                0x00000021       0x31 /tmp/ccyCSzti.ltrans0.ltrans.o
 .ARM.attributes
                0x00000052       0x31 /tmp/ccyCSzti.ltrans1.ltrans.o
 .ARM.attributes
                0x00000083       0x31 /tmp/ccyCSzti.ltrans2.ltrans.o
 .ARM.attributes
                0x000000b4       0x31 /tmp/ccyCSzti.ltrans3.ltrans.o
 .ARM.attributes
                0x000000e5       0x31 /tmp/ccyCSzti.ltrans4.ltrans.o
 .ARM.attributes
                0x00000116       0x31 /tmp/ccyCSzti.ltrans5.ltrans.o
 .ARM.attributes
                0x00000147       0x31 /tmp/ccyCSzti.ltrans6.ltrans.o
 .ARM.attributes
                0x00000178       0x31 /tmp/ccyCSzti.ltrans7.ltrans.o
 .ARM.attributes
                0x000001a9       0x31 /tmp/ccyCSzti.ltrans8.ltrans.o
 .ARM.attributes
                0x000001da       0x31 /tmp/ccyCSzti.ltrans9.ltrans.o
 .ARM.attributes
                0x0000020b       0x31 /tmp/ccyCSzti.ltrans10.ltrans.o
 .ARM.attributes
                0x0000023c       0x31 /tmp/ccyCSzti.ltrans11.ltrans.o
 .ARM.attributes
                0x0000026d       0x31 /tmp/ccyCSzti.ltrans12.ltrans.o
 .ARM.attributes
                0x0000029e       0x31 /tmp/ccyCSzti.ltrans13.ltrans.o
 .ARM.attributes
                0x000002cf       0x31 /tmp/ccyCSzti.ltrans14.ltrans.o
 .ARM.attributes
                0x00000300       0x31 /tmp/ccyCSzti.ltrans15.ltrans.o
 .ARM.attributes
                0x00000331       0x31 /tmp/ccyCSzti.ltrans16.ltrans.o
 .ARM.attributes
                0x00000362       0x31 /tmp/ccyCSzti.ltrans17.ltrans.o
 .ARM.attributes
                0x00000393       0x31 /tmp/ccyCSzti.ltrans18.ltrans.o
 .ARM.attributes
                0x000003c4       0x31 /tmp/ccyCSzti.ltrans19.ltrans.o
 .ARM.attributes
                0x000003f5       0x31 /tmp/ccyCSzti.ltrans20.ltrans.o
 .ARM.attributes
                0x00000426       0x31 /tmp/ccyCSzti.ltrans21.ltrans.o
 .ARM.attributes
                0x00000457       0x31 /tmp/ccyCSzti.ltrans22.ltrans.o
 .ARM.attributes
                0x00000488       0x31 /tmp/ccyCSzti.ltrans23.ltrans.o
 .ARM.attributes
                0x000004b9       0x31 /tmp/ccyCSzti.ltrans24.ltrans.o
 .ARM.attributes
                0x000004ea       0x31 /tmp/ccyCSzti.ltrans25.ltrans.o
 .ARM.attributes
                0x0000051b       0x31 /tmp/ccyCSzti.ltrans26.ltrans.o
 .ARM.attributes
                0x0000054c       0x31 /tmp/ccyCSzti.ltrans27.ltrans.o
 .ARM.attributes
                0x0000057d       0x31 /tmp/ccyCSzti.ltrans28.ltrans.o
 .ARM.attributes
                0x000005ae       0x2d /usr/lib/gcc/arm-none-eabi/4.9.3/../../../arm-none-eabi/lib/armv7-m/libc_nano.a(lib_a-atoi.o)
 .ARM.attributes
                0x000005db       0x2d /usr/lib/gcc/arm-none-eabi/4.9.3/../../../arm-none-eabi/lib/armv7-m/libc_nano.a(lib_a-ctype_.o)
 .ARM.attributes
                0x00000608       0x2d /usr/lib/gcc/arm-none-eabi/4.9.3/../../../arm-none-eabi/lib/armv7-m/libc_nano.a(lib_a-strtok.o)
 .ARM.attributes
                0x00000635       0x2d /usr/lib/gcc/arm-none-eabi/4.9.3/../../../arm-none-eabi/lib/armv7-m/libc_nano.a(lib_a-strtok_r.o)
 .ARM.attributes
                0x00000662       0x2d /usr/lib/gcc/arm-none-eabi/4.9.3/../../../arm-none-eabi/lib/armv7-m/libc_nano.a(lib_a-strtol.o)
 .ARM.attributes
                0x0000068f       0x2d /usr/lib/gcc/arm-none-eabi/4.9.3/../../../arm-none-eabi/lib/armv7-m/libc_nano.a(lib_a-impure.o)
 .ARM.attributes
                0x000006bc       0x2d /usr/lib/gcc/arm-none-eabi/4.9.3/../../../arm-none-eabi/lib/armv7-m/libc_nano.a(lib_a-malloc.o)
 .ARM.attributes
                0x000006e9       0x2d /usr/lib/gcc/arm-none-eabi/4.9.3/../../../arm-none-eabi/lib/armv7-m/libc_nano.a(lib_a-nano-freer.o)
 .ARM.attributes
                0x00000716       0x2d /usr/lib/gcc/arm-none-eabi/4.9.3/../../../arm-none-eabi/lib/armv7-m/libc_nano.a(lib_a-nano-mallocr.o)
 .ARM.attributes
                0x00000743       0x2d /usr/lib/gcc/arm-none-eabi/4.9.3/../../../arm-none-eabi/lib/armv7-m/libc_nano.a(lib_a-sbrkr.o)
 .ARM.attributes
                0x00000770       0x2d /usr/lib/gcc/arm-none-eabi/4.9.3/../../../arm-none-eabi/lib/armv7-m/libc_nano.a(lib_a-reent.o)
 .ARM.attributes
                0x0000079d       0x2d /usr/lib/gcc/arm-none-eabi/4.9.3/../../../arm-none-eabi/lib/armv7-m/libnosys.a(sbrk.o)
 .ARM.attributes
                0x000007ca       0x2d /usr/lib/gcc/arm-none-eabi/4.9.3/../../../arm-none-eabi/lib/armv7-m/libm.a(lib_a-sf_lrint.o)
 .ARM.attributes
                0x000007f7       0x2d /usr/lib/gcc/arm-none-eabi/4.9.3/../../../arm-none-eabi/lib/armv7-m/libm.a(lib_a-wf_pow.o)
 .ARM.attributes
                0x00000824       0x2d /usr/lib/gcc/arm-none-eabi/4.9.3/../../../arm-none-eabi/lib/armv7-m/libm.a(lib_a-wf_sqrt.o)
 .ARM.attributes
                0x00000851       0x2d /usr/lib/gcc/arm-none-eabi/4.9.3/../../../arm-none-eabi/lib/armv7-m/libm.a(lib_a-ef_pow.o)
 .ARM.attributes
                0x0000087e       0x2d /usr/lib/gcc/arm-none-eabi/4.9.3/../../../arm-none-eabi/lib/armv7-m/libm.a(lib_a-ef_sqrt.o)
 .ARM.attributes